2026-05-02 12:20:10 | INFO | Loading data...
2026-05-02 12:20:10 | INFO | Using panel artifact: /orcd/home/002/phevosp/MPLE-Causal-Inference/experiments/Synthetic/confounding_weak/panel_data.npz
2026-05-02 12:20:10 | INFO | Using x_0 artifact: /orcd/home/002/phevosp/MPLE-Causal-Inference/experiments/Synthetic/confounding_weak/x_0.npy
2026-05-02 12:20:10 | INFO | Using fit config: /orcd/home/002/phevosp/MPLE-Causal-Inference/experiments/Synthetic/confounding_weak/cv_runs/alternating_uv_grid/candidates/alternating_uv_grid_candidate_0004/fold_2/fit_realized_config.yaml
2026-05-02 12:20:10 | INFO | Using model artifact directory: /orcd/home/002/phevosp/MPLE-Causal-Inference/experiments/Synthetic/confounding_weak
2026-05-02 12:20:10 | INFO | Using truth artifact directory: /orcd/home/002/phevosp/MPLE-Causal-Inference/experiments/Synthetic/confounding_weak
2026-05-02 12:20:10 | INFO | Using loss mask artifact: /orcd/home/002/phevosp/MPLE-Causal-Inference/experiments/Synthetic/confounding_weak/cv_runs/alternating_uv_grid/candidates/alternating_uv_grid_candidate_0004/fold_2/loss_mask.npy
2026-05-02 12:20:10 | INFO | Configured optimizer mode: alternating_latent_rank
2026-05-02 12:20:10 | INFO | Configured latent rank: 3
2026-05-02 12:20:10 | INFO | Using a fixed known graph with scalar xi.
2026-05-02 12:20:10 | INFO | Fit-time hard bounds active: False
2026-05-02 12:20:10 | INFO | Fixed scalar parameters: {}
2026-05-02 12:20:10 | INFO | Warm-start fixed scalars: {} for 0 steps
2026-05-02 12:20:10 | INFO | Beta mask before s: False with s=0
2026-05-02 12:20:10 | INFO | Beta mask after e: False with e=11
2026-05-02 12:20:10 | INFO | Alternating V-column L2-ball constraint active with radius 1.0
2026-05-02 12:20:10 | INFO | Optimizer settings: steps=2000, tol=1e-07, n_starts=1, seed=0, lambda_nuclear=0.0, lambda_frobenius=0.0, lambda_uv_ridge=0.05, v_column_l2_max=1.0, proximal_lr=1.0
2026-05-02 12:20:10 | INFO | Alternating low-rank start 1/1 | seed=0 | initial_loss=0.828210 | initial_penalized=0.828223
2026-05-02 12:20:10 | INFO | Alternating low-rank iter 0 | Loss: 0.586170 | Penalized: 0.591527
2026-05-02 12:20:12 | INFO | Alternating low-rank iter 100 | Loss: 0.522449 | Penalized: 0.539176
2026-05-02 12:20:13 | INFO | Alternating low-rank iter 200 | Loss: 0.521541 | Penalized: 0.538204
2026-05-02 12:20:15 | INFO | Alternating low-rank iter 300 | Loss: 0.521290 | Penalized: 0.538032
2026-05-02 12:20:16 | INFO | Alternating low-rank iter 400 | Loss: 0.521186 | Penalized: 0.537993
2026-05-02 12:20:16 | INFO | Done fitting.
2026-05-02 12:20:16 | INFO | Optimizer status: CONVERGED: alternating objective tolerance reached
2026-05-02 12:20:16 | INFO | Best optimizer start: 1 / 1
2026-05-02 12:20:16 | INFO | Final Loss: 0.521172
2026-05-02 12:20:16 | INFO | Estimated vs True Parameters:
2026-05-02 12:20:16 | INFO |   beta: -0.3108 (True: -0.3000) | SQE: 0.000118
2026-05-02 12:20:16 | INFO |   xi: 0.7827 (True: 0.8000) | SQE: 0.000300
2026-05-02 12:20:16 | INFO |   eta: 0.3009 (True: 0.3000) | SQE: 0.000001
2026-05-02 12:20:16 | INFO | Alternating low-rank optimizer diagnostics:
2026-05-02 12:20:16 | INFO |   penalized_objective: 0.537990
2026-05-02 12:20:16 | INFO |   mple_loss_without_penalty: 0.521172
2026-05-02 12:20:16 | INFO |   lambda_uv_ridge: 0.050000
2026-05-02 12:20:16 | INFO |   u_frobenius_norm: 76.141284
2026-05-02 12:20:16 | INFO |   v_frobenius_norm: 1.732051
2026-05-02 12:20:16 | INFO |   effective_rank: 3.000000
2026-05-02 12:20:16 | INFO | Field and interaction diagnostics:
2026-05-02 12:20:16 | INFO |   field_rmse: 0.371481
2026-05-02 12:20:16 | INFO |   interaction_fro_error: 0.061350
2026-05-02 12:20:16 | INFO |   estimated_field_max_abs_entry: 3.095728
2026-05-02 12:20:16 | INFO |   estimated_field_rank: 3.000000
2026-05-02 12:20:16 | INFO |   true_field_max_abs_entry: 2.973509
2026-05-02 12:20:16 | INFO |   true_field_rank: 3.000000
2026-05-02 12:20:16 | INFO | Saved summary table to /orcd/home/002/phevosp/MPLE-Causal-Inference/experiments/Synthetic/confounding_weak/cv_runs/alternating_uv_grid/candidates/alternating_uv_grid_candidate_0004/fold_2/mple_summary.csv
2026-05-02 12:20:16 | INFO | Log saved to /orcd/home/002/phevosp/MPLE-Causal-Inference/experiments/Synthetic/confounding_weak/cv_runs/alternating_uv_grid/candidates/alternating_uv_grid_candidate_0004/fold_2/mple.log
