2026-04-12 13:33:09 | INFO | Loading data...
2026-04-12 13:33:09 | INFO | Using panel artifact: C:\Users\phevo\Documents\MIT\Code\MPLE-Causal-Inference\experiments\SyntheticHybridExperiments\hybrid_uscounty_intervention_uscounty_graph_rank_40\panel_data.npz
2026-04-12 13:33:09 | INFO | Using x_0 artifact: C:\Users\phevo\Documents\MIT\Code\MPLE-Causal-Inference\experiments\SyntheticHybridExperiments\hybrid_uscounty_intervention_uscounty_graph_rank_40\x_0.npy
2026-04-12 13:33:09 | INFO | Using z_0 artifact: C:\Users\phevo\Documents\MIT\Code\MPLE-Causal-Inference\experiments\SyntheticHybridExperiments\hybrid_uscounty_intervention_uscounty_graph_rank_40\z_0.npy
2026-04-12 13:33:09 | INFO | Using fit config: C:\Users\phevo\Documents\MIT\Code\MPLE-Causal-Inference\experiments\SyntheticHybridExperiments\hybrid_uscounty_intervention_uscounty_graph_rank_40\fits\rank_40_b6\fit_realized_config.yaml
2026-04-12 13:33:09 | INFO | Using model artifact directory: C:\Users\phevo\Documents\MIT\Code\MPLE-Causal-Inference\experiments\SyntheticHybridExperiments\hybrid_uscounty_intervention_uscounty_graph_rank_40
2026-04-12 13:33:09 | INFO | Using truth artifact directory: C:\Users\phevo\Documents\MIT\Code\MPLE-Causal-Inference\experiments\SyntheticHybridExperiments\hybrid_uscounty_intervention_uscounty_graph_rank_40
2026-04-12 13:33:09 | INFO | Configured latent rank: 40
2026-04-12 13:33:09 | INFO | Using a fixed known graph with scalar xi.
2026-04-12 13:33:09 | INFO | Intervention-process model enabled: True
2026-04-12 13:33:09 | INFO | Global temperature bound B active: True
2026-04-12 13:33:09 | INFO | Effective xi bound from interaction constraint: 6.000000
2026-04-12 13:33:09 | INFO | Beta mask pre-intervention enabled: False
2026-04-12 13:33:09 | INFO | Beta mask rescale enabled: False
2026-04-12 13:33:09 | INFO | Fixed scalar parameters: {}
2026-04-12 13:33:09 | INFO | Eval 0  |  Loss: 0.801269
2026-04-12 13:33:09 | INFO |   beta: +0.0793,  xi: -0.2085,  eta: +0.0135,  zeta: -0.2117,  psi: -0.1690
2026-04-12 13:33:20 | INFO | Eval 100  |  Loss: 0.302563
2026-04-12 13:33:20 | INFO |   beta: +0.3135,  xi: +0.9279,  eta: +0.4842,  zeta: +0.0064,  psi: +2.0266
2026-04-12 13:33:31 | INFO | Eval 200  |  Loss: 0.302369
2026-04-12 13:33:31 | INFO |   beta: +0.3507,  xi: +0.7240,  eta: +0.4773,  zeta: +0.0314,  psi: +2.0596
2026-04-12 13:33:34 | INFO | Done fitting.
2026-04-12 13:33:34 | INFO | Optimizer status: CONVERGENCE: RELATIVE REDUCTION OF F <= FACTR*EPSMCH
2026-04-12 13:33:34 | INFO | Final Loss: 0.302364
2026-04-12 13:33:34 | INFO | Estimated vs True Parameters:
2026-04-12 13:33:34 | INFO |   beta: 0.3426 (True: 0.3500) | SQE: 0.000055
2026-04-12 13:33:34 | INFO |   xi: 0.7704 (True: 0.7500) | SQE: 0.000415
2026-04-12 13:33:34 | INFO |   eta: 0.4776 (True: 0.4800) | SQE: 0.000006
2026-04-12 13:33:34 | INFO |   zeta: 0.0254 (True: -0.5500) | SQE: 0.331122
2026-04-12 13:33:34 | INFO |   psi: 2.0620 (True: 0.8000) | SQE: 1.592591
2026-04-12 13:33:34 | INFO | Field and interaction diagnostics:
2026-04-12 13:33:34 | INFO |   field_rmse: 0.002489
2026-04-12 13:33:34 | INFO |   interaction_fro_error: 0.192448
2026-04-12 13:33:34 | INFO |   estimated_field_inf_norm: 6.000000
2026-04-12 13:33:34 | INFO |   estimated_field_rank: 40.000000
2026-04-12 13:33:34 | INFO |   bound_B: 6.000000
2026-04-12 13:33:34 | INFO |   true_field_inf_norm: 5.000000
2026-04-12 13:33:34 | INFO |   true_field_rank: 40.000000
2026-04-12 13:33:34 | INFO | Saved summary tables to C:\Users\phevo\Documents\MIT\Code\MPLE-Causal-Inference\experiments\SyntheticHybridExperiments\hybrid_uscounty_intervention_uscounty_graph_rank_40\fits\rank_40_b6\mple_summary.csv and C:\Users\phevo\Documents\MIT\Code\MPLE-Causal-Inference\experiments\SyntheticHybridExperiments\hybrid_uscounty_intervention_uscounty_graph_rank_40\fits\rank_40_b6\mple_summary.md
2026-04-12 13:33:34 | INFO | Log saved to C:\Users\phevo\Documents\MIT\Code\MPLE-Causal-Inference\experiments\SyntheticHybridExperiments\hybrid_uscounty_intervention_uscounty_graph_rank_40\fits\rank_40_b6\mple.log
