2026-04-07 11:30:05 | INFO | Loading data...
2026-04-07 11:30:05 | INFO | Loaded 6 field templates and 1 interaction templates.
2026-04-07 11:30:05 | INFO | Intervention-process model enabled: True
2026-04-07 11:30:05 | INFO | Tau zero-mean enabled: True
2026-04-07 11:30:05 | INFO | Tau smoothness lambda: 1.000000
2026-04-07 11:30:05 | INFO | Running conditional-model MPLE on x with shape=(68, 3203)
2026-04-07 11:30:05 | INFO | Eval 0  |  Loss: 0.737420
2026-04-07 11:30:05 | INFO |   field::log_population: +0.0126,  field::median_household_income: -0.0132,  field::poverty_rate: +0.0640,  field::pct_black: +0.0105,  field::pct_hispanic: -0.0536,  field::pct_in_labor_force: +0.0362,  tau block: mean=-0.0000, std=0.0967, min=-0.2417, max=+0.1869,  beta: +0.1822,  interaction::contiguity: -0.1320,  eta: -0.0662,  zeta: +0.0935,  psi: +0.0049
2026-04-07 11:30:08 | INFO | Done fitting.
2026-04-07 11:30:08 | INFO | Optimizer status: CONVERGENCE: RELATIVE REDUCTION OF F <= FACTR*EPSMCH
2026-04-07 11:30:08 | INFO | Final Loss: 0.177039
2026-04-07 11:30:08 | INFO | Estimated Parameters:
2026-04-07 11:30:08 | INFO |   field::log_population: 0.2795
2026-04-07 11:30:08 | INFO |   field::median_household_income: -0.1872
2026-04-07 11:30:08 | INFO |   field::poverty_rate: -0.0505
2026-04-07 11:30:08 | INFO |   field::pct_black: -0.1273
2026-04-07 11:30:08 | INFO |   field::pct_hispanic: -0.0669
2026-04-07 11:30:08 | INFO |   field::pct_in_labor_force: 0.0904
2026-04-07 11:30:08 | INFO |   tau::t_0: 0.0653
2026-04-07 11:30:08 | INFO |   tau::t_1: 0.0050
2026-04-07 11:30:08 | INFO |   tau::t_2: -0.0870
2026-04-07 11:30:08 | INFO |   tau::t_3: -0.2045
2026-04-07 11:30:08 | INFO |   tau::t_4: 0.0754
2026-04-07 11:30:08 | INFO |   tau::t_5: -0.1269
2026-04-07 11:30:08 | INFO |   tau::t_6: -0.0080
2026-04-07 11:30:08 | INFO |   tau::t_7: -0.0251
2026-04-07 11:30:08 | INFO |   tau::t_8: 0.0330
2026-04-07 11:30:08 | INFO |   tau::t_9: -0.0711
2026-04-07 11:30:08 | INFO |   tau::t_10: 0.0484
2026-04-07 11:30:08 | INFO |   tau::t_11: -0.0356
2026-04-07 11:30:08 | INFO |   tau::t_12: -0.1363
2026-04-07 11:30:08 | INFO |   tau::t_13: -0.0985
2026-04-07 11:30:08 | INFO |   tau::t_14: -0.1938
2026-04-07 11:30:08 | INFO |   tau::t_15: -0.2642
2026-04-07 11:30:08 | INFO |   tau::t_16: -0.2972
2026-04-07 11:30:08 | INFO |   tau::t_17: -0.2600
2026-04-07 11:30:08 | INFO |   tau::t_18: -0.4884
2026-04-07 11:30:08 | INFO |   tau::t_19: -0.2754
2026-04-07 11:30:08 | INFO |   tau::t_20: -0.4807
2026-04-07 11:30:08 | INFO |   tau::t_21: -0.4247
2026-04-07 11:30:08 | INFO |   tau::t_22: -0.3596
2026-04-07 11:30:08 | INFO |   tau::t_23: -0.1418
2026-04-07 11:30:08 | INFO |   tau::t_24: -0.0164
2026-04-07 11:30:08 | INFO |   tau::t_25: 0.1502
2026-04-07 11:30:08 | INFO |   tau::t_26: 0.2029
2026-04-07 11:30:08 | INFO |   tau::t_27: 0.2341
2026-04-07 11:30:08 | INFO |   tau::t_28: 0.2757
2026-04-07 11:30:08 | INFO |   tau::t_29: 0.1801
2026-04-07 11:30:08 | INFO |   tau::t_30: 0.2652
2026-04-07 11:30:08 | INFO |   tau::t_31: 0.2402
2026-04-07 11:30:08 | INFO |   tau::t_32: 0.1351
2026-04-07 11:30:08 | INFO |   tau::t_33: 0.2733
2026-04-07 11:30:08 | INFO |   tau::t_34: 0.2252
2026-04-07 11:30:08 | INFO |   tau::t_35: 0.0658
2026-04-07 11:30:08 | INFO |   tau::t_36: -0.0343
2026-04-07 11:30:08 | INFO |   tau::t_37: -0.1486
2026-04-07 11:30:08 | INFO |   tau::t_38: -0.1028
2026-04-07 11:30:08 | INFO |   tau::t_39: -0.1413
2026-04-07 11:30:08 | INFO |   tau::t_40: -0.1119
2026-04-07 11:30:08 | INFO |   tau::t_41: -0.0254
2026-04-07 11:30:08 | INFO |   tau::t_42: 0.0120
2026-04-07 11:30:08 | INFO |   tau::t_43: -0.3113
2026-04-07 11:30:08 | INFO |   tau::t_44: 0.3378
2026-04-07 11:30:08 | INFO |   tau::t_45: 0.0132
2026-04-07 11:30:08 | INFO |   tau::t_46: -0.0113
2026-04-07 11:30:08 | INFO |   tau::t_47: 0.0252
2026-04-07 11:30:08 | INFO |   tau::t_48: 0.4591
2026-04-07 11:30:08 | INFO |   tau::t_49: 0.7639
2026-04-07 11:30:08 | INFO |   tau::t_50: 0.7179
2026-04-07 11:30:08 | INFO |   tau::t_51: 0.8895
2026-04-07 11:30:08 | INFO |   tau::t_52: 0.8722
2026-04-07 11:30:08 | INFO |   tau::t_53: 0.6488
2026-04-07 11:30:08 | INFO |   tau::t_54: 0.1869
2026-04-07 11:30:08 | INFO |   tau::t_55: -0.1672
2026-04-07 11:30:08 | INFO |   tau::t_56: -0.4157
2026-04-07 11:30:08 | INFO |   tau::t_57: -0.3551
2026-04-07 11:30:08 | INFO |   tau::t_58: -0.3331
2026-04-07 11:30:08 | INFO |   tau::t_59: -0.2665
2026-04-07 11:30:08 | INFO |   tau::t_60: -0.2431
2026-04-07 11:30:08 | INFO |   tau::t_61: -0.2960
2026-04-07 11:30:08 | INFO |   tau::t_62: -0.1940
2026-04-07 11:30:08 | INFO |   tau::t_63: -0.2205
2026-04-07 11:30:08 | INFO |   tau::t_64: -0.0036
2026-04-07 11:30:08 | INFO |   tau::t_65: -0.0740
2026-04-07 11:30:08 | INFO |   tau::t_66: 0.0152
2026-04-07 11:30:08 | INFO |   tau::t_67: 0.0346
2026-04-07 11:30:08 | INFO |   beta: 0.0677
2026-04-07 11:30:08 | INFO |   interaction::contiguity: 2.4775
2026-04-07 11:30:08 | INFO |   eta: 0.5122
2026-04-07 11:30:08 | INFO |   zeta: -0.0721
2026-04-07 11:30:08 | INFO |   psi: 2.1010
2026-04-07 11:30:08 | INFO | Saved summary tables to C:\Users\phevo\Documents\MIT\Code\MPLE-Causal-Inference\experiments\USCountyVaccination_US_tau_zero_mean_smooth\outcome_case_rate_100k_ge_100__intervention_complete_cov_ge_10__lag_2w__contiguity\mple_summary.csv and C:\Users\phevo\Documents\MIT\Code\MPLE-Causal-Inference\experiments\USCountyVaccination_US_tau_zero_mean_smooth\outcome_case_rate_100k_ge_100__intervention_complete_cov_ge_10__lag_2w__contiguity\mple_summary.md
2026-04-07 11:30:08 | INFO | Log saved to C:\Users\phevo\Documents\MIT\Code\MPLE-Causal-Inference\experiments\USCountyVaccination_US_tau_zero_mean_smooth\outcome_case_rate_100k_ge_100__intervention_complete_cov_ge_10__lag_2w__contiguity\mple.log
