2026-06-09 18:26:43 | INFO | Loading data...
2026-06-09 18:26:43 | INFO | Using panel artifact: /orcd/home/002/phevosp/MPLE-Causal-Inference/experiments/USCounty/outcome_death_rate_100k_ge_2__intervention_complete_cov_ge_30__lag_2w__distance_kernel_8__start_2020_03_01/panel_data.npz
2026-06-09 18:26:43 | INFO | Using x_0 artifact: /orcd/home/002/phevosp/MPLE-Causal-Inference/experiments/USCounty/outcome_death_rate_100k_ge_2__intervention_complete_cov_ge_30__lag_2w__distance_kernel_8__start_2020_03_01/x_0.npy
2026-06-09 18:26:43 | INFO | Using fit config: /orcd/home/002/phevosp/MPLE-Causal-Inference/experiments/USCounty/outcome_death_rate_100k_ge_2__intervention_complete_cov_ge_30__lag_2w__distance_kernel_8__start_2020_03_01/cv_runs/xi_zero/candidates/xi_zero_candidate_0009/fold_3/fit_realized_config.yaml
2026-06-09 18:26:43 | INFO | Using model artifact directory: /orcd/home/002/phevosp/MPLE-Causal-Inference/experiments/USCounty/outcome_death_rate_100k_ge_2__intervention_complete_cov_ge_30__lag_2w__distance_kernel_8__start_2020_03_01
2026-06-09 18:26:43 | INFO | Using truth artifact directory: /orcd/home/002/phevosp/MPLE-Causal-Inference/experiments/USCounty/outcome_death_rate_100k_ge_2__intervention_complete_cov_ge_30__lag_2w__distance_kernel_8__start_2020_03_01
2026-06-09 18:26:43 | INFO | Using loss mask artifact: /orcd/home/002/phevosp/MPLE-Causal-Inference/experiments/USCounty/outcome_death_rate_100k_ge_2__intervention_complete_cov_ge_30__lag_2w__distance_kernel_8__start_2020_03_01/cv_runs/xi_zero/candidates/xi_zero_candidate_0009/fold_3/loss_mask.npy
2026-06-09 18:26:43 | INFO | Configured optimizer mode: alternating_latent_rank
2026-06-09 18:26:43 | INFO | Configured latent rank: 5
2026-06-09 18:26:43 | INFO | Using a fixed known graph with scalar xi.
2026-06-09 18:26:43 | INFO | Fit-time hard bounds active: False
2026-06-09 18:26:43 | INFO | Fixed scalar parameters: {'xi': 0.0}
2026-06-09 18:26:43 | INFO | Warm-start fixed scalars: {} for 0 steps
2026-06-09 18:26:43 | INFO | Beta-gradient mask before s: True with s=50
2026-06-09 18:26:43 | INFO | Beta-gradient mask after e: True with e=115
2026-06-09 18:26:43 | INFO | Alternating V-column L2-ball constraint active with radius 1.0
2026-06-09 18:26:43 | INFO | Optimizer settings: steps=2000, tol=1e-07, n_starts=1, seed=0, lambda_nuclear=0.0, lambda_frobenius=0.0, lambda_uv_ridge=0.01, v_column_l2_max=1.0, proximal_lr=1.0
2026-06-09 18:26:44 | INFO | Alternating low-rank start 1/1 | seed=0 | initial_loss=0.767218 | initial_penalized=0.767218
2026-06-09 18:26:44 | INFO | Alternating low-rank iter 0 | Loss: 0.490788 | Penalized: 0.491947
2026-06-09 18:26:56 | INFO | Alternating low-rank iter 100 | Loss: 0.400547 | Penalized: 0.412569
2026-06-09 18:27:07 | INFO | Alternating low-rank iter 200 | Loss: 0.400325 | Penalized: 0.412261
2026-06-09 18:27:18 | INFO | Alternating low-rank iter 300 | Loss: 0.400168 | Penalized: 0.412109
2026-06-09 18:27:29 | INFO | Alternating low-rank iter 400 | Loss: 0.400083 | Penalized: 0.412042
2026-06-09 18:27:40 | INFO | Alternating low-rank iter 500 | Loss: 0.400025 | Penalized: 0.412009
2026-06-09 18:27:43 | INFO | Done fitting.
2026-06-09 18:27:43 | INFO | Optimizer status: CONVERGED: alternating objective tolerance reached
2026-06-09 18:27:43 | INFO | Best optimizer start: 1 / 1
2026-06-09 18:27:43 | INFO | Final Loss: 0.400012
2026-06-09 18:27:43 | INFO | Estimated Parameters:
2026-06-09 18:27:43 | INFO |   beta: -0.0215
2026-06-09 18:27:43 | INFO |   xi: 0.0000
2026-06-09 18:27:43 | INFO |   eta: 0.0749
2026-06-09 18:27:43 | INFO | Alternating low-rank optimizer diagnostics:
2026-06-09 18:27:43 | INFO |   penalized_objective: 0.412004
2026-06-09 18:27:43 | INFO |   mple_loss_without_penalty: 0.400012
2026-06-09 18:27:43 | INFO |   lambda_uv_ridge: 0.010000
2026-06-09 18:27:43 | INFO |   u_frobenius_norm: 587.260704
2026-06-09 18:27:43 | INFO |   v_frobenius_norm: 2.236068
2026-06-09 18:27:43 | INFO |   effective_rank: 5.000000
2026-06-09 18:27:43 | INFO | Field and interaction diagnostics:
2026-06-09 18:27:43 | INFO |   estimated_field_max_abs_entry: 7.165754
2026-06-09 18:27:43 | INFO |   estimated_field_rank: 5.000000
2026-06-09 18:27:43 | INFO | Saved summary table to /orcd/home/002/phevosp/MPLE-Causal-Inference/experiments/USCounty/outcome_death_rate_100k_ge_2__intervention_complete_cov_ge_30__lag_2w__distance_kernel_8__start_2020_03_01/cv_runs/xi_zero/candidates/xi_zero_candidate_0009/fold_3/mple_summary.csv
2026-06-09 18:27:43 | INFO | Log saved to /orcd/home/002/phevosp/MPLE-Causal-Inference/experiments/USCounty/outcome_death_rate_100k_ge_2__intervention_complete_cov_ge_30__lag_2w__distance_kernel_8__start_2020_03_01/cv_runs/xi_zero/candidates/xi_zero_candidate_0009/fold_3/mple.log
