2026-05-01 19:26:38 | INFO | Loading data...
2026-05-01 19:26:38 | INFO | Using panel artifact: /orcd/home/002/phevosp/MPLE-Causal-Inference/experiments/SyntheticHybridExperiments/r5_c1_hybrid_us_county_intervention_uscounty_graph_contiguous_confounding/panel_data.npz
2026-05-01 19:26:38 | INFO | Using x_0 artifact: /orcd/home/002/phevosp/MPLE-Causal-Inference/experiments/SyntheticHybridExperiments/r5_c1_hybrid_us_county_intervention_uscounty_graph_contiguous_confounding/x_0.npy
2026-05-01 19:26:38 | INFO | Using fit config: /orcd/home/002/phevosp/MPLE-Causal-Inference/experiments/SyntheticHybridExperiments/r5_c1_hybrid_us_county_intervention_uscounty_graph_contiguous_confounding/cv_runs/alternating_uv_grid/candidates/alternating_uv_grid_candidate_0007/fold_7/fit_realized_config.yaml
2026-05-01 19:26:38 | INFO | Using model artifact directory: /orcd/home/002/phevosp/MPLE-Causal-Inference/experiments/SyntheticHybridExperiments/r5_c1_hybrid_us_county_intervention_uscounty_graph_contiguous_confounding
2026-05-01 19:26:38 | INFO | Using truth artifact directory: /orcd/home/002/phevosp/MPLE-Causal-Inference/experiments/SyntheticHybridExperiments/r5_c1_hybrid_us_county_intervention_uscounty_graph_contiguous_confounding
2026-05-01 19:26:38 | INFO | Using loss mask artifact: /orcd/home/002/phevosp/MPLE-Causal-Inference/experiments/SyntheticHybridExperiments/r5_c1_hybrid_us_county_intervention_uscounty_graph_contiguous_confounding/cv_runs/alternating_uv_grid/candidates/alternating_uv_grid_candidate_0007/fold_7/loss_mask.npy
2026-05-01 19:26:38 | INFO | Configured optimizer mode: alternating_latent_rank
2026-05-01 19:26:38 | INFO | Configured latent rank: 5
2026-05-01 19:26:38 | INFO | Using a fixed known graph with scalar xi.
2026-05-01 19:26:38 | INFO | Fit-time hard bounds active: False
2026-05-01 19:26:38 | INFO | Fixed scalar parameters: {}
2026-05-01 19:26:38 | INFO | Warm-start fixed scalars: {} for 0 steps
2026-05-01 19:26:38 | INFO | Beta mask before s: True with s=55
2026-05-01 19:26:38 | INFO | Beta mask after e: True with e=120
2026-05-01 19:26:38 | INFO | Alternating V-column L2-ball constraint active with radius 1.0
2026-05-01 19:26:38 | INFO | Optimizer settings: steps=2000, tol=1e-07, n_starts=1, seed=0, lambda_nuclear=0.0, lambda_frobenius=0.0, lambda_uv_ridge=0.5, v_column_l2_max=1.0, proximal_lr=1.0
2026-05-01 19:26:39 | INFO | Alternating low-rank start 1/1 | seed=0 | initial_loss=0.697967 | initial_penalized=0.697983
2026-05-01 19:26:39 | INFO | Alternating low-rank iter 0 | Loss: 0.606952 | Penalized: 0.617387
2026-05-01 19:26:49 | INFO | Alternating low-rank iter 100 | Loss: 0.579761 | Penalized: 0.599144
2026-05-01 19:26:57 | INFO | Done fitting.
2026-05-01 19:26:57 | INFO | Optimizer status: CONVERGED: alternating objective tolerance reached
2026-05-01 19:26:57 | INFO | Best optimizer start: 1 / 1
2026-05-01 19:26:57 | INFO | Final Loss: 0.579677
2026-05-01 19:26:57 | INFO | Estimated vs True Parameters:
2026-05-01 19:26:57 | INFO |   beta: -0.0980 (True: -0.3000) | SQE: 0.040791
2026-05-01 19:26:57 | INFO |   xi: 0.8603 (True: 0.8000) | SQE: 0.003637
2026-05-01 19:26:57 | INFO |   eta: 0.2862 (True: 0.3000) | SQE: 0.000190
2026-05-01 19:26:57 | INFO | Alternating low-rank optimizer diagnostics:
2026-05-01 19:26:57 | INFO |   penalized_objective: 0.599078
2026-05-01 19:26:57 | INFO |   mple_loss_without_penalty: 0.579677
2026-05-01 19:26:57 | INFO |   lambda_uv_ridge: 0.500000
2026-05-01 19:26:57 | INFO |   u_frobenius_norm: 110.908509
2026-05-01 19:26:57 | INFO |   v_frobenius_norm: 2.236068
2026-05-01 19:26:57 | INFO |   effective_rank: 5.000000
2026-05-01 19:26:57 | INFO | Field and interaction diagnostics:
2026-05-01 19:26:57 | INFO |   field_rmse: 0.374595
2026-05-01 19:26:57 | INFO |   interaction_fro_error: 0.570343
2026-05-01 19:26:57 | INFO |   estimated_field_max_abs_entry: 1.035397
2026-05-01 19:26:57 | INFO |   estimated_field_rank: 5.000000
2026-05-01 19:26:57 | INFO |   true_field_max_abs_entry: 2.906201
2026-05-01 19:26:57 | INFO |   true_field_rank: 5.000000
2026-05-01 19:26:57 | INFO | Saved summary table to /orcd/home/002/phevosp/MPLE-Causal-Inference/experiments/SyntheticHybridExperiments/r5_c1_hybrid_us_county_intervention_uscounty_graph_contiguous_confounding/cv_runs/alternating_uv_grid/candidates/alternating_uv_grid_candidate_0007/fold_7/mple_summary.csv
2026-05-01 19:26:57 | INFO | Log saved to /orcd/home/002/phevosp/MPLE-Causal-Inference/experiments/SyntheticHybridExperiments/r5_c1_hybrid_us_county_intervention_uscounty_graph_contiguous_confounding/cv_runs/alternating_uv_grid/candidates/alternating_uv_grid_candidate_0007/fold_7/mple.log
