2026-04-06 17:39:13 | INFO | Loading data...
2026-04-06 17:39:13 | INFO | Loaded 8 field templates and 1 interaction templates.
2026-04-06 17:39:13 | INFO | Intervention-process model enabled: True
2026-04-06 17:39:13 | INFO | Running conditional-model MPLE on x with shape=(15, 9642)
2026-04-06 17:39:13 | INFO | Eval 0  |  Loss: 0.657232
2026-04-06 17:39:13 | INFO |   field::total_pop: +0.0126,  field::black_share: -0.0132,  field::hispanic_share: +0.0640,  field::male_1521_share: +0.0105,  field::family_household_share: -0.0536,  field::female_household_share: +0.0362,  field::renter_share: +0.1304,  field::vacant_share: +0.0947,  tau block: mean=-0.0394, std=0.0882, min=-0.2325, max=+0.1366,  beta: +0.0352,  interaction::centroid_distance_kernel_8: +0.0903,  eta: +0.0094,  zeta: -0.0743,  psi: -0.0922
2026-04-06 17:39:16 | INFO | Eval 100  |  Loss: 0.237400
2026-04-06 17:39:16 | INFO |   field::total_pop: +3.3125,  field::black_share: +0.3070,  field::hispanic_share: +0.3681,  field::male_1521_share: -0.2001,  field::family_household_share: -0.3703,  field::female_household_share: +0.3766,  field::renter_share: +0.1721,  field::vacant_share: +1.1340,  tau block: mean=-0.2842, std=0.0654, min=-0.4523, max=-0.1930,  beta: +0.0505,  interaction::centroid_distance_kernel_8: +1.3260,  eta: +0.5383,  zeta: +0.6629,  psi: +3.3806
2026-04-06 17:39:17 | INFO | Done fitting.
2026-04-06 17:39:17 | INFO | Optimizer status: CONVERGENCE: RELATIVE REDUCTION OF F <= FACTR*EPSMCH
2026-04-06 17:39:17 | INFO | Final Loss: 0.237399
2026-04-06 17:39:17 | INFO | Estimated Parameters:
2026-04-06 17:39:17 | INFO |   field::total_pop: 3.3529
2026-04-06 17:39:17 | INFO |   field::black_share: 0.3054
2026-04-06 17:39:17 | INFO |   field::hispanic_share: 0.3706
2026-04-06 17:39:17 | INFO |   field::male_1521_share: -0.2050
2026-04-06 17:39:17 | INFO |   field::family_household_share: -0.3709
2026-04-06 17:39:17 | INFO |   field::female_household_share: 0.3791
2026-04-06 17:39:17 | INFO |   field::renter_share: 0.1708
2026-04-06 17:39:17 | INFO |   field::vacant_share: 1.1916
2026-04-06 17:39:17 | INFO |   tau::t_0: -0.3470
2026-04-06 17:39:17 | INFO |   tau::t_1: -0.2190
2026-04-06 17:39:17 | INFO |   tau::t_2: -0.2601
2026-04-06 17:39:17 | INFO |   tau::t_3: -0.3530
2026-04-06 17:39:17 | INFO |   tau::t_4: -0.3026
2026-04-06 17:39:17 | INFO |   tau::t_5: -0.2650
2026-04-06 17:39:17 | INFO |   tau::t_6: -0.2690
2026-04-06 17:39:17 | INFO |   tau::t_7: -0.2994
2026-04-06 17:39:17 | INFO |   tau::t_8: -0.2737
2026-04-06 17:39:17 | INFO |   tau::t_9: -0.1839
2026-04-06 17:39:17 | INFO |   tau::t_10: -0.2405
2026-04-06 17:39:17 | INFO |   tau::t_11: -0.2545
2026-04-06 17:39:17 | INFO |   tau::t_12: -0.2290
2026-04-06 17:39:17 | INFO |   tau::t_13: -0.1871
2026-04-06 17:39:17 | INFO |   tau::t_14: -0.4433
2026-04-06 17:39:17 | INFO |   beta: 0.0601
2026-04-06 17:39:17 | INFO |   interaction::centroid_distance_kernel_8: 1.3250
2026-04-06 17:39:17 | INFO |   eta: 0.5381
2026-04-06 17:39:17 | INFO |   zeta: 0.6533
2026-04-06 17:39:17 | INFO |   psi: 3.3736
2026-04-06 17:39:17 | INFO | Saved summary tables to C:\Users\phevo\Documents\MIT\Code\MPLE-Causal-Inference\experiments\SeattleDMI\static\any_crime_gt_2_pm1__centroid_distance_kernel_8\mple_summary.csv and C:\Users\phevo\Documents\MIT\Code\MPLE-Causal-Inference\experiments\SeattleDMI\static\any_crime_gt_2_pm1__centroid_distance_kernel_8\mple_summary.md
2026-04-06 17:39:17 | INFO | Log saved to C:\Users\phevo\Documents\MIT\Code\MPLE-Causal-Inference\experiments\SeattleDMI\static\any_crime_gt_2_pm1__centroid_distance_kernel_8\mple.log
