2026-05-02 15:13:57 | INFO | Loading data...
2026-05-02 15:13:57 | INFO | Using panel artifact: /orcd/home/002/phevosp/MPLE-Causal-Inference/experiments/HybridExperiments_r1/r1_hybrid_us_county_intervention_uscounty_graph_contiguous_confounding/panel_data.npz
2026-05-02 15:13:57 | INFO | Using x_0 artifact: /orcd/home/002/phevosp/MPLE-Causal-Inference/experiments/HybridExperiments_r1/r1_hybrid_us_county_intervention_uscounty_graph_contiguous_confounding/x_0.npy
2026-05-02 15:13:57 | INFO | Using fit config: /orcd/home/002/phevosp/MPLE-Causal-Inference/experiments/HybridExperiments_r1/r1_hybrid_us_county_intervention_uscounty_graph_contiguous_confounding/cv_runs/alternating_uv_grid/candidates/alternating_uv_grid_candidate_0004/fold_5/fit_realized_config.yaml
2026-05-02 15:13:57 | INFO | Using model artifact directory: /orcd/home/002/phevosp/MPLE-Causal-Inference/experiments/HybridExperiments_r1/r1_hybrid_us_county_intervention_uscounty_graph_contiguous_confounding
2026-05-02 15:13:57 | INFO | Using truth artifact directory: /orcd/home/002/phevosp/MPLE-Causal-Inference/experiments/HybridExperiments_r1/r1_hybrid_us_county_intervention_uscounty_graph_contiguous_confounding
2026-05-02 15:13:57 | INFO | Using loss mask artifact: /orcd/home/002/phevosp/MPLE-Causal-Inference/experiments/HybridExperiments_r1/r1_hybrid_us_county_intervention_uscounty_graph_contiguous_confounding/cv_runs/alternating_uv_grid/candidates/alternating_uv_grid_candidate_0004/fold_5/loss_mask.npy
2026-05-02 15:13:57 | INFO | Configured optimizer mode: alternating_latent_rank
2026-05-02 15:13:57 | INFO | Configured latent rank: 1
2026-05-02 15:13:57 | INFO | Using a fixed known graph with scalar xi.
2026-05-02 15:13:57 | INFO | Fit-time hard bounds active: False
2026-05-02 15:13:57 | INFO | Fixed scalar parameters: {}
2026-05-02 15:13:57 | INFO | Warm-start fixed scalars: {} for 0 steps
2026-05-02 15:13:57 | INFO | Beta mask before s: True with s=50
2026-05-02 15:13:57 | INFO | Beta mask after e: True with e=109
2026-05-02 15:13:57 | INFO | Alternating V-column L2-ball constraint active with radius 1.0
2026-05-02 15:13:57 | INFO | Optimizer settings: steps=2000, tol=1e-07, n_starts=1, seed=0, lambda_nuclear=0.0, lambda_frobenius=0.0, lambda_uv_ridge=0.01, v_column_l2_max=1.0, proximal_lr=1.0
2026-05-02 15:13:57 | INFO | Alternating low-rank start 1/1 | seed=0 | initial_loss=0.696795 | initial_penalized=0.696795
2026-05-02 15:13:57 | INFO | Alternating low-rank iter 0 | Loss: 0.565385 | Penalized: 0.566137
2026-05-02 15:14:04 | INFO | Alternating low-rank iter 100 | Loss: 0.546247 | Penalized: 0.547910
2026-05-02 15:14:12 | INFO | Alternating low-rank iter 200 | Loss: 0.546234 | Penalized: 0.547740
2026-05-02 15:14:13 | INFO | Done fitting.
2026-05-02 15:14:13 | INFO | Optimizer status: CONVERGED: alternating objective tolerance reached
2026-05-02 15:14:13 | INFO | Best optimizer start: 1 / 1
2026-05-02 15:14:13 | INFO | Final Loss: 0.546241
2026-05-02 15:14:13 | INFO | Estimated vs True Parameters:
2026-05-02 15:14:13 | INFO |   beta: -0.2464 (True: -0.3000) | SQE: 0.002871
2026-05-02 15:14:13 | INFO |   xi: 0.8655 (True: 0.8000) | SQE: 0.004294
2026-05-02 15:14:13 | INFO |   eta: 0.2923 (True: 0.3000) | SQE: 0.000060
2026-05-02 15:14:13 | INFO | Alternating low-rank optimizer diagnostics:
2026-05-02 15:14:13 | INFO |   penalized_objective: 0.547737
2026-05-02 15:14:13 | INFO |   mple_loss_without_penalty: 0.546241
2026-05-02 15:14:13 | INFO |   lambda_uv_ridge: 0.010000
2026-05-02 15:14:13 | INFO |   u_frobenius_norm: 207.925925
2026-05-02 15:14:13 | INFO |   v_frobenius_norm: 1.000000
2026-05-02 15:14:13 | INFO |   effective_rank: 1.000000
2026-05-02 15:14:13 | INFO | Field and interaction diagnostics:
2026-05-02 15:14:13 | INFO |   field_rmse: 0.248262
2026-05-02 15:14:13 | INFO |   interaction_fro_error: 0.619693
2026-05-02 15:14:13 | INFO |   estimated_field_max_abs_entry: 1.406698
2026-05-02 15:14:13 | INFO |   estimated_field_rank: 1.000000
2026-05-02 15:14:13 | INFO |   true_field_max_abs_entry: 0.578902
2026-05-02 15:14:13 | INFO |   true_field_rank: 1.000000
2026-05-02 15:14:13 | INFO | Saved summary table to /orcd/home/002/phevosp/MPLE-Causal-Inference/experiments/HybridExperiments_r1/r1_hybrid_us_county_intervention_uscounty_graph_contiguous_confounding/cv_runs/alternating_uv_grid/candidates/alternating_uv_grid_candidate_0004/fold_5/mple_summary.csv
2026-05-02 15:14:13 | INFO | Log saved to /orcd/home/002/phevosp/MPLE-Causal-Inference/experiments/HybridExperiments_r1/r1_hybrid_us_county_intervention_uscounty_graph_contiguous_confounding/cv_runs/alternating_uv_grid/candidates/alternating_uv_grid_candidate_0004/fold_5/mple.log
