2026-05-06 02:00:26 | INFO | Loading data...
2026-05-06 02:00:26 | INFO | Using panel artifact: /orcd/home/002/phevosp/MPLE-Causal-Inference/experiments/FINAL/USCountyVaccination/outcome_death_rate_100k_ge_2__intervention_complete_cov_ge_30__lag_2w__distance_kernel_8__start_2020_03_01/panel_data.npz
2026-05-06 02:00:26 | INFO | Using x_0 artifact: /orcd/home/002/phevosp/MPLE-Causal-Inference/experiments/FINAL/USCountyVaccination/outcome_death_rate_100k_ge_2__intervention_complete_cov_ge_30__lag_2w__distance_kernel_8__start_2020_03_01/x_0.npy
2026-05-06 02:00:26 | INFO | Using fit config: /orcd/home/002/phevosp/MPLE-Causal-Inference/experiments/FINAL/USCountyVaccination/outcome_death_rate_100k_ge_2__intervention_complete_cov_ge_30__lag_2w__distance_kernel_8__start_2020_03_01/cv_runs/alternating_uv_grid_xi_zero/candidates/alternating_uv_grid_xi_zero_candidate_0009/fold_1/fit_realized_config.yaml
2026-05-06 02:00:26 | INFO | Using model artifact directory: /orcd/home/002/phevosp/MPLE-Causal-Inference/experiments/FINAL/USCountyVaccination/outcome_death_rate_100k_ge_2__intervention_complete_cov_ge_30__lag_2w__distance_kernel_8__start_2020_03_01
2026-05-06 02:00:26 | INFO | Using truth artifact directory: /orcd/home/002/phevosp/MPLE-Causal-Inference/experiments/FINAL/USCountyVaccination/outcome_death_rate_100k_ge_2__intervention_complete_cov_ge_30__lag_2w__distance_kernel_8__start_2020_03_01
2026-05-06 02:00:26 | INFO | Using loss mask artifact: /orcd/home/002/phevosp/MPLE-Causal-Inference/experiments/FINAL/USCountyVaccination/outcome_death_rate_100k_ge_2__intervention_complete_cov_ge_30__lag_2w__distance_kernel_8__start_2020_03_01/cv_runs/alternating_uv_grid_xi_zero/candidates/alternating_uv_grid_xi_zero_candidate_0009/fold_1/loss_mask.npy
2026-05-06 02:00:26 | INFO | Configured optimizer mode: alternating_latent_rank
2026-05-06 02:00:26 | INFO | Configured latent rank: 5
2026-05-06 02:00:26 | INFO | Using a fixed known graph with scalar xi.
2026-05-06 02:00:26 | INFO | Fit-time hard bounds active: False
2026-05-06 02:00:26 | INFO | Fixed scalar parameters: {'xi': 0.0}
2026-05-06 02:00:26 | INFO | Warm-start fixed scalars: {} for 0 steps
2026-05-06 02:00:26 | INFO | Beta mask before s: True with s=50
2026-05-06 02:00:26 | INFO | Beta mask after e: True with e=115
2026-05-06 02:00:26 | INFO | Alternating V-column L2-ball constraint active with radius 1.0
2026-05-06 02:00:26 | INFO | Optimizer settings: steps=2000, tol=1e-07, n_starts=1, seed=0, lambda_nuclear=0.0, lambda_frobenius=0.0, lambda_uv_ridge=0.01, v_column_l2_max=1.0, proximal_lr=1.0
2026-05-06 02:00:26 | INFO | Alternating low-rank start 1/1 | seed=0 | initial_loss=0.773180 | initial_penalized=0.773181
2026-05-06 02:00:27 | INFO | Alternating low-rank iter 0 | Loss: 0.495727 | Penalized: 0.496656
2026-05-06 02:00:40 | INFO | Alternating low-rank iter 100 | Loss: 0.391048 | Penalized: 0.406523
2026-05-06 02:00:55 | INFO | Alternating low-rank iter 200 | Loss: 0.390720 | Penalized: 0.406227
2026-05-06 02:01:07 | INFO | Alternating low-rank iter 300 | Loss: 0.390558 | Penalized: 0.406078
2026-05-06 02:01:22 | INFO | Alternating low-rank iter 400 | Loss: 0.390502 | Penalized: 0.406005
2026-05-06 02:01:36 | INFO | Alternating low-rank iter 500 | Loss: 0.390489 | Penalized: 0.405969
2026-05-06 02:01:48 | INFO | Done fitting.
2026-05-06 02:01:48 | INFO | Optimizer status: CONVERGED: alternating objective tolerance reached
2026-05-06 02:01:48 | INFO | Best optimizer start: 1 / 1
2026-05-06 02:01:48 | INFO | Final Loss: 0.390488
2026-05-06 02:01:48 | INFO | Estimated Parameters:
2026-05-06 02:01:48 | INFO |   beta: -0.0101
2026-05-06 02:01:48 | INFO |   xi: 0.0000
2026-05-06 02:01:48 | INFO |   eta: 0.0599
2026-05-06 02:01:48 | INFO | Alternating low-rank optimizer diagnostics:
2026-05-06 02:01:48 | INFO |   penalized_objective: 0.405957
2026-05-06 02:01:48 | INFO |   mple_loss_without_penalty: 0.390488
2026-05-06 02:01:48 | INFO |   lambda_uv_ridge: 0.010000
2026-05-06 02:01:48 | INFO |   u_frobenius_norm: 584.906933
2026-05-06 02:01:48 | INFO |   v_frobenius_norm: 2.236068
2026-05-06 02:01:48 | INFO |   effective_rank: 5.000000
2026-05-06 02:01:48 | INFO | Field and interaction diagnostics:
2026-05-06 02:01:48 | INFO |   estimated_field_max_abs_entry: 6.626207
2026-05-06 02:01:48 | INFO |   estimated_field_rank: 5.000000
2026-05-06 02:01:48 | INFO | Saved summary table to /orcd/home/002/phevosp/MPLE-Causal-Inference/experiments/FINAL/USCountyVaccination/outcome_death_rate_100k_ge_2__intervention_complete_cov_ge_30__lag_2w__distance_kernel_8__start_2020_03_01/cv_runs/alternating_uv_grid_xi_zero/candidates/alternating_uv_grid_xi_zero_candidate_0009/fold_1/mple_summary.csv
2026-05-06 02:01:48 | INFO | Log saved to /orcd/home/002/phevosp/MPLE-Causal-Inference/experiments/FINAL/USCountyVaccination/outcome_death_rate_100k_ge_2__intervention_complete_cov_ge_30__lag_2w__distance_kernel_8__start_2020_03_01/cv_runs/alternating_uv_grid_xi_zero/candidates/alternating_uv_grid_xi_zero_candidate_0009/fold_1/mple.log
