2026-04-12 13:18:21 | INFO | Loading data...
2026-04-12 13:18:21 | INFO | Using panel artifact: C:\Users\phevo\Documents\MIT\Code\MPLE-Causal-Inference\experiments\SyntheticHybridExperiments\hybrid_uscounty_intervention_generated_graph_rank_0\panel_data.npz
2026-04-12 13:18:21 | INFO | Using x_0 artifact: C:\Users\phevo\Documents\MIT\Code\MPLE-Causal-Inference\experiments\SyntheticHybridExperiments\hybrid_uscounty_intervention_generated_graph_rank_0\x_0.npy
2026-04-12 13:18:21 | INFO | Using z_0 artifact: C:\Users\phevo\Documents\MIT\Code\MPLE-Causal-Inference\experiments\SyntheticHybridExperiments\hybrid_uscounty_intervention_generated_graph_rank_0\z_0.npy
2026-04-12 13:18:21 | INFO | Using fit config: C:\Users\phevo\Documents\MIT\Code\MPLE-Causal-Inference\experiments\SyntheticHybridExperiments\hybrid_uscounty_intervention_generated_graph_rank_0\fits\rank_40_b1_fixed_xi\fit_realized_config.yaml
2026-04-12 13:18:21 | INFO | Using model artifact directory: C:\Users\phevo\Documents\MIT\Code\MPLE-Causal-Inference\experiments\SyntheticHybridExperiments\hybrid_uscounty_intervention_generated_graph_rank_0
2026-04-12 13:18:21 | INFO | Using truth artifact directory: C:\Users\phevo\Documents\MIT\Code\MPLE-Causal-Inference\experiments\SyntheticHybridExperiments\hybrid_uscounty_intervention_generated_graph_rank_0
2026-04-12 13:18:21 | INFO | Configured latent rank: 40
2026-04-12 13:18:21 | INFO | Using a fixed known graph with scalar xi.
2026-04-12 13:18:21 | INFO | Intervention-process model enabled: True
2026-04-12 13:18:21 | INFO | Global temperature bound B active: True
2026-04-12 13:18:21 | INFO | Effective xi bound from interaction constraint: 1.000000
2026-04-12 13:18:21 | INFO | Beta mask pre-intervention enabled: False
2026-04-12 13:18:21 | INFO | Beta mask rescale enabled: False
2026-04-12 13:18:21 | INFO | Fixed scalar parameters: {'xi': 0.0}
2026-04-12 13:18:22 | INFO | Eval 0  |  Loss: 0.835173
2026-04-12 13:18:22 | INFO |   beta: +0.0793,  eta: -0.2085,  zeta: +0.0135,  psi: -0.2117
2026-04-12 13:18:30 | INFO | Done fitting.
2026-04-12 13:18:30 | INFO | Optimizer status: ABNORMAL: 
2026-04-12 13:18:30 | INFO | Final Loss: 0.261347
2026-04-12 13:18:30 | INFO | Estimated vs True Parameters:
2026-04-12 13:18:30 | INFO |   beta: 0.6856 (True: 0.3500) | SQE: 0.112619
2026-04-12 13:18:30 | INFO |   xi: 0.0000 (True: 0.7500) | SQE: 0.562500
2026-04-12 13:18:30 | INFO |   eta: 0.5451 (True: 0.4800) | SQE: 0.004234
2026-04-12 13:18:30 | INFO |   zeta: 0.4353 (True: -0.5500) | SQE: 0.970878
2026-04-12 13:18:30 | INFO |   psi: 1.0000 (True: 0.8000) | SQE: 0.040000
2026-04-12 13:18:30 | INFO | Field and interaction diagnostics:
2026-04-12 13:18:30 | INFO |   field_rmse: 0.000332
2026-04-12 13:18:30 | INFO |   interaction_fro_error: 2.564470
2026-04-12 13:18:30 | INFO |   estimated_field_inf_norm: 1.000000
2026-04-12 13:18:30 | INFO |   estimated_field_rank: 40.000000
2026-04-12 13:18:30 | INFO |   bound_B: 1.000000
2026-04-12 13:18:30 | INFO |   true_field_inf_norm: 0.000000
2026-04-12 13:18:30 | INFO |   true_field_rank: 0.000000
2026-04-12 13:18:30 | INFO | Saved summary tables to C:\Users\phevo\Documents\MIT\Code\MPLE-Causal-Inference\experiments\SyntheticHybridExperiments\hybrid_uscounty_intervention_generated_graph_rank_0\fits\rank_40_b1_fixed_xi\mple_summary.csv and C:\Users\phevo\Documents\MIT\Code\MPLE-Causal-Inference\experiments\SyntheticHybridExperiments\hybrid_uscounty_intervention_generated_graph_rank_0\fits\rank_40_b1_fixed_xi\mple_summary.md
2026-04-12 13:18:30 | INFO | Log saved to C:\Users\phevo\Documents\MIT\Code\MPLE-Causal-Inference\experiments\SyntheticHybridExperiments\hybrid_uscounty_intervention_generated_graph_rank_0\fits\rank_40_b1_fixed_xi\mple.log
