2026-04-29 16:35:24 | INFO | Loading data...
2026-04-29 16:35:24 | INFO | Using panel artifact: /orcd/home/002/phevosp/MPLE-Causal-Inference/experiments/SyntheticHybridExperiments/hybrid_us_county_intervention_uscounty_graph_confounding_strong/panel_data.npz
2026-04-29 16:35:24 | INFO | Using x_0 artifact: /orcd/home/002/phevosp/MPLE-Causal-Inference/experiments/SyntheticHybridExperiments/hybrid_us_county_intervention_uscounty_graph_confounding_strong/x_0.npy
2026-04-29 16:35:24 | INFO | Using fit config: /orcd/home/002/phevosp/MPLE-Causal-Inference/experiments/SyntheticHybridExperiments/hybrid_us_county_intervention_uscounty_graph_confounding_strong/fits/alternating_rank_3_uv_5_e3/fit_realized_config.yaml
2026-04-29 16:35:24 | INFO | Using model artifact directory: /orcd/home/002/phevosp/MPLE-Causal-Inference/experiments/SyntheticHybridExperiments/hybrid_us_county_intervention_uscounty_graph_confounding_strong
2026-04-29 16:35:24 | INFO | Using truth artifact directory: /orcd/home/002/phevosp/MPLE-Causal-Inference/experiments/SyntheticHybridExperiments/hybrid_us_county_intervention_uscounty_graph_confounding_strong
2026-04-29 16:35:24 | INFO | Configured optimizer mode: alternating_latent_rank
2026-04-29 16:35:24 | INFO | Configured latent rank: 3
2026-04-29 16:35:24 | INFO | Using a fixed known graph with scalar xi.
2026-04-29 16:35:24 | INFO | Fit-time hard bounds active: False
2026-04-29 16:35:24 | INFO | Fixed scalar parameters: {}
2026-04-29 16:35:24 | INFO | Warm-start fixed scalars: {} for 0 steps
2026-04-29 16:35:24 | INFO | Beta mask before s: False with s=55
2026-04-29 16:35:24 | INFO | Beta mask after e: False with e=120
2026-04-29 16:35:24 | INFO | Alternating V-column L2-ball constraint active with radius 1.0
2026-04-29 16:35:24 | INFO | Optimizer settings: steps=20000, tol=1e-09, n_starts=1, seed=0, lambda_nuclear=0.0, lambda_frobenius=0.0, lambda_uv_ridge=0.005, v_column_l2_max=1.0, proximal_lr=1.0
2026-04-29 16:35:24 | INFO | Alternating low-rank start 1/1 | seed=0 | initial_loss=0.670627 | initial_penalized=0.670627
2026-04-29 16:35:24 | INFO | Alternating low-rank iter 0 | Loss: 0.306706 | Penalized: 0.306925
2026-04-29 16:35:34 | INFO | Alternating low-rank iter 100 | Loss: 0.264620 | Penalized: 0.268660
2026-04-29 16:35:42 | INFO | Alternating low-rank iter 200 | Loss: 0.263382 | Penalized: 0.267787
2026-04-29 16:35:50 | INFO | Alternating low-rank iter 300 | Loss: 0.262939 | Penalized: 0.267347
2026-04-29 16:35:58 | INFO | Alternating low-rank iter 400 | Loss: 0.262762 | Penalized: 0.267079
2026-04-29 16:36:06 | INFO | Alternating low-rank iter 500 | Loss: 0.262690 | Penalized: 0.266912
2026-04-29 16:36:14 | INFO | Alternating low-rank iter 600 | Loss: 0.262666 | Penalized: 0.266807
2026-04-29 16:36:22 | INFO | Alternating low-rank iter 700 | Loss: 0.262665 | Penalized: 0.266741
2026-04-29 16:36:30 | INFO | Alternating low-rank iter 800 | Loss: 0.262674 | Penalized: 0.266700
2026-04-29 16:36:38 | INFO | Alternating low-rank iter 900 | Loss: 0.262688 | Penalized: 0.266674
2026-04-29 16:36:46 | INFO | Alternating low-rank iter 1000 | Loss: 0.262703 | Penalized: 0.266657
2026-04-29 16:36:54 | INFO | Alternating low-rank iter 1100 | Loss: 0.262717 | Penalized: 0.266647
2026-04-29 16:37:03 | INFO | Alternating low-rank iter 1200 | Loss: 0.262730 | Penalized: 0.266641
2026-04-29 16:37:11 | INFO | Alternating low-rank iter 1300 | Loss: 0.262742 | Penalized: 0.266637
2026-04-29 16:37:19 | INFO | Alternating low-rank iter 1400 | Loss: 0.262751 | Penalized: 0.266634
2026-04-29 16:37:27 | INFO | Alternating low-rank iter 1500 | Loss: 0.262759 | Penalized: 0.266632
2026-04-29 16:37:35 | INFO | Alternating low-rank iter 1600 | Loss: 0.262766 | Penalized: 0.266631
2026-04-29 16:37:44 | INFO | Alternating low-rank iter 1700 | Loss: 0.262772 | Penalized: 0.266630
2026-04-29 16:37:52 | INFO | Alternating low-rank iter 1800 | Loss: 0.262776 | Penalized: 0.266630
2026-04-29 16:38:00 | INFO | Alternating low-rank iter 1900 | Loss: 0.262780 | Penalized: 0.266630
2026-04-29 16:38:08 | INFO | Alternating low-rank iter 2000 | Loss: 0.262783 | Penalized: 0.266629
2026-04-29 16:38:16 | INFO | Alternating low-rank iter 2100 | Loss: 0.262786 | Penalized: 0.266629
2026-04-29 16:38:25 | INFO | Alternating low-rank iter 2200 | Loss: 0.262788 | Penalized: 0.266629
2026-04-29 16:38:33 | INFO | Alternating low-rank iter 2300 | Loss: 0.262790 | Penalized: 0.266629
2026-04-29 16:38:41 | INFO | Alternating low-rank iter 2400 | Loss: 0.262791 | Penalized: 0.266629
2026-04-29 16:38:49 | INFO | Alternating low-rank iter 2500 | Loss: 0.262793 | Penalized: 0.266629
2026-04-29 16:38:58 | INFO | Alternating low-rank iter 2600 | Loss: 0.262794 | Penalized: 0.266628
2026-04-29 16:39:06 | INFO | Alternating low-rank iter 2700 | Loss: 0.262795 | Penalized: 0.266628
2026-04-29 16:39:15 | INFO | Alternating low-rank iter 2800 | Loss: 0.262796 | Penalized: 0.266628
2026-04-29 16:39:25 | INFO | Done fitting.
2026-04-29 16:39:25 | INFO | Optimizer status: CONVERGED: alternating objective tolerance reached
2026-04-29 16:39:25 | INFO | Best optimizer start: 1 / 1
2026-04-29 16:39:25 | INFO | Final Loss: 0.262796
2026-04-29 16:39:25 | INFO | Estimated vs True Parameters:
2026-04-29 16:39:25 | INFO |   beta: 0.1004 (True: -0.3000) | SQE: 0.160306
2026-04-29 16:39:25 | INFO |   xi: 1.3360 (True: 0.8000) | SQE: 0.287272
2026-04-29 16:39:25 | INFO |   eta: 0.2609 (True: 0.3000) | SQE: 0.001532
2026-04-29 16:39:25 | INFO | Alternating low-rank optimizer diagnostics:
2026-04-29 16:39:25 | INFO |   penalized_objective: 0.266628
2026-04-29 16:39:25 | INFO |   mple_loss_without_penalty: 0.262796
2026-04-29 16:39:25 | INFO |   lambda_uv_ridge: 0.005000
2026-04-29 16:39:25 | INFO |   u_frobenius_norm: 526.466245
2026-04-29 16:39:25 | INFO |   v_frobenius_norm: 1.732051
2026-04-29 16:39:25 | INFO |   effective_rank: 3.000000
2026-04-29 16:39:25 | INFO | Field and interaction diagnostics:
2026-04-29 16:39:25 | INFO |   field_rmse: 0.656127
2026-04-29 16:39:25 | INFO |   interaction_fro_error: 5.068563
2026-04-29 16:39:25 | INFO |   estimated_field_max_abs_entry: 5.313610
2026-04-29 16:39:25 | INFO |   estimated_field_rank: 3.000000
2026-04-29 16:39:25 | INFO |   true_field_max_abs_entry: 4.453513
2026-04-29 16:39:25 | INFO |   true_field_rank: 3.000000
2026-04-29 16:39:25 | INFO | Saved summary table to /orcd/home/002/phevosp/MPLE-Causal-Inference/experiments/SyntheticHybridExperiments/hybrid_us_county_intervention_uscounty_graph_confounding_strong/fits/alternating_rank_3_uv_5_e3/mple_summary.csv
2026-04-29 16:39:25 | INFO | Log saved to /orcd/home/002/phevosp/MPLE-Causal-Inference/experiments/SyntheticHybridExperiments/hybrid_us_county_intervention_uscounty_graph_confounding_strong/fits/alternating_rank_3_uv_5_e3/mple.log
