2026-04-19 14:06:19 | INFO | Loading data...
2026-04-19 14:06:19 | INFO | Using panel artifact: C:\Users\phevo\Documents\MIT\Code\MPLE-Causal-Inference\experiments\USCountyVaccination_US_sensitivity\outcome_death_rate_100k_ge_2__intervention_complete_cov_ge_40__lag_2w__contiguity__start_2021_01_03\panel_data.npz
2026-04-19 14:06:19 | INFO | Using x_0 artifact: C:\Users\phevo\Documents\MIT\Code\MPLE-Causal-Inference\experiments\USCountyVaccination_US_sensitivity\outcome_death_rate_100k_ge_2__intervention_complete_cov_ge_40__lag_2w__contiguity__start_2021_01_03\x_0.npy
2026-04-19 14:06:19 | INFO | Using z_0 artifact: C:\Users\phevo\Documents\MIT\Code\MPLE-Causal-Inference\experiments\USCountyVaccination_US_sensitivity\outcome_death_rate_100k_ge_2__intervention_complete_cov_ge_40__lag_2w__contiguity__start_2021_01_03\z_0.npy
2026-04-19 14:06:19 | INFO | Using fit config: C:\Users\phevo\Documents\MIT\Code\MPLE-Causal-Inference\experiments\USCountyVaccination_US_sensitivity\outcome_death_rate_100k_ge_2__intervention_complete_cov_ge_40__lag_2w__contiguity__start_2021_01_03\fits\rank_0_b1\fit_realized_config.yaml
2026-04-19 14:06:19 | INFO | Using model artifact directory: C:\Users\phevo\Documents\MIT\Code\MPLE-Causal-Inference\experiments\USCountyVaccination_US_sensitivity\outcome_death_rate_100k_ge_2__intervention_complete_cov_ge_40__lag_2w__contiguity__start_2021_01_03
2026-04-19 14:06:19 | INFO | Using truth artifact directory: C:\Users\phevo\Documents\MIT\Code\MPLE-Causal-Inference\experiments\USCountyVaccination_US_sensitivity\outcome_death_rate_100k_ge_2__intervention_complete_cov_ge_40__lag_2w__contiguity__start_2021_01_03
2026-04-19 14:06:19 | INFO | Configured latent rank: 0
2026-04-19 14:06:19 | INFO | Using a fixed known graph with scalar xi.
2026-04-19 14:06:19 | INFO | Intervention-process model enabled: False
2026-04-19 14:06:19 | INFO | Global temperature bound B active: True
2026-04-19 14:06:19 | INFO | Effective xi bound from interaction constraint: 1.000000
2026-04-19 14:06:19 | INFO | Beta mask pre-intervention enabled: True
2026-04-19 14:06:19 | INFO | Fixed scalar parameters: {}
2026-04-19 14:06:19 | INFO | Optimizer settings: n_starts=5, lbfgs_steps=50000, tol=1e-09, adam_steps=1000, adam_lr=0.01, adam_device=cpu, seed=0
2026-04-19 14:06:19 | INFO | Optimizer start 1/5 | seed=0 | initial_loss=0.669764
2026-04-19 14:06:22 | INFO | Start 1 Adam step 0 | Loss: 0.669764
2026-04-19 14:06:23 | INFO | Start 1 Adam step 100 | Loss: 0.551199
2026-04-19 14:06:24 | INFO | Start 1 Adam step 200 | Loss: 0.542188
2026-04-19 14:06:25 | INFO | Start 1 Adam step 300 | Loss: 0.542188
2026-04-19 14:06:26 | INFO | Start 1 Adam step 400 | Loss: 0.542188
2026-04-19 14:06:27 | INFO | Start 1 Adam step 500 | Loss: 0.542188
2026-04-19 14:06:27 | INFO | Start 1 Adam step 600 | Loss: 0.542188
2026-04-19 14:06:28 | INFO | Start 1 Adam step 700 | Loss: 0.542188
2026-04-19 14:06:29 | INFO | Start 1 Adam step 800 | Loss: 0.542188
2026-04-19 14:06:30 | INFO | Start 1 Adam step 900 | Loss: 0.542188
2026-04-19 14:06:31 | INFO | Start 1 L-BFGS eval 0 | Loss: 0.542188
2026-04-19 14:06:31 | INFO |   beta: +0.0391,  xi: +1.0000,  eta: +0.3338
2026-04-19 14:06:32 | INFO | Optimizer start 1/5 complete | final_loss=0.542188 | status=ABNORMAL: 
2026-04-19 14:06:32 | INFO | Optimizer start 2/5 | seed=1 | initial_loss=0.667232
2026-04-19 14:06:32 | INFO | Start 2 Adam step 0 | Loss: 0.667232
2026-04-19 14:06:32 | INFO | Start 2 Adam step 100 | Loss: 0.547466
2026-04-19 14:06:33 | INFO | Start 2 Adam step 200 | Loss: 0.542188
2026-04-19 14:06:34 | INFO | Start 2 Adam step 300 | Loss: 0.542188
2026-04-19 14:06:35 | INFO | Start 2 Adam step 400 | Loss: 0.542188
2026-04-19 14:06:36 | INFO | Start 2 Adam step 500 | Loss: 0.542188
2026-04-19 14:06:36 | INFO | Start 2 Adam step 600 | Loss: 0.542188
2026-04-19 14:06:37 | INFO | Start 2 Adam step 700 | Loss: 0.542188
2026-04-19 14:06:38 | INFO | Start 2 Adam step 800 | Loss: 0.542188
2026-04-19 14:06:39 | INFO | Start 2 Adam step 900 | Loss: 0.542188
2026-04-19 14:06:40 | INFO | Start 2 L-BFGS eval 0 | Loss: 0.542188
2026-04-19 14:06:40 | INFO |   beta: +0.0391,  xi: +1.0000,  eta: +0.3338
2026-04-19 14:06:40 | INFO | Optimizer start 2/5 complete | final_loss=0.542188 | status=ABNORMAL: 
2026-04-19 14:06:40 | INFO | Optimizer start 3/5 | seed=2 | initial_loss=0.717447
2026-04-19 14:06:40 | INFO | Start 3 Adam step 0 | Loss: 0.717447
2026-04-19 14:06:41 | INFO | Start 3 Adam step 100 | Loss: 0.553859
2026-04-19 14:06:41 | INFO | Start 3 Adam step 200 | Loss: 0.542188
2026-04-19 14:06:42 | INFO | Start 3 Adam step 300 | Loss: 0.542188
2026-04-19 14:06:43 | INFO | Start 3 Adam step 400 | Loss: 0.542188
2026-04-19 14:06:44 | INFO | Start 3 Adam step 500 | Loss: 0.542188
2026-04-19 14:06:45 | INFO | Start 3 Adam step 600 | Loss: 0.542188
2026-04-19 14:06:45 | INFO | Start 3 Adam step 700 | Loss: 0.542188
2026-04-19 14:06:46 | INFO | Start 3 Adam step 800 | Loss: 0.542188
2026-04-19 14:06:47 | INFO | Start 3 Adam step 900 | Loss: 0.542188
2026-04-19 14:06:48 | INFO | Start 3 L-BFGS eval 0 | Loss: 0.542188
2026-04-19 14:06:48 | INFO |   beta: +0.0391,  xi: +1.0000,  eta: +0.3338
2026-04-19 14:06:48 | INFO | Optimizer start 3/5 complete | final_loss=0.542188 | status=ABNORMAL: 
2026-04-19 14:06:48 | INFO | Optimizer start 4/5 | seed=3 | initial_loss=0.716201
2026-04-19 14:06:48 | INFO | Start 4 Adam step 0 | Loss: 0.716201
2026-04-19 14:06:49 | INFO | Start 4 Adam step 100 | Loss: 0.563445
2026-04-19 14:06:50 | INFO | Start 4 Adam step 200 | Loss: 0.542188
2026-04-19 14:06:50 | INFO | Start 4 Adam step 300 | Loss: 0.542188
2026-04-19 14:06:51 | INFO | Start 4 Adam step 400 | Loss: 0.542188
2026-04-19 14:06:52 | INFO | Start 4 Adam step 500 | Loss: 0.542188
2026-04-19 14:06:53 | INFO | Start 4 Adam step 600 | Loss: 0.542188
2026-04-19 14:06:54 | INFO | Start 4 Adam step 700 | Loss: 0.542188
2026-04-19 14:06:54 | INFO | Start 4 Adam step 800 | Loss: 0.542188
2026-04-19 14:06:55 | INFO | Start 4 Adam step 900 | Loss: 0.542188
2026-04-19 14:06:56 | INFO | Start 4 L-BFGS eval 0 | Loss: 0.542188
2026-04-19 14:06:56 | INFO |   beta: +0.0391,  xi: +1.0000,  eta: +0.3338
2026-04-19 14:06:56 | INFO | Optimizer start 4/5 complete | final_loss=0.542188 | status=ABNORMAL: 
2026-04-19 14:06:56 | INFO | Optimizer start 5/5 | seed=4 | initial_loss=0.646289
2026-04-19 14:06:56 | INFO | Start 5 Adam step 0 | Loss: 0.646289
2026-04-19 14:06:57 | INFO | Start 5 Adam step 100 | Loss: 0.550253
2026-04-19 14:06:58 | INFO | Start 5 Adam step 200 | Loss: 0.542188
2026-04-19 14:06:59 | INFO | Start 5 Adam step 300 | Loss: 0.542188
2026-04-19 14:06:59 | INFO | Start 5 Adam step 400 | Loss: 0.542188
2026-04-19 14:07:00 | INFO | Start 5 Adam step 500 | Loss: 0.542188
2026-04-19 14:07:01 | INFO | Start 5 Adam step 600 | Loss: 0.542188
2026-04-19 14:07:02 | INFO | Start 5 Adam step 700 | Loss: 0.542188
2026-04-19 14:07:02 | INFO | Start 5 Adam step 800 | Loss: 0.542188
2026-04-19 14:07:03 | INFO | Start 5 Adam step 900 | Loss: 0.542188
2026-04-19 14:07:04 | INFO | Start 5 L-BFGS eval 0 | Loss: 0.542188
2026-04-19 14:07:04 | INFO |   beta: +0.0391,  xi: +1.0000,  eta: +0.3338
2026-04-19 14:07:04 | INFO | Optimizer start 5/5 complete | final_loss=0.542188 | status=ABNORMAL: 
2026-04-19 14:07:04 | INFO | Done fitting.
2026-04-19 14:07:04 | INFO | Optimizer status: ABNORMAL:  | best_start=1/5
2026-04-19 14:07:04 | INFO | Best optimizer start: 1 / 5
2026-04-19 14:07:04 | INFO | Final Loss: 0.542188
2026-04-19 14:07:04 | INFO | Estimated Parameters:
2026-04-19 14:07:04 | INFO |   beta: 0.0391
2026-04-19 14:07:04 | INFO |   xi: 1.0000
2026-04-19 14:07:04 | INFO |   eta: 0.3338
2026-04-19 14:07:04 | INFO | Field and interaction diagnostics:
2026-04-19 14:07:04 | INFO |   estimated_field_inf_norm: 0.000000
2026-04-19 14:07:04 | INFO |   estimated_field_rank: 0.000000
2026-04-19 14:07:04 | INFO |   bound_B: 1.000000
2026-04-19 14:07:04 | INFO | Saved summary tables to C:\Users\phevo\Documents\MIT\Code\MPLE-Causal-Inference\experiments\USCountyVaccination_US_sensitivity\outcome_death_rate_100k_ge_2__intervention_complete_cov_ge_40__lag_2w__contiguity__start_2021_01_03\fits\rank_0_b1\mple_summary.csv and C:\Users\phevo\Documents\MIT\Code\MPLE-Causal-Inference\experiments\USCountyVaccination_US_sensitivity\outcome_death_rate_100k_ge_2__intervention_complete_cov_ge_40__lag_2w__contiguity__start_2021_01_03\fits\rank_0_b1\mple_summary.md
2026-04-19 14:07:04 | INFO | Log saved to C:\Users\phevo\Documents\MIT\Code\MPLE-Causal-Inference\experiments\USCountyVaccination_US_sensitivity\outcome_death_rate_100k_ge_2__intervention_complete_cov_ge_40__lag_2w__contiguity__start_2021_01_03\fits\rank_0_b1\mple.log
