2026-04-08 11:56:45 | INFO | Loading data...
2026-04-08 11:56:45 | INFO | Loaded 6 field templates and 1 interaction templates.
2026-04-08 11:56:45 | INFO | Intervention-process model enabled: True
2026-04-08 11:56:45 | INFO | Tau zero-mean enabled: False
2026-04-08 11:56:45 | INFO | Tau smoothness lambda: 0.000000
2026-04-08 11:56:45 | INFO | Running conditional-model MPLE on x with shape=(66, 3203)
2026-04-08 11:56:45 | INFO | Eval 0  |  Loss: 0.707341
2026-04-08 11:56:45 | INFO |   field::population_density: +0.0126,  field::senior_population: -0.0132,  field::college_education: +0.0640,  field::poverty_rate: +0.0105,  field::log_population: -0.0536,  field::median_household_income: +0.0362,  tau block: mean=+0.0089, std=0.0971, min=-0.2325, max=+0.1960,  beta: +0.1004,  interaction::contiguity: -0.0618,  eta: +0.1822,  zeta: -0.1320,  psi: -0.0662
2026-04-08 11:56:48 | INFO | Done fitting.
2026-04-08 11:56:48 | INFO | Optimizer status: CONVERGENCE: RELATIVE REDUCTION OF F <= FACTR*EPSMCH
2026-04-08 11:56:48 | INFO | Final Loss: 0.286913
2026-04-08 11:56:48 | INFO | Estimated Parameters:
2026-04-08 11:56:48 | INFO |   field::population_density: -1.7850
2026-04-08 11:56:48 | INFO |   field::senior_population: -0.1055
2026-04-08 11:56:48 | INFO |   field::college_education: -0.8179
2026-04-08 11:56:48 | INFO |   field::poverty_rate: -0.7715
2026-04-08 11:56:48 | INFO |   field::log_population: 1.1875
2026-04-08 11:56:48 | INFO |   field::median_household_income: -0.6962
2026-04-08 11:56:48 | INFO |   tau::t_0: -0.0277
2026-04-08 11:56:48 | INFO |   tau::t_1: -0.1376
2026-04-08 11:56:48 | INFO |   tau::t_2: -0.0683
2026-04-08 11:56:48 | INFO |   tau::t_3: -0.1199
2026-04-08 11:56:48 | INFO |   tau::t_4: -0.1984
2026-04-08 11:56:48 | INFO |   tau::t_5: -0.2745
2026-04-08 11:56:48 | INFO |   tau::t_6: -0.2874
2026-04-08 11:56:48 | INFO |   tau::t_7: -0.3314
2026-04-08 11:56:48 | INFO |   tau::t_8: -0.3080
2026-04-08 11:56:48 | INFO |   tau::t_9: -0.2983
2026-04-08 11:56:48 | INFO |   tau::t_10: -0.3592
2026-04-08 11:56:48 | INFO |   tau::t_11: -0.3753
2026-04-08 11:56:48 | INFO |   tau::t_12: -0.3612
2026-04-08 11:56:48 | INFO |   tau::t_13: -0.3825
2026-04-08 11:56:48 | INFO |   tau::t_14: -0.3922
2026-04-08 11:56:48 | INFO |   tau::t_15: -0.2930
2026-04-08 11:56:48 | INFO |   tau::t_16: -0.4657
2026-04-08 11:56:48 | INFO |   tau::t_17: -0.4176
2026-04-08 11:56:48 | INFO |   tau::t_18: -0.5532
2026-04-08 11:56:48 | INFO |   tau::t_19: -0.5620
2026-04-08 11:56:48 | INFO |   tau::t_20: -0.5892
2026-04-08 11:56:48 | INFO |   tau::t_21: -0.6697
2026-04-08 11:56:48 | INFO |   tau::t_22: -0.5481
2026-04-08 11:56:48 | INFO |   tau::t_23: -0.5309
2026-04-08 11:56:48 | INFO |   tau::t_24: -0.4780
2026-04-08 11:56:48 | INFO |   tau::t_25: -0.3429
2026-04-08 11:56:48 | INFO |   tau::t_26: -0.2494
2026-04-08 11:56:48 | INFO |   tau::t_27: -0.1682
2026-04-08 11:56:48 | INFO |   tau::t_28: -0.1073
2026-04-08 11:56:48 | INFO |   tau::t_29: -0.0803
2026-04-08 11:56:48 | INFO |   tau::t_30: -0.0468
2026-04-08 11:56:48 | INFO |   tau::t_31: 0.0665
2026-04-08 11:56:48 | INFO |   tau::t_32: 0.0641
2026-04-08 11:56:48 | INFO |   tau::t_33: 0.0830
2026-04-08 11:56:48 | INFO |   tau::t_34: 0.0300
2026-04-08 11:56:48 | INFO |   tau::t_35: 0.0271
2026-04-08 11:56:48 | INFO |   tau::t_36: 0.0406
2026-04-08 11:56:48 | INFO |   tau::t_37: 0.0191
2026-04-08 11:56:48 | INFO |   tau::t_38: -0.0456
2026-04-08 11:56:48 | INFO |   tau::t_39: -0.0467
2026-04-08 11:56:48 | INFO |   tau::t_40: -0.0252
2026-04-08 11:56:48 | INFO |   tau::t_41: -0.1949
2026-04-08 11:56:48 | INFO |   tau::t_42: 0.0544
2026-04-08 11:56:48 | INFO |   tau::t_43: -0.0158
2026-04-08 11:56:48 | INFO |   tau::t_44: -0.0227
2026-04-08 11:56:48 | INFO |   tau::t_45: -0.0724
2026-04-08 11:56:48 | INFO |   tau::t_46: -0.0452
2026-04-08 11:56:48 | INFO |   tau::t_47: 0.0417
2026-04-08 11:56:48 | INFO |   tau::t_48: 0.0381
2026-04-08 11:56:48 | INFO |   tau::t_49: 0.0579
2026-04-08 11:56:48 | INFO |   tau::t_50: 0.1286
2026-04-08 11:56:48 | INFO |   tau::t_51: 0.1751
2026-04-08 11:56:48 | INFO |   tau::t_52: 0.1658
2026-04-08 11:56:48 | INFO |   tau::t_53: 0.1451
2026-04-08 11:56:48 | INFO |   tau::t_54: 0.0738
2026-04-08 11:56:48 | INFO |   tau::t_55: 0.0227
2026-04-08 11:56:48 | INFO |   tau::t_56: -0.0619
2026-04-08 11:56:48 | INFO |   tau::t_57: -0.0783
2026-04-08 11:56:48 | INFO |   tau::t_58: -0.1649
2026-04-08 11:56:48 | INFO |   tau::t_59: -0.2327
2026-04-08 11:56:48 | INFO |   tau::t_60: -0.3321
2026-04-08 11:56:48 | INFO |   tau::t_61: -0.2973
2026-04-08 11:56:48 | INFO |   tau::t_62: -0.4241
2026-04-08 11:56:48 | INFO |   tau::t_63: -0.4317
2026-04-08 11:56:48 | INFO |   tau::t_64: -0.2803
2026-04-08 11:56:48 | INFO |   tau::t_65: -0.5235
2026-04-08 11:56:48 | INFO |   beta: -0.0484
2026-04-08 11:56:48 | INFO |   interaction::contiguity: 1.3831
2026-04-08 11:56:48 | INFO |   eta: 0.2115
2026-04-08 11:56:48 | INFO |   zeta: -0.1994
2026-04-08 11:56:48 | INFO |   psi: 2.1033
2026-04-08 11:56:48 | INFO | Saved summary tables to C:\Users\phevo\Documents\MIT\Code\MPLE-Causal-Inference\experiments\USCountyVaccination_US_features_new\outcome_death_rate_100k_ge_2__intervention_complete_cov_ge_30__lag_4w__contiguity\mple_summary.csv and C:\Users\phevo\Documents\MIT\Code\MPLE-Causal-Inference\experiments\USCountyVaccination_US_features_new\outcome_death_rate_100k_ge_2__intervention_complete_cov_ge_30__lag_4w__contiguity\mple_summary.md
2026-04-08 11:56:48 | INFO | Log saved to C:\Users\phevo\Documents\MIT\Code\MPLE-Causal-Inference\experiments\USCountyVaccination_US_features_new\outcome_death_rate_100k_ge_2__intervention_complete_cov_ge_30__lag_4w__contiguity\mple.log
