2026-04-19 12:56:13 | INFO | Loading data...
2026-04-19 12:56:13 | INFO | Using panel artifact: C:\Users\phevo\Documents\MIT\Code\MPLE-Causal-Inference\experiments\USCountyVaccination_US_sensitivity\outcome_death_rate_100k_ge_2__intervention_complete_cov_ge_40__lag_2w__contiguity__start_2020_06_07\panel_data.npz
2026-04-19 12:56:13 | INFO | Using x_0 artifact: C:\Users\phevo\Documents\MIT\Code\MPLE-Causal-Inference\experiments\USCountyVaccination_US_sensitivity\outcome_death_rate_100k_ge_2__intervention_complete_cov_ge_40__lag_2w__contiguity__start_2020_06_07\x_0.npy
2026-04-19 12:56:13 | INFO | Using z_0 artifact: C:\Users\phevo\Documents\MIT\Code\MPLE-Causal-Inference\experiments\USCountyVaccination_US_sensitivity\outcome_death_rate_100k_ge_2__intervention_complete_cov_ge_40__lag_2w__contiguity__start_2020_06_07\z_0.npy
2026-04-19 12:56:13 | INFO | Using fit config: C:\Users\phevo\Documents\MIT\Code\MPLE-Causal-Inference\experiments\USCountyVaccination_US_sensitivity\outcome_death_rate_100k_ge_2__intervention_complete_cov_ge_40__lag_2w__contiguity__start_2020_06_07\fits\rank_20_b5\fit_realized_config.yaml
2026-04-19 12:56:13 | INFO | Using model artifact directory: C:\Users\phevo\Documents\MIT\Code\MPLE-Causal-Inference\experiments\USCountyVaccination_US_sensitivity\outcome_death_rate_100k_ge_2__intervention_complete_cov_ge_40__lag_2w__contiguity__start_2020_06_07
2026-04-19 12:56:13 | INFO | Using truth artifact directory: C:\Users\phevo\Documents\MIT\Code\MPLE-Causal-Inference\experiments\USCountyVaccination_US_sensitivity\outcome_death_rate_100k_ge_2__intervention_complete_cov_ge_40__lag_2w__contiguity__start_2020_06_07
2026-04-19 12:56:13 | INFO | Configured latent rank: 20
2026-04-19 12:56:13 | INFO | Using a fixed known graph with scalar xi.
2026-04-19 12:56:13 | INFO | Intervention-process model enabled: False
2026-04-19 12:56:13 | INFO | Global temperature bound B active: True
2026-04-19 12:56:13 | INFO | Effective xi bound from interaction constraint: 5.000000
2026-04-19 12:56:13 | INFO | Beta mask pre-intervention enabled: True
2026-04-19 12:56:13 | INFO | Fixed scalar parameters: {}
2026-04-19 12:56:13 | INFO | Optimizer settings: n_starts=5, lbfgs_steps=50000, tol=1e-09, adam_steps=1000, adam_lr=0.01, adam_device=cpu, seed=0
2026-04-19 12:56:13 | INFO | Optimizer start 1/5 | seed=0 | initial_loss=0.678942
2026-04-19 12:56:16 | INFO | Start 1 Adam step 0 | Loss: 0.678942
2026-04-19 12:56:17 | INFO | Start 1 Adam step 100 | Loss: 0.335389
2026-04-19 12:56:19 | INFO | Start 1 Adam step 200 | Loss: 0.321901
2026-04-19 12:56:20 | INFO | Start 1 Adam step 300 | Loss: 0.325794
2026-04-19 12:56:21 | INFO | Start 1 Adam step 400 | Loss: 0.325045
2026-04-19 12:56:23 | INFO | Start 1 Adam step 500 | Loss: 0.322492
2026-04-19 12:56:24 | INFO | Start 1 Adam step 600 | Loss: 0.322669
2026-04-19 12:56:26 | INFO | Start 1 Adam step 700 | Loss: 0.320805
2026-04-19 12:56:27 | INFO | Start 1 Adam step 800 | Loss: 0.320787
2026-04-19 12:56:28 | INFO | Start 1 Adam step 900 | Loss: 0.321164
2026-04-19 12:56:30 | INFO | Start 1 L-BFGS eval 0 | Loss: 0.319596
2026-04-19 12:56:30 | INFO |   beta: +0.0019,  xi: +1.6987,  eta: -0.0171
2026-04-19 12:56:34 | INFO | Start 1 L-BFGS eval 100 | Loss: 0.318324
2026-04-19 12:56:34 | INFO |   beta: +0.0015,  xi: +1.7361,  eta: -0.0259
2026-04-19 12:56:35 | INFO | Optimizer start 1/5 complete | final_loss=0.318323 | status=ABNORMAL: 
2026-04-19 12:56:35 | INFO | Optimizer start 2/5 | seed=1 | initial_loss=0.742427
2026-04-19 12:56:35 | INFO | Start 2 Adam step 0 | Loss: 0.742427
2026-04-19 12:56:37 | INFO | Start 2 Adam step 100 | Loss: 0.340641
2026-04-19 12:56:38 | INFO | Start 2 Adam step 200 | Loss: 0.323296
2026-04-19 12:56:39 | INFO | Start 2 Adam step 300 | Loss: 0.321387
2026-04-19 12:56:41 | INFO | Start 2 Adam step 400 | Loss: 0.321181
2026-04-19 12:56:42 | INFO | Start 2 Adam step 500 | Loss: 0.319012
2026-04-19 12:56:44 | INFO | Start 2 Adam step 600 | Loss: 0.317734
2026-04-19 12:56:45 | INFO | Start 2 Adam step 700 | Loss: 0.318174
2026-04-19 12:56:46 | INFO | Start 2 Adam step 800 | Loss: 0.316372
2026-04-19 12:56:48 | INFO | Start 2 Adam step 900 | Loss: 0.316731
2026-04-19 12:56:49 | INFO | Start 2 L-BFGS eval 0 | Loss: 0.318745
2026-04-19 12:56:49 | INFO |   beta: +0.0243,  xi: +1.6139,  eta: -0.0835
2026-04-19 12:56:53 | INFO | Start 2 L-BFGS eval 100 | Loss: 0.318346
2026-04-19 12:56:53 | INFO |   beta: +0.0239,  xi: +1.6519,  eta: -0.0884
2026-04-19 12:56:56 | INFO | Start 2 L-BFGS eval 200 | Loss: 0.318346
2026-04-19 12:56:56 | INFO |   beta: +0.0244,  xi: +1.6485,  eta: -0.0863
2026-04-19 12:57:00 | INFO | Start 2 L-BFGS eval 300 | Loss: 0.318359
2026-04-19 12:57:00 | INFO |   beta: +0.0236,  xi: +1.6358,  eta: -0.0931
2026-04-19 12:57:01 | INFO | Optimizer start 2/5 complete | final_loss=0.318343 | status=CONVERGENCE: RELATIVE REDUCTION OF F <= FACTR*EPSMCH
2026-04-19 12:57:01 | INFO | Optimizer start 3/5 | seed=2 | initial_loss=0.697845
2026-04-19 12:57:01 | INFO | Start 3 Adam step 0 | Loss: 0.697845
2026-04-19 12:57:02 | INFO | Start 3 Adam step 100 | Loss: 0.339511
2026-04-19 12:57:04 | INFO | Start 3 Adam step 200 | Loss: 0.323378
2026-04-19 12:57:05 | INFO | Start 3 Adam step 300 | Loss: 0.326948
2026-04-19 12:57:07 | INFO | Start 3 Adam step 400 | Loss: 0.331668
2026-04-19 12:57:08 | INFO | Start 3 Adam step 500 | Loss: 0.321181
2026-04-19 12:57:09 | INFO | Start 3 Adam step 600 | Loss: 0.316802
2026-04-19 12:57:11 | INFO | Start 3 Adam step 700 | Loss: 0.318809
2026-04-19 12:57:12 | INFO | Start 3 Adam step 800 | Loss: 0.320106
2026-04-19 12:57:14 | INFO | Start 3 Adam step 900 | Loss: 0.320173
2026-04-19 12:57:15 | INFO | Start 3 L-BFGS eval 0 | Loss: 0.321905
2026-04-19 12:57:15 | INFO |   beta: +0.0280,  xi: +1.6795,  eta: -0.0437
2026-04-19 12:57:19 | INFO | Start 3 L-BFGS eval 100 | Loss: 0.319660
2026-04-19 12:57:19 | INFO |   beta: +0.0329,  xi: +1.5112,  eta: -0.0718
2026-04-19 12:57:22 | INFO | Start 3 L-BFGS eval 200 | Loss: 0.318678
2026-04-19 12:57:22 | INFO |   beta: +0.0191,  xi: +1.8611,  eta: -0.0729
2026-04-19 12:57:26 | INFO | Start 3 L-BFGS eval 300 | Loss: 0.318335
2026-04-19 12:57:26 | INFO |   beta: +0.0076,  xi: +1.7190,  eta: -0.0642
2026-04-19 12:57:30 | INFO | Start 3 L-BFGS eval 400 | Loss: 0.318258
2026-04-19 12:57:30 | INFO |   beta: +0.0174,  xi: +1.7122,  eta: -0.0580
2026-04-19 12:57:33 | INFO | Start 3 L-BFGS eval 500 | Loss: 0.318238
2026-04-19 12:57:33 | INFO |   beta: -0.0089,  xi: +1.6598,  eta: -0.0585
2026-04-19 12:57:37 | INFO | Start 3 L-BFGS eval 600 | Loss: 0.313275
2026-04-19 12:57:37 | INFO |   beta: -0.0036,  xi: +1.6763,  eta: -0.0661
2026-04-19 12:57:41 | INFO | Start 3 L-BFGS eval 700 | Loss: 0.307580
2026-04-19 12:57:41 | INFO |   beta: +0.0164,  xi: +1.7485,  eta: -0.0946
2026-04-19 12:57:44 | INFO | Start 3 L-BFGS eval 800 | Loss: 0.307543
2026-04-19 12:57:44 | INFO |   beta: +0.0154,  xi: +1.6850,  eta: -0.0852
2026-04-19 12:57:47 | INFO | Optimizer start 3/5 complete | final_loss=0.307528 | status=CONVERGENCE: RELATIVE REDUCTION OF F <= FACTR*EPSMCH
2026-04-19 12:57:47 | INFO | Optimizer start 4/5 | seed=3 | initial_loss=0.697047
2026-04-19 12:57:47 | INFO | Start 4 Adam step 0 | Loss: 0.697047
2026-04-19 12:57:48 | INFO | Start 4 Adam step 100 | Loss: 0.344400
2026-04-19 12:57:50 | INFO | Start 4 Adam step 200 | Loss: 0.323363
2026-04-19 12:57:51 | INFO | Start 4 Adam step 300 | Loss: 0.322861
2026-04-19 12:57:52 | INFO | Start 4 Adam step 400 | Loss: 0.325990
2026-04-19 12:57:54 | INFO | Start 4 Adam step 500 | Loss: 0.329090
2026-04-19 12:57:55 | INFO | Start 4 Adam step 600 | Loss: 0.324393
2026-04-19 12:57:57 | INFO | Start 4 Adam step 700 | Loss: 0.322966
2026-04-19 12:57:58 | INFO | Start 4 Adam step 800 | Loss: 0.319967
2026-04-19 12:57:59 | INFO | Start 4 Adam step 900 | Loss: 0.317774
2026-04-19 12:58:01 | INFO | Start 4 L-BFGS eval 0 | Loss: 0.319212
2026-04-19 12:58:01 | INFO |   beta: +0.0087,  xi: +1.6568,  eta: -0.0529
2026-04-19 12:58:04 | INFO | Start 4 L-BFGS eval 100 | Loss: 0.317850
2026-04-19 12:58:04 | INFO |   beta: +0.0248,  xi: +1.5456,  eta: -0.0840
2026-04-19 12:58:08 | INFO | Start 4 L-BFGS eval 200 | Loss: 0.317332
2026-04-19 12:58:08 | INFO |   beta: +0.0068,  xi: +1.6841,  eta: -0.0630
2026-04-19 12:58:12 | INFO | Start 4 L-BFGS eval 300 | Loss: 0.317328
2026-04-19 12:58:12 | INFO |   beta: +0.0072,  xi: +1.6714,  eta: -0.0614
2026-04-19 12:58:15 | INFO | Start 4 L-BFGS eval 400 | Loss: 0.317328
2026-04-19 12:58:15 | INFO |   beta: +0.0072,  xi: +1.6695,  eta: -0.0611
2026-04-19 12:58:18 | INFO | Optimizer start 4/5 complete | final_loss=0.317328 | status=CONVERGENCE: RELATIVE REDUCTION OF F <= FACTR*EPSMCH
2026-04-19 12:58:18 | INFO | Optimizer start 5/5 | seed=4 | initial_loss=0.652134
2026-04-19 12:58:18 | INFO | Start 5 Adam step 0 | Loss: 0.652134
2026-04-19 12:58:19 | INFO | Start 5 Adam step 100 | Loss: 0.334803
2026-04-19 12:58:20 | INFO | Start 5 Adam step 200 | Loss: 0.321587
2026-04-19 12:58:22 | INFO | Start 5 Adam step 300 | Loss: 0.325147
2026-04-19 12:58:23 | INFO | Start 5 Adam step 400 | Loss: 0.320926
2026-04-19 12:58:24 | INFO | Start 5 Adam step 500 | Loss: 0.317675
2026-04-19 12:58:26 | INFO | Start 5 Adam step 600 | Loss: 0.319146
2026-04-19 12:58:27 | INFO | Start 5 Adam step 700 | Loss: 0.318025
2026-04-19 12:58:28 | INFO | Start 5 Adam step 800 | Loss: 0.318913
2026-04-19 12:58:30 | INFO | Start 5 Adam step 900 | Loss: 0.318093
2026-04-19 12:58:31 | INFO | Start 5 L-BFGS eval 0 | Loss: 0.320803
2026-04-19 12:58:31 | INFO |   beta: +0.0142,  xi: +1.6630,  eta: -0.0320
2026-04-19 12:58:35 | INFO | Start 5 L-BFGS eval 100 | Loss: 0.318499
2026-04-19 12:58:35 | INFO |   beta: +0.0153,  xi: +1.6205,  eta: -0.0134
2026-04-19 12:58:36 | INFO | Optimizer start 5/5 complete | final_loss=0.318057 | status=CONVERGENCE: RELATIVE REDUCTION OF F <= FACTR*EPSMCH
2026-04-19 12:58:36 | INFO | Done fitting.
2026-04-19 12:58:36 | INFO | Optimizer status: CONVERGENCE: RELATIVE REDUCTION OF F <= FACTR*EPSMCH | best_start=3/5
2026-04-19 12:58:36 | INFO | Best optimizer start: 3 / 5
2026-04-19 12:58:36 | INFO | Final Loss: 0.307528
2026-04-19 12:58:36 | INFO | Estimated Parameters:
2026-04-19 12:58:36 | INFO |   beta: 0.0220
2026-04-19 12:58:36 | INFO |   xi: 1.6904
2026-04-19 12:58:36 | INFO |   eta: -0.0897
2026-04-19 12:58:36 | INFO | Field and interaction diagnostics:
2026-04-19 12:58:36 | INFO |   estimated_field_inf_norm: 5.000000
2026-04-19 12:58:36 | INFO |   estimated_field_rank: 20.000000
2026-04-19 12:58:36 | INFO |   bound_B: 5.000000
2026-04-19 12:58:36 | INFO | Saved summary tables to C:\Users\phevo\Documents\MIT\Code\MPLE-Causal-Inference\experiments\USCountyVaccination_US_sensitivity\outcome_death_rate_100k_ge_2__intervention_complete_cov_ge_40__lag_2w__contiguity__start_2020_06_07\fits\rank_20_b5\mple_summary.csv and C:\Users\phevo\Documents\MIT\Code\MPLE-Causal-Inference\experiments\USCountyVaccination_US_sensitivity\outcome_death_rate_100k_ge_2__intervention_complete_cov_ge_40__lag_2w__contiguity__start_2020_06_07\fits\rank_20_b5\mple_summary.md
2026-04-19 12:58:36 | INFO | Log saved to C:\Users\phevo\Documents\MIT\Code\MPLE-Causal-Inference\experiments\USCountyVaccination_US_sensitivity\outcome_death_rate_100k_ge_2__intervention_complete_cov_ge_40__lag_2w__contiguity__start_2020_06_07\fits\rank_20_b5\mple.log
