2026-04-25 13:40:20 | INFO | Loading data...
2026-04-25 13:40:20 | INFO | Using panel artifact: /orcd/home/002/phevosp/MPLE-Causal-Inference/experiments/USCountyVaccination_US_trimmed/outcome_death_rate_100k_ge_2__intervention_complete_cov_ge_40__lag_2w__contiguity__start_2020_06_07/panel_data.npz
2026-04-25 13:40:20 | INFO | Using x_0 artifact: /orcd/home/002/phevosp/MPLE-Causal-Inference/experiments/USCountyVaccination_US_trimmed/outcome_death_rate_100k_ge_2__intervention_complete_cov_ge_40__lag_2w__contiguity__start_2020_06_07/x_0.npy
2026-04-25 13:40:20 | INFO | Using fit config: /orcd/home/002/phevosp/MPLE-Causal-Inference/experiments/USCountyVaccination_US_trimmed/outcome_death_rate_100k_ge_2__intervention_complete_cov_ge_40__lag_2w__contiguity__start_2020_06_07/fits/alternating_rank_2_lambda_5/fit_realized_config.yaml
2026-04-25 13:40:20 | INFO | Using model artifact directory: /orcd/home/002/phevosp/MPLE-Causal-Inference/experiments/USCountyVaccination_US_trimmed/outcome_death_rate_100k_ge_2__intervention_complete_cov_ge_40__lag_2w__contiguity__start_2020_06_07
2026-04-25 13:40:20 | INFO | Using truth artifact directory: /orcd/home/002/phevosp/MPLE-Causal-Inference/experiments/USCountyVaccination_US_trimmed/outcome_death_rate_100k_ge_2__intervention_complete_cov_ge_40__lag_2w__contiguity__start_2020_06_07
2026-04-25 13:40:20 | INFO | Configured optimizer mode: alternating_latent_rank
2026-04-25 13:40:20 | INFO | Configured latent rank: 2
2026-04-25 13:40:20 | INFO | Using a fixed known graph with scalar xi.
2026-04-25 13:40:20 | INFO | Fit-time hard bounds active: False
2026-04-25 13:40:20 | INFO | Fixed scalar parameters: {}
2026-04-25 13:40:20 | INFO | Optimizer settings: steps=20000, tol=1e-09, n_starts=1, seed=0, lambda_nuclear=0.0, lambda_frobenius=0.0, lambda_uv_ridge=5.0, proximal_lr=1.0
2026-04-25 13:40:20 | INFO | Alternating low-rank start 1/1 | seed=0 | initial_loss=0.723019 | initial_penalized=0.724033
2026-04-25 13:40:21 | INFO | Alternating low-rank iter 0 | Loss: 0.522081 | Penalized: 0.530811
2026-04-25 13:40:30 | INFO | Alternating low-rank iter 100 | Loss: 0.463377 | Penalized: 0.475727
2026-04-25 13:40:38 | INFO | Alternating low-rank iter 200 | Loss: 0.463238 | Penalized: 0.475229
2026-04-25 13:40:46 | INFO | Alternating low-rank iter 300 | Loss: 0.463278 | Penalized: 0.475215
2026-04-25 13:40:52 | INFO | Done fitting.
2026-04-25 13:40:52 | INFO | Optimizer status: CONVERGED: alternating objective tolerance reached
2026-04-25 13:40:52 | INFO | Best optimizer start: 1 / 1
2026-04-25 13:40:52 | INFO | Final Loss: 0.463286
2026-04-25 13:40:52 | INFO | Estimated Parameters:
2026-04-25 13:40:52 | INFO |   beta: 0.0007
2026-04-25 13:40:52 | INFO |   xi: 1.6436
2026-04-25 13:40:52 | INFO |   eta: 0.1556
2026-04-25 13:40:52 | INFO | Alternating low-rank optimizer diagnostics:
2026-04-25 13:40:52 | INFO |   penalized_objective: 0.475215
2026-04-25 13:40:52 | INFO |   mple_loss_without_penalty: 0.463286
2026-04-25 13:40:52 | INFO |   lambda_uv_ridge: 5.000000
2026-04-25 13:40:52 | INFO |   u_frobenius_norm: 19.040029
2026-04-25 13:40:52 | INFO |   v_frobenius_norm: 19.040046
2026-04-25 13:40:52 | INFO |   effective_rank: 2.000000
2026-04-25 13:40:52 | INFO | Field and interaction diagnostics:
2026-04-25 13:40:52 | INFO |   estimated_field_max_abs_entry: 2.534155
2026-04-25 13:40:52 | INFO |   estimated_field_rank: 2.000000
2026-04-25 13:40:52 | INFO | Saved summary tables to /orcd/home/002/phevosp/MPLE-Causal-Inference/experiments/USCountyVaccination_US_trimmed/outcome_death_rate_100k_ge_2__intervention_complete_cov_ge_40__lag_2w__contiguity__start_2020_06_07/fits/alternating_rank_2_lambda_5/mple_summary.csv and /orcd/home/002/phevosp/MPLE-Causal-Inference/experiments/USCountyVaccination_US_trimmed/outcome_death_rate_100k_ge_2__intervention_complete_cov_ge_40__lag_2w__contiguity__start_2020_06_07/fits/alternating_rank_2_lambda_5/mple_summary.md
2026-04-25 13:40:52 | INFO | Log saved to /orcd/home/002/phevosp/MPLE-Causal-Inference/experiments/USCountyVaccination_US_trimmed/outcome_death_rate_100k_ge_2__intervention_complete_cov_ge_40__lag_2w__contiguity__start_2020_06_07/fits/alternating_rank_2_lambda_5/mple.log
