2026-05-03 10:59:45 | INFO | Loading data...
2026-05-03 10:59:45 | INFO | Using panel artifact: /orcd/home/002/phevosp/MPLE-Causal-Inference/experiments/USCountyVaccination/outcome_death_rate_100k_ge_2__intervention_complete_cov_ge_30__lag_2w__distance_kernel_8__start_2021_01_03/panel_data.npz
2026-05-03 10:59:45 | INFO | Using x_0 artifact: /orcd/home/002/phevosp/MPLE-Causal-Inference/experiments/USCountyVaccination/outcome_death_rate_100k_ge_2__intervention_complete_cov_ge_30__lag_2w__distance_kernel_8__start_2021_01_03/x_0.npy
2026-05-03 10:59:45 | INFO | Using fit config: /orcd/home/002/phevosp/MPLE-Causal-Inference/experiments/USCountyVaccination/outcome_death_rate_100k_ge_2__intervention_complete_cov_ge_30__lag_2w__distance_kernel_8__start_2021_01_03/fits/alternating_rank_5_uv_1_e3_beta_mask/fit_realized_config.yaml
2026-05-03 10:59:45 | INFO | Using model artifact directory: /orcd/home/002/phevosp/MPLE-Causal-Inference/experiments/USCountyVaccination/outcome_death_rate_100k_ge_2__intervention_complete_cov_ge_30__lag_2w__distance_kernel_8__start_2021_01_03
2026-05-03 10:59:45 | INFO | Using truth artifact directory: /orcd/home/002/phevosp/MPLE-Causal-Inference/experiments/USCountyVaccination/outcome_death_rate_100k_ge_2__intervention_complete_cov_ge_30__lag_2w__distance_kernel_8__start_2021_01_03
2026-05-03 10:59:45 | INFO | Configured optimizer mode: alternating_latent_rank
2026-05-03 10:59:45 | INFO | Configured latent rank: 5
2026-05-03 10:59:45 | INFO | Using a fixed known graph with scalar xi.
2026-05-03 10:59:45 | INFO | Fit-time hard bounds active: False
2026-05-03 10:59:45 | INFO | Fixed scalar parameters: {}
2026-05-03 10:59:45 | INFO | Warm-start fixed scalars: {} for 0 steps
2026-05-03 10:59:45 | INFO | Beta mask before s: True with s=6
2026-05-03 10:59:45 | INFO | Beta mask after e: True with e=71
2026-05-03 10:59:45 | INFO | Alternating V-column L2-ball constraint active with radius 1.0
2026-05-03 10:59:45 | INFO | Optimizer settings: steps=20000, tol=1e-09, n_starts=1, seed=0, lambda_nuclear=0.0, lambda_frobenius=0.0, lambda_uv_ridge=0.001, v_column_l2_max=1.0, proximal_lr=1.0
2026-05-03 10:59:45 | INFO | Alternating low-rank start 1/1 | seed=0 | initial_loss=0.715325 | initial_penalized=0.715325
2026-05-03 10:59:45 | INFO | Alternating low-rank iter 0 | Loss: 0.504934 | Penalized: 0.505030
2026-05-03 10:59:54 | INFO | Alternating low-rank iter 100 | Loss: 0.410558 | Penalized: 0.412262
2026-05-03 11:00:02 | INFO | Alternating low-rank iter 200 | Loss: 0.409641 | Penalized: 0.411754
2026-05-03 11:00:10 | INFO | Alternating low-rank iter 300 | Loss: 0.409169 | Penalized: 0.411515
2026-05-03 11:00:18 | INFO | Alternating low-rank iter 400 | Loss: 0.408586 | Penalized: 0.411176
2026-05-03 11:00:26 | INFO | Alternating low-rank iter 500 | Loss: 0.407863 | Penalized: 0.410771
2026-05-03 11:00:34 | INFO | Alternating low-rank iter 600 | Loss: 0.407423 | Penalized: 0.410579
2026-05-03 11:00:43 | INFO | Alternating low-rank iter 700 | Loss: 0.407181 | Penalized: 0.410473
2026-05-03 11:00:51 | INFO | Alternating low-rank iter 800 | Loss: 0.407022 | Penalized: 0.410376
2026-05-03 11:00:59 | INFO | Alternating low-rank iter 900 | Loss: 0.406934 | Penalized: 0.410325
2026-05-03 11:01:07 | INFO | Alternating low-rank iter 1000 | Loss: 0.406903 | Penalized: 0.410314
2026-05-03 11:01:15 | INFO | Alternating low-rank iter 1100 | Loss: 0.406889 | Penalized: 0.410309
2026-05-03 11:01:23 | INFO | Alternating low-rank iter 1200 | Loss: 0.406882 | Penalized: 0.410306
2026-05-03 11:01:31 | INFO | Alternating low-rank iter 1300 | Loss: 0.406877 | Penalized: 0.410303
2026-05-03 11:01:39 | INFO | Alternating low-rank iter 1400 | Loss: 0.406874 | Penalized: 0.410301
2026-05-03 11:01:47 | INFO | Alternating low-rank iter 1500 | Loss: 0.406871 | Penalized: 0.410299
2026-05-03 11:01:54 | INFO | Alternating low-rank iter 1600 | Loss: 0.406869 | Penalized: 0.410297
2026-05-03 11:02:02 | INFO | Alternating low-rank iter 1700 | Loss: 0.406866 | Penalized: 0.410295
2026-05-03 11:02:10 | INFO | Alternating low-rank iter 1800 | Loss: 0.406864 | Penalized: 0.410293
2026-05-03 11:02:18 | INFO | Alternating low-rank iter 1900 | Loss: 0.406862 | Penalized: 0.410291
2026-05-03 11:02:26 | INFO | Alternating low-rank iter 2000 | Loss: 0.406860 | Penalized: 0.410290
2026-05-03 11:02:34 | INFO | Alternating low-rank iter 2100 | Loss: 0.406858 | Penalized: 0.410289
2026-05-03 11:02:42 | INFO | Alternating low-rank iter 2200 | Loss: 0.406856 | Penalized: 0.410287
2026-05-03 11:02:50 | INFO | Alternating low-rank iter 2300 | Loss: 0.406855 | Penalized: 0.410286
2026-05-03 11:02:58 | INFO | Alternating low-rank iter 2400 | Loss: 0.406853 | Penalized: 0.410285
2026-05-03 11:03:05 | INFO | Alternating low-rank iter 2500 | Loss: 0.406852 | Penalized: 0.410284
2026-05-03 11:03:13 | INFO | Alternating low-rank iter 2600 | Loss: 0.406850 | Penalized: 0.410283
2026-05-03 11:03:21 | INFO | Alternating low-rank iter 2700 | Loss: 0.406849 | Penalized: 0.410282
2026-05-03 11:03:29 | INFO | Alternating low-rank iter 2800 | Loss: 0.406848 | Penalized: 0.410281
2026-05-03 11:03:37 | INFO | Alternating low-rank iter 2900 | Loss: 0.406846 | Penalized: 0.410280
2026-05-03 11:03:45 | INFO | Alternating low-rank iter 3000 | Loss: 0.406845 | Penalized: 0.410279
2026-05-03 11:03:52 | INFO | Alternating low-rank iter 3100 | Loss: 0.406844 | Penalized: 0.410279
2026-05-03 11:04:00 | INFO | Alternating low-rank iter 3200 | Loss: 0.406843 | Penalized: 0.410278
2026-05-03 11:04:08 | INFO | Alternating low-rank iter 3300 | Loss: 0.406842 | Penalized: 0.410277
2026-05-03 11:04:16 | INFO | Alternating low-rank iter 3400 | Loss: 0.406841 | Penalized: 0.410277
2026-05-03 11:04:23 | INFO | Alternating low-rank iter 3500 | Loss: 0.406840 | Penalized: 0.410276
2026-05-03 11:04:31 | INFO | Alternating low-rank iter 3600 | Loss: 0.406840 | Penalized: 0.410276
2026-05-03 11:04:39 | INFO | Alternating low-rank iter 3700 | Loss: 0.406839 | Penalized: 0.410275
2026-05-03 11:04:46 | INFO | Alternating low-rank iter 3800 | Loss: 0.406838 | Penalized: 0.410275
2026-05-03 11:04:54 | INFO | Alternating low-rank iter 3900 | Loss: 0.406837 | Penalized: 0.410274
2026-05-03 11:05:02 | INFO | Alternating low-rank iter 4000 | Loss: 0.406837 | Penalized: 0.410274
2026-05-03 11:05:10 | INFO | Alternating low-rank iter 4100 | Loss: 0.406836 | Penalized: 0.410273
2026-05-03 11:05:18 | INFO | Alternating low-rank iter 4200 | Loss: 0.406835 | Penalized: 0.410273
2026-05-03 11:05:25 | INFO | Alternating low-rank iter 4300 | Loss: 0.406835 | Penalized: 0.410272
2026-05-03 11:05:33 | INFO | Alternating low-rank iter 4400 | Loss: 0.406834 | Penalized: 0.410272
2026-05-03 11:05:41 | INFO | Alternating low-rank iter 4500 | Loss: 0.406834 | Penalized: 0.410271
2026-05-03 11:05:49 | INFO | Alternating low-rank iter 4600 | Loss: 0.406833 | Penalized: 0.410271
2026-05-03 11:05:56 | INFO | Alternating low-rank iter 4700 | Loss: 0.406833 | Penalized: 0.410271
2026-05-03 11:06:04 | INFO | Alternating low-rank iter 4800 | Loss: 0.406832 | Penalized: 0.410270
2026-05-03 11:06:12 | INFO | Alternating low-rank iter 4900 | Loss: 0.406832 | Penalized: 0.410270
2026-05-03 11:06:19 | INFO | Alternating low-rank iter 5000 | Loss: 0.406831 | Penalized: 0.410270
2026-05-03 11:06:27 | INFO | Alternating low-rank iter 5100 | Loss: 0.406831 | Penalized: 0.410270
2026-05-03 11:06:35 | INFO | Alternating low-rank iter 5200 | Loss: 0.406830 | Penalized: 0.410269
2026-05-03 11:06:42 | INFO | Alternating low-rank iter 5300 | Loss: 0.406830 | Penalized: 0.410269
2026-05-03 11:06:50 | INFO | Alternating low-rank iter 5400 | Loss: 0.406830 | Penalized: 0.410269
2026-05-03 11:06:58 | INFO | Alternating low-rank iter 5500 | Loss: 0.406829 | Penalized: 0.410268
2026-05-03 11:07:05 | INFO | Alternating low-rank iter 5600 | Loss: 0.406829 | Penalized: 0.410268
2026-05-03 11:07:13 | INFO | Alternating low-rank iter 5700 | Loss: 0.406829 | Penalized: 0.410268
2026-05-03 11:07:21 | INFO | Alternating low-rank iter 5800 | Loss: 0.406828 | Penalized: 0.410268
2026-05-03 11:07:29 | INFO | Alternating low-rank iter 5900 | Loss: 0.406828 | Penalized: 0.410268
2026-05-03 11:07:37 | INFO | Alternating low-rank iter 6000 | Loss: 0.406828 | Penalized: 0.410267
2026-05-03 11:07:44 | INFO | Alternating low-rank iter 6100 | Loss: 0.406827 | Penalized: 0.410267
2026-05-03 11:07:52 | INFO | Alternating low-rank iter 6200 | Loss: 0.406827 | Penalized: 0.410267
2026-05-03 11:08:00 | INFO | Alternating low-rank iter 6300 | Loss: 0.406827 | Penalized: 0.410267
2026-05-03 11:08:08 | INFO | Alternating low-rank iter 6400 | Loss: 0.406826 | Penalized: 0.410267
2026-05-03 11:08:16 | INFO | Alternating low-rank iter 6500 | Loss: 0.406826 | Penalized: 0.410266
2026-05-03 11:08:24 | INFO | Alternating low-rank iter 6600 | Loss: 0.406826 | Penalized: 0.410266
2026-05-03 11:08:32 | INFO | Alternating low-rank iter 6700 | Loss: 0.406826 | Penalized: 0.410266
2026-05-03 11:08:40 | INFO | Alternating low-rank iter 6800 | Loss: 0.406826 | Penalized: 0.410266
2026-05-03 11:08:48 | INFO | Alternating low-rank iter 6900 | Loss: 0.406825 | Penalized: 0.410266
2026-05-03 11:08:55 | INFO | Alternating low-rank iter 7000 | Loss: 0.406825 | Penalized: 0.410266
2026-05-03 11:09:03 | INFO | Alternating low-rank iter 7100 | Loss: 0.406825 | Penalized: 0.410266
2026-05-03 11:09:11 | INFO | Alternating low-rank iter 7200 | Loss: 0.406825 | Penalized: 0.410265
2026-05-03 11:09:19 | INFO | Alternating low-rank iter 7300 | Loss: 0.406825 | Penalized: 0.410265
2026-05-03 11:09:27 | INFO | Alternating low-rank iter 7400 | Loss: 0.406824 | Penalized: 0.410265
2026-05-03 11:09:34 | INFO | Alternating low-rank iter 7500 | Loss: 0.406824 | Penalized: 0.410265
2026-05-03 11:09:42 | INFO | Alternating low-rank iter 7600 | Loss: 0.406824 | Penalized: 0.410265
2026-05-03 11:09:49 | INFO | Alternating low-rank iter 7700 | Loss: 0.406824 | Penalized: 0.410265
2026-05-03 11:09:56 | INFO | Done fitting.
2026-05-03 11:09:56 | INFO | Optimizer status: CONVERGED: alternating objective tolerance reached
2026-05-03 11:09:56 | INFO | Best optimizer start: 1 / 1
2026-05-03 11:09:56 | INFO | Final Loss: 0.406824
2026-05-03 11:09:56 | INFO | Estimated Parameters:
2026-05-03 11:09:56 | INFO |   beta: 0.0036
2026-05-03 11:09:56 | INFO |   xi: 1.0733
2026-05-03 11:09:56 | INFO |   eta: -0.0048
2026-05-03 11:09:56 | INFO | Alternating low-rank optimizer diagnostics:
2026-05-03 11:09:56 | INFO |   penalized_objective: 0.410265
2026-05-03 11:09:56 | INFO |   mple_loss_without_penalty: 0.406824
2026-05-03 11:09:56 | INFO |   lambda_uv_ridge: 0.001000
2026-05-03 11:09:56 | INFO |   u_frobenius_norm: 858.108801
2026-05-03 11:09:56 | INFO |   v_frobenius_norm: 2.236068
2026-05-03 11:09:56 | INFO |   effective_rank: 5.000000
2026-05-03 11:09:56 | INFO | Field and interaction diagnostics:
2026-05-03 11:09:56 | INFO |   estimated_field_max_abs_entry: 37.359653
2026-05-03 11:09:56 | INFO |   estimated_field_rank: 5.000000
2026-05-03 11:09:56 | INFO | Saved summary table to /orcd/home/002/phevosp/MPLE-Causal-Inference/experiments/USCountyVaccination/outcome_death_rate_100k_ge_2__intervention_complete_cov_ge_30__lag_2w__distance_kernel_8__start_2021_01_03/fits/alternating_rank_5_uv_1_e3_beta_mask/mple_summary.csv
2026-05-03 11:09:56 | INFO | Log saved to /orcd/home/002/phevosp/MPLE-Causal-Inference/experiments/USCountyVaccination/outcome_death_rate_100k_ge_2__intervention_complete_cov_ge_30__lag_2w__distance_kernel_8__start_2021_01_03/fits/alternating_rank_5_uv_1_e3_beta_mask/mple.log
