2026-04-01 10:25:34 | INFO | Loading data...
2026-04-01 10:25:34 | INFO | Loaded 11 field templates and 1 interaction templates.
2026-04-01 10:25:34 | INFO | Running conditional-model MPLE on x with shape=(100, 5000)
2026-04-01 10:25:35 | INFO | Eval 0  |  Loss: 0.695225
2026-04-01 10:25:35 | INFO |   field::intercept: +0.0126,  field::linear::feature_1: -0.0132,  field::quadratic::feature_1: +0.0640,  field::linear::feature_2: +0.0105,  field::quadratic::feature_2: -0.0536,  field::linear::feature_3: +0.0362,  field::quadratic::feature_3: +0.1304,  field::linear::feature_4: +0.0947,  field::quadratic::feature_4: -0.0704,  field::linear::feature_5: -0.1265,  field::quadratic::feature_5: -0.0623,  beta: +0.0041,  interaction::adjacency: -0.2325,  eta: -0.0219,  zeta: -0.1246,  psi: -0.0732
2026-04-01 10:25:40 | INFO | Done fitting.
2026-04-01 10:25:40 | INFO | Optimizer status: CONVERGENCE: RELATIVE REDUCTION OF F <= FACTR*EPSMCH
2026-04-01 10:25:40 | INFO | Final Loss: 0.673095
2026-04-01 10:25:40 | INFO | Estimated vs True Parameters:
2026-04-01 10:25:40 | INFO |   field::intercept: 0.1817 (True: 0.1750)
2026-04-01 10:25:40 | INFO |   field::intercept SQE: 0.000045
2026-04-01 10:25:40 | INFO |   field::linear::feature_1: 0.1367 (True: 0.1400)
2026-04-01 10:25:40 | INFO |   field::linear::feature_1 SQE: 0.000011
2026-04-01 10:25:40 | INFO |   field::quadratic::feature_1: -0.0975 (True: -0.1250)
2026-04-01 10:25:40 | INFO |   field::quadratic::feature_1 SQE: 0.000754
2026-04-01 10:25:40 | INFO |   field::linear::feature_2: 0.0001 (True: 0.0070)
2026-04-01 10:25:40 | INFO |   field::linear::feature_2 SQE: 0.000048
2026-04-01 10:25:40 | INFO |   field::quadratic::feature_2: 0.1428 (True: 0.1250)
2026-04-01 10:25:40 | INFO |   field::quadratic::feature_2 SQE: 0.000316
2026-04-01 10:25:40 | INFO |   field::linear::feature_3: 0.1489 (True: 0.1400)
2026-04-01 10:25:40 | INFO |   field::linear::feature_3 SQE: 0.000080
2026-04-01 10:25:40 | INFO |   field::quadratic::feature_3: -0.1375 (True: -0.1250)
2026-04-01 10:25:40 | INFO |   field::quadratic::feature_3 SQE: 0.000155
2026-04-01 10:25:40 | INFO |   field::linear::feature_4: -0.0392 (True: -0.0400)
2026-04-01 10:25:40 | INFO |   field::linear::feature_4 SQE: 0.000001
2026-04-01 10:25:40 | INFO |   field::quadratic::feature_4: 0.1312 (True: 0.1250)
2026-04-01 10:25:40 | INFO |   field::quadratic::feature_4 SQE: 0.000038
2026-04-01 10:25:40 | INFO |   field::linear::feature_5: -0.1801 (True: -0.1800)
2026-04-01 10:25:40 | INFO |   field::linear::feature_5 SQE: 0.000000
2026-04-01 10:25:40 | INFO |   field::quadratic::feature_5: 0.2057 (True: 0.1850)
2026-04-01 10:25:40 | INFO |   field::quadratic::feature_5 SQE: 0.000429
2026-04-01 10:25:40 | INFO |   beta: 0.1213 (True: 0.1200)
2026-04-01 10:25:40 | INFO |   beta SQE: 0.000002
2026-04-01 10:25:40 | INFO |   interaction::adjacency: 0.1255 (True: 0.1500)
2026-04-01 10:25:40 | INFO |   interaction::adjacency SQE: 0.000600
2026-04-01 10:25:40 | INFO |   eta: 0.0124 (True: 0.0100)
2026-04-01 10:25:40 | INFO |   eta SQE: 0.000006
2026-04-01 10:25:40 | INFO |   zeta: -0.1495 (True: -0.1500)
2026-04-01 10:25:40 | INFO |   zeta SQE: 0.000000
2026-04-01 10:25:40 | INFO |   psi: 0.0493 (True: 0.0500)
2026-04-01 10:25:40 | INFO |   psi SQE: 0.000000
2026-04-01 10:25:41 | INFO | Saved summary tables to C:\Users\phevo\Documents\MIT\Code\MPLE-Causal-Inference\experiments\n5000_t100_high_temp_fro_small_shared_feature_field_known_graph_20260401_010450\mple_summary.csv and C:\Users\phevo\Documents\MIT\Code\MPLE-Causal-Inference\experiments\n5000_t100_high_temp_fro_small_shared_feature_field_known_graph_20260401_010450\mple_summary.md
2026-04-01 10:25:41 | INFO | Log saved to C:\Users\phevo\Documents\MIT\Code\MPLE-Causal-Inference\experiments\n5000_t100_high_temp_fro_small_shared_feature_field_known_graph_20260401_010450\mple.log
