2026-07-26 06:01:32 | INFO | Loading data...
2026-07-26 06:01:32 | INFO | Using panel artifact: /orcd/home/002/phevosp/MPLE-Causal-Inference/experiments/Synthetic/confounding_strong/panel_data.npz
2026-07-26 06:01:32 | INFO | Using x_0 artifact: /orcd/home/002/phevosp/MPLE-Causal-Inference/experiments/Synthetic/confounding_strong/x_0.npy
2026-07-26 06:01:32 | INFO | Using fit config: /orcd/home/002/phevosp/MPLE-Causal-Inference/experiments/Synthetic/confounding_strong/cv_runs_baselines/treatment_shared_unit/candidates/treatment_shared_unit_candidate_0010/fold_6/fit_realized_config.yaml
2026-07-26 06:01:32 | INFO | Using model artifact directory: /orcd/home/002/phevosp/MPLE-Causal-Inference/experiments/Synthetic/confounding_strong
2026-07-26 06:01:32 | INFO | Using truth artifact directory: /orcd/home/002/phevosp/MPLE-Causal-Inference/experiments/Synthetic/confounding_strong
2026-07-26 06:01:32 | INFO | Using loss mask artifact: /orcd/home/002/phevosp/MPLE-Causal-Inference/experiments/Synthetic/confounding_strong/cv_runs_baselines/treatment_shared_unit/candidates/treatment_shared_unit_candidate_0010/fold_6/loss_mask.npy
2026-07-26 06:01:32 | INFO | Configured optimizer mode: alternating_treatment_shared_unit_latent_rank
2026-07-26 06:01:32 | INFO | Configured latent rank: 3
2026-07-26 06:01:32 | INFO | Using a fixed known graph with scalar xi.
2026-07-26 06:01:32 | INFO | Fit-time hard bounds active: False
2026-07-26 06:01:32 | INFO | Fixed scalar parameters: {'beta': 0.0, 'xi': 0.0, 'eta': 0.0}
2026-07-26 06:01:32 | INFO | Warm-start fixed scalars: {} for 0 steps
2026-07-26 06:01:32 | INFO | Beta-gradient mask before s: False with s=0
2026-07-26 06:01:32 | INFO | Beta-gradient mask after e: False with e=11
2026-07-26 06:01:32 | INFO | Alternating V-column L2-ball constraint active with radius 1.0
2026-07-26 06:01:32 | INFO | Optimizer settings: steps=2000, tol=1e-07, n_starts=1, seed=0, lambda_nuclear=0.0, lambda_frobenius=0.0, lambda_uv_ridge=0.05, v_column_l2_max=1.0, proximal_lr=1.0
2026-07-26 06:01:32 | INFO | Treatment-shared-unit alternating low-rank start 1/1 | seed=0 | initial_loss=0.693261 | initial_penalized=0.693282
2026-07-26 06:01:32 | INFO | Treatment-shared-unit alternating low-rank iter 0 | Loss: 0.682747 | Penalized: 0.682921
2026-07-26 06:01:34 | INFO | Treatment-shared-unit alternating low-rank iter 100 | Loss: 0.539567 | Penalized: 0.573814
2026-07-26 06:01:36 | INFO | Treatment-shared-unit alternating low-rank iter 200 | Loss: 0.539323 | Penalized: 0.573610
2026-07-26 06:01:38 | INFO | Treatment-shared-unit alternating low-rank iter 300 | Loss: 0.537198 | Penalized: 0.571956
2026-07-26 06:01:40 | INFO | Treatment-shared-unit alternating low-rank iter 400 | Loss: 0.536793 | Penalized: 0.571567
2026-07-26 06:01:42 | INFO | Treatment-shared-unit alternating low-rank iter 500 | Loss: 0.536791 | Penalized: 0.571562
2026-07-26 06:01:44 | INFO | Treatment-shared-unit alternating low-rank iter 600 | Loss: 0.536792 | Penalized: 0.571561
2026-07-26 06:01:45 | INFO | Treatment-shared-unit alternating low-rank iter 700 | Loss: 0.536792 | Penalized: 0.571560
2026-07-26 06:01:47 | INFO | Treatment-shared-unit alternating low-rank iter 800 | Loss: 0.536792 | Penalized: 0.571560
2026-07-26 06:01:49 | INFO | Treatment-shared-unit alternating low-rank iter 900 | Loss: 0.536792 | Penalized: 0.571560
2026-07-26 06:01:51 | INFO | Treatment-shared-unit alternating low-rank iter 1000 | Loss: 0.536792 | Penalized: 0.571559
2026-07-26 06:01:53 | INFO | Treatment-shared-unit alternating low-rank iter 1100 | Loss: 0.536792 | Penalized: 0.571559
2026-07-26 06:01:55 | INFO | Treatment-shared-unit alternating low-rank iter 1200 | Loss: 0.536792 | Penalized: 0.571559
2026-07-26 06:01:57 | INFO | Treatment-shared-unit alternating low-rank iter 1300 | Loss: 0.536792 | Penalized: 0.571559
2026-07-26 06:01:59 | INFO | Treatment-shared-unit alternating low-rank iter 1400 | Loss: 0.536792 | Penalized: 0.571559
2026-07-26 06:02:01 | INFO | Treatment-shared-unit alternating low-rank iter 1500 | Loss: 0.536792 | Penalized: 0.571559
2026-07-26 06:02:03 | INFO | Treatment-shared-unit alternating low-rank iter 1600 | Loss: 0.536792 | Penalized: 0.571559
2026-07-26 06:02:05 | INFO | Treatment-shared-unit alternating low-rank iter 1700 | Loss: 0.536793 | Penalized: 0.571559
2026-07-26 06:02:07 | INFO | Treatment-shared-unit alternating low-rank iter 1800 | Loss: 0.536793 | Penalized: 0.571559
2026-07-26 06:02:09 | INFO | Treatment-shared-unit alternating low-rank iter 1900 | Loss: 0.536793 | Penalized: 0.571559
2026-07-26 06:02:11 | INFO | Done fitting.
2026-07-26 06:02:11 | INFO | Optimizer status: STOP: TOTAL NO. OF OUTER ITERATIONS REACHED LIMIT
2026-07-26 06:02:11 | INFO | Best optimizer start: 1 / 1
2026-07-26 06:02:11 | INFO | Final Loss: 0.536758
2026-07-26 06:02:11 | INFO | Estimated vs True Parameters:
2026-07-26 06:02:11 | INFO |   beta: 0.0000 (True: -0.3000) | SQE: 0.090000
2026-07-26 06:02:11 | INFO |   xi: 0.0000 (True: 0.8000) | SQE: 0.640000
2026-07-26 06:02:11 | INFO |   eta: 0.0000 (True: 0.3000) | SQE: 0.090000
2026-07-26 06:02:11 | INFO | Treatment-shared-unit alternating low-rank optimizer diagnostics:
2026-07-26 06:02:11 | INFO |   penalized_objective: 0.571528
2026-07-26 06:02:11 | INFO |   mple_loss_without_penalty: 0.536758
2026-07-26 06:02:11 | INFO |   lambda_uv_ridge: 0.050000
2026-07-26 06:02:11 | INFO |   u_frobenius_norm: 1.732051
2026-07-26 06:02:11 | INFO |   v_frobenius_norm: 102.205852
2026-07-26 06:02:11 | INFO |   effective_rank: 50.000000
2026-07-26 06:02:11 | INFO | Field and interaction diagnostics:
2026-07-26 06:02:11 | INFO |   field_rmse: 0.542377
2026-07-26 06:02:11 | INFO |   interaction_fro_error: 2.834194
2026-07-26 06:02:11 | INFO |   estimated_field_max_abs_entry: 1.853541
2026-07-26 06:02:11 | INFO |   estimated_field_rank: 50.000000
2026-07-26 06:02:11 | INFO |   true_field_max_abs_entry: 4.447602
2026-07-26 06:02:11 | INFO |   true_field_rank: 3.000000
2026-07-26 06:02:11 | INFO | Saved summary table to /orcd/home/002/phevosp/MPLE-Causal-Inference/experiments/Synthetic/confounding_strong/cv_runs_baselines/treatment_shared_unit/candidates/treatment_shared_unit_candidate_0010/fold_6/mple_summary.csv
2026-07-26 06:02:11 | INFO | Log saved to /orcd/home/002/phevosp/MPLE-Causal-Inference/experiments/Synthetic/confounding_strong/cv_runs_baselines/treatment_shared_unit/candidates/treatment_shared_unit_candidate_0010/fold_6/mple.log
