2026-08-24 18:28:23 | INFO | Starting SNN fit in /orcd/home/002/phevosp/MPLE-Causal-Inference/experiments/SyntheticSNN/no_interference_confounding_beta_010/fits/snn_8nn_u_mr1
2026-08-24 18:28:23 | INFO | Resolved SNN parameters: {'n_neighbors': 8, 'weights': 'uniform', 'anchor_solver': 'bitset_exact', 'anchor_max_rows': None, 'anchor_max_cols': None, 'random_splits': False, 'max_rank': 1, 'spectral_t': None, 'linear_span_eps': 0.05, 'subspace_eps': 0.05, 'min_value': None, 'max_value': None}
2026-08-24 18:28:23 | INFO | Loaded panel with shape T=50, N=500
2026-08-24 18:28:23 | INFO | Starting treated completion for 12555 target-missing entries.
2026-08-24 18:28:23 | INFO | treated completion progress: 0/12555 (0.0%)
2026-08-24 18:29:44 | INFO | treated completion progress: 250/12555 (2.0%) elapsed=81.1s eta=3990.5s
2026-08-24 18:31:00 | INFO | treated completion progress: 500/12555 (4.0%) elapsed=156.7s eta=3777.3s
2026-08-24 18:32:17 | INFO | treated completion progress: 750/12555 (6.0%) elapsed=233.7s eta=3678.0s
2026-08-24 18:33:36 | INFO | treated completion progress: 1000/12555 (8.0%) elapsed=313.1s eta=3617.4s
2026-08-24 18:34:44 | INFO | treated completion progress: 1250/12555 (10.0%) elapsed=380.9s eta=3444.8s
2026-08-24 18:35:58 | INFO | treated completion progress: 1500/12555 (11.9%) elapsed=454.5s eta=3349.8s
2026-08-24 18:37:22 | INFO | treated completion progress: 1750/12555 (13.9%) elapsed=538.5s eta=3325.0s
2026-08-24 18:38:37 | INFO | treated completion progress: 2000/12555 (15.9%) elapsed=613.9s eta=3239.9s
2026-08-24 18:39:54 | INFO | treated completion progress: 2250/12555 (17.9%) elapsed=690.7s eta=3163.6s
2026-08-24 18:41:10 | INFO | treated completion progress: 2500/12555 (19.9%) elapsed=767.1s eta=3085.2s
2026-08-24 18:42:33 | INFO | treated completion progress: 2750/12555 (21.9%) elapsed=850.1s eta=3031.0s
2026-08-24 18:43:50 | INFO | treated completion progress: 3000/12555 (23.9%) elapsed=926.9s eta=2952.0s
2026-08-24 18:45:08 | INFO | treated completion progress: 3250/12555 (25.9%) elapsed=1004.7s eta=2876.4s
2026-08-24 18:46:31 | INFO | treated completion progress: 3500/12555 (27.9%) elapsed=1087.9s eta=2814.6s
2026-08-24 18:47:50 | INFO | treated completion progress: 3750/12555 (29.9%) elapsed=1166.8s eta=2739.6s
2026-08-24 18:49:09 | INFO | treated completion progress: 4000/12555 (31.9%) elapsed=1246.1s eta=2665.1s
2026-08-24 18:50:26 | INFO | treated completion progress: 4250/12555 (33.9%) elapsed=1322.8s eta=2584.9s
2026-08-24 18:51:45 | INFO | treated completion progress: 4500/12555 (35.8%) elapsed=1401.2s eta=2508.2s
2026-08-24 18:52:59 | INFO | treated completion progress: 4750/12555 (37.8%) elapsed=1475.8s eta=2424.9s
2026-08-24 18:54:15 | INFO | treated completion progress: 5000/12555 (39.8%) elapsed=1551.8s eta=2344.8s
2026-08-24 18:55:30 | INFO | treated completion progress: 5250/12555 (41.8%) elapsed=1626.6s eta=2263.4s
2026-08-24 18:56:52 | INFO | treated completion progress: 5500/12555 (43.8%) elapsed=1708.5s eta=2191.5s
2026-08-24 18:58:02 | INFO | treated completion progress: 5750/12555 (45.8%) elapsed=1778.4s eta=2104.8s
2026-08-24 18:59:18 | INFO | treated completion progress: 6000/12555 (47.8%) elapsed=1854.4s eta=2025.9s
2026-08-24 19:00:38 | INFO | treated completion progress: 6250/12555 (49.8%) elapsed=1934.5s eta=1951.6s
2026-08-24 19:02:05 | INFO | treated completion progress: 6500/12555 (51.8%) elapsed=2021.4s eta=1883.0s
2026-08-24 19:03:23 | INFO | treated completion progress: 6750/12555 (53.8%) elapsed=2099.7s eta=1805.7s
2026-08-24 19:04:29 | INFO | treated completion progress: 7000/12555 (55.8%) elapsed=2165.4s eta=1718.4s
2026-08-24 19:05:50 | INFO | treated completion progress: 7250/12555 (57.7%) elapsed=2246.3s eta=1643.7s
2026-08-24 19:07:03 | INFO | treated completion progress: 7500/12555 (59.7%) elapsed=2320.0s eta=1563.7s
2026-08-24 19:08:13 | INFO | treated completion progress: 7750/12555 (61.7%) elapsed=2390.1s eta=1481.8s
2026-08-24 19:09:28 | INFO | treated completion progress: 8000/12555 (63.7%) elapsed=2464.9s eta=1403.5s
2026-08-24 19:10:43 | INFO | treated completion progress: 8250/12555 (65.7%) elapsed=2539.8s eta=1325.3s
2026-08-24 19:11:50 | INFO | treated completion progress: 8500/12555 (67.7%) elapsed=2606.8s eta=1243.6s
2026-08-24 19:13:09 | INFO | treated completion progress: 8750/12555 (69.7%) elapsed=2686.0s eta=1168.0s
2026-08-24 19:14:32 | INFO | treated completion progress: 9000/12555 (71.7%) elapsed=2768.2s eta=1093.4s
2026-08-24 19:15:46 | INFO | treated completion progress: 9250/12555 (73.7%) elapsed=2842.2s eta=1015.5s
2026-08-24 19:17:07 | INFO | treated completion progress: 9500/12555 (75.7%) elapsed=2923.2s eta=940.0s
2026-08-24 19:18:34 | INFO | treated completion progress: 9750/12555 (77.7%) elapsed=3010.5s eta=866.1s
2026-08-24 19:19:57 | INFO | treated completion progress: 10000/12555 (79.6%) elapsed=3093.5s eta=790.4s
2026-08-24 19:21:15 | INFO | treated completion progress: 10250/12555 (81.6%) elapsed=3171.3s eta=713.1s
2026-08-24 19:22:29 | INFO | treated completion progress: 10500/12555 (83.6%) elapsed=3245.3s eta=635.1s
2026-08-24 19:23:44 | INFO | treated completion progress: 10750/12555 (85.6%) elapsed=3320.3s eta=557.5s
2026-08-24 19:25:00 | INFO | treated completion progress: 11000/12555 (87.6%) elapsed=3396.5s eta=480.1s
2026-08-24 19:26:14 | INFO | treated completion progress: 11250/12555 (89.6%) elapsed=3470.8s eta=402.6s
2026-08-24 19:27:30 | INFO | treated completion progress: 11500/12555 (91.6%) elapsed=3547.0s eta=325.4s
2026-08-24 19:28:44 | INFO | treated completion progress: 11750/12555 (93.6%) elapsed=3620.9s eta=248.1s
2026-08-24 19:29:57 | INFO | treated completion progress: 12000/12555 (95.6%) elapsed=3693.3s eta=170.8s
2026-08-24 19:31:16 | INFO | treated completion progress: 12250/12555 (97.6%) elapsed=3772.5s eta=93.9s
2026-08-24 19:32:35 | INFO | treated completion progress: 12500/12555 (99.6%) elapsed=3851.4s eta=16.9s
2026-08-24 19:32:51 | INFO | treated completion progress: 12555/12555 (100.0%) elapsed=3867.9s eta=0.0s
2026-08-24 19:32:51 | INFO | treated completion finished.
2026-08-24 19:32:51 | INFO | Starting untreated completion for 12445 target-missing entries.
2026-08-24 19:32:51 | INFO | untreated completion progress: 0/12445 (0.0%)
2026-08-24 19:34:16 | INFO | untreated completion progress: 250/12445 (2.0%) elapsed=84.4s eta=4118.8s
2026-08-24 19:35:38 | INFO | untreated completion progress: 500/12445 (4.0%) elapsed=167.1s eta=3992.7s
2026-08-24 19:37:04 | INFO | untreated completion progress: 750/12445 (6.0%) elapsed=252.9s eta=3943.3s
2026-08-24 19:38:29 | INFO | untreated completion progress: 1000/12445 (8.0%) elapsed=337.9s eta=3866.8s
2026-08-24 19:40:05 | INFO | untreated completion progress: 1250/12445 (10.0%) elapsed=434.1s eta=3887.4s
2026-08-24 19:41:30 | INFO | untreated completion progress: 1500/12445 (12.1%) elapsed=519.1s eta=3787.6s
2026-08-24 19:42:42 | INFO | untreated completion progress: 1750/12445 (14.1%) elapsed=591.3s eta=3613.4s
2026-08-24 19:44:13 | INFO | untreated completion progress: 2000/12445 (16.1%) elapsed=681.8s eta=3560.6s
2026-08-24 19:45:44 | INFO | untreated completion progress: 2250/12445 (18.1%) elapsed=772.9s eta=3501.9s
2026-08-24 19:47:11 | INFO | untreated completion progress: 2500/12445 (20.1%) elapsed=859.3s eta=3418.3s
2026-08-24 19:48:23 | INFO | untreated completion progress: 2750/12445 (22.1%) elapsed=931.7s eta=3284.6s
2026-08-24 19:49:53 | INFO | untreated completion progress: 3000/12445 (24.1%) elapsed=1022.3s eta=3218.5s
2026-08-24 19:51:17 | INFO | untreated completion progress: 3250/12445 (26.1%) elapsed=1105.7s eta=3128.3s
2026-08-24 19:52:31 | INFO | untreated completion progress: 3500/12445 (28.1%) elapsed=1180.2s eta=3016.3s
2026-08-24 19:53:52 | INFO | untreated completion progress: 3750/12445 (30.1%) elapsed=1261.2s eta=2924.4s
2026-08-24 19:55:19 | INFO | untreated completion progress: 4000/12445 (32.1%) elapsed=1347.4s eta=2844.8s
2026-08-24 19:56:49 | INFO | untreated completion progress: 4250/12445 (34.2%) elapsed=1437.8s eta=2772.5s
2026-08-24 19:58:11 | INFO | untreated completion progress: 4500/12445 (36.2%) elapsed=1520.0s eta=2683.6s
2026-08-24 19:59:41 | INFO | untreated completion progress: 4750/12445 (38.2%) elapsed=1609.9s eta=2608.1s
2026-08-24 20:00:59 | INFO | untreated completion progress: 5000/12445 (40.2%) elapsed=1687.5s eta=2512.7s
2026-08-24 20:02:23 | INFO | untreated completion progress: 5250/12445 (42.2%) elapsed=1772.0s eta=2428.4s
2026-08-24 20:03:40 | INFO | untreated completion progress: 5500/12445 (44.2%) elapsed=1848.9s eta=2334.7s
2026-08-24 20:05:16 | INFO | untreated completion progress: 5750/12445 (46.2%) elapsed=1944.8s eta=2264.4s
2026-08-24 20:06:43 | INFO | untreated completion progress: 6000/12445 (48.2%) elapsed=2031.7s eta=2182.4s
2026-08-24 20:08:01 | INFO | untreated completion progress: 6250/12445 (50.2%) elapsed=2110.3s eta=2091.7s
2026-08-24 20:09:18 | INFO | untreated completion progress: 6500/12445 (52.2%) elapsed=2186.9s eta=2000.2s
2026-08-24 20:10:39 | INFO | untreated completion progress: 6750/12445 (54.2%) elapsed=2267.6s eta=1913.2s
2026-08-24 20:12:15 | INFO | untreated completion progress: 7000/12445 (56.2%) elapsed=2363.7s eta=1838.6s
2026-08-24 20:13:35 | INFO | untreated completion progress: 7250/12445 (58.3%) elapsed=2443.4s eta=1750.9s
2026-08-24 20:15:03 | INFO | untreated completion progress: 7500/12445 (60.3%) elapsed=2531.4s eta=1669.1s
2026-08-24 20:16:39 | INFO | untreated completion progress: 7750/12445 (62.3%) elapsed=2627.7s eta=1591.9s
2026-08-24 20:18:07 | INFO | untreated completion progress: 8000/12445 (64.3%) elapsed=2716.3s eta=1509.2s
2026-08-24 20:19:36 | INFO | untreated completion progress: 8250/12445 (66.3%) elapsed=2804.6s eta=1426.1s
2026-08-24 20:21:05 | INFO | untreated completion progress: 8500/12445 (68.3%) elapsed=2893.8s eta=1343.1s
2026-08-24 20:22:24 | INFO | untreated completion progress: 8750/12445 (70.3%) elapsed=2973.3s eta=1255.6s
2026-08-24 20:23:51 | INFO | untreated completion progress: 9000/12445 (72.3%) elapsed=3060.0s eta=1171.3s
2026-08-24 20:25:17 | INFO | untreated completion progress: 9250/12445 (74.3%) elapsed=3146.2s eta=1086.7s
2026-08-24 20:26:33 | INFO | untreated completion progress: 9500/12445 (76.3%) elapsed=3222.1s eta=998.9s
2026-08-24 20:27:49 | INFO | untreated completion progress: 9750/12445 (78.3%) elapsed=3297.4s eta=911.4s
2026-08-24 20:29:07 | INFO | untreated completion progress: 10000/12445 (80.4%) elapsed=3376.3s eta=825.5s
2026-08-24 20:30:37 | INFO | untreated completion progress: 10250/12445 (82.4%) elapsed=3465.6s eta=742.1s
2026-08-24 20:32:12 | INFO | untreated completion progress: 10500/12445 (84.4%) elapsed=3560.3s eta=659.5s
2026-08-24 20:33:41 | INFO | untreated completion progress: 10750/12445 (86.4%) elapsed=3649.6s eta=575.4s
2026-08-24 20:35:05 | INFO | untreated completion progress: 11000/12445 (88.4%) elapsed=3734.2s eta=490.5s
2026-08-24 20:36:31 | INFO | untreated completion progress: 11250/12445 (90.4%) elapsed=3819.9s eta=405.8s
2026-08-24 20:37:54 | INFO | untreated completion progress: 11500/12445 (92.4%) elapsed=3902.4s eta=320.7s
2026-08-24 20:39:23 | INFO | untreated completion progress: 11750/12445 (94.4%) elapsed=3992.2s eta=236.1s
2026-08-24 20:40:58 | INFO | untreated completion progress: 12000/12445 (96.4%) elapsed=4086.6s eta=151.5s
2026-08-24 20:42:22 | INFO | untreated completion progress: 12250/12445 (98.4%) elapsed=4171.1s eta=66.4s
2026-08-24 20:43:26 | INFO | untreated completion progress: 12445/12445 (100.0%) elapsed=4235.0s eta=0.0s
2026-08-24 20:43:26 | INFO | untreated completion finished.
2026-08-24 20:43:26 | INFO | Treated stats: observed=12445 target_missing=12555 completed=12555 failed=0
2026-08-24 20:43:26 | INFO | Untreated stats: observed=12555 target_missing=12445 completed=12445 failed=0
2026-08-24 20:43:26 | INFO | Completed SNN fit successfully.
