2026-04-01 10:16:23 | INFO | Loading data...
2026-04-01 10:16:23 | INFO | Loaded 1 field templates and 1 interaction templates.
2026-04-01 10:16:23 | INFO | Running conditional-model MPLE on x with shape=(10, 100)
2026-04-01 10:16:23 | INFO | Eval 0  |  Loss: 0.622494
2026-04-01 10:16:23 | INFO |   field::intercept: +0.0126,  beta: -0.0132,  interaction::adjacency: +0.0640,  eta: +0.0105,  zeta: -0.0536,  psi: +0.0362
2026-04-01 10:16:23 | INFO | Done fitting.
2026-04-01 10:16:23 | INFO | Optimizer status: CONVERGENCE: RELATIVE REDUCTION OF F <= FACTR*EPSMCH
2026-04-01 10:16:23 | INFO | Final Loss: 0.144721
2026-04-01 10:16:23 | INFO | Estimated vs True Parameters:
2026-04-01 10:16:23 | INFO |   field::intercept: 3.8414 (True: 1.0000)
2026-04-01 10:16:23 | INFO |   field::intercept SQE: 8.073551
2026-04-01 10:16:23 | INFO |   beta: 3.9233 (True: 1.1000)
2026-04-01 10:16:23 | INFO |   beta SQE: 7.971041
2026-04-01 10:16:23 | INFO |   interaction::adjacency: 2.1002 (True: 2.0000)
2026-04-01 10:16:23 | INFO |   interaction::adjacency SQE: 0.010040
2026-04-01 10:16:23 | INFO |   eta: 0.7014 (True: 0.7000)
2026-04-01 10:16:23 | INFO |   eta SQE: 0.000002
2026-04-01 10:16:23 | INFO |   zeta: -1.0284 (True: -1.0000)
2026-04-01 10:16:23 | INFO |   zeta SQE: 0.000807
2026-04-01 10:16:23 | INFO |   psi: 0.4345 (True: 0.4000)
2026-04-01 10:16:23 | INFO |   psi SQE: 0.001189
2026-04-01 10:16:23 | INFO | Saved summary tables to C:\Users\phevo\Documents\MIT\Code\MPLE-Causal-Inference\experiments\n100_t10_low_temp_fro_large_uniform_known_graph_20260331_225916\mple_summary.csv and C:\Users\phevo\Documents\MIT\Code\MPLE-Causal-Inference\experiments\n100_t10_low_temp_fro_large_uniform_known_graph_20260331_225916\mple_summary.md
2026-04-01 10:16:23 | INFO | Log saved to C:\Users\phevo\Documents\MIT\Code\MPLE-Causal-Inference\experiments\n100_t10_low_temp_fro_large_uniform_known_graph_20260331_225916\mple.log
