2026-04-07 11:39:58 | INFO | Loading data...
2026-04-07 11:39:58 | INFO | Loaded 6 field templates and 1 interaction templates.
2026-04-07 11:39:58 | INFO | Intervention-process model enabled: True
2026-04-07 11:39:58 | INFO | Tau zero-mean enabled: True
2026-04-07 11:39:58 | INFO | Tau smoothness lambda: 0.000000
2026-04-07 11:39:58 | INFO | Running conditional-model MPLE on x with shape=(68, 3203)
2026-04-07 11:39:58 | INFO | Eval 0  |  Loss: 0.736605
2026-04-07 11:39:58 | INFO |   field::log_population: +0.0126,  field::median_household_income: -0.0132,  field::poverty_rate: +0.0640,  field::pct_black: +0.0105,  field::pct_hispanic: -0.0536,  field::pct_in_labor_force: +0.0362,  tau block: mean=-0.0000, std=0.0967, min=-0.2417, max=+0.1869,  beta: +0.1822,  interaction::contiguity: -0.1320,  eta: -0.0662,  zeta: +0.0935,  psi: +0.0049
2026-04-07 11:40:01 | INFO | Done fitting.
2026-04-07 11:40:01 | INFO | Optimizer status: CONVERGENCE: RELATIVE REDUCTION OF F <= FACTR*EPSMCH
2026-04-07 11:40:01 | INFO | Final Loss: 0.290417
2026-04-07 11:40:01 | INFO | Estimated Parameters:
2026-04-07 11:40:01 | INFO |   field::log_population: 0.9270
2026-04-07 11:40:01 | INFO |   field::median_household_income: -1.1262
2026-04-07 11:40:01 | INFO |   field::poverty_rate: -0.5582
2026-04-07 11:40:01 | INFO |   field::pct_black: -0.1358
2026-04-07 11:40:01 | INFO |   field::pct_hispanic: -0.3126
2026-04-07 11:40:01 | INFO |   field::pct_in_labor_force: 0.0489
2026-04-07 11:40:01 | INFO |   tau::t_0: 0.0493
2026-04-07 11:40:01 | INFO |   tau::t_1: 0.0427
2026-04-07 11:40:01 | INFO |   tau::t_2: -0.0231
2026-04-07 11:40:01 | INFO |   tau::t_3: -0.1189
2026-04-07 11:40:01 | INFO |   tau::t_4: -0.0461
2026-04-07 11:40:01 | INFO |   tau::t_5: -0.0950
2026-04-07 11:40:01 | INFO |   tau::t_6: -0.1637
2026-04-07 11:40:01 | INFO |   tau::t_7: -0.2173
2026-04-07 11:40:01 | INFO |   tau::t_8: -0.2153
2026-04-07 11:40:01 | INFO |   tau::t_9: -0.2479
2026-04-07 11:40:01 | INFO |   tau::t_10: -0.2200
2026-04-07 11:40:01 | INFO |   tau::t_11: -0.2098
2026-04-07 11:40:01 | INFO |   tau::t_12: -0.2494
2026-04-07 11:40:01 | INFO |   tau::t_13: -0.2438
2026-04-07 11:40:01 | INFO |   tau::t_14: -0.2094
2026-04-07 11:40:01 | INFO |   tau::t_15: -0.2084
2026-04-07 11:40:01 | INFO |   tau::t_16: -0.2013
2026-04-07 11:40:01 | INFO |   tau::t_17: -0.1136
2026-04-07 11:40:01 | INFO |   tau::t_18: -0.2440
2026-04-07 11:40:01 | INFO |   tau::t_19: -0.1931
2026-04-07 11:40:01 | INFO |   tau::t_20: -0.2876
2026-04-07 11:40:01 | INFO |   tau::t_21: -0.2766
2026-04-07 11:40:01 | INFO |   tau::t_22: -0.2861
2026-04-07 11:40:01 | INFO |   tau::t_23: -0.3306
2026-04-07 11:40:01 | INFO |   tau::t_24: -0.2475
2026-04-07 11:40:01 | INFO |   tau::t_25: -0.2405
2026-04-07 11:40:01 | INFO |   tau::t_26: -0.2053
2026-04-07 11:40:01 | INFO |   tau::t_27: -0.1077
2026-04-07 11:40:01 | INFO |   tau::t_28: -0.0441
2026-04-07 11:40:01 | INFO |   tau::t_29: 0.0183
2026-04-07 11:40:01 | INFO |   tau::t_30: 0.0634
2026-04-07 11:40:01 | INFO |   tau::t_31: 0.0801
2026-04-07 11:40:01 | INFO |   tau::t_32: 0.1113
2026-04-07 11:40:01 | INFO |   tau::t_33: 0.2144
2026-04-07 11:40:01 | INFO |   tau::t_34: 0.2073
2026-04-07 11:40:01 | INFO |   tau::t_35: 0.2268
2026-04-07 11:40:01 | INFO |   tau::t_36: 0.1847
2026-04-07 11:40:01 | INFO |   tau::t_37: 0.1820
2026-04-07 11:40:01 | INFO |   tau::t_38: 0.1964
2026-04-07 11:40:01 | INFO |   tau::t_39: 0.1736
2026-04-07 11:40:01 | INFO |   tau::t_40: 0.1335
2026-04-07 11:40:01 | INFO |   tau::t_41: 0.1398
2026-04-07 11:40:01 | INFO |   tau::t_42: 0.1555
2026-04-07 11:40:01 | INFO |   tau::t_43: 0.0069
2026-04-07 11:40:01 | INFO |   tau::t_44: 0.2405
2026-04-07 11:40:01 | INFO |   tau::t_45: 0.1633
2026-04-07 11:40:01 | INFO |   tau::t_46: 0.1585
2026-04-07 11:40:01 | INFO |   tau::t_47: 0.1194
2026-04-07 11:40:01 | INFO |   tau::t_48: 0.1490
2026-04-07 11:40:01 | INFO |   tau::t_49: 0.2242
2026-04-07 11:40:01 | INFO |   tau::t_50: 0.2143
2026-04-07 11:40:01 | INFO |   tau::t_51: 0.2330
2026-04-07 11:40:01 | INFO |   tau::t_52: 0.2967
2026-04-07 11:40:01 | INFO |   tau::t_53: 0.3445
2026-04-07 11:40:01 | INFO |   tau::t_54: 0.3311
2026-04-07 11:40:01 | INFO |   tau::t_55: 0.3063
2026-04-07 11:40:01 | INFO |   tau::t_56: 0.2390
2026-04-07 11:40:01 | INFO |   tau::t_57: 0.1975
2026-04-07 11:40:01 | INFO |   tau::t_58: 0.1278
2026-04-07 11:40:01 | INFO |   tau::t_59: 0.1221
2026-04-07 11:40:01 | INFO |   tau::t_60: 0.0506
2026-04-07 11:40:01 | INFO |   tau::t_61: 0.0058
2026-04-07 11:40:01 | INFO |   tau::t_62: -0.0573
2026-04-07 11:40:01 | INFO |   tau::t_63: -0.0183
2026-04-07 11:40:01 | INFO |   tau::t_64: -0.1118
2026-04-07 11:40:01 | INFO |   tau::t_65: -0.1016
2026-04-07 11:40:01 | INFO |   tau::t_66: 0.0038
2026-04-07 11:40:01 | INFO |   tau::t_67: -0.1786
2026-04-07 11:40:01 | INFO |   beta: -0.1328
2026-04-07 11:40:01 | INFO |   interaction::contiguity: 1.6160
2026-04-07 11:40:01 | INFO |   eta: 0.2439
2026-04-07 11:40:01 | INFO |   zeta: -0.2020
2026-04-07 11:40:01 | INFO |   psi: 2.1152
2026-04-07 11:40:01 | INFO | Saved summary tables to C:\Users\phevo\Documents\MIT\Code\MPLE-Causal-Inference\experiments\USCountyVaccination_US_tau_zero_mean\outcome_death_rate_100k_ge_2__intervention_complete_cov_ge_30__lag_2w__contiguity\mple_summary.csv and C:\Users\phevo\Documents\MIT\Code\MPLE-Causal-Inference\experiments\USCountyVaccination_US_tau_zero_mean\outcome_death_rate_100k_ge_2__intervention_complete_cov_ge_30__lag_2w__contiguity\mple_summary.md
2026-04-07 11:40:01 | INFO | Log saved to C:\Users\phevo\Documents\MIT\Code\MPLE-Causal-Inference\experiments\USCountyVaccination_US_tau_zero_mean\outcome_death_rate_100k_ge_2__intervention_complete_cov_ge_30__lag_2w__contiguity\mple.log
