2026-05-01 22:36:30 | INFO | Loading data...
2026-05-01 22:36:30 | INFO | Using panel artifact: /orcd/home/002/phevosp/MPLE-Causal-Inference/experiments/SyntheticHybridExperimentsFinal/r5_c1_hybrid_us_county_intervention_uscounty_graph_contiguous_confounding/panel_data.npz
2026-05-01 22:36:30 | INFO | Using x_0 artifact: /orcd/home/002/phevosp/MPLE-Causal-Inference/experiments/SyntheticHybridExperimentsFinal/r5_c1_hybrid_us_county_intervention_uscounty_graph_contiguous_confounding/x_0.npy
2026-05-01 22:36:30 | INFO | Using fit config: /orcd/home/002/phevosp/MPLE-Causal-Inference/experiments/SyntheticHybridExperimentsFinal/r5_c1_hybrid_us_county_intervention_uscounty_graph_contiguous_confounding/cv_runs/alternating_uv_grid/candidates/alternating_uv_grid_candidate_0002/fold_1/fit_realized_config.yaml
2026-05-01 22:36:30 | INFO | Using model artifact directory: /orcd/home/002/phevosp/MPLE-Causal-Inference/experiments/SyntheticHybridExperimentsFinal/r5_c1_hybrid_us_county_intervention_uscounty_graph_contiguous_confounding
2026-05-01 22:36:30 | INFO | Using truth artifact directory: /orcd/home/002/phevosp/MPLE-Causal-Inference/experiments/SyntheticHybridExperimentsFinal/r5_c1_hybrid_us_county_intervention_uscounty_graph_contiguous_confounding
2026-05-01 22:36:30 | INFO | Using loss mask artifact: /orcd/home/002/phevosp/MPLE-Causal-Inference/experiments/SyntheticHybridExperimentsFinal/r5_c1_hybrid_us_county_intervention_uscounty_graph_contiguous_confounding/cv_runs/alternating_uv_grid/candidates/alternating_uv_grid_candidate_0002/fold_1/loss_mask.npy
2026-05-01 22:36:30 | INFO | Configured optimizer mode: alternating_latent_rank
2026-05-01 22:36:30 | INFO | Configured latent rank: 5
2026-05-01 22:36:30 | INFO | Using a fixed known graph with scalar xi.
2026-05-01 22:36:30 | INFO | Fit-time hard bounds active: False
2026-05-01 22:36:30 | INFO | Fixed scalar parameters: {}
2026-05-01 22:36:30 | INFO | Warm-start fixed scalars: {} for 0 steps
2026-05-01 22:36:30 | INFO | Beta mask before s: True with s=55
2026-05-01 22:36:30 | INFO | Beta mask after e: True with e=114
2026-05-01 22:36:30 | INFO | Alternating V-column L2-ball constraint active with radius 1.0
2026-05-01 22:36:30 | INFO | Optimizer settings: steps=2000, tol=1e-07, n_starts=1, seed=0, lambda_nuclear=0.0, lambda_frobenius=0.0, lambda_uv_ridge=0.001, v_column_l2_max=1.0, proximal_lr=1.0
2026-05-01 22:36:30 | INFO | Alternating low-rank start 1/1 | seed=0 | initial_loss=0.694613 | initial_penalized=0.694613
2026-05-01 22:36:30 | INFO | Alternating low-rank iter 0 | Loss: 0.581058 | Penalized: 0.581118
2026-05-01 22:36:43 | INFO | Alternating low-rank iter 100 | Loss: 0.548002 | Penalized: 0.548878
2026-05-01 22:36:56 | INFO | Alternating low-rank iter 200 | Loss: 0.547212 | Penalized: 0.548411
2026-05-01 22:37:09 | INFO | Alternating low-rank iter 300 | Loss: 0.546948 | Penalized: 0.548298
2026-05-01 22:37:21 | INFO | Alternating low-rank iter 400 | Loss: 0.545958 | Penalized: 0.547522
2026-05-01 22:37:34 | INFO | Alternating low-rank iter 500 | Loss: 0.544928 | Penalized: 0.546825
2026-05-01 22:37:47 | INFO | Alternating low-rank iter 600 | Loss: 0.544559 | Penalized: 0.546655
2026-05-01 22:38:00 | INFO | Alternating low-rank iter 700 | Loss: 0.544447 | Penalized: 0.546627
2026-05-01 22:38:03 | INFO | Done fitting.
2026-05-01 22:38:03 | INFO | Optimizer status: CONVERGED: alternating objective tolerance reached
2026-05-01 22:38:03 | INFO | Best optimizer start: 1 / 1
2026-05-01 22:38:03 | INFO | Final Loss: 0.544432
2026-05-01 22:38:03 | INFO | Estimated vs True Parameters:
2026-05-01 22:38:03 | INFO |   beta: -0.2357 (True: -0.3000) | SQE: 0.004139
2026-05-01 22:38:03 | INFO |   xi: 0.8936 (True: 0.8000) | SQE: 0.008758
2026-05-01 22:38:03 | INFO |   eta: 0.2976 (True: 0.3000) | SQE: 0.000006
2026-05-01 22:38:03 | INFO | Alternating low-rank optimizer diagnostics:
2026-05-01 22:38:03 | INFO |   penalized_objective: 0.546624
2026-05-01 22:38:03 | INFO |   mple_loss_without_penalty: 0.544432
2026-05-01 22:38:03 | INFO |   lambda_uv_ridge: 0.001000
2026-05-01 22:38:03 | INFO |   u_frobenius_norm: 833.844077
2026-05-01 22:38:03 | INFO |   v_frobenius_norm: 2.236068
2026-05-01 22:38:03 | INFO |   effective_rank: 5.000000
2026-05-01 22:38:03 | INFO | Field and interaction diagnostics:
2026-05-01 22:38:03 | INFO |   field_rmse: 1.469766
2026-05-01 22:38:03 | INFO |   interaction_fro_error: 0.884990
2026-05-01 22:38:03 | INFO |   estimated_field_max_abs_entry: 38.936170
2026-05-01 22:38:03 | INFO |   estimated_field_rank: 5.000000
2026-05-01 22:38:03 | INFO |   true_field_max_abs_entry: 1.442488
2026-05-01 22:38:03 | INFO |   true_field_rank: 5.000000
2026-05-01 22:38:03 | INFO | Saved summary table to /orcd/home/002/phevosp/MPLE-Causal-Inference/experiments/SyntheticHybridExperimentsFinal/r5_c1_hybrid_us_county_intervention_uscounty_graph_contiguous_confounding/cv_runs/alternating_uv_grid/candidates/alternating_uv_grid_candidate_0002/fold_1/mple_summary.csv
2026-05-01 22:38:03 | INFO | Log saved to /orcd/home/002/phevosp/MPLE-Causal-Inference/experiments/SyntheticHybridExperimentsFinal/r5_c1_hybrid_us_county_intervention_uscounty_graph_contiguous_confounding/cv_runs/alternating_uv_grid/candidates/alternating_uv_grid_candidate_0002/fold_1/mple.log
