2026-04-30 11:54:33 | INFO | Loading data...
2026-04-30 11:54:33 | INFO | Using panel artifact: /orcd/home/002/phevosp/MPLE-Causal-Inference/experiments/SyntheticHybridExperiments/r3_c1_hybrid_us_county_intervention_uscounty_graph_contiguous_confounding/panel_data.npz
2026-04-30 11:54:33 | INFO | Using x_0 artifact: /orcd/home/002/phevosp/MPLE-Causal-Inference/experiments/SyntheticHybridExperiments/r3_c1_hybrid_us_county_intervention_uscounty_graph_contiguous_confounding/x_0.npy
2026-04-30 11:54:33 | INFO | Using fit config: /orcd/home/002/phevosp/MPLE-Causal-Inference/experiments/SyntheticHybridExperiments/r3_c1_hybrid_us_county_intervention_uscounty_graph_contiguous_confounding/fits/alternating_rank_3_uv_5_e2/fit_realized_config.yaml
2026-04-30 11:54:33 | INFO | Using model artifact directory: /orcd/home/002/phevosp/MPLE-Causal-Inference/experiments/SyntheticHybridExperiments/r3_c1_hybrid_us_county_intervention_uscounty_graph_contiguous_confounding
2026-04-30 11:54:33 | INFO | Using truth artifact directory: /orcd/home/002/phevosp/MPLE-Causal-Inference/experiments/SyntheticHybridExperiments/r3_c1_hybrid_us_county_intervention_uscounty_graph_contiguous_confounding
2026-04-30 11:54:33 | INFO | Configured optimizer mode: alternating_latent_rank
2026-04-30 11:54:33 | INFO | Configured latent rank: 3
2026-04-30 11:54:33 | INFO | Using a fixed known graph with scalar xi.
2026-04-30 11:54:33 | INFO | Fit-time hard bounds active: False
2026-04-30 11:54:33 | INFO | Fixed scalar parameters: {}
2026-04-30 11:54:33 | INFO | Warm-start fixed scalars: {} for 0 steps
2026-04-30 11:54:33 | INFO | Beta mask before s: False with s=55
2026-04-30 11:54:33 | INFO | Beta mask after e: False with e=120
2026-04-30 11:54:33 | INFO | Alternating V-column L2-ball constraint active with radius 1.0
2026-04-30 11:54:33 | INFO | Optimizer settings: steps=20000, tol=1e-09, n_starts=1, seed=0, lambda_nuclear=0.0, lambda_frobenius=0.0, lambda_uv_ridge=0.05, v_column_l2_max=1.0, proximal_lr=1.0
2026-04-30 11:54:33 | INFO | Alternating low-rank start 1/1 | seed=0 | initial_loss=0.686740 | initial_penalized=0.686741
2026-04-30 11:54:33 | INFO | Alternating low-rank iter 0 | Loss: 0.593081 | Penalized: 0.596633
2026-04-30 11:54:44 | INFO | Alternating low-rank iter 100 | Loss: 0.570953 | Penalized: 0.578004
2026-04-30 11:54:54 | INFO | Alternating low-rank iter 200 | Loss: 0.570912 | Penalized: 0.577936
2026-04-30 11:55:02 | INFO | Done fitting.
2026-04-30 11:55:02 | INFO | Optimizer status: CONVERGED: alternating objective tolerance reached
2026-04-30 11:55:02 | INFO | Best optimizer start: 1 / 1
2026-04-30 11:55:02 | INFO | Final Loss: 0.570913
2026-04-30 11:55:02 | INFO | Estimated vs True Parameters:
2026-04-30 11:55:02 | INFO |   beta: 0.0046 (True: -0.3000) | SQE: 0.092783
2026-04-30 11:55:02 | INFO |   xi: 0.9020 (True: 0.8000) | SQE: 0.010414
2026-04-30 11:55:02 | INFO |   eta: 0.3027 (True: 0.3000) | SQE: 0.000007
2026-04-30 11:55:02 | INFO | Alternating low-rank optimizer diagnostics:
2026-04-30 11:55:02 | INFO |   penalized_objective: 0.577935
2026-04-30 11:55:02 | INFO |   mple_loss_without_penalty: 0.570913
2026-04-30 11:55:02 | INFO |   lambda_uv_ridge: 0.050000
2026-04-30 11:55:02 | INFO |   u_frobenius_norm: 225.378989
2026-04-30 11:55:02 | INFO |   v_frobenius_norm: 1.732051
2026-04-30 11:55:02 | INFO |   effective_rank: 3.000000
2026-04-30 11:55:02 | INFO | Field and interaction diagnostics:
2026-04-30 11:55:02 | INFO |   field_rmse: 0.364411
2026-04-30 11:55:02 | INFO |   interaction_fro_error: 0.965051
2026-04-30 11:55:02 | INFO |   estimated_field_max_abs_entry: 2.775685
2026-04-30 11:55:02 | INFO |   estimated_field_rank: 3.000000
2026-04-30 11:55:02 | INFO |   true_field_max_abs_entry: 3.260394
2026-04-30 11:55:02 | INFO |   true_field_rank: 3.000000
2026-04-30 11:55:02 | INFO | Saved summary table to /orcd/home/002/phevosp/MPLE-Causal-Inference/experiments/SyntheticHybridExperiments/r3_c1_hybrid_us_county_intervention_uscounty_graph_contiguous_confounding/fits/alternating_rank_3_uv_5_e2/mple_summary.csv
2026-04-30 11:55:02 | INFO | Log saved to /orcd/home/002/phevosp/MPLE-Causal-Inference/experiments/SyntheticHybridExperiments/r3_c1_hybrid_us_county_intervention_uscounty_graph_contiguous_confounding/fits/alternating_rank_3_uv_5_e2/mple.log
