2026-04-06 17:39:56 | INFO | Loading data...
2026-04-06 17:39:56 | INFO | Loaded 8 field templates and 1 interaction templates.
2026-04-06 17:39:56 | INFO | Intervention-process model enabled: True
2026-04-06 17:39:56 | INFO | Running conditional-model MPLE on x with shape=(15, 9642)
2026-04-06 17:39:56 | INFO | Eval 0  |  Loss: 0.674552
2026-04-06 17:39:56 | INFO |   field::total_pop: +0.0126,  field::black_share: -0.0132,  field::hispanic_share: +0.0640,  field::male_1521_share: +0.0105,  field::family_household_share: -0.0536,  field::female_household_share: +0.0362,  field::renter_share: +0.1304,  field::vacant_share: +0.0947,  tau block: mean=-0.0394, std=0.0882, min=-0.2325, max=+0.1366,  beta: +0.0352,  interaction::knn_8: +0.0903,  eta: +0.0094,  zeta: -0.0743,  psi: -0.0922
2026-04-06 17:39:59 | INFO | Eval 100  |  Loss: 0.389274
2026-04-06 17:39:59 | INFO |   field::total_pop: +4.4816,  field::black_share: +0.1039,  field::hispanic_share: +0.1273,  field::male_1521_share: -0.1136,  field::family_household_share: -0.1498,  field::female_household_share: +0.1192,  field::renter_share: +0.1002,  field::vacant_share: +1.0730,  tau block: mean=-0.3204, std=0.0463, min=-0.4278, max=-0.2612,  beta: -0.1502,  interaction::knn_8: +0.8560,  eta: +0.3633,  zeta: +0.1204,  psi: +3.4067
2026-04-06 17:40:02 | INFO | Done fitting.
2026-04-06 17:40:02 | INFO | Optimizer status: CONVERGENCE: RELATIVE REDUCTION OF F <= FACTR*EPSMCH
2026-04-06 17:40:02 | INFO | Final Loss: 0.389270
2026-04-06 17:40:02 | INFO | Estimated Parameters:
2026-04-06 17:40:02 | INFO |   field::total_pop: 4.4359
2026-04-06 17:40:02 | INFO |   field::black_share: 0.1017
2026-04-06 17:40:02 | INFO |   field::hispanic_share: 0.1303
2026-04-06 17:40:02 | INFO |   field::male_1521_share: -0.1168
2026-04-06 17:40:02 | INFO |   field::family_household_share: -0.1489
2026-04-06 17:40:02 | INFO |   field::female_household_share: 0.1149
2026-04-06 17:40:02 | INFO |   field::renter_share: 0.1007
2026-04-06 17:40:02 | INFO |   field::vacant_share: 1.4559
2026-04-06 17:40:02 | INFO |   tau::t_0: -0.3595
2026-04-06 17:40:02 | INFO |   tau::t_1: -0.2600
2026-04-06 17:40:02 | INFO |   tau::t_2: -0.3033
2026-04-06 17:40:02 | INFO |   tau::t_3: -0.3755
2026-04-06 17:40:02 | INFO |   tau::t_4: -0.3310
2026-04-06 17:40:02 | INFO |   tau::t_5: -0.3067
2026-04-06 17:40:02 | INFO |   tau::t_6: -0.3094
2026-04-06 17:40:02 | INFO |   tau::t_7: -0.3343
2026-04-06 17:40:02 | INFO |   tau::t_8: -0.2980
2026-04-06 17:40:02 | INFO |   tau::t_9: -0.2503
2026-04-06 17:40:02 | INFO |   tau::t_10: -0.2912
2026-04-06 17:40:02 | INFO |   tau::t_11: -0.2887
2026-04-06 17:40:02 | INFO |   tau::t_12: -0.2621
2026-04-06 17:40:02 | INFO |   tau::t_13: -0.2501
2026-04-06 17:40:02 | INFO |   tau::t_14: -0.4165
2026-04-06 17:40:02 | INFO |   beta: -0.1391
2026-04-06 17:40:02 | INFO |   interaction::knn_8: 0.8562
2026-04-06 17:40:02 | INFO |   eta: 0.3635
2026-04-06 17:40:02 | INFO |   zeta: 0.1363
2026-04-06 17:40:02 | INFO |   psi: 3.4128
2026-04-06 17:40:02 | INFO | Saved summary tables to C:\Users\phevo\Documents\MIT\Code\MPLE-Causal-Inference\experiments\SeattleDMI\static\any_crime_gt_district_mean_pm1__knn_8\mple_summary.csv and C:\Users\phevo\Documents\MIT\Code\MPLE-Causal-Inference\experiments\SeattleDMI\static\any_crime_gt_district_mean_pm1__knn_8\mple_summary.md
2026-04-06 17:40:02 | INFO | Log saved to C:\Users\phevo\Documents\MIT\Code\MPLE-Causal-Inference\experiments\SeattleDMI\static\any_crime_gt_district_mean_pm1__knn_8\mple.log
