2026-04-05 18:53:25 | INFO | Loading data...
2026-04-05 18:53:26 | INFO | Loaded 9 field templates and 1 interaction templates.
2026-04-05 18:53:26 | INFO | Running conditional-model MPLE on x with shape=(15, 9642)
2026-04-05 18:53:26 | INFO | Eval 0  |  Loss: 0.810973
2026-04-05 18:53:26 | INFO |   field::intercept: +0.0126,  field::total_pop: -0.0132,  field::black_share: +0.0640,  field::hispanic_share: +0.0105,  field::male_1521_share: -0.0536,  field::family_household_share: +0.0362,  field::female_household_share: +0.1304,  field::renter_share: +0.0947,  field::vacant_share: -0.0704,  tau block: mean=-0.0323, std=0.0897, min=-0.2325, max=+0.1366,  beta: +0.0903,  interaction::knn_8: +0.0094,  eta: -0.0743,  zeta: -0.0922,  psi: -0.0458
2026-04-05 18:53:29 | INFO | Eval 100  |  Loss: 0.238307
2026-04-05 18:53:29 | INFO |   field::intercept: +0.2569,  field::total_pop: -4.0068,  field::black_share: -0.2785,  field::hispanic_share: -0.3879,  field::male_1521_share: +0.2041,  field::family_household_share: +0.3423,  field::female_household_share: -0.3916,  field::renter_share: -0.1135,  field::vacant_share: -1.0905,  tau block: mean=-0.0161, std=0.0631, min=-0.1044, max=+0.1461,  beta: -0.0517,  interaction::knn_8: +1.0674,  eta: +0.5418,  zeta: -0.6209,  psi: +3.3660
2026-04-05 18:53:30 | INFO | Done fitting.
2026-04-05 18:53:30 | INFO | Optimizer status: CONVERGENCE: RELATIVE REDUCTION OF F <= FACTR*EPSMCH
2026-04-05 18:53:30 | INFO | Final Loss: 0.238305
2026-04-05 18:53:30 | INFO | Estimated Parameters:
2026-04-05 18:53:30 | INFO |   field::intercept: 0.2534
2026-04-05 18:53:30 | INFO |   field::total_pop: -3.9924
2026-04-05 18:53:30 | INFO |   field::black_share: -0.2740
2026-04-05 18:53:30 | INFO |   field::hispanic_share: -0.3857
2026-04-05 18:53:30 | INFO |   field::male_1521_share: 0.2268
2026-04-05 18:53:30 | INFO |   field::family_household_share: 0.3395
2026-04-05 18:53:30 | INFO |   field::female_household_share: -0.3833
2026-04-05 18:53:30 | INFO |   field::renter_share: -0.1150
2026-04-05 18:53:30 | INFO |   field::vacant_share: -1.2254
2026-04-05 18:53:30 | INFO |   tau::t_0: 0.0538
2026-04-05 18:53:30 | INFO |   tau::t_1: -0.0731
2026-04-05 18:53:30 | INFO |   tau::t_2: -0.0286
2026-04-05 18:53:30 | INFO |   tau::t_3: 0.0574
2026-04-05 18:53:30 | INFO |   tau::t_4: 0.0095
2026-04-05 18:53:30 | INFO |   tau::t_5: -0.0289
2026-04-05 18:53:30 | INFO |   tau::t_6: -0.0209
2026-04-05 18:53:30 | INFO |   tau::t_7: 0.0059
2026-04-05 18:53:30 | INFO |   tau::t_8: -0.0157
2026-04-05 18:53:30 | INFO |   tau::t_9: -0.1053
2026-04-05 18:53:30 | INFO |   tau::t_10: -0.0508
2026-04-05 18:53:30 | INFO |   tau::t_11: -0.0372
2026-04-05 18:53:30 | INFO |   tau::t_12: -0.0615
2026-04-05 18:53:30 | INFO |   tau::t_13: -0.0995
2026-04-05 18:53:30 | INFO |   tau::t_14: 0.1507
2026-04-05 18:53:30 | INFO |   beta: -0.0537
2026-04-05 18:53:30 | INFO |   interaction::knn_8: 1.0721
2026-04-05 18:53:30 | INFO |   eta: 0.5421
2026-04-05 18:53:30 | INFO |   zeta: -0.6551
2026-04-05 18:53:30 | INFO |   psi: 3.3726
2026-04-05 18:53:30 | INFO | Saved summary tables to C:\Users\phevo\Documents\MIT\Code\MPLE-Causal-Inference\experiments\SeattleDMI\any_crime_gt_2_pm1__knn_8\mple_summary.csv and C:\Users\phevo\Documents\MIT\Code\MPLE-Causal-Inference\experiments\SeattleDMI\any_crime_gt_2_pm1__knn_8\mple_summary.md
2026-04-05 18:53:30 | INFO | Log saved to C:\Users\phevo\Documents\MIT\Code\MPLE-Causal-Inference\experiments\SeattleDMI\any_crime_gt_2_pm1__knn_8\mple.log
