2026-04-07 13:13:13 | INFO | Loading data...
2026-04-07 13:13:13 | INFO | Loaded 6 field templates and 1 interaction templates.
2026-04-07 13:13:13 | INFO | Intervention-process model enabled: True
2026-04-07 13:13:13 | INFO | Tau zero-mean enabled: False
2026-04-07 13:13:13 | INFO | Tau smoothness lambda: 0.000000
2026-04-07 13:13:13 | INFO | Running conditional-model MPLE on x with shape=(69, 3203)
2026-04-07 13:13:14 | INFO | Eval 0  |  Loss: 0.586855
2026-04-07 13:13:14 | INFO |   field::log_population: +0.0126,  field::median_household_income: -0.0132,  field::poverty_rate: +0.0640,  field::pct_black: +0.0105,  field::pct_hispanic: -0.0536,  field::pct_in_labor_force: +0.0362,  tau block: mean=+0.0117, std=0.0982, min=-0.2325, max=+0.1960,  beta: -0.1320,  interaction::contiguity: -0.0662,  eta: +0.0935,  zeta: +0.0049,  psi: +0.2002
2026-04-07 13:13:18 | INFO | Done fitting.
2026-04-07 13:13:18 | INFO | Optimizer status: CONVERGENCE: RELATIVE REDUCTION OF F <= FACTR*EPSMCH
2026-04-07 13:13:18 | INFO | Final Loss: 0.160027
2026-04-07 13:13:18 | INFO | Estimated Parameters:
2026-04-07 13:13:18 | INFO |   field::log_population: 0.3158
2026-04-07 13:13:18 | INFO |   field::median_household_income: -0.2600
2026-04-07 13:13:18 | INFO |   field::poverty_rate: -0.0534
2026-04-07 13:13:18 | INFO |   field::pct_black: -0.1423
2026-04-07 13:13:18 | INFO |   field::pct_hispanic: -0.1454
2026-04-07 13:13:18 | INFO |   field::pct_in_labor_force: 0.1076
2026-04-07 13:13:18 | INFO |   tau::t_0: 0.1845
2026-04-07 13:13:18 | INFO |   tau::t_1: 0.0901
2026-04-07 13:13:18 | INFO |   tau::t_2: 0.0209
2026-04-07 13:13:18 | INFO |   tau::t_3: -0.0809
2026-04-07 13:13:18 | INFO |   tau::t_4: -0.2069
2026-04-07 13:13:18 | INFO |   tau::t_5: 0.0736
2026-04-07 13:13:18 | INFO |   tau::t_6: -0.1265
2026-04-07 13:13:18 | INFO |   tau::t_7: 0.0042
2026-04-07 13:13:18 | INFO |   tau::t_8: 0.0075
2026-04-07 13:13:18 | INFO |   tau::t_9: 0.0967
2026-04-07 13:13:18 | INFO |   tau::t_10: 0.0120
2026-04-07 13:13:18 | INFO |   tau::t_11: 0.1436
2026-04-07 13:13:18 | INFO |   tau::t_12: 0.0707
2026-04-07 13:13:18 | INFO |   tau::t_13: -0.0259
2026-04-07 13:13:18 | INFO |   tau::t_14: 0.0141
2026-04-07 13:13:18 | INFO |   tau::t_15: -0.0766
2026-04-07 13:13:18 | INFO |   tau::t_16: -0.1429
2026-04-07 13:13:18 | INFO |   tau::t_17: -0.1698
2026-04-07 13:13:18 | INFO |   tau::t_18: -0.1260
2026-04-07 13:13:18 | INFO |   tau::t_19: -0.3253
2026-04-07 13:13:18 | INFO |   tau::t_20: -0.1316
2026-04-07 13:13:18 | INFO |   tau::t_21: -0.3143
2026-04-07 13:13:18 | INFO |   tau::t_22: -0.2603
2026-04-07 13:13:18 | INFO |   tau::t_23: -0.2052
2026-04-07 13:13:18 | INFO |   tau::t_24: -0.0095
2026-04-07 13:13:18 | INFO |   tau::t_25: 0.1001
2026-04-07 13:13:18 | INFO |   tau::t_26: 0.2562
2026-04-07 13:13:18 | INFO |   tau::t_27: 0.3156
2026-04-07 13:13:18 | INFO |   tau::t_28: 0.3539
2026-04-07 13:13:18 | INFO |   tau::t_29: 0.4056
2026-04-07 13:13:18 | INFO |   tau::t_30: 0.3236
2026-04-07 13:13:18 | INFO |   tau::t_31: 0.4268
2026-04-07 13:13:18 | INFO |   tau::t_32: 0.4158
2026-04-07 13:13:18 | INFO |   tau::t_33: 0.3013
2026-04-07 13:13:18 | INFO |   tau::t_34: 0.4597
2026-04-07 13:13:18 | INFO |   tau::t_35: 0.4035
2026-04-07 13:13:18 | INFO |   tau::t_36: 0.2251
2026-04-07 13:13:18 | INFO |   tau::t_37: 0.1096
2026-04-07 13:13:18 | INFO |   tau::t_38: -0.0207
2026-04-07 13:13:18 | INFO |   tau::t_39: 0.0222
2026-04-07 13:13:18 | INFO |   tau::t_40: -0.0199
2026-04-07 13:13:18 | INFO |   tau::t_41: 0.0236
2026-04-07 13:13:18 | INFO |   tau::t_42: 0.1119
2026-04-07 13:13:18 | INFO |   tau::t_43: 0.1546
2026-04-07 13:13:18 | INFO |   tau::t_44: -0.1794
2026-04-07 13:13:18 | INFO |   tau::t_45: 0.4796
2026-04-07 13:13:18 | INFO |   tau::t_46: 0.1585
2026-04-07 13:13:18 | INFO |   tau::t_47: 0.1285
2026-04-07 13:13:18 | INFO |   tau::t_48: 0.1628
2026-04-07 13:13:18 | INFO |   tau::t_49: 0.6343
2026-04-07 13:13:18 | INFO |   tau::t_50: 1.1597
2026-04-07 13:13:18 | INFO |   tau::t_51: 1.2171
2026-04-07 13:13:18 | INFO |   tau::t_52: 1.9030
2026-04-07 13:13:18 | INFO |   tau::t_53: 1.8766
2026-04-07 13:13:18 | INFO |   tau::t_54: 1.1158
2026-04-07 13:13:18 | INFO |   tau::t_55: 0.3886
2026-04-07 13:13:18 | INFO |   tau::t_56: -0.0246
2026-04-07 13:13:18 | INFO |   tau::t_57: -0.2976
2026-04-07 13:13:18 | INFO |   tau::t_58: -0.2417
2026-04-07 13:13:18 | INFO |   tau::t_59: -0.2153
2026-04-07 13:13:18 | INFO |   tau::t_60: -0.1446
2026-04-07 13:13:18 | INFO |   tau::t_61: -0.1172
2026-04-07 13:13:18 | INFO |   tau::t_62: -0.1661
2026-04-07 13:13:18 | INFO |   tau::t_63: -0.0674
2026-04-07 13:13:18 | INFO |   tau::t_64: -0.0893
2026-04-07 13:13:18 | INFO |   tau::t_65: 0.1144
2026-04-07 13:13:18 | INFO |   tau::t_66: 0.0430
2026-04-07 13:13:18 | INFO |   tau::t_67: 0.1303
2026-04-07 13:13:18 | INFO |   tau::t_68: 0.1500
2026-04-07 13:13:18 | INFO |   beta: 0.0392
2026-04-07 13:13:18 | INFO |   interaction::contiguity: 2.4585
2026-04-07 13:13:18 | INFO |   eta: 0.5072
2026-04-07 13:13:18 | INFO |   zeta: 0.1298
2026-04-07 13:13:18 | INFO |   psi: 2.7298
2026-04-07 13:13:18 | INFO | Saved summary tables to C:\Users\phevo\Documents\MIT\Code\MPLE-Causal-Inference\experiments\USCountyVaccination_US\USCountyVaccination_US_tau_unrestricted\outcome_case_rate_100k_ge_100__intervention_complete_cov_ge_60__lag_1w__contiguity\mple_summary.csv and C:\Users\phevo\Documents\MIT\Code\MPLE-Causal-Inference\experiments\USCountyVaccination_US\USCountyVaccination_US_tau_unrestricted\outcome_case_rate_100k_ge_100__intervention_complete_cov_ge_60__lag_1w__contiguity\mple_summary.md
2026-04-07 13:13:18 | INFO | Log saved to C:\Users\phevo\Documents\MIT\Code\MPLE-Causal-Inference\experiments\USCountyVaccination_US\USCountyVaccination_US_tau_unrestricted\outcome_case_rate_100k_ge_100__intervention_complete_cov_ge_60__lag_1w__contiguity\mple.log
