2026-04-29 10:18:59 | INFO | Loading data...
2026-04-29 10:18:59 | INFO | Using panel artifact: /orcd/home/002/phevosp/MPLE-Causal-Inference/experiments/SyntheticHybridExperiments/hybrid_us_county_intervention_uscounty_graph_rank_20/panel_data.npz
2026-04-29 10:18:59 | INFO | Using x_0 artifact: /orcd/home/002/phevosp/MPLE-Causal-Inference/experiments/SyntheticHybridExperiments/hybrid_us_county_intervention_uscounty_graph_rank_20/x_0.npy
2026-04-29 10:18:59 | INFO | Using fit config: /orcd/home/002/phevosp/MPLE-Causal-Inference/experiments/SyntheticHybridExperiments/hybrid_us_county_intervention_uscounty_graph_rank_20/fits/alternating_rank_10_uv_5_e1/fit_realized_config.yaml
2026-04-29 10:18:59 | INFO | Using model artifact directory: /orcd/home/002/phevosp/MPLE-Causal-Inference/experiments/SyntheticHybridExperiments/hybrid_us_county_intervention_uscounty_graph_rank_20
2026-04-29 10:18:59 | INFO | Using truth artifact directory: /orcd/home/002/phevosp/MPLE-Causal-Inference/experiments/SyntheticHybridExperiments/hybrid_us_county_intervention_uscounty_graph_rank_20
2026-04-29 10:18:59 | INFO | Configured optimizer mode: alternating_latent_rank
2026-04-29 10:18:59 | INFO | Configured latent rank: 10
2026-04-29 10:18:59 | INFO | Using a fixed known graph with scalar xi.
2026-04-29 10:18:59 | INFO | Fit-time hard bounds active: False
2026-04-29 10:18:59 | INFO | Fixed scalar parameters: {}
2026-04-29 10:18:59 | INFO | Warm-start fixed scalars: {} for 0 steps
2026-04-29 10:18:59 | INFO | Beta mask before s: False with s=55
2026-04-29 10:18:59 | INFO | Beta mask after e: False with e=120
2026-04-29 10:18:59 | INFO | Alternating V-column L2-ball constraint active with radius 1.0
2026-04-29 10:18:59 | INFO | Optimizer settings: steps=20000, tol=1e-09, n_starts=1, seed=0, lambda_nuclear=0.0, lambda_frobenius=0.0, lambda_uv_ridge=0.5, v_column_l2_max=1.0, proximal_lr=1.0
2026-04-29 10:18:59 | INFO | Alternating low-rank start 1/1 | seed=0 | initial_loss=0.780312 | initial_penalized=0.780342
2026-04-29 10:18:59 | INFO | Alternating low-rank iter 0 | Loss: 0.471637 | Penalized: 0.481667
2026-04-29 10:19:13 | INFO | Alternating low-rank iter 100 | Loss: 0.450497 | Penalized: 0.471173
2026-04-29 10:19:26 | INFO | Alternating low-rank iter 200 | Loss: 0.450005 | Penalized: 0.470772
2026-04-29 10:19:39 | INFO | Alternating low-rank iter 300 | Loss: 0.449926 | Penalized: 0.470725
2026-04-29 10:19:52 | INFO | Alternating low-rank iter 400 | Loss: 0.449901 | Penalized: 0.470715
2026-04-29 10:20:05 | INFO | Alternating low-rank iter 500 | Loss: 0.449891 | Penalized: 0.470711
2026-04-29 10:20:18 | INFO | Alternating low-rank iter 600 | Loss: 0.449885 | Penalized: 0.470709
2026-04-29 10:20:32 | INFO | Alternating low-rank iter 700 | Loss: 0.449882 | Penalized: 0.470708
2026-04-29 10:20:45 | INFO | Alternating low-rank iter 800 | Loss: 0.449881 | Penalized: 0.470708
2026-04-29 10:20:58 | INFO | Alternating low-rank iter 900 | Loss: 0.449880 | Penalized: 0.470708
2026-04-29 10:21:11 | INFO | Alternating low-rank iter 1000 | Loss: 0.449879 | Penalized: 0.470707
2026-04-29 10:21:20 | INFO | Done fitting.
2026-04-29 10:21:20 | INFO | Optimizer status: CONVERGED: alternating objective tolerance reached
2026-04-29 10:21:20 | INFO | Best optimizer start: 1 / 1
2026-04-29 10:21:20 | INFO | Final Loss: 0.449879
2026-04-29 10:21:20 | INFO | Estimated vs True Parameters:
2026-04-29 10:21:20 | INFO |   beta: -0.2601 (True: -0.3000) | SQE: 0.001589
2026-04-29 10:21:20 | INFO |   xi: 0.7640 (True: 0.8000) | SQE: 0.001296
2026-04-29 10:21:20 | INFO |   eta: 0.3433 (True: 0.3000) | SQE: 0.001874
2026-04-29 10:21:20 | INFO | Alternating low-rank optimizer diagnostics:
2026-04-29 10:21:20 | INFO |   penalized_objective: 0.470707
2026-04-29 10:21:20 | INFO |   mple_loss_without_penalty: 0.449879
2026-04-29 10:21:20 | INFO |   lambda_uv_ridge: 0.500000
2026-04-29 10:21:20 | INFO |   u_frobenius_norm: 122.603318
2026-04-29 10:21:20 | INFO |   v_frobenius_norm: 3.162278
2026-04-29 10:21:20 | INFO |   effective_rank: 10.000000
2026-04-29 10:21:20 | INFO | Field and interaction diagnostics:
2026-04-29 10:21:20 | INFO |   field_rmse: 0.209773
2026-04-29 10:21:20 | INFO |   interaction_fro_error: 0.340039
2026-04-29 10:21:20 | INFO |   estimated_field_max_abs_entry: 1.244349
2026-04-29 10:21:20 | INFO |   estimated_field_rank: 10.000000
2026-04-29 10:21:20 | INFO |   true_field_max_abs_entry: 2.000000
2026-04-29 10:21:20 | INFO |   true_field_rank: 20.000000
2026-04-29 10:21:20 | INFO | Saved summary table to /orcd/home/002/phevosp/MPLE-Causal-Inference/experiments/SyntheticHybridExperiments/hybrid_us_county_intervention_uscounty_graph_rank_20/fits/alternating_rank_10_uv_5_e1/mple_summary.csv
2026-04-29 10:21:20 | INFO | Log saved to /orcd/home/002/phevosp/MPLE-Causal-Inference/experiments/SyntheticHybridExperiments/hybrid_us_county_intervention_uscounty_graph_rank_20/fits/alternating_rank_10_uv_5_e1/mple.log
