2026-04-30 12:33:32 | INFO | Loading data...
2026-04-30 12:33:32 | INFO | Using panel artifact: /orcd/home/002/phevosp/MPLE-Causal-Inference/experiments/SyntheticHybridExperiments/r5_c1_hybrid_us_county_intervention_uscounty_graph_contiguous_confounding/panel_data.npz
2026-04-30 12:33:32 | INFO | Using x_0 artifact: /orcd/home/002/phevosp/MPLE-Causal-Inference/experiments/SyntheticHybridExperiments/r5_c1_hybrid_us_county_intervention_uscounty_graph_contiguous_confounding/x_0.npy
2026-04-30 12:33:32 | INFO | Using fit config: /orcd/home/002/phevosp/MPLE-Causal-Inference/experiments/SyntheticHybridExperiments/r5_c1_hybrid_us_county_intervention_uscounty_graph_contiguous_confounding/fits/alternating_rank_5_uv_1_e3/fit_realized_config.yaml
2026-04-30 12:33:32 | INFO | Using model artifact directory: /orcd/home/002/phevosp/MPLE-Causal-Inference/experiments/SyntheticHybridExperiments/r5_c1_hybrid_us_county_intervention_uscounty_graph_contiguous_confounding
2026-04-30 12:33:32 | INFO | Using truth artifact directory: /orcd/home/002/phevosp/MPLE-Causal-Inference/experiments/SyntheticHybridExperiments/r5_c1_hybrid_us_county_intervention_uscounty_graph_contiguous_confounding
2026-04-30 12:33:32 | INFO | Configured optimizer mode: alternating_latent_rank
2026-04-30 12:33:32 | INFO | Configured latent rank: 5
2026-04-30 12:33:32 | INFO | Using a fixed known graph with scalar xi.
2026-04-30 12:33:32 | INFO | Fit-time hard bounds active: False
2026-04-30 12:33:32 | INFO | Fixed scalar parameters: {}
2026-04-30 12:33:32 | INFO | Warm-start fixed scalars: {} for 0 steps
2026-04-30 12:33:32 | INFO | Beta mask before s: False with s=55
2026-04-30 12:33:32 | INFO | Beta mask after e: False with e=120
2026-04-30 12:33:32 | INFO | Alternating V-column L2-ball constraint active with radius 1.0
2026-04-30 12:33:32 | INFO | Optimizer settings: steps=20000, tol=1e-09, n_starts=1, seed=0, lambda_nuclear=0.0, lambda_frobenius=0.0, lambda_uv_ridge=0.001, v_column_l2_max=1.0, proximal_lr=1.0
2026-04-30 12:33:32 | INFO | Alternating low-rank start 1/1 | seed=0 | initial_loss=0.698378 | initial_penalized=0.698378
2026-04-30 12:33:32 | INFO | Alternating low-rank iter 0 | Loss: 0.592875 | Penalized: 0.592936
2026-04-30 12:33:41 | INFO | Alternating low-rank iter 100 | Loss: 0.549249 | Penalized: 0.549595
2026-04-30 12:33:51 | INFO | Alternating low-rank iter 200 | Loss: 0.549177 | Penalized: 0.549521
2026-04-30 12:34:01 | INFO | Alternating low-rank iter 300 | Loss: 0.549176 | Penalized: 0.549520
2026-04-30 12:34:01 | INFO | Done fitting.
2026-04-30 12:34:01 | INFO | Optimizer status: CONVERGED: alternating objective tolerance reached
2026-04-30 12:34:01 | INFO | Best optimizer start: 1 / 1
2026-04-30 12:34:01 | INFO | Final Loss: 0.549176
2026-04-30 12:34:01 | INFO | Estimated vs True Parameters:
2026-04-30 12:34:01 | INFO |   beta: -0.3079 (True: -0.3000) | SQE: 0.000063
2026-04-30 12:34:01 | INFO |   xi: 0.8671 (True: 0.8000) | SQE: 0.004505
2026-04-30 12:34:01 | INFO |   eta: 0.2962 (True: 0.3000) | SQE: 0.000014
2026-04-30 12:34:01 | INFO | Alternating low-rank optimizer diagnostics:
2026-04-30 12:34:01 | INFO |   penalized_objective: 0.549520
2026-04-30 12:34:01 | INFO |   mple_loss_without_penalty: 0.549176
2026-04-30 12:34:01 | INFO |   lambda_uv_ridge: 0.001000
2026-04-30 12:34:01 | INFO |   u_frobenius_norm: 352.568659
2026-04-30 12:34:01 | INFO |   v_frobenius_norm: 2.236068
2026-04-30 12:34:01 | INFO |   effective_rank: 5.000000
2026-04-30 12:34:01 | INFO | Field and interaction diagnostics:
2026-04-30 12:34:01 | INFO |   field_rmse: 0.268810
2026-04-30 12:34:01 | INFO |   interaction_fro_error: 0.634737
2026-04-30 12:34:01 | INFO |   estimated_field_max_abs_entry: 4.065197
2026-04-30 12:34:01 | INFO |   estimated_field_rank: 5.000000
2026-04-30 12:34:01 | INFO |   true_field_max_abs_entry: 2.906201
2026-04-30 12:34:01 | INFO |   true_field_rank: 5.000000
2026-04-30 12:34:01 | INFO | Saved summary table to /orcd/home/002/phevosp/MPLE-Causal-Inference/experiments/SyntheticHybridExperiments/r5_c1_hybrid_us_county_intervention_uscounty_graph_contiguous_confounding/fits/alternating_rank_5_uv_1_e3/mple_summary.csv
2026-04-30 12:34:01 | INFO | Log saved to /orcd/home/002/phevosp/MPLE-Causal-Inference/experiments/SyntheticHybridExperiments/r5_c1_hybrid_us_county_intervention_uscounty_graph_contiguous_confounding/fits/alternating_rank_5_uv_1_e3/mple.log
