2026-04-19 14:00:46 | INFO | Loading data...
2026-04-19 14:00:46 | INFO | Using panel artifact: C:\Users\phevo\Documents\MIT\Code\MPLE-Causal-Inference\experiments\USCountyVaccination_US_sensitivity\outcome_death_rate_100k_ge_2__intervention_complete_cov_ge_40__lag_2w__contiguity__start_2020_09_06\panel_data.npz
2026-04-19 14:00:46 | INFO | Using x_0 artifact: C:\Users\phevo\Documents\MIT\Code\MPLE-Causal-Inference\experiments\USCountyVaccination_US_sensitivity\outcome_death_rate_100k_ge_2__intervention_complete_cov_ge_40__lag_2w__contiguity__start_2020_09_06\x_0.npy
2026-04-19 14:00:46 | INFO | Using z_0 artifact: C:\Users\phevo\Documents\MIT\Code\MPLE-Causal-Inference\experiments\USCountyVaccination_US_sensitivity\outcome_death_rate_100k_ge_2__intervention_complete_cov_ge_40__lag_2w__contiguity__start_2020_09_06\z_0.npy
2026-04-19 14:00:46 | INFO | Using fit config: C:\Users\phevo\Documents\MIT\Code\MPLE-Causal-Inference\experiments\USCountyVaccination_US_sensitivity\outcome_death_rate_100k_ge_2__intervention_complete_cov_ge_40__lag_2w__contiguity__start_2020_09_06\fits\rank_40_b2\fit_realized_config.yaml
2026-04-19 14:00:46 | INFO | Using model artifact directory: C:\Users\phevo\Documents\MIT\Code\MPLE-Causal-Inference\experiments\USCountyVaccination_US_sensitivity\outcome_death_rate_100k_ge_2__intervention_complete_cov_ge_40__lag_2w__contiguity__start_2020_09_06
2026-04-19 14:00:46 | INFO | Using truth artifact directory: C:\Users\phevo\Documents\MIT\Code\MPLE-Causal-Inference\experiments\USCountyVaccination_US_sensitivity\outcome_death_rate_100k_ge_2__intervention_complete_cov_ge_40__lag_2w__contiguity__start_2020_09_06
2026-04-19 14:00:46 | INFO | Configured latent rank: 40
2026-04-19 14:00:46 | INFO | Using a fixed known graph with scalar xi.
2026-04-19 14:00:46 | INFO | Intervention-process model enabled: False
2026-04-19 14:00:46 | INFO | Global temperature bound B active: True
2026-04-19 14:00:46 | INFO | Effective xi bound from interaction constraint: 2.000000
2026-04-19 14:00:46 | INFO | Beta mask pre-intervention enabled: True
2026-04-19 14:00:46 | INFO | Fixed scalar parameters: {}
2026-04-19 14:00:46 | INFO | Optimizer settings: n_starts=5, lbfgs_steps=50000, tol=1e-09, adam_steps=1000, adam_lr=0.01, adam_device=cpu, seed=0
2026-04-19 14:00:46 | INFO | Optimizer start 1/5 | seed=0 | initial_loss=0.685576
2026-04-19 14:00:50 | INFO | Start 1 Adam step 0 | Loss: 0.685576
2026-04-19 14:00:51 | INFO | Start 1 Adam step 100 | Loss: 0.358069
2026-04-19 14:00:52 | INFO | Start 1 Adam step 200 | Loss: 0.373754
2026-04-19 14:00:54 | INFO | Start 1 Adam step 300 | Loss: 0.342703
2026-04-19 14:00:56 | INFO | Start 1 Adam step 400 | Loss: 0.343758
2026-04-19 14:00:57 | INFO | Start 1 Adam step 500 | Loss: 0.353264
2026-04-19 14:00:59 | INFO | Start 1 Adam step 600 | Loss: 0.349017
2026-04-19 14:01:00 | INFO | Start 1 Adam step 700 | Loss: 0.342634
2026-04-19 14:01:02 | INFO | Start 1 Adam step 800 | Loss: 0.344419
2026-04-19 14:01:03 | INFO | Start 1 Adam step 900 | Loss: 0.339875
2026-04-19 14:01:05 | INFO | Start 1 L-BFGS eval 0 | Loss: 0.341746
2026-04-19 14:01:05 | INFO |   beta: +0.0111,  xi: +1.8142,  eta: +0.2962
2026-04-19 14:01:07 | INFO | Optimizer start 1/5 complete | final_loss=0.333588 | status=ABNORMAL: 
2026-04-19 14:01:07 | INFO | Optimizer start 2/5 | seed=1 | initial_loss=0.652386
2026-04-19 14:01:07 | INFO | Start 2 Adam step 0 | Loss: 0.652386
2026-04-19 14:01:09 | INFO | Start 2 Adam step 100 | Loss: 0.352655
2026-04-19 14:01:10 | INFO | Start 2 Adam step 200 | Loss: 0.379870
2026-04-19 14:01:12 | INFO | Start 2 Adam step 300 | Loss: 0.343827
2026-04-19 14:01:13 | INFO | Start 2 Adam step 400 | Loss: 0.348388
2026-04-19 14:01:15 | INFO | Start 2 Adam step 500 | Loss: 0.354461
2026-04-19 14:01:16 | INFO | Start 2 Adam step 600 | Loss: 0.344322
2026-04-19 14:01:18 | INFO | Start 2 Adam step 700 | Loss: 0.341580
2026-04-19 14:01:20 | INFO | Start 2 Adam step 800 | Loss: 0.341119
2026-04-19 14:01:21 | INFO | Start 2 Adam step 900 | Loss: 0.339816
2026-04-19 14:01:23 | INFO | Start 2 L-BFGS eval 0 | Loss: 0.340651
2026-04-19 14:01:23 | INFO |   beta: +0.0188,  xi: +1.8036,  eta: +0.3024
2026-04-19 14:01:26 | INFO | Start 2 L-BFGS eval 100 | Loss: 0.335268
2026-04-19 14:01:26 | INFO |   beta: +0.0167,  xi: +1.7868,  eta: +0.3009
2026-04-19 14:01:29 | INFO | Optimizer start 2/5 complete | final_loss=0.335269 | status=ABNORMAL: 
2026-04-19 14:01:29 | INFO | Optimizer start 3/5 | seed=2 | initial_loss=0.727841
2026-04-19 14:01:29 | INFO | Start 3 Adam step 0 | Loss: 0.727841
2026-04-19 14:01:30 | INFO | Start 3 Adam step 100 | Loss: 0.365432
2026-04-19 14:01:32 | INFO | Start 3 Adam step 200 | Loss: 0.368926
2026-04-19 14:01:33 | INFO | Start 3 Adam step 300 | Loss: 0.387121
2026-04-19 14:01:35 | INFO | Start 3 Adam step 400 | Loss: 0.340935
2026-04-19 14:01:36 | INFO | Start 3 Adam step 500 | Loss: 0.347143
2026-04-19 14:01:38 | INFO | Start 3 Adam step 600 | Loss: 0.346916
2026-04-19 14:01:39 | INFO | Start 3 Adam step 700 | Loss: 0.341939
2026-04-19 14:01:41 | INFO | Start 3 Adam step 800 | Loss: 0.348178
2026-04-19 14:01:42 | INFO | Start 3 Adam step 900 | Loss: 0.340373
2026-04-19 14:01:44 | INFO | Start 3 L-BFGS eval 0 | Loss: 0.339265
2026-04-19 14:01:44 | INFO |   beta: +0.0175,  xi: +1.8113,  eta: +0.3021
2026-04-19 14:01:47 | INFO | Start 3 L-BFGS eval 100 | Loss: 0.334088
2026-04-19 14:01:47 | INFO |   beta: +0.0153,  xi: +1.7828,  eta: +0.2972
2026-04-19 14:01:47 | INFO | Optimizer start 3/5 complete | final_loss=0.334088 | status=ABNORMAL: 
2026-04-19 14:01:48 | INFO | Optimizer start 4/5 | seed=3 | initial_loss=0.709551
2026-04-19 14:01:48 | INFO | Start 4 Adam step 0 | Loss: 0.709551
2026-04-19 14:01:49 | INFO | Start 4 Adam step 100 | Loss: 0.366809
2026-04-19 14:01:51 | INFO | Start 4 Adam step 200 | Loss: 0.379254
2026-04-19 14:01:52 | INFO | Start 4 Adam step 300 | Loss: 0.382820
2026-04-19 14:01:53 | INFO | Start 4 Adam step 400 | Loss: 0.346824
2026-04-19 14:01:55 | INFO | Start 4 Adam step 500 | Loss: 0.351483
2026-04-19 14:01:56 | INFO | Start 4 Adam step 600 | Loss: 0.338063
2026-04-19 14:01:58 | INFO | Start 4 Adam step 700 | Loss: 0.345326
2026-04-19 14:01:59 | INFO | Start 4 Adam step 800 | Loss: 0.343730
2026-04-19 14:02:01 | INFO | Start 4 Adam step 900 | Loss: 0.340485
2026-04-19 14:02:02 | INFO | Start 4 L-BFGS eval 0 | Loss: 0.341719
2026-04-19 14:02:02 | INFO |   beta: +0.0273,  xi: +1.7950,  eta: +0.2933
2026-04-19 14:02:06 | INFO | Start 4 L-BFGS eval 100 | Loss: 0.330668
2026-04-19 14:02:06 | INFO |   beta: +0.0145,  xi: +1.7913,  eta: +0.2902
2026-04-19 14:02:09 | INFO | Start 4 L-BFGS eval 200 | Loss: 0.330517
2026-04-19 14:02:09 | INFO |   beta: +0.0221,  xi: +1.7877,  eta: +0.2938
2026-04-19 14:02:13 | INFO | Start 4 L-BFGS eval 300 | Loss: 0.330483
2026-04-19 14:02:13 | INFO |   beta: -0.0089,  xi: +1.7769,  eta: +0.3266
2026-04-19 14:02:16 | INFO | Start 4 L-BFGS eval 400 | Loss: 0.329117
2026-04-19 14:02:16 | INFO |   beta: +0.0263,  xi: +1.7632,  eta: +0.2914
2026-04-19 14:02:17 | INFO | Optimizer start 4/5 complete | final_loss=0.329117 | status=ABNORMAL: 
2026-04-19 14:02:17 | INFO | Optimizer start 5/5 | seed=4 | initial_loss=0.688274
2026-04-19 14:02:17 | INFO | Start 5 Adam step 0 | Loss: 0.688274
2026-04-19 14:02:18 | INFO | Start 5 Adam step 100 | Loss: 0.359222
2026-04-19 14:02:20 | INFO | Start 5 Adam step 200 | Loss: 0.376866
2026-04-19 14:02:21 | INFO | Start 5 Adam step 300 | Loss: 0.340962
2026-04-19 14:02:22 | INFO | Start 5 Adam step 400 | Loss: 0.350493
2026-04-19 14:02:24 | INFO | Start 5 Adam step 500 | Loss: 0.354156
2026-04-19 14:02:25 | INFO | Start 5 Adam step 600 | Loss: 0.341246
2026-04-19 14:02:27 | INFO | Start 5 Adam step 700 | Loss: 0.340894
2026-04-19 14:02:28 | INFO | Start 5 Adam step 800 | Loss: 0.338737
2026-04-19 14:02:29 | INFO | Start 5 Adam step 900 | Loss: 0.343007
2026-04-19 14:02:31 | INFO | Start 5 L-BFGS eval 0 | Loss: 0.339288
2026-04-19 14:02:31 | INFO |   beta: +0.0124,  xi: +1.8105,  eta: +0.3026
2026-04-19 14:02:35 | INFO | Start 5 L-BFGS eval 100 | Loss: 0.330903
2026-04-19 14:02:35 | INFO |   beta: +0.0143,  xi: +1.7893,  eta: +0.2976
2026-04-19 14:02:35 | INFO | Optimizer start 5/5 complete | final_loss=0.330903 | status=CONVERGENCE: RELATIVE REDUCTION OF F <= FACTR*EPSMCH
2026-04-19 14:02:35 | INFO | Done fitting.
2026-04-19 14:02:35 | INFO | Optimizer status: ABNORMAL:  | best_start=4/5
2026-04-19 14:02:35 | INFO | Best optimizer start: 4 / 5
2026-04-19 14:02:35 | INFO | Final Loss: 0.329117
2026-04-19 14:02:35 | INFO | Estimated Parameters:
2026-04-19 14:02:35 | INFO |   beta: 0.0263
2026-04-19 14:02:35 | INFO |   xi: 1.7632
2026-04-19 14:02:35 | INFO |   eta: 0.2914
2026-04-19 14:02:35 | INFO | Field and interaction diagnostics:
2026-04-19 14:02:35 | INFO |   estimated_field_inf_norm: 2.000000
2026-04-19 14:02:35 | INFO |   estimated_field_rank: 40.000000
2026-04-19 14:02:35 | INFO |   bound_B: 2.000000
2026-04-19 14:02:35 | INFO | Saved summary tables to C:\Users\phevo\Documents\MIT\Code\MPLE-Causal-Inference\experiments\USCountyVaccination_US_sensitivity\outcome_death_rate_100k_ge_2__intervention_complete_cov_ge_40__lag_2w__contiguity__start_2020_09_06\fits\rank_40_b2\mple_summary.csv and C:\Users\phevo\Documents\MIT\Code\MPLE-Causal-Inference\experiments\USCountyVaccination_US_sensitivity\outcome_death_rate_100k_ge_2__intervention_complete_cov_ge_40__lag_2w__contiguity__start_2020_09_06\fits\rank_40_b2\mple_summary.md
2026-04-19 14:02:35 | INFO | Log saved to C:\Users\phevo\Documents\MIT\Code\MPLE-Causal-Inference\experiments\USCountyVaccination_US_sensitivity\outcome_death_rate_100k_ge_2__intervention_complete_cov_ge_40__lag_2w__contiguity__start_2020_09_06\fits\rank_40_b2\mple.log
