2026-04-07 11:45:17 | INFO | Loading data...
2026-04-07 11:45:17 | INFO | Loaded 6 field templates and 1 interaction templates.
2026-04-07 11:45:17 | INFO | Intervention-process model enabled: True
2026-04-07 11:45:17 | INFO | Tau zero-mean enabled: False
2026-04-07 11:45:17 | INFO | Tau smoothness lambda: 0.000000
2026-04-07 11:45:17 | INFO | Running conditional-model MPLE on x with shape=(70, 3203)
2026-04-07 11:45:17 | INFO | Eval 0  |  Loss: 0.682707
2026-04-07 11:45:17 | INFO |   field::log_population: +0.0126,  field::median_household_income: -0.0132,  field::poverty_rate: +0.0640,  field::pct_black: +0.0105,  field::pct_hispanic: -0.0536,  field::pct_in_labor_force: +0.0362,  tau block: mean=+0.0096, std=0.0990, min=-0.2325, max=+0.1960,  beta: -0.0662,  interaction::contiguity: +0.0935,  eta: +0.0049,  zeta: +0.2002,  psi: +0.0189
2026-04-07 11:45:20 | INFO | Done fitting.
2026-04-07 11:45:20 | INFO | Optimizer status: CONVERGENCE: RELATIVE REDUCTION OF F <= FACTR*EPSMCH
2026-04-07 11:45:20 | INFO | Final Loss: 0.288894
2026-04-07 11:45:20 | INFO | Estimated Parameters:
2026-04-07 11:45:20 | INFO |   field::log_population: 1.0345
2026-04-07 11:45:20 | INFO |   field::median_household_income: -1.1854
2026-04-07 11:45:20 | INFO |   field::poverty_rate: -0.6666
2026-04-07 11:45:20 | INFO |   field::pct_black: -0.0796
2026-04-07 11:45:20 | INFO |   field::pct_hispanic: -0.3564
2026-04-07 11:45:20 | INFO |   field::pct_in_labor_force: -0.0469
2026-04-07 11:45:20 | INFO |   tau::t_0: 0.0729
2026-04-07 11:45:20 | INFO |   tau::t_1: 0.0523
2026-04-07 11:45:20 | INFO |   tau::t_2: 0.0420
2026-04-07 11:45:20 | INFO |   tau::t_3: 0.0315
2026-04-07 11:45:20 | INFO |   tau::t_4: -0.0371
2026-04-07 11:45:20 | INFO |   tau::t_5: -0.1424
2026-04-07 11:45:20 | INFO |   tau::t_6: -0.0725
2026-04-07 11:45:20 | INFO |   tau::t_7: -0.1250
2026-04-07 11:45:20 | INFO |   tau::t_8: -0.2015
2026-04-07 11:45:20 | INFO |   tau::t_9: -0.2755
2026-04-07 11:45:20 | INFO |   tau::t_10: -0.2861
2026-04-07 11:45:20 | INFO |   tau::t_11: -0.3288
2026-04-07 11:45:20 | INFO |   tau::t_12: -0.3042
2026-04-07 11:45:20 | INFO |   tau::t_13: -0.2963
2026-04-07 11:45:20 | INFO |   tau::t_14: -0.3577
2026-04-07 11:45:20 | INFO |   tau::t_15: -0.3716
2026-04-07 11:45:20 | INFO |   tau::t_16: -0.3551
2026-04-07 11:45:20 | INFO |   tau::t_17: -0.3780
2026-04-07 11:45:20 | INFO |   tau::t_18: -0.3896
2026-04-07 11:45:20 | INFO |   tau::t_19: -0.2929
2026-04-07 11:45:20 | INFO |   tau::t_20: -0.4720
2026-04-07 11:45:20 | INFO |   tau::t_21: -0.4232
2026-04-07 11:45:20 | INFO |   tau::t_22: -0.5603
2026-04-07 11:45:20 | INFO |   tau::t_23: -0.5678
2026-04-07 11:45:20 | INFO |   tau::t_24: -0.5962
2026-04-07 11:45:20 | INFO |   tau::t_25: -0.6805
2026-04-07 11:45:20 | INFO |   tau::t_26: -0.5558
2026-04-07 11:45:20 | INFO |   tau::t_27: -0.5403
2026-04-07 11:45:20 | INFO |   tau::t_28: -0.4862
2026-04-07 11:45:20 | INFO |   tau::t_29: -0.3492
2026-04-07 11:45:20 | INFO |   tau::t_30: -0.2569
2026-04-07 11:45:20 | INFO |   tau::t_31: -0.1786
2026-04-07 11:45:20 | INFO |   tau::t_32: -0.1193
2026-04-07 11:45:20 | INFO |   tau::t_33: -0.0951
2026-04-07 11:45:20 | INFO |   tau::t_34: -0.0624
2026-04-07 11:45:20 | INFO |   tau::t_35: 0.0519
2026-04-07 11:45:20 | INFO |   tau::t_36: 0.0496
2026-04-07 11:45:20 | INFO |   tau::t_37: 0.0673
2026-04-07 11:45:20 | INFO |   tau::t_38: 0.0157
2026-04-07 11:45:20 | INFO |   tau::t_39: 0.0127
2026-04-07 11:45:20 | INFO |   tau::t_40: 0.0293
2026-04-07 11:45:20 | INFO |   tau::t_41: 0.0095
2026-04-07 11:45:20 | INFO |   tau::t_42: -0.0557
2026-04-07 11:45:20 | INFO |   tau::t_43: -0.0546
2026-04-07 11:45:20 | INFO |   tau::t_44: -0.0391
2026-04-07 11:45:20 | INFO |   tau::t_45: -0.2110
2026-04-07 11:45:20 | INFO |   tau::t_46: 0.0455
2026-04-07 11:45:20 | INFO |   tau::t_47: -0.0266
2026-04-07 11:45:20 | INFO |   tau::t_48: -0.0336
2026-04-07 11:45:20 | INFO |   tau::t_49: -0.0822
2026-04-07 11:45:20 | INFO |   tau::t_50: -0.0534
2026-04-07 11:45:20 | INFO |   tau::t_51: 0.0340
2026-04-07 11:45:20 | INFO |   tau::t_52: 0.0288
2026-04-07 11:45:20 | INFO |   tau::t_53: 0.0531
2026-04-07 11:45:20 | INFO |   tau::t_54: 0.1234
2026-04-07 11:45:20 | INFO |   tau::t_55: 0.1676
2026-04-07 11:45:20 | INFO |   tau::t_56: 0.1560
2026-04-07 11:45:20 | INFO |   tau::t_57: 0.1336
2026-04-07 11:45:20 | INFO |   tau::t_58: 0.0647
2026-04-07 11:45:20 | INFO |   tau::t_59: 0.0156
2026-04-07 11:45:20 | INFO |   tau::t_60: -0.0655
2026-04-07 11:45:20 | INFO |   tau::t_61: -0.0800
2026-04-07 11:45:20 | INFO |   tau::t_62: -0.1673
2026-04-07 11:45:20 | INFO |   tau::t_63: -0.2327
2026-04-07 11:45:20 | INFO |   tau::t_64: -0.3305
2026-04-07 11:45:20 | INFO |   tau::t_65: -0.2957
2026-04-07 11:45:20 | INFO |   tau::t_66: -0.4224
2026-04-07 11:45:20 | INFO |   tau::t_67: -0.4264
2026-04-07 11:45:20 | INFO |   tau::t_68: -0.2783
2026-04-07 11:45:20 | INFO |   tau::t_69: -0.5213
2026-04-07 11:45:20 | INFO |   beta: -0.0564
2026-04-07 11:45:20 | INFO |   interaction::contiguity: 1.3781
2026-04-07 11:45:20 | INFO |   eta: 0.2262
2026-04-07 11:45:20 | INFO |   zeta: -0.1181
2026-04-07 11:45:20 | INFO |   psi: 2.1700
2026-04-07 11:45:20 | INFO | Saved summary tables to C:\Users\phevo\Documents\MIT\Code\MPLE-Causal-Inference\experiments\USCountyVaccination_US_tau_unrestricted\outcome_death_rate_100k_ge_2__intervention_complete_cov_ge_40__lag_0w__contiguity\mple_summary.csv and C:\Users\phevo\Documents\MIT\Code\MPLE-Causal-Inference\experiments\USCountyVaccination_US_tau_unrestricted\outcome_death_rate_100k_ge_2__intervention_complete_cov_ge_40__lag_0w__contiguity\mple_summary.md
2026-04-07 11:45:20 | INFO | Log saved to C:\Users\phevo\Documents\MIT\Code\MPLE-Causal-Inference\experiments\USCountyVaccination_US_tau_unrestricted\outcome_death_rate_100k_ge_2__intervention_complete_cov_ge_40__lag_0w__contiguity\mple.log
