2026-05-02 12:22:41 | INFO | Loading data...
2026-05-02 12:22:41 | INFO | Using panel artifact: /orcd/home/002/phevosp/MPLE-Causal-Inference/experiments/Synthetic/confounding_strong/panel_data.npz
2026-05-02 12:22:41 | INFO | Using x_0 artifact: /orcd/home/002/phevosp/MPLE-Causal-Inference/experiments/Synthetic/confounding_strong/x_0.npy
2026-05-02 12:22:41 | INFO | Using fit config: /orcd/home/002/phevosp/MPLE-Causal-Inference/experiments/Synthetic/confounding_strong/cv_runs/alternating_uv_grid/candidates/alternating_uv_grid_candidate_0007/fold_8/fit_realized_config.yaml
2026-05-02 12:22:41 | INFO | Using model artifact directory: /orcd/home/002/phevosp/MPLE-Causal-Inference/experiments/Synthetic/confounding_strong
2026-05-02 12:22:41 | INFO | Using truth artifact directory: /orcd/home/002/phevosp/MPLE-Causal-Inference/experiments/Synthetic/confounding_strong
2026-05-02 12:22:41 | INFO | Using loss mask artifact: /orcd/home/002/phevosp/MPLE-Causal-Inference/experiments/Synthetic/confounding_strong/cv_runs/alternating_uv_grid/candidates/alternating_uv_grid_candidate_0007/fold_8/loss_mask.npy
2026-05-02 12:22:41 | INFO | Configured optimizer mode: alternating_latent_rank
2026-05-02 12:22:41 | INFO | Configured latent rank: 3
2026-05-02 12:22:41 | INFO | Using a fixed known graph with scalar xi.
2026-05-02 12:22:41 | INFO | Fit-time hard bounds active: False
2026-05-02 12:22:41 | INFO | Fixed scalar parameters: {}
2026-05-02 12:22:41 | INFO | Warm-start fixed scalars: {} for 0 steps
2026-05-02 12:22:41 | INFO | Beta mask before s: False with s=0
2026-05-02 12:22:41 | INFO | Beta mask after e: False with e=11
2026-05-02 12:22:41 | INFO | Alternating V-column L2-ball constraint active with radius 1.0
2026-05-02 12:22:41 | INFO | Optimizer settings: steps=2000, tol=1e-07, n_starts=1, seed=0, lambda_nuclear=0.0, lambda_frobenius=0.0, lambda_uv_ridge=1.0, v_column_l2_max=1.0, proximal_lr=1.0
2026-05-02 12:22:41 | INFO | Alternating low-rank start 1/1 | seed=0 | initial_loss=0.809445 | initial_penalized=0.809710
2026-05-02 12:22:41 | INFO | Alternating low-rank iter 0 | Loss: 0.626420 | Penalized: 0.645870
2026-05-02 12:22:42 | INFO | Alternating low-rank iter 100 | Loss: 0.591369 | Penalized: 0.619234
2026-05-02 12:22:43 | INFO | Alternating low-rank iter 200 | Loss: 0.591080 | Penalized: 0.618954
2026-05-02 12:22:44 | INFO | Done fitting.
2026-05-02 12:22:44 | INFO | Optimizer status: CONVERGED: alternating objective tolerance reached
2026-05-02 12:22:44 | INFO | Best optimizer start: 1 / 1
2026-05-02 12:22:44 | INFO | Final Loss: 0.591060
2026-05-02 12:22:44 | INFO | Estimated vs True Parameters:
2026-05-02 12:22:44 | INFO |   beta: -0.1688 (True: -0.3000) | SQE: 0.017210
2026-05-02 12:22:44 | INFO |   xi: 0.5639 (True: 0.8000) | SQE: 0.055738
2026-05-02 12:22:44 | INFO |   eta: 0.2243 (True: 0.3000) | SQE: 0.005724
2026-05-02 12:22:44 | INFO | Alternating low-rank optimizer diagnostics:
2026-05-02 12:22:44 | INFO |   penalized_objective: 0.618939
2026-05-02 12:22:44 | INFO |   mple_loss_without_penalty: 0.591060
2026-05-02 12:22:44 | INFO |   lambda_uv_ridge: 1.000000
2026-05-02 12:22:44 | INFO |   u_frobenius_norm: 21.862348
2026-05-02 12:22:44 | INFO |   v_frobenius_norm: 1.732051
2026-05-02 12:22:44 | INFO |   effective_rank: 3.000000
2026-05-02 12:22:44 | INFO | Field and interaction diagnostics:
2026-05-02 12:22:44 | INFO |   field_rmse: 0.630423
2026-05-02 12:22:44 | INFO |   interaction_fro_error: 0.836401
2026-05-02 12:22:44 | INFO |   estimated_field_max_abs_entry: 0.691376
2026-05-02 12:22:44 | INFO |   estimated_field_rank: 3.000000
2026-05-02 12:22:44 | INFO |   true_field_max_abs_entry: 4.447602
2026-05-02 12:22:44 | INFO |   true_field_rank: 3.000000
2026-05-02 12:22:44 | INFO | Saved summary table to /orcd/home/002/phevosp/MPLE-Causal-Inference/experiments/Synthetic/confounding_strong/cv_runs/alternating_uv_grid/candidates/alternating_uv_grid_candidate_0007/fold_8/mple_summary.csv
2026-05-02 12:22:44 | INFO | Log saved to /orcd/home/002/phevosp/MPLE-Causal-Inference/experiments/Synthetic/confounding_strong/cv_runs/alternating_uv_grid/candidates/alternating_uv_grid_candidate_0007/fold_8/mple.log
