2026-05-02 20:23:32 | INFO | Loading data...
2026-05-02 20:23:32 | INFO | Using panel artifact: /orcd/home/002/phevosp/MPLE-Causal-Inference/experiments/HybridExperiments_r5_c1_v2/r5_c1_hybrid_us_county_intervention_generated_graph_confounding/panel_data.npz
2026-05-02 20:23:32 | INFO | Using x_0 artifact: /orcd/home/002/phevosp/MPLE-Causal-Inference/experiments/HybridExperiments_r5_c1_v2/r5_c1_hybrid_us_county_intervention_generated_graph_confounding/x_0.npy
2026-05-02 20:23:32 | INFO | Using fit config: /orcd/home/002/phevosp/MPLE-Causal-Inference/experiments/HybridExperiments_r5_c1_v2/r5_c1_hybrid_us_county_intervention_generated_graph_confounding/cv_runs/alternating_uv_grid/candidates/alternating_uv_grid_candidate_0002/fold_1/fit_realized_config.yaml
2026-05-02 20:23:32 | INFO | Using model artifact directory: /orcd/home/002/phevosp/MPLE-Causal-Inference/experiments/HybridExperiments_r5_c1_v2/r5_c1_hybrid_us_county_intervention_generated_graph_confounding
2026-05-02 20:23:32 | INFO | Using truth artifact directory: /orcd/home/002/phevosp/MPLE-Causal-Inference/experiments/HybridExperiments_r5_c1_v2/r5_c1_hybrid_us_county_intervention_generated_graph_confounding
2026-05-02 20:23:32 | INFO | Using loss mask artifact: /orcd/home/002/phevosp/MPLE-Causal-Inference/experiments/HybridExperiments_r5_c1_v2/r5_c1_hybrid_us_county_intervention_generated_graph_confounding/cv_runs/alternating_uv_grid/candidates/alternating_uv_grid_candidate_0002/fold_1/loss_mask.npy
2026-05-02 20:23:33 | INFO | Configured optimizer mode: alternating_latent_rank
2026-05-02 20:23:33 | INFO | Configured latent rank: 5
2026-05-02 20:23:33 | INFO | Using a fixed known graph with scalar xi.
2026-05-02 20:23:33 | INFO | Fit-time hard bounds active: False
2026-05-02 20:23:33 | INFO | Fixed scalar parameters: {}
2026-05-02 20:23:33 | INFO | Warm-start fixed scalars: {} for 0 steps
2026-05-02 20:23:33 | INFO | Beta mask before s: True with s=50
2026-05-02 20:23:33 | INFO | Beta mask after e: True with e=115
2026-05-02 20:23:33 | INFO | Alternating V-column L2-ball constraint active with radius 1.0
2026-05-02 20:23:33 | INFO | Optimizer settings: steps=2000, tol=1e-07, n_starts=1, seed=0, lambda_nuclear=0.0, lambda_frobenius=0.0, lambda_uv_ridge=0.001, v_column_l2_max=1.0, proximal_lr=1.0
2026-05-02 20:23:33 | INFO | Alternating low-rank start 1/1 | seed=0 | initial_loss=0.760627 | initial_penalized=0.760627
2026-05-02 20:23:33 | INFO | Alternating low-rank iter 0 | Loss: 0.629607 | Penalized: 0.629752
2026-05-02 20:23:44 | INFO | Alternating low-rank iter 100 | Loss: 0.485127 | Penalized: 0.490803
2026-05-02 20:23:54 | INFO | Alternating low-rank iter 200 | Loss: 0.480037 | Penalized: 0.487134
2026-05-02 20:24:04 | INFO | Alternating low-rank iter 300 | Loss: 0.477636 | Penalized: 0.485372
2026-05-02 20:24:13 | INFO | Alternating low-rank iter 400 | Loss: 0.476235 | Penalized: 0.484261
2026-05-02 20:24:23 | INFO | Alternating low-rank iter 500 | Loss: 0.475439 | Penalized: 0.483595
2026-05-02 20:24:33 | INFO | Alternating low-rank iter 600 | Loss: 0.474936 | Penalized: 0.483150
2026-05-02 20:24:43 | INFO | Alternating low-rank iter 700 | Loss: 0.474559 | Penalized: 0.482803
2026-05-02 20:24:53 | INFO | Alternating low-rank iter 800 | Loss: 0.474242 | Penalized: 0.482510
2026-05-02 20:25:03 | INFO | Alternating low-rank iter 900 | Loss: 0.473978 | Penalized: 0.482271
2026-05-02 20:25:13 | INFO | Alternating low-rank iter 1000 | Loss: 0.473758 | Penalized: 0.482087
2026-05-02 20:25:22 | INFO | Alternating low-rank iter 1100 | Loss: 0.473581 | Penalized: 0.481952
2026-05-02 20:25:32 | INFO | Alternating low-rank iter 1200 | Loss: 0.473439 | Penalized: 0.481851
2026-05-02 20:25:42 | INFO | Alternating low-rank iter 1300 | Loss: 0.473322 | Penalized: 0.481775
2026-05-02 20:25:52 | INFO | Alternating low-rank iter 1400 | Loss: 0.473226 | Penalized: 0.481716
2026-05-02 20:26:01 | INFO | Alternating low-rank iter 1500 | Loss: 0.473146 | Penalized: 0.481669
2026-05-02 20:26:11 | INFO | Alternating low-rank iter 1600 | Loss: 0.473076 | Penalized: 0.481629
2026-05-02 20:26:21 | INFO | Alternating low-rank iter 1700 | Loss: 0.473012 | Penalized: 0.481595
2026-05-02 20:26:30 | INFO | Alternating low-rank iter 1800 | Loss: 0.472954 | Penalized: 0.481565
2026-05-02 20:26:40 | INFO | Alternating low-rank iter 1900 | Loss: 0.472903 | Penalized: 0.481540
2026-05-02 20:26:50 | INFO | Done fitting.
2026-05-02 20:26:50 | INFO | Optimizer status: STOP: TOTAL NO. OF ITERATIONS REACHED LIMIT
2026-05-02 20:26:50 | INFO | Best optimizer start: 1 / 1
2026-05-02 20:26:50 | INFO | Final Loss: 0.472860
2026-05-02 20:26:50 | INFO | Estimated vs True Parameters:
2026-05-02 20:26:50 | INFO |   beta: -0.1373 (True: -0.3000) | SQE: 0.026471
2026-05-02 20:26:50 | INFO |   xi: 0.9576 (True: 0.8000) | SQE: 0.024835
2026-05-02 20:26:50 | INFO |   eta: 0.3006 (True: 0.3000) | SQE: 0.000000
2026-05-02 20:26:50 | INFO | Alternating low-rank optimizer diagnostics:
2026-05-02 20:26:50 | INFO |   penalized_objective: 0.481520
2026-05-02 20:26:50 | INFO |   mple_loss_without_penalty: 0.472860
2026-05-02 20:26:50 | INFO |   lambda_uv_ridge: 0.001000
2026-05-02 20:26:50 | INFO |   u_frobenius_norm: 884.717902
2026-05-02 20:26:50 | INFO |   v_frobenius_norm: 2.236068
2026-05-02 20:26:50 | INFO |   effective_rank: 5.000000
2026-05-02 20:26:50 | INFO | Field and interaction diagnostics:
2026-05-02 20:26:50 | INFO |   field_rmse: 1.419101
2026-05-02 20:26:50 | INFO |   interaction_fro_error: 1.194079
2026-05-02 20:26:50 | INFO |   estimated_field_max_abs_entry: 19.288830
2026-05-02 20:26:50 | INFO |   estimated_field_rank: 5.000000
2026-05-02 20:26:50 | INFO |   true_field_max_abs_entry: 3.005890
2026-05-02 20:26:50 | INFO |   true_field_rank: 5.000000
2026-05-02 20:26:50 | INFO | Saved summary table to /orcd/home/002/phevosp/MPLE-Causal-Inference/experiments/HybridExperiments_r5_c1_v2/r5_c1_hybrid_us_county_intervention_generated_graph_confounding/cv_runs/alternating_uv_grid/candidates/alternating_uv_grid_candidate_0002/fold_1/mple_summary.csv
2026-05-02 20:26:50 | INFO | Log saved to /orcd/home/002/phevosp/MPLE-Causal-Inference/experiments/HybridExperiments_r5_c1_v2/r5_c1_hybrid_us_county_intervention_generated_graph_confounding/cv_runs/alternating_uv_grid/candidates/alternating_uv_grid_candidate_0002/fold_1/mple.log
