2026-05-01 08:26:15 | INFO | Loading data...
2026-05-01 08:26:15 | INFO | Using panel artifact: /orcd/home/002/phevosp/MPLE-Causal-Inference/experiments/SyntheticHybridExperiments/spectral_low_rank/panel_data.npz
2026-05-01 08:26:15 | INFO | Using x_0 artifact: /orcd/home/002/phevosp/MPLE-Causal-Inference/experiments/SyntheticHybridExperiments/spectral_low_rank/x_0.npy
2026-05-01 08:26:15 | INFO | Using fit config: /orcd/home/002/phevosp/MPLE-Causal-Inference/experiments/SyntheticHybridExperiments/spectral_low_rank/cv_runs/alternating_uv_grid/candidates/alternating_uv_grid_candidate_0001/fold_3/fit_realized_config.yaml
2026-05-01 08:26:15 | INFO | Using model artifact directory: /orcd/home/002/phevosp/MPLE-Causal-Inference/experiments/SyntheticHybridExperiments/spectral_low_rank
2026-05-01 08:26:15 | INFO | Using truth artifact directory: /orcd/home/002/phevosp/MPLE-Causal-Inference/experiments/SyntheticHybridExperiments/spectral_low_rank
2026-05-01 08:26:15 | INFO | Using loss mask artifact: /orcd/home/002/phevosp/MPLE-Causal-Inference/experiments/SyntheticHybridExperiments/spectral_low_rank/cv_runs/alternating_uv_grid/candidates/alternating_uv_grid_candidate_0001/fold_3/loss_mask.npy
2026-05-01 08:26:15 | INFO | Configured optimizer mode: alternating_latent_rank
2026-05-01 08:26:15 | INFO | Configured latent rank: 3
2026-05-01 08:26:15 | INFO | Using a fixed known graph with scalar xi.
2026-05-01 08:26:15 | INFO | Fit-time hard bounds active: False
2026-05-01 08:26:15 | INFO | Fixed scalar parameters: {}
2026-05-01 08:26:15 | INFO | Warm-start fixed scalars: {} for 0 steps
2026-05-01 08:26:15 | INFO | Beta mask before s: False with s=0
2026-05-01 08:26:15 | INFO | Beta mask after e: False with e=11
2026-05-01 08:26:15 | INFO | Alternating V-column L2-ball constraint active with radius 1.0
2026-05-01 08:26:15 | INFO | Optimizer settings: steps=2000, tol=1e-07, n_starts=1, seed=0, lambda_nuclear=0.0, lambda_frobenius=0.0, lambda_uv_ridge=0.001, v_column_l2_max=1.0, proximal_lr=1.0
2026-05-01 08:26:15 | INFO | Alternating low-rank start 1/1 | seed=0 | initial_loss=0.838769 | initial_penalized=0.838770
2026-05-01 08:26:15 | INFO | Alternating low-rank iter 0 | Loss: 0.622800 | Penalized: 0.623117
2026-05-01 08:26:16 | INFO | Alternating low-rank iter 100 | Loss: 0.239121 | Penalized: 0.263376
2026-05-01 08:26:16 | INFO | Alternating low-rank iter 200 | Loss: 0.228681 | Penalized: 0.258301
2026-05-01 08:26:17 | INFO | Alternating low-rank iter 300 | Loss: 0.225019 | Penalized: 0.256313
2026-05-01 08:26:18 | INFO | Alternating low-rank iter 400 | Loss: 0.222701 | Penalized: 0.254782
2026-05-01 08:26:19 | INFO | Alternating low-rank iter 500 | Loss: 0.221594 | Penalized: 0.254064
2026-05-01 08:26:19 | INFO | Alternating low-rank iter 600 | Loss: 0.221016 | Penalized: 0.253681
2026-05-01 08:26:20 | INFO | Alternating low-rank iter 700 | Loss: 0.220633 | Penalized: 0.253415
2026-05-01 08:26:21 | INFO | Alternating low-rank iter 800 | Loss: 0.220324 | Penalized: 0.253193
2026-05-01 08:26:21 | INFO | Alternating low-rank iter 900 | Loss: 0.220034 | Penalized: 0.252986
2026-05-01 08:26:22 | INFO | Alternating low-rank iter 1000 | Loss: 0.219736 | Penalized: 0.252779
2026-05-01 08:26:22 | INFO | Alternating low-rank iter 1100 | Loss: 0.219439 | Penalized: 0.252581
2026-05-01 08:26:23 | INFO | Alternating low-rank iter 1200 | Loss: 0.219194 | Penalized: 0.252416
2026-05-01 08:26:24 | INFO | Alternating low-rank iter 1300 | Loss: 0.219009 | Penalized: 0.252281
2026-05-01 08:26:24 | INFO | Alternating low-rank iter 1400 | Loss: 0.218864 | Penalized: 0.252160
2026-05-01 08:26:25 | INFO | Alternating low-rank iter 1500 | Loss: 0.218737 | Penalized: 0.252045
2026-05-01 08:26:26 | INFO | Alternating low-rank iter 1600 | Loss: 0.218616 | Penalized: 0.251931
2026-05-01 08:26:26 | INFO | Alternating low-rank iter 1700 | Loss: 0.218493 | Penalized: 0.251817
2026-05-01 08:26:27 | INFO | Alternating low-rank iter 1800 | Loss: 0.218368 | Penalized: 0.251703
2026-05-01 08:26:28 | INFO | Alternating low-rank iter 1900 | Loss: 0.218245 | Penalized: 0.251591
2026-05-01 08:26:28 | INFO | Done fitting.
2026-05-01 08:26:28 | INFO | Optimizer status: STOP: TOTAL NO. OF ITERATIONS REACHED LIMIT
2026-05-01 08:26:28 | INFO | Best optimizer start: 1 / 1
2026-05-01 08:26:28 | INFO | Final Loss: 0.218127
2026-05-01 08:26:28 | INFO | Estimated vs True Parameters:
2026-05-01 08:26:28 | INFO |   beta: -0.6309 (True: -0.3000) | SQE: 0.109489
2026-05-01 08:26:28 | INFO |   xi: 0.6023 (True: 0.8000) | SQE: 0.039076
2026-05-01 08:26:28 | INFO |   eta: 0.0934 (True: 0.3000) | SQE: 0.042688
2026-05-01 08:26:28 | INFO | Alternating low-rank optimizer diagnostics:
2026-05-01 08:26:28 | INFO |   penalized_objective: 0.251483
2026-05-01 08:26:28 | INFO |   mple_loss_without_penalty: 0.218127
2026-05-01 08:26:28 | INFO |   lambda_uv_ridge: 0.001000
2026-05-01 08:26:28 | INFO |   u_frobenius_norm: 314.851370
2026-05-01 08:26:28 | INFO |   v_frobenius_norm: 1.732051
2026-05-01 08:26:28 | INFO |   effective_rank: 3.000000
2026-05-01 08:26:28 | INFO | Field and interaction diagnostics:
2026-05-01 08:26:28 | INFO |   field_rmse: 2.015417
2026-05-01 08:26:28 | INFO |   interaction_fro_error: 0.522494
2026-05-01 08:26:28 | INFO |   estimated_field_max_abs_entry: 10.673666
2026-05-01 08:26:28 | INFO |   estimated_field_rank: 3.000000
2026-05-01 08:26:28 | INFO |   true_field_max_abs_entry: 2.857994
2026-05-01 08:26:28 | INFO |   true_field_rank: 3.000000
2026-05-01 08:26:28 | INFO | Saved summary table to /orcd/home/002/phevosp/MPLE-Causal-Inference/experiments/SyntheticHybridExperiments/spectral_low_rank/cv_runs/alternating_uv_grid/candidates/alternating_uv_grid_candidate_0001/fold_3/mple_summary.csv
2026-05-01 08:26:28 | INFO | Log saved to /orcd/home/002/phevosp/MPLE-Causal-Inference/experiments/SyntheticHybridExperiments/spectral_low_rank/cv_runs/alternating_uv_grid/candidates/alternating_uv_grid_candidate_0001/fold_3/mple.log
