2026-04-08 11:47:22 | INFO | Loading data...
2026-04-08 11:47:23 | INFO | Loaded 6 field templates and 1 interaction templates.
2026-04-08 11:47:23 | INFO | Intervention-process model enabled: True
2026-04-08 11:47:23 | INFO | Tau zero-mean enabled: False
2026-04-08 11:47:23 | INFO | Tau smoothness lambda: 0.000000
2026-04-08 11:47:23 | INFO | Running conditional-model MPLE on x with shape=(68, 3203)
2026-04-08 11:47:23 | INFO | Eval 0  |  Loss: 0.755367
2026-04-08 11:47:23 | INFO |   field::population_density: +0.0126,  field::senior_population: -0.0132,  field::college_education: +0.0640,  field::poverty_rate: +0.0105,  field::log_population: -0.0536,  field::median_household_income: +0.0362,  tau block: mean=+0.0092, std=0.0967, min=-0.2325, max=+0.1960,  beta: +0.1822,  interaction::contiguity: -0.1320,  eta: -0.0662,  zeta: +0.0935,  psi: +0.0049
2026-04-08 11:47:26 | INFO | Done fitting.
2026-04-08 11:47:26 | INFO | Optimizer status: CONVERGENCE: RELATIVE REDUCTION OF F <= FACTR*EPSMCH
2026-04-08 11:47:26 | INFO | Final Loss: 0.155866
2026-04-08 11:47:26 | INFO | Estimated Parameters:
2026-04-08 11:47:26 | INFO |   field::population_density: -0.4280
2026-04-08 11:47:26 | INFO |   field::senior_population: -0.2147
2026-04-08 11:47:26 | INFO |   field::college_education: -0.2401
2026-04-08 11:47:26 | INFO |   field::poverty_rate: -0.2099
2026-04-08 11:47:26 | INFO |   field::log_population: 0.1397
2026-04-08 11:47:26 | INFO |   field::median_household_income: -0.0693
2026-04-08 11:47:26 | INFO |   tau::t_0: -0.1640
2026-04-08 11:47:26 | INFO |   tau::t_1: -0.2011
2026-04-08 11:47:26 | INFO |   tau::t_2: -0.2238
2026-04-08 11:47:26 | INFO |   tau::t_3: -0.3569
2026-04-08 11:47:26 | INFO |   tau::t_4: 0.0137
2026-04-08 11:47:26 | INFO |   tau::t_5: -0.2113
2026-04-08 11:47:26 | INFO |   tau::t_6: -0.0280
2026-04-08 11:47:26 | INFO |   tau::t_7: -0.0982
2026-04-08 11:47:26 | INFO |   tau::t_8: -0.0266
2026-04-08 11:47:26 | INFO |   tau::t_9: -0.1133
2026-04-08 11:47:26 | INFO |   tau::t_10: -0.0244
2026-04-08 11:47:26 | INFO |   tau::t_11: -0.0852
2026-04-08 11:47:26 | INFO |   tau::t_12: -0.2372
2026-04-08 11:47:26 | INFO |   tau::t_13: -0.2387
2026-04-08 11:47:26 | INFO |   tau::t_14: -0.3384
2026-04-08 11:47:26 | INFO |   tau::t_15: -0.3788
2026-04-08 11:47:26 | INFO |   tau::t_16: -0.5482
2026-04-08 11:47:26 | INFO |   tau::t_17: -0.4021
2026-04-08 11:47:26 | INFO |   tau::t_18: -0.7829
2026-04-08 11:47:26 | INFO |   tau::t_19: -0.4961
2026-04-08 11:47:26 | INFO |   tau::t_20: -0.6792
2026-04-08 11:47:26 | INFO |   tau::t_21: -0.5729
2026-04-08 11:47:26 | INFO |   tau::t_22: -0.5708
2026-04-08 11:47:26 | INFO |   tau::t_23: -0.3037
2026-04-08 11:47:26 | INFO |   tau::t_24: -0.1923
2026-04-08 11:47:26 | INFO |   tau::t_25: 0.0531
2026-04-08 11:47:26 | INFO |   tau::t_26: 0.2224
2026-04-08 11:47:26 | INFO |   tau::t_27: 0.2190
2026-04-08 11:47:26 | INFO |   tau::t_28: 0.2498
2026-04-08 11:47:26 | INFO |   tau::t_29: 0.2219
2026-04-08 11:47:26 | INFO |   tau::t_30: 0.2095
2026-04-08 11:47:26 | INFO |   tau::t_31: 0.1848
2026-04-08 11:47:26 | INFO |   tau::t_32: 0.0240
2026-04-08 11:47:26 | INFO |   tau::t_33: 0.1614
2026-04-08 11:47:26 | INFO |   tau::t_34: -0.0766
2026-04-08 11:47:26 | INFO |   tau::t_35: -0.1351
2026-04-08 11:47:26 | INFO |   tau::t_36: -0.1453
2026-04-08 11:47:26 | INFO |   tau::t_37: -0.1890
2026-04-08 11:47:26 | INFO |   tau::t_38: -0.2102
2026-04-08 11:47:26 | INFO |   tau::t_39: -0.0354
2026-04-08 11:47:26 | INFO |   tau::t_40: -0.0616
2026-04-08 11:47:26 | INFO |   tau::t_41: 0.0276
2026-04-08 11:47:26 | INFO |   tau::t_42: 0.0631
2026-04-08 11:47:26 | INFO |   tau::t_43: -0.3286
2026-04-08 11:47:26 | INFO |   tau::t_44: 0.3281
2026-04-08 11:47:26 | INFO |   tau::t_45: -0.0289
2026-04-08 11:47:26 | INFO |   tau::t_46: -0.0642
2026-04-08 11:47:26 | INFO |   tau::t_47: -0.0453
2026-04-08 11:47:26 | INFO |   tau::t_48: 0.4825
2026-04-08 11:47:26 | INFO |   tau::t_49: 0.8108
2026-04-08 11:47:26 | INFO |   tau::t_50: 0.8789
2026-04-08 11:47:26 | INFO |   tau::t_51: 1.1932
2026-04-08 11:47:26 | INFO |   tau::t_52: 1.1884
2026-04-08 11:47:26 | INFO |   tau::t_53: 0.3378
2026-04-08 11:47:26 | INFO |   tau::t_54: -0.2268
2026-04-08 11:47:26 | INFO |   tau::t_55: -0.3708
2026-04-08 11:47:26 | INFO |   tau::t_56: -0.4253
2026-04-08 11:47:26 | INFO |   tau::t_57: -0.2279
2026-04-08 11:47:26 | INFO |   tau::t_58: -0.2392
2026-04-08 11:47:26 | INFO |   tau::t_59: -0.2482
2026-04-08 11:47:26 | INFO |   tau::t_60: -0.3691
2026-04-08 11:47:26 | INFO |   tau::t_61: -0.4149
2026-04-08 11:47:26 | INFO |   tau::t_62: -0.3586
2026-04-08 11:47:26 | INFO |   tau::t_63: -0.2007
2026-04-08 11:47:26 | INFO |   tau::t_64: -0.0818
2026-04-08 11:47:26 | INFO |   tau::t_65: -0.1549
2026-04-08 11:47:26 | INFO |   tau::t_66: -0.0039
2026-04-08 11:47:26 | INFO |   tau::t_67: -0.0179
2026-04-08 11:47:26 | INFO |   beta: 0.0034
2026-04-08 11:47:26 | INFO |   interaction::contiguity: 2.6133
2026-04-08 11:47:26 | INFO |   eta: 0.5430
2026-04-08 11:47:26 | INFO |   zeta: -0.3856
2026-04-08 11:47:26 | INFO |   psi: 2.2095
2026-04-08 11:47:26 | INFO | Saved summary tables to C:\Users\phevo\Documents\MIT\Code\MPLE-Causal-Inference\experiments\USCountyVaccination_US_features_new\outcome_case_rate_100k_ge_200__intervention_complete_cov_ge_20__lag_2w__contiguity\mple_summary.csv and C:\Users\phevo\Documents\MIT\Code\MPLE-Causal-Inference\experiments\USCountyVaccination_US_features_new\outcome_case_rate_100k_ge_200__intervention_complete_cov_ge_20__lag_2w__contiguity\mple_summary.md
2026-04-08 11:47:26 | INFO | Log saved to C:\Users\phevo\Documents\MIT\Code\MPLE-Causal-Inference\experiments\USCountyVaccination_US_features_new\outcome_case_rate_100k_ge_200__intervention_complete_cov_ge_20__lag_2w__contiguity\mple.log
