2026-04-07 11:52:50 | INFO | Loading data...
2026-04-07 11:52:50 | INFO | Loaded 6 field templates and 1 interaction templates.
2026-04-07 11:52:50 | INFO | Intervention-process model enabled: True
2026-04-07 11:52:50 | INFO | Tau zero-mean enabled: True
2026-04-07 11:52:50 | INFO | Tau smoothness lambda: 1.000000
2026-04-07 11:52:50 | INFO | Running conditional-model MPLE on x with shape=(70, 3135)
2026-04-07 11:52:50 | INFO | Eval 0  |  Loss: 0.671573
2026-04-07 11:52:50 | INFO |   field::log_population: +0.0126,  field::median_household_income: -0.0132,  field::poverty_rate: +0.0640,  field::pct_black: +0.0105,  field::pct_hispanic: -0.0536,  field::pct_in_labor_force: +0.0362,  tau block: mean=-0.0000, std=0.0990, min=-0.2421, max=+0.1864,  beta: -0.0662,  interaction::contiguity: +0.0935,  eta: +0.0049,  zeta: +0.2002,  psi: +0.0189
2026-04-07 11:52:53 | INFO | Done fitting.
2026-04-07 11:52:53 | INFO | Optimizer status: CONVERGENCE: RELATIVE REDUCTION OF F <= FACTR*EPSMCH
2026-04-07 11:52:53 | INFO | Final Loss: 0.175763
2026-04-07 11:52:53 | INFO | Estimated Parameters:
2026-04-07 11:52:53 | INFO |   field::log_population: 0.2926
2026-04-07 11:52:53 | INFO |   field::median_household_income: -0.1860
2026-04-07 11:52:53 | INFO |   field::poverty_rate: -0.0291
2026-04-07 11:52:53 | INFO |   field::pct_black: -0.1198
2026-04-07 11:52:53 | INFO |   field::pct_hispanic: -0.0924
2026-04-07 11:52:53 | INFO |   field::pct_in_labor_force: 0.0853
2026-04-07 11:52:53 | INFO |   tau::t_0: 0.1659
2026-04-07 11:52:53 | INFO |   tau::t_1: 0.0923
2026-04-07 11:52:53 | INFO |   tau::t_2: 0.0257
2026-04-07 11:52:53 | INFO |   tau::t_3: -0.0419
2026-04-07 11:52:53 | INFO |   tau::t_4: -0.1421
2026-04-07 11:52:53 | INFO |   tau::t_5: -0.2586
2026-04-07 11:52:53 | INFO |   tau::t_6: 0.0310
2026-04-07 11:52:53 | INFO |   tau::t_7: -0.1767
2026-04-07 11:52:53 | INFO |   tau::t_8: -0.0381
2026-04-07 11:52:53 | INFO |   tau::t_9: -0.0398
2026-04-07 11:52:53 | INFO |   tau::t_10: 0.0430
2026-04-07 11:52:53 | INFO |   tau::t_11: -0.0569
2026-04-07 11:52:53 | INFO |   tau::t_12: 0.0826
2026-04-07 11:52:53 | INFO |   tau::t_13: -0.0120
2026-04-07 11:52:53 | INFO |   tau::t_14: -0.1171
2026-04-07 11:52:53 | INFO |   tau::t_15: -0.0760
2026-04-07 11:52:53 | INFO |   tau::t_16: -0.1781
2026-04-07 11:52:53 | INFO |   tau::t_17: -0.2487
2026-04-07 11:52:53 | INFO |   tau::t_18: -0.2831
2026-04-07 11:52:53 | INFO |   tau::t_19: -0.2788
2026-04-07 11:52:53 | INFO |   tau::t_20: -0.4844
2026-04-07 11:52:53 | INFO |   tau::t_21: -0.2609
2026-04-07 11:52:53 | INFO |   tau::t_22: -0.4810
2026-04-07 11:52:53 | INFO |   tau::t_23: -0.4375
2026-04-07 11:52:53 | INFO |   tau::t_24: -0.3560
2026-04-07 11:52:53 | INFO |   tau::t_25: -0.1201
2026-04-07 11:52:53 | INFO |   tau::t_26: -0.0000
2026-04-07 11:52:53 | INFO |   tau::t_27: 0.1803
2026-04-07 11:52:53 | INFO |   tau::t_28: 0.2267
2026-04-07 11:52:53 | INFO |   tau::t_29: 0.2555
2026-04-07 11:52:53 | INFO |   tau::t_30: 0.2906
2026-04-07 11:52:53 | INFO |   tau::t_31: 0.1873
2026-04-07 11:52:53 | INFO |   tau::t_32: 0.2566
2026-04-07 11:52:53 | INFO |   tau::t_33: 0.2294
2026-04-07 11:52:53 | INFO |   tau::t_34: 0.1213
2026-04-07 11:52:53 | INFO |   tau::t_35: 0.2557
2026-04-07 11:52:53 | INFO |   tau::t_36: 0.1906
2026-04-07 11:52:53 | INFO |   tau::t_37: 0.0754
2026-04-07 11:52:53 | INFO |   tau::t_38: -0.0360
2026-04-07 11:52:53 | INFO |   tau::t_39: -0.1341
2026-04-07 11:52:53 | INFO |   tau::t_40: -0.0984
2026-04-07 11:52:53 | INFO |   tau::t_41: -0.1419
2026-04-07 11:52:53 | INFO |   tau::t_42: -0.0888
2026-04-07 11:52:53 | INFO |   tau::t_43: -0.0091
2026-04-07 11:52:53 | INFO |   tau::t_44: 0.0314
2026-04-07 11:52:53 | INFO |   tau::t_45: -0.2969
2026-04-07 11:52:53 | INFO |   tau::t_46: 0.3594
2026-04-07 11:52:53 | INFO |   tau::t_47: 0.0318
2026-04-07 11:52:53 | INFO |   tau::t_48: 0.0105
2026-04-07 11:52:53 | INFO |   tau::t_49: 0.0510
2026-04-07 11:52:53 | INFO |   tau::t_50: 0.4781
2026-04-07 11:52:53 | INFO |   tau::t_51: 0.7385
2026-04-07 11:52:53 | INFO |   tau::t_52: 0.6535
2026-04-07 11:52:53 | INFO |   tau::t_53: 0.7554
2026-04-07 11:52:53 | INFO |   tau::t_54: 0.7394
2026-04-07 11:52:53 | INFO |   tau::t_55: 0.5826
2026-04-07 11:52:53 | INFO |   tau::t_56: 0.1913
2026-04-07 11:52:53 | INFO |   tau::t_57: -0.1542
2026-04-07 11:52:53 | INFO |   tau::t_58: -0.4111
2026-04-07 11:52:53 | INFO |   tau::t_59: -0.3571
2026-04-07 11:52:53 | INFO |   tau::t_60: -0.3227
2026-04-07 11:52:53 | INFO |   tau::t_61: -0.2620
2026-04-07 11:52:53 | INFO |   tau::t_62: -0.2348
2026-04-07 11:52:53 | INFO |   tau::t_63: -0.3017
2026-04-07 11:52:53 | INFO |   tau::t_64: -0.1813
2026-04-07 11:52:53 | INFO |   tau::t_65: -0.2256
2026-04-07 11:52:53 | INFO |   tau::t_66: -0.0045
2026-04-07 11:52:53 | INFO |   tau::t_67: -0.0633
2026-04-07 11:52:53 | INFO |   tau::t_68: 0.0348
2026-04-07 11:52:53 | INFO |   tau::t_69: 0.0439
2026-04-07 11:52:53 | INFO |   beta: 0.0388
2026-04-07 11:52:53 | INFO |   interaction::contiguity: 2.4955
2026-04-07 11:52:53 | INFO |   eta: 0.5217
2026-04-07 11:52:53 | INFO |   zeta: 0.0679
2026-04-07 11:52:53 | INFO |   psi: 2.0776
2026-04-07 11:52:53 | INFO | Saved summary tables to C:\Users\phevo\Documents\MIT\Code\MPLE-Causal-Inference\experiments\USCountyVaccination_US_tau_zero_mean_smooth\outcome_case_rate_100k_ge_100__intervention_partial_cov_ge_30__lag_0w__contiguity\mple_summary.csv and C:\Users\phevo\Documents\MIT\Code\MPLE-Causal-Inference\experiments\USCountyVaccination_US_tau_zero_mean_smooth\outcome_case_rate_100k_ge_100__intervention_partial_cov_ge_30__lag_0w__contiguity\mple_summary.md
2026-04-07 11:52:53 | INFO | Log saved to C:\Users\phevo\Documents\MIT\Code\MPLE-Causal-Inference\experiments\USCountyVaccination_US_tau_zero_mean_smooth\outcome_case_rate_100k_ge_100__intervention_partial_cov_ge_30__lag_0w__contiguity\mple.log
