2026-04-07 13:31:10 | INFO | Loading data...
2026-04-07 13:31:10 | INFO | Loaded 6 field templates and 1 interaction templates.
2026-04-07 13:31:10 | INFO | Intervention-process model enabled: True
2026-04-07 13:31:10 | INFO | Tau zero-mean enabled: False
2026-04-07 13:31:10 | INFO | Tau smoothness lambda: 0.000000
2026-04-07 13:31:10 | INFO | Running conditional-model MPLE on x with shape=(70, 3203)
2026-04-07 13:31:10 | INFO | Eval 0  |  Loss: 0.670863
2026-04-07 13:31:10 | INFO |   field::log_population: +0.0126,  field::median_household_income: -0.0132,  field::poverty_rate: +0.0640,  field::pct_black: +0.0105,  field::pct_hispanic: -0.0536,  field::pct_in_labor_force: +0.0362,  tau block: mean=+0.0096, std=0.0990, min=-0.2325, max=+0.1960,  beta: -0.0662,  interaction::contiguity: +0.0935,  eta: +0.0049,  zeta: +0.2002,  psi: +0.0189
2026-04-07 13:31:15 | INFO | Done fitting.
2026-04-07 13:31:15 | INFO | Optimizer status: CONVERGENCE: RELATIVE REDUCTION OF F <= FACTR*EPSMCH
2026-04-07 13:31:15 | INFO | Final Loss: 0.271572
2026-04-07 13:31:15 | INFO | Estimated Parameters:
2026-04-07 13:31:15 | INFO |   field::log_population: 0.9922
2026-04-07 13:31:15 | INFO |   field::median_household_income: -1.1958
2026-04-07 13:31:15 | INFO |   field::poverty_rate: -0.6613
2026-04-07 13:31:15 | INFO |   field::pct_black: -0.0695
2026-04-07 13:31:15 | INFO |   field::pct_hispanic: -0.3486
2026-04-07 13:31:15 | INFO |   field::pct_in_labor_force: -0.0517
2026-04-07 13:31:15 | INFO |   tau::t_0: 0.0023
2026-04-07 13:31:15 | INFO |   tau::t_1: -0.0182
2026-04-07 13:31:15 | INFO |   tau::t_2: -0.0287
2026-04-07 13:31:15 | INFO |   tau::t_3: -0.0391
2026-04-07 13:31:15 | INFO |   tau::t_4: -0.1067
2026-04-07 13:31:15 | INFO |   tau::t_5: -0.2102
2026-04-07 13:31:15 | INFO |   tau::t_6: -0.1404
2026-04-07 13:31:15 | INFO |   tau::t_7: -0.1924
2026-04-07 13:31:15 | INFO |   tau::t_8: -0.2679
2026-04-07 13:31:15 | INFO |   tau::t_9: -0.3407
2026-04-07 13:31:15 | INFO |   tau::t_10: -0.3507
2026-04-07 13:31:15 | INFO |   tau::t_11: -0.3930
2026-04-07 13:31:15 | INFO |   tau::t_12: -0.3682
2026-04-07 13:31:15 | INFO |   tau::t_13: -0.3607
2026-04-07 13:31:15 | INFO |   tau::t_14: -0.4228
2026-04-07 13:31:15 | INFO |   tau::t_15: -0.4384
2026-04-07 13:31:15 | INFO |   tau::t_16: -0.4255
2026-04-07 13:31:15 | INFO |   tau::t_17: -0.4529
2026-04-07 13:31:15 | INFO |   tau::t_18: -0.4685
2026-04-07 13:31:15 | INFO |   tau::t_19: -0.3767
2026-04-07 13:31:15 | INFO |   tau::t_20: -0.5580
2026-04-07 13:31:15 | INFO |   tau::t_21: -0.5115
2026-04-07 13:31:15 | INFO |   tau::t_22: -0.6495
2026-04-07 13:31:15 | INFO |   tau::t_23: -0.6593
2026-04-07 13:31:15 | INFO |   tau::t_24: -0.6881
2026-04-07 13:31:15 | INFO |   tau::t_25: -0.7706
2026-04-07 13:31:15 | INFO |   tau::t_26: -0.6503
2026-04-07 13:31:15 | INFO |   tau::t_27: -0.6365
2026-04-07 13:31:15 | INFO |   tau::t_28: -0.5839
2026-04-07 13:31:15 | INFO |   tau::t_29: -0.4477
2026-04-07 13:31:15 | INFO |   tau::t_30: -0.3581
2026-04-07 13:31:15 | INFO |   tau::t_31: -0.2832
2026-04-07 13:31:15 | INFO |   tau::t_32: -0.2286
2026-04-07 13:31:15 | INFO |   tau::t_33: -0.2080
2026-04-07 13:31:15 | INFO |   tau::t_34: -0.1787
2026-04-07 13:31:15 | INFO |   tau::t_35: -0.0714
2026-04-07 13:31:15 | INFO |   tau::t_36: -0.0800
2026-04-07 13:31:15 | INFO |   tau::t_37: -0.0644
2026-04-07 13:31:15 | INFO |   tau::t_38: -0.1174
2026-04-07 13:31:15 | INFO |   tau::t_39: -0.1204
2026-04-07 13:31:15 | INFO |   tau::t_40: -0.1101
2026-04-07 13:31:15 | INFO |   tau::t_41: -0.1321
2026-04-07 13:31:15 | INFO |   tau::t_42: -0.1974
2026-04-07 13:31:15 | INFO |   tau::t_43: -0.1959
2026-04-07 13:31:15 | INFO |   tau::t_44: -0.1809
2026-04-07 13:31:15 | INFO |   tau::t_45: -0.3515
2026-04-07 13:31:15 | INFO |   tau::t_46: -0.0977
2026-04-07 13:31:15 | INFO |   tau::t_47: -0.1728
2026-04-07 13:31:15 | INFO |   tau::t_48: -0.1808
2026-04-07 13:31:15 | INFO |   tau::t_49: -0.2298
2026-04-07 13:31:15 | INFO |   tau::t_50: -0.2008
2026-04-07 13:31:15 | INFO |   tau::t_51: -0.1143
2026-04-07 13:31:15 | INFO |   tau::t_52: -0.1205
2026-04-07 13:31:15 | INFO |   tau::t_53: -0.1008
2026-04-07 13:31:15 | INFO |   tau::t_54: -0.0315
2026-04-07 13:31:15 | INFO |   tau::t_55: 0.0113
2026-04-07 13:31:15 | INFO |   tau::t_56: 0.0001
2026-04-07 13:31:15 | INFO |   tau::t_57: -0.0237
2026-04-07 13:31:15 | INFO |   tau::t_58: -0.0928
2026-04-07 13:31:15 | INFO |   tau::t_59: -0.1410
2026-04-07 13:31:15 | INFO |   tau::t_60: -0.2218
2026-04-07 13:31:15 | INFO |   tau::t_61: -0.2362
2026-04-07 13:31:15 | INFO |   tau::t_62: -0.3221
2026-04-07 13:31:15 | INFO |   tau::t_63: -0.3877
2026-04-07 13:31:15 | INFO |   tau::t_64: -0.4840
2026-04-07 13:31:15 | INFO |   tau::t_65: -0.4489
2026-04-07 13:31:15 | INFO |   tau::t_66: -0.5763
2026-04-07 13:31:15 | INFO |   tau::t_67: -0.5795
2026-04-07 13:31:15 | INFO |   tau::t_68: -0.4308
2026-04-07 13:31:15 | INFO |   tau::t_69: -0.6744
2026-04-07 13:31:15 | INFO |   beta: -0.1245
2026-04-07 13:31:15 | INFO |   interaction::contiguity: 1.3915
2026-04-07 13:31:15 | INFO |   eta: 0.2277
2026-04-07 13:31:15 | INFO |   zeta: -0.2001
2026-04-07 13:31:15 | INFO |   psi: 3.7995
2026-04-07 13:31:15 | INFO | Saved summary tables to C:\Users\phevo\Documents\MIT\Code\MPLE-Causal-Inference\experiments\USCountyVaccination_US\USCountyVaccination_US_tau_unrestricted\outcome_death_rate_100k_ge_2__intervention_complete_cov_ge_80__lag_0w__contiguity\mple_summary.csv and C:\Users\phevo\Documents\MIT\Code\MPLE-Causal-Inference\experiments\USCountyVaccination_US\USCountyVaccination_US_tau_unrestricted\outcome_death_rate_100k_ge_2__intervention_complete_cov_ge_80__lag_0w__contiguity\mple_summary.md
2026-04-07 13:31:15 | INFO | Log saved to C:\Users\phevo\Documents\MIT\Code\MPLE-Causal-Inference\experiments\USCountyVaccination_US\USCountyVaccination_US_tau_unrestricted\outcome_death_rate_100k_ge_2__intervention_complete_cov_ge_80__lag_0w__contiguity\mple.log
