2026-05-01 20:52:13 | INFO | Loading data...
2026-05-01 20:52:13 | INFO | Using panel artifact: /orcd/home/002/phevosp/MPLE-Causal-Inference/experiments/SyntheticHybridExperimentsFinal/base/panel_data.npz
2026-05-01 20:52:13 | INFO | Using x_0 artifact: /orcd/home/002/phevosp/MPLE-Causal-Inference/experiments/SyntheticHybridExperimentsFinal/base/x_0.npy
2026-05-01 20:52:13 | INFO | Using fit config: /orcd/home/002/phevosp/MPLE-Causal-Inference/experiments/SyntheticHybridExperimentsFinal/base/cv_runs/alternating_uv_grid/candidates/alternating_uv_grid_candidate_0008/fold_7/fit_realized_config.yaml
2026-05-01 20:52:13 | INFO | Using model artifact directory: /orcd/home/002/phevosp/MPLE-Causal-Inference/experiments/SyntheticHybridExperimentsFinal/base
2026-05-01 20:52:13 | INFO | Using truth artifact directory: /orcd/home/002/phevosp/MPLE-Causal-Inference/experiments/SyntheticHybridExperimentsFinal/base
2026-05-01 20:52:13 | INFO | Using loss mask artifact: /orcd/home/002/phevosp/MPLE-Causal-Inference/experiments/SyntheticHybridExperimentsFinal/base/cv_runs/alternating_uv_grid/candidates/alternating_uv_grid_candidate_0008/fold_7/loss_mask.npy
2026-05-01 20:52:13 | INFO | Configured optimizer mode: alternating_latent_rank
2026-05-01 20:52:13 | INFO | Configured latent rank: 3
2026-05-01 20:52:13 | INFO | Using a fixed known graph with scalar xi.
2026-05-01 20:52:13 | INFO | Fit-time hard bounds active: False
2026-05-01 20:52:13 | INFO | Fixed scalar parameters: {}
2026-05-01 20:52:13 | INFO | Warm-start fixed scalars: {} for 0 steps
2026-05-01 20:52:13 | INFO | Beta mask before s: False with s=0
2026-05-01 20:52:13 | INFO | Beta mask after e: False with e=11
2026-05-01 20:52:13 | INFO | Alternating V-column L2-ball constraint active with radius 1.0
2026-05-01 20:52:13 | INFO | Optimizer settings: steps=2000, tol=1e-07, n_starts=1, seed=0, lambda_nuclear=0.0, lambda_frobenius=0.0, lambda_uv_ridge=1.5, v_column_l2_max=1.0, proximal_lr=1.0
2026-05-01 20:52:13 | INFO | Alternating low-rank start 1/1 | seed=0 | initial_loss=0.841118 | initial_penalized=0.841516
2026-05-01 20:52:13 | INFO | Alternating low-rank iter 0 | Loss: 0.622903 | Penalized: 0.631323
2026-05-01 20:52:14 | INFO | Alternating low-rank iter 100 | Loss: 0.586333 | Penalized: 0.595883
2026-05-01 20:52:15 | INFO | Alternating low-rank iter 200 | Loss: 0.585707 | Penalized: 0.595271
2026-05-01 20:52:16 | INFO | Alternating low-rank iter 300 | Loss: 0.585652 | Penalized: 0.595223
2026-05-01 20:52:16 | INFO | Done fitting.
2026-05-01 20:52:16 | INFO | Optimizer status: CONVERGED: alternating objective tolerance reached
2026-05-01 20:52:16 | INFO | Best optimizer start: 1 / 1
2026-05-01 20:52:16 | INFO | Final Loss: 0.585652
2026-05-01 20:52:16 | INFO | Estimated vs True Parameters:
2026-05-01 20:52:16 | INFO |   beta: -0.3130 (True: -0.3000) | SQE: 0.000169
2026-05-01 20:52:16 | INFO |   xi: 0.8572 (True: 0.8000) | SQE: 0.003274
2026-05-01 20:52:16 | INFO |   eta: 0.3039 (True: 0.3000) | SQE: 0.000015
2026-05-01 20:52:16 | INFO | Alternating low-rank optimizer diagnostics:
2026-05-01 20:52:16 | INFO |   penalized_objective: 0.595223
2026-05-01 20:52:16 | INFO |   mple_loss_without_penalty: 0.585652
2026-05-01 20:52:16 | INFO |   lambda_uv_ridge: 1.500000
2026-05-01 20:52:16 | INFO |   u_frobenius_norm: 10.348561
2026-05-01 20:52:16 | INFO |   v_frobenius_norm: 1.732051
2026-05-01 20:52:16 | INFO |   effective_rank: 3.000000
2026-05-01 20:52:16 | INFO | Field and interaction diagnostics:
2026-05-01 20:52:16 | INFO |   field_rmse: 0.065906
2026-05-01 20:52:16 | INFO |   interaction_fro_error: 0.202708
2026-05-01 20:52:16 | INFO |   estimated_field_max_abs_entry: 0.366826
2026-05-01 20:52:16 | INFO |   estimated_field_rank: 3.000000
2026-05-01 20:52:16 | INFO |   true_field_max_abs_entry: 0.000000
2026-05-01 20:52:16 | INFO |   true_field_rank: 0.000000
2026-05-01 20:52:16 | INFO | Saved summary table to /orcd/home/002/phevosp/MPLE-Causal-Inference/experiments/SyntheticHybridExperimentsFinal/base/cv_runs/alternating_uv_grid/candidates/alternating_uv_grid_candidate_0008/fold_7/mple_summary.csv
2026-05-01 20:52:16 | INFO | Log saved to /orcd/home/002/phevosp/MPLE-Causal-Inference/experiments/SyntheticHybridExperimentsFinal/base/cv_runs/alternating_uv_grid/candidates/alternating_uv_grid_candidate_0008/fold_7/mple.log
