2026-05-02 16:02:39 | INFO | Loading data...
2026-05-02 16:02:39 | INFO | Using panel artifact: /orcd/home/002/phevosp/MPLE-Causal-Inference/experiments/HybridExperiments_r1/r1_hybrid_us_county_intervention_generated_graph_confounding/panel_data.npz
2026-05-02 16:02:39 | INFO | Using x_0 artifact: /orcd/home/002/phevosp/MPLE-Causal-Inference/experiments/HybridExperiments_r1/r1_hybrid_us_county_intervention_generated_graph_confounding/x_0.npy
2026-05-02 16:02:39 | INFO | Using fit config: /orcd/home/002/phevosp/MPLE-Causal-Inference/experiments/HybridExperiments_r1/r1_hybrid_us_county_intervention_generated_graph_confounding/cv_runs/alternating_uv_grid/candidates/alternating_uv_grid_candidate_0008/fold_4/fit_realized_config.yaml
2026-05-02 16:02:39 | INFO | Using model artifact directory: /orcd/home/002/phevosp/MPLE-Causal-Inference/experiments/HybridExperiments_r1/r1_hybrid_us_county_intervention_generated_graph_confounding
2026-05-02 16:02:39 | INFO | Using truth artifact directory: /orcd/home/002/phevosp/MPLE-Causal-Inference/experiments/HybridExperiments_r1/r1_hybrid_us_county_intervention_generated_graph_confounding
2026-05-02 16:02:39 | INFO | Using loss mask artifact: /orcd/home/002/phevosp/MPLE-Causal-Inference/experiments/HybridExperiments_r1/r1_hybrid_us_county_intervention_generated_graph_confounding/cv_runs/alternating_uv_grid/candidates/alternating_uv_grid_candidate_0008/fold_4/loss_mask.npy
2026-05-02 16:02:39 | INFO | Configured optimizer mode: alternating_latent_rank
2026-05-02 16:02:39 | INFO | Configured latent rank: 1
2026-05-02 16:02:39 | INFO | Using a fixed known graph with scalar xi.
2026-05-02 16:02:39 | INFO | Fit-time hard bounds active: False
2026-05-02 16:02:39 | INFO | Fixed scalar parameters: {}
2026-05-02 16:02:39 | INFO | Warm-start fixed scalars: {} for 0 steps
2026-05-02 16:02:39 | INFO | Beta mask before s: True with s=50
2026-05-02 16:02:39 | INFO | Beta mask after e: True with e=109
2026-05-02 16:02:39 | INFO | Alternating V-column L2-ball constraint active with radius 1.0
2026-05-02 16:02:39 | INFO | Optimizer settings: steps=2000, tol=1e-07, n_starts=1, seed=0, lambda_nuclear=0.0, lambda_frobenius=0.0, lambda_uv_ridge=1.0, v_column_l2_max=1.0, proximal_lr=1.0
2026-05-02 16:02:40 | INFO | Alternating low-rank start 1/1 | seed=0 | initial_loss=0.695951 | initial_penalized=0.695979
2026-05-02 16:02:40 | INFO | Alternating low-rank iter 0 | Loss: 0.639625 | Penalized: 0.643994
2026-05-02 16:02:47 | INFO | Alternating low-rank iter 100 | Loss: 0.563707 | Penalized: 0.566191
2026-05-02 16:02:54 | INFO | Alternating low-rank iter 200 | Loss: 0.558465 | Penalized: 0.560571
2026-05-02 16:03:00 | INFO | Alternating low-rank iter 300 | Loss: 0.557086 | Penalized: 0.559098
2026-05-02 16:03:07 | INFO | Alternating low-rank iter 400 | Loss: 0.556710 | Penalized: 0.558698
2026-05-02 16:03:14 | INFO | Alternating low-rank iter 500 | Loss: 0.556609 | Penalized: 0.558588
2026-05-02 16:03:21 | INFO | Alternating low-rank iter 600 | Loss: 0.556582 | Penalized: 0.558557
2026-05-02 16:03:23 | INFO | Done fitting.
2026-05-02 16:03:23 | INFO | Optimizer status: CONVERGED: alternating objective tolerance reached
2026-05-02 16:03:23 | INFO | Best optimizer start: 1 / 1
2026-05-02 16:03:23 | INFO | Final Loss: 0.556578
2026-05-02 16:03:23 | INFO | Estimated vs True Parameters:
2026-05-02 16:03:23 | INFO |   beta: -0.0209 (True: -0.3000) | SQE: 0.077890
2026-05-02 16:03:23 | INFO |   xi: 1.5463 (True: 0.8000) | SQE: 0.556915
2026-05-02 16:03:23 | INFO |   eta: 0.3359 (True: 0.3000) | SQE: 0.001291
2026-05-02 16:03:23 | INFO | Alternating low-rank optimizer diagnostics:
2026-05-02 16:03:23 | INFO |   penalized_objective: 0.558554
2026-05-02 16:03:23 | INFO |   mple_loss_without_penalty: 0.556578
2026-05-02 16:03:23 | INFO |   lambda_uv_ridge: 1.000000
2026-05-02 16:03:23 | INFO |   u_frobenius_norm: 13.322963
2026-05-02 16:03:23 | INFO |   v_frobenius_norm: 1.000000
2026-05-02 16:03:23 | INFO |   effective_rank: 1.000000
2026-05-02 16:03:23 | INFO | Field and interaction diagnostics:
2026-05-02 16:03:23 | INFO |   field_rmse: 0.497017
2026-05-02 16:03:23 | INFO |   interaction_fro_error: 5.654482
2026-05-02 16:03:23 | INFO |   estimated_field_max_abs_entry: 0.227303
2026-05-02 16:03:23 | INFO |   estimated_field_rank: 1.000000
2026-05-02 16:03:23 | INFO |   true_field_max_abs_entry: 0.578902
2026-05-02 16:03:23 | INFO |   true_field_rank: 1.000000
2026-05-02 16:03:23 | INFO | Saved summary table to /orcd/home/002/phevosp/MPLE-Causal-Inference/experiments/HybridExperiments_r1/r1_hybrid_us_county_intervention_generated_graph_confounding/cv_runs/alternating_uv_grid/candidates/alternating_uv_grid_candidate_0008/fold_4/mple_summary.csv
2026-05-02 16:03:23 | INFO | Log saved to /orcd/home/002/phevosp/MPLE-Causal-Inference/experiments/HybridExperiments_r1/r1_hybrid_us_county_intervention_generated_graph_confounding/cv_runs/alternating_uv_grid/candidates/alternating_uv_grid_candidate_0008/fold_4/mple.log
