2026-05-01 08:40:24 | INFO | Loading data...
2026-05-01 08:40:24 | INFO | Using panel artifact: /orcd/home/002/phevosp/MPLE-Causal-Inference/experiments/SyntheticHybridExperiments/spectral_low_rank/panel_data.npz
2026-05-01 08:40:24 | INFO | Using x_0 artifact: /orcd/home/002/phevosp/MPLE-Causal-Inference/experiments/SyntheticHybridExperiments/spectral_low_rank/x_0.npy
2026-05-01 08:40:24 | INFO | Using fit config: /orcd/home/002/phevosp/MPLE-Causal-Inference/experiments/SyntheticHybridExperiments/spectral_low_rank/cv_runs/alternating_uv_grid/candidates/alternating_uv_grid_candidate_0006/fold_1/fit_realized_config.yaml
2026-05-01 08:40:24 | INFO | Using model artifact directory: /orcd/home/002/phevosp/MPLE-Causal-Inference/experiments/SyntheticHybridExperiments/spectral_low_rank
2026-05-01 08:40:24 | INFO | Using truth artifact directory: /orcd/home/002/phevosp/MPLE-Causal-Inference/experiments/SyntheticHybridExperiments/spectral_low_rank
2026-05-01 08:40:24 | INFO | Using loss mask artifact: /orcd/home/002/phevosp/MPLE-Causal-Inference/experiments/SyntheticHybridExperiments/spectral_low_rank/cv_runs/alternating_uv_grid/candidates/alternating_uv_grid_candidate_0006/fold_1/loss_mask.npy
2026-05-01 08:40:24 | INFO | Configured optimizer mode: alternating_latent_rank
2026-05-01 08:40:24 | INFO | Configured latent rank: 3
2026-05-01 08:40:24 | INFO | Using a fixed known graph with scalar xi.
2026-05-01 08:40:24 | INFO | Fit-time hard bounds active: False
2026-05-01 08:40:24 | INFO | Fixed scalar parameters: {}
2026-05-01 08:40:24 | INFO | Warm-start fixed scalars: {} for 0 steps
2026-05-01 08:40:24 | INFO | Beta mask before s: False with s=0
2026-05-01 08:40:24 | INFO | Beta mask after e: False with e=11
2026-05-01 08:40:24 | INFO | Alternating V-column L2-ball constraint active with radius 1.0
2026-05-01 08:40:24 | INFO | Optimizer settings: steps=2000, tol=1e-07, n_starts=1, seed=0, lambda_nuclear=0.0, lambda_frobenius=0.0, lambda_uv_ridge=0.5, v_column_l2_max=1.0, proximal_lr=1.0
2026-05-01 08:40:24 | INFO | Alternating low-rank start 1/1 | seed=0 | initial_loss=0.836735 | initial_penalized=0.837505
2026-05-01 08:40:24 | INFO | Alternating low-rank iter 0 | Loss: 0.710986 | Penalized: 0.737726
2026-05-01 08:40:25 | INFO | Alternating low-rank iter 100 | Loss: 0.553437 | Penalized: 0.585823
2026-05-01 08:40:26 | INFO | Alternating low-rank iter 200 | Loss: 0.552658 | Penalized: 0.584964
2026-05-01 08:40:26 | INFO | Alternating low-rank iter 300 | Loss: 0.551999 | Penalized: 0.584295
2026-05-01 08:40:27 | INFO | Alternating low-rank iter 400 | Loss: 0.551546 | Penalized: 0.583796
2026-05-01 08:40:28 | INFO | Alternating low-rank iter 500 | Loss: 0.551194 | Penalized: 0.583407
2026-05-01 08:40:28 | INFO | Alternating low-rank iter 600 | Loss: 0.550919 | Penalized: 0.583103
2026-05-01 08:40:29 | INFO | Alternating low-rank iter 700 | Loss: 0.550704 | Penalized: 0.582866
2026-05-01 08:40:30 | INFO | Alternating low-rank iter 800 | Loss: 0.550536 | Penalized: 0.582681
2026-05-01 08:40:30 | INFO | Alternating low-rank iter 900 | Loss: 0.550405 | Penalized: 0.582536
2026-05-01 08:40:31 | INFO | Alternating low-rank iter 1000 | Loss: 0.550302 | Penalized: 0.582422
2026-05-01 08:40:32 | INFO | Alternating low-rank iter 1100 | Loss: 0.550222 | Penalized: 0.582334
2026-05-01 08:40:32 | INFO | Alternating low-rank iter 1200 | Loss: 0.550159 | Penalized: 0.582264
2026-05-01 08:40:33 | INFO | Alternating low-rank iter 1300 | Loss: 0.550110 | Penalized: 0.582210
2026-05-01 08:40:34 | INFO | Alternating low-rank iter 1400 | Loss: 0.550071 | Penalized: 0.582168
2026-05-01 08:40:34 | INFO | Alternating low-rank iter 1500 | Loss: 0.550041 | Penalized: 0.582134
2026-05-01 08:40:35 | INFO | Alternating low-rank iter 1600 | Loss: 0.550017 | Penalized: 0.582108
2026-05-01 08:40:36 | INFO | Alternating low-rank iter 1700 | Loss: 0.549999 | Penalized: 0.582088
2026-05-01 08:40:36 | INFO | Alternating low-rank iter 1800 | Loss: 0.549984 | Penalized: 0.582072
2026-05-01 08:40:37 | INFO | Alternating low-rank iter 1900 | Loss: 0.549973 | Penalized: 0.582060
2026-05-01 08:40:37 | INFO | Done fitting.
2026-05-01 08:40:37 | INFO | Optimizer status: CONVERGED: alternating objective tolerance reached
2026-05-01 08:40:37 | INFO | Best optimizer start: 1 / 1
2026-05-01 08:40:37 | INFO | Final Loss: 0.549969
2026-05-01 08:40:37 | INFO | Estimated vs True Parameters:
2026-05-01 08:40:37 | INFO |   beta: -0.2617 (True: -0.3000) | SQE: 0.001463
2026-05-01 08:40:37 | INFO |   xi: 0.7553 (True: 0.8000) | SQE: 0.002000
2026-05-01 08:40:37 | INFO |   eta: 0.2950 (True: 0.3000) | SQE: 0.000025
2026-05-01 08:40:37 | INFO | Alternating low-rank optimizer diagnostics:
2026-05-01 08:40:37 | INFO |   penalized_objective: 0.582055
2026-05-01 08:40:37 | INFO |   mple_loss_without_penalty: 0.549969
2026-05-01 08:40:37 | INFO |   lambda_uv_ridge: 0.500000
2026-05-01 08:40:37 | INFO |   u_frobenius_norm: 13.691700
2026-05-01 08:40:37 | INFO |   v_frobenius_norm: 1.732051
2026-05-01 08:40:37 | INFO |   effective_rank: 3.000000
2026-05-01 08:40:37 | INFO | Field and interaction diagnostics:
2026-05-01 08:40:37 | INFO |   field_rmse: 0.380428
2026-05-01 08:40:37 | INFO |   interaction_fro_error: 0.118221
2026-05-01 08:40:37 | INFO |   estimated_field_max_abs_entry: 0.908174
2026-05-01 08:40:37 | INFO |   estimated_field_rank: 3.000000
2026-05-01 08:40:37 | INFO |   true_field_max_abs_entry: 2.857994
2026-05-01 08:40:37 | INFO |   true_field_rank: 3.000000
2026-05-01 08:40:37 | INFO | Saved summary table to /orcd/home/002/phevosp/MPLE-Causal-Inference/experiments/SyntheticHybridExperiments/spectral_low_rank/cv_runs/alternating_uv_grid/candidates/alternating_uv_grid_candidate_0006/fold_1/mple_summary.csv
2026-05-01 08:40:37 | INFO | Log saved to /orcd/home/002/phevosp/MPLE-Causal-Inference/experiments/SyntheticHybridExperiments/spectral_low_rank/cv_runs/alternating_uv_grid/candidates/alternating_uv_grid_candidate_0006/fold_1/mple.log
