2026-04-07 11:41:30 | INFO | Loading data...
2026-04-07 11:41:31 | INFO | Loaded 6 field templates and 1 interaction templates.
2026-04-07 11:41:31 | INFO | Intervention-process model enabled: True
2026-04-07 11:41:31 | INFO | Tau zero-mean enabled: True
2026-04-07 11:41:31 | INFO | Tau smoothness lambda: 0.000000
2026-04-07 11:41:31 | INFO | Running conditional-model MPLE on x with shape=(69, 3203)
2026-04-07 11:41:31 | INFO | Eval 0  |  Loss: 0.593487
2026-04-07 11:41:31 | INFO |   field::log_population: +0.0126,  field::median_household_income: -0.0132,  field::poverty_rate: +0.0640,  field::pct_black: +0.0105,  field::pct_hispanic: -0.0536,  field::pct_in_labor_force: +0.0362,  tau block: mean=+0.0000, std=0.0982, min=-0.2442, max=+0.1843,  beta: -0.1320,  interaction::contiguity: -0.0662,  eta: +0.0935,  zeta: +0.0049,  psi: +0.2002
2026-04-07 11:41:33 | INFO | Done fitting.
2026-04-07 11:41:33 | INFO | Optimizer status: CONVERGENCE: RELATIVE REDUCTION OF F <= FACTR*EPSMCH
2026-04-07 11:41:33 | INFO | Final Loss: 0.177450
2026-04-07 11:41:33 | INFO | Estimated Parameters:
2026-04-07 11:41:33 | INFO |   field::log_population: 0.3006
2026-04-07 11:41:33 | INFO |   field::median_household_income: -0.1661
2026-04-07 11:41:33 | INFO |   field::poverty_rate: 0.0081
2026-04-07 11:41:33 | INFO |   field::pct_black: -0.1466
2026-04-07 11:41:33 | INFO |   field::pct_hispanic: -0.1000
2026-04-07 11:41:33 | INFO |   field::pct_in_labor_force: 0.1041
2026-04-07 11:41:33 | INFO |   tau::t_0: 0.0154
2026-04-07 11:41:33 | INFO |   tau::t_1: -0.0556
2026-04-07 11:41:33 | INFO |   tau::t_2: -0.1110
2026-04-07 11:41:33 | INFO |   tau::t_3: -0.1998
2026-04-07 11:41:33 | INFO |   tau::t_4: -0.3115
2026-04-07 11:41:33 | INFO |   tau::t_5: -0.0278
2026-04-07 11:41:33 | INFO |   tau::t_6: -0.2284
2026-04-07 11:41:33 | INFO |   tau::t_7: -0.0941
2026-04-07 11:41:33 | INFO |   tau::t_8: -0.0937
2026-04-07 11:41:33 | INFO |   tau::t_9: -0.0042
2026-04-07 11:41:33 | INFO |   tau::t_10: -0.0961
2026-04-07 11:41:33 | INFO |   tau::t_11: 0.0387
2026-04-07 11:41:33 | INFO |   tau::t_12: -0.0389
2026-04-07 11:41:33 | INFO |   tau::t_13: -0.1365
2026-04-07 11:41:33 | INFO |   tau::t_14: -0.0935
2026-04-07 11:41:33 | INFO |   tau::t_15: -0.1876
2026-04-07 11:41:33 | INFO |   tau::t_16: -0.2567
2026-04-07 11:41:33 | INFO |   tau::t_17: -0.2913
2026-04-07 11:41:33 | INFO |   tau::t_18: -0.2550
2026-04-07 11:41:33 | INFO |   tau::t_19: -0.5117
2026-04-07 11:41:33 | INFO |   tau::t_20: -0.2827
2026-04-07 11:41:33 | INFO |   tau::t_21: -0.5158
2026-04-07 11:41:33 | INFO |   tau::t_22: -0.4531
2026-04-07 11:41:33 | INFO |   tau::t_23: -0.3742
2026-04-07 11:41:33 | INFO |   tau::t_24: -0.1298
2026-04-07 11:41:33 | INFO |   tau::t_25: -0.0006
2026-04-07 11:41:33 | INFO |   tau::t_26: 0.1702
2026-04-07 11:41:33 | INFO |   tau::t_27: 0.2266
2026-04-07 11:41:33 | INFO |   tau::t_28: 0.2621
2026-04-07 11:41:33 | INFO |   tau::t_29: 0.3029
2026-04-07 11:41:33 | INFO |   tau::t_30: 0.1990
2026-04-07 11:41:33 | INFO |   tau::t_31: 0.2702
2026-04-07 11:41:33 | INFO |   tau::t_32: 0.2360
2026-04-07 11:41:33 | INFO |   tau::t_33: 0.1380
2026-04-07 11:41:33 | INFO |   tau::t_34: 0.2657
2026-04-07 11:41:33 | INFO |   tau::t_35: 0.2193
2026-04-07 11:41:33 | INFO |   tau::t_36: 0.0733
2026-04-07 11:41:33 | INFO |   tau::t_37: -0.0172
2026-04-07 11:41:33 | INFO |   tau::t_38: -0.1227
2026-04-07 11:41:33 | INFO |   tau::t_39: -0.0779
2026-04-07 11:41:33 | INFO |   tau::t_40: -0.1094
2026-04-07 11:41:33 | INFO |   tau::t_41: -0.0628
2026-04-07 11:41:33 | INFO |   tau::t_42: 0.0225
2026-04-07 11:41:33 | INFO |   tau::t_43: 0.0585
2026-04-07 11:41:33 | INFO |   tau::t_44: -0.2617
2026-04-07 11:41:33 | INFO |   tau::t_45: 0.3879
2026-04-07 11:41:33 | INFO |   tau::t_46: 0.0579
2026-04-07 11:41:33 | INFO |   tau::t_47: 0.0391
2026-04-07 11:41:33 | INFO |   tau::t_48: 0.0746
2026-04-07 11:41:33 | INFO |   tau::t_49: 0.4877
2026-04-07 11:41:33 | INFO |   tau::t_50: 0.7120
2026-04-07 11:41:33 | INFO |   tau::t_51: 0.6289
2026-04-07 11:41:33 | INFO |   tau::t_52: 0.7473
2026-04-07 11:41:33 | INFO |   tau::t_53: 0.7303
2026-04-07 11:41:33 | INFO |   tau::t_54: 0.5790
2026-04-07 11:41:33 | INFO |   tau::t_55: 0.2038
2026-04-07 11:41:33 | INFO |   tau::t_56: -0.1168
2026-04-07 11:41:33 | INFO |   tau::t_57: -0.3508
2026-04-07 11:41:33 | INFO |   tau::t_58: -0.2901
2026-04-07 11:41:33 | INFO |   tau::t_59: -0.2698
2026-04-07 11:41:33 | INFO |   tau::t_60: -0.2073
2026-04-07 11:41:33 | INFO |   tau::t_61: -0.1880
2026-04-07 11:41:33 | INFO |   tau::t_62: -0.2447
2026-04-07 11:41:33 | INFO |   tau::t_63: -0.1371
2026-04-07 11:41:33 | INFO |   tau::t_64: -0.1696
2026-04-07 11:41:33 | INFO |   tau::t_65: 0.0596
2026-04-07 11:41:33 | INFO |   tau::t_66: -0.0116
2026-04-07 11:41:33 | INFO |   tau::t_67: 0.0805
2026-04-07 11:41:33 | INFO |   tau::t_68: 0.1003
2026-04-07 11:41:33 | INFO |   beta: -0.0240
2026-04-07 11:41:33 | INFO |   interaction::contiguity: 2.4918
2026-04-07 11:41:33 | INFO |   eta: 0.5146
2026-04-07 11:41:33 | INFO |   zeta: 0.1273
2026-04-07 11:41:33 | INFO |   psi: 2.1394
2026-04-07 11:41:33 | INFO | Saved summary tables to C:\Users\phevo\Documents\MIT\Code\MPLE-Causal-Inference\experiments\USCountyVaccination_US_tau_zero_mean\outcome_case_rate_100k_ge_100__intervention_complete_cov_ge_40__lag_1w__contiguity\mple_summary.csv and C:\Users\phevo\Documents\MIT\Code\MPLE-Causal-Inference\experiments\USCountyVaccination_US_tau_zero_mean\outcome_case_rate_100k_ge_100__intervention_complete_cov_ge_40__lag_1w__contiguity\mple_summary.md
2026-04-07 11:41:33 | INFO | Log saved to C:\Users\phevo\Documents\MIT\Code\MPLE-Causal-Inference\experiments\USCountyVaccination_US_tau_zero_mean\outcome_case_rate_100k_ge_100__intervention_complete_cov_ge_40__lag_1w__contiguity\mple.log
