2026-05-01 08:34:27 | INFO | Loading data...
2026-05-01 08:34:27 | INFO | Using panel artifact: /orcd/home/002/phevosp/MPLE-Causal-Inference/experiments/SyntheticHybridExperiments/confounding_weak/panel_data.npz
2026-05-01 08:34:27 | INFO | Using x_0 artifact: /orcd/home/002/phevosp/MPLE-Causal-Inference/experiments/SyntheticHybridExperiments/confounding_weak/x_0.npy
2026-05-01 08:34:27 | INFO | Using fit config: /orcd/home/002/phevosp/MPLE-Causal-Inference/experiments/SyntheticHybridExperiments/confounding_weak/cv_runs/alternating_uv_grid/candidates/alternating_uv_grid_candidate_0003/fold_5/fit_realized_config.yaml
2026-05-01 08:34:27 | INFO | Using model artifact directory: /orcd/home/002/phevosp/MPLE-Causal-Inference/experiments/SyntheticHybridExperiments/confounding_weak
2026-05-01 08:34:27 | INFO | Using truth artifact directory: /orcd/home/002/phevosp/MPLE-Causal-Inference/experiments/SyntheticHybridExperiments/confounding_weak
2026-05-01 08:34:27 | INFO | Using loss mask artifact: /orcd/home/002/phevosp/MPLE-Causal-Inference/experiments/SyntheticHybridExperiments/confounding_weak/cv_runs/alternating_uv_grid/candidates/alternating_uv_grid_candidate_0003/fold_5/loss_mask.npy
2026-05-01 08:34:27 | INFO | Configured optimizer mode: alternating_latent_rank
2026-05-01 08:34:27 | INFO | Configured latent rank: 3
2026-05-01 08:34:27 | INFO | Using a fixed known graph with scalar xi.
2026-05-01 08:34:27 | INFO | Fit-time hard bounds active: False
2026-05-01 08:34:27 | INFO | Fixed scalar parameters: {}
2026-05-01 08:34:27 | INFO | Warm-start fixed scalars: {} for 0 steps
2026-05-01 08:34:27 | INFO | Beta mask before s: False with s=0
2026-05-01 08:34:27 | INFO | Beta mask after e: False with e=11
2026-05-01 08:34:27 | INFO | Alternating V-column L2-ball constraint active with radius 1.0
2026-05-01 08:34:27 | INFO | Optimizer settings: steps=2000, tol=1e-07, n_starts=1, seed=0, lambda_nuclear=0.0, lambda_frobenius=0.0, lambda_uv_ridge=0.01, v_column_l2_max=1.0, proximal_lr=1.0
2026-05-01 08:34:27 | INFO | Alternating low-rank start 1/1 | seed=0 | initial_loss=0.837387 | initial_penalized=0.837402
2026-05-01 08:34:27 | INFO | Alternating low-rank iter 0 | Loss: 0.638675 | Penalized: 0.641475
2026-05-01 08:34:28 | INFO | Alternating low-rank iter 100 | Loss: 0.302471 | Penalized: 0.360084
2026-05-01 08:34:29 | INFO | Alternating low-rank iter 200 | Loss: 0.296748 | Penalized: 0.355404
2026-05-01 08:34:30 | INFO | Alternating low-rank iter 300 | Loss: 0.296041 | Penalized: 0.354467
2026-05-01 08:34:31 | INFO | Alternating low-rank iter 400 | Loss: 0.295699 | Penalized: 0.353987
2026-05-01 08:34:32 | INFO | Alternating low-rank iter 500 | Loss: 0.295200 | Penalized: 0.353353
2026-05-01 08:34:33 | INFO | Alternating low-rank iter 600 | Loss: 0.292324 | Penalized: 0.350867
2026-05-01 08:34:34 | INFO | Alternating low-rank iter 700 | Loss: 0.291036 | Penalized: 0.349901
2026-05-01 08:34:35 | INFO | Alternating low-rank iter 800 | Loss: 0.290760 | Penalized: 0.349596
2026-05-01 08:34:36 | INFO | Alternating low-rank iter 900 | Loss: 0.290586 | Penalized: 0.349368
2026-05-01 08:34:37 | INFO | Alternating low-rank iter 1000 | Loss: 0.290400 | Penalized: 0.349156
2026-05-01 08:34:37 | INFO | Alternating low-rank iter 1100 | Loss: 0.290231 | Penalized: 0.348973
2026-05-01 08:34:38 | INFO | Alternating low-rank iter 1200 | Loss: 0.290082 | Penalized: 0.348803
2026-05-01 08:34:39 | INFO | Alternating low-rank iter 1300 | Loss: 0.289882 | Penalized: 0.348602
2026-05-01 08:34:40 | INFO | Alternating low-rank iter 1400 | Loss: 0.289375 | Penalized: 0.348227
2026-05-01 08:34:41 | INFO | Alternating low-rank iter 1500 | Loss: 0.288626 | Penalized: 0.347759
2026-05-01 08:34:42 | INFO | Alternating low-rank iter 1600 | Loss: 0.288241 | Penalized: 0.347533
2026-05-01 08:34:43 | INFO | Alternating low-rank iter 1700 | Loss: 0.288068 | Penalized: 0.347431
2026-05-01 08:34:44 | INFO | Alternating low-rank iter 1800 | Loss: 0.287966 | Penalized: 0.347364
2026-05-01 08:34:45 | INFO | Alternating low-rank iter 1900 | Loss: 0.287893 | Penalized: 0.347310
2026-05-01 08:34:46 | INFO | Done fitting.
2026-05-01 08:34:46 | INFO | Optimizer status: STOP: TOTAL NO. OF ITERATIONS REACHED LIMIT
2026-05-01 08:34:46 | INFO | Best optimizer start: 1 / 1
2026-05-01 08:34:46 | INFO | Final Loss: 0.287836
2026-05-01 08:34:46 | INFO | Estimated vs True Parameters:
2026-05-01 08:34:46 | INFO |   beta: -0.4759 (True: -0.3000) | SQE: 0.030950
2026-05-01 08:34:46 | INFO |   xi: 0.6409 (True: 0.8000) | SQE: 0.025321
2026-05-01 08:34:46 | INFO |   eta: 0.4551 (True: 0.3000) | SQE: 0.024066
2026-05-01 08:34:46 | INFO | Alternating low-rank optimizer diagnostics:
2026-05-01 08:34:46 | INFO |   penalized_objective: 0.347263
2026-05-01 08:34:46 | INFO |   mple_loss_without_penalty: 0.287836
2026-05-01 08:34:46 | INFO |   lambda_uv_ridge: 0.010000
2026-05-01 08:34:46 | INFO |   u_frobenius_norm: 132.684501
2026-05-01 08:34:46 | INFO |   v_frobenius_norm: 1.732051
2026-05-01 08:34:46 | INFO |   effective_rank: 3.000000
2026-05-01 08:34:46 | INFO | Field and interaction diagnostics:
2026-05-01 08:34:46 | INFO |   field_rmse: 0.848250
2026-05-01 08:34:46 | INFO |   interaction_fro_error: 0.420595
2026-05-01 08:34:46 | INFO |   estimated_field_max_abs_entry: 4.016462
2026-05-01 08:34:46 | INFO |   estimated_field_rank: 3.000000
2026-05-01 08:34:46 | INFO |   true_field_max_abs_entry: 1.115066
2026-05-01 08:34:46 | INFO |   true_field_rank: 3.000000
2026-05-01 08:34:46 | INFO | Saved summary table to /orcd/home/002/phevosp/MPLE-Causal-Inference/experiments/SyntheticHybridExperiments/confounding_weak/cv_runs/alternating_uv_grid/candidates/alternating_uv_grid_candidate_0003/fold_5/mple_summary.csv
2026-05-01 08:34:46 | INFO | Log saved to /orcd/home/002/phevosp/MPLE-Causal-Inference/experiments/SyntheticHybridExperiments/confounding_weak/cv_runs/alternating_uv_grid/candidates/alternating_uv_grid_candidate_0003/fold_5/mple.log
