2026-05-02 12:20:50 | INFO | Loading data...
2026-05-02 12:20:50 | INFO | Using panel artifact: /orcd/home/002/phevosp/MPLE-Causal-Inference/experiments/Synthetic/confounding_moderate/panel_data.npz
2026-05-02 12:20:50 | INFO | Using x_0 artifact: /orcd/home/002/phevosp/MPLE-Causal-Inference/experiments/Synthetic/confounding_moderate/x_0.npy
2026-05-02 12:20:50 | INFO | Using fit config: /orcd/home/002/phevosp/MPLE-Causal-Inference/experiments/Synthetic/confounding_moderate/cv_runs/alternating_uv_grid/candidates/alternating_uv_grid_candidate_0004/fold_10/fit_realized_config.yaml
2026-05-02 12:20:50 | INFO | Using model artifact directory: /orcd/home/002/phevosp/MPLE-Causal-Inference/experiments/Synthetic/confounding_moderate
2026-05-02 12:20:50 | INFO | Using truth artifact directory: /orcd/home/002/phevosp/MPLE-Causal-Inference/experiments/Synthetic/confounding_moderate
2026-05-02 12:20:50 | INFO | Using loss mask artifact: /orcd/home/002/phevosp/MPLE-Causal-Inference/experiments/Synthetic/confounding_moderate/cv_runs/alternating_uv_grid/candidates/alternating_uv_grid_candidate_0004/fold_10/loss_mask.npy
2026-05-02 12:20:50 | INFO | Configured optimizer mode: alternating_latent_rank
2026-05-02 12:20:50 | INFO | Configured latent rank: 3
2026-05-02 12:20:50 | INFO | Using a fixed known graph with scalar xi.
2026-05-02 12:20:50 | INFO | Fit-time hard bounds active: False
2026-05-02 12:20:50 | INFO | Fixed scalar parameters: {}
2026-05-02 12:20:50 | INFO | Warm-start fixed scalars: {} for 0 steps
2026-05-02 12:20:50 | INFO | Beta mask before s: False with s=0
2026-05-02 12:20:50 | INFO | Beta mask after e: False with e=11
2026-05-02 12:20:50 | INFO | Alternating V-column L2-ball constraint active with radius 1.0
2026-05-02 12:20:50 | INFO | Optimizer settings: steps=2000, tol=1e-07, n_starts=1, seed=0, lambda_nuclear=0.0, lambda_frobenius=0.0, lambda_uv_ridge=0.05, v_column_l2_max=1.0, proximal_lr=1.0
2026-05-02 12:20:50 | INFO | Alternating low-rank start 1/1 | seed=0 | initial_loss=0.818068 | initial_penalized=0.818081
2026-05-02 12:20:50 | INFO | Alternating low-rank iter 0 | Loss: 0.568877 | Penalized: 0.576657
2026-05-02 12:20:51 | INFO | Alternating low-rank iter 100 | Loss: 0.501260 | Penalized: 0.522852
2026-05-02 12:20:51 | INFO | Alternating low-rank iter 200 | Loss: 0.500225 | Penalized: 0.521964
2026-05-02 12:20:52 | INFO | Alternating low-rank iter 300 | Loss: 0.500006 | Penalized: 0.521827
2026-05-02 12:20:53 | INFO | Done fitting.
2026-05-02 12:20:53 | INFO | Optimizer status: CONVERGED: alternating objective tolerance reached
2026-05-02 12:20:53 | INFO | Best optimizer start: 1 / 1
2026-05-02 12:20:53 | INFO | Final Loss: 0.499953
2026-05-02 12:20:53 | INFO | Estimated vs True Parameters:
2026-05-02 12:20:53 | INFO |   beta: -0.2833 (True: -0.3000) | SQE: 0.000278
2026-05-02 12:20:53 | INFO |   xi: 0.8447 (True: 0.8000) | SQE: 0.001994
2026-05-02 12:20:53 | INFO |   eta: 0.2958 (True: 0.3000) | SQE: 0.000018
2026-05-02 12:20:53 | INFO | Alternating low-rank optimizer diagnostics:
2026-05-02 12:20:53 | INFO |   penalized_objective: 0.521806
2026-05-02 12:20:53 | INFO |   mple_loss_without_penalty: 0.499953
2026-05-02 12:20:53 | INFO |   lambda_uv_ridge: 0.050000
2026-05-02 12:20:53 | INFO |   u_frobenius_norm: 86.824846
2026-05-02 12:20:53 | INFO |   v_frobenius_norm: 1.732051
2026-05-02 12:20:53 | INFO |   effective_rank: 3.000000
2026-05-02 12:20:53 | INFO | Field and interaction diagnostics:
2026-05-02 12:20:53 | INFO |   field_rmse: 0.373329
2026-05-02 12:20:53 | INFO |   interaction_fro_error: 0.158204
2026-05-02 12:20:53 | INFO |   estimated_field_max_abs_entry: 2.579106
2026-05-02 12:20:53 | INFO |   estimated_field_rank: 3.000000
2026-05-02 12:20:53 | INFO |   true_field_max_abs_entry: 4.175656
2026-05-02 12:20:53 | INFO |   true_field_rank: 3.000000
2026-05-02 12:20:53 | INFO | Saved summary table to /orcd/home/002/phevosp/MPLE-Causal-Inference/experiments/Synthetic/confounding_moderate/cv_runs/alternating_uv_grid/candidates/alternating_uv_grid_candidate_0004/fold_10/mple_summary.csv
2026-05-02 12:20:53 | INFO | Log saved to /orcd/home/002/phevosp/MPLE-Causal-Inference/experiments/Synthetic/confounding_moderate/cv_runs/alternating_uv_grid/candidates/alternating_uv_grid_candidate_0004/fold_10/mple.log
