2026-04-08 12:11:49 | INFO | Loading data...
2026-04-08 12:11:50 | INFO | Loaded 6 field templates and 1 interaction templates.
2026-04-08 12:11:50 | INFO | Intervention-process model enabled: True
2026-04-08 12:11:50 | INFO | Tau zero-mean enabled: False
2026-04-08 12:11:50 | INFO | Tau smoothness lambda: 0.000000
2026-04-08 12:11:50 | INFO | Running conditional-model MPLE on x with shape=(68, 3136)
2026-04-08 12:11:50 | INFO | Eval 0  |  Loss: 0.735111
2026-04-08 12:11:50 | INFO |   field::population_density: +0.0126,  field::senior_population: -0.0132,  field::college_education: +0.0640,  field::poverty_rate: +0.0105,  field::log_population: -0.0536,  field::median_household_income: +0.0362,  tau block: mean=+0.0092, std=0.0967, min=-0.2325, max=+0.1960,  beta: +0.1822,  interaction::contiguity: -0.1320,  eta: -0.0662,  zeta: +0.0935,  psi: +0.0049
2026-04-08 12:11:55 | INFO | Eval 100  |  Loss: 0.178205
2026-04-08 12:11:55 | INFO |   field::population_density: -0.3315,  field::senior_population: -0.2986,  field::college_education: -0.0132,  field::poverty_rate: -0.2849,  field::log_population: +0.2799,  field::median_household_income: -0.2345,  tau block: mean=+0.1328, std=0.4626, min=-0.3624, max=+2.0213,  beta: +0.0041,  interaction::contiguity: +2.4701,  eta: +0.5116,  zeta: -0.0119,  psi: +2.0467
2026-04-08 12:11:55 | INFO | Done fitting.
2026-04-08 12:11:55 | INFO | Optimizer status: CONVERGENCE: RELATIVE REDUCTION OF F <= FACTR*EPSMCH
2026-04-08 12:11:55 | INFO | Final Loss: 0.178205
2026-04-08 12:11:55 | INFO | Estimated Parameters:
2026-04-08 12:11:55 | INFO |   field::population_density: -0.3315
2026-04-08 12:11:55 | INFO |   field::senior_population: -0.2984
2026-04-08 12:11:55 | INFO |   field::college_education: -0.0141
2026-04-08 12:11:55 | INFO |   field::poverty_rate: -0.2845
2026-04-08 12:11:55 | INFO |   field::log_population: 0.2805
2026-04-08 12:11:55 | INFO |   field::median_household_income: -0.2344
2026-04-08 12:11:55 | INFO |   tau::t_0: 0.0764
2026-04-08 12:11:55 | INFO |   tau::t_1: -0.0060
2026-04-08 12:11:55 | INFO |   tau::t_2: -0.1186
2026-04-08 12:11:55 | INFO |   tau::t_3: -0.2536
2026-04-08 12:11:55 | INFO |   tau::t_4: 0.0331
2026-04-08 12:11:55 | INFO |   tau::t_5: -0.1745
2026-04-08 12:11:55 | INFO |   tau::t_6: -0.0377
2026-04-08 12:11:55 | INFO |   tau::t_7: -0.0296
2026-04-08 12:11:55 | INFO |   tau::t_8: 0.0558
2026-04-08 12:11:55 | INFO |   tau::t_9: -0.0291
2026-04-08 12:11:55 | INFO |   tau::t_10: 0.1109
2026-04-08 12:11:55 | INFO |   tau::t_11: 0.0261
2026-04-08 12:11:55 | INFO |   tau::t_12: -0.0720
2026-04-08 12:11:55 | INFO |   tau::t_13: -0.0317
2026-04-08 12:11:55 | INFO |   tau::t_14: -0.1239
2026-04-08 12:11:55 | INFO |   tau::t_15: -0.1886
2026-04-08 12:11:55 | INFO |   tau::t_16: -0.2139
2026-04-08 12:11:55 | INFO |   tau::t_17: -0.1971
2026-04-08 12:11:55 | INFO |   tau::t_18: -0.3620
2026-04-08 12:11:55 | INFO |   tau::t_19: -0.1713
2026-04-08 12:11:55 | INFO |   tau::t_20: -0.3538
2026-04-08 12:11:55 | INFO |   tau::t_21: -0.3083
2026-04-08 12:11:55 | INFO |   tau::t_22: -0.2443
2026-04-08 12:11:55 | INFO |   tau::t_23: -0.0484
2026-04-08 12:11:55 | INFO |   tau::t_24: 0.0526
2026-04-08 12:11:55 | INFO |   tau::t_25: 0.2193
2026-04-08 12:11:55 | INFO |   tau::t_26: 0.2778
2026-04-08 12:11:55 | INFO |   tau::t_27: 0.3212
2026-04-08 12:11:55 | INFO |   tau::t_28: 0.3778
2026-04-08 12:11:55 | INFO |   tau::t_29: 0.2968
2026-04-08 12:11:55 | INFO |   tau::t_30: 0.3957
2026-04-08 12:11:55 | INFO |   tau::t_31: 0.3877
2026-04-08 12:11:55 | INFO |   tau::t_32: 0.2644
2026-04-08 12:11:55 | INFO |   tau::t_33: 0.4272
2026-04-08 12:11:55 | INFO |   tau::t_34: 0.3569
2026-04-08 12:11:55 | INFO |   tau::t_35: 0.2097
2026-04-08 12:11:55 | INFO |   tau::t_36: 0.0684
2026-04-08 12:11:55 | INFO |   tau::t_37: -0.0573
2026-04-08 12:11:55 | INFO |   tau::t_38: -0.0126
2026-04-08 12:11:55 | INFO |   tau::t_39: -0.0591
2026-04-08 12:11:55 | INFO |   tau::t_40: -0.0075
2026-04-08 12:11:55 | INFO |   tau::t_41: 0.0739
2026-04-08 12:11:55 | INFO |   tau::t_42: 0.1192
2026-04-08 12:11:55 | INFO |   tau::t_43: -0.2085
2026-04-08 12:11:55 | INFO |   tau::t_44: 0.4375
2026-04-08 12:11:55 | INFO |   tau::t_45: 0.1214
2026-04-08 12:11:55 | INFO |   tau::t_46: 0.0993
2026-04-08 12:11:55 | INFO |   tau::t_47: 0.1330
2026-04-08 12:11:55 | INFO |   tau::t_48: 0.6133
2026-04-08 12:11:55 | INFO |   tau::t_49: 1.2285
2026-04-08 12:11:55 | INFO |   tau::t_50: 1.2682
2026-04-08 12:11:55 | INFO |   tau::t_51: 2.0463
2026-04-08 12:11:55 | INFO |   tau::t_52: 2.0299
2026-04-08 12:11:55 | INFO |   tau::t_53: 1.1561
2026-04-08 12:11:55 | INFO |   tau::t_54: 0.3925
2026-04-08 12:11:55 | INFO |   tau::t_55: -0.0424
2026-04-08 12:11:55 | INFO |   tau::t_56: -0.3341
2026-04-08 12:11:55 | INFO |   tau::t_57: -0.2834
2026-04-08 12:11:55 | INFO |   tau::t_58: -0.2442
2026-04-08 12:11:55 | INFO |   tau::t_59: -0.1778
2026-04-08 12:11:55 | INFO |   tau::t_60: -0.1430
2026-04-08 12:11:55 | INFO |   tau::t_61: -0.1986
2026-04-08 12:11:55 | INFO |   tau::t_62: -0.0839
2026-04-08 12:11:55 | INFO |   tau::t_63: -0.1179
2026-04-08 12:11:55 | INFO |   tau::t_64: 0.0799
2026-04-08 12:11:55 | INFO |   tau::t_65: 0.0201
2026-04-08 12:11:55 | INFO |   tau::t_66: 0.1127
2026-04-08 12:11:55 | INFO |   tau::t_67: 0.1179
2026-04-08 12:11:55 | INFO |   beta: 0.0043
2026-04-08 12:11:55 | INFO |   interaction::contiguity: 2.4689
2026-04-08 12:11:55 | INFO |   eta: 0.5118
2026-04-08 12:11:55 | INFO |   zeta: -0.0114
2026-04-08 12:11:55 | INFO |   psi: 2.0460
2026-04-08 12:11:55 | INFO | Saved summary tables to C:\Users\phevo\Documents\MIT\Code\MPLE-Causal-Inference\experiments\USCountyVaccination_US_features_new\outcome_case_rate_100k_ge_100__intervention_partial_cov_ge_20__lag_2w__contiguity\mple_summary.csv and C:\Users\phevo\Documents\MIT\Code\MPLE-Causal-Inference\experiments\USCountyVaccination_US_features_new\outcome_case_rate_100k_ge_100__intervention_partial_cov_ge_20__lag_2w__contiguity\mple_summary.md
2026-04-08 12:11:55 | INFO | Log saved to C:\Users\phevo\Documents\MIT\Code\MPLE-Causal-Inference\experiments\USCountyVaccination_US_features_new\outcome_case_rate_100k_ge_100__intervention_partial_cov_ge_20__lag_2w__contiguity\mple.log
