2026-05-01 19:18:13 | INFO | Loading data...
2026-05-01 19:18:13 | INFO | Using panel artifact: /orcd/home/002/phevosp/MPLE-Causal-Inference/experiments/SyntheticHybridExperiments/r5_c1_hybrid_us_county_intervention_uscounty_graph_kernel_confounding/panel_data.npz
2026-05-01 19:18:13 | INFO | Using x_0 artifact: /orcd/home/002/phevosp/MPLE-Causal-Inference/experiments/SyntheticHybridExperiments/r5_c1_hybrid_us_county_intervention_uscounty_graph_kernel_confounding/x_0.npy
2026-05-01 19:18:13 | INFO | Using fit config: /orcd/home/002/phevosp/MPLE-Causal-Inference/experiments/SyntheticHybridExperiments/r5_c1_hybrid_us_county_intervention_uscounty_graph_kernel_confounding/cv_runs/alternating_uv_grid/candidates/alternating_uv_grid_candidate_0006/fold_7/fit_realized_config.yaml
2026-05-01 19:18:13 | INFO | Using model artifact directory: /orcd/home/002/phevosp/MPLE-Causal-Inference/experiments/SyntheticHybridExperiments/r5_c1_hybrid_us_county_intervention_uscounty_graph_kernel_confounding
2026-05-01 19:18:13 | INFO | Using truth artifact directory: /orcd/home/002/phevosp/MPLE-Causal-Inference/experiments/SyntheticHybridExperiments/r5_c1_hybrid_us_county_intervention_uscounty_graph_kernel_confounding
2026-05-01 19:18:13 | INFO | Using loss mask artifact: /orcd/home/002/phevosp/MPLE-Causal-Inference/experiments/SyntheticHybridExperiments/r5_c1_hybrid_us_county_intervention_uscounty_graph_kernel_confounding/cv_runs/alternating_uv_grid/candidates/alternating_uv_grid_candidate_0006/fold_7/loss_mask.npy
2026-05-01 19:18:13 | INFO | Configured optimizer mode: alternating_latent_rank
2026-05-01 19:18:13 | INFO | Configured latent rank: 5
2026-05-01 19:18:13 | INFO | Using a fixed known graph with scalar xi.
2026-05-01 19:18:13 | INFO | Fit-time hard bounds active: False
2026-05-01 19:18:13 | INFO | Fixed scalar parameters: {}
2026-05-01 19:18:13 | INFO | Warm-start fixed scalars: {} for 0 steps
2026-05-01 19:18:13 | INFO | Beta mask before s: True with s=55
2026-05-01 19:18:13 | INFO | Beta mask after e: True with e=120
2026-05-01 19:18:13 | INFO | Alternating V-column L2-ball constraint active with radius 1.0
2026-05-01 19:18:13 | INFO | Optimizer settings: steps=2000, tol=1e-07, n_starts=1, seed=0, lambda_nuclear=0.0, lambda_frobenius=0.0, lambda_uv_ridge=0.1, v_column_l2_max=1.0, proximal_lr=1.0
2026-05-01 19:18:13 | INFO | Alternating low-rank start 1/1 | seed=0 | initial_loss=0.697308 | initial_penalized=0.697311
2026-05-01 19:18:13 | INFO | Alternating low-rank iter 0 | Loss: 0.591351 | Penalized: 0.596072
2026-05-01 19:18:29 | INFO | Alternating low-rank iter 100 | Loss: 0.545021 | Penalized: 0.559956
2026-05-01 19:18:43 | INFO | Done fitting.
2026-05-01 19:18:43 | INFO | Optimizer status: CONVERGED: alternating objective tolerance reached
2026-05-01 19:18:43 | INFO | Best optimizer start: 1 / 1
2026-05-01 19:18:43 | INFO | Final Loss: 0.544103
2026-05-01 19:18:43 | INFO | Estimated vs True Parameters:
2026-05-01 19:18:43 | INFO |   beta: -0.1650 (True: -0.3000) | SQE: 0.018237
2026-05-01 19:18:43 | INFO |   xi: 0.8949 (True: 0.8000) | SQE: 0.009015
2026-05-01 19:18:43 | INFO |   eta: 0.2919 (True: 0.3000) | SQE: 0.000065
2026-05-01 19:18:43 | INFO | Alternating low-rank optimizer diagnostics:
2026-05-01 19:18:43 | INFO |   penalized_objective: 0.559561
2026-05-01 19:18:43 | INFO |   mple_loss_without_penalty: 0.544103
2026-05-01 19:18:43 | INFO |   lambda_uv_ridge: 0.100000
2026-05-01 19:18:43 | INFO |   u_frobenius_norm: 220.806948
2026-05-01 19:18:43 | INFO |   v_frobenius_norm: 2.236068
2026-05-01 19:18:43 | INFO |   effective_rank: 5.000000
2026-05-01 19:18:43 | INFO | Field and interaction diagnostics:
2026-05-01 19:18:43 | INFO |   field_rmse: 0.323061
2026-05-01 19:18:43 | INFO |   interaction_fro_error: 1.050494
2026-05-01 19:18:43 | INFO |   estimated_field_max_abs_entry: 2.029364
2026-05-01 19:18:43 | INFO |   estimated_field_rank: 5.000000
2026-05-01 19:18:43 | INFO |   true_field_max_abs_entry: 2.906201
2026-05-01 19:18:43 | INFO |   true_field_rank: 5.000000
2026-05-01 19:18:43 | INFO | Saved summary table to /orcd/home/002/phevosp/MPLE-Causal-Inference/experiments/SyntheticHybridExperiments/r5_c1_hybrid_us_county_intervention_uscounty_graph_kernel_confounding/cv_runs/alternating_uv_grid/candidates/alternating_uv_grid_candidate_0006/fold_7/mple_summary.csv
2026-05-01 19:18:43 | INFO | Log saved to /orcd/home/002/phevosp/MPLE-Causal-Inference/experiments/SyntheticHybridExperiments/r5_c1_hybrid_us_county_intervention_uscounty_graph_kernel_confounding/cv_runs/alternating_uv_grid/candidates/alternating_uv_grid_candidate_0006/fold_7/mple.log
