2026-05-02 17:01:39 | INFO | Loading data...
2026-05-02 17:01:39 | INFO | Using panel artifact: /orcd/home/002/phevosp/MPLE-Causal-Inference/experiments/HybridExperiments_r1/r1_hybrid_us_county_intervention_generated_graph_confounding/panel_data.npz
2026-05-02 17:01:39 | INFO | Using x_0 artifact: /orcd/home/002/phevosp/MPLE-Causal-Inference/experiments/HybridExperiments_r1/r1_hybrid_us_county_intervention_generated_graph_confounding/x_0.npy
2026-05-02 17:01:39 | INFO | Using fit config: /orcd/home/002/phevosp/MPLE-Causal-Inference/experiments/HybridExperiments_r1/r1_hybrid_us_county_intervention_generated_graph_confounding/fits/base_beta_mask/fit_realized_config.yaml
2026-05-02 17:01:39 | INFO | Using model artifact directory: /orcd/home/002/phevosp/MPLE-Causal-Inference/experiments/HybridExperiments_r1/r1_hybrid_us_county_intervention_generated_graph_confounding
2026-05-02 17:01:39 | INFO | Using truth artifact directory: /orcd/home/002/phevosp/MPLE-Causal-Inference/experiments/HybridExperiments_r1/r1_hybrid_us_county_intervention_generated_graph_confounding
2026-05-02 17:01:39 | INFO | Configured optimizer mode: no_external_field
2026-05-02 17:01:39 | INFO | Configured latent rank: 0
2026-05-02 17:01:39 | INFO | Using a fixed known graph with scalar xi.
2026-05-02 17:01:39 | INFO | Fit-time hard bounds active: False
2026-05-02 17:01:39 | INFO | Fixed scalar parameters: {}
2026-05-02 17:01:39 | INFO | Warm-start fixed scalars: {} for 0 steps
2026-05-02 17:01:39 | INFO | Beta mask before s: True with s=50
2026-05-02 17:01:39 | INFO | Beta mask after e: True with e=109
2026-05-02 17:01:39 | INFO | Ignoring v_column_l2_max=1.0 for optimizer_mode=no_external_field
2026-05-02 17:01:39 | INFO | Optimizer settings: steps=20000, tol=1e-09, n_starts=1, seed=0, lambda_nuclear=0.0, lambda_frobenius=0.0, lambda_uv_ridge=0.0, v_column_l2_max=1.0, proximal_lr=1.0
2026-05-02 17:01:39 | INFO | Done fitting.
2026-05-02 17:01:39 | INFO | Optimizer status: Optimization terminated successfully.
2026-05-02 17:01:39 | INFO | Best optimizer start: 1 / 1
2026-05-02 17:01:39 | INFO | Final Loss: 0.552358
2026-05-02 17:01:39 | INFO | Estimated vs True Parameters:
2026-05-02 17:01:39 | INFO |   beta: -0.0301 (True: -0.3000) | SQE: 0.072847
2026-05-02 17:01:39 | INFO |   xi: 1.5354 (True: 0.8000) | SQE: 0.540842
2026-05-02 17:01:39 | INFO |   eta: 0.3312 (True: 0.3000) | SQE: 0.000973
2026-05-02 17:01:39 | INFO | Field and interaction diagnostics:
2026-05-02 17:01:39 | INFO |   field_rmse: 0.500000
2026-05-02 17:01:39 | INFO |   interaction_fro_error: 5.572285
2026-05-02 17:01:39 | INFO |   estimated_field_max_abs_entry: 0.000000
2026-05-02 17:01:39 | INFO |   estimated_field_rank: 0.000000
2026-05-02 17:01:39 | INFO |   true_field_max_abs_entry: 0.578902
2026-05-02 17:01:39 | INFO |   true_field_rank: 1.000000
2026-05-02 17:01:40 | INFO | Saved summary table to /orcd/home/002/phevosp/MPLE-Causal-Inference/experiments/HybridExperiments_r1/r1_hybrid_us_county_intervention_generated_graph_confounding/fits/base_beta_mask/mple_summary.csv
2026-05-02 17:01:40 | INFO | Log saved to /orcd/home/002/phevosp/MPLE-Causal-Inference/experiments/HybridExperiments_r1/r1_hybrid_us_county_intervention_generated_graph_confounding/fits/base_beta_mask/mple.log
