2026-04-25 15:03:22 | INFO | Loading data...
2026-04-25 15:03:22 | INFO | Using panel artifact: /orcd/home/002/phevosp/MPLE-Causal-Inference/experiments/USCountyVaccination_US_trimmed/outcome_death_rate_100k_ge_2__intervention_complete_cov_ge_30__lag_2w__contiguity__start_2021_01_03/panel_data.npz
2026-04-25 15:03:22 | INFO | Using x_0 artifact: /orcd/home/002/phevosp/MPLE-Causal-Inference/experiments/USCountyVaccination_US_trimmed/outcome_death_rate_100k_ge_2__intervention_complete_cov_ge_30__lag_2w__contiguity__start_2021_01_03/x_0.npy
2026-04-25 15:03:22 | INFO | Using fit config: /orcd/home/002/phevosp/MPLE-Causal-Inference/experiments/USCountyVaccination_US_trimmed/outcome_death_rate_100k_ge_2__intervention_complete_cov_ge_30__lag_2w__contiguity__start_2021_01_03/fits/alternating_rank_20_lambda_15_beta_mask/fit_realized_config.yaml
2026-04-25 15:03:22 | INFO | Using model artifact directory: /orcd/home/002/phevosp/MPLE-Causal-Inference/experiments/USCountyVaccination_US_trimmed/outcome_death_rate_100k_ge_2__intervention_complete_cov_ge_30__lag_2w__contiguity__start_2021_01_03
2026-04-25 15:03:22 | INFO | Using truth artifact directory: /orcd/home/002/phevosp/MPLE-Causal-Inference/experiments/USCountyVaccination_US_trimmed/outcome_death_rate_100k_ge_2__intervention_complete_cov_ge_30__lag_2w__contiguity__start_2021_01_03
2026-04-25 15:03:22 | INFO | Configured optimizer mode: alternating_latent_rank
2026-04-25 15:03:22 | INFO | Configured latent rank: 20
2026-04-25 15:03:22 | INFO | Using a fixed known graph with scalar xi.
2026-04-25 15:03:22 | INFO | Fit-time hard bounds active: False
2026-04-25 15:03:22 | INFO | Fixed scalar parameters: {}
2026-04-25 15:03:22 | INFO | Beta mask before s: True
2026-04-25 15:03:22 | INFO | Optimizer settings: steps=20000, tol=1e-09, n_starts=1, seed=0, lambda_nuclear=0.0, lambda_frobenius=0.0, lambda_uv_ridge=15.0, proximal_lr=1.0
2026-04-25 15:03:22 | INFO | Alternating low-rank start 1/1 | seed=0 | initial_loss=0.643980 | initial_penalized=0.687209
2026-04-25 15:03:22 | INFO | Alternating low-rank iter 0 | Loss: 0.515152 | Penalized: 0.547693
2026-04-25 15:03:30 | INFO | Alternating low-rank iter 100 | Loss: 0.370668 | Penalized: 0.474915
2026-04-25 15:03:38 | INFO | Alternating low-rank iter 200 | Loss: 0.369805 | Penalized: 0.474286
2026-04-25 15:03:46 | INFO | Alternating low-rank iter 300 | Loss: 0.369770 | Penalized: 0.474275
2026-04-25 15:03:53 | INFO | Alternating low-rank iter 400 | Loss: 0.369764 | Penalized: 0.474274
2026-04-25 15:04:01 | INFO | Alternating low-rank iter 500 | Loss: 0.369763 | Penalized: 0.474274
2026-04-25 15:04:02 | INFO | Done fitting.
2026-04-25 15:04:02 | INFO | Optimizer status: CONVERGED: alternating objective tolerance reached
2026-04-25 15:04:02 | INFO | Best optimizer start: 1 / 1
2026-04-25 15:04:02 | INFO | Final Loss: 0.369763
2026-04-25 15:04:02 | INFO | Estimated Parameters:
2026-04-25 15:04:02 | INFO |   beta: -0.0096
2026-04-25 15:04:02 | INFO |   xi: 1.8568
2026-04-25 15:04:02 | INFO |   eta: 0.2955
2026-04-25 15:04:02 | INFO | Alternating low-rank optimizer diagnostics:
2026-04-25 15:04:02 | INFO |   penalized_objective: 0.474274
2026-04-25 15:04:02 | INFO |   mple_loss_without_penalty: 0.369763
2026-04-25 15:04:02 | INFO |   lambda_uv_ridge: 15.000000
2026-04-25 15:04:02 | INFO |   u_frobenius_norm: 27.281044
2026-04-25 15:04:02 | INFO |   v_frobenius_norm: 27.281044
2026-04-25 15:04:02 | INFO |   effective_rank: 20.000000
2026-04-25 15:04:02 | INFO | Field and interaction diagnostics:
2026-04-25 15:04:02 | INFO |   estimated_field_max_abs_entry: 1.650415
2026-04-25 15:04:02 | INFO |   estimated_field_rank: 20.000000
2026-04-25 15:04:02 | INFO | Saved summary tables to /orcd/home/002/phevosp/MPLE-Causal-Inference/experiments/USCountyVaccination_US_trimmed/outcome_death_rate_100k_ge_2__intervention_complete_cov_ge_30__lag_2w__contiguity__start_2021_01_03/fits/alternating_rank_20_lambda_15_beta_mask/mple_summary.csv and /orcd/home/002/phevosp/MPLE-Causal-Inference/experiments/USCountyVaccination_US_trimmed/outcome_death_rate_100k_ge_2__intervention_complete_cov_ge_30__lag_2w__contiguity__start_2021_01_03/fits/alternating_rank_20_lambda_15_beta_mask/mple_summary.md
2026-04-25 15:04:02 | INFO | Log saved to /orcd/home/002/phevosp/MPLE-Causal-Inference/experiments/USCountyVaccination_US_trimmed/outcome_death_rate_100k_ge_2__intervention_complete_cov_ge_30__lag_2w__contiguity__start_2021_01_03/fits/alternating_rank_20_lambda_15_beta_mask/mple.log
