2026-05-01 08:41:17 | INFO | Loading data...
2026-05-01 08:41:17 | INFO | Using panel artifact: /orcd/home/002/phevosp/MPLE-Causal-Inference/experiments/SyntheticHybridExperiments/base/panel_data.npz
2026-05-01 08:41:17 | INFO | Using x_0 artifact: /orcd/home/002/phevosp/MPLE-Causal-Inference/experiments/SyntheticHybridExperiments/base/x_0.npy
2026-05-01 08:41:17 | INFO | Using fit config: /orcd/home/002/phevosp/MPLE-Causal-Inference/experiments/SyntheticHybridExperiments/base/cv_runs/alternating_uv_grid/candidates/alternating_uv_grid_candidate_0005/fold_4/fit_realized_config.yaml
2026-05-01 08:41:17 | INFO | Using model artifact directory: /orcd/home/002/phevosp/MPLE-Causal-Inference/experiments/SyntheticHybridExperiments/base
2026-05-01 08:41:17 | INFO | Using truth artifact directory: /orcd/home/002/phevosp/MPLE-Causal-Inference/experiments/SyntheticHybridExperiments/base
2026-05-01 08:41:17 | INFO | Using loss mask artifact: /orcd/home/002/phevosp/MPLE-Causal-Inference/experiments/SyntheticHybridExperiments/base/cv_runs/alternating_uv_grid/candidates/alternating_uv_grid_candidate_0005/fold_4/loss_mask.npy
2026-05-01 08:41:17 | INFO | Configured optimizer mode: alternating_latent_rank
2026-05-01 08:41:17 | INFO | Configured latent rank: 3
2026-05-01 08:41:17 | INFO | Using a fixed known graph with scalar xi.
2026-05-01 08:41:17 | INFO | Fit-time hard bounds active: False
2026-05-01 08:41:17 | INFO | Fixed scalar parameters: {}
2026-05-01 08:41:17 | INFO | Warm-start fixed scalars: {} for 0 steps
2026-05-01 08:41:17 | INFO | Beta mask before s: False with s=0
2026-05-01 08:41:17 | INFO | Beta mask after e: False with e=11
2026-05-01 08:41:17 | INFO | Alternating V-column L2-ball constraint active with radius 1.0
2026-05-01 08:41:17 | INFO | Optimizer settings: steps=2000, tol=1e-07, n_starts=1, seed=0, lambda_nuclear=0.0, lambda_frobenius=0.0, lambda_uv_ridge=0.1, v_column_l2_max=1.0, proximal_lr=1.0
2026-05-01 08:41:17 | INFO | Alternating low-rank start 1/1 | seed=0 | initial_loss=0.841288 | initial_penalized=0.841442
2026-05-01 08:41:17 | INFO | Alternating low-rank iter 0 | Loss: 0.663067 | Penalized: 0.681121
2026-05-01 08:41:18 | INFO | Alternating low-rank iter 100 | Loss: 0.437125 | Penalized: 0.499304
2026-05-01 08:41:19 | INFO | Alternating low-rank iter 200 | Loss: 0.435143 | Penalized: 0.497437
2026-05-01 08:41:20 | INFO | Alternating low-rank iter 300 | Loss: 0.434313 | Penalized: 0.496555
2026-05-01 08:41:21 | INFO | Alternating low-rank iter 400 | Loss: 0.431135 | Penalized: 0.494139
2026-05-01 08:41:22 | INFO | Alternating low-rank iter 500 | Loss: 0.430115 | Penalized: 0.493336
2026-05-01 08:41:22 | INFO | Alternating low-rank iter 600 | Loss: 0.429707 | Penalized: 0.492909
2026-05-01 08:41:23 | INFO | Alternating low-rank iter 700 | Loss: 0.429370 | Penalized: 0.492557
2026-05-01 08:41:24 | INFO | Alternating low-rank iter 800 | Loss: 0.429084 | Penalized: 0.492265
2026-05-01 08:41:25 | INFO | Alternating low-rank iter 900 | Loss: 0.428840 | Penalized: 0.492022
2026-05-01 08:41:26 | INFO | Alternating low-rank iter 1000 | Loss: 0.428632 | Penalized: 0.491821
2026-05-01 08:41:26 | INFO | Alternating low-rank iter 1100 | Loss: 0.428454 | Penalized: 0.491653
2026-05-01 08:41:27 | INFO | Alternating low-rank iter 1200 | Loss: 0.428302 | Penalized: 0.491514
2026-05-01 08:41:28 | INFO | Alternating low-rank iter 1300 | Loss: 0.428172 | Penalized: 0.491399
2026-05-01 08:41:29 | INFO | Alternating low-rank iter 1400 | Loss: 0.428060 | Penalized: 0.491303
2026-05-01 08:41:30 | INFO | Alternating low-rank iter 1500 | Loss: 0.427963 | Penalized: 0.491223
2026-05-01 08:41:31 | INFO | Alternating low-rank iter 1600 | Loss: 0.427880 | Penalized: 0.491156
2026-05-01 08:41:31 | INFO | Alternating low-rank iter 1700 | Loss: 0.427808 | Penalized: 0.491101
2026-05-01 08:41:32 | INFO | Alternating low-rank iter 1800 | Loss: 0.427746 | Penalized: 0.491055
2026-05-01 08:41:33 | INFO | Alternating low-rank iter 1900 | Loss: 0.427691 | Penalized: 0.491017
2026-05-01 08:41:34 | INFO | Done fitting.
2026-05-01 08:41:34 | INFO | Optimizer status: STOP: TOTAL NO. OF ITERATIONS REACHED LIMIT
2026-05-01 08:41:34 | INFO | Best optimizer start: 1 / 1
2026-05-01 08:41:34 | INFO | Final Loss: 0.427645
2026-05-01 08:41:34 | INFO | Estimated vs True Parameters:
2026-05-01 08:41:34 | INFO |   beta: -0.3621 (True: -0.3000) | SQE: 0.003860
2026-05-01 08:41:34 | INFO |   xi: 0.9421 (True: 0.8000) | SQE: 0.020195
2026-05-01 08:41:34 | INFO |   eta: 0.3229 (True: 0.3000) | SQE: 0.000525
2026-05-01 08:41:34 | INFO | Alternating low-rank optimizer diagnostics:
2026-05-01 08:41:34 | INFO |   penalized_objective: 0.490986
2026-05-01 08:41:34 | INFO |   mple_loss_without_penalty: 0.427645
2026-05-01 08:41:34 | INFO |   lambda_uv_ridge: 0.100000
2026-05-01 08:41:34 | INFO |   u_frobenius_norm: 43.309351
2026-05-01 08:41:34 | INFO |   v_frobenius_norm: 1.732051
2026-05-01 08:41:34 | INFO |   effective_rank: 3.000000
2026-05-01 08:41:34 | INFO | Field and interaction diagnostics:
2026-05-01 08:41:34 | INFO |   field_rmse: 0.273951
2026-05-01 08:41:34 | INFO |   interaction_fro_error: 0.375622
2026-05-01 08:41:34 | INFO |   estimated_field_max_abs_entry: 1.477945
2026-05-01 08:41:34 | INFO |   estimated_field_rank: 3.000000
2026-05-01 08:41:34 | INFO |   true_field_max_abs_entry: 0.000000
2026-05-01 08:41:34 | INFO |   true_field_rank: 0.000000
2026-05-01 08:41:34 | INFO | Saved summary table to /orcd/home/002/phevosp/MPLE-Causal-Inference/experiments/SyntheticHybridExperiments/base/cv_runs/alternating_uv_grid/candidates/alternating_uv_grid_candidate_0005/fold_4/mple_summary.csv
2026-05-01 08:41:34 | INFO | Log saved to /orcd/home/002/phevosp/MPLE-Causal-Inference/experiments/SyntheticHybridExperiments/base/cv_runs/alternating_uv_grid/candidates/alternating_uv_grid_candidate_0005/fold_4/mple.log
