2026-05-02 12:16:21 | INFO | Loading data...
2026-05-02 12:16:21 | INFO | Using panel artifact: /orcd/home/002/phevosp/MPLE-Causal-Inference/experiments/Synthetic/spectral_low_rank/panel_data.npz
2026-05-02 12:16:21 | INFO | Using x_0 artifact: /orcd/home/002/phevosp/MPLE-Causal-Inference/experiments/Synthetic/spectral_low_rank/x_0.npy
2026-05-02 12:16:21 | INFO | Using fit config: /orcd/home/002/phevosp/MPLE-Causal-Inference/experiments/Synthetic/spectral_low_rank/cv_runs/alternating_uv_grid/candidates/alternating_uv_grid_candidate_0002/fold_6/fit_realized_config.yaml
2026-05-02 12:16:21 | INFO | Using model artifact directory: /orcd/home/002/phevosp/MPLE-Causal-Inference/experiments/Synthetic/spectral_low_rank
2026-05-02 12:16:21 | INFO | Using truth artifact directory: /orcd/home/002/phevosp/MPLE-Causal-Inference/experiments/Synthetic/spectral_low_rank
2026-05-02 12:16:21 | INFO | Using loss mask artifact: /orcd/home/002/phevosp/MPLE-Causal-Inference/experiments/Synthetic/spectral_low_rank/cv_runs/alternating_uv_grid/candidates/alternating_uv_grid_candidate_0002/fold_6/loss_mask.npy
2026-05-02 12:16:21 | INFO | Configured optimizer mode: alternating_latent_rank
2026-05-02 12:16:21 | INFO | Configured latent rank: 3
2026-05-02 12:16:21 | INFO | Using a fixed known graph with scalar xi.
2026-05-02 12:16:21 | INFO | Fit-time hard bounds active: False
2026-05-02 12:16:21 | INFO | Fixed scalar parameters: {}
2026-05-02 12:16:21 | INFO | Warm-start fixed scalars: {} for 0 steps
2026-05-02 12:16:21 | INFO | Beta mask before s: False with s=0
2026-05-02 12:16:21 | INFO | Beta mask after e: False with e=11
2026-05-02 12:16:21 | INFO | Alternating V-column L2-ball constraint active with radius 1.0
2026-05-02 12:16:21 | INFO | Optimizer settings: steps=2000, tol=1e-07, n_starts=1, seed=0, lambda_nuclear=0.0, lambda_frobenius=0.0, lambda_uv_ridge=0.005, v_column_l2_max=1.0, proximal_lr=1.0
2026-05-02 12:16:21 | INFO | Alternating low-rank start 1/1 | seed=0 | initial_loss=0.835799 | initial_penalized=0.835800
2026-05-02 12:16:21 | INFO | Alternating low-rank iter 0 | Loss: 0.573914 | Penalized: 0.574466
2026-05-02 12:16:22 | INFO | Alternating low-rank iter 100 | Loss: 0.501791 | Penalized: 0.507976
2026-05-02 12:16:23 | INFO | Alternating low-rank iter 200 | Loss: 0.500352 | Penalized: 0.506831
2026-05-02 12:16:24 | INFO | Alternating low-rank iter 300 | Loss: 0.500176 | Penalized: 0.506665
2026-05-02 12:16:25 | INFO | Alternating low-rank iter 400 | Loss: 0.500147 | Penalized: 0.506635
2026-05-02 12:16:25 | INFO | Done fitting.
2026-05-02 12:16:25 | INFO | Optimizer status: CONVERGED: alternating objective tolerance reached
2026-05-02 12:16:25 | INFO | Best optimizer start: 1 / 1
2026-05-02 12:16:25 | INFO | Final Loss: 0.500145
2026-05-02 12:16:25 | INFO | Estimated vs True Parameters:
2026-05-02 12:16:25 | INFO |   beta: -0.3318 (True: -0.3000) | SQE: 0.001009
2026-05-02 12:16:25 | INFO |   xi: 0.8310 (True: 0.8000) | SQE: 0.000959
2026-05-02 12:16:25 | INFO |   eta: 0.2871 (True: 0.3000) | SQE: 0.000166
2026-05-02 12:16:25 | INFO | Alternating low-rank optimizer diagnostics:
2026-05-02 12:16:25 | INFO |   penalized_objective: 0.506634
2026-05-02 12:16:25 | INFO |   mple_loss_without_penalty: 0.500145
2026-05-02 12:16:25 | INFO |   lambda_uv_ridge: 0.005000
2026-05-02 12:16:25 | INFO |   u_frobenius_norm: 149.622923
2026-05-02 12:16:25 | INFO |   v_frobenius_norm: 1.732051
2026-05-02 12:16:25 | INFO |   effective_rank: 3.000000
2026-05-02 12:16:25 | INFO | Field and interaction diagnostics:
2026-05-02 12:16:25 | INFO |   field_rmse: 0.852433
2026-05-02 12:16:25 | INFO |   interaction_fro_error: 0.109698
2026-05-02 12:16:25 | INFO |   estimated_field_max_abs_entry: 12.071043
2026-05-02 12:16:25 | INFO |   estimated_field_rank: 3.000000
2026-05-02 12:16:25 | INFO |   true_field_max_abs_entry: 2.857994
2026-05-02 12:16:25 | INFO |   true_field_rank: 3.000000
2026-05-02 12:16:25 | INFO | Saved summary table to /orcd/home/002/phevosp/MPLE-Causal-Inference/experiments/Synthetic/spectral_low_rank/cv_runs/alternating_uv_grid/candidates/alternating_uv_grid_candidate_0002/fold_6/mple_summary.csv
2026-05-02 12:16:25 | INFO | Log saved to /orcd/home/002/phevosp/MPLE-Causal-Inference/experiments/Synthetic/spectral_low_rank/cv_runs/alternating_uv_grid/candidates/alternating_uv_grid_candidate_0002/fold_6/mple.log
