2026-04-12 13:26:57 | INFO | Loading data...
2026-04-12 13:26:57 | INFO | Using panel artifact: C:\Users\phevo\Documents\MIT\Code\MPLE-Causal-Inference\experiments\SyntheticHybridExperiments\hybrid_generated_intervention_uscounty_graph_rank_40\panel_data.npz
2026-04-12 13:26:57 | INFO | Using x_0 artifact: C:\Users\phevo\Documents\MIT\Code\MPLE-Causal-Inference\experiments\SyntheticHybridExperiments\hybrid_generated_intervention_uscounty_graph_rank_40\x_0.npy
2026-04-12 13:26:57 | INFO | Using z_0 artifact: C:\Users\phevo\Documents\MIT\Code\MPLE-Causal-Inference\experiments\SyntheticHybridExperiments\hybrid_generated_intervention_uscounty_graph_rank_40\z_0.npy
2026-04-12 13:26:57 | INFO | Using fit config: C:\Users\phevo\Documents\MIT\Code\MPLE-Causal-Inference\experiments\SyntheticHybridExperiments\hybrid_generated_intervention_uscounty_graph_rank_40\fits\rank_6_b1\fit_realized_config.yaml
2026-04-12 13:26:57 | INFO | Using model artifact directory: C:\Users\phevo\Documents\MIT\Code\MPLE-Causal-Inference\experiments\SyntheticHybridExperiments\hybrid_generated_intervention_uscounty_graph_rank_40
2026-04-12 13:26:57 | INFO | Using truth artifact directory: C:\Users\phevo\Documents\MIT\Code\MPLE-Causal-Inference\experiments\SyntheticHybridExperiments\hybrid_generated_intervention_uscounty_graph_rank_40
2026-04-12 13:26:57 | INFO | Configured latent rank: 6
2026-04-12 13:26:57 | INFO | Using a fixed known graph with scalar xi.
2026-04-12 13:26:57 | INFO | Intervention-process model enabled: True
2026-04-12 13:26:57 | INFO | Global temperature bound B active: True
2026-04-12 13:26:57 | INFO | Effective xi bound from interaction constraint: 1.000000
2026-04-12 13:26:57 | INFO | Beta mask pre-intervention enabled: False
2026-04-12 13:26:57 | INFO | Beta mask rescale enabled: False
2026-04-12 13:26:57 | INFO | Fixed scalar parameters: {}
2026-04-12 13:26:57 | INFO | Eval 0  |  Loss: 0.719571
2026-04-12 13:26:57 | INFO |   beta: -0.0150,  xi: -0.0239,  eta: -0.1255,  zeta: -0.0447,  psi: -0.0128
2026-04-12 13:27:01 | INFO | Done fitting.
2026-04-12 13:27:01 | INFO | Optimizer status: CONVERGENCE: RELATIVE REDUCTION OF F <= FACTR*EPSMCH
2026-04-12 13:27:01 | INFO | Final Loss: 0.533801
2026-04-12 13:27:01 | INFO | Estimated vs True Parameters:
2026-04-12 13:27:01 | INFO |   beta: 0.3451 (True: 0.3500) | SQE: 0.000024
2026-04-12 13:27:01 | INFO |   xi: 0.7648 (True: 0.7500) | SQE: 0.000218
2026-04-12 13:27:01 | INFO |   eta: 0.4769 (True: 0.4800) | SQE: 0.000010
2026-04-12 13:27:01 | INFO |   zeta: -0.5550 (True: -0.5500) | SQE: 0.000025
2026-04-12 13:27:01 | INFO |   psi: 0.8020 (True: 0.8000) | SQE: 0.000004
2026-04-12 13:27:01 | INFO | Field and interaction diagnostics:
2026-04-12 13:27:01 | INFO |   field_rmse: 0.001628
2026-04-12 13:27:01 | INFO |   interaction_fro_error: 0.139360
2026-04-12 13:27:01 | INFO |   estimated_field_inf_norm: 1.000000
2026-04-12 13:27:01 | INFO |   estimated_field_rank: 6.000000
2026-04-12 13:27:01 | INFO |   bound_B: 1.000000
2026-04-12 13:27:01 | INFO |   true_field_inf_norm: 5.000000
2026-04-12 13:27:01 | INFO |   true_field_rank: 40.000000
2026-04-12 13:27:01 | INFO | Saved summary tables to C:\Users\phevo\Documents\MIT\Code\MPLE-Causal-Inference\experiments\SyntheticHybridExperiments\hybrid_generated_intervention_uscounty_graph_rank_40\fits\rank_6_b1\mple_summary.csv and C:\Users\phevo\Documents\MIT\Code\MPLE-Causal-Inference\experiments\SyntheticHybridExperiments\hybrid_generated_intervention_uscounty_graph_rank_40\fits\rank_6_b1\mple_summary.md
2026-04-12 13:27:01 | INFO | Log saved to C:\Users\phevo\Documents\MIT\Code\MPLE-Causal-Inference\experiments\SyntheticHybridExperiments\hybrid_generated_intervention_uscounty_graph_rank_40\fits\rank_6_b1\mple.log
