2026-04-07 13:30:14 | INFO | Loading data...
2026-04-07 13:30:14 | INFO | Loaded 6 field templates and 1 interaction templates.
2026-04-07 13:30:14 | INFO | Intervention-process model enabled: True
2026-04-07 13:30:14 | INFO | Tau zero-mean enabled: True
2026-04-07 13:30:14 | INFO | Tau smoothness lambda: 0.000000
2026-04-07 13:30:14 | INFO | Running conditional-model MPLE on x with shape=(68, 3203)
2026-04-07 13:30:14 | INFO | Eval 0  |  Loss: 0.754281
2026-04-07 13:30:14 | INFO |   field::log_population: +0.0126,  field::median_household_income: -0.0132,  field::poverty_rate: +0.0640,  field::pct_black: +0.0105,  field::pct_hispanic: -0.0536,  field::pct_in_labor_force: +0.0362,  tau block: mean=-0.0000, std=0.0967, min=-0.2417, max=+0.1869,  beta: +0.1822,  interaction::contiguity: -0.1320,  eta: -0.0662,  zeta: +0.0935,  psi: +0.0049
2026-04-07 13:30:18 | INFO | Done fitting.
2026-04-07 13:30:18 | INFO | Optimizer status: CONVERGENCE: RELATIVE REDUCTION OF F <= FACTR*EPSMCH
2026-04-07 13:30:18 | INFO | Final Loss: 0.161326
2026-04-07 13:30:18 | INFO | Estimated Parameters:
2026-04-07 13:30:18 | INFO |   field::log_population: 0.3154
2026-04-07 13:30:18 | INFO |   field::median_household_income: -0.1197
2026-04-07 13:30:18 | INFO |   field::poverty_rate: 0.0470
2026-04-07 13:30:18 | INFO |   field::pct_black: -0.1643
2026-04-07 13:30:18 | INFO |   field::pct_hispanic: -0.0881
2026-04-07 13:30:18 | INFO |   field::pct_in_labor_force: 0.0944
2026-04-07 13:30:18 | INFO |   tau::t_0: -0.0604
2026-04-07 13:30:18 | INFO |   tau::t_1: -0.1213
2026-04-07 13:30:18 | INFO |   tau::t_2: -0.2153
2026-04-07 13:30:18 | INFO |   tau::t_3: -0.3343
2026-04-07 13:30:18 | INFO |   tau::t_4: -0.0524
2026-04-07 13:30:18 | INFO |   tau::t_5: -0.2526
2026-04-07 13:30:18 | INFO |   tau::t_6: -0.1198
2026-04-07 13:30:18 | INFO |   tau::t_7: -0.1184
2026-04-07 13:30:18 | INFO |   tau::t_8: -0.0293
2026-04-07 13:30:18 | INFO |   tau::t_9: -0.1188
2026-04-07 13:30:18 | INFO |   tau::t_10: 0.0143
2026-04-07 13:30:18 | INFO |   tau::t_11: -0.0608
2026-04-07 13:30:18 | INFO |   tau::t_12: -0.1579
2026-04-07 13:30:18 | INFO |   tau::t_13: -0.1173
2026-04-07 13:30:18 | INFO |   tau::t_14: -0.2103
2026-04-07 13:30:18 | INFO |   tau::t_15: -0.2780
2026-04-07 13:30:18 | INFO |   tau::t_16: -0.3089
2026-04-07 13:30:18 | INFO |   tau::t_17: -0.2692
2026-04-07 13:30:18 | INFO |   tau::t_18: -0.4974
2026-04-07 13:30:18 | INFO |   tau::t_19: -0.2859
2026-04-07 13:30:18 | INFO |   tau::t_20: -0.4911
2026-04-07 13:30:18 | INFO |   tau::t_21: -0.4325
2026-04-07 13:30:18 | INFO |   tau::t_22: -0.3667
2026-04-07 13:30:18 | INFO |   tau::t_23: -0.1490
2026-04-07 13:30:18 | INFO |   tau::t_24: -0.0280
2026-04-07 13:30:18 | INFO |   tau::t_25: 0.1347
2026-04-07 13:30:18 | INFO |   tau::t_26: 0.1920
2026-04-07 13:30:18 | INFO |   tau::t_27: 0.2287
2026-04-07 13:30:18 | INFO |   tau::t_28: 0.2767
2026-04-07 13:30:18 | INFO |   tau::t_29: 0.1847
2026-04-07 13:30:18 | INFO |   tau::t_30: 0.2739
2026-04-07 13:30:18 | INFO |   tau::t_31: 0.2516
2026-04-07 13:30:18 | INFO |   tau::t_32: 0.1469
2026-04-07 13:30:18 | INFO |   tau::t_33: 0.2913
2026-04-07 13:30:18 | INFO |   tau::t_34: 0.2425
2026-04-07 13:30:18 | INFO |   tau::t_35: 0.0768
2026-04-07 13:30:18 | INFO |   tau::t_36: -0.0249
2026-04-07 13:30:18 | INFO |   tau::t_37: -0.1444
2026-04-07 13:30:18 | INFO |   tau::t_38: -0.0996
2026-04-07 13:30:18 | INFO |   tau::t_39: -0.1375
2026-04-07 13:30:18 | INFO |   tau::t_40: -0.0919
2026-04-07 13:30:18 | INFO |   tau::t_41: -0.0042
2026-04-07 13:30:18 | INFO |   tau::t_42: 0.0350
2026-04-07 13:30:18 | INFO |   tau::t_43: -0.2923
2026-04-07 13:30:18 | INFO |   tau::t_44: 0.3646
2026-04-07 13:30:18 | INFO |   tau::t_45: 0.0392
2026-04-07 13:30:18 | INFO |   tau::t_46: 0.0186
2026-04-07 13:30:18 | INFO |   tau::t_47: 0.0520
2026-04-07 13:30:18 | INFO |   tau::t_48: 0.4901
2026-04-07 13:30:18 | INFO |   tau::t_49: 0.8305
2026-04-07 13:30:18 | INFO |   tau::t_50: 0.7922
2026-04-07 13:30:18 | INFO |   tau::t_51: 1.0004
2026-04-07 13:30:18 | INFO |   tau::t_52: 0.9853
2026-04-07 13:30:18 | INFO |   tau::t_53: 0.7317
2026-04-07 13:30:18 | INFO |   tau::t_54: 0.2410
2026-04-07 13:30:18 | INFO |   tau::t_55: -0.1293
2026-04-07 13:30:18 | INFO |   tau::t_56: -0.3833
2026-04-07 13:30:18 | INFO |   tau::t_57: -0.3251
2026-04-07 13:30:18 | INFO |   tau::t_58: -0.3006
2026-04-07 13:30:18 | INFO |   tau::t_59: -0.2331
2026-04-07 13:30:18 | INFO |   tau::t_60: -0.2059
2026-04-07 13:30:18 | INFO |   tau::t_61: -0.2532
2026-04-07 13:30:18 | INFO |   tau::t_62: -0.1461
2026-04-07 13:30:18 | INFO |   tau::t_63: -0.1736
2026-04-07 13:30:18 | INFO |   tau::t_64: 0.0378
2026-04-07 13:30:18 | INFO |   tau::t_65: -0.0323
2026-04-07 13:30:18 | INFO |   tau::t_66: 0.0519
2026-04-07 13:30:18 | INFO |   tau::t_67: 0.0687
2026-04-07 13:30:18 | INFO |   beta: -0.0680
2026-04-07 13:30:18 | INFO |   interaction::contiguity: 2.4748
2026-04-07 13:30:18 | INFO |   eta: 0.5105
2026-04-07 13:30:18 | INFO |   zeta: 0.1269
2026-04-07 13:30:18 | INFO |   psi: 2.7248
2026-04-07 13:30:18 | INFO | Saved summary tables to C:\Users\phevo\Documents\MIT\Code\MPLE-Causal-Inference\experiments\USCountyVaccination_US\USCountyVaccination_US_tau_zero_mean\outcome_case_rate_100k_ge_100__intervention_complete_cov_ge_60__lag_2w__contiguity\mple_summary.csv and C:\Users\phevo\Documents\MIT\Code\MPLE-Causal-Inference\experiments\USCountyVaccination_US\USCountyVaccination_US_tau_zero_mean\outcome_case_rate_100k_ge_100__intervention_complete_cov_ge_60__lag_2w__contiguity\mple_summary.md
2026-04-07 13:30:18 | INFO | Log saved to C:\Users\phevo\Documents\MIT\Code\MPLE-Causal-Inference\experiments\USCountyVaccination_US\USCountyVaccination_US_tau_zero_mean\outcome_case_rate_100k_ge_100__intervention_complete_cov_ge_60__lag_2w__contiguity\mple.log
