2026-04-08 12:14:33 | INFO | Loading data...
2026-04-08 12:14:33 | INFO | Loaded 6 field templates and 1 interaction templates.
2026-04-08 12:14:33 | INFO | Intervention-process model enabled: True
2026-04-08 12:14:33 | INFO | Tau zero-mean enabled: False
2026-04-08 12:14:33 | INFO | Tau smoothness lambda: 0.000000
2026-04-08 12:14:33 | INFO | Running conditional-model MPLE on x with shape=(67, 3137)
2026-04-08 12:14:33 | INFO | Eval 0  |  Loss: 0.672856
2026-04-08 12:14:33 | INFO |   field::population_density: +0.0126,  field::senior_population: -0.0132,  field::college_education: +0.0640,  field::poverty_rate: +0.0105,  field::log_population: -0.0536,  field::median_household_income: +0.0362,  tau block: mean=+0.0102, std=0.0970, min=-0.2325, max=+0.1960,  beta: -0.0618,  interaction::contiguity: +0.1822,  eta: -0.1320,  zeta: -0.0662,  psi: +0.0935
2026-04-08 12:14:37 | INFO | Done fitting.
2026-04-08 12:14:37 | INFO | Optimizer status: CONVERGENCE: RELATIVE REDUCTION OF F <= FACTR*EPSMCH
2026-04-08 12:14:37 | INFO | Final Loss: 0.155138
2026-04-08 12:14:37 | INFO | Estimated Parameters:
2026-04-08 12:14:37 | INFO |   field::population_density: -0.4274
2026-04-08 12:14:37 | INFO |   field::senior_population: -0.2036
2026-04-08 12:14:37 | INFO |   field::college_education: -0.2595
2026-04-08 12:14:37 | INFO |   field::poverty_rate: -0.1790
2026-04-08 12:14:37 | INFO |   field::log_population: 0.1477
2026-04-08 12:14:37 | INFO |   field::median_household_income: -0.0474
2026-04-08 12:14:37 | INFO |   tau::t_0: -0.2121
2026-04-08 12:14:37 | INFO |   tau::t_1: -0.2357
2026-04-08 12:14:37 | INFO |   tau::t_2: -0.3657
2026-04-08 12:14:37 | INFO |   tau::t_3: 0.0154
2026-04-08 12:14:37 | INFO |   tau::t_4: -0.2258
2026-04-08 12:14:37 | INFO |   tau::t_5: -0.0296
2026-04-08 12:14:37 | INFO |   tau::t_6: -0.1058
2026-04-08 12:14:37 | INFO |   tau::t_7: -0.0346
2026-04-08 12:14:37 | INFO |   tau::t_8: -0.1204
2026-04-08 12:14:37 | INFO |   tau::t_9: -0.0193
2026-04-08 12:14:37 | INFO |   tau::t_10: -0.0833
2026-04-08 12:14:37 | INFO |   tau::t_11: -0.2371
2026-04-08 12:14:37 | INFO |   tau::t_12: -0.2388
2026-04-08 12:14:37 | INFO |   tau::t_13: -0.3491
2026-04-08 12:14:37 | INFO |   tau::t_14: -0.3793
2026-04-08 12:14:37 | INFO |   tau::t_15: -0.5565
2026-04-08 12:14:37 | INFO |   tau::t_16: -0.5139
2026-04-08 12:14:37 | INFO |   tau::t_17: -0.7718
2026-04-08 12:14:37 | INFO |   tau::t_18: -0.4983
2026-04-08 12:14:37 | INFO |   tau::t_19: -0.6714
2026-04-08 12:14:37 | INFO |   tau::t_20: -0.5951
2026-04-08 12:14:37 | INFO |   tau::t_21: -0.5647
2026-04-08 12:14:37 | INFO |   tau::t_22: -0.3001
2026-04-08 12:14:37 | INFO |   tau::t_23: -0.2007
2026-04-08 12:14:37 | INFO |   tau::t_24: 0.0587
2026-04-08 12:14:37 | INFO |   tau::t_25: 0.2270
2026-04-08 12:14:37 | INFO |   tau::t_26: 0.2216
2026-04-08 12:14:37 | INFO |   tau::t_27: 0.2527
2026-04-08 12:14:37 | INFO |   tau::t_28: 0.2203
2026-04-08 12:14:37 | INFO |   tau::t_29: 0.2057
2026-04-08 12:14:37 | INFO |   tau::t_30: 0.1825
2026-04-08 12:14:37 | INFO |   tau::t_31: 0.0151
2026-04-08 12:14:37 | INFO |   tau::t_32: 0.1560
2026-04-08 12:14:37 | INFO |   tau::t_33: -0.0999
2026-04-08 12:14:37 | INFO |   tau::t_34: -0.1258
2026-04-08 12:14:37 | INFO |   tau::t_35: -0.1500
2026-04-08 12:14:37 | INFO |   tau::t_36: -0.1839
2026-04-08 12:14:37 | INFO |   tau::t_37: -0.2160
2026-04-08 12:14:37 | INFO |   tau::t_38: -0.0299
2026-04-08 12:14:37 | INFO |   tau::t_39: -0.0503
2026-04-08 12:14:37 | INFO |   tau::t_40: 0.0308
2026-04-08 12:14:37 | INFO |   tau::t_41: 0.0781
2026-04-08 12:14:37 | INFO |   tau::t_42: -0.3291
2026-04-08 12:14:37 | INFO |   tau::t_43: 0.3354
2026-04-08 12:14:37 | INFO |   tau::t_44: -0.0166
2026-04-08 12:14:37 | INFO |   tau::t_45: -0.0502
2026-04-08 12:14:37 | INFO |   tau::t_46: -0.0493
2026-04-08 12:14:37 | INFO |   tau::t_47: 0.4985
2026-04-08 12:14:37 | INFO |   tau::t_48: 0.8536
2026-04-08 12:14:37 | INFO |   tau::t_49: 0.9238
2026-04-08 12:14:37 | INFO |   tau::t_50: 1.2391
2026-04-08 12:14:37 | INFO |   tau::t_51: 1.2972
2026-04-08 12:14:37 | INFO |   tau::t_52: 0.3718
2026-04-08 12:14:37 | INFO |   tau::t_53: -0.2262
2026-04-08 12:14:37 | INFO |   tau::t_54: -0.3819
2026-04-08 12:14:37 | INFO |   tau::t_55: -0.4392
2026-04-08 12:14:37 | INFO |   tau::t_56: -0.2602
2026-04-08 12:14:37 | INFO |   tau::t_57: -0.2373
2026-04-08 12:14:37 | INFO |   tau::t_58: -0.2516
2026-04-08 12:14:37 | INFO |   tau::t_59: -0.3665
2026-04-08 12:14:37 | INFO |   tau::t_60: -0.4148
2026-04-08 12:14:37 | INFO |   tau::t_61: -0.3581
2026-04-08 12:14:37 | INFO |   tau::t_62: -0.1997
2026-04-08 12:14:37 | INFO |   tau::t_63: -0.1245
2026-04-08 12:14:37 | INFO |   tau::t_64: -0.1498
2026-04-08 12:14:37 | INFO |   tau::t_65: -0.0008
2026-04-08 12:14:37 | INFO |   tau::t_66: -0.0284
2026-04-08 12:14:37 | INFO |   beta: 0.0038
2026-04-08 12:14:37 | INFO |   interaction::contiguity: 2.6232
2026-04-08 12:14:37 | INFO |   eta: 0.5500
2026-04-08 12:14:37 | INFO |   zeta: -0.3378
2026-04-08 12:14:37 | INFO |   psi: 2.1271
2026-04-08 12:14:37 | INFO | Saved summary tables to C:\Users\phevo\Documents\MIT\Code\MPLE-Causal-Inference\experiments\USCountyVaccination_US_features_new\outcome_case_rate_100k_ge_200__intervention_partial_cov_ge_20__lag_3w__contiguity\mple_summary.csv and C:\Users\phevo\Documents\MIT\Code\MPLE-Causal-Inference\experiments\USCountyVaccination_US_features_new\outcome_case_rate_100k_ge_200__intervention_partial_cov_ge_20__lag_3w__contiguity\mple_summary.md
2026-04-08 12:14:37 | INFO | Log saved to C:\Users\phevo\Documents\MIT\Code\MPLE-Causal-Inference\experiments\USCountyVaccination_US_features_new\outcome_case_rate_100k_ge_200__intervention_partial_cov_ge_20__lag_3w__contiguity\mple.log
