2026-05-02 22:41:41 | INFO | Loading data...
2026-05-02 22:41:41 | INFO | Using panel artifact: /orcd/home/002/phevosp/MPLE-Causal-Inference/experiments/HybridExperiments_r1_v2/r1_hybrid_us_county_intervention_uscounty_graph_contiguous_confounding/panel_data.npz
2026-05-02 22:41:41 | INFO | Using x_0 artifact: /orcd/home/002/phevosp/MPLE-Causal-Inference/experiments/HybridExperiments_r1_v2/r1_hybrid_us_county_intervention_uscounty_graph_contiguous_confounding/x_0.npy
2026-05-02 22:41:41 | INFO | Using fit config: /orcd/home/002/phevosp/MPLE-Causal-Inference/experiments/HybridExperiments_r1_v2/r1_hybrid_us_county_intervention_uscounty_graph_contiguous_confounding/fits/alternating_rank_1_uv_5_e2_beta_mask/fit_realized_config.yaml
2026-05-02 22:41:41 | INFO | Using model artifact directory: /orcd/home/002/phevosp/MPLE-Causal-Inference/experiments/HybridExperiments_r1_v2/r1_hybrid_us_county_intervention_uscounty_graph_contiguous_confounding
2026-05-02 22:41:41 | INFO | Using truth artifact directory: /orcd/home/002/phevosp/MPLE-Causal-Inference/experiments/HybridExperiments_r1_v2/r1_hybrid_us_county_intervention_uscounty_graph_contiguous_confounding
2026-05-02 22:41:41 | INFO | Configured optimizer mode: alternating_latent_rank
2026-05-02 22:41:41 | INFO | Configured latent rank: 1
2026-05-02 22:41:41 | INFO | Using a fixed known graph with scalar xi.
2026-05-02 22:41:41 | INFO | Fit-time hard bounds active: False
2026-05-02 22:41:41 | INFO | Fixed scalar parameters: {}
2026-05-02 22:41:41 | INFO | Warm-start fixed scalars: {} for 0 steps
2026-05-02 22:41:41 | INFO | Beta mask before s: True with s=50
2026-05-02 22:41:41 | INFO | Beta mask after e: True with e=115
2026-05-02 22:41:41 | INFO | Alternating V-column L2-ball constraint active with radius 1.0
2026-05-02 22:41:41 | INFO | Optimizer settings: steps=20000, tol=1e-09, n_starts=1, seed=0, lambda_nuclear=0.0, lambda_frobenius=0.0, lambda_uv_ridge=0.05, v_column_l2_max=1.0, proximal_lr=1.0
2026-05-02 22:41:41 | INFO | Alternating low-rank start 1/1 | seed=0 | initial_loss=0.698555 | initial_penalized=0.698556
2026-05-02 22:41:41 | INFO | Alternating low-rank iter 0 | Loss: 0.561786 | Penalized: 0.564549
2026-05-02 22:41:48 | INFO | Alternating low-rank iter 100 | Loss: 0.537499 | Penalized: 0.541411
2026-05-02 22:41:54 | INFO | Alternating low-rank iter 200 | Loss: 0.537702 | Penalized: 0.541327
2026-05-02 22:42:00 | INFO | Done fitting.
2026-05-02 22:42:00 | INFO | Optimizer status: CONVERGED: alternating objective tolerance reached
2026-05-02 22:42:00 | INFO | Best optimizer start: 1 / 1
2026-05-02 22:42:00 | INFO | Final Loss: 0.537726
2026-05-02 22:42:00 | INFO | Estimated vs True Parameters:
2026-05-02 22:42:00 | INFO |   beta: -0.1854 (True: -0.3000) | SQE: 0.013125
2026-05-02 22:42:00 | INFO |   xi: 1.0459 (True: 0.8000) | SQE: 0.060457
2026-05-02 22:42:00 | INFO |   eta: 0.3041 (True: 0.3000) | SQE: 0.000017
2026-05-02 22:42:00 | INFO | Alternating low-rank optimizer diagnostics:
2026-05-02 22:42:00 | INFO |   penalized_objective: 0.541326
2026-05-02 22:42:00 | INFO |   mple_loss_without_penalty: 0.537726
2026-05-02 22:42:00 | INFO |   lambda_uv_ridge: 0.050000
2026-05-02 22:42:00 | INFO |   u_frobenius_norm: 157.969483
2026-05-02 22:42:00 | INFO |   v_frobenius_norm: 1.000000
2026-05-02 22:42:00 | INFO |   effective_rank: 1.000000
2026-05-02 22:42:00 | INFO | Field and interaction diagnostics:
2026-05-02 22:42:00 | INFO |   field_rmse: 0.287923
2026-05-02 22:42:00 | INFO |   interaction_fro_error: 2.325209
2026-05-02 22:42:00 | INFO |   estimated_field_max_abs_entry: 0.991954
2026-05-02 22:42:00 | INFO |   estimated_field_rank: 1.000000
2026-05-02 22:42:00 | INFO |   true_field_max_abs_entry: 0.609457
2026-05-02 22:42:00 | INFO |   true_field_rank: 1.000000
2026-05-02 22:42:00 | INFO | Saved summary table to /orcd/home/002/phevosp/MPLE-Causal-Inference/experiments/HybridExperiments_r1_v2/r1_hybrid_us_county_intervention_uscounty_graph_contiguous_confounding/fits/alternating_rank_1_uv_5_e2_beta_mask/mple_summary.csv
2026-05-02 22:42:00 | INFO | Log saved to /orcd/home/002/phevosp/MPLE-Causal-Inference/experiments/HybridExperiments_r1_v2/r1_hybrid_us_county_intervention_uscounty_graph_contiguous_confounding/fits/alternating_rank_1_uv_5_e2_beta_mask/mple.log
