2026-05-03 00:56:57 | INFO | Loading data...
2026-05-03 00:56:57 | INFO | Using panel artifact: /orcd/home/002/phevosp/MPLE-Causal-Inference/experiments/HybridExperiments_r1_v2/r1_hybrid_us_county_intervention_uscounty_graph_contiguous_confounding/panel_data.npz
2026-05-03 00:56:57 | INFO | Using x_0 artifact: /orcd/home/002/phevosp/MPLE-Causal-Inference/experiments/HybridExperiments_r1_v2/r1_hybrid_us_county_intervention_uscounty_graph_contiguous_confounding/x_0.npy
2026-05-03 00:56:57 | INFO | Using fit config: /orcd/home/002/phevosp/MPLE-Causal-Inference/experiments/HybridExperiments_r1_v2/r1_hybrid_us_county_intervention_uscounty_graph_contiguous_confounding/cv_runs/alternating_uv_grid/candidates/alternating_uv_grid_candidate_0007/fold_1/fit_realized_config.yaml
2026-05-03 00:56:57 | INFO | Using model artifact directory: /orcd/home/002/phevosp/MPLE-Causal-Inference/experiments/HybridExperiments_r1_v2/r1_hybrid_us_county_intervention_uscounty_graph_contiguous_confounding
2026-05-03 00:56:57 | INFO | Using truth artifact directory: /orcd/home/002/phevosp/MPLE-Causal-Inference/experiments/HybridExperiments_r1_v2/r1_hybrid_us_county_intervention_uscounty_graph_contiguous_confounding
2026-05-03 00:56:57 | INFO | Using loss mask artifact: /orcd/home/002/phevosp/MPLE-Causal-Inference/experiments/HybridExperiments_r1_v2/r1_hybrid_us_county_intervention_uscounty_graph_contiguous_confounding/cv_runs/alternating_uv_grid/candidates/alternating_uv_grid_candidate_0007/fold_1/loss_mask.npy
2026-05-03 00:56:57 | INFO | Configured optimizer mode: alternating_latent_rank
2026-05-03 00:56:57 | INFO | Configured latent rank: 1
2026-05-03 00:56:57 | INFO | Using a fixed known graph with scalar xi.
2026-05-03 00:56:57 | INFO | Fit-time hard bounds active: False
2026-05-03 00:56:57 | INFO | Fixed scalar parameters: {}
2026-05-03 00:56:57 | INFO | Warm-start fixed scalars: {} for 0 steps
2026-05-03 00:56:57 | INFO | Beta mask before s: True with s=50
2026-05-03 00:56:57 | INFO | Beta mask after e: True with e=115
2026-05-03 00:56:57 | INFO | Alternating V-column L2-ball constraint active with radius 1.0
2026-05-03 00:56:57 | INFO | Optimizer settings: steps=2000, tol=1e-07, n_starts=1, seed=0, lambda_nuclear=0.0, lambda_frobenius=0.0, lambda_uv_ridge=0.1, v_column_l2_max=1.0, proximal_lr=1.0
2026-05-03 00:56:57 | INFO | Alternating low-rank start 1/1 | seed=0 | initial_loss=0.698469 | initial_penalized=0.698469
2026-05-03 00:56:57 | INFO | Alternating low-rank iter 0 | Loss: 0.563144 | Penalized: 0.568513
2026-05-03 00:57:04 | INFO | Alternating low-rank iter 100 | Loss: 0.540708 | Penalized: 0.545554
2026-05-03 00:57:11 | INFO | Alternating low-rank iter 200 | Loss: 0.541001 | Penalized: 0.545368
2026-05-03 00:57:11 | INFO | Done fitting.
2026-05-03 00:57:11 | INFO | Optimizer status: CONVERGED: alternating objective tolerance reached
2026-05-03 00:57:11 | INFO | Best optimizer start: 1 / 1
2026-05-03 00:57:11 | INFO | Final Loss: 0.541006
2026-05-03 00:57:11 | INFO | Estimated vs True Parameters:
2026-05-03 00:57:11 | INFO |   beta: -0.1145 (True: -0.3000) | SQE: 0.034413
2026-05-03 00:57:11 | INFO |   xi: 1.1813 (True: 0.8000) | SQE: 0.145377
2026-05-03 00:57:11 | INFO |   eta: 0.3133 (True: 0.3000) | SQE: 0.000177
2026-05-03 00:57:11 | INFO | Alternating low-rank optimizer diagnostics:
2026-05-03 00:57:11 | INFO |   penalized_objective: 0.545367
2026-05-03 00:57:11 | INFO |   mple_loss_without_penalty: 0.541006
2026-05-03 00:57:11 | INFO |   lambda_uv_ridge: 0.100000
2026-05-03 00:57:11 | INFO |   u_frobenius_norm: 112.236492
2026-05-03 00:57:11 | INFO |   v_frobenius_norm: 1.000000
2026-05-03 00:57:11 | INFO |   effective_rank: 1.000000
2026-05-03 00:57:11 | INFO | Field and interaction diagnostics:
2026-05-03 00:57:11 | INFO |   field_rmse: 0.350781
2026-05-03 00:57:11 | INFO |   interaction_fro_error: 3.605665
2026-05-03 00:57:11 | INFO |   estimated_field_max_abs_entry: 0.756739
2026-05-03 00:57:11 | INFO |   estimated_field_rank: 1.000000
2026-05-03 00:57:11 | INFO |   true_field_max_abs_entry: 0.609457
2026-05-03 00:57:11 | INFO |   true_field_rank: 1.000000
2026-05-03 00:57:11 | INFO | Saved summary table to /orcd/home/002/phevosp/MPLE-Causal-Inference/experiments/HybridExperiments_r1_v2/r1_hybrid_us_county_intervention_uscounty_graph_contiguous_confounding/cv_runs/alternating_uv_grid/candidates/alternating_uv_grid_candidate_0007/fold_1/mple_summary.csv
2026-05-03 00:57:11 | INFO | Log saved to /orcd/home/002/phevosp/MPLE-Causal-Inference/experiments/HybridExperiments_r1_v2/r1_hybrid_us_county_intervention_uscounty_graph_contiguous_confounding/cv_runs/alternating_uv_grid/candidates/alternating_uv_grid_candidate_0007/fold_1/mple.log
