2026-04-07 11:42:26 | INFO | Loading data...
2026-04-07 11:42:27 | INFO | Loaded 6 field templates and 1 interaction templates.
2026-04-07 11:42:27 | INFO | Intervention-process model enabled: True
2026-04-07 11:42:27 | INFO | Tau zero-mean enabled: False
2026-04-07 11:42:27 | INFO | Tau smoothness lambda: 0.000000
2026-04-07 11:42:27 | INFO | Running conditional-model MPLE on x with shape=(67, 3203)
2026-04-07 11:42:27 | INFO | Eval 0  |  Loss: 0.684573
2026-04-07 11:42:27 | INFO |   field::log_population: +0.0126,  field::median_household_income: -0.0132,  field::poverty_rate: +0.0640,  field::pct_black: +0.0105,  field::pct_hispanic: -0.0536,  field::pct_in_labor_force: +0.0362,  tau block: mean=+0.0102, std=0.0970, min=-0.2325, max=+0.1960,  beta: -0.0618,  interaction::contiguity: +0.1822,  eta: -0.1320,  zeta: -0.0662,  psi: +0.0935
2026-04-07 11:42:31 | INFO | Done fitting.
2026-04-07 11:42:31 | INFO | Optimizer status: CONVERGENCE: RELATIVE REDUCTION OF F <= FACTR*EPSMCH
2026-04-07 11:42:31 | INFO | Final Loss: 0.178570
2026-04-07 11:42:31 | INFO | Estimated Parameters:
2026-04-07 11:42:31 | INFO |   field::log_population: 0.3116
2026-04-07 11:42:31 | INFO |   field::median_household_income: -0.2167
2026-04-07 11:42:31 | INFO |   field::poverty_rate: -0.0159
2026-04-07 11:42:31 | INFO |   field::pct_black: -0.1677
2026-04-07 11:42:31 | INFO |   field::pct_hispanic: -0.1266
2026-04-07 11:42:31 | INFO |   field::pct_in_labor_force: 0.1055
2026-04-07 11:42:31 | INFO |   tau::t_0: -0.0198
2026-04-07 11:42:31 | INFO |   tau::t_1: -0.1212
2026-04-07 11:42:31 | INFO |   tau::t_2: -0.2462
2026-04-07 11:42:31 | INFO |   tau::t_3: 0.0330
2026-04-07 11:42:31 | INFO |   tau::t_4: -0.1662
2026-04-07 11:42:31 | INFO |   tau::t_5: -0.0359
2026-04-07 11:42:31 | INFO |   tau::t_6: -0.0336
2026-04-07 11:42:31 | INFO |   tau::t_7: 0.0561
2026-04-07 11:42:31 | INFO |   tau::t_8: -0.0290
2026-04-07 11:42:31 | INFO |   tau::t_9: 0.1024
2026-04-07 11:42:31 | INFO |   tau::t_10: 0.0296
2026-04-07 11:42:31 | INFO |   tau::t_11: -0.0669
2026-04-07 11:42:31 | INFO |   tau::t_12: -0.0271
2026-04-07 11:42:31 | INFO |   tau::t_13: -0.1180
2026-04-07 11:42:31 | INFO |   tau::t_14: -0.1839
2026-04-07 11:42:31 | INFO |   tau::t_15: -0.2106
2026-04-07 11:42:31 | INFO |   tau::t_16: -0.1673
2026-04-07 11:42:31 | INFO |   tau::t_17: -0.3642
2026-04-07 11:42:31 | INFO |   tau::t_18: -0.1715
2026-04-07 11:42:31 | INFO |   tau::t_19: -0.3536
2026-04-07 11:42:31 | INFO |   tau::t_20: -0.2987
2026-04-07 11:42:31 | INFO |   tau::t_21: -0.2426
2026-04-07 11:42:31 | INFO |   tau::t_22: -0.0497
2026-04-07 11:42:31 | INFO |   tau::t_23: 0.0617
2026-04-07 11:42:31 | INFO |   tau::t_24: 0.2184
2026-04-07 11:42:31 | INFO |   tau::t_25: 0.2773
2026-04-07 11:42:31 | INFO |   tau::t_26: 0.3161
2026-04-07 11:42:31 | INFO |   tau::t_27: 0.3702
2026-04-07 11:42:31 | INFO |   tau::t_28: 0.2875
2026-04-07 11:42:31 | INFO |   tau::t_29: 0.3927
2026-04-07 11:42:31 | INFO |   tau::t_30: 0.3810
2026-04-07 11:42:31 | INFO |   tau::t_31: 0.2697
2026-04-07 11:42:31 | INFO |   tau::t_32: 0.4251
2026-04-07 11:42:31 | INFO |   tau::t_33: 0.3738
2026-04-07 11:42:31 | INFO |   tau::t_34: 0.1947
2026-04-07 11:42:31 | INFO |   tau::t_35: 0.0812
2026-04-07 11:42:31 | INFO |   tau::t_36: -0.0512
2026-04-07 11:42:31 | INFO |   tau::t_37: -0.0086
2026-04-07 11:42:31 | INFO |   tau::t_38: -0.0497
2026-04-07 11:42:31 | INFO |   tau::t_39: -0.0060
2026-04-07 11:42:31 | INFO |   tau::t_40: 0.0824
2026-04-07 11:42:31 | INFO |   tau::t_41: 0.1245
2026-04-07 11:42:31 | INFO |   tau::t_42: -0.2095
2026-04-07 11:42:31 | INFO |   tau::t_43: 0.4510
2026-04-07 11:42:31 | INFO |   tau::t_44: 0.1308
2026-04-07 11:42:31 | INFO |   tau::t_45: 0.1024
2026-04-07 11:42:31 | INFO |   tau::t_46: 0.1354
2026-04-07 11:42:31 | INFO |   tau::t_47: 0.6035
2026-04-07 11:42:31 | INFO |   tau::t_48: 1.1226
2026-04-07 11:42:31 | INFO |   tau::t_49: 1.1916
2026-04-07 11:42:31 | INFO |   tau::t_50: 1.8819
2026-04-07 11:42:31 | INFO |   tau::t_51: 1.8593
2026-04-07 11:42:31 | INFO |   tau::t_52: 1.0888
2026-04-07 11:42:31 | INFO |   tau::t_53: 0.3733
2026-04-07 11:42:31 | INFO |   tau::t_54: -0.0476
2026-04-07 11:42:31 | INFO |   tau::t_55: -0.3195
2026-04-07 11:42:31 | INFO |   tau::t_56: -0.2627
2026-04-07 11:42:31 | INFO |   tau::t_57: -0.2372
2026-04-07 11:42:31 | INFO |   tau::t_58: -0.1655
2026-04-07 11:42:31 | INFO |   tau::t_59: -0.1369
2026-04-07 11:42:31 | INFO |   tau::t_60: -0.1828
2026-04-07 11:42:31 | INFO |   tau::t_61: -0.0831
2026-04-07 11:42:31 | INFO |   tau::t_62: -0.1050
2026-04-07 11:42:31 | INFO |   tau::t_63: 0.0961
2026-04-07 11:42:31 | INFO |   tau::t_64: 0.0259
2026-04-07 11:42:31 | INFO |   tau::t_65: 0.1103
2026-04-07 11:42:31 | INFO |   tau::t_66: 0.1287
2026-04-07 11:42:31 | INFO |   beta: -0.0014
2026-04-07 11:42:31 | INFO |   interaction::contiguity: 2.4573
2026-04-07 11:42:31 | INFO |   eta: 0.5059
2026-04-07 11:42:31 | INFO |   zeta: 0.1023
2026-04-07 11:42:31 | INFO |   psi: 2.1225
2026-04-07 11:42:31 | INFO | Saved summary tables to C:\Users\phevo\Documents\MIT\Code\MPLE-Causal-Inference\experiments\USCountyVaccination_US_tau_unrestricted\outcome_case_rate_100k_ge_100__intervention_complete_cov_ge_40__lag_3w__contiguity\mple_summary.csv and C:\Users\phevo\Documents\MIT\Code\MPLE-Causal-Inference\experiments\USCountyVaccination_US_tau_unrestricted\outcome_case_rate_100k_ge_100__intervention_complete_cov_ge_40__lag_3w__contiguity\mple_summary.md
2026-04-07 11:42:31 | INFO | Log saved to C:\Users\phevo\Documents\MIT\Code\MPLE-Causal-Inference\experiments\USCountyVaccination_US_tau_unrestricted\outcome_case_rate_100k_ge_100__intervention_complete_cov_ge_40__lag_3w__contiguity\mple.log
