2026-04-07 11:38:54 | INFO | Loading data...
2026-04-07 11:38:54 | INFO | Loaded 6 field templates and 1 interaction templates.
2026-04-07 11:38:54 | INFO | Intervention-process model enabled: True
2026-04-07 11:38:54 | INFO | Tau zero-mean enabled: True
2026-04-07 11:38:54 | INFO | Tau smoothness lambda: 1.000000
2026-04-07 11:38:54 | INFO | Running conditional-model MPLE on x with shape=(66, 3203)
2026-04-07 11:38:54 | INFO | Eval 0  |  Loss: 0.680872
2026-04-07 11:38:54 | INFO |   field::log_population: +0.0126,  field::median_household_income: -0.0132,  field::poverty_rate: +0.0640,  field::pct_black: +0.0105,  field::pct_hispanic: -0.0536,  field::pct_in_labor_force: +0.0362,  tau block: mean=+0.0000, std=0.0971, min=-0.2414, max=+0.1872,  beta: +0.1004,  interaction::contiguity: -0.0618,  eta: +0.1822,  zeta: -0.1320,  psi: -0.0662
2026-04-07 11:38:59 | INFO | Done fitting.
2026-04-07 11:38:59 | INFO | Optimizer status: CONVERGENCE: RELATIVE REDUCTION OF F <= FACTR*EPSMCH
2026-04-07 11:38:59 | INFO | Final Loss: 0.154950
2026-04-07 11:38:59 | INFO | Estimated Parameters:
2026-04-07 11:38:59 | INFO |   field::log_population: 0.1733
2026-04-07 11:38:59 | INFO |   field::median_household_income: -0.2938
2026-04-07 11:38:59 | INFO |   field::poverty_rate: -0.0506
2026-04-07 11:38:59 | INFO |   field::pct_black: -0.2153
2026-04-07 11:38:59 | INFO |   field::pct_hispanic: -0.1118
2026-04-07 11:38:59 | INFO |   field::pct_in_labor_force: 0.0705
2026-04-07 11:38:59 | INFO |   tau::t_0: -0.2306
2026-04-07 11:38:59 | INFO |   tau::t_1: -0.3445
2026-04-07 11:38:59 | INFO |   tau::t_2: 0.0274
2026-04-07 11:38:59 | INFO |   tau::t_3: -0.1823
2026-04-07 11:38:59 | INFO |   tau::t_4: -0.0131
2026-04-07 11:38:59 | INFO |   tau::t_5: -0.0789
2026-04-07 11:38:59 | INFO |   tau::t_6: -0.0122
2026-04-07 11:38:59 | INFO |   tau::t_7: -0.1001
2026-04-07 11:38:59 | INFO |   tau::t_8: -0.0139
2026-04-07 11:38:59 | INFO |   tau::t_9: -0.0757
2026-04-07 11:38:59 | INFO |   tau::t_10: -0.2248
2026-04-07 11:38:59 | INFO |   tau::t_11: -0.2198
2026-04-07 11:38:59 | INFO |   tau::t_12: -0.3019
2026-04-07 11:38:59 | INFO |   tau::t_13: -0.3197
2026-04-07 11:38:59 | INFO |   tau::t_14: -0.4518
2026-04-07 11:38:59 | INFO |   tau::t_15: -0.3247
2026-04-07 11:38:59 | INFO |   tau::t_16: -0.6086
2026-04-07 11:38:59 | INFO |   tau::t_17: -0.3874
2026-04-07 11:38:59 | INFO |   tau::t_18: -0.5343
2026-04-07 11:38:59 | INFO |   tau::t_19: -0.4534
2026-04-07 11:38:59 | INFO |   tau::t_20: -0.4537
2026-04-07 11:38:59 | INFO |   tau::t_21: -0.2240
2026-04-07 11:38:59 | INFO |   tau::t_22: -0.1234
2026-04-07 11:38:59 | INFO |   tau::t_23: 0.1063
2026-04-07 11:38:59 | INFO |   tau::t_24: 0.2638
2026-04-07 11:38:59 | INFO |   tau::t_25: 0.2525
2026-04-07 11:38:59 | INFO |   tau::t_26: 0.2794
2026-04-07 11:38:59 | INFO |   tau::t_27: 0.2468
2026-04-07 11:38:59 | INFO |   tau::t_28: 0.2310
2026-04-07 11:38:59 | INFO |   tau::t_29: 0.2047
2026-04-07 11:38:59 | INFO |   tau::t_30: 0.0446
2026-04-07 11:38:59 | INFO |   tau::t_31: 0.1839
2026-04-07 11:38:59 | INFO |   tau::t_32: -0.0567
2026-04-07 11:38:59 | INFO |   tau::t_33: -0.1108
2026-04-07 11:38:59 | INFO |   tau::t_34: -0.1201
2026-04-07 11:38:59 | INFO |   tau::t_35: -0.1631
2026-04-07 11:38:59 | INFO |   tau::t_36: -0.1805
2026-04-07 11:38:59 | INFO |   tau::t_37: -0.0004
2026-04-07 11:38:59 | INFO |   tau::t_38: -0.0256
2026-04-07 11:38:59 | INFO |   tau::t_39: 0.0645
2026-04-07 11:38:59 | INFO |   tau::t_40: 0.1024
2026-04-07 11:38:59 | INFO |   tau::t_41: -0.2990
2026-04-07 11:38:59 | INFO |   tau::t_42: 0.3732
2026-04-07 11:38:59 | INFO |   tau::t_43: 0.0156
2026-04-07 11:38:59 | INFO |   tau::t_44: -0.0230
2026-04-07 11:38:59 | INFO |   tau::t_45: -0.0085
2026-04-07 11:38:59 | INFO |   tau::t_46: 0.5303
2026-04-07 11:38:59 | INFO |   tau::t_47: 0.8915
2026-04-07 11:38:59 | INFO |   tau::t_48: 1.0851
2026-04-07 11:38:59 | INFO |   tau::t_49: 1.8572
2026-04-07 11:38:59 | INFO |   tau::t_50: 1.8366
2026-04-07 11:38:59 | INFO |   tau::t_51: 0.4074
2026-04-07 11:38:59 | INFO |   tau::t_52: -0.2046
2026-04-07 11:38:59 | INFO |   tau::t_53: -0.3373
2026-04-07 11:38:59 | INFO |   tau::t_54: -0.3776
2026-04-07 11:38:59 | INFO |   tau::t_55: -0.1712
2026-04-07 11:38:59 | INFO |   tau::t_56: -0.1697
2026-04-07 11:38:59 | INFO |   tau::t_57: -0.1611
2026-04-07 11:38:59 | INFO |   tau::t_58: -0.2664
2026-04-07 11:38:59 | INFO |   tau::t_59: -0.3042
2026-04-07 11:38:59 | INFO |   tau::t_60: -0.2493
2026-04-07 11:38:59 | INFO |   tau::t_61: -0.1178
2026-04-07 11:38:59 | INFO |   tau::t_62: -0.0066
2026-04-07 11:38:59 | INFO |   tau::t_63: -0.0791
2026-04-07 11:38:59 | INFO |   tau::t_64: 0.0641
2026-04-07 11:38:59 | INFO |   tau::t_65: 0.0429
2026-04-07 11:38:59 | INFO |   beta: -0.0253
2026-04-07 11:38:59 | INFO |   interaction::contiguity: 2.6763
2026-04-07 11:38:59 | INFO |   eta: 0.5515
2026-04-07 11:38:59 | INFO |   zeta: -0.2107
2026-04-07 11:38:59 | INFO |   psi: 2.1339
2026-04-07 11:38:59 | INFO | Saved summary tables to C:\Users\phevo\Documents\MIT\Code\MPLE-Causal-Inference\experiments\USCountyVaccination_US_tau_zero_mean_smooth\outcome_case_rate_100k_ge_200__intervention_complete_cov_ge_30__lag_4w__contiguity\mple_summary.csv and C:\Users\phevo\Documents\MIT\Code\MPLE-Causal-Inference\experiments\USCountyVaccination_US_tau_zero_mean_smooth\outcome_case_rate_100k_ge_200__intervention_complete_cov_ge_30__lag_4w__contiguity\mple_summary.md
2026-04-07 11:38:59 | INFO | Log saved to C:\Users\phevo\Documents\MIT\Code\MPLE-Causal-Inference\experiments\USCountyVaccination_US_tau_zero_mean_smooth\outcome_case_rate_100k_ge_200__intervention_complete_cov_ge_30__lag_4w__contiguity\mple.log
