2026-05-01 22:46:53 | INFO | Loading data...
2026-05-01 22:46:53 | INFO | Using panel artifact: /orcd/home/002/phevosp/MPLE-Causal-Inference/experiments/SyntheticHybridExperimentsFinal/r5_c1_hybrid_us_county_intervention_uscounty_graph_kernel_confounding/panel_data.npz
2026-05-01 22:46:53 | INFO | Using x_0 artifact: /orcd/home/002/phevosp/MPLE-Causal-Inference/experiments/SyntheticHybridExperimentsFinal/r5_c1_hybrid_us_county_intervention_uscounty_graph_kernel_confounding/x_0.npy
2026-05-01 22:46:53 | INFO | Using fit config: /orcd/home/002/phevosp/MPLE-Causal-Inference/experiments/SyntheticHybridExperimentsFinal/r5_c1_hybrid_us_county_intervention_uscounty_graph_kernel_confounding/cv_runs/alternating_uv_grid/candidates/alternating_uv_grid_candidate_0002/fold_8/fit_realized_config.yaml
2026-05-01 22:46:53 | INFO | Using model artifact directory: /orcd/home/002/phevosp/MPLE-Causal-Inference/experiments/SyntheticHybridExperimentsFinal/r5_c1_hybrid_us_county_intervention_uscounty_graph_kernel_confounding
2026-05-01 22:46:53 | INFO | Using truth artifact directory: /orcd/home/002/phevosp/MPLE-Causal-Inference/experiments/SyntheticHybridExperimentsFinal/r5_c1_hybrid_us_county_intervention_uscounty_graph_kernel_confounding
2026-05-01 22:46:53 | INFO | Using loss mask artifact: /orcd/home/002/phevosp/MPLE-Causal-Inference/experiments/SyntheticHybridExperimentsFinal/r5_c1_hybrid_us_county_intervention_uscounty_graph_kernel_confounding/cv_runs/alternating_uv_grid/candidates/alternating_uv_grid_candidate_0002/fold_8/loss_mask.npy
2026-05-01 22:46:53 | INFO | Configured optimizer mode: alternating_latent_rank
2026-05-01 22:46:53 | INFO | Configured latent rank: 5
2026-05-01 22:46:53 | INFO | Using a fixed known graph with scalar xi.
2026-05-01 22:46:53 | INFO | Fit-time hard bounds active: False
2026-05-01 22:46:53 | INFO | Fixed scalar parameters: {}
2026-05-01 22:46:53 | INFO | Warm-start fixed scalars: {} for 0 steps
2026-05-01 22:46:53 | INFO | Beta mask before s: True with s=55
2026-05-01 22:46:53 | INFO | Beta mask after e: True with e=114
2026-05-01 22:46:53 | INFO | Alternating V-column L2-ball constraint active with radius 1.0
2026-05-01 22:46:53 | INFO | Optimizer settings: steps=2000, tol=1e-07, n_starts=1, seed=0, lambda_nuclear=0.0, lambda_frobenius=0.0, lambda_uv_ridge=0.001, v_column_l2_max=1.0, proximal_lr=1.0
2026-05-01 22:46:53 | INFO | Alternating low-rank start 1/1 | seed=0 | initial_loss=0.692742 | initial_penalized=0.692742
2026-05-01 22:46:54 | INFO | Alternating low-rank iter 0 | Loss: 0.555501 | Penalized: 0.555565
2026-05-01 22:47:06 | INFO | Alternating low-rank iter 100 | Loss: 0.520598 | Penalized: 0.521245
2026-05-01 22:47:19 | INFO | Alternating low-rank iter 200 | Loss: 0.517475 | Penalized: 0.518993
2026-05-01 22:47:32 | INFO | Alternating low-rank iter 300 | Loss: 0.516240 | Penalized: 0.518309
2026-05-01 22:47:44 | INFO | Alternating low-rank iter 400 | Loss: 0.515897 | Penalized: 0.518194
2026-05-01 22:47:55 | INFO | Alternating low-rank iter 500 | Loss: 0.515796 | Penalized: 0.518173
2026-05-01 22:47:57 | INFO | Done fitting.
2026-05-01 22:47:57 | INFO | Optimizer status: CONVERGED: alternating objective tolerance reached
2026-05-01 22:47:57 | INFO | Best optimizer start: 1 / 1
2026-05-01 22:47:57 | INFO | Final Loss: 0.515787
2026-05-01 22:47:57 | INFO | Estimated vs True Parameters:
2026-05-01 22:47:57 | INFO |   beta: -0.2244 (True: -0.3000) | SQE: 0.005709
2026-05-01 22:47:57 | INFO |   xi: 0.8872 (True: 0.8000) | SQE: 0.007602
2026-05-01 22:47:57 | INFO |   eta: 0.2965 (True: 0.3000) | SQE: 0.000012
2026-05-01 22:47:57 | INFO | Alternating low-rank optimizer diagnostics:
2026-05-01 22:47:57 | INFO |   penalized_objective: 0.518171
2026-05-01 22:47:57 | INFO |   mple_loss_without_penalty: 0.515787
2026-05-01 22:47:57 | INFO |   lambda_uv_ridge: 0.001000
2026-05-01 22:47:57 | INFO |   u_frobenius_norm: 867.240223
2026-05-01 22:47:57 | INFO |   v_frobenius_norm: 2.236068
2026-05-01 22:47:57 | INFO |   effective_rank: 5.000000
2026-05-01 22:47:57 | INFO | Field and interaction diagnostics:
2026-05-01 22:47:57 | INFO |   field_rmse: 1.477013
2026-05-01 22:47:57 | INFO |   interaction_fro_error: 0.964647
2026-05-01 22:47:57 | INFO |   estimated_field_max_abs_entry: 40.209091
2026-05-01 22:47:57 | INFO |   estimated_field_rank: 5.000000
2026-05-01 22:47:57 | INFO |   true_field_max_abs_entry: 1.442488
2026-05-01 22:47:57 | INFO |   true_field_rank: 5.000000
2026-05-01 22:47:57 | INFO | Saved summary table to /orcd/home/002/phevosp/MPLE-Causal-Inference/experiments/SyntheticHybridExperimentsFinal/r5_c1_hybrid_us_county_intervention_uscounty_graph_kernel_confounding/cv_runs/alternating_uv_grid/candidates/alternating_uv_grid_candidate_0002/fold_8/mple_summary.csv
2026-05-01 22:47:57 | INFO | Log saved to /orcd/home/002/phevosp/MPLE-Causal-Inference/experiments/SyntheticHybridExperimentsFinal/r5_c1_hybrid_us_county_intervention_uscounty_graph_kernel_confounding/cv_runs/alternating_uv_grid/candidates/alternating_uv_grid_candidate_0002/fold_8/mple.log
