2026-05-01 08:41:22 | INFO | Loading data...
2026-05-01 08:41:22 | INFO | Using panel artifact: /orcd/home/002/phevosp/MPLE-Causal-Inference/experiments/SyntheticHybridExperiments/confounding_weak/panel_data.npz
2026-05-01 08:41:22 | INFO | Using x_0 artifact: /orcd/home/002/phevosp/MPLE-Causal-Inference/experiments/SyntheticHybridExperiments/confounding_weak/x_0.npy
2026-05-01 08:41:22 | INFO | Using fit config: /orcd/home/002/phevosp/MPLE-Causal-Inference/experiments/SyntheticHybridExperiments/confounding_weak/cv_runs/alternating_uv_grid/candidates/alternating_uv_grid_candidate_0005/fold_4/fit_realized_config.yaml
2026-05-01 08:41:22 | INFO | Using model artifact directory: /orcd/home/002/phevosp/MPLE-Causal-Inference/experiments/SyntheticHybridExperiments/confounding_weak
2026-05-01 08:41:22 | INFO | Using truth artifact directory: /orcd/home/002/phevosp/MPLE-Causal-Inference/experiments/SyntheticHybridExperiments/confounding_weak
2026-05-01 08:41:22 | INFO | Using loss mask artifact: /orcd/home/002/phevosp/MPLE-Causal-Inference/experiments/SyntheticHybridExperiments/confounding_weak/cv_runs/alternating_uv_grid/candidates/alternating_uv_grid_candidate_0005/fold_4/loss_mask.npy
2026-05-01 08:41:22 | INFO | Configured optimizer mode: alternating_latent_rank
2026-05-01 08:41:22 | INFO | Configured latent rank: 3
2026-05-01 08:41:22 | INFO | Using a fixed known graph with scalar xi.
2026-05-01 08:41:22 | INFO | Fit-time hard bounds active: False
2026-05-01 08:41:22 | INFO | Fixed scalar parameters: {}
2026-05-01 08:41:22 | INFO | Warm-start fixed scalars: {} for 0 steps
2026-05-01 08:41:22 | INFO | Beta mask before s: False with s=0
2026-05-01 08:41:22 | INFO | Beta mask after e: False with e=11
2026-05-01 08:41:22 | INFO | Alternating V-column L2-ball constraint active with radius 1.0
2026-05-01 08:41:22 | INFO | Optimizer settings: steps=2000, tol=1e-07, n_starts=1, seed=0, lambda_nuclear=0.0, lambda_frobenius=0.0, lambda_uv_ridge=0.1, v_column_l2_max=1.0, proximal_lr=1.0
2026-05-01 08:41:22 | INFO | Alternating low-rank start 1/1 | seed=0 | initial_loss=0.839161 | initial_penalized=0.839315
2026-05-01 08:41:22 | INFO | Alternating low-rank iter 0 | Loss: 0.666384 | Penalized: 0.684484
2026-05-01 08:41:23 | INFO | Alternating low-rank iter 100 | Loss: 0.442360 | Penalized: 0.505773
2026-05-01 08:41:24 | INFO | Alternating low-rank iter 200 | Loss: 0.440409 | Penalized: 0.504144
2026-05-01 08:41:25 | INFO | Alternating low-rank iter 300 | Loss: 0.439969 | Penalized: 0.503598
2026-05-01 08:41:26 | INFO | Alternating low-rank iter 400 | Loss: 0.439588 | Penalized: 0.503148
2026-05-01 08:41:26 | INFO | Alternating low-rank iter 500 | Loss: 0.439267 | Penalized: 0.502775
2026-05-01 08:41:27 | INFO | Alternating low-rank iter 600 | Loss: 0.438995 | Penalized: 0.502464
2026-05-01 08:41:28 | INFO | Alternating low-rank iter 700 | Loss: 0.438766 | Penalized: 0.502204
2026-05-01 08:41:29 | INFO | Alternating low-rank iter 800 | Loss: 0.438573 | Penalized: 0.501988
2026-05-01 08:41:30 | INFO | Alternating low-rank iter 900 | Loss: 0.438410 | Penalized: 0.501807
2026-05-01 08:41:31 | INFO | Alternating low-rank iter 1000 | Loss: 0.438273 | Penalized: 0.501657
2026-05-01 08:41:32 | INFO | Alternating low-rank iter 1100 | Loss: 0.438158 | Penalized: 0.501532
2026-05-01 08:41:33 | INFO | Alternating low-rank iter 1200 | Loss: 0.438061 | Penalized: 0.501429
2026-05-01 08:41:34 | INFO | Alternating low-rank iter 1300 | Loss: 0.437979 | Penalized: 0.501343
2026-05-01 08:41:35 | INFO | Alternating low-rank iter 1400 | Loss: 0.437909 | Penalized: 0.501273
2026-05-01 08:41:35 | INFO | Alternating low-rank iter 1500 | Loss: 0.437850 | Penalized: 0.501214
2026-05-01 08:41:36 | INFO | Alternating low-rank iter 1600 | Loss: 0.437800 | Penalized: 0.501165
2026-05-01 08:41:37 | INFO | Alternating low-rank iter 1700 | Loss: 0.437756 | Penalized: 0.501124
2026-05-01 08:41:38 | INFO | Alternating low-rank iter 1800 | Loss: 0.437719 | Penalized: 0.501091
2026-05-01 08:41:39 | INFO | Alternating low-rank iter 1900 | Loss: 0.437687 | Penalized: 0.501062
2026-05-01 08:41:40 | INFO | Done fitting.
2026-05-01 08:41:40 | INFO | Optimizer status: STOP: TOTAL NO. OF ITERATIONS REACHED LIMIT
2026-05-01 08:41:40 | INFO | Best optimizer start: 1 / 1
2026-05-01 08:41:40 | INFO | Final Loss: 0.437660
2026-05-01 08:41:40 | INFO | Estimated vs True Parameters:
2026-05-01 08:41:40 | INFO |   beta: -0.3091 (True: -0.3000) | SQE: 0.000083
2026-05-01 08:41:40 | INFO |   xi: 0.7934 (True: 0.8000) | SQE: 0.000044
2026-05-01 08:41:40 | INFO |   eta: 0.3204 (True: 0.3000) | SQE: 0.000415
2026-05-01 08:41:40 | INFO | Alternating low-rank optimizer diagnostics:
2026-05-01 08:41:40 | INFO |   penalized_objective: 0.501039
2026-05-01 08:41:40 | INFO |   mple_loss_without_penalty: 0.437660
2026-05-01 08:41:40 | INFO |   lambda_uv_ridge: 0.100000
2026-05-01 08:41:40 | INFO |   u_frobenius_norm: 43.322293
2026-05-01 08:41:40 | INFO |   v_frobenius_norm: 1.732051
2026-05-01 08:41:40 | INFO |   effective_rank: 3.000000
2026-05-01 08:41:40 | INFO | Field and interaction diagnostics:
2026-05-01 08:41:40 | INFO |   field_rmse: 0.311619
2026-05-01 08:41:40 | INFO |   interaction_fro_error: 0.017539
2026-05-01 08:41:40 | INFO |   estimated_field_max_abs_entry: 1.493330
2026-05-01 08:41:40 | INFO |   estimated_field_rank: 3.000000
2026-05-01 08:41:40 | INFO |   true_field_max_abs_entry: 1.115066
2026-05-01 08:41:40 | INFO |   true_field_rank: 3.000000
2026-05-01 08:41:40 | INFO | Saved summary table to /orcd/home/002/phevosp/MPLE-Causal-Inference/experiments/SyntheticHybridExperiments/confounding_weak/cv_runs/alternating_uv_grid/candidates/alternating_uv_grid_candidate_0005/fold_4/mple_summary.csv
2026-05-01 08:41:40 | INFO | Log saved to /orcd/home/002/phevosp/MPLE-Causal-Inference/experiments/SyntheticHybridExperiments/confounding_weak/cv_runs/alternating_uv_grid/candidates/alternating_uv_grid_candidate_0005/fold_4/mple.log
