2026-04-25 14:48:22 | INFO | Loading data...
2026-04-25 14:48:22 | INFO | Using panel artifact: /orcd/home/002/phevosp/MPLE-Causal-Inference/experiments/USCountyVaccination_US_trimmed/outcome_death_rate_100k_ge_2__intervention_complete_cov_ge_20__lag_2w__contiguity__start_2021_01_03/panel_data.npz
2026-04-25 14:48:22 | INFO | Using x_0 artifact: /orcd/home/002/phevosp/MPLE-Causal-Inference/experiments/USCountyVaccination_US_trimmed/outcome_death_rate_100k_ge_2__intervention_complete_cov_ge_20__lag_2w__contiguity__start_2021_01_03/x_0.npy
2026-04-25 14:48:22 | INFO | Using fit config: /orcd/home/002/phevosp/MPLE-Causal-Inference/experiments/USCountyVaccination_US_trimmed/outcome_death_rate_100k_ge_2__intervention_complete_cov_ge_20__lag_2w__contiguity__start_2021_01_03/fits/alternating_rank_5_lambda_10_beta_mask/fit_realized_config.yaml
2026-04-25 14:48:22 | INFO | Using model artifact directory: /orcd/home/002/phevosp/MPLE-Causal-Inference/experiments/USCountyVaccination_US_trimmed/outcome_death_rate_100k_ge_2__intervention_complete_cov_ge_20__lag_2w__contiguity__start_2021_01_03
2026-04-25 14:48:22 | INFO | Using truth artifact directory: /orcd/home/002/phevosp/MPLE-Causal-Inference/experiments/USCountyVaccination_US_trimmed/outcome_death_rate_100k_ge_2__intervention_complete_cov_ge_20__lag_2w__contiguity__start_2021_01_03
2026-04-25 14:48:22 | INFO | Configured optimizer mode: alternating_latent_rank
2026-04-25 14:48:22 | INFO | Configured latent rank: 5
2026-04-25 14:48:22 | INFO | Using a fixed known graph with scalar xi.
2026-04-25 14:48:22 | INFO | Fit-time hard bounds active: False
2026-04-25 14:48:22 | INFO | Fixed scalar parameters: {}
2026-04-25 14:48:22 | INFO | Beta mask before s: True
2026-04-25 14:48:22 | INFO | Optimizer settings: steps=20000, tol=1e-09, n_starts=1, seed=0, lambda_nuclear=0.0, lambda_frobenius=0.0, lambda_uv_ridge=10.0, proximal_lr=1.0
2026-04-25 14:48:22 | INFO | Alternating low-rank start 1/1 | seed=0 | initial_loss=0.710594 | initial_penalized=0.717780
2026-04-25 14:48:22 | INFO | Alternating low-rank iter 0 | Loss: 0.519725 | Penalized: 0.539052
2026-04-25 14:48:27 | INFO | Alternating low-rank iter 100 | Loss: 0.435250 | Penalized: 0.478656
2026-04-25 14:48:33 | INFO | Alternating low-rank iter 200 | Loss: 0.436061 | Penalized: 0.478036
2026-04-25 14:48:38 | INFO | Alternating low-rank iter 300 | Loss: 0.436388 | Penalized: 0.478007
2026-04-25 14:48:44 | INFO | Alternating low-rank iter 400 | Loss: 0.436491 | Penalized: 0.478006
2026-04-25 14:48:47 | INFO | Done fitting.
2026-04-25 14:48:47 | INFO | Optimizer status: CONVERGED: alternating objective tolerance reached
2026-04-25 14:48:47 | INFO | Best optimizer start: 1 / 1
2026-04-25 14:48:47 | INFO | Final Loss: 0.436515
2026-04-25 14:48:47 | INFO | Estimated Parameters:
2026-04-25 14:48:47 | INFO |   beta: -0.0532
2026-04-25 14:48:47 | INFO |   xi: 1.6843
2026-04-25 14:48:47 | INFO |   eta: 0.0892
2026-04-25 14:48:47 | INFO | Alternating low-rank optimizer diagnostics:
2026-04-25 14:48:47 | INFO |   penalized_objective: 0.478005
2026-04-25 14:48:47 | INFO |   mple_loss_without_penalty: 0.436515
2026-04-25 14:48:47 | INFO |   lambda_uv_ridge: 10.000000
2026-04-25 14:48:47 | INFO |   u_frobenius_norm: 21.052336
2026-04-25 14:48:47 | INFO |   v_frobenius_norm: 21.052347
2026-04-25 14:48:47 | INFO |   effective_rank: 5.000000
2026-04-25 14:48:47 | INFO | Field and interaction diagnostics:
2026-04-25 14:48:47 | INFO |   estimated_field_max_abs_entry: 1.910110
2026-04-25 14:48:47 | INFO |   estimated_field_rank: 5.000000
2026-04-25 14:48:47 | INFO | Saved summary tables to /orcd/home/002/phevosp/MPLE-Causal-Inference/experiments/USCountyVaccination_US_trimmed/outcome_death_rate_100k_ge_2__intervention_complete_cov_ge_20__lag_2w__contiguity__start_2021_01_03/fits/alternating_rank_5_lambda_10_beta_mask/mple_summary.csv and /orcd/home/002/phevosp/MPLE-Causal-Inference/experiments/USCountyVaccination_US_trimmed/outcome_death_rate_100k_ge_2__intervention_complete_cov_ge_20__lag_2w__contiguity__start_2021_01_03/fits/alternating_rank_5_lambda_10_beta_mask/mple_summary.md
2026-04-25 14:48:47 | INFO | Log saved to /orcd/home/002/phevosp/MPLE-Causal-Inference/experiments/USCountyVaccination_US_trimmed/outcome_death_rate_100k_ge_2__intervention_complete_cov_ge_20__lag_2w__contiguity__start_2021_01_03/fits/alternating_rank_5_lambda_10_beta_mask/mple.log
