2026-04-07 11:44:43 | INFO | Loading data...
2026-04-07 11:44:43 | INFO | Loaded 6 field templates and 1 interaction templates.
2026-04-07 11:44:43 | INFO | Intervention-process model enabled: True
2026-04-07 11:44:43 | INFO | Tau zero-mean enabled: True
2026-04-07 11:44:43 | INFO | Tau smoothness lambda: 0.000000
2026-04-07 11:44:43 | INFO | Running conditional-model MPLE on x with shape=(66, 3203)
2026-04-07 11:44:43 | INFO | Eval 0  |  Loss: 0.678176
2026-04-07 11:44:43 | INFO |   field::log_population: +0.0126,  field::median_household_income: -0.0132,  field::poverty_rate: +0.0640,  field::pct_black: +0.0105,  field::pct_hispanic: -0.0536,  field::pct_in_labor_force: +0.0362,  tau block: mean=+0.0000, std=0.0971, min=-0.2414, max=+0.1872,  beta: +0.1004,  interaction::contiguity: -0.0618,  eta: +0.1822,  zeta: -0.1320,  psi: -0.0662
2026-04-07 11:44:47 | INFO | Done fitting.
2026-04-07 11:44:47 | INFO | Optimizer status: CONVERGENCE: RELATIVE REDUCTION OF F <= FACTR*EPSMCH
2026-04-07 11:44:47 | INFO | Final Loss: 0.154283
2026-04-07 11:44:47 | INFO | Estimated Parameters:
2026-04-07 11:44:47 | INFO |   field::log_population: 0.1641
2026-04-07 11:44:47 | INFO |   field::median_household_income: -0.2892
2026-04-07 11:44:47 | INFO |   field::poverty_rate: -0.0562
2026-04-07 11:44:47 | INFO |   field::pct_black: -0.2041
2026-04-07 11:44:47 | INFO |   field::pct_hispanic: -0.1054
2026-04-07 11:44:47 | INFO |   field::pct_in_labor_force: 0.0649
2026-04-07 11:44:47 | INFO |   tau::t_0: -0.2075
2026-04-07 11:44:47 | INFO |   tau::t_1: -0.3215
2026-04-07 11:44:47 | INFO |   tau::t_2: 0.0527
2026-04-07 11:44:47 | INFO |   tau::t_3: -0.1593
2026-04-07 11:44:47 | INFO |   tau::t_4: 0.0108
2026-04-07 11:44:47 | INFO |   tau::t_5: -0.0546
2026-04-07 11:44:47 | INFO |   tau::t_6: 0.0102
2026-04-07 11:44:47 | INFO |   tau::t_7: -0.0760
2026-04-07 11:44:47 | INFO |   tau::t_8: 0.0092
2026-04-07 11:44:47 | INFO |   tau::t_9: -0.0521
2026-04-07 11:44:47 | INFO |   tau::t_10: -0.2012
2026-04-07 11:44:47 | INFO |   tau::t_11: -0.1963
2026-04-07 11:44:47 | INFO |   tau::t_12: -0.2809
2026-04-07 11:44:47 | INFO |   tau::t_13: -0.3000
2026-04-07 11:44:47 | INFO |   tau::t_14: -0.4376
2026-04-07 11:44:47 | INFO |   tau::t_15: -0.3094
2026-04-07 11:44:47 | INFO |   tau::t_16: -0.5995
2026-04-07 11:44:47 | INFO |   tau::t_17: -0.3765
2026-04-07 11:44:47 | INFO |   tau::t_18: -0.5254
2026-04-07 11:44:47 | INFO |   tau::t_19: -0.4449
2026-04-07 11:44:47 | INFO |   tau::t_20: -0.4490
2026-04-07 11:44:47 | INFO |   tau::t_21: -0.2215
2026-04-07 11:44:47 | INFO |   tau::t_22: -0.1236
2026-04-07 11:44:47 | INFO |   tau::t_23: 0.1049
2026-04-07 11:44:47 | INFO |   tau::t_24: 0.2625
2026-04-07 11:44:47 | INFO |   tau::t_25: 0.2474
2026-04-07 11:44:47 | INFO |   tau::t_26: 0.2731
2026-04-07 11:44:47 | INFO |   tau::t_27: 0.2391
2026-04-07 11:44:47 | INFO |   tau::t_28: 0.2208
2026-04-07 11:44:47 | INFO |   tau::t_29: 0.1915
2026-04-07 11:44:47 | INFO |   tau::t_30: 0.0316
2026-04-07 11:44:47 | INFO |   tau::t_31: 0.1716
2026-04-07 11:44:47 | INFO |   tau::t_32: -0.0695
2026-04-07 11:44:47 | INFO |   tau::t_33: -0.1211
2026-04-07 11:44:47 | INFO |   tau::t_34: -0.1303
2026-04-07 11:44:47 | INFO |   tau::t_35: -0.1747
2026-04-07 11:44:47 | INFO |   tau::t_36: -0.1967
2026-04-07 11:44:47 | INFO |   tau::t_37: -0.0160
2026-04-07 11:44:47 | INFO |   tau::t_38: -0.0413
2026-04-07 11:44:47 | INFO |   tau::t_39: 0.0494
2026-04-07 11:44:47 | INFO |   tau::t_40: 0.0835
2026-04-07 11:44:47 | INFO |   tau::t_41: -0.3212
2026-04-07 11:44:47 | INFO |   tau::t_42: 0.3559
2026-04-07 11:44:47 | INFO |   tau::t_43: -0.0046
2026-04-07 11:44:47 | INFO |   tau::t_44: -0.0422
2026-04-07 11:44:47 | INFO |   tau::t_45: -0.0287
2026-04-07 11:44:47 | INFO |   tau::t_46: 0.5113
2026-04-07 11:44:47 | INFO |   tau::t_47: 0.8703
2026-04-07 11:44:47 | INFO |   tau::t_48: 1.0519
2026-04-07 11:44:47 | INFO |   tau::t_49: 1.9673
2026-04-07 11:44:47 | INFO |   tau::t_50: 1.9951
2026-04-07 11:44:47 | INFO |   tau::t_51: 0.3826
2026-04-07 11:44:47 | INFO |   tau::t_52: -0.2266
2026-04-07 11:44:47 | INFO |   tau::t_53: -0.3596
2026-04-07 11:44:47 | INFO |   tau::t_54: -0.3995
2026-04-07 11:44:47 | INFO |   tau::t_55: -0.1894
2026-04-07 11:44:47 | INFO |   tau::t_56: -0.1885
2026-04-07 11:44:47 | INFO |   tau::t_57: -0.1803
2026-04-07 11:44:47 | INFO |   tau::t_58: -0.2845
2026-04-07 11:44:47 | INFO |   tau::t_59: -0.3212
2026-04-07 11:44:47 | INFO |   tau::t_60: -0.2657
2026-04-07 11:44:47 | INFO |   tau::t_61: -0.1371
2026-04-07 11:44:47 | INFO |   tau::t_62: -0.0256
2026-04-07 11:44:47 | INFO |   tau::t_63: -0.0991
2026-04-07 11:44:47 | INFO |   tau::t_64: 0.0441
2026-04-07 11:44:47 | INFO |   tau::t_65: 0.0233
2026-04-07 11:44:47 | INFO |   beta: -0.0036
2026-04-07 11:44:47 | INFO |   interaction::contiguity: 2.6795
2026-04-07 11:44:47 | INFO |   eta: 0.5519
2026-04-07 11:44:47 | INFO |   zeta: -0.0344
2026-04-07 11:44:47 | INFO |   psi: 2.1250
2026-04-07 11:44:47 | INFO | Saved summary tables to C:\Users\phevo\Documents\MIT\Code\MPLE-Causal-Inference\experiments\USCountyVaccination_US_tau_zero_mean\outcome_case_rate_100k_ge_200__intervention_complete_cov_ge_40__lag_4w__contiguity\mple_summary.csv and C:\Users\phevo\Documents\MIT\Code\MPLE-Causal-Inference\experiments\USCountyVaccination_US_tau_zero_mean\outcome_case_rate_100k_ge_200__intervention_complete_cov_ge_40__lag_4w__contiguity\mple_summary.md
2026-04-07 11:44:47 | INFO | Log saved to C:\Users\phevo\Documents\MIT\Code\MPLE-Causal-Inference\experiments\USCountyVaccination_US_tau_zero_mean\outcome_case_rate_100k_ge_200__intervention_complete_cov_ge_40__lag_4w__contiguity\mple.log
