2026-04-07 11:35:15 | INFO | Loading data...
2026-04-07 11:35:15 | INFO | Loaded 6 field templates and 1 interaction templates.
2026-04-07 11:35:15 | INFO | Intervention-process model enabled: True
2026-04-07 11:35:15 | INFO | Tau zero-mean enabled: True
2026-04-07 11:35:15 | INFO | Tau smoothness lambda: 0.000000
2026-04-07 11:35:15 | INFO | Running conditional-model MPLE on x with shape=(70, 3203)
2026-04-07 11:35:15 | INFO | Eval 0  |  Loss: 0.668368
2026-04-07 11:35:15 | INFO |   field::log_population: +0.0126,  field::median_household_income: -0.0132,  field::poverty_rate: +0.0640,  field::pct_black: +0.0105,  field::pct_hispanic: -0.0536,  field::pct_in_labor_force: +0.0362,  tau block: mean=-0.0000, std=0.0990, min=-0.2421, max=+0.1864,  beta: -0.0662,  interaction::contiguity: +0.0935,  eta: +0.0049,  zeta: +0.2002,  psi: +0.0189
2026-04-07 11:35:17 | INFO | Done fitting.
2026-04-07 11:35:17 | INFO | Optimizer status: CONVERGENCE: RELATIVE REDUCTION OF F <= FACTR*EPSMCH
2026-04-07 11:35:17 | INFO | Final Loss: 0.176699
2026-04-07 11:35:17 | INFO | Estimated Parameters:
2026-04-07 11:35:17 | INFO |   field::log_population: 0.2940
2026-04-07 11:35:17 | INFO |   field::median_household_income: -0.1861
2026-04-07 11:35:17 | INFO |   field::poverty_rate: -0.0108
2026-04-07 11:35:17 | INFO |   field::pct_black: -0.1348
2026-04-07 11:35:17 | INFO |   field::pct_hispanic: -0.1011
2026-04-07 11:35:17 | INFO |   field::pct_in_labor_force: 0.1000
2026-04-07 11:35:17 | INFO |   tau::t_0: 0.1133
2026-04-07 11:35:17 | INFO |   tau::t_1: 0.0412
2026-04-07 11:35:17 | INFO |   tau::t_2: -0.0288
2026-04-07 11:35:17 | INFO |   tau::t_3: -0.0836
2026-04-07 11:35:17 | INFO |   tau::t_4: -0.1717
2026-04-07 11:35:17 | INFO |   tau::t_5: -0.2828
2026-04-07 11:35:17 | INFO |   tau::t_6: 0.0024
2026-04-07 11:35:17 | INFO |   tau::t_7: -0.1986
2026-04-07 11:35:17 | INFO |   tau::t_8: -0.0633
2026-04-07 11:35:17 | INFO |   tau::t_9: -0.0631
2026-04-07 11:35:17 | INFO |   tau::t_10: 0.0266
2026-04-07 11:35:17 | INFO |   tau::t_11: -0.0656
2026-04-07 11:35:17 | INFO |   tau::t_12: 0.0684
2026-04-07 11:35:17 | INFO |   tau::t_13: -0.0103
2026-04-07 11:35:17 | INFO |   tau::t_14: -0.1097
2026-04-07 11:35:17 | INFO |   tau::t_15: -0.0687
2026-04-07 11:35:17 | INFO |   tau::t_16: -0.1650
2026-04-07 11:35:17 | INFO |   tau::t_17: -0.2365
2026-04-07 11:35:17 | INFO |   tau::t_18: -0.2733
2026-04-07 11:35:17 | INFO |   tau::t_19: -0.2373
2026-04-07 11:35:17 | INFO |   tau::t_20: -0.4967
2026-04-07 11:35:17 | INFO |   tau::t_21: -0.2668
2026-04-07 11:35:17 | INFO |   tau::t_22: -0.5008
2026-04-07 11:35:17 | INFO |   tau::t_23: -0.4393
2026-04-07 11:35:17 | INFO |   tau::t_24: -0.3637
2026-04-07 11:35:17 | INFO |   tau::t_25: -0.1188
2026-04-07 11:35:17 | INFO |   tau::t_26: 0.0109
2026-04-07 11:35:17 | INFO |   tau::t_27: 0.1798
2026-04-07 11:35:17 | INFO |   tau::t_28: 0.2329
2026-04-07 11:35:17 | INFO |   tau::t_29: 0.2627
2026-04-07 11:35:17 | INFO |   tau::t_30: 0.2990
2026-04-07 11:35:17 | INFO |   tau::t_31: 0.1934
2026-04-07 11:35:17 | INFO |   tau::t_32: 0.2633
2026-04-07 11:35:17 | INFO |   tau::t_33: 0.2290
2026-04-07 11:35:17 | INFO |   tau::t_34: 0.1286
2026-04-07 11:35:17 | INFO |   tau::t_35: 0.2578
2026-04-07 11:35:17 | INFO |   tau::t_36: 0.2093
2026-04-07 11:35:17 | INFO |   tau::t_37: 0.0619
2026-04-07 11:35:17 | INFO |   tau::t_38: -0.0279
2026-04-07 11:35:17 | INFO |   tau::t_39: -0.1314
2026-04-07 11:35:17 | INFO |   tau::t_40: -0.0870
2026-04-07 11:35:17 | INFO |   tau::t_41: -0.1226
2026-04-07 11:35:17 | INFO |   tau::t_42: -0.0766
2026-04-07 11:35:17 | INFO |   tau::t_43: 0.0086
2026-04-07 11:35:17 | INFO |   tau::t_44: 0.0436
2026-04-07 11:35:17 | INFO |   tau::t_45: -0.2781
2026-04-07 11:35:17 | INFO |   tau::t_46: 0.3752
2026-04-07 11:35:17 | INFO |   tau::t_47: 0.0404
2026-04-07 11:35:17 | INFO |   tau::t_48: 0.0206
2026-04-07 11:35:17 | INFO |   tau::t_49: 0.0578
2026-04-07 11:35:17 | INFO |   tau::t_50: 0.4691
2026-04-07 11:35:17 | INFO |   tau::t_51: 0.6856
2026-04-07 11:35:17 | INFO |   tau::t_52: 0.6002
2026-04-07 11:35:17 | INFO |   tau::t_53: 0.7149
2026-04-07 11:35:17 | INFO |   tau::t_54: 0.6962
2026-04-07 11:35:17 | INFO |   tau::t_55: 0.5448
2026-04-07 11:35:17 | INFO |   tau::t_56: 0.1781
2026-04-07 11:35:17 | INFO |   tau::t_57: -0.1433
2026-04-07 11:35:17 | INFO |   tau::t_58: -0.3767
2026-04-07 11:35:17 | INFO |   tau::t_59: -0.3139
2026-04-07 11:35:17 | INFO |   tau::t_60: -0.2926
2026-04-07 11:35:17 | INFO |   tau::t_61: -0.2294
2026-04-07 11:35:17 | INFO |   tau::t_62: -0.2098
2026-04-07 11:35:17 | INFO |   tau::t_63: -0.2660
2026-04-07 11:35:17 | INFO |   tau::t_64: -0.1603
2026-04-07 11:35:17 | INFO |   tau::t_65: -0.1923
2026-04-07 11:35:17 | INFO |   tau::t_66: 0.0380
2026-04-07 11:35:17 | INFO |   tau::t_67: -0.0350
2026-04-07 11:35:17 | INFO |   tau::t_68: 0.0574
2026-04-07 11:35:17 | INFO |   tau::t_69: 0.0762
2026-04-07 11:35:17 | INFO |   beta: 0.0076
2026-04-07 11:35:17 | INFO |   interaction::contiguity: 2.5010
2026-04-07 11:35:17 | INFO |   eta: 0.5168
2026-04-07 11:35:17 | INFO |   zeta: 0.1152
2026-04-07 11:35:17 | INFO |   psi: 2.0959
2026-04-07 11:35:17 | INFO | Saved summary tables to C:\Users\phevo\Documents\MIT\Code\MPLE-Causal-Inference\experiments\USCountyVaccination_US_tau_zero_mean\outcome_case_rate_100k_ge_100__intervention_complete_cov_ge_30__lag_0w__contiguity\mple_summary.csv and C:\Users\phevo\Documents\MIT\Code\MPLE-Causal-Inference\experiments\USCountyVaccination_US_tau_zero_mean\outcome_case_rate_100k_ge_100__intervention_complete_cov_ge_30__lag_0w__contiguity\mple_summary.md
2026-04-07 11:35:17 | INFO | Log saved to C:\Users\phevo\Documents\MIT\Code\MPLE-Causal-Inference\experiments\USCountyVaccination_US_tau_zero_mean\outcome_case_rate_100k_ge_100__intervention_complete_cov_ge_30__lag_0w__contiguity\mple.log
