2026-05-01 08:25:57 | INFO | Loading data...
2026-05-01 08:25:57 | INFO | Using panel artifact: /orcd/home/002/phevosp/MPLE-Causal-Inference/experiments/SyntheticHybridExperiments/base/panel_data.npz
2026-05-01 08:25:57 | INFO | Using x_0 artifact: /orcd/home/002/phevosp/MPLE-Causal-Inference/experiments/SyntheticHybridExperiments/base/x_0.npy
2026-05-01 08:25:57 | INFO | Using fit config: /orcd/home/002/phevosp/MPLE-Causal-Inference/experiments/SyntheticHybridExperiments/base/cv_runs/alternating_uv_grid/candidates/alternating_uv_grid_candidate_0001/fold_2/fit_realized_config.yaml
2026-05-01 08:25:57 | INFO | Using model artifact directory: /orcd/home/002/phevosp/MPLE-Causal-Inference/experiments/SyntheticHybridExperiments/base
2026-05-01 08:25:57 | INFO | Using truth artifact directory: /orcd/home/002/phevosp/MPLE-Causal-Inference/experiments/SyntheticHybridExperiments/base
2026-05-01 08:25:57 | INFO | Using loss mask artifact: /orcd/home/002/phevosp/MPLE-Causal-Inference/experiments/SyntheticHybridExperiments/base/cv_runs/alternating_uv_grid/candidates/alternating_uv_grid_candidate_0001/fold_2/loss_mask.npy
2026-05-01 08:25:57 | INFO | Configured optimizer mode: alternating_latent_rank
2026-05-01 08:25:57 | INFO | Configured latent rank: 3
2026-05-01 08:25:57 | INFO | Using a fixed known graph with scalar xi.
2026-05-01 08:25:57 | INFO | Fit-time hard bounds active: False
2026-05-01 08:25:57 | INFO | Fixed scalar parameters: {}
2026-05-01 08:25:57 | INFO | Warm-start fixed scalars: {} for 0 steps
2026-05-01 08:25:57 | INFO | Beta mask before s: False with s=0
2026-05-01 08:25:57 | INFO | Beta mask after e: False with e=11
2026-05-01 08:25:57 | INFO | Alternating V-column L2-ball constraint active with radius 1.0
2026-05-01 08:25:57 | INFO | Optimizer settings: steps=2000, tol=1e-07, n_starts=1, seed=0, lambda_nuclear=0.0, lambda_frobenius=0.0, lambda_uv_ridge=0.001, v_column_l2_max=1.0, proximal_lr=1.0
2026-05-01 08:25:57 | INFO | Alternating low-rank start 1/1 | seed=0 | initial_loss=0.846274 | initial_penalized=0.846276
2026-05-01 08:25:57 | INFO | Alternating low-rank iter 0 | Loss: 0.643566 | Penalized: 0.643827
2026-05-01 08:25:58 | INFO | Alternating low-rank iter 100 | Loss: 0.246468 | Penalized: 0.270190
2026-05-01 08:26:00 | INFO | Alternating low-rank iter 200 | Loss: 0.230208 | Penalized: 0.259519
2026-05-01 08:26:01 | INFO | Alternating low-rank iter 300 | Loss: 0.224664 | Penalized: 0.255868
2026-05-01 08:26:02 | INFO | Alternating low-rank iter 400 | Loss: 0.222550 | Penalized: 0.254311
2026-05-01 08:26:03 | INFO | Alternating low-rank iter 500 | Loss: 0.221156 | Penalized: 0.253060
2026-05-01 08:26:03 | INFO | Alternating low-rank iter 600 | Loss: 0.220284 | Penalized: 0.252234
2026-05-01 08:26:04 | INFO | Alternating low-rank iter 700 | Loss: 0.219574 | Penalized: 0.251555
2026-05-01 08:26:05 | INFO | Alternating low-rank iter 800 | Loss: 0.218953 | Penalized: 0.250966
2026-05-01 08:26:06 | INFO | Alternating low-rank iter 900 | Loss: 0.218472 | Penalized: 0.250495
2026-05-01 08:26:07 | INFO | Alternating low-rank iter 1000 | Loss: 0.218038 | Penalized: 0.250069
2026-05-01 08:26:07 | INFO | Alternating low-rank iter 1100 | Loss: 0.217567 | Penalized: 0.249634
2026-05-01 08:26:08 | INFO | Alternating low-rank iter 1200 | Loss: 0.216990 | Penalized: 0.249143
2026-05-01 08:26:09 | INFO | Alternating low-rank iter 1300 | Loss: 0.216230 | Penalized: 0.248540
2026-05-01 08:26:10 | INFO | Alternating low-rank iter 1400 | Loss: 0.215442 | Penalized: 0.247985
2026-05-01 08:26:11 | INFO | Alternating low-rank iter 1500 | Loss: 0.214901 | Penalized: 0.247646
2026-05-01 08:26:11 | INFO | Alternating low-rank iter 1600 | Loss: 0.214563 | Penalized: 0.247432
2026-05-01 08:26:12 | INFO | Alternating low-rank iter 1700 | Loss: 0.214321 | Penalized: 0.247265
2026-05-01 08:26:13 | INFO | Alternating low-rank iter 1800 | Loss: 0.214108 | Penalized: 0.247110
2026-05-01 08:26:14 | INFO | Alternating low-rank iter 1900 | Loss: 0.213897 | Penalized: 0.246960
2026-05-01 08:26:15 | INFO | Done fitting.
2026-05-01 08:26:15 | INFO | Optimizer status: STOP: TOTAL NO. OF ITERATIONS REACHED LIMIT
2026-05-01 08:26:15 | INFO | Best optimizer start: 1 / 1
2026-05-01 08:26:15 | INFO | Final Loss: 0.213656
2026-05-01 08:26:15 | INFO | Estimated vs True Parameters:
2026-05-01 08:26:15 | INFO |   beta: -0.7524 (True: -0.3000) | SQE: 0.204655
2026-05-01 08:26:15 | INFO |   xi: 0.5012 (True: 0.8000) | SQE: 0.089282
2026-05-01 08:26:15 | INFO |   eta: 0.3765 (True: 0.3000) | SQE: 0.005853
2026-05-01 08:26:15 | INFO | Alternating low-rank optimizer diagnostics:
2026-05-01 08:26:15 | INFO |   penalized_objective: 0.246786
2026-05-01 08:26:15 | INFO |   mple_loss_without_penalty: 0.213656
2026-05-01 08:26:15 | INFO |   lambda_uv_ridge: 0.001000
2026-05-01 08:26:15 | INFO |   u_frobenius_norm: 313.357702
2026-05-01 08:26:15 | INFO |   v_frobenius_norm: 1.732051
2026-05-01 08:26:15 | INFO |   effective_rank: 3.000000
2026-05-01 08:26:15 | INFO | Field and interaction diagnostics:
2026-05-01 08:26:15 | INFO |   field_rmse: 1.984528
2026-05-01 08:26:15 | INFO |   interaction_fro_error: 0.789786
2026-05-01 08:26:15 | INFO |   estimated_field_max_abs_entry: 11.888955
2026-05-01 08:26:15 | INFO |   estimated_field_rank: 3.000000
2026-05-01 08:26:15 | INFO |   true_field_max_abs_entry: 0.000000
2026-05-01 08:26:15 | INFO |   true_field_rank: 0.000000
2026-05-01 08:26:15 | INFO | Saved summary table to /orcd/home/002/phevosp/MPLE-Causal-Inference/experiments/SyntheticHybridExperiments/base/cv_runs/alternating_uv_grid/candidates/alternating_uv_grid_candidate_0001/fold_2/mple_summary.csv
2026-05-01 08:26:15 | INFO | Log saved to /orcd/home/002/phevosp/MPLE-Causal-Inference/experiments/SyntheticHybridExperiments/base/cv_runs/alternating_uv_grid/candidates/alternating_uv_grid_candidate_0001/fold_2/mple.log
