2026-05-01 23:28:01 | INFO | Loading data...
2026-05-01 23:28:01 | INFO | Using panel artifact: /orcd/home/002/phevosp/MPLE-Causal-Inference/experiments/SyntheticHybridExperimentsFinal/r5_c1_hybrid_us_county_intervention_uscounty_graph_contiguous_confounding/panel_data.npz
2026-05-01 23:28:01 | INFO | Using x_0 artifact: /orcd/home/002/phevosp/MPLE-Causal-Inference/experiments/SyntheticHybridExperimentsFinal/r5_c1_hybrid_us_county_intervention_uscounty_graph_contiguous_confounding/x_0.npy
2026-05-01 23:28:01 | INFO | Using fit config: /orcd/home/002/phevosp/MPLE-Causal-Inference/experiments/SyntheticHybridExperimentsFinal/r5_c1_hybrid_us_county_intervention_uscounty_graph_contiguous_confounding/cv_runs/alternating_uv_grid/candidates/alternating_uv_grid_candidate_0008/fold_3/fit_realized_config.yaml
2026-05-01 23:28:01 | INFO | Using model artifact directory: /orcd/home/002/phevosp/MPLE-Causal-Inference/experiments/SyntheticHybridExperimentsFinal/r5_c1_hybrid_us_county_intervention_uscounty_graph_contiguous_confounding
2026-05-01 23:28:01 | INFO | Using truth artifact directory: /orcd/home/002/phevosp/MPLE-Causal-Inference/experiments/SyntheticHybridExperimentsFinal/r5_c1_hybrid_us_county_intervention_uscounty_graph_contiguous_confounding
2026-05-01 23:28:01 | INFO | Using loss mask artifact: /orcd/home/002/phevosp/MPLE-Causal-Inference/experiments/SyntheticHybridExperimentsFinal/r5_c1_hybrid_us_county_intervention_uscounty_graph_contiguous_confounding/cv_runs/alternating_uv_grid/candidates/alternating_uv_grid_candidate_0008/fold_3/loss_mask.npy
2026-05-01 23:28:01 | INFO | Configured optimizer mode: alternating_latent_rank
2026-05-01 23:28:01 | INFO | Configured latent rank: 5
2026-05-01 23:28:01 | INFO | Using a fixed known graph with scalar xi.
2026-05-01 23:28:01 | INFO | Fit-time hard bounds active: False
2026-05-01 23:28:01 | INFO | Fixed scalar parameters: {}
2026-05-01 23:28:01 | INFO | Warm-start fixed scalars: {} for 0 steps
2026-05-01 23:28:01 | INFO | Beta mask before s: True with s=55
2026-05-01 23:28:01 | INFO | Beta mask after e: True with e=114
2026-05-01 23:28:01 | INFO | Alternating V-column L2-ball constraint active with radius 1.0
2026-05-01 23:28:01 | INFO | Optimizer settings: steps=2000, tol=1e-07, n_starts=1, seed=0, lambda_nuclear=0.0, lambda_frobenius=0.0, lambda_uv_ridge=1.0, v_column_l2_max=1.0, proximal_lr=1.0
2026-05-01 23:28:01 | INFO | Alternating low-rank start 1/1 | seed=0 | initial_loss=0.694621 | initial_penalized=0.694655
2026-05-01 23:28:01 | INFO | Alternating low-rank iter 0 | Loss: 0.599434 | Penalized: 0.606270
2026-05-01 23:28:14 | INFO | Alternating low-rank iter 100 | Loss: 0.579331 | Penalized: 0.588141
2026-05-01 23:28:24 | INFO | Done fitting.
2026-05-01 23:28:24 | INFO | Optimizer status: CONVERGED: alternating objective tolerance reached
2026-05-01 23:28:24 | INFO | Best optimizer start: 1 / 1
2026-05-01 23:28:24 | INFO | Final Loss: 0.579302
2026-05-01 23:28:24 | INFO | Estimated vs True Parameters:
2026-05-01 23:28:24 | INFO |   beta: -0.1776 (True: -0.3000) | SQE: 0.014980
2026-05-01 23:28:24 | INFO |   xi: 0.9730 (True: 0.8000) | SQE: 0.029945
2026-05-01 23:28:24 | INFO |   eta: 0.3015 (True: 0.3000) | SQE: 0.000002
2026-05-01 23:28:24 | INFO | Alternating low-rank optimizer diagnostics:
2026-05-01 23:28:24 | INFO |   penalized_objective: 0.588044
2026-05-01 23:28:24 | INFO |   mple_loss_without_penalty: 0.579302
2026-05-01 23:28:24 | INFO |   lambda_uv_ridge: 1.000000
2026-05-01 23:28:24 | INFO |   u_frobenius_norm: 52.604762
2026-05-01 23:28:24 | INFO |   v_frobenius_norm: 2.236068
2026-05-01 23:28:24 | INFO |   effective_rank: 5.000000
2026-05-01 23:28:24 | INFO | Field and interaction diagnostics:
2026-05-01 23:28:24 | INFO |   field_rmse: 0.226582
2026-05-01 23:28:24 | INFO |   interaction_fro_error: 1.636451
2026-05-01 23:28:24 | INFO |   estimated_field_max_abs_entry: 0.538321
2026-05-01 23:28:24 | INFO |   estimated_field_rank: 5.000000
2026-05-01 23:28:24 | INFO |   true_field_max_abs_entry: 1.442488
2026-05-01 23:28:24 | INFO |   true_field_rank: 5.000000
2026-05-01 23:28:24 | INFO | Saved summary table to /orcd/home/002/phevosp/MPLE-Causal-Inference/experiments/SyntheticHybridExperimentsFinal/r5_c1_hybrid_us_county_intervention_uscounty_graph_contiguous_confounding/cv_runs/alternating_uv_grid/candidates/alternating_uv_grid_candidate_0008/fold_3/mple_summary.csv
2026-05-01 23:28:24 | INFO | Log saved to /orcd/home/002/phevosp/MPLE-Causal-Inference/experiments/SyntheticHybridExperimentsFinal/r5_c1_hybrid_us_county_intervention_uscounty_graph_contiguous_confounding/cv_runs/alternating_uv_grid/candidates/alternating_uv_grid_candidate_0008/fold_3/mple.log
