2026-04-30 00:10:38 | INFO | Loading data...
2026-04-30 00:10:38 | INFO | Using panel artifact: /orcd/home/002/phevosp/MPLE-Causal-Inference/experiments/SyntheticHybridExperiments/hybrid_us_county_intervention_uscounty_graph_base/panel_data.npz
2026-04-30 00:10:38 | INFO | Using x_0 artifact: /orcd/home/002/phevosp/MPLE-Causal-Inference/experiments/SyntheticHybridExperiments/hybrid_us_county_intervention_uscounty_graph_base/x_0.npy
2026-04-30 00:10:38 | INFO | Using fit config: /orcd/home/002/phevosp/MPLE-Causal-Inference/experiments/SyntheticHybridExperiments/hybrid_us_county_intervention_uscounty_graph_base/fits/alternating_rank_3_uv_5_e1/fit_realized_config.yaml
2026-04-30 00:10:38 | INFO | Using model artifact directory: /orcd/home/002/phevosp/MPLE-Causal-Inference/experiments/SyntheticHybridExperiments/hybrid_us_county_intervention_uscounty_graph_base
2026-04-30 00:10:38 | INFO | Using truth artifact directory: /orcd/home/002/phevosp/MPLE-Causal-Inference/experiments/SyntheticHybridExperiments/hybrid_us_county_intervention_uscounty_graph_base
2026-04-30 00:10:38 | INFO | Configured optimizer mode: alternating_latent_rank
2026-04-30 00:10:38 | INFO | Configured latent rank: 3
2026-04-30 00:10:38 | INFO | Using a fixed known graph with scalar xi.
2026-04-30 00:10:38 | INFO | Fit-time hard bounds active: False
2026-04-30 00:10:38 | INFO | Fixed scalar parameters: {}
2026-04-30 00:10:38 | INFO | Warm-start fixed scalars: {} for 0 steps
2026-04-30 00:10:38 | INFO | Beta mask before s: False with s=55
2026-04-30 00:10:38 | INFO | Beta mask after e: False with e=120
2026-04-30 00:10:38 | INFO | Alternating V-column L2-ball constraint active with radius 1.0
2026-04-30 00:10:38 | INFO | Optimizer settings: steps=20000, tol=1e-09, n_starts=1, seed=0, lambda_nuclear=0.0, lambda_frobenius=0.0, lambda_uv_ridge=0.5, v_column_l2_max=1.0, proximal_lr=1.0
2026-04-30 00:10:38 | INFO | Alternating low-rank start 1/1 | seed=0 | initial_loss=0.681456 | initial_penalized=0.681465
2026-04-30 00:10:38 | INFO | Alternating low-rank iter 0 | Loss: 0.518062 | Penalized: 0.521189
2026-04-30 00:10:50 | INFO | Alternating low-rank iter 100 | Loss: 0.506609 | Penalized: 0.510849
2026-04-30 00:11:02 | INFO | Alternating low-rank iter 200 | Loss: 0.506272 | Penalized: 0.510528
2026-04-30 00:11:15 | INFO | Alternating low-rank iter 300 | Loss: 0.506247 | Penalized: 0.510507
2026-04-30 00:11:27 | INFO | Alternating low-rank iter 400 | Loss: 0.506244 | Penalized: 0.510506
2026-04-30 00:11:31 | INFO | Done fitting.
2026-04-30 00:11:31 | INFO | Optimizer status: CONVERGED: alternating objective tolerance reached
2026-04-30 00:11:31 | INFO | Best optimizer start: 1 / 1
2026-04-30 00:11:31 | INFO | Final Loss: 0.506244
2026-04-30 00:11:31 | INFO | Estimated vs True Parameters:
2026-04-30 00:11:31 | INFO |   beta: -0.3003 (True: -0.3000) | SQE: 0.000000
2026-04-30 00:11:31 | INFO |   xi: 0.8223 (True: 0.8000) | SQE: 0.000497
2026-04-30 00:11:31 | INFO |   eta: 0.3011 (True: 0.3000) | SQE: 0.000001
2026-04-30 00:11:31 | INFO | Alternating low-rank optimizer diagnostics:
2026-04-30 00:11:31 | INFO |   penalized_objective: 0.510506
2026-04-30 00:11:31 | INFO |   mple_loss_without_penalty: 0.506244
2026-04-30 00:11:31 | INFO |   lambda_uv_ridge: 0.500000
2026-04-30 00:11:31 | INFO |   u_frobenius_norm: 55.497440
2026-04-30 00:11:31 | INFO |   v_frobenius_norm: 1.732051
2026-04-30 00:11:31 | INFO |   effective_rank: 3.000000
2026-04-30 00:11:31 | INFO | Field and interaction diagnostics:
2026-04-30 00:11:31 | INFO |   field_rmse: 0.092291
2026-04-30 00:11:31 | INFO |   interaction_fro_error: 0.210723
2026-04-30 00:11:31 | INFO |   estimated_field_max_abs_entry: 0.698797
2026-04-30 00:11:31 | INFO |   estimated_field_rank: 3.000000
2026-04-30 00:11:31 | INFO |   true_field_max_abs_entry: 0.000000
2026-04-30 00:11:31 | INFO |   true_field_rank: 0.000000
2026-04-30 00:11:31 | INFO | Saved summary table to /orcd/home/002/phevosp/MPLE-Causal-Inference/experiments/SyntheticHybridExperiments/hybrid_us_county_intervention_uscounty_graph_base/fits/alternating_rank_3_uv_5_e1/mple_summary.csv
2026-04-30 00:11:31 | INFO | Log saved to /orcd/home/002/phevosp/MPLE-Causal-Inference/experiments/SyntheticHybridExperiments/hybrid_us_county_intervention_uscounty_graph_base/fits/alternating_rank_3_uv_5_e1/mple.log
