2026-04-06 14:11:40 | INFO | Loading data...
2026-04-06 14:11:40 | INFO | Loaded 9 field templates and 1 interaction templates.
2026-04-06 14:11:40 | INFO | Intervention-process model enabled: True
2026-04-06 14:11:40 | INFO | Running conditional-model MPLE on x with shape=(15, 9642)
2026-04-06 14:11:40 | INFO | Eval 0  |  Loss: 0.695368
2026-04-06 14:11:40 | INFO |   field::intercept: +0.0126,  field::total_pop: -0.0132,  field::black_share: +0.0640,  field::hispanic_share: +0.0105,  field::male_1521_share: -0.0536,  field::family_household_share: +0.0362,  field::female_household_share: +0.1304,  field::renter_share: +0.0947,  field::vacant_share: -0.0704,  tau block: mean=-0.0323, std=0.0897, min=-0.2325, max=+0.1366,  beta: +0.0903,  interaction::contiguity: +0.0094,  eta: -0.0743,  zeta: -0.0922,  psi: -0.0458
2026-04-06 14:11:43 | INFO | Eval 100  |  Loss: 0.503695
2026-04-06 14:11:43 | INFO |   field::intercept: -0.2798,  field::total_pop: +1.3343,  field::black_share: +0.1049,  field::hispanic_share: +0.0679,  field::male_1521_share: +0.0382,  field::family_household_share: -0.0275,  field::female_household_share: +0.0386,  field::renter_share: +0.0953,  field::vacant_share: +0.2190,  tau block: mean=-0.0518, std=0.0672, min=-0.1554, max=+0.0412,  beta: -0.0780,  interaction::contiguity: +0.8810,  eta: +0.0819,  zeta: +0.2233,  psi: +3.4438
2026-04-06 14:11:44 | INFO | Done fitting.
2026-04-06 14:11:44 | INFO | Optimizer status: CONVERGENCE: RELATIVE REDUCTION OF F <= FACTR*EPSMCH
2026-04-06 14:11:44 | INFO | Final Loss: 0.503694
2026-04-06 14:11:44 | INFO | Estimated Parameters:
2026-04-06 14:11:44 | INFO |   field::intercept: -0.2827
2026-04-06 14:11:44 | INFO |   field::total_pop: 1.3233
2026-04-06 14:11:44 | INFO |   field::black_share: 0.1052
2026-04-06 14:11:44 | INFO |   field::hispanic_share: 0.0688
2026-04-06 14:11:44 | INFO |   field::male_1521_share: 0.0344
2026-04-06 14:11:44 | INFO |   field::family_household_share: -0.0278
2026-04-06 14:11:44 | INFO |   field::female_household_share: 0.0422
2026-04-06 14:11:44 | INFO |   field::renter_share: 0.0960
2026-04-06 14:11:44 | INFO |   field::vacant_share: 0.2293
2026-04-06 14:11:44 | INFO |   tau::t_0: -0.1324
2026-04-06 14:11:44 | INFO |   tau::t_1: -0.0147
2026-04-06 14:11:44 | INFO |   tau::t_2: -0.0396
2026-04-06 14:11:44 | INFO |   tau::t_3: -0.1427
2026-04-06 14:11:44 | INFO |   tau::t_4: -0.1185
2026-04-06 14:11:44 | INFO |   tau::t_5: -0.0779
2026-04-06 14:11:44 | INFO |   tau::t_6: -0.0633
2026-04-06 14:11:44 | INFO |   tau::t_7: -0.1104
2026-04-06 14:11:44 | INFO |   tau::t_8: -0.0554
2026-04-06 14:11:44 | INFO |   tau::t_9: 0.0395
2026-04-06 14:11:44 | INFO |   tau::t_10: 0.0189
2026-04-06 14:11:44 | INFO |   tau::t_11: 0.0038
2026-04-06 14:11:44 | INFO |   tau::t_12: 0.0282
2026-04-06 14:11:44 | INFO |   tau::t_13: 0.0414
2026-04-06 14:11:44 | INFO |   tau::t_14: -0.1573
2026-04-06 14:11:44 | INFO |   beta: -0.0811
2026-04-06 14:11:44 | INFO |   interaction::contiguity: 0.8790
2026-04-06 14:11:44 | INFO |   eta: 0.0823
2026-04-06 14:11:44 | INFO |   zeta: 0.2244
2026-04-06 14:11:44 | INFO |   psi: 3.4427
2026-04-06 14:11:44 | INFO | Saved summary tables to C:\Users\phevo\Documents\MIT\Code\MPLE-Causal-Inference\experiments\SeattleDMI\any_crime_gt_block_mean_pm1__contiguity\mple_summary.csv and C:\Users\phevo\Documents\MIT\Code\MPLE-Causal-Inference\experiments\SeattleDMI\any_crime_gt_block_mean_pm1__contiguity\mple_summary.md
2026-04-06 14:11:44 | INFO | Log saved to C:\Users\phevo\Documents\MIT\Code\MPLE-Causal-Inference\experiments\SeattleDMI\any_crime_gt_block_mean_pm1__contiguity\mple.log
