2026-07-26 06:02:21 | INFO | Loading data...
2026-07-26 06:02:21 | INFO | Using panel artifact: /orcd/home/002/phevosp/MPLE-Causal-Inference/experiments/SyntheticNoInterference/synth_no_interference/panel_data.npz
2026-07-26 06:02:21 | INFO | Using x_0 artifact: /orcd/home/002/phevosp/MPLE-Causal-Inference/experiments/SyntheticNoInterference/synth_no_interference/x_0.npy
2026-07-26 06:02:21 | INFO | Using fit config: /orcd/home/002/phevosp/MPLE-Causal-Inference/experiments/SyntheticNoInterference/synth_no_interference/cv_runs_baselines/treatment_split/candidates/treatment_split_candidate_0010/fold_3/fit_realized_config.yaml
2026-07-26 06:02:21 | INFO | Using model artifact directory: /orcd/home/002/phevosp/MPLE-Causal-Inference/experiments/SyntheticNoInterference/synth_no_interference
2026-07-26 06:02:21 | INFO | Using truth artifact directory: /orcd/home/002/phevosp/MPLE-Causal-Inference/experiments/SyntheticNoInterference/synth_no_interference
2026-07-26 06:02:21 | INFO | Using loss mask artifact: /orcd/home/002/phevosp/MPLE-Causal-Inference/experiments/SyntheticNoInterference/synth_no_interference/cv_runs_baselines/treatment_split/candidates/treatment_split_candidate_0010/fold_3/loss_mask.npy
2026-07-26 06:02:21 | INFO | Configured optimizer mode: alternating_treatment_split_latent_rank
2026-07-26 06:02:21 | INFO | Configured latent rank: 3
2026-07-26 06:02:21 | INFO | Using a fixed known graph with scalar xi.
2026-07-26 06:02:21 | INFO | Fit-time hard bounds active: False
2026-07-26 06:02:21 | INFO | Fixed scalar parameters: {'beta': 0.0, 'xi': 0.0, 'eta': 0.0}
2026-07-26 06:02:21 | INFO | Warm-start fixed scalars: {} for 0 steps
2026-07-26 06:02:21 | INFO | Beta-gradient mask before s: False with s=0
2026-07-26 06:02:21 | INFO | Beta-gradient mask after e: False with e=11
2026-07-26 06:02:21 | INFO | Alternating V-column L2-ball constraint active with radius 1.0
2026-07-26 06:02:21 | INFO | Optimizer settings: steps=2000, tol=1e-07, n_starts=1, seed=0, lambda_nuclear=0.0, lambda_frobenius=0.0, lambda_uv_ridge=0.05, v_column_l2_max=1.0, proximal_lr=1.0
2026-07-26 06:02:21 | INFO | Treatment-split alternating low-rank start 1/1 | seed=0 | initial_loss=0.693190 | initial_penalized=0.693220
2026-07-26 06:02:21 | INFO | Treatment-split alternating low-rank iter 0 | Loss: 0.678373 | Penalized: 0.678563
2026-07-26 06:02:23 | INFO | Treatment-split alternating low-rank iter 100 | Loss: 0.495844 | Penalized: 0.540517
2026-07-26 06:02:25 | INFO | Treatment-split alternating low-rank iter 200 | Loss: 0.494894 | Penalized: 0.539852
2026-07-26 06:02:27 | INFO | Treatment-split alternating low-rank iter 300 | Loss: 0.494703 | Penalized: 0.539732
2026-07-26 06:02:29 | INFO | Treatment-split alternating low-rank iter 400 | Loss: 0.494693 | Penalized: 0.539718
2026-07-26 06:02:30 | INFO | Treatment-split alternating low-rank iter 500 | Loss: 0.494691 | Penalized: 0.539711
2026-07-26 06:02:32 | INFO | Treatment-split alternating low-rank iter 600 | Loss: 0.494690 | Penalized: 0.539705
2026-07-26 06:02:34 | INFO | Treatment-split alternating low-rank iter 700 | Loss: 0.494687 | Penalized: 0.539701
2026-07-26 06:02:36 | INFO | Treatment-split alternating low-rank iter 800 | Loss: 0.494695 | Penalized: 0.539702
2026-07-26 06:02:38 | INFO | Treatment-split alternating low-rank iter 900 | Loss: 0.494717 | Penalized: 0.539710
2026-07-26 06:02:40 | INFO | Treatment-split alternating low-rank iter 1000 | Loss: 0.494719 | Penalized: 0.539709
2026-07-26 06:02:42 | INFO | Treatment-split alternating low-rank iter 1100 | Loss: 0.494720 | Penalized: 0.539709
2026-07-26 06:02:43 | INFO | Treatment-split alternating low-rank iter 1200 | Loss: 0.494721 | Penalized: 0.539708
2026-07-26 06:02:45 | INFO | Treatment-split alternating low-rank iter 1300 | Loss: 0.494721 | Penalized: 0.539708
2026-07-26 06:02:47 | INFO | Treatment-split alternating low-rank iter 1400 | Loss: 0.494722 | Penalized: 0.539708
2026-07-26 06:02:49 | INFO | Treatment-split alternating low-rank iter 1500 | Loss: 0.494722 | Penalized: 0.539707
2026-07-26 06:02:51 | INFO | Treatment-split alternating low-rank iter 1600 | Loss: 0.494723 | Penalized: 0.539707
2026-07-26 06:02:52 | INFO | Treatment-split alternating low-rank iter 1700 | Loss: 0.494723 | Penalized: 0.539707
2026-07-26 06:02:54 | INFO | Treatment-split alternating low-rank iter 1800 | Loss: 0.494723 | Penalized: 0.539707
2026-07-26 06:02:56 | INFO | Treatment-split alternating low-rank iter 1900 | Loss: 0.494724 | Penalized: 0.539707
2026-07-26 06:02:58 | INFO | Done fitting.
2026-07-26 06:02:58 | INFO | Optimizer status: STOP: TOTAL NO. OF OUTER ITERATIONS REACHED LIMIT
2026-07-26 06:02:58 | INFO | Best optimizer start: 1 / 1
2026-07-26 06:02:58 | INFO | Final Loss: 0.494672
2026-07-26 06:02:58 | INFO | Estimated vs True Parameters:
2026-07-26 06:02:58 | INFO |   beta: 0.0000 (True: -0.3000) | SQE: 0.090000
2026-07-26 06:02:58 | INFO |   xi: 0.0000 (True: 0.0000) | SQE: 0.000000
2026-07-26 06:02:58 | INFO |   eta: 0.0000 (True: 0.3000) | SQE: 0.090000
2026-07-26 06:02:58 | INFO | Treatment-split alternating low-rank optimizer diagnostics:
2026-07-26 06:02:58 | INFO |   penalized_objective: 0.539635
2026-07-26 06:02:58 | INFO |   mple_loss_without_penalty: 0.494672
2026-07-26 06:02:58 | INFO |   lambda_uv_ridge: 0.050000
2026-07-26 06:02:58 | INFO |   u_frobenius_norm: 2.449490
2026-07-26 06:02:58 | INFO |   v_frobenius_norm: 116.212166
2026-07-26 06:02:58 | INFO |   effective_rank: 50.000000
2026-07-26 06:02:58 | INFO | Field and interaction diagnostics:
2026-07-26 06:02:58 | INFO |   field_rmse: 0.640797
2026-07-26 06:02:58 | INFO |   interaction_fro_error: 0.000000
2026-07-26 06:02:58 | INFO |   estimated_field_max_abs_entry: 1.830305
2026-07-26 06:02:58 | INFO |   estimated_field_rank: 50.000000
2026-07-26 06:02:58 | INFO |   true_field_max_abs_entry: 4.447602
2026-07-26 06:02:58 | INFO |   true_field_rank: 3.000000
2026-07-26 06:02:58 | INFO | Saved summary table to /orcd/home/002/phevosp/MPLE-Causal-Inference/experiments/SyntheticNoInterference/synth_no_interference/cv_runs_baselines/treatment_split/candidates/treatment_split_candidate_0010/fold_3/mple_summary.csv
2026-07-26 06:02:58 | INFO | Log saved to /orcd/home/002/phevosp/MPLE-Causal-Inference/experiments/SyntheticNoInterference/synth_no_interference/cv_runs_baselines/treatment_split/candidates/treatment_split_candidate_0010/fold_3/mple.log
