2026-05-02 12:21:56 | INFO | Loading data...
2026-05-02 12:21:56 | INFO | Using panel artifact: /orcd/home/002/phevosp/MPLE-Causal-Inference/experiments/Synthetic/spectral_low_rank/panel_data.npz
2026-05-02 12:21:56 | INFO | Using x_0 artifact: /orcd/home/002/phevosp/MPLE-Causal-Inference/experiments/Synthetic/spectral_low_rank/x_0.npy
2026-05-02 12:21:56 | INFO | Using fit config: /orcd/home/002/phevosp/MPLE-Causal-Inference/experiments/Synthetic/spectral_low_rank/cv_runs/alternating_uv_grid/candidates/alternating_uv_grid_candidate_0007/fold_5/fit_realized_config.yaml
2026-05-02 12:21:56 | INFO | Using model artifact directory: /orcd/home/002/phevosp/MPLE-Causal-Inference/experiments/Synthetic/spectral_low_rank
2026-05-02 12:21:56 | INFO | Using truth artifact directory: /orcd/home/002/phevosp/MPLE-Causal-Inference/experiments/Synthetic/spectral_low_rank
2026-05-02 12:21:56 | INFO | Using loss mask artifact: /orcd/home/002/phevosp/MPLE-Causal-Inference/experiments/Synthetic/spectral_low_rank/cv_runs/alternating_uv_grid/candidates/alternating_uv_grid_candidate_0007/fold_5/loss_mask.npy
2026-05-02 12:21:56 | INFO | Configured optimizer mode: alternating_latent_rank
2026-05-02 12:21:56 | INFO | Configured latent rank: 3
2026-05-02 12:21:56 | INFO | Using a fixed known graph with scalar xi.
2026-05-02 12:21:56 | INFO | Fit-time hard bounds active: False
2026-05-02 12:21:56 | INFO | Fixed scalar parameters: {}
2026-05-02 12:21:56 | INFO | Warm-start fixed scalars: {} for 0 steps
2026-05-02 12:21:56 | INFO | Beta mask before s: False with s=0
2026-05-02 12:21:56 | INFO | Beta mask after e: False with e=11
2026-05-02 12:21:56 | INFO | Alternating V-column L2-ball constraint active with radius 1.0
2026-05-02 12:21:56 | INFO | Optimizer settings: steps=2000, tol=1e-07, n_starts=1, seed=0, lambda_nuclear=0.0, lambda_frobenius=0.0, lambda_uv_ridge=1.0, v_column_l2_max=1.0, proximal_lr=1.0
2026-05-02 12:21:56 | INFO | Alternating low-rank start 1/1 | seed=0 | initial_loss=0.831813 | initial_penalized=0.832078
2026-05-02 12:21:56 | INFO | Alternating low-rank iter 0 | Loss: 0.617811 | Penalized: 0.631208
2026-05-02 12:21:57 | INFO | Alternating low-rank iter 100 | Loss: 0.581786 | Penalized: 0.598472
2026-05-02 12:21:57 | INFO | Alternating low-rank iter 200 | Loss: 0.581234 | Penalized: 0.598043
2026-05-02 12:21:58 | INFO | Done fitting.
2026-05-02 12:21:58 | INFO | Optimizer status: CONVERGED: alternating objective tolerance reached
2026-05-02 12:21:58 | INFO | Best optimizer start: 1 / 1
2026-05-02 12:21:58 | INFO | Final Loss: 0.581192
2026-05-02 12:21:58 | INFO | Estimated vs True Parameters:
2026-05-02 12:21:58 | INFO |   beta: -0.2749 (True: -0.3000) | SQE: 0.000628
2026-05-02 12:21:58 | INFO |   xi: 0.6764 (True: 0.8000) | SQE: 0.015282
2026-05-02 12:21:58 | INFO |   eta: 0.2746 (True: 0.3000) | SQE: 0.000646
2026-05-02 12:21:58 | INFO | Alternating low-rank optimizer diagnostics:
2026-05-02 12:21:58 | INFO |   penalized_objective: 0.598015
2026-05-02 12:21:58 | INFO |   mple_loss_without_penalty: 0.581192
2026-05-02 12:21:58 | INFO |   lambda_uv_ridge: 1.000000
2026-05-02 12:21:58 | INFO |   u_frobenius_norm: 16.946669
2026-05-02 12:21:58 | INFO |   v_frobenius_norm: 1.732051
2026-05-02 12:21:58 | INFO |   effective_rank: 3.000000
2026-05-02 12:21:58 | INFO | Field and interaction diagnostics:
2026-05-02 12:21:58 | INFO |   field_rmse: 0.307806
2026-05-02 12:21:58 | INFO |   interaction_fro_error: 0.437957
2026-05-02 12:21:58 | INFO |   estimated_field_max_abs_entry: 0.653894
2026-05-02 12:21:58 | INFO |   estimated_field_rank: 3.000000
2026-05-02 12:21:58 | INFO |   true_field_max_abs_entry: 2.857994
2026-05-02 12:21:58 | INFO |   true_field_rank: 3.000000
2026-05-02 12:21:58 | INFO | Saved summary table to /orcd/home/002/phevosp/MPLE-Causal-Inference/experiments/Synthetic/spectral_low_rank/cv_runs/alternating_uv_grid/candidates/alternating_uv_grid_candidate_0007/fold_5/mple_summary.csv
2026-05-02 12:21:58 | INFO | Log saved to /orcd/home/002/phevosp/MPLE-Causal-Inference/experiments/Synthetic/spectral_low_rank/cv_runs/alternating_uv_grid/candidates/alternating_uv_grid_candidate_0007/fold_5/mple.log
