2026-04-07 11:50:48 | INFO | Loading data...
2026-04-07 11:50:48 | INFO | Loaded 6 field templates and 1 interaction templates.
2026-04-07 11:50:48 | INFO | Intervention-process model enabled: True
2026-04-07 11:50:48 | INFO | Tau zero-mean enabled: False
2026-04-07 11:50:48 | INFO | Tau smoothness lambda: 0.000000
2026-04-07 11:50:48 | INFO | Running conditional-model MPLE on x with shape=(66, 3137)
2026-04-07 11:50:48 | INFO | Eval 0  |  Loss: 0.676898
2026-04-07 11:50:48 | INFO |   field::log_population: +0.0126,  field::median_household_income: -0.0132,  field::poverty_rate: +0.0640,  field::pct_black: +0.0105,  field::pct_hispanic: -0.0536,  field::pct_in_labor_force: +0.0362,  tau block: mean=+0.0089, std=0.0971, min=-0.2325, max=+0.1960,  beta: +0.1004,  interaction::contiguity: -0.0618,  eta: +0.1822,  zeta: -0.1320,  psi: -0.0662
2026-04-07 11:50:52 | INFO | Done fitting.
2026-04-07 11:50:52 | INFO | Optimizer status: CONVERGENCE: RELATIVE REDUCTION OF F <= FACTR*EPSMCH
2026-04-07 11:50:52 | INFO | Final Loss: 0.154230
2026-04-07 11:50:52 | INFO | Estimated Parameters:
2026-04-07 11:50:52 | INFO |   field::log_population: 0.1604
2026-04-07 11:50:52 | INFO |   field::median_household_income: -0.2640
2026-04-07 11:50:52 | INFO |   field::poverty_rate: -0.0324
2026-04-07 11:50:52 | INFO |   field::pct_black: -0.2157
2026-04-07 11:50:52 | INFO |   field::pct_hispanic: -0.1150
2026-04-07 11:50:52 | INFO |   field::pct_in_labor_force: 0.0477
2026-04-07 11:50:52 | INFO |   tau::t_0: -0.2490
2026-04-07 11:50:52 | INFO |   tau::t_1: -0.3776
2026-04-07 11:50:52 | INFO |   tau::t_2: 0.0065
2026-04-07 11:50:52 | INFO |   tau::t_3: -0.2300
2026-04-07 11:50:52 | INFO |   tau::t_4: -0.0333
2026-04-07 11:50:52 | INFO |   tau::t_5: -0.1081
2026-04-07 11:50:52 | INFO |   tau::t_6: -0.0324
2026-04-07 11:50:52 | INFO |   tau::t_7: -0.1202
2026-04-07 11:50:52 | INFO |   tau::t_8: -0.0151
2026-04-07 11:50:52 | INFO |   tau::t_9: -0.0783
2026-04-07 11:50:52 | INFO |   tau::t_10: -0.2332
2026-04-07 11:50:52 | INFO |   tau::t_11: -0.2343
2026-04-07 11:50:52 | INFO |   tau::t_12: -0.3424
2026-04-07 11:50:52 | INFO |   tau::t_13: -0.3721
2026-04-07 11:50:52 | INFO |   tau::t_14: -0.5474
2026-04-07 11:50:52 | INFO |   tau::t_15: -0.5036
2026-04-07 11:50:52 | INFO |   tau::t_16: -0.7601
2026-04-07 11:50:52 | INFO |   tau::t_17: -0.4845
2026-04-07 11:50:52 | INFO |   tau::t_18: -0.6555
2026-04-07 11:50:52 | INFO |   tau::t_19: -0.5821
2026-04-07 11:50:52 | INFO |   tau::t_20: -0.5536
2026-04-07 11:50:52 | INFO |   tau::t_21: -0.2850
2026-04-07 11:50:52 | INFO |   tau::t_22: -0.1829
2026-04-07 11:50:52 | INFO |   tau::t_23: 0.0814
2026-04-07 11:50:52 | INFO |   tau::t_24: 0.2466
2026-04-07 11:50:52 | INFO |   tau::t_25: 0.2357
2026-04-07 11:50:52 | INFO |   tau::t_26: 0.2612
2026-04-07 11:50:52 | INFO |   tau::t_27: 0.2259
2026-04-07 11:50:52 | INFO |   tau::t_28: 0.2085
2026-04-07 11:50:52 | INFO |   tau::t_29: 0.1832
2026-04-07 11:50:52 | INFO |   tau::t_30: 0.0199
2026-04-07 11:50:52 | INFO |   tau::t_31: 0.1606
2026-04-07 11:50:52 | INFO |   tau::t_32: -0.0873
2026-04-07 11:50:52 | INFO |   tau::t_33: -0.1095
2026-04-07 11:50:52 | INFO |   tau::t_34: -0.1337
2026-04-07 11:50:52 | INFO |   tau::t_35: -0.1701
2026-04-07 11:50:52 | INFO |   tau::t_36: -0.2059
2026-04-07 11:50:52 | INFO |   tau::t_37: -0.0193
2026-04-07 11:50:52 | INFO |   tau::t_38: -0.0404
2026-04-07 11:50:52 | INFO |   tau::t_39: 0.0428
2026-04-07 11:50:52 | INFO |   tau::t_40: 0.0930
2026-04-07 11:50:52 | INFO |   tau::t_41: -0.3245
2026-04-07 11:50:52 | INFO |   tau::t_42: 0.3559
2026-04-07 11:50:52 | INFO |   tau::t_43: 0.0010
2026-04-07 11:50:52 | INFO |   tau::t_44: -0.0346
2026-04-07 11:50:52 | INFO |   tau::t_45: -0.0346
2026-04-07 11:50:52 | INFO |   tau::t_46: 0.5250
2026-04-07 11:50:52 | INFO |   tau::t_47: 0.8665
2026-04-07 11:50:52 | INFO |   tau::t_48: 0.9248
2026-04-07 11:50:52 | INFO |   tau::t_49: 1.2393
2026-04-07 11:50:52 | INFO |   tau::t_50: 1.2990
2026-04-07 11:50:52 | INFO |   tau::t_51: 0.3796
2026-04-07 11:50:52 | INFO |   tau::t_52: -0.2139
2026-04-07 11:50:52 | INFO |   tau::t_53: -0.3641
2026-04-07 11:50:52 | INFO |   tau::t_54: -0.4229
2026-04-07 11:50:52 | INFO |   tau::t_55: -0.2444
2026-04-07 11:50:52 | INFO |   tau::t_56: -0.2204
2026-04-07 11:50:52 | INFO |   tau::t_57: -0.2289
2026-04-07 11:50:52 | INFO |   tau::t_58: -0.3452
2026-04-07 11:50:52 | INFO |   tau::t_59: -0.3952
2026-04-07 11:50:52 | INFO |   tau::t_60: -0.3390
2026-04-07 11:50:52 | INFO |   tau::t_61: -0.1846
2026-04-07 11:50:52 | INFO |   tau::t_62: -0.1130
2026-04-07 11:50:52 | INFO |   tau::t_63: -0.1409
2026-04-07 11:50:52 | INFO |   tau::t_64: 0.0127
2026-04-07 11:50:52 | INFO |   tau::t_65: -0.0154
2026-04-07 11:50:52 | INFO |   beta: -0.0158
2026-04-07 11:50:52 | INFO |   interaction::contiguity: 2.6256
2026-04-07 11:50:52 | INFO |   eta: 0.5534
2026-04-07 11:50:52 | INFO |   zeta: -0.3961
2026-04-07 11:50:52 | INFO |   psi: 2.1126
2026-04-07 11:50:52 | INFO | Saved summary tables to C:\Users\phevo\Documents\MIT\Code\MPLE-Causal-Inference\experiments\USCountyVaccination_US_tau_unrestricted\outcome_case_rate_100k_ge_200__intervention_partial_cov_ge_10__lag_4w__contiguity\mple_summary.csv and C:\Users\phevo\Documents\MIT\Code\MPLE-Causal-Inference\experiments\USCountyVaccination_US_tau_unrestricted\outcome_case_rate_100k_ge_200__intervention_partial_cov_ge_10__lag_4w__contiguity\mple_summary.md
2026-04-07 11:50:52 | INFO | Log saved to C:\Users\phevo\Documents\MIT\Code\MPLE-Causal-Inference\experiments\USCountyVaccination_US_tau_unrestricted\outcome_case_rate_100k_ge_200__intervention_partial_cov_ge_10__lag_4w__contiguity\mple.log
