2026-05-04 01:49:41 | INFO | Loading data...
2026-05-04 01:49:41 | INFO | Using panel artifact: /orcd/home/002/phevosp/MPLE-Causal-Inference/experiments/USCountyVaccination/outcome_death_rate_100k_ge_2__intervention_complete_cov_ge_30__lag_2w__distance_kernel_8__start_2020_03_01/panel_data.npz
2026-05-04 01:49:41 | INFO | Using x_0 artifact: /orcd/home/002/phevosp/MPLE-Causal-Inference/experiments/USCountyVaccination/outcome_death_rate_100k_ge_2__intervention_complete_cov_ge_30__lag_2w__distance_kernel_8__start_2020_03_01/x_0.npy
2026-05-04 01:49:41 | INFO | Using fit config: /orcd/home/002/phevosp/MPLE-Causal-Inference/experiments/USCountyVaccination/outcome_death_rate_100k_ge_2__intervention_complete_cov_ge_30__lag_2w__distance_kernel_8__start_2020_03_01/cv_runs/alternating_uv_grid/candidates/alternating_uv_grid_candidate_0009/fold_4/fit_realized_config.yaml
2026-05-04 01:49:41 | INFO | Using model artifact directory: /orcd/home/002/phevosp/MPLE-Causal-Inference/experiments/USCountyVaccination/outcome_death_rate_100k_ge_2__intervention_complete_cov_ge_30__lag_2w__distance_kernel_8__start_2020_03_01
2026-05-04 01:49:41 | INFO | Using truth artifact directory: /orcd/home/002/phevosp/MPLE-Causal-Inference/experiments/USCountyVaccination/outcome_death_rate_100k_ge_2__intervention_complete_cov_ge_30__lag_2w__distance_kernel_8__start_2020_03_01
2026-05-04 01:49:41 | INFO | Using loss mask artifact: /orcd/home/002/phevosp/MPLE-Causal-Inference/experiments/USCountyVaccination/outcome_death_rate_100k_ge_2__intervention_complete_cov_ge_30__lag_2w__distance_kernel_8__start_2020_03_01/cv_runs/alternating_uv_grid/candidates/alternating_uv_grid_candidate_0009/fold_4/loss_mask.npy
2026-05-04 01:49:41 | INFO | Configured optimizer mode: alternating_latent_rank
2026-05-04 01:49:41 | INFO | Configured latent rank: 5
2026-05-04 01:49:41 | INFO | Using a fixed known graph with scalar xi.
2026-05-04 01:49:41 | INFO | Fit-time hard bounds active: False
2026-05-04 01:49:41 | INFO | Fixed scalar parameters: {}
2026-05-04 01:49:41 | INFO | Warm-start fixed scalars: {} for 0 steps
2026-05-04 01:49:41 | INFO | Beta mask before s: True with s=50
2026-05-04 01:49:41 | INFO | Beta mask after e: True with e=115
2026-05-04 01:49:41 | INFO | Alternating V-column L2-ball constraint active with radius 1.0
2026-05-04 01:49:41 | INFO | Optimizer settings: steps=2000, tol=1e-07, n_starts=1, seed=0, lambda_nuclear=0.0, lambda_frobenius=0.0, lambda_uv_ridge=0.005, v_column_l2_max=1.0, proximal_lr=1.0
2026-05-04 01:49:41 | INFO | Alternating low-rank start 1/1 | seed=0 | initial_loss=0.828162 | initial_penalized=0.828162
2026-05-04 01:49:42 | INFO | Alternating low-rank iter 0 | Loss: 0.500934 | Penalized: 0.501530
2026-05-04 01:49:57 | INFO | Alternating low-rank iter 100 | Loss: 0.392236 | Penalized: 0.399502
2026-05-04 01:50:11 | INFO | Alternating low-rank iter 200 | Loss: 0.391763 | Penalized: 0.398759
2026-05-04 01:50:26 | INFO | Alternating low-rank iter 300 | Loss: 0.391760 | Penalized: 0.398625
2026-05-04 01:50:40 | INFO | Alternating low-rank iter 400 | Loss: 0.391771 | Penalized: 0.398583
2026-05-04 01:50:55 | INFO | Alternating low-rank iter 500 | Loss: 0.391773 | Penalized: 0.398563
2026-05-04 01:51:07 | INFO | Done fitting.
2026-05-04 01:51:07 | INFO | Optimizer status: CONVERGED: alternating objective tolerance reached
2026-05-04 01:51:07 | INFO | Best optimizer start: 1 / 1
2026-05-04 01:51:07 | INFO | Final Loss: 0.391772
2026-05-04 01:51:07 | INFO | Estimated Parameters:
2026-05-04 01:51:07 | INFO |   beta: -0.0381
2026-05-04 01:51:07 | INFO |   xi: 1.0732
2026-05-04 01:51:07 | INFO |   eta: 0.0224
2026-05-04 01:51:07 | INFO | Alternating low-rank optimizer diagnostics:
2026-05-04 01:51:07 | INFO |   penalized_objective: 0.398553
2026-05-04 01:51:07 | INFO |   mple_loss_without_penalty: 0.391772
2026-05-04 01:51:07 | INFO |   lambda_uv_ridge: 0.005000
2026-05-04 01:51:07 | INFO |   u_frobenius_norm: 566.518611
2026-05-04 01:51:07 | INFO |   v_frobenius_norm: 2.236068
2026-05-04 01:51:07 | INFO |   effective_rank: 5.000000
2026-05-04 01:51:07 | INFO | Field and interaction diagnostics:
2026-05-04 01:51:07 | INFO |   estimated_field_max_abs_entry: 7.239345
2026-05-04 01:51:07 | INFO |   estimated_field_rank: 5.000000
2026-05-04 01:51:07 | INFO | Saved summary table to /orcd/home/002/phevosp/MPLE-Causal-Inference/experiments/USCountyVaccination/outcome_death_rate_100k_ge_2__intervention_complete_cov_ge_30__lag_2w__distance_kernel_8__start_2020_03_01/cv_runs/alternating_uv_grid/candidates/alternating_uv_grid_candidate_0009/fold_4/mple_summary.csv
2026-05-04 01:51:07 | INFO | Log saved to /orcd/home/002/phevosp/MPLE-Causal-Inference/experiments/USCountyVaccination/outcome_death_rate_100k_ge_2__intervention_complete_cov_ge_30__lag_2w__distance_kernel_8__start_2020_03_01/cv_runs/alternating_uv_grid/candidates/alternating_uv_grid_candidate_0009/fold_4/mple.log
