2026-04-07 13:18:57 | INFO | Loading data...
2026-04-07 13:18:57 | INFO | Loaded 6 field templates and 1 interaction templates.
2026-04-07 13:18:57 | INFO | Intervention-process model enabled: True
2026-04-07 13:18:57 | INFO | Tau zero-mean enabled: False
2026-04-07 13:18:57 | INFO | Tau smoothness lambda: 0.000000
2026-04-07 13:18:57 | INFO | Running conditional-model MPLE on x with shape=(70, 3203)
2026-04-07 13:18:57 | INFO | Eval 0  |  Loss: 0.679932
2026-04-07 13:18:57 | INFO |   field::log_population: +0.0126,  field::median_household_income: -0.0132,  field::poverty_rate: +0.0640,  field::pct_black: +0.0105,  field::pct_hispanic: -0.0536,  field::pct_in_labor_force: +0.0362,  tau block: mean=+0.0096, std=0.0990, min=-0.2325, max=+0.1960,  beta: -0.0662,  interaction::contiguity: +0.0935,  eta: +0.0049,  zeta: +0.2002,  psi: +0.0189
2026-04-07 13:19:01 | INFO | Done fitting.
2026-04-07 13:19:01 | INFO | Optimizer status: CONVERGENCE: RELATIVE REDUCTION OF F <= FACTR*EPSMCH
2026-04-07 13:19:01 | INFO | Final Loss: 0.154293
2026-04-07 13:19:01 | INFO | Estimated Parameters:
2026-04-07 13:19:01 | INFO |   field::log_population: 0.3369
2026-04-07 13:19:01 | INFO |   field::median_household_income: -0.2740
2026-04-07 13:19:01 | INFO |   field::poverty_rate: -0.0748
2026-04-07 13:19:01 | INFO |   field::pct_black: -0.1393
2026-04-07 13:19:01 | INFO |   field::pct_hispanic: -0.1514
2026-04-07 13:19:01 | INFO |   field::pct_in_labor_force: 0.1058
2026-04-07 13:19:01 | INFO |   tau::t_0: 0.3243
2026-04-07 13:19:01 | INFO |   tau::t_1: 0.2251
2026-04-07 13:19:01 | INFO |   tau::t_2: 0.1314
2026-04-07 13:19:01 | INFO |   tau::t_3: 0.0614
2026-04-07 13:19:01 | INFO |   tau::t_4: -0.0405
2026-04-07 13:19:01 | INFO |   tau::t_5: -0.1674
2026-04-07 13:19:01 | INFO |   tau::t_6: 0.1138
2026-04-07 13:19:01 | INFO |   tau::t_7: -0.0872
2026-04-07 13:19:01 | INFO |   tau::t_8: 0.0438
2026-04-07 13:19:01 | INFO |   tau::t_9: 0.0469
2026-04-07 13:19:01 | INFO |   tau::t_10: 0.1364
2026-04-07 13:19:01 | INFO |   tau::t_11: 0.0518
2026-04-07 13:19:01 | INFO |   tau::t_12: 0.1840
2026-04-07 13:19:01 | INFO |   tau::t_13: 0.1103
2026-04-07 13:19:01 | INFO |   tau::t_14: 0.0131
2026-04-07 13:19:01 | INFO |   tau::t_15: 0.0534
2026-04-07 13:19:01 | INFO |   tau::t_16: -0.0374
2026-04-07 13:19:01 | INFO |   tau::t_17: -0.1043
2026-04-07 13:19:01 | INFO |   tau::t_18: -0.1309
2026-04-07 13:19:01 | INFO |   tau::t_19: -0.0856
2026-04-07 13:19:01 | INFO |   tau::t_20: -0.2837
2026-04-07 13:19:01 | INFO |   tau::t_21: -0.0903
2026-04-07 13:19:01 | INFO |   tau::t_22: -0.2750
2026-04-07 13:19:01 | INFO |   tau::t_23: -0.2201
2026-04-07 13:19:01 | INFO |   tau::t_24: -0.1647
2026-04-07 13:19:01 | INFO |   tau::t_25: 0.0312
2026-04-07 13:19:01 | INFO |   tau::t_26: 0.1422
2026-04-07 13:19:01 | INFO |   tau::t_27: 0.2987
2026-04-07 13:19:01 | INFO |   tau::t_28: 0.3583
2026-04-07 13:19:01 | INFO |   tau::t_29: 0.3968
2026-04-07 13:19:01 | INFO |   tau::t_30: 0.4517
2026-04-07 13:19:01 | INFO |   tau::t_31: 0.3685
2026-04-07 13:19:01 | INFO |   tau::t_32: 0.4733
2026-04-07 13:19:01 | INFO |   tau::t_33: 0.4630
2026-04-07 13:19:01 | INFO |   tau::t_34: 0.3482
2026-04-07 13:19:01 | INFO |   tau::t_35: 0.5062
2026-04-07 13:19:01 | INFO |   tau::t_36: 0.4535
2026-04-07 13:19:01 | INFO |   tau::t_37: 0.2706
2026-04-07 13:19:01 | INFO |   tau::t_38: 0.1530
2026-04-07 13:19:01 | INFO |   tau::t_39: 0.0220
2026-04-07 13:19:01 | INFO |   tau::t_40: 0.0645
2026-04-07 13:19:01 | INFO |   tau::t_41: 0.0232
2026-04-07 13:19:01 | INFO |   tau::t_42: 0.0669
2026-04-07 13:19:01 | INFO |   tau::t_43: 0.1547
2026-04-07 13:19:01 | INFO |   tau::t_44: 0.1972
2026-04-07 13:19:01 | INFO |   tau::t_45: -0.1358
2026-04-07 13:19:01 | INFO |   tau::t_46: 0.5236
2026-04-07 13:19:01 | INFO |   tau::t_47: 0.2013
2026-04-07 13:19:01 | INFO |   tau::t_48: 0.1714
2026-04-07 13:19:01 | INFO |   tau::t_49: 0.2063
2026-04-07 13:19:01 | INFO |   tau::t_50: 0.6758
2026-04-07 13:19:01 | INFO |   tau::t_51: 1.2094
2026-04-07 13:19:01 | INFO |   tau::t_52: 1.2405
2026-04-07 13:19:01 | INFO |   tau::t_53: 1.9583
2026-04-07 13:19:01 | INFO |   tau::t_54: 1.9368
2026-04-07 13:19:01 | INFO |   tau::t_55: 1.1480
2026-04-07 13:19:01 | INFO |   tau::t_56: 0.4327
2026-04-07 13:19:01 | INFO |   tau::t_57: 0.0153
2026-04-07 13:19:01 | INFO |   tau::t_58: -0.2557
2026-04-07 13:19:01 | INFO |   tau::t_59: -0.1974
2026-04-07 13:19:01 | INFO |   tau::t_60: -0.1729
2026-04-07 13:19:01 | INFO |   tau::t_61: -0.1030
2026-04-07 13:19:01 | INFO |   tau::t_62: -0.0755
2026-04-07 13:19:01 | INFO |   tau::t_63: -0.1247
2026-04-07 13:19:01 | INFO |   tau::t_64: -0.0290
2026-04-07 13:19:01 | INFO |   tau::t_65: -0.0489
2026-04-07 13:19:01 | INFO |   tau::t_66: 0.1591
2026-04-07 13:19:01 | INFO |   tau::t_67: 0.0883
2026-04-07 13:19:01 | INFO |   tau::t_68: 0.1737
2026-04-07 13:19:01 | INFO |   tau::t_69: 0.1948
2026-04-07 13:19:01 | INFO |   beta: 0.0789
2026-04-07 13:19:01 | INFO |   interaction::contiguity: 2.4585
2026-04-07 13:19:01 | INFO |   eta: 0.5077
2026-04-07 13:19:01 | INFO |   zeta: 0.1080
2026-04-07 13:19:01 | INFO |   psi: 3.1635
2026-04-07 13:19:01 | INFO | Saved summary tables to C:\Users\phevo\Documents\MIT\Code\MPLE-Causal-Inference\experiments\USCountyVaccination_US\USCountyVaccination_US_tau_unrestricted\outcome_case_rate_100k_ge_100__intervention_complete_cov_ge_70__lag_0w__contiguity\mple_summary.csv and C:\Users\phevo\Documents\MIT\Code\MPLE-Causal-Inference\experiments\USCountyVaccination_US\USCountyVaccination_US_tau_unrestricted\outcome_case_rate_100k_ge_100__intervention_complete_cov_ge_70__lag_0w__contiguity\mple_summary.md
2026-04-07 13:19:01 | INFO | Log saved to C:\Users\phevo\Documents\MIT\Code\MPLE-Causal-Inference\experiments\USCountyVaccination_US\USCountyVaccination_US_tau_unrestricted\outcome_case_rate_100k_ge_100__intervention_complete_cov_ge_70__lag_0w__contiguity\mple.log
