2026-04-24 01:24:42 | INFO | Loading data...
2026-04-24 01:24:42 | INFO | Using panel artifact: /orcd/home/002/phevosp/MPLE-Causal-Inference/experiments/SyntheticHybridExperiments/hybrid_us_county_intervention_uscounty_graph_rank_20/panel_data.npz
2026-04-24 01:24:42 | INFO | Using x_0 artifact: /orcd/home/002/phevosp/MPLE-Causal-Inference/experiments/SyntheticHybridExperiments/hybrid_us_county_intervention_uscounty_graph_rank_20/x_0.npy
2026-04-24 01:24:42 | INFO | Using fit config: /orcd/home/002/phevosp/MPLE-Causal-Inference/experiments/SyntheticHybridExperiments/hybrid_us_county_intervention_uscounty_graph_rank_20/fits/alternating_rank_1/fit_realized_config.yaml
2026-04-24 01:24:42 | INFO | Using model artifact directory: /orcd/home/002/phevosp/MPLE-Causal-Inference/experiments/SyntheticHybridExperiments/hybrid_us_county_intervention_uscounty_graph_rank_20
2026-04-24 01:24:42 | INFO | Using truth artifact directory: /orcd/home/002/phevosp/MPLE-Causal-Inference/experiments/SyntheticHybridExperiments/hybrid_us_county_intervention_uscounty_graph_rank_20
2026-04-24 01:24:42 | INFO | Configured optimizer mode: alternating_latent_rank
2026-04-24 01:24:42 | INFO | Configured latent rank: 2
2026-04-24 01:24:42 | INFO | Using a fixed known graph with scalar xi.
2026-04-24 01:24:42 | INFO | Fit-time hard bounds active: False
2026-04-24 01:24:42 | INFO | Fixed scalar parameters: {}
2026-04-24 01:24:42 | INFO | Optimizer settings: steps=10000, tol=1e-09, n_starts=1, seed=0, lambda_nuclear=0.0, lambda_frobenius=0.0, lambda_uv_ridge=10.0, proximal_lr=1.0
2026-04-24 01:24:42 | INFO | Alternating low-rank start 1/1 | seed=0 | initial_loss=0.706947 | initial_penalized=0.708671
2026-04-24 01:24:43 | INFO | Alternating low-rank iter 0 | Loss: 0.506822 | Penalized: 0.525987
2026-04-24 01:24:54 | INFO | Alternating low-rank iter 100 | Loss: 0.452707 | Penalized: 0.479452
2026-04-24 01:25:06 | INFO | Alternating low-rank iter 200 | Loss: 0.452327 | Penalized: 0.479169
2026-04-24 01:25:18 | INFO | Alternating low-rank iter 300 | Loss: 0.452271 | Penalized: 0.479135
2026-04-24 01:25:30 | INFO | Alternating low-rank iter 400 | Loss: 0.452259 | Penalized: 0.479131
2026-04-24 01:25:41 | INFO | Alternating low-rank iter 500 | Loss: 0.452256 | Penalized: 0.479130
2026-04-24 01:25:47 | INFO | Done fitting.
2026-04-24 01:25:47 | INFO | Optimizer status: CONVERGED: alternating objective tolerance reached
2026-04-24 01:25:47 | INFO | Best optimizer start: 1 / 1
2026-04-24 01:25:47 | INFO | Final Loss: 0.452255
2026-04-24 01:25:47 | INFO | Estimated vs True Parameters:
2026-04-24 01:25:47 | INFO |   beta: 0.4612 (True: 0.5000) | SQE: 0.001503
2026-04-24 01:25:47 | INFO |   xi: 0.5801 (True: 0.6000) | SQE: 0.000395
2026-04-24 01:25:47 | INFO |   eta: -0.0723 (True: -0.1000) | SQE: 0.000769
2026-04-24 01:25:47 | INFO | Alternating low-rank optimizer diagnostics:
2026-04-24 01:25:47 | INFO |   penalized_objective: 0.479130
2026-04-24 01:25:47 | INFO |   mple_loss_without_penalty: 0.452255
2026-04-24 01:25:47 | INFO |   lambda_uv_ridge: 10.000000
2026-04-24 01:25:47 | INFO |   u_frobenius_norm: 22.027304
2026-04-24 01:25:47 | INFO |   v_frobenius_norm: 22.027297
2026-04-24 01:25:47 | INFO |   effective_rank: 2.000000
2026-04-24 01:25:47 | INFO | Field and interaction diagnostics:
2026-04-24 01:25:47 | INFO |   field_rmse: 0.156091
2026-04-24 01:25:47 | INFO |   interaction_fro_error: 0.187653
2026-04-24 01:25:47 | INFO |   estimated_field_max_abs_entry: 1.644668
2026-04-24 01:25:47 | INFO |   estimated_field_rank: 2.000000
2026-04-24 01:25:47 | INFO |   true_field_max_abs_entry: 0.829739
2026-04-24 01:25:47 | INFO |   true_field_rank: 20.000000
2026-04-24 01:25:47 | INFO | Saved summary tables to /orcd/home/002/phevosp/MPLE-Causal-Inference/experiments/SyntheticHybridExperiments/hybrid_us_county_intervention_uscounty_graph_rank_20/fits/alternating_rank_1/mple_summary.csv and /orcd/home/002/phevosp/MPLE-Causal-Inference/experiments/SyntheticHybridExperiments/hybrid_us_county_intervention_uscounty_graph_rank_20/fits/alternating_rank_1/mple_summary.md
2026-04-24 01:25:47 | INFO | Log saved to /orcd/home/002/phevosp/MPLE-Causal-Inference/experiments/SyntheticHybridExperiments/hybrid_us_county_intervention_uscounty_graph_rank_20/fits/alternating_rank_1/mple.log
