2026-04-07 13:28:33 | INFO | Loading data...
2026-04-07 13:28:33 | INFO | Loaded 6 field templates and 1 interaction templates.
2026-04-07 13:28:33 | INFO | Intervention-process model enabled: True
2026-04-07 13:28:33 | INFO | Tau zero-mean enabled: False
2026-04-07 13:28:33 | INFO | Tau smoothness lambda: 0.000000
2026-04-07 13:28:33 | INFO | Running conditional-model MPLE on x with shape=(70, 3203)
2026-04-07 13:28:34 | INFO | Eval 0  |  Loss: 0.666161
2026-04-07 13:28:34 | INFO |   field::log_population: +0.0126,  field::median_household_income: -0.0132,  field::poverty_rate: +0.0640,  field::pct_black: +0.0105,  field::pct_hispanic: -0.0536,  field::pct_in_labor_force: +0.0362,  tau block: mean=+0.0096, std=0.0990, min=-0.2325, max=+0.1960,  beta: -0.0662,  interaction::contiguity: +0.0935,  eta: +0.0049,  zeta: +0.2002,  psi: +0.0189
2026-04-07 13:28:38 | INFO | Done fitting.
2026-04-07 13:28:38 | INFO | Optimizer status: CONVERGENCE: RELATIVE REDUCTION OF F <= FACTR*EPSMCH
2026-04-07 13:28:38 | INFO | Final Loss: 0.131424
2026-04-07 13:28:38 | INFO | Estimated Parameters:
2026-04-07 13:28:38 | INFO |   field::log_population: 0.1614
2026-04-07 13:28:38 | INFO |   field::median_household_income: -0.2893
2026-04-07 13:28:38 | INFO |   field::poverty_rate: -0.0721
2026-04-07 13:28:38 | INFO |   field::pct_black: -0.1781
2026-04-07 13:28:38 | INFO |   field::pct_hispanic: -0.1052
2026-04-07 13:28:38 | INFO |   field::pct_in_labor_force: 0.0822
2026-04-07 13:28:38 | INFO |   tau::t_0: -0.0232
2026-04-07 13:28:38 | INFO |   tau::t_1: -0.0066
2026-04-07 13:28:38 | INFO |   tau::t_2: -0.0480
2026-04-07 13:28:38 | INFO |   tau::t_3: -0.0815
2026-04-07 13:28:38 | INFO |   tau::t_4: -0.1005
2026-04-07 13:28:38 | INFO |   tau::t_5: -0.2329
2026-04-07 13:28:38 | INFO |   tau::t_6: 0.1366
2026-04-07 13:28:38 | INFO |   tau::t_7: -0.0890
2026-04-07 13:28:38 | INFO |   tau::t_8: 0.0864
2026-04-07 13:28:38 | INFO |   tau::t_9: 0.0165
2026-04-07 13:28:38 | INFO |   tau::t_10: 0.0865
2026-04-07 13:28:38 | INFO |   tau::t_11: -0.0025
2026-04-07 13:28:38 | INFO |   tau::t_12: 0.0878
2026-04-07 13:28:38 | INFO |   tau::t_13: 0.0280
2026-04-07 13:28:38 | INFO |   tau::t_14: -0.1273
2026-04-07 13:28:38 | INFO |   tau::t_15: -0.1289
2026-04-07 13:28:38 | INFO |   tau::t_16: -0.2241
2026-04-07 13:28:38 | INFO |   tau::t_17: -0.2614
2026-04-07 13:28:38 | INFO |   tau::t_18: -0.4391
2026-04-07 13:28:38 | INFO |   tau::t_19: -0.2907
2026-04-07 13:28:38 | INFO |   tau::t_20: -0.6579
2026-04-07 13:28:38 | INFO |   tau::t_21: -0.3798
2026-04-07 13:28:38 | INFO |   tau::t_22: -0.5573
2026-04-07 13:28:38 | INFO |   tau::t_23: -0.4570
2026-04-07 13:28:38 | INFO |   tau::t_24: -0.4573
2026-04-07 13:28:38 | INFO |   tau::t_25: -0.1831
2026-04-07 13:28:38 | INFO |   tau::t_26: -0.0681
2026-04-07 13:28:38 | INFO |   tau::t_27: 0.1827
2026-04-07 13:28:38 | INFO |   tau::t_28: 0.3531
2026-04-07 13:28:38 | INFO |   tau::t_29: 0.3456
2026-04-07 13:28:38 | INFO |   tau::t_30: 0.3705
2026-04-07 13:28:38 | INFO |   tau::t_31: 0.3408
2026-04-07 13:28:38 | INFO |   tau::t_32: 0.3251
2026-04-07 13:28:38 | INFO |   tau::t_33: 0.2978
2026-04-07 13:28:38 | INFO |   tau::t_34: 0.1417
2026-04-07 13:28:38 | INFO |   tau::t_35: 0.2793
2026-04-07 13:28:38 | INFO |   tau::t_36: 0.0482
2026-04-07 13:28:38 | INFO |   tau::t_37: -0.0057
2026-04-07 13:28:38 | INFO |   tau::t_38: -0.0168
2026-04-07 13:28:38 | INFO |   tau::t_39: -0.0645
2026-04-07 13:28:38 | INFO |   tau::t_40: -0.0892
2026-04-07 13:28:38 | INFO |   tau::t_41: 0.0852
2026-04-07 13:28:38 | INFO |   tau::t_42: 0.0585
2026-04-07 13:28:38 | INFO |   tau::t_43: 0.1491
2026-04-07 13:28:38 | INFO |   tau::t_44: 0.1841
2026-04-07 13:28:38 | INFO |   tau::t_45: -0.2168
2026-04-07 13:28:38 | INFO |   tau::t_46: 0.4535
2026-04-07 13:28:38 | INFO |   tau::t_47: 0.0940
2026-04-07 13:28:38 | INFO |   tau::t_48: 0.0564
2026-04-07 13:28:38 | INFO |   tau::t_49: 0.0736
2026-04-07 13:28:38 | INFO |   tau::t_50: 0.6138
2026-04-07 13:28:38 | INFO |   tau::t_51: 0.9296
2026-04-07 13:28:38 | INFO |   tau::t_52: 0.9751
2026-04-07 13:28:38 | INFO |   tau::t_53: 1.3297
2026-04-07 13:28:38 | INFO |   tau::t_54: 1.3293
2026-04-07 13:28:38 | INFO |   tau::t_55: 0.4524
2026-04-07 13:28:38 | INFO |   tau::t_56: -0.1117
2026-04-07 13:28:38 | INFO |   tau::t_57: -0.2472
2026-04-07 13:28:38 | INFO |   tau::t_58: -0.3078
2026-04-07 13:28:38 | INFO |   tau::t_59: -0.1125
2026-04-07 13:28:38 | INFO |   tau::t_60: -0.1258
2026-04-07 13:28:38 | INFO |   tau::t_61: -0.1292
2026-04-07 13:28:38 | INFO |   tau::t_62: -0.2488
2026-04-07 13:28:38 | INFO |   tau::t_63: -0.3039
2026-04-07 13:28:38 | INFO |   tau::t_64: -0.2486
2026-04-07 13:28:38 | INFO |   tau::t_65: -0.1045
2026-04-07 13:28:38 | INFO |   tau::t_66: 0.0221
2026-04-07 13:28:38 | INFO |   tau::t_67: -0.0540
2026-04-07 13:28:38 | INFO |   tau::t_68: 0.1033
2026-04-07 13:28:38 | INFO |   tau::t_69: 0.0856
2026-04-07 13:28:38 | INFO |   beta: 0.1226
2026-04-07 13:28:38 | INFO |   interaction::contiguity: 2.6009
2026-04-07 13:28:38 | INFO |   eta: 0.5453
2026-04-07 13:28:38 | INFO |   zeta: 0.0452
2026-04-07 13:28:38 | INFO |   psi: 3.6958
2026-04-07 13:28:38 | INFO | Saved summary tables to C:\Users\phevo\Documents\MIT\Code\MPLE-Causal-Inference\experiments\USCountyVaccination_US\USCountyVaccination_US_tau_unrestricted\outcome_case_rate_100k_ge_200__intervention_complete_cov_ge_80__lag_0w__contiguity\mple_summary.csv and C:\Users\phevo\Documents\MIT\Code\MPLE-Causal-Inference\experiments\USCountyVaccination_US\USCountyVaccination_US_tau_unrestricted\outcome_case_rate_100k_ge_200__intervention_complete_cov_ge_80__lag_0w__contiguity\mple_summary.md
2026-04-07 13:28:38 | INFO | Log saved to C:\Users\phevo\Documents\MIT\Code\MPLE-Causal-Inference\experiments\USCountyVaccination_US\USCountyVaccination_US_tau_unrestricted\outcome_case_rate_100k_ge_200__intervention_complete_cov_ge_80__lag_0w__contiguity\mple.log
