2026-04-25 13:14:19 | INFO | Loading data...
2026-04-25 13:14:19 | INFO | Using panel artifact: /orcd/home/002/phevosp/MPLE-Causal-Inference/experiments/USCountyVaccination_US_trimmed/outcome_death_rate_100k_ge_2__intervention_complete_cov_ge_20__lag_2w__contiguity__start_2021_01_03/panel_data.npz
2026-04-25 13:14:19 | INFO | Using x_0 artifact: /orcd/home/002/phevosp/MPLE-Causal-Inference/experiments/USCountyVaccination_US_trimmed/outcome_death_rate_100k_ge_2__intervention_complete_cov_ge_20__lag_2w__contiguity__start_2021_01_03/x_0.npy
2026-04-25 13:14:19 | INFO | Using fit config: /orcd/home/002/phevosp/MPLE-Causal-Inference/experiments/USCountyVaccination_US_trimmed/outcome_death_rate_100k_ge_2__intervention_complete_cov_ge_20__lag_2w__contiguity__start_2021_01_03/fits/alternating_rank_20_lambda_25/fit_realized_config.yaml
2026-04-25 13:14:19 | INFO | Using model artifact directory: /orcd/home/002/phevosp/MPLE-Causal-Inference/experiments/USCountyVaccination_US_trimmed/outcome_death_rate_100k_ge_2__intervention_complete_cov_ge_20__lag_2w__contiguity__start_2021_01_03
2026-04-25 13:14:19 | INFO | Using truth artifact directory: /orcd/home/002/phevosp/MPLE-Causal-Inference/experiments/USCountyVaccination_US_trimmed/outcome_death_rate_100k_ge_2__intervention_complete_cov_ge_20__lag_2w__contiguity__start_2021_01_03
2026-04-25 13:14:19 | INFO | Configured optimizer mode: alternating_latent_rank
2026-04-25 13:14:19 | INFO | Configured latent rank: 20
2026-04-25 13:14:19 | INFO | Using a fixed known graph with scalar xi.
2026-04-25 13:14:19 | INFO | Fit-time hard bounds active: False
2026-04-25 13:14:19 | INFO | Fixed scalar parameters: {}
2026-04-25 13:14:19 | INFO | Optimizer settings: steps=20000, tol=1e-09, n_starts=1, seed=0, lambda_nuclear=0.0, lambda_frobenius=0.0, lambda_uv_ridge=25.0, proximal_lr=1.0
2026-04-25 13:14:19 | INFO | Alternating low-rank start 1/1 | seed=0 | initial_loss=0.635265 | initial_penalized=0.707313
2026-04-25 13:14:19 | INFO | Alternating low-rank iter 0 | Loss: 0.537442 | Penalized: 0.568537
2026-04-25 13:14:28 | INFO | Alternating low-rank iter 100 | Loss: 0.476307 | Penalized: 0.515080
2026-04-25 13:14:38 | INFO | Alternating low-rank iter 200 | Loss: 0.476924 | Penalized: 0.514796
2026-04-25 13:14:46 | INFO | Done fitting.
2026-04-25 13:14:46 | INFO | Optimizer status: CONVERGED: alternating objective tolerance reached
2026-04-25 13:14:46 | INFO | Best optimizer start: 1 / 1
2026-04-25 13:14:46 | INFO | Final Loss: 0.477006
2026-04-25 13:14:46 | INFO | Estimated Parameters:
2026-04-25 13:14:46 | INFO |   beta: -0.0399
2026-04-25 13:14:46 | INFO |   xi: 1.8599
2026-04-25 13:14:46 | INFO |   eta: 0.2112
2026-04-25 13:14:46 | INFO | Alternating low-rank optimizer diagnostics:
2026-04-25 13:14:46 | INFO |   penalized_objective: 0.514794
2026-04-25 13:14:46 | INFO |   mple_loss_without_penalty: 0.477006
2026-04-25 13:14:46 | INFO |   lambda_uv_ridge: 25.000000
2026-04-25 13:14:46 | INFO |   u_frobenius_norm: 12.706722
2026-04-25 13:14:46 | INFO |   v_frobenius_norm: 12.706713
2026-04-25 13:14:46 | INFO |   effective_rank: 19.000000
2026-04-25 13:14:46 | INFO | Field and interaction diagnostics:
2026-04-25 13:14:46 | INFO |   estimated_field_max_abs_entry: 0.838854
2026-04-25 13:14:46 | INFO |   estimated_field_rank: 19.000000
2026-04-25 13:14:47 | INFO | Saved summary tables to /orcd/home/002/phevosp/MPLE-Causal-Inference/experiments/USCountyVaccination_US_trimmed/outcome_death_rate_100k_ge_2__intervention_complete_cov_ge_20__lag_2w__contiguity__start_2021_01_03/fits/alternating_rank_20_lambda_25/mple_summary.csv and /orcd/home/002/phevosp/MPLE-Causal-Inference/experiments/USCountyVaccination_US_trimmed/outcome_death_rate_100k_ge_2__intervention_complete_cov_ge_20__lag_2w__contiguity__start_2021_01_03/fits/alternating_rank_20_lambda_25/mple_summary.md
2026-04-25 13:14:47 | INFO | Log saved to /orcd/home/002/phevosp/MPLE-Causal-Inference/experiments/USCountyVaccination_US_trimmed/outcome_death_rate_100k_ge_2__intervention_complete_cov_ge_20__lag_2w__contiguity__start_2021_01_03/fits/alternating_rank_20_lambda_25/mple.log
