2026-05-02 22:52:07 | INFO | Loading data...
2026-05-02 22:52:07 | INFO | Using panel artifact: /orcd/home/002/phevosp/MPLE-Causal-Inference/experiments/HybridExperiments_r5_c1_v2/r5_c1_hybrid_us_county_intervention_uscounty_graph_contiguous_confounding/panel_data.npz
2026-05-02 22:52:07 | INFO | Using x_0 artifact: /orcd/home/002/phevosp/MPLE-Causal-Inference/experiments/HybridExperiments_r5_c1_v2/r5_c1_hybrid_us_county_intervention_uscounty_graph_contiguous_confounding/x_0.npy
2026-05-02 22:52:07 | INFO | Using fit config: /orcd/home/002/phevosp/MPLE-Causal-Inference/experiments/HybridExperiments_r5_c1_v2/r5_c1_hybrid_us_county_intervention_uscounty_graph_contiguous_confounding/cv_runs/alternating_uv_grid/candidates/alternating_uv_grid_candidate_0008/fold_1/fit_realized_config.yaml
2026-05-02 22:52:07 | INFO | Using model artifact directory: /orcd/home/002/phevosp/MPLE-Causal-Inference/experiments/HybridExperiments_r5_c1_v2/r5_c1_hybrid_us_county_intervention_uscounty_graph_contiguous_confounding
2026-05-02 22:52:07 | INFO | Using truth artifact directory: /orcd/home/002/phevosp/MPLE-Causal-Inference/experiments/HybridExperiments_r5_c1_v2/r5_c1_hybrid_us_county_intervention_uscounty_graph_contiguous_confounding
2026-05-02 22:52:07 | INFO | Using loss mask artifact: /orcd/home/002/phevosp/MPLE-Causal-Inference/experiments/HybridExperiments_r5_c1_v2/r5_c1_hybrid_us_county_intervention_uscounty_graph_contiguous_confounding/cv_runs/alternating_uv_grid/candidates/alternating_uv_grid_candidate_0008/fold_1/loss_mask.npy
2026-05-02 22:52:07 | INFO | Configured optimizer mode: alternating_latent_rank
2026-05-02 22:52:07 | INFO | Configured latent rank: 5
2026-05-02 22:52:07 | INFO | Using a fixed known graph with scalar xi.
2026-05-02 22:52:07 | INFO | Fit-time hard bounds active: False
2026-05-02 22:52:07 | INFO | Fixed scalar parameters: {}
2026-05-02 22:52:07 | INFO | Warm-start fixed scalars: {} for 0 steps
2026-05-02 22:52:07 | INFO | Beta mask before s: True with s=50
2026-05-02 22:52:07 | INFO | Beta mask after e: True with e=115
2026-05-02 22:52:07 | INFO | Alternating V-column L2-ball constraint active with radius 1.0
2026-05-02 22:52:07 | INFO | Optimizer settings: steps=2000, tol=1e-07, n_starts=1, seed=0, lambda_nuclear=0.0, lambda_frobenius=0.0, lambda_uv_ridge=1.0, v_column_l2_max=1.0, proximal_lr=1.0
2026-05-02 22:52:07 | INFO | Alternating low-rank start 1/1 | seed=0 | initial_loss=0.766535 | initial_penalized=0.766571
2026-05-02 22:52:07 | INFO | Alternating low-rank iter 0 | Loss: 0.626098 | Penalized: 0.636693
2026-05-02 22:52:18 | INFO | Alternating low-rank iter 100 | Loss: 0.596055 | Penalized: 0.612557
2026-05-02 22:52:26 | INFO | Done fitting.
2026-05-02 22:52:26 | INFO | Optimizer status: CONVERGED: alternating objective tolerance reached
2026-05-02 22:52:26 | INFO | Best optimizer start: 1 / 1
2026-05-02 22:52:26 | INFO | Final Loss: 0.595948
2026-05-02 22:52:26 | INFO | Estimated vs True Parameters:
2026-05-02 22:52:26 | INFO |   beta: -0.0912 (True: -0.3000) | SQE: 0.043588
2026-05-02 22:52:26 | INFO |   xi: 0.8455 (True: 0.8000) | SQE: 0.002067
2026-05-02 22:52:26 | INFO |   eta: 0.2791 (True: 0.3000) | SQE: 0.000436
2026-05-02 22:52:26 | INFO | Alternating low-rank optimizer diagnostics:
2026-05-02 22:52:26 | INFO |   penalized_objective: 0.612464
2026-05-02 22:52:26 | INFO |   mple_loss_without_penalty: 0.595948
2026-05-02 22:52:26 | INFO |   lambda_uv_ridge: 1.000000
2026-05-02 22:52:26 | INFO |   u_frobenius_norm: 69.033327
2026-05-02 22:52:26 | INFO |   v_frobenius_norm: 2.236068
2026-05-02 22:52:26 | INFO |   effective_rank: 4.000000
2026-05-02 22:52:26 | INFO | Field and interaction diagnostics:
2026-05-02 22:52:26 | INFO |   field_rmse: 0.411196
2026-05-02 22:52:26 | INFO |   interaction_fro_error: 0.429912
2026-05-02 22:52:26 | INFO |   estimated_field_max_abs_entry: 0.725439
2026-05-02 22:52:26 | INFO |   estimated_field_rank: 4.000000
2026-05-02 22:52:26 | INFO |   true_field_max_abs_entry: 3.005890
2026-05-02 22:52:26 | INFO |   true_field_rank: 5.000000
2026-05-02 22:52:26 | INFO | Saved summary table to /orcd/home/002/phevosp/MPLE-Causal-Inference/experiments/HybridExperiments_r5_c1_v2/r5_c1_hybrid_us_county_intervention_uscounty_graph_contiguous_confounding/cv_runs/alternating_uv_grid/candidates/alternating_uv_grid_candidate_0008/fold_1/mple_summary.csv
2026-05-02 22:52:26 | INFO | Log saved to /orcd/home/002/phevosp/MPLE-Causal-Inference/experiments/HybridExperiments_r5_c1_v2/r5_c1_hybrid_us_county_intervention_uscounty_graph_contiguous_confounding/cv_runs/alternating_uv_grid/candidates/alternating_uv_grid_candidate_0008/fold_1/mple.log
