2026-05-02 12:18:27 | INFO | Loading data...
2026-05-02 12:18:27 | INFO | Using panel artifact: /orcd/home/002/phevosp/MPLE-Causal-Inference/experiments/Synthetic/confounding_weak/panel_data.npz
2026-05-02 12:18:27 | INFO | Using x_0 artifact: /orcd/home/002/phevosp/MPLE-Causal-Inference/experiments/Synthetic/confounding_weak/x_0.npy
2026-05-02 12:18:27 | INFO | Using fit config: /orcd/home/002/phevosp/MPLE-Causal-Inference/experiments/Synthetic/confounding_weak/cv_runs/alternating_uv_grid/candidates/alternating_uv_grid_candidate_0003/fold_3/fit_realized_config.yaml
2026-05-02 12:18:27 | INFO | Using model artifact directory: /orcd/home/002/phevosp/MPLE-Causal-Inference/experiments/Synthetic/confounding_weak
2026-05-02 12:18:27 | INFO | Using truth artifact directory: /orcd/home/002/phevosp/MPLE-Causal-Inference/experiments/Synthetic/confounding_weak
2026-05-02 12:18:27 | INFO | Using loss mask artifact: /orcd/home/002/phevosp/MPLE-Causal-Inference/experiments/Synthetic/confounding_weak/cv_runs/alternating_uv_grid/candidates/alternating_uv_grid_candidate_0003/fold_3/loss_mask.npy
2026-05-02 12:18:27 | INFO | Configured optimizer mode: alternating_latent_rank
2026-05-02 12:18:27 | INFO | Configured latent rank: 3
2026-05-02 12:18:27 | INFO | Using a fixed known graph with scalar xi.
2026-05-02 12:18:27 | INFO | Fit-time hard bounds active: False
2026-05-02 12:18:27 | INFO | Fixed scalar parameters: {}
2026-05-02 12:18:27 | INFO | Warm-start fixed scalars: {} for 0 steps
2026-05-02 12:18:27 | INFO | Beta mask before s: False with s=0
2026-05-02 12:18:27 | INFO | Beta mask after e: False with e=11
2026-05-02 12:18:27 | INFO | Alternating V-column L2-ball constraint active with radius 1.0
2026-05-02 12:18:27 | INFO | Optimizer settings: steps=2000, tol=1e-07, n_starts=1, seed=0, lambda_nuclear=0.0, lambda_frobenius=0.0, lambda_uv_ridge=0.01, v_column_l2_max=1.0, proximal_lr=1.0
2026-05-02 12:18:27 | INFO | Alternating low-rank start 1/1 | seed=0 | initial_loss=0.827798 | initial_penalized=0.827800
2026-05-02 12:18:27 | INFO | Alternating low-rank iter 0 | Loss: 0.594462 | Penalized: 0.595494
2026-05-02 12:18:28 | INFO | Alternating low-rank iter 100 | Loss: 0.515851 | Penalized: 0.524182
2026-05-02 12:18:29 | INFO | Alternating low-rank iter 200 | Loss: 0.514730 | Penalized: 0.523246
2026-05-02 12:18:30 | INFO | Alternating low-rank iter 300 | Loss: 0.514634 | Penalized: 0.523118
2026-05-02 12:18:31 | INFO | Alternating low-rank iter 400 | Loss: 0.514641 | Penalized: 0.523084
2026-05-02 12:18:32 | INFO | Alternating low-rank iter 500 | Loss: 0.514616 | Penalized: 0.523014
2026-05-02 12:18:33 | INFO | Alternating low-rank iter 600 | Loss: 0.514439 | Penalized: 0.522870
2026-05-02 12:18:34 | INFO | Alternating low-rank iter 700 | Loss: 0.514459 | Penalized: 0.522848
2026-05-02 12:18:34 | INFO | Done fitting.
2026-05-02 12:18:34 | INFO | Optimizer status: CONVERGED: alternating objective tolerance reached
2026-05-02 12:18:34 | INFO | Best optimizer start: 1 / 1
2026-05-02 12:18:34 | INFO | Final Loss: 0.514467
2026-05-02 12:18:34 | INFO | Estimated vs True Parameters:
2026-05-02 12:18:34 | INFO |   beta: -0.3118 (True: -0.3000) | SQE: 0.000139
2026-05-02 12:18:34 | INFO |   xi: 0.9034 (True: 0.8000) | SQE: 0.010694
2026-05-02 12:18:34 | INFO |   eta: 0.3196 (True: 0.3000) | SQE: 0.000384
2026-05-02 12:18:34 | INFO | Alternating low-rank optimizer diagnostics:
2026-05-02 12:18:34 | INFO |   penalized_objective: 0.522843
2026-05-02 12:18:34 | INFO |   mple_loss_without_penalty: 0.514467
2026-05-02 12:18:34 | INFO |   lambda_uv_ridge: 0.010000
2026-05-02 12:18:34 | INFO |   u_frobenius_norm: 120.187465
2026-05-02 12:18:34 | INFO |   v_frobenius_norm: 1.732051
2026-05-02 12:18:34 | INFO |   effective_rank: 3.000000
2026-05-02 12:18:34 | INFO | Field and interaction diagnostics:
2026-05-02 12:18:34 | INFO |   field_rmse: 0.642240
2026-05-02 12:18:34 | INFO |   interaction_fro_error: 0.366354
2026-05-02 12:18:34 | INFO |   estimated_field_max_abs_entry: 11.044788
2026-05-02 12:18:34 | INFO |   estimated_field_rank: 3.000000
2026-05-02 12:18:34 | INFO |   true_field_max_abs_entry: 2.973509
2026-05-02 12:18:34 | INFO |   true_field_rank: 3.000000
2026-05-02 12:18:34 | INFO | Saved summary table to /orcd/home/002/phevosp/MPLE-Causal-Inference/experiments/Synthetic/confounding_weak/cv_runs/alternating_uv_grid/candidates/alternating_uv_grid_candidate_0003/fold_3/mple_summary.csv
2026-05-02 12:18:34 | INFO | Log saved to /orcd/home/002/phevosp/MPLE-Causal-Inference/experiments/Synthetic/confounding_weak/cv_runs/alternating_uv_grid/candidates/alternating_uv_grid_candidate_0003/fold_3/mple.log
