2026-07-26 06:26:58 | INFO | Loading data...
2026-07-26 06:26:58 | INFO | Using panel artifact: /orcd/home/002/phevosp/MPLE-Causal-Inference/experiments/Synthetic/confounding_strong/panel_data.npz
2026-07-26 06:26:58 | INFO | Using x_0 artifact: /orcd/home/002/phevosp/MPLE-Causal-Inference/experiments/Synthetic/confounding_strong/x_0.npy
2026-07-26 06:26:58 | INFO | Using fit config: /orcd/home/002/phevosp/MPLE-Causal-Inference/experiments/Synthetic/confounding_strong/cv_runs_baselines/treatment_split/candidates/treatment_split_candidate_0016/fold_1/fit_realized_config.yaml
2026-07-26 06:26:58 | INFO | Using model artifact directory: /orcd/home/002/phevosp/MPLE-Causal-Inference/experiments/Synthetic/confounding_strong
2026-07-26 06:26:58 | INFO | Using truth artifact directory: /orcd/home/002/phevosp/MPLE-Causal-Inference/experiments/Synthetic/confounding_strong
2026-07-26 06:26:58 | INFO | Using loss mask artifact: /orcd/home/002/phevosp/MPLE-Causal-Inference/experiments/Synthetic/confounding_strong/cv_runs_baselines/treatment_split/candidates/treatment_split_candidate_0016/fold_1/loss_mask.npy
2026-07-26 06:26:59 | INFO | Configured optimizer mode: alternating_treatment_split_latent_rank
2026-07-26 06:26:59 | INFO | Configured latent rank: 5
2026-07-26 06:26:59 | INFO | Using a fixed known graph with scalar xi.
2026-07-26 06:26:59 | INFO | Fit-time hard bounds active: False
2026-07-26 06:26:59 | INFO | Fixed scalar parameters: {'beta': 0.0, 'xi': 0.0, 'eta': 0.0}
2026-07-26 06:26:59 | INFO | Warm-start fixed scalars: {} for 0 steps
2026-07-26 06:26:59 | INFO | Beta-gradient mask before s: False with s=0
2026-07-26 06:26:59 | INFO | Beta-gradient mask after e: False with e=11
2026-07-26 06:26:59 | INFO | Alternating V-column L2-ball constraint active with radius 1.0
2026-07-26 06:26:59 | INFO | Optimizer settings: steps=2000, tol=1e-07, n_starts=1, seed=0, lambda_nuclear=0.0, lambda_frobenius=0.0, lambda_uv_ridge=0.05, v_column_l2_max=1.0, proximal_lr=1.0
2026-07-26 06:26:59 | INFO | Treatment-split alternating low-rank start 1/1 | seed=0 | initial_loss=0.693089 | initial_penalized=0.693139
2026-07-26 06:26:59 | INFO | Treatment-split alternating low-rank iter 0 | Loss: 0.674582 | Penalized: 0.674797
2026-07-26 06:27:01 | INFO | Treatment-split alternating low-rank iter 100 | Loss: 0.399655 | Penalized: 0.468793
2026-07-26 06:27:03 | INFO | Treatment-split alternating low-rank iter 200 | Loss: 0.397598 | Penalized: 0.467434
2026-07-26 06:27:05 | INFO | Treatment-split alternating low-rank iter 300 | Loss: 0.397521 | Penalized: 0.467382
2026-07-26 06:27:07 | INFO | Treatment-split alternating low-rank iter 400 | Loss: 0.397547 | Penalized: 0.467379
2026-07-26 06:27:09 | INFO | Treatment-split alternating low-rank iter 500 | Loss: 0.397550 | Penalized: 0.467364
2026-07-26 06:27:11 | INFO | Treatment-split alternating low-rank iter 600 | Loss: 0.397569 | Penalized: 0.467362
2026-07-26 06:27:13 | INFO | Treatment-split alternating low-rank iter 700 | Loss: 0.397568 | Penalized: 0.467355
2026-07-26 06:27:15 | INFO | Treatment-split alternating low-rank iter 800 | Loss: 0.397570 | Penalized: 0.467352
2026-07-26 06:27:17 | INFO | Treatment-split alternating low-rank iter 900 | Loss: 0.397574 | Penalized: 0.467351
2026-07-26 06:27:19 | INFO | Treatment-split alternating low-rank iter 1000 | Loss: 0.397576 | Penalized: 0.467351
2026-07-26 06:27:21 | INFO | Treatment-split alternating low-rank iter 1100 | Loss: 0.397578 | Penalized: 0.467350
2026-07-26 06:27:23 | INFO | Treatment-split alternating low-rank iter 1200 | Loss: 0.397578 | Penalized: 0.467349
2026-07-26 06:27:25 | INFO | Treatment-split alternating low-rank iter 1300 | Loss: 0.397578 | Penalized: 0.467349
2026-07-26 06:27:27 | INFO | Treatment-split alternating low-rank iter 1400 | Loss: 0.397578 | Penalized: 0.467348
2026-07-26 06:27:28 | INFO | Treatment-split alternating low-rank iter 1500 | Loss: 0.397578 | Penalized: 0.467347
2026-07-26 06:27:30 | INFO | Treatment-split alternating low-rank iter 1600 | Loss: 0.397578 | Penalized: 0.467346
2026-07-26 06:27:32 | INFO | Treatment-split alternating low-rank iter 1700 | Loss: 0.397578 | Penalized: 0.467346
2026-07-26 06:27:34 | INFO | Treatment-split alternating low-rank iter 1800 | Loss: 0.397578 | Penalized: 0.467345
2026-07-26 06:27:36 | INFO | Treatment-split alternating low-rank iter 1900 | Loss: 0.397579 | Penalized: 0.467344
2026-07-26 06:27:38 | INFO | Done fitting.
2026-07-26 06:27:38 | INFO | Optimizer status: STOP: TOTAL NO. OF OUTER ITERATIONS REACHED LIMIT
2026-07-26 06:27:38 | INFO | Best optimizer start: 1 / 1
2026-07-26 06:27:38 | INFO | Final Loss: 0.397482
2026-07-26 06:27:38 | INFO | Estimated vs True Parameters:
2026-07-26 06:27:38 | INFO |   beta: 0.0000 (True: -0.3000) | SQE: 0.090000
2026-07-26 06:27:38 | INFO |   xi: 0.0000 (True: 0.8000) | SQE: 0.640000
2026-07-26 06:27:38 | INFO |   eta: 0.0000 (True: 0.3000) | SQE: 0.090000
2026-07-26 06:27:38 | INFO | Treatment-split alternating low-rank optimizer diagnostics:
2026-07-26 06:27:38 | INFO |   penalized_objective: 0.467223
2026-07-26 06:27:38 | INFO |   mple_loss_without_penalty: 0.397482
2026-07-26 06:27:38 | INFO |   lambda_uv_ridge: 0.050000
2026-07-26 06:27:38 | INFO |   u_frobenius_norm: 3.162278
2026-07-26 06:27:38 | INFO |   v_frobenius_norm: 144.915242
2026-07-26 06:27:38 | INFO |   effective_rank: 50.000000
2026-07-26 06:27:38 | INFO | Field and interaction diagnostics:
2026-07-26 06:27:38 | INFO |   field_rmse: 0.701704
2026-07-26 06:27:38 | INFO |   interaction_fro_error: 2.834194
2026-07-26 06:27:38 | INFO |   estimated_field_max_abs_entry: 2.243349
2026-07-26 06:27:38 | INFO |   estimated_field_rank: 50.000000
2026-07-26 06:27:38 | INFO |   true_field_max_abs_entry: 4.447602
2026-07-26 06:27:38 | INFO |   true_field_rank: 3.000000
2026-07-26 06:27:38 | INFO | Saved summary table to /orcd/home/002/phevosp/MPLE-Causal-Inference/experiments/Synthetic/confounding_strong/cv_runs_baselines/treatment_split/candidates/treatment_split_candidate_0016/fold_1/mple_summary.csv
2026-07-26 06:27:38 | INFO | Log saved to /orcd/home/002/phevosp/MPLE-Causal-Inference/experiments/Synthetic/confounding_strong/cv_runs_baselines/treatment_split/candidates/treatment_split_candidate_0016/fold_1/mple.log
