2026-04-06 14:13:55 | INFO | Loading data...
2026-04-06 14:13:55 | INFO | Loaded 9 field templates and 1 interaction templates.
2026-04-06 14:13:55 | INFO | Intervention-process model enabled: False
2026-04-06 14:13:55 | INFO | Running conditional-model MPLE on x with shape=(15, 9642)
2026-04-06 14:13:55 | INFO | Eval 0  |  Loss: 0.683308
2026-04-06 14:13:55 | INFO |   field::intercept: +0.0126,  field::total_pop: -0.0132,  field::black_share: +0.0640,  field::hispanic_share: +0.0105,  field::male_1521_share: -0.0536,  field::family_household_share: +0.0362,  field::female_household_share: +0.1304,  field::renter_share: +0.0947,  field::vacant_share: -0.0704,  tau block: mean=-0.0323, std=0.0897, min=-0.2325, max=+0.1366,  beta: +0.0903,  interaction::knn_16: +0.0094,  eta: -0.0743
2026-04-06 14:13:56 | INFO | Eval 100  |  Loss: 0.489899
2026-04-06 14:13:56 | INFO |   field::intercept: -0.1764,  field::total_pop: +4.3552,  field::black_share: +0.1155,  field::hispanic_share: +0.1007,  field::male_1521_share: -0.1224,  field::family_household_share: -0.1323,  field::female_household_share: +0.0908,  field::renter_share: +0.1029,  field::vacant_share: +1.1572,  tau block: mean=-0.0449, std=0.0408, min=-0.1434, max=+0.0058,  beta: -0.1033,  interaction::knn_16: +1.0820,  eta: +0.3610
2026-04-06 14:13:57 | INFO | Done fitting.
2026-04-06 14:13:57 | INFO | Optimizer status: CONVERGENCE: RELATIVE REDUCTION OF F <= FACTR*EPSMCH
2026-04-06 14:13:57 | INFO | Final Loss: 0.489894
2026-04-06 14:13:57 | INFO | Estimated Parameters:
2026-04-06 14:13:57 | INFO |   field::intercept: -0.1930
2026-04-06 14:13:57 | INFO |   field::total_pop: 4.4535
2026-04-06 14:13:57 | INFO |   field::black_share: 0.1071
2026-04-06 14:13:57 | INFO |   field::hispanic_share: 0.1188
2026-04-06 14:13:57 | INFO |   field::male_1521_share: -0.1553
2026-04-06 14:13:57 | INFO |   field::family_household_share: -0.1343
2026-04-06 14:13:57 | INFO |   field::female_household_share: 0.1056
2026-04-06 14:13:57 | INFO |   field::renter_share: 0.1002
2026-04-06 14:13:57 | INFO |   field::vacant_share: 1.4194
2026-04-06 14:13:57 | INFO |   tau::t_0: -0.0907
2026-04-06 14:13:57 | INFO |   tau::t_1: 0.0011
2026-04-06 14:13:57 | INFO |   tau::t_2: -0.0407
2026-04-06 14:13:57 | INFO |   tau::t_3: -0.1040
2026-04-06 14:13:57 | INFO |   tau::t_4: -0.0622
2026-04-06 14:13:57 | INFO |   tau::t_5: -0.0407
2026-04-06 14:13:57 | INFO |   tau::t_6: -0.0448
2026-04-06 14:13:57 | INFO |   tau::t_7: -0.0675
2026-04-06 14:13:57 | INFO |   tau::t_8: -0.0342
2026-04-06 14:13:57 | INFO |   tau::t_9: 0.0052
2026-04-06 14:13:57 | INFO |   tau::t_10: -0.0346
2026-04-06 14:13:57 | INFO |   tau::t_11: -0.0318
2026-04-06 14:13:57 | INFO |   tau::t_12: -0.0058
2026-04-06 14:13:57 | INFO |   tau::t_13: 0.0037
2026-04-06 14:13:57 | INFO |   tau::t_14: -0.1437
2026-04-06 14:13:57 | INFO |   beta: -0.1205
2026-04-06 14:13:57 | INFO |   interaction::knn_16: 1.0795
2026-04-06 14:13:57 | INFO |   eta: 0.3607
2026-04-06 14:13:57 | INFO | Saved summary tables to C:\Users\phevo\Documents\MIT\Code\MPLE-Causal-Inference\experiments\SeattleDMI_outcome_only\any_crime_gt_district_mean_pm1__knn_16\mple_summary.csv and C:\Users\phevo\Documents\MIT\Code\MPLE-Causal-Inference\experiments\SeattleDMI_outcome_only\any_crime_gt_district_mean_pm1__knn_16\mple_summary.md
2026-04-06 14:13:57 | INFO | Log saved to C:\Users\phevo\Documents\MIT\Code\MPLE-Causal-Inference\experiments\SeattleDMI_outcome_only\any_crime_gt_district_mean_pm1__knn_16\mple.log
