2026-04-08 16:11:10 | INFO | Loading data...
2026-04-08 16:11:10 | INFO | Loaded 8 field templates and 1 interaction templates.
2026-04-08 16:11:10 | INFO | Intervention-process model enabled: True
2026-04-08 16:11:10 | INFO | Tau zero-mean enabled: False
2026-04-08 16:11:10 | INFO | Tau smoothness lambda: 0.000000
2026-04-08 16:11:10 | INFO | Running conditional-model MPLE on x with shape=(120, 3009)
2026-04-08 16:11:10 | INFO | Eval 0  |  Loss: 0.748566
2026-04-08 16:11:10 | INFO |   field::population_density: +0.0126,  field::senior_population: -0.0132,  field::college_education: +0.0640,  field::poverty_rate: +0.0105,  field::log_population: -0.0536,  field::median_household_income: +0.0362,  field::cdc_svi_2022_overall: +0.1304,  field::usda_ers_rucc_2023: +0.0947,  tau block: mean=+0.0043, std=0.0969, min=-0.2325, max=+0.2002,  beta: -0.0569,  interaction::contiguity: -0.1030,  eta: -0.1043,  zeta: +0.0268,  psi: +0.0359
2026-04-08 16:11:15 | INFO | Eval 100  |  Loss: 0.322395
2026-04-08 16:11:15 | INFO |   field::population_density: -0.8352,  field::senior_population: -0.0543,  field::college_education: -0.6265,  field::poverty_rate: -0.1518,  field::log_population: +0.9832,  field::median_household_income: -0.5147,  field::cdc_svi_2022_overall: +0.0280,  field::usda_ers_rucc_2023: -0.0411,  tau block: mean=-0.3782, std=0.7468, min=-3.1676, max=+0.1862,  beta: -0.0281,  interaction::contiguity: +1.3710,  eta: +0.2556,  zeta: -0.0590,  psi: +2.1355
2026-04-08 16:11:20 | INFO | Done fitting.
2026-04-08 16:11:20 | INFO | Optimizer status: CONVERGENCE: RELATIVE REDUCTION OF F <= FACTR*EPSMCH
2026-04-08 16:11:20 | INFO | Final Loss: 0.322368
2026-04-08 16:11:20 | INFO | Estimated Parameters:
2026-04-08 16:11:20 | INFO |   field::population_density: -0.8251
2026-04-08 16:11:20 | INFO |   field::senior_population: -0.0448
2026-04-08 16:11:20 | INFO |   field::college_education: -0.6339
2026-04-08 16:11:20 | INFO |   field::poverty_rate: -0.1319
2026-04-08 16:11:20 | INFO |   field::log_population: 0.9808
2026-04-08 16:11:20 | INFO |   field::median_household_income: -0.4851
2026-04-08 16:11:20 | INFO |   field::cdc_svi_2022_overall: 0.0289
2026-04-08 16:11:20 | INFO |   field::usda_ers_rucc_2023: -0.0402
2026-04-08 16:11:20 | INFO |   tau::t_0: -3.9506
2026-04-08 16:11:20 | INFO |   tau::t_1: -3.9304
2026-04-08 16:11:20 | INFO |   tau::t_2: -3.9535
2026-04-08 16:11:20 | INFO |   tau::t_3: -3.9771
2026-04-08 16:11:20 | INFO |   tau::t_4: -3.8918
2026-04-08 16:11:20 | INFO |   tau::t_5: -3.9679
2026-04-08 16:11:20 | INFO |   tau::t_6: -3.7678
2026-04-08 16:11:20 | INFO |   tau::t_7: -1.8732
2026-04-08 16:11:20 | INFO |   tau::t_8: -1.0819
2026-04-08 16:11:20 | INFO |   tau::t_9: -0.5480
2026-04-08 16:11:20 | INFO |   tau::t_10: -0.4082
2026-04-08 16:11:20 | INFO |   tau::t_11: -0.3855
2026-04-08 16:11:20 | INFO |   tau::t_12: -0.3698
2026-04-08 16:11:20 | INFO |   tau::t_13: -0.3967
2026-04-08 16:11:20 | INFO |   tau::t_14: -0.3796
2026-04-08 16:11:20 | INFO |   tau::t_15: -0.3805
2026-04-08 16:11:20 | INFO |   tau::t_16: -0.4069
2026-04-08 16:11:20 | INFO |   tau::t_17: -0.3982
2026-04-08 16:11:20 | INFO |   tau::t_18: -0.4497
2026-04-08 16:11:20 | INFO |   tau::t_19: -0.4616
2026-04-08 16:11:20 | INFO |   tau::t_20: -0.4996
2026-04-08 16:11:20 | INFO |   tau::t_21: -0.4739
2026-04-08 16:11:20 | INFO |   tau::t_22: -0.5368
2026-04-08 16:11:20 | INFO |   tau::t_23: -0.3850
2026-04-08 16:11:20 | INFO |   tau::t_24: -0.3899
2026-04-08 16:11:20 | INFO |   tau::t_25: -0.3035
2026-04-08 16:11:20 | INFO |   tau::t_26: -0.2066
2026-04-08 16:11:20 | INFO |   tau::t_27: -0.2752
2026-04-08 16:11:20 | INFO |   tau::t_28: -0.2595
2026-04-08 16:11:20 | INFO |   tau::t_29: -0.2357
2026-04-08 16:11:20 | INFO |   tau::t_30: -0.2381
2026-04-08 16:11:20 | INFO |   tau::t_31: -0.2787
2026-04-08 16:11:20 | INFO |   tau::t_32: -0.2795
2026-04-08 16:11:20 | INFO |   tau::t_33: -0.2566
2026-04-08 16:11:20 | INFO |   tau::t_34: -0.2339
2026-04-08 16:11:20 | INFO |   tau::t_35: -0.2240
2026-04-08 16:11:20 | INFO |   tau::t_36: -0.2373
2026-04-08 16:11:20 | INFO |   tau::t_37: -0.1991
2026-04-08 16:11:20 | INFO |   tau::t_38: -0.1377
2026-04-08 16:11:20 | INFO |   tau::t_39: -0.1516
2026-04-08 16:11:20 | INFO |   tau::t_40: -0.0744
2026-04-08 16:11:20 | INFO |   tau::t_41: -0.0475
2026-04-08 16:11:20 | INFO |   tau::t_42: 0.0159
2026-04-08 16:11:20 | INFO |   tau::t_43: -0.0339
2026-04-08 16:11:20 | INFO |   tau::t_44: 0.1538
2026-04-08 16:11:20 | INFO |   tau::t_45: 0.1044
2026-04-08 16:11:20 | INFO |   tau::t_46: 0.1112
2026-04-08 16:11:20 | INFO |   tau::t_47: 0.0155
2026-04-08 16:11:20 | INFO |   tau::t_48: 0.0934
2026-04-08 16:11:20 | INFO |   tau::t_49: 0.1701
2026-04-08 16:11:20 | INFO |   tau::t_50: 0.1383
2026-04-08 16:11:20 | INFO |   tau::t_51: 0.1128
2026-04-08 16:11:20 | INFO |   tau::t_52: 0.1020
2026-04-08 16:11:20 | INFO |   tau::t_53: 0.0921
2026-04-08 16:11:20 | INFO |   tau::t_54: 0.0221
2026-04-08 16:11:20 | INFO |   tau::t_55: -0.1011
2026-04-08 16:11:20 | INFO |   tau::t_56: -0.0127
2026-04-08 16:11:20 | INFO |   tau::t_57: -0.0720
2026-04-08 16:11:20 | INFO |   tau::t_58: -0.1522
2026-04-08 16:11:20 | INFO |   tau::t_59: -0.2272
2026-04-08 16:11:20 | INFO |   tau::t_60: -0.2319
2026-04-08 16:11:20 | INFO |   tau::t_61: -0.2727
2026-04-08 16:11:20 | INFO |   tau::t_62: -0.2444
2026-04-08 16:11:20 | INFO |   tau::t_63: -0.2441
2026-04-08 16:11:20 | INFO |   tau::t_64: -0.2967
2026-04-08 16:11:20 | INFO |   tau::t_65: -0.3155
2026-04-08 16:11:20 | INFO |   tau::t_66: -0.3011
2026-04-08 16:11:20 | INFO |   tau::t_67: -0.3273
2026-04-08 16:11:20 | INFO |   tau::t_68: -0.3441
2026-04-08 16:11:20 | INFO |   tau::t_69: -0.2473
2026-04-08 16:11:20 | INFO |   tau::t_70: -0.4312
2026-04-08 16:11:20 | INFO |   tau::t_71: -0.3762
2026-04-08 16:11:20 | INFO |   tau::t_72: -0.5179
2026-04-08 16:11:20 | INFO |   tau::t_73: -0.5198
2026-04-08 16:11:20 | INFO |   tau::t_74: -0.5518
2026-04-08 16:11:20 | INFO |   tau::t_75: -0.6328
2026-04-08 16:11:20 | INFO |   tau::t_76: -0.5084
2026-04-08 16:11:20 | INFO |   tau::t_77: -0.4942
2026-04-08 16:11:20 | INFO |   tau::t_78: -0.4404
2026-04-08 16:11:20 | INFO |   tau::t_79: -0.3065
2026-04-08 16:11:20 | INFO |   tau::t_80: -0.2195
2026-04-08 16:11:20 | INFO |   tau::t_81: -0.1444
2026-04-08 16:11:20 | INFO |   tau::t_82: -0.0854
2026-04-08 16:11:20 | INFO |   tau::t_83: -0.0638
2026-04-08 16:11:20 | INFO |   tau::t_84: -0.0291
2026-04-08 16:11:20 | INFO |   tau::t_85: 0.0899
2026-04-08 16:11:20 | INFO |   tau::t_86: 0.0680
2026-04-08 16:11:20 | INFO |   tau::t_87: 0.0929
2026-04-08 16:11:20 | INFO |   tau::t_88: 0.0349
2026-04-08 16:11:20 | INFO |   tau::t_89: 0.0324
2026-04-08 16:11:20 | INFO |   tau::t_90: 0.0409
2026-04-08 16:11:20 | INFO |   tau::t_91: 0.0195
2026-04-08 16:11:20 | INFO |   tau::t_92: -0.0430
2026-04-08 16:11:20 | INFO |   tau::t_93: -0.0482
2026-04-08 16:11:20 | INFO |   tau::t_94: -0.0214
2026-04-08 16:11:20 | INFO |   tau::t_95: -0.2016
2026-04-08 16:11:20 | INFO |   tau::t_96: 0.0747
2026-04-08 16:11:20 | INFO |   tau::t_97: -0.0126
2026-04-08 16:11:20 | INFO |   tau::t_98: -0.0276
2026-04-08 16:11:20 | INFO |   tau::t_99: -0.0691
2026-04-08 16:11:20 | INFO |   tau::t_100: -0.0355
2026-04-08 16:11:20 | INFO |   tau::t_101: 0.0519
2026-04-08 16:11:20 | INFO |   tau::t_102: 0.0431
2026-04-08 16:11:20 | INFO |   tau::t_103: 0.0562
2026-04-08 16:11:20 | INFO |   tau::t_104: 0.1373
2026-04-08 16:11:20 | INFO |   tau::t_105: 0.1867
2026-04-08 16:11:20 | INFO |   tau::t_106: 0.1731
2026-04-08 16:11:20 | INFO |   tau::t_107: 0.1436
2026-04-08 16:11:20 | INFO |   tau::t_108: 0.0673
2026-04-08 16:11:20 | INFO |   tau::t_109: 0.0199
2026-04-08 16:11:20 | INFO |   tau::t_110: -0.0664
2026-04-08 16:11:20 | INFO |   tau::t_111: -0.0741
2026-04-08 16:11:20 | INFO |   tau::t_112: -0.1670
2026-04-08 16:11:20 | INFO |   tau::t_113: -0.2278
2026-04-08 16:11:20 | INFO |   tau::t_114: -0.3232
2026-04-08 16:11:20 | INFO |   tau::t_115: -0.2781
2026-04-08 16:11:20 | INFO |   tau::t_116: -0.4148
2026-04-08 16:11:20 | INFO |   tau::t_117: -0.4086
2026-04-08 16:11:20 | INFO |   tau::t_118: -0.2520
2026-04-08 16:11:20 | INFO |   tau::t_119: -0.5122
2026-04-08 16:11:20 | INFO |   beta: -0.0284
2026-04-08 16:11:20 | INFO |   interaction::contiguity: 1.3663
2026-04-08 16:11:20 | INFO |   eta: 0.2556
2026-04-08 16:11:20 | INFO |   zeta: -0.0566
2026-04-08 16:11:20 | INFO |   psi: 2.1306
2026-04-08 16:11:20 | INFO | Saved summary tables to C:\Users\phevo\Documents\MIT\Code\MPLE-Causal-Inference\experiments\USCountyVaccination_US_features_new_trimmed\outcome_death_rate_100k_ge_2__intervention_complete_cov_ge_40__lag_3w__contiguity\mple_summary.csv and C:\Users\phevo\Documents\MIT\Code\MPLE-Causal-Inference\experiments\USCountyVaccination_US_features_new_trimmed\outcome_death_rate_100k_ge_2__intervention_complete_cov_ge_40__lag_3w__contiguity\mple_summary.md
2026-04-08 16:11:20 | INFO | Log saved to C:\Users\phevo\Documents\MIT\Code\MPLE-Causal-Inference\experiments\USCountyVaccination_US_features_new_trimmed\outcome_death_rate_100k_ge_2__intervention_complete_cov_ge_40__lag_3w__contiguity\mple.log
