2026-04-25 15:05:21 | INFO | Loading data...
2026-04-25 15:05:21 | INFO | Using panel artifact: /orcd/home/002/phevosp/MPLE-Causal-Inference/experiments/USCountyVaccination_US_trimmed/outcome_death_rate_100k_ge_2__intervention_complete_cov_ge_40__lag_2w__contiguity__start_2020_03_01/panel_data.npz
2026-04-25 15:05:21 | INFO | Using x_0 artifact: /orcd/home/002/phevosp/MPLE-Causal-Inference/experiments/USCountyVaccination_US_trimmed/outcome_death_rate_100k_ge_2__intervention_complete_cov_ge_40__lag_2w__contiguity__start_2020_03_01/x_0.npy
2026-04-25 15:05:21 | INFO | Using fit config: /orcd/home/002/phevosp/MPLE-Causal-Inference/experiments/USCountyVaccination_US_trimmed/outcome_death_rate_100k_ge_2__intervention_complete_cov_ge_40__lag_2w__contiguity__start_2020_03_01/fits/alternating_rank_20_lambda_25_beta_mask/fit_realized_config.yaml
2026-04-25 15:05:21 | INFO | Using model artifact directory: /orcd/home/002/phevosp/MPLE-Causal-Inference/experiments/USCountyVaccination_US_trimmed/outcome_death_rate_100k_ge_2__intervention_complete_cov_ge_40__lag_2w__contiguity__start_2020_03_01
2026-04-25 15:05:21 | INFO | Using truth artifact directory: /orcd/home/002/phevosp/MPLE-Causal-Inference/experiments/USCountyVaccination_US_trimmed/outcome_death_rate_100k_ge_2__intervention_complete_cov_ge_40__lag_2w__contiguity__start_2020_03_01
2026-04-25 15:05:21 | INFO | Configured optimizer mode: alternating_latent_rank
2026-04-25 15:05:21 | INFO | Configured latent rank: 20
2026-04-25 15:05:21 | INFO | Using a fixed known graph with scalar xi.
2026-04-25 15:05:21 | INFO | Fit-time hard bounds active: False
2026-04-25 15:05:21 | INFO | Fixed scalar parameters: {}
2026-04-25 15:05:21 | INFO | Beta mask before s: True
2026-04-25 15:05:21 | INFO | Optimizer settings: steps=20000, tol=1e-09, n_starts=1, seed=0, lambda_nuclear=0.0, lambda_frobenius=0.0, lambda_uv_ridge=25.0, proximal_lr=1.0
2026-04-25 15:05:21 | INFO | Alternating low-rank start 1/1 | seed=0 | initial_loss=0.691927 | initial_penalized=0.737047
2026-04-25 15:05:21 | INFO | Alternating low-rank iter 0 | Loss: 0.513285 | Penalized: 0.537370
2026-04-25 15:05:34 | INFO | Alternating low-rank iter 100 | Loss: 0.439862 | Penalized: 0.479081
2026-04-25 15:05:45 | INFO | Alternating low-rank iter 200 | Loss: 0.440319 | Penalized: 0.478811
2026-04-25 15:05:56 | INFO | Done fitting.
2026-04-25 15:05:56 | INFO | Optimizer status: CONVERGED: alternating objective tolerance reached
2026-04-25 15:05:56 | INFO | Best optimizer start: 1 / 1
2026-04-25 15:05:56 | INFO | Final Loss: 0.440362
2026-04-25 15:05:56 | INFO | Estimated Parameters:
2026-04-25 15:05:56 | INFO |   beta: 0.0134
2026-04-25 15:05:56 | INFO |   xi: 1.9432
2026-04-25 15:05:56 | INFO |   eta: 0.2654
2026-04-25 15:05:56 | INFO | Alternating low-rank optimizer diagnostics:
2026-04-25 15:05:56 | INFO |   penalized_objective: 0.478810
2026-04-25 15:05:56 | INFO |   mple_loss_without_penalty: 0.440362
2026-04-25 15:05:56 | INFO |   lambda_uv_ridge: 25.000000
2026-04-25 15:05:56 | INFO |   u_frobenius_norm: 16.312076
2026-04-25 15:05:56 | INFO |   v_frobenius_norm: 16.312072
2026-04-25 15:05:56 | INFO |   effective_rank: 20.000000
2026-04-25 15:05:56 | INFO | Field and interaction diagnostics:
2026-04-25 15:05:56 | INFO |   estimated_field_max_abs_entry: 0.886078
2026-04-25 15:05:56 | INFO |   estimated_field_rank: 20.000000
2026-04-25 15:05:56 | INFO | Saved summary tables to /orcd/home/002/phevosp/MPLE-Causal-Inference/experiments/USCountyVaccination_US_trimmed/outcome_death_rate_100k_ge_2__intervention_complete_cov_ge_40__lag_2w__contiguity__start_2020_03_01/fits/alternating_rank_20_lambda_25_beta_mask/mple_summary.csv and /orcd/home/002/phevosp/MPLE-Causal-Inference/experiments/USCountyVaccination_US_trimmed/outcome_death_rate_100k_ge_2__intervention_complete_cov_ge_40__lag_2w__contiguity__start_2020_03_01/fits/alternating_rank_20_lambda_25_beta_mask/mple_summary.md
2026-04-25 15:05:56 | INFO | Log saved to /orcd/home/002/phevosp/MPLE-Causal-Inference/experiments/USCountyVaccination_US_trimmed/outcome_death_rate_100k_ge_2__intervention_complete_cov_ge_40__lag_2w__contiguity__start_2020_03_01/fits/alternating_rank_20_lambda_25_beta_mask/mple.log
