2026-04-06 09:09:54 | INFO | Loading data...
2026-04-06 09:09:54 | INFO | Loaded 9 field templates and 1 interaction templates.
2026-04-06 09:09:54 | INFO | Intervention-process model enabled: False
2026-04-06 09:09:54 | INFO | Running conditional-model MPLE on x with shape=(15, 9642)
2026-04-06 09:09:54 | INFO | Eval 0  |  Loss: 0.761660
2026-04-06 09:09:54 | INFO |   field::intercept: +0.0126,  field::total_pop: -0.0132,  field::black_share: +0.0640,  field::hispanic_share: +0.0105,  field::male_1521_share: -0.0536,  field::family_household_share: +0.0362,  field::female_household_share: +0.1304,  field::renter_share: +0.0947,  field::vacant_share: -0.0704,  tau block: mean=-0.0323, std=0.0897, min=-0.2325, max=+0.1366,  beta: +0.0903,  interaction::centroid_distance_kernel_16: +0.0094,  eta: -0.0743
2026-04-06 09:09:56 | INFO | Eval 100  |  Loss: 0.634323
2026-04-06 09:09:56 | INFO |   field::intercept: +0.2738,  field::total_pop: -1.0038,  field::black_share: -0.0958,  field::hispanic_share: -0.0349,  field::male_1521_share: -0.0348,  field::family_household_share: +0.0224,  field::female_household_share: -0.0211,  field::renter_share: -0.1015,  field::vacant_share: -0.1578,  tau block: mean=-0.0149, std=0.0574, min=-0.0942, max=+0.0770,  beta: +0.0499,  interaction::centroid_distance_kernel_16: +0.5427,  eta: +0.0792
2026-04-06 09:09:56 | INFO | Done fitting.
2026-04-06 09:09:56 | INFO | Optimizer status: CONVERGENCE: RELATIVE REDUCTION OF F <= FACTR*EPSMCH
2026-04-06 09:09:56 | INFO | Final Loss: 0.634323
2026-04-06 09:09:56 | INFO | Estimated Parameters:
2026-04-06 09:09:56 | INFO |   field::intercept: 0.2787
2026-04-06 09:09:56 | INFO |   field::total_pop: -1.0108
2026-04-06 09:09:56 | INFO |   field::black_share: -0.0955
2026-04-06 09:09:56 | INFO |   field::hispanic_share: -0.0370
2026-04-06 09:09:56 | INFO |   field::male_1521_share: -0.0370
2026-04-06 09:09:56 | INFO |   field::family_household_share: 0.0228
2026-04-06 09:09:56 | INFO |   field::female_household_share: -0.0235
2026-04-06 09:09:56 | INFO |   field::renter_share: -0.1011
2026-04-06 09:09:56 | INFO |   field::vacant_share: -0.1782
2026-04-06 09:09:56 | INFO |   tau::t_0: 0.0552
2026-04-06 09:09:56 | INFO |   tau::t_1: -0.0478
2026-04-06 09:09:56 | INFO |   tau::t_2: -0.0268
2026-04-06 09:09:56 | INFO |   tau::t_3: 0.0627
2026-04-06 09:09:56 | INFO |   tau::t_4: 0.0418
2026-04-06 09:09:56 | INFO |   tau::t_5: 0.0066
2026-04-06 09:09:56 | INFO |   tau::t_6: -0.0064
2026-04-06 09:09:56 | INFO |   tau::t_7: 0.0359
2026-04-06 09:09:56 | INFO |   tau::t_8: -0.0136
2026-04-06 09:09:56 | INFO |   tau::t_9: -0.0941
2026-04-06 09:09:56 | INFO |   tau::t_10: -0.0746
2026-04-06 09:09:56 | INFO |   tau::t_11: -0.0597
2026-04-06 09:09:56 | INFO |   tau::t_12: -0.0826
2026-04-06 09:09:56 | INFO |   tau::t_13: -0.0935
2026-04-06 09:09:56 | INFO |   tau::t_14: 0.0776
2026-04-06 09:09:56 | INFO |   beta: 0.0550
2026-04-06 09:09:56 | INFO |   interaction::centroid_distance_kernel_16: 0.5420
2026-04-06 09:09:56 | INFO |   eta: 0.0792
2026-04-06 09:09:57 | INFO | Saved summary tables to C:\Users\phevo\Documents\MIT\Code\MPLE-Causal-Inference\experiments\SeattleDMI_outcome_only\any_crime_gt_block_mean_pm1__centroid_distance_kernel_16\mple_summary.csv and C:\Users\phevo\Documents\MIT\Code\MPLE-Causal-Inference\experiments\SeattleDMI_outcome_only\any_crime_gt_block_mean_pm1__centroid_distance_kernel_16\mple_summary.md
2026-04-06 09:09:57 | INFO | Log saved to C:\Users\phevo\Documents\MIT\Code\MPLE-Causal-Inference\experiments\SeattleDMI_outcome_only\any_crime_gt_block_mean_pm1__centroid_distance_kernel_16\mple.log
