2026-04-29 16:39:58 | INFO | Loading data...
2026-04-29 16:39:58 | INFO | Using panel artifact: /orcd/home/002/phevosp/MPLE-Causal-Inference/experiments/SyntheticHybridExperiments/hybrid_us_county_intervention_uscounty_graph_confounding_strong/panel_data.npz
2026-04-29 16:39:58 | INFO | Using x_0 artifact: /orcd/home/002/phevosp/MPLE-Causal-Inference/experiments/SyntheticHybridExperiments/hybrid_us_county_intervention_uscounty_graph_confounding_strong/x_0.npy
2026-04-29 16:39:58 | INFO | Using fit config: /orcd/home/002/phevosp/MPLE-Causal-Inference/experiments/SyntheticHybridExperiments/hybrid_us_county_intervention_uscounty_graph_confounding_strong/fits/base/fit_realized_config.yaml
2026-04-29 16:39:58 | INFO | Using model artifact directory: /orcd/home/002/phevosp/MPLE-Causal-Inference/experiments/SyntheticHybridExperiments/hybrid_us_county_intervention_uscounty_graph_confounding_strong
2026-04-29 16:39:58 | INFO | Using truth artifact directory: /orcd/home/002/phevosp/MPLE-Causal-Inference/experiments/SyntheticHybridExperiments/hybrid_us_county_intervention_uscounty_graph_confounding_strong
2026-04-29 16:39:58 | INFO | Configured optimizer mode: no_external_field
2026-04-29 16:39:58 | INFO | Configured latent rank: 0
2026-04-29 16:39:58 | INFO | Using a fixed known graph with scalar xi.
2026-04-29 16:39:58 | INFO | Fit-time hard bounds active: False
2026-04-29 16:39:58 | INFO | Fixed scalar parameters: {}
2026-04-29 16:39:58 | INFO | Warm-start fixed scalars: {} for 0 steps
2026-04-29 16:39:58 | INFO | Beta mask before s: False with s=55
2026-04-29 16:39:58 | INFO | Beta mask after e: False with e=120
2026-04-29 16:39:58 | INFO | Ignoring v_column_l2_max=1.0 for optimizer_mode=no_external_field
2026-04-29 16:39:58 | INFO | Optimizer settings: steps=20000, tol=1e-09, n_starts=1, seed=0, lambda_nuclear=0.0, lambda_frobenius=0.0, lambda_uv_ridge=0.0, v_column_l2_max=1.0, proximal_lr=1.0
2026-04-29 16:39:58 | INFO | Done fitting.
2026-04-29 16:39:58 | INFO | Optimizer status: Optimization terminated successfully.
2026-04-29 16:39:58 | INFO | Best optimizer start: 1 / 1
2026-04-29 16:39:58 | INFO | Final Loss: 0.300560
2026-04-29 16:39:58 | INFO | Estimated vs True Parameters:
2026-04-29 16:39:58 | INFO |   beta: 0.4594 (True: -0.3000) | SQE: 0.576702
2026-04-29 16:39:58 | INFO |   xi: 1.2451 (True: 0.8000) | SQE: 0.198092
2026-04-29 16:39:58 | INFO |   eta: 0.4453 (True: 0.3000) | SQE: 0.021104
2026-04-29 16:39:58 | INFO | Field and interaction diagnostics:
2026-04-29 16:39:58 | INFO |   field_rmse: 1.250000
2026-04-29 16:39:58 | INFO |   interaction_fro_error: 4.208925
2026-04-29 16:39:58 | INFO |   estimated_field_max_abs_entry: 0.000000
2026-04-29 16:39:58 | INFO |   estimated_field_rank: 0.000000
2026-04-29 16:39:58 | INFO |   true_field_max_abs_entry: 4.453513
2026-04-29 16:39:58 | INFO |   true_field_rank: 3.000000
2026-04-29 16:39:58 | INFO | Saved summary table to /orcd/home/002/phevosp/MPLE-Causal-Inference/experiments/SyntheticHybridExperiments/hybrid_us_county_intervention_uscounty_graph_confounding_strong/fits/base/mple_summary.csv
2026-04-29 16:39:58 | INFO | Log saved to /orcd/home/002/phevosp/MPLE-Causal-Inference/experiments/SyntheticHybridExperiments/hybrid_us_county_intervention_uscounty_graph_confounding_strong/fits/base/mple.log
