2026-07-26 05:57:36 | INFO | Loading data...
2026-07-26 05:57:36 | INFO | Using panel artifact: /orcd/home/002/phevosp/MPLE-Causal-Inference/experiments/SyntheticNoInterference/synth_no_interference/panel_data.npz
2026-07-26 05:57:36 | INFO | Using x_0 artifact: /orcd/home/002/phevosp/MPLE-Causal-Inference/experiments/SyntheticNoInterference/synth_no_interference/x_0.npy
2026-07-26 05:57:36 | INFO | Using fit config: /orcd/home/002/phevosp/MPLE-Causal-Inference/experiments/SyntheticNoInterference/synth_no_interference/cv_runs_baselines/treatment_split/candidates/treatment_split_candidate_0009/fold_4/fit_realized_config.yaml
2026-07-26 05:57:36 | INFO | Using model artifact directory: /orcd/home/002/phevosp/MPLE-Causal-Inference/experiments/SyntheticNoInterference/synth_no_interference
2026-07-26 05:57:36 | INFO | Using truth artifact directory: /orcd/home/002/phevosp/MPLE-Causal-Inference/experiments/SyntheticNoInterference/synth_no_interference
2026-07-26 05:57:36 | INFO | Using loss mask artifact: /orcd/home/002/phevosp/MPLE-Causal-Inference/experiments/SyntheticNoInterference/synth_no_interference/cv_runs_baselines/treatment_split/candidates/treatment_split_candidate_0009/fold_4/loss_mask.npy
2026-07-26 05:57:36 | INFO | Configured optimizer mode: alternating_treatment_split_latent_rank
2026-07-26 05:57:36 | INFO | Configured latent rank: 3
2026-07-26 05:57:36 | INFO | Using a fixed known graph with scalar xi.
2026-07-26 05:57:36 | INFO | Fit-time hard bounds active: False
2026-07-26 05:57:36 | INFO | Fixed scalar parameters: {'beta': 0.0, 'xi': 0.0, 'eta': 0.0}
2026-07-26 05:57:36 | INFO | Warm-start fixed scalars: {} for 0 steps
2026-07-26 05:57:36 | INFO | Beta-gradient mask before s: False with s=0
2026-07-26 05:57:36 | INFO | Beta-gradient mask after e: False with e=11
2026-07-26 05:57:36 | INFO | Alternating V-column L2-ball constraint active with radius 1.0
2026-07-26 05:57:36 | INFO | Optimizer settings: steps=2000, tol=1e-07, n_starts=1, seed=0, lambda_nuclear=0.0, lambda_frobenius=0.0, lambda_uv_ridge=0.01, v_column_l2_max=1.0, proximal_lr=1.0
2026-07-26 05:57:36 | INFO | Treatment-split alternating low-rank start 1/1 | seed=0 | initial_loss=0.693201 | initial_penalized=0.693207
2026-07-26 05:57:36 | INFO | Treatment-split alternating low-rank iter 0 | Loss: 0.678807 | Penalized: 0.678845
2026-07-26 05:57:38 | INFO | Treatment-split alternating low-rank iter 100 | Loss: 0.452927 | Penalized: 0.480513
2026-07-26 05:57:40 | INFO | Treatment-split alternating low-rank iter 200 | Loss: 0.450244 | Penalized: 0.478666
2026-07-26 05:57:43 | INFO | Treatment-split alternating low-rank iter 300 | Loss: 0.450202 | Penalized: 0.478608
2026-07-26 05:57:45 | INFO | Treatment-split alternating low-rank iter 400 | Loss: 0.450205 | Penalized: 0.478602
2026-07-26 05:57:47 | INFO | Treatment-split alternating low-rank iter 500 | Loss: 0.450206 | Penalized: 0.478599
2026-07-26 05:57:50 | INFO | Treatment-split alternating low-rank iter 600 | Loss: 0.450206 | Penalized: 0.478597
2026-07-26 05:57:52 | INFO | Treatment-split alternating low-rank iter 700 | Loss: 0.450207 | Penalized: 0.478597
2026-07-26 05:57:54 | INFO | Treatment-split alternating low-rank iter 800 | Loss: 0.450208 | Penalized: 0.478596
2026-07-26 05:57:56 | INFO | Treatment-split alternating low-rank iter 900 | Loss: 0.450208 | Penalized: 0.478596
2026-07-26 05:57:59 | INFO | Treatment-split alternating low-rank iter 1000 | Loss: 0.450209 | Penalized: 0.478596
2026-07-26 05:58:01 | INFO | Treatment-split alternating low-rank iter 1100 | Loss: 0.450210 | Penalized: 0.478596
2026-07-26 05:58:03 | INFO | Treatment-split alternating low-rank iter 1200 | Loss: 0.450211 | Penalized: 0.478596
2026-07-26 05:58:05 | INFO | Treatment-split alternating low-rank iter 1300 | Loss: 0.450211 | Penalized: 0.478596
2026-07-26 05:58:08 | INFO | Treatment-split alternating low-rank iter 1400 | Loss: 0.450212 | Penalized: 0.478595
2026-07-26 05:58:10 | INFO | Treatment-split alternating low-rank iter 1500 | Loss: 0.450213 | Penalized: 0.478595
2026-07-26 05:58:12 | INFO | Treatment-split alternating low-rank iter 1600 | Loss: 0.450213 | Penalized: 0.478595
2026-07-26 05:58:14 | INFO | Treatment-split alternating low-rank iter 1700 | Loss: 0.450214 | Penalized: 0.478595
2026-07-26 05:58:17 | INFO | Treatment-split alternating low-rank iter 1800 | Loss: 0.450214 | Penalized: 0.478595
2026-07-26 05:58:19 | INFO | Treatment-split alternating low-rank iter 1900 | Loss: 0.450215 | Penalized: 0.478595
2026-07-26 05:58:21 | INFO | Done fitting.
2026-07-26 05:58:21 | INFO | Optimizer status: STOP: TOTAL NO. OF OUTER ITERATIONS REACHED LIMIT
2026-07-26 05:58:21 | INFO | Best optimizer start: 1 / 1
2026-07-26 05:58:21 | INFO | Final Loss: 0.450118
2026-07-26 05:58:21 | INFO | Estimated vs True Parameters:
2026-07-26 05:58:21 | INFO |   beta: 0.0000 (True: -0.3000) | SQE: 0.090000
2026-07-26 05:58:21 | INFO |   xi: 0.0000 (True: 0.0000) | SQE: 0.000000
2026-07-26 05:58:21 | INFO |   eta: 0.0000 (True: 0.3000) | SQE: 0.090000
2026-07-26 05:58:21 | INFO | Treatment-split alternating low-rank optimizer diagnostics:
2026-07-26 05:58:21 | INFO |   penalized_objective: 0.478493
2026-07-26 05:58:21 | INFO |   mple_loss_without_penalty: 0.450118
2026-07-26 05:58:21 | INFO |   lambda_uv_ridge: 0.010000
2026-07-26 05:58:21 | INFO |   u_frobenius_norm: 2.449490
2026-07-26 05:58:21 | INFO |   v_frobenius_norm: 206.485893
2026-07-26 05:58:21 | INFO |   effective_rank: 50.000000
2026-07-26 05:58:21 | INFO | Field and interaction diagnostics:
2026-07-26 05:58:21 | INFO |   field_rmse: 0.826448
2026-07-26 05:58:21 | INFO |   interaction_fro_error: 0.000000
2026-07-26 05:58:21 | INFO |   estimated_field_max_abs_entry: 4.146618
2026-07-26 05:58:21 | INFO |   estimated_field_rank: 50.000000
2026-07-26 05:58:21 | INFO |   true_field_max_abs_entry: 4.447602
2026-07-26 05:58:21 | INFO |   true_field_rank: 3.000000
2026-07-26 05:58:21 | INFO | Saved summary table to /orcd/home/002/phevosp/MPLE-Causal-Inference/experiments/SyntheticNoInterference/synth_no_interference/cv_runs_baselines/treatment_split/candidates/treatment_split_candidate_0009/fold_4/mple_summary.csv
2026-07-26 05:58:21 | INFO | Log saved to /orcd/home/002/phevosp/MPLE-Causal-Inference/experiments/SyntheticNoInterference/synth_no_interference/cv_runs_baselines/treatment_split/candidates/treatment_split_candidate_0009/fold_4/mple.log
