2026-07-26 06:06:57 | INFO | Loading data...
2026-07-26 06:06:57 | INFO | Using panel artifact: /orcd/home/002/phevosp/MPLE-Causal-Inference/experiments/Synthetic/confounding_strong/panel_data.npz
2026-07-26 06:06:57 | INFO | Using x_0 artifact: /orcd/home/002/phevosp/MPLE-Causal-Inference/experiments/Synthetic/confounding_strong/x_0.npy
2026-07-26 06:06:57 | INFO | Using fit config: /orcd/home/002/phevosp/MPLE-Causal-Inference/experiments/Synthetic/confounding_strong/cv_runs_baselines/treatment_shared_unit/candidates/treatment_shared_unit_candidate_0013/fold_5/fit_realized_config.yaml
2026-07-26 06:06:57 | INFO | Using model artifact directory: /orcd/home/002/phevosp/MPLE-Causal-Inference/experiments/Synthetic/confounding_strong
2026-07-26 06:06:57 | INFO | Using truth artifact directory: /orcd/home/002/phevosp/MPLE-Causal-Inference/experiments/Synthetic/confounding_strong
2026-07-26 06:06:57 | INFO | Using loss mask artifact: /orcd/home/002/phevosp/MPLE-Causal-Inference/experiments/Synthetic/confounding_strong/cv_runs_baselines/treatment_shared_unit/candidates/treatment_shared_unit_candidate_0013/fold_5/loss_mask.npy
2026-07-26 06:06:57 | INFO | Configured optimizer mode: alternating_treatment_shared_unit_latent_rank
2026-07-26 06:06:57 | INFO | Configured latent rank: 5
2026-07-26 06:06:57 | INFO | Using a fixed known graph with scalar xi.
2026-07-26 06:06:57 | INFO | Fit-time hard bounds active: False
2026-07-26 06:06:57 | INFO | Fixed scalar parameters: {'beta': 0.0, 'xi': 0.0, 'eta': 0.0}
2026-07-26 06:06:57 | INFO | Warm-start fixed scalars: {} for 0 steps
2026-07-26 06:06:57 | INFO | Beta-gradient mask before s: False with s=0
2026-07-26 06:06:57 | INFO | Beta-gradient mask after e: False with e=11
2026-07-26 06:06:57 | INFO | Alternating V-column L2-ball constraint active with radius 1.0
2026-07-26 06:06:57 | INFO | Optimizer settings: steps=2000, tol=1e-07, n_starts=1, seed=0, lambda_nuclear=0.0, lambda_frobenius=0.0, lambda_uv_ridge=0.001, v_column_l2_max=1.0, proximal_lr=1.0
2026-07-26 06:06:57 | INFO | Treatment-shared-unit alternating low-rank start 1/1 | seed=0 | initial_loss=0.693183 | initial_penalized=0.693183
2026-07-26 06:06:57 | INFO | Treatment-shared-unit alternating low-rank iter 0 | Loss: 0.678813 | Penalized: 0.678817
2026-07-26 06:07:00 | INFO | Treatment-shared-unit alternating low-rank iter 100 | Loss: 0.398052 | Penalized: 0.408442
2026-07-26 06:07:03 | INFO | Treatment-shared-unit alternating low-rank iter 200 | Loss: 0.393941 | Penalized: 0.406701
2026-07-26 06:07:05 | INFO | Treatment-shared-unit alternating low-rank iter 300 | Loss: 0.392860 | Penalized: 0.406268
2026-07-26 06:07:07 | INFO | Treatment-shared-unit alternating low-rank iter 400 | Loss: 0.392249 | Penalized: 0.405888
2026-07-26 06:07:09 | INFO | Treatment-shared-unit alternating low-rank iter 500 | Loss: 0.390588 | Penalized: 0.404654
2026-07-26 06:07:12 | INFO | Treatment-shared-unit alternating low-rank iter 600 | Loss: 0.389924 | Penalized: 0.404370
2026-07-26 06:07:14 | INFO | Treatment-shared-unit alternating low-rank iter 700 | Loss: 0.389425 | Penalized: 0.403992
2026-07-26 06:07:17 | INFO | Treatment-shared-unit alternating low-rank iter 800 | Loss: 0.389183 | Penalized: 0.403839
2026-07-26 06:07:19 | INFO | Treatment-shared-unit alternating low-rank iter 900 | Loss: 0.388930 | Penalized: 0.403651
2026-07-26 06:07:22 | INFO | Treatment-shared-unit alternating low-rank iter 1000 | Loss: 0.388605 | Penalized: 0.403354
2026-07-26 06:07:23 | INFO | Done fitting.
2026-07-26 06:07:23 | INFO | Optimizer status: CONVERGED: alternating treatment objective tolerance reached
2026-07-26 06:07:23 | INFO | Best optimizer start: 1 / 1
2026-07-26 06:07:23 | INFO | Final Loss: 0.388395
2026-07-26 06:07:23 | INFO | Estimated vs True Parameters:
2026-07-26 06:07:23 | INFO |   beta: 0.0000 (True: -0.3000) | SQE: 0.090000
2026-07-26 06:07:23 | INFO |   xi: 0.0000 (True: 0.8000) | SQE: 0.640000
2026-07-26 06:07:23 | INFO |   eta: 0.0000 (True: 0.3000) | SQE: 0.090000
2026-07-26 06:07:23 | INFO | Treatment-shared-unit alternating low-rank optimizer diagnostics:
2026-07-26 06:07:23 | INFO |   penalized_objective: 0.403176
2026-07-26 06:07:23 | INFO |   mple_loss_without_penalty: 0.388395
2026-07-26 06:07:23 | INFO |   lambda_uv_ridge: 0.001000
2026-07-26 06:07:23 | INFO |   u_frobenius_norm: 2.236068
2026-07-26 06:07:23 | INFO |   v_frobenius_norm: 471.257070
2026-07-26 06:07:23 | INFO |   effective_rank: 50.000000
2026-07-26 06:07:23 | INFO | Field and interaction diagnostics:
2026-07-26 06:07:23 | INFO |   field_rmse: 1.788917
2026-07-26 06:07:23 | INFO |   interaction_fro_error: 2.834194
2026-07-26 06:07:23 | INFO |   estimated_field_max_abs_entry: 15.208523
2026-07-26 06:07:23 | INFO |   estimated_field_rank: 50.000000
2026-07-26 06:07:23 | INFO |   true_field_max_abs_entry: 4.447602
2026-07-26 06:07:23 | INFO |   true_field_rank: 3.000000
2026-07-26 06:07:23 | INFO | Saved summary table to /orcd/home/002/phevosp/MPLE-Causal-Inference/experiments/Synthetic/confounding_strong/cv_runs_baselines/treatment_shared_unit/candidates/treatment_shared_unit_candidate_0013/fold_5/mple_summary.csv
2026-07-26 06:07:23 | INFO | Log saved to /orcd/home/002/phevosp/MPLE-Causal-Inference/experiments/Synthetic/confounding_strong/cv_runs_baselines/treatment_shared_unit/candidates/treatment_shared_unit_candidate_0013/fold_5/mple.log
