2026-04-01 10:20:23 | INFO | Loading data...
2026-04-01 10:20:23 | INFO | Loaded 1 field templates and 1 interaction templates.
2026-04-01 10:20:23 | INFO | Running conditional-model MPLE on x with shape=(100, 1000)
2026-04-01 10:20:23 | INFO | Eval 0  |  Loss: 0.623614
2026-04-01 10:20:23 | INFO |   field::intercept: +0.0126,  beta: -0.0132,  interaction::adjacency: +0.0640,  eta: +0.0105,  zeta: -0.0536,  psi: +0.0362
2026-04-01 10:20:24 | INFO | Done fitting.
2026-04-01 10:20:24 | INFO | Optimizer status: CONVERGENCE: RELATIVE REDUCTION OF F <= FACTR*EPSMCH
2026-04-01 10:20:24 | INFO | Final Loss: 0.170389
2026-04-01 10:20:24 | INFO | Estimated vs True Parameters:
2026-04-01 10:20:24 | INFO |   field::intercept: 1.0121 (True: 1.0000)
2026-04-01 10:20:24 | INFO |   field::intercept SQE: 0.000146
2026-04-01 10:20:24 | INFO |   beta: 1.1090 (True: 1.1000)
2026-04-01 10:20:24 | INFO |   beta SQE: 0.000081
2026-04-01 10:20:24 | INFO |   interaction::adjacency: 1.9888 (True: 2.0000)
2026-04-01 10:20:24 | INFO |   interaction::adjacency SQE: 0.000125
2026-04-01 10:20:24 | INFO |   eta: 0.6771 (True: 0.7000)
2026-04-01 10:20:24 | INFO |   eta SQE: 0.000522
2026-04-01 10:20:24 | INFO |   zeta: -0.9995 (True: -1.0000)
2026-04-01 10:20:24 | INFO |   zeta SQE: 0.000000
2026-04-01 10:20:24 | INFO |   psi: 0.3990 (True: 0.4000)
2026-04-01 10:20:24 | INFO |   psi SQE: 0.000001
2026-04-01 10:20:24 | INFO | Saved summary tables to C:\Users\phevo\Documents\MIT\Code\MPLE-Causal-Inference\experiments\n1000_t100_low_temp_fro_medium_uniform_known_graph_20260331_234230\mple_summary.csv and C:\Users\phevo\Documents\MIT\Code\MPLE-Causal-Inference\experiments\n1000_t100_low_temp_fro_medium_uniform_known_graph_20260331_234230\mple_summary.md
2026-04-01 10:20:24 | INFO | Log saved to C:\Users\phevo\Documents\MIT\Code\MPLE-Causal-Inference\experiments\n1000_t100_low_temp_fro_medium_uniform_known_graph_20260331_234230\mple.log
