2026-04-25 13:00:23 | INFO | Loading data...
2026-04-25 13:00:23 | INFO | Using panel artifact: /orcd/home/002/phevosp/MPLE-Causal-Inference/experiments/USCountyVaccination_US_trimmed/outcome_death_rate_100k_ge_2__intervention_complete_cov_ge_20__lag_2w__contiguity__start_2020_03_01/panel_data.npz
2026-04-25 13:00:23 | INFO | Using x_0 artifact: /orcd/home/002/phevosp/MPLE-Causal-Inference/experiments/USCountyVaccination_US_trimmed/outcome_death_rate_100k_ge_2__intervention_complete_cov_ge_20__lag_2w__contiguity__start_2020_03_01/x_0.npy
2026-04-25 13:00:23 | INFO | Using fit config: /orcd/home/002/phevosp/MPLE-Causal-Inference/experiments/USCountyVaccination_US_trimmed/outcome_death_rate_100k_ge_2__intervention_complete_cov_ge_20__lag_2w__contiguity__start_2020_03_01/fits/alternating_rank_20_lambda_25/fit_realized_config.yaml
2026-04-25 13:00:23 | INFO | Using model artifact directory: /orcd/home/002/phevosp/MPLE-Causal-Inference/experiments/USCountyVaccination_US_trimmed/outcome_death_rate_100k_ge_2__intervention_complete_cov_ge_20__lag_2w__contiguity__start_2020_03_01
2026-04-25 13:00:23 | INFO | Using truth artifact directory: /orcd/home/002/phevosp/MPLE-Causal-Inference/experiments/USCountyVaccination_US_trimmed/outcome_death_rate_100k_ge_2__intervention_complete_cov_ge_20__lag_2w__contiguity__start_2020_03_01
2026-04-25 13:00:23 | INFO | Configured optimizer mode: alternating_latent_rank
2026-04-25 13:00:23 | INFO | Configured latent rank: 20
2026-04-25 13:00:23 | INFO | Using a fixed known graph with scalar xi.
2026-04-25 13:00:23 | INFO | Fit-time hard bounds active: False
2026-04-25 13:00:23 | INFO | Fixed scalar parameters: {}
2026-04-25 13:00:23 | INFO | Optimizer settings: steps=20000, tol=1e-09, n_starts=1, seed=0, lambda_nuclear=0.0, lambda_frobenius=0.0, lambda_uv_ridge=25.0, proximal_lr=1.0
2026-04-25 13:00:23 | INFO | Alternating low-rank start 1/1 | seed=0 | initial_loss=0.690985 | initial_penalized=0.736105
2026-04-25 13:00:23 | INFO | Alternating low-rank iter 0 | Loss: 0.510340 | Penalized: 0.536038
2026-04-25 13:00:36 | INFO | Alternating low-rank iter 100 | Loss: 0.439620 | Penalized: 0.479121
2026-04-25 13:00:49 | INFO | Alternating low-rank iter 200 | Loss: 0.440165 | Penalized: 0.478730
2026-04-25 13:01:01 | INFO | Alternating low-rank iter 300 | Loss: 0.440230 | Penalized: 0.478726
2026-04-25 13:01:03 | INFO | Done fitting.
2026-04-25 13:01:03 | INFO | Optimizer status: CONVERGED: alternating objective tolerance reached
2026-04-25 13:01:03 | INFO | Best optimizer start: 1 / 1
2026-04-25 13:01:03 | INFO | Final Loss: 0.440231
2026-04-25 13:01:03 | INFO | Estimated Parameters:
2026-04-25 13:01:03 | INFO |   beta: 0.0218
2026-04-25 13:01:03 | INFO |   xi: 1.9414
2026-04-25 13:01:03 | INFO |   eta: 0.2649
2026-04-25 13:01:03 | INFO | Alternating low-rank optimizer diagnostics:
2026-04-25 13:01:03 | INFO |   penalized_objective: 0.478726
2026-04-25 13:01:03 | INFO |   mple_loss_without_penalty: 0.440231
2026-04-25 13:01:03 | INFO |   lambda_uv_ridge: 25.000000
2026-04-25 13:01:03 | INFO |   u_frobenius_norm: 16.322180
2026-04-25 13:01:03 | INFO |   v_frobenius_norm: 16.322175
2026-04-25 13:01:03 | INFO |   effective_rank: 20.000000
2026-04-25 13:01:03 | INFO | Field and interaction diagnostics:
2026-04-25 13:01:03 | INFO |   estimated_field_max_abs_entry: 0.865244
2026-04-25 13:01:03 | INFO |   estimated_field_rank: 20.000000
2026-04-25 13:01:03 | INFO | Saved summary tables to /orcd/home/002/phevosp/MPLE-Causal-Inference/experiments/USCountyVaccination_US_trimmed/outcome_death_rate_100k_ge_2__intervention_complete_cov_ge_20__lag_2w__contiguity__start_2020_03_01/fits/alternating_rank_20_lambda_25/mple_summary.csv and /orcd/home/002/phevosp/MPLE-Causal-Inference/experiments/USCountyVaccination_US_trimmed/outcome_death_rate_100k_ge_2__intervention_complete_cov_ge_20__lag_2w__contiguity__start_2020_03_01/fits/alternating_rank_20_lambda_25/mple_summary.md
2026-04-25 13:01:03 | INFO | Log saved to /orcd/home/002/phevosp/MPLE-Causal-Inference/experiments/USCountyVaccination_US_trimmed/outcome_death_rate_100k_ge_2__intervention_complete_cov_ge_20__lag_2w__contiguity__start_2020_03_01/fits/alternating_rank_20_lambda_25/mple.log
