2026-05-06 04:50:10 | INFO | Loading data...
2026-05-06 04:50:10 | INFO | Using panel artifact: /orcd/home/002/phevosp/MPLE-Causal-Inference/experiments/FINAL/USCountyVaccination/outcome_death_rate_100k_ge_2__intervention_complete_cov_ge_30__lag_2w__distance_kernel_8__start_2020_03_01/panel_data.npz
2026-05-06 04:50:10 | INFO | Using x_0 artifact: /orcd/home/002/phevosp/MPLE-Causal-Inference/experiments/FINAL/USCountyVaccination/outcome_death_rate_100k_ge_2__intervention_complete_cov_ge_30__lag_2w__distance_kernel_8__start_2020_03_01/x_0.npy
2026-05-06 04:50:10 | INFO | Using fit config: /orcd/home/002/phevosp/MPLE-Causal-Inference/experiments/FINAL/USCountyVaccination/outcome_death_rate_100k_ge_2__intervention_complete_cov_ge_30__lag_2w__distance_kernel_8__start_2020_03_01/cv_runs/alternating_uv_grid/candidates/alternating_uv_grid_candidate_0013/fold_1/fit_realized_config.yaml
2026-05-06 04:50:10 | INFO | Using model artifact directory: /orcd/home/002/phevosp/MPLE-Causal-Inference/experiments/FINAL/USCountyVaccination/outcome_death_rate_100k_ge_2__intervention_complete_cov_ge_30__lag_2w__distance_kernel_8__start_2020_03_01
2026-05-06 04:50:10 | INFO | Using truth artifact directory: /orcd/home/002/phevosp/MPLE-Causal-Inference/experiments/FINAL/USCountyVaccination/outcome_death_rate_100k_ge_2__intervention_complete_cov_ge_30__lag_2w__distance_kernel_8__start_2020_03_01
2026-05-06 04:50:10 | INFO | Using loss mask artifact: /orcd/home/002/phevosp/MPLE-Causal-Inference/experiments/FINAL/USCountyVaccination/outcome_death_rate_100k_ge_2__intervention_complete_cov_ge_30__lag_2w__distance_kernel_8__start_2020_03_01/cv_runs/alternating_uv_grid/candidates/alternating_uv_grid_candidate_0013/fold_1/loss_mask.npy
2026-05-06 04:50:10 | INFO | Configured optimizer mode: alternating_latent_rank
2026-05-06 04:50:10 | INFO | Configured latent rank: 8
2026-05-06 04:50:10 | INFO | Using a fixed known graph with scalar xi.
2026-05-06 04:50:10 | INFO | Fit-time hard bounds active: False
2026-05-06 04:50:10 | INFO | Fixed scalar parameters: {}
2026-05-06 04:50:10 | INFO | Warm-start fixed scalars: {} for 0 steps
2026-05-06 04:50:10 | INFO | Beta mask before s: True with s=50
2026-05-06 04:50:10 | INFO | Beta mask after e: True with e=115
2026-05-06 04:50:10 | INFO | Alternating V-column L2-ball constraint active with radius 1.0
2026-05-06 04:50:10 | INFO | Optimizer settings: steps=2000, tol=1e-07, n_starts=1, seed=0, lambda_nuclear=0.0, lambda_frobenius=0.0, lambda_uv_ridge=0.001, v_column_l2_max=1.0, proximal_lr=1.0
2026-05-06 04:50:10 | INFO | Alternating low-rank start 1/1 | seed=0 | initial_loss=0.742869 | initial_penalized=0.742870
2026-05-06 04:50:10 | INFO | Alternating low-rank iter 0 | Loss: 0.466472 | Penalized: 0.466544
2026-05-06 04:50:22 | INFO | Alternating low-rank iter 100 | Loss: 0.338583 | Penalized: 0.342230
2026-05-06 04:50:34 | INFO | Alternating low-rank iter 200 | Loss: 0.333600 | Penalized: 0.338600
2026-05-06 04:50:47 | INFO | Alternating low-rank iter 300 | Loss: 0.331497 | Penalized: 0.337259
2026-05-06 04:50:59 | INFO | Alternating low-rank iter 400 | Loss: 0.330336 | Penalized: 0.336566
2026-05-06 04:51:11 | INFO | Alternating low-rank iter 500 | Loss: 0.329701 | Penalized: 0.336223
2026-05-06 04:51:24 | INFO | Alternating low-rank iter 600 | Loss: 0.329336 | Penalized: 0.336036
2026-05-06 04:51:36 | INFO | Alternating low-rank iter 700 | Loss: 0.329099 | Penalized: 0.335908
2026-05-06 04:51:48 | INFO | Alternating low-rank iter 800 | Loss: 0.328914 | Penalized: 0.335795
2026-05-06 04:52:00 | INFO | Alternating low-rank iter 900 | Loss: 0.328746 | Penalized: 0.335681
2026-05-06 04:52:13 | INFO | Alternating low-rank iter 1000 | Loss: 0.328576 | Penalized: 0.335558
2026-05-06 04:52:25 | INFO | Alternating low-rank iter 1100 | Loss: 0.328408 | Penalized: 0.335436
2026-05-06 04:52:37 | INFO | Alternating low-rank iter 1200 | Loss: 0.328254 | Penalized: 0.335324
2026-05-06 04:52:50 | INFO | Alternating low-rank iter 1300 | Loss: 0.328111 | Penalized: 0.335220
2026-05-06 04:53:02 | INFO | Alternating low-rank iter 1400 | Loss: 0.327971 | Penalized: 0.335118
2026-05-06 04:53:14 | INFO | Alternating low-rank iter 1500 | Loss: 0.327842 | Penalized: 0.335030
2026-05-06 04:53:26 | INFO | Alternating low-rank iter 1600 | Loss: 0.327738 | Penalized: 0.334965
2026-05-06 04:53:39 | INFO | Alternating low-rank iter 1700 | Loss: 0.327656 | Penalized: 0.334916
2026-05-06 04:53:51 | INFO | Alternating low-rank iter 1800 | Loss: 0.327588 | Penalized: 0.334875
2026-05-06 04:54:03 | INFO | Alternating low-rank iter 1900 | Loss: 0.327530 | Penalized: 0.334839
2026-05-06 04:54:15 | INFO | Done fitting.
2026-05-06 04:54:15 | INFO | Optimizer status: STOP: TOTAL NO. OF ITERATIONS REACHED LIMIT
2026-05-06 04:54:15 | INFO | Best optimizer start: 1 / 1
2026-05-06 04:54:15 | INFO | Final Loss: 0.327476
2026-05-06 04:54:15 | INFO | Estimated Parameters:
2026-05-06 04:54:15 | INFO |   beta: -0.0316
2026-05-06 04:54:15 | INFO |   xi: 1.0266
2026-05-06 04:54:15 | INFO |   eta: -0.0882
2026-05-06 04:54:15 | INFO | Alternating low-rank optimizer diagnostics:
2026-05-06 04:54:15 | INFO |   penalized_objective: 0.334805
2026-05-06 04:54:15 | INFO |   mple_loss_without_penalty: 0.327476
2026-05-06 04:54:15 | INFO |   lambda_uv_ridge: 0.001000
2026-05-06 04:54:15 | INFO |   u_frobenius_norm: 1273.172022
2026-05-06 04:54:15 | INFO |   v_frobenius_norm: 2.828427
2026-05-06 04:54:15 | INFO |   effective_rank: 8.000000
2026-05-06 04:54:15 | INFO | Field and interaction diagnostics:
2026-05-06 04:54:15 | INFO |   estimated_field_max_abs_entry: 27.201232
2026-05-06 04:54:15 | INFO |   estimated_field_rank: 8.000000
2026-05-06 04:54:15 | INFO | Saved summary table to /orcd/home/002/phevosp/MPLE-Causal-Inference/experiments/FINAL/USCountyVaccination/outcome_death_rate_100k_ge_2__intervention_complete_cov_ge_30__lag_2w__distance_kernel_8__start_2020_03_01/cv_runs/alternating_uv_grid/candidates/alternating_uv_grid_candidate_0013/fold_1/mple_summary.csv
2026-05-06 04:54:15 | INFO | Log saved to /orcd/home/002/phevosp/MPLE-Causal-Inference/experiments/FINAL/USCountyVaccination/outcome_death_rate_100k_ge_2__intervention_complete_cov_ge_30__lag_2w__distance_kernel_8__start_2020_03_01/cv_runs/alternating_uv_grid/candidates/alternating_uv_grid_candidate_0013/fold_1/mple.log
