2026-04-06 17:42:43 | INFO | Loading data...
2026-04-06 17:42:43 | INFO | Loaded 8 field templates and 1 interaction templates.
2026-04-06 17:42:43 | INFO | Intervention-process model enabled: False
2026-04-06 17:42:43 | INFO | Running conditional-model MPLE on x with shape=(15, 9642)
2026-04-06 17:42:43 | INFO | Eval 0  |  Loss: 0.634972
2026-04-06 17:42:43 | INFO |   field::total_pop: +0.0126,  field::black_share: -0.0132,  field::hispanic_share: +0.0640,  field::male_1521_share: +0.0105,  field::family_household_share: -0.0536,  field::female_household_share: +0.0362,  field::renter_share: +0.1304,  field::vacant_share: +0.0947,  tau block: mean=-0.0394, std=0.0882, min=-0.2325, max=+0.1366,  beta: +0.0352,  interaction::knn_8: +0.0903,  eta: +0.0094
2026-04-06 17:42:44 | INFO | Eval 100  |  Loss: 0.490960
2026-04-06 17:42:44 | INFO |   field::total_pop: +4.4306,  field::black_share: +0.1029,  field::hispanic_share: +0.1276,  field::male_1521_share: -0.1142,  field::family_household_share: -0.1494,  field::female_household_share: +0.1184,  field::renter_share: +0.1014,  field::vacant_share: +1.1298,  tau block: mean=-0.3370, std=0.0462, min=-0.4444, max=-0.2780,  beta: -0.1666,  interaction::knn_8: +0.8549,  eta: +0.3635
2026-04-06 17:42:45 | INFO | Done fitting.
2026-04-06 17:42:45 | INFO | Optimizer status: CONVERGENCE: RELATIVE REDUCTION OF F <= FACTR*EPSMCH
2026-04-06 17:42:45 | INFO | Final Loss: 0.490956
2026-04-06 17:42:45 | INFO | Estimated Parameters:
2026-04-06 17:42:45 | INFO |   field::total_pop: 4.4273
2026-04-06 17:42:45 | INFO |   field::black_share: 0.1020
2026-04-06 17:42:45 | INFO |   field::hispanic_share: 0.1312
2026-04-06 17:42:45 | INFO |   field::male_1521_share: -0.1152
2026-04-06 17:42:45 | INFO |   field::family_household_share: -0.1490
2026-04-06 17:42:45 | INFO |   field::female_household_share: 0.1142
2026-04-06 17:42:45 | INFO |   field::renter_share: 0.1008
2026-04-06 17:42:45 | INFO |   field::vacant_share: 1.4579
2026-04-06 17:42:45 | INFO |   tau::t_0: -0.3578
2026-04-06 17:42:45 | INFO |   tau::t_1: -0.2584
2026-04-06 17:42:45 | INFO |   tau::t_2: -0.3016
2026-04-06 17:42:45 | INFO |   tau::t_3: -0.3738
2026-04-06 17:42:45 | INFO |   tau::t_4: -0.3294
2026-04-06 17:42:45 | INFO |   tau::t_5: -0.3051
2026-04-06 17:42:45 | INFO |   tau::t_6: -0.3077
2026-04-06 17:42:45 | INFO |   tau::t_7: -0.3326
2026-04-06 17:42:45 | INFO |   tau::t_8: -0.2963
2026-04-06 17:42:45 | INFO |   tau::t_9: -0.2487
2026-04-06 17:42:45 | INFO |   tau::t_10: -0.2896
2026-04-06 17:42:45 | INFO |   tau::t_11: -0.2870
2026-04-06 17:42:45 | INFO |   tau::t_12: -0.2604
2026-04-06 17:42:45 | INFO |   tau::t_13: -0.2485
2026-04-06 17:42:45 | INFO |   tau::t_14: -0.4149
2026-04-06 17:42:45 | INFO |   beta: -0.1374
2026-04-06 17:42:45 | INFO |   interaction::knn_8: 0.8562
2026-04-06 17:42:45 | INFO |   eta: 0.3636
2026-04-06 17:42:45 | INFO | Saved summary tables to C:\Users\phevo\Documents\MIT\Code\MPLE-Causal-Inference\experiments\SeattleDMI\outcome_only\any_crime_gt_district_mean_pm1__knn_8\mple_summary.csv and C:\Users\phevo\Documents\MIT\Code\MPLE-Causal-Inference\experiments\SeattleDMI\outcome_only\any_crime_gt_district_mean_pm1__knn_8\mple_summary.md
2026-04-06 17:42:45 | INFO | Log saved to C:\Users\phevo\Documents\MIT\Code\MPLE-Causal-Inference\experiments\SeattleDMI\outcome_only\any_crime_gt_district_mean_pm1__knn_8\mple.log
