2026-04-24 12:45:50 | INFO | Loading data...
2026-04-24 12:45:50 | INFO | Using panel artifact: /orcd/home/002/phevosp/MPLE-Causal-Inference/experiments/SyntheticHybridExperiments/hybrid_us_county_intervention_uscounty_graph_confounding/panel_data.npz
2026-04-24 12:45:50 | INFO | Using x_0 artifact: /orcd/home/002/phevosp/MPLE-Causal-Inference/experiments/SyntheticHybridExperiments/hybrid_us_county_intervention_uscounty_graph_confounding/x_0.npy
2026-04-24 12:45:50 | INFO | Using fit config: /orcd/home/002/phevosp/MPLE-Causal-Inference/experiments/SyntheticHybridExperiments/hybrid_us_county_intervention_uscounty_graph_confounding/fits/concurrent_rank_10/fit_realized_config.yaml
2026-04-24 12:45:50 | INFO | Using model artifact directory: /orcd/home/002/phevosp/MPLE-Causal-Inference/experiments/SyntheticHybridExperiments/hybrid_us_county_intervention_uscounty_graph_confounding
2026-04-24 12:45:50 | INFO | Using truth artifact directory: /orcd/home/002/phevosp/MPLE-Causal-Inference/experiments/SyntheticHybridExperiments/hybrid_us_county_intervention_uscounty_graph_confounding
2026-04-24 12:45:50 | INFO | Configured optimizer mode: concurrent_latent_rank
2026-04-24 12:45:50 | INFO | Configured latent rank: 10
2026-04-24 12:45:50 | INFO | Using a fixed known graph with scalar xi.
2026-04-24 12:45:50 | INFO | Fit-time hard bounds active: False
2026-04-24 12:45:50 | INFO | Fixed scalar parameters: {}
2026-04-24 12:45:50 | INFO | Optimizer settings: steps=20000, tol=1e-09, n_starts=1, seed=0, lambda_nuclear=0.0, lambda_frobenius=0.0, lambda_uv_ridge=18.0, proximal_lr=1.0
2026-04-24 12:45:50 | INFO | Concurrent low-rank start 1/1 | seed=0 | initial_loss=0.697736 | initial_penalized=0.713249
2026-04-24 12:46:03 | INFO | Concurrent low-rank start 1 finished | final_loss=0.497463 | final_penalized=0.533865 | nit=619
2026-04-24 12:46:04 | INFO | Done fitting.
2026-04-24 12:46:04 | INFO | Optimizer status: CONVERGENCE: RELATIVE REDUCTION OF F <= FACTR*EPSMCH
2026-04-24 12:46:04 | INFO | Best optimizer start: 1 / 1
2026-04-24 12:46:04 | INFO | Final Loss: 0.497463
2026-04-24 12:46:04 | INFO | Estimated vs True Parameters:
2026-04-24 12:46:04 | INFO |   beta: 0.4448 (True: 0.5000) | SQE: 0.003042
2026-04-24 12:46:04 | INFO |   xi: 0.8494 (True: 0.6000) | SQE: 0.062214
2026-04-24 12:46:04 | INFO |   eta: -0.0657 (True: -0.1000) | SQE: 0.001180
2026-04-24 12:46:04 | INFO | Concurrent low-rank optimizer diagnostics:
2026-04-24 12:46:04 | INFO |   penalized_objective: 0.533865
2026-04-24 12:46:04 | INFO |   mple_loss_without_penalty: 0.497463
2026-04-24 12:46:04 | INFO |   lambda_uv_ridge: 18.000000
2026-04-24 12:46:04 | INFO |   u_frobenius_norm: 19.106980
2026-04-24 12:46:04 | INFO |   v_frobenius_norm: 19.108697
2026-04-24 12:46:04 | INFO |   effective_rank: 10.000000
2026-04-24 12:46:04 | INFO | Field and interaction diagnostics:
2026-04-24 12:46:04 | INFO |   field_rmse: 0.346816
2026-04-24 12:46:04 | INFO |   interaction_fro_error: 2.355526
2026-04-24 12:46:04 | INFO |   estimated_field_max_abs_entry: 1.256434
2026-04-24 12:46:04 | INFO |   estimated_field_rank: 10.000000
2026-04-24 12:46:04 | INFO |   true_field_max_abs_entry: 2.000000
2026-04-24 12:46:04 | INFO |   true_field_rank: 21.000000
2026-04-24 12:46:04 | INFO | Saved summary tables to /orcd/home/002/phevosp/MPLE-Causal-Inference/experiments/SyntheticHybridExperiments/hybrid_us_county_intervention_uscounty_graph_confounding/fits/concurrent_rank_10/mple_summary.csv and /orcd/home/002/phevosp/MPLE-Causal-Inference/experiments/SyntheticHybridExperiments/hybrid_us_county_intervention_uscounty_graph_confounding/fits/concurrent_rank_10/mple_summary.md
2026-04-24 12:46:04 | INFO | Log saved to /orcd/home/002/phevosp/MPLE-Causal-Inference/experiments/SyntheticHybridExperiments/hybrid_us_county_intervention_uscounty_graph_confounding/fits/concurrent_rank_10/mple.log
