2026-04-30 10:38:23 | INFO | Loading data...
2026-04-30 10:38:23 | INFO | Using panel artifact: /orcd/home/002/phevosp/MPLE-Causal-Inference/experiments/SyntheticHybridExperiments/r3_hybrid_us_county_intervention_uscounty_graph_contiguous_confounding/panel_data.npz
2026-04-30 10:38:23 | INFO | Using x_0 artifact: /orcd/home/002/phevosp/MPLE-Causal-Inference/experiments/SyntheticHybridExperiments/r3_hybrid_us_county_intervention_uscounty_graph_contiguous_confounding/x_0.npy
2026-04-30 10:38:23 | INFO | Using fit config: /orcd/home/002/phevosp/MPLE-Causal-Inference/experiments/SyntheticHybridExperiments/r3_hybrid_us_county_intervention_uscounty_graph_contiguous_confounding/fits/alternating_rank_3_uv_3_e2/fit_realized_config.yaml
2026-04-30 10:38:23 | INFO | Using model artifact directory: /orcd/home/002/phevosp/MPLE-Causal-Inference/experiments/SyntheticHybridExperiments/r3_hybrid_us_county_intervention_uscounty_graph_contiguous_confounding
2026-04-30 10:38:23 | INFO | Using truth artifact directory: /orcd/home/002/phevosp/MPLE-Causal-Inference/experiments/SyntheticHybridExperiments/r3_hybrid_us_county_intervention_uscounty_graph_contiguous_confounding
2026-04-30 10:38:23 | INFO | Configured optimizer mode: alternating_latent_rank
2026-04-30 10:38:23 | INFO | Configured latent rank: 3
2026-04-30 10:38:23 | INFO | Using a fixed known graph with scalar xi.
2026-04-30 10:38:23 | INFO | Fit-time hard bounds active: False
2026-04-30 10:38:23 | INFO | Fixed scalar parameters: {}
2026-04-30 10:38:23 | INFO | Warm-start fixed scalars: {} for 0 steps
2026-04-30 10:38:23 | INFO | Beta mask before s: False with s=55
2026-04-30 10:38:23 | INFO | Beta mask after e: False with e=120
2026-04-30 10:38:23 | INFO | Alternating V-column L2-ball constraint active with radius 1.0
2026-04-30 10:38:23 | INFO | Optimizer settings: steps=20000, tol=1e-09, n_starts=1, seed=0, lambda_nuclear=0.0, lambda_frobenius=0.0, lambda_uv_ridge=0.03, v_column_l2_max=1.0, proximal_lr=1.0
2026-04-30 10:38:23 | INFO | Alternating low-rank start 1/1 | seed=0 | initial_loss=0.684318 | initial_penalized=0.684319
2026-04-30 10:38:23 | INFO | Alternating low-rank iter 0 | Loss: 0.589153 | Penalized: 0.590283
2026-04-30 10:38:33 | INFO | Alternating low-rank iter 100 | Loss: 0.567850 | Penalized: 0.571104
2026-04-30 10:38:43 | INFO | Alternating low-rank iter 200 | Loss: 0.567744 | Penalized: 0.570970
2026-04-30 10:38:52 | INFO | Alternating low-rank iter 300 | Loss: 0.567749 | Penalized: 0.570967
2026-04-30 10:39:02 | INFO | Alternating low-rank iter 400 | Loss: 0.567753 | Penalized: 0.570967
2026-04-30 10:39:12 | INFO | Alternating low-rank iter 500 | Loss: 0.567756 | Penalized: 0.570966
2026-04-30 10:39:21 | INFO | Alternating low-rank iter 600 | Loss: 0.567729 | Penalized: 0.570958
2026-04-30 10:39:31 | INFO | Alternating low-rank iter 700 | Loss: 0.567592 | Penalized: 0.570922
2026-04-30 10:39:41 | INFO | Alternating low-rank iter 800 | Loss: 0.567595 | Penalized: 0.570920
2026-04-30 10:39:50 | INFO | Alternating low-rank iter 900 | Loss: 0.567601 | Penalized: 0.570919
2026-04-30 10:40:00 | INFO | Alternating low-rank iter 1000 | Loss: 0.567609 | Penalized: 0.570919
2026-04-30 10:40:10 | INFO | Alternating low-rank iter 1100 | Loss: 0.567624 | Penalized: 0.570917
2026-04-30 10:40:19 | INFO | Alternating low-rank iter 1200 | Loss: 0.567639 | Penalized: 0.570902
2026-04-30 10:40:29 | INFO | Alternating low-rank iter 1300 | Loss: 0.567632 | Penalized: 0.570898
2026-04-30 10:40:30 | INFO | Done fitting.
2026-04-30 10:40:30 | INFO | Optimizer status: CONVERGED: alternating objective tolerance reached
2026-04-30 10:40:30 | INFO | Best optimizer start: 1 / 1
2026-04-30 10:40:30 | INFO | Final Loss: 0.567632
2026-04-30 10:40:30 | INFO | Estimated vs True Parameters:
2026-04-30 10:40:30 | INFO |   beta: 0.0385 (True: -0.3000) | SQE: 0.114567
2026-04-30 10:40:30 | INFO |   xi: 0.8840 (True: 0.8000) | SQE: 0.007061
2026-04-30 10:40:30 | INFO |   eta: 0.2957 (True: 0.3000) | SQE: 0.000019
2026-04-30 10:40:30 | INFO | Alternating low-rank optimizer diagnostics:
2026-04-30 10:40:30 | INFO |   penalized_objective: 0.570898
2026-04-30 10:40:30 | INFO |   mple_loss_without_penalty: 0.567632
2026-04-30 10:40:30 | INFO |   lambda_uv_ridge: 0.030000
2026-04-30 10:40:30 | INFO |   u_frobenius_norm: 198.410733
2026-04-30 10:40:30 | INFO |   v_frobenius_norm: 1.732051
2026-04-30 10:40:30 | INFO |   effective_rank: 3.000000
2026-04-30 10:40:30 | INFO | Field and interaction diagnostics:
2026-04-30 10:40:30 | INFO |   field_rmse: 0.413709
2026-04-30 10:40:30 | INFO |   interaction_fro_error: 0.794669
2026-04-30 10:40:30 | INFO |   estimated_field_max_abs_entry: 6.672163
2026-04-30 10:40:30 | INFO |   estimated_field_rank: 3.000000
2026-04-30 10:40:30 | INFO |   true_field_max_abs_entry: 2.169749
2026-04-30 10:40:30 | INFO |   true_field_rank: 3.000000
2026-04-30 10:40:30 | INFO | Saved summary table to /orcd/home/002/phevosp/MPLE-Causal-Inference/experiments/SyntheticHybridExperiments/r3_hybrid_us_county_intervention_uscounty_graph_contiguous_confounding/fits/alternating_rank_3_uv_3_e2/mple_summary.csv
2026-04-30 10:40:30 | INFO | Log saved to /orcd/home/002/phevosp/MPLE-Causal-Inference/experiments/SyntheticHybridExperiments/r3_hybrid_us_county_intervention_uscounty_graph_contiguous_confounding/fits/alternating_rank_3_uv_3_e2/mple.log
