2026-04-19 14:55:27 | INFO | Loading data...
2026-04-19 14:55:27 | INFO | Using panel artifact: C:\Users\phevo\Documents\MIT\Code\MPLE-Causal-Inference\experiments\USCountyVaccination_US_sensitivity\outcome_death_rate_100k_ge_2__intervention_complete_cov_ge_30__lag_2w__contiguity__start_2020_03_01\panel_data.npz
2026-04-19 14:55:27 | INFO | Using x_0 artifact: C:\Users\phevo\Documents\MIT\Code\MPLE-Causal-Inference\experiments\USCountyVaccination_US_sensitivity\outcome_death_rate_100k_ge_2__intervention_complete_cov_ge_30__lag_2w__contiguity__start_2020_03_01\x_0.npy
2026-04-19 14:55:27 | INFO | Using z_0 artifact: C:\Users\phevo\Documents\MIT\Code\MPLE-Causal-Inference\experiments\USCountyVaccination_US_sensitivity\outcome_death_rate_100k_ge_2__intervention_complete_cov_ge_30__lag_2w__contiguity__start_2020_03_01\z_0.npy
2026-04-19 14:55:27 | INFO | Using fit config: C:\Users\phevo\Documents\MIT\Code\MPLE-Causal-Inference\experiments\USCountyVaccination_US_sensitivity\outcome_death_rate_100k_ge_2__intervention_complete_cov_ge_30__lag_2w__contiguity__start_2020_03_01\fits\rank_10_b5\fit_realized_config.yaml
2026-04-19 14:55:27 | INFO | Using model artifact directory: C:\Users\phevo\Documents\MIT\Code\MPLE-Causal-Inference\experiments\USCountyVaccination_US_sensitivity\outcome_death_rate_100k_ge_2__intervention_complete_cov_ge_30__lag_2w__contiguity__start_2020_03_01
2026-04-19 14:55:27 | INFO | Using truth artifact directory: C:\Users\phevo\Documents\MIT\Code\MPLE-Causal-Inference\experiments\USCountyVaccination_US_sensitivity\outcome_death_rate_100k_ge_2__intervention_complete_cov_ge_30__lag_2w__contiguity__start_2020_03_01
2026-04-19 14:55:27 | INFO | Configured latent rank: 10
2026-04-19 14:55:27 | INFO | Using a fixed known graph with scalar xi.
2026-04-19 14:55:27 | INFO | Intervention-process model enabled: False
2026-04-19 14:55:27 | INFO | Global temperature bound B active: True
2026-04-19 14:55:27 | INFO | Effective xi bound from interaction constraint: 5.000000
2026-04-19 14:55:27 | INFO | Beta mask pre-intervention enabled: True
2026-04-19 14:55:27 | INFO | Fixed scalar parameters: {}
2026-04-19 14:55:27 | INFO | Optimizer settings: n_starts=5, lbfgs_steps=50000, tol=1e-09, adam_steps=1000, adam_lr=0.01, adam_device=cpu, seed=0
2026-04-19 14:55:28 | INFO | Optimizer start 1/5 | seed=0 | initial_loss=0.676360
2026-04-19 14:55:30 | INFO | Start 1 Adam step 0 | Loss: 0.676360
2026-04-19 14:55:32 | INFO | Start 1 Adam step 100 | Loss: 0.386995
2026-04-19 14:55:33 | INFO | Start 1 Adam step 200 | Loss: 0.369448
2026-04-19 14:55:35 | INFO | Start 1 Adam step 300 | Loss: 0.364156
2026-04-19 14:55:37 | INFO | Start 1 Adam step 400 | Loss: 0.361949
2026-04-19 14:55:38 | INFO | Start 1 Adam step 500 | Loss: 0.360989
2026-04-19 14:55:40 | INFO | Start 1 Adam step 600 | Loss: 0.360786
2026-04-19 14:55:41 | INFO | Start 1 Adam step 700 | Loss: 0.360885
2026-04-19 14:55:43 | INFO | Start 1 Adam step 800 | Loss: 0.361400
2026-04-19 14:55:45 | INFO | Start 1 Adam step 900 | Loss: 0.361944
2026-04-19 14:55:46 | INFO | Start 1 L-BFGS eval 0 | Loss: 0.361745
2026-04-19 14:55:46 | INFO |   beta: -0.0521,  xi: +1.2241,  eta: -0.0443
2026-04-19 14:55:50 | INFO | Start 1 L-BFGS eval 100 | Loss: 0.361484
2026-04-19 14:55:50 | INFO |   beta: -0.0504,  xi: +1.1742,  eta: -0.0354
2026-04-19 14:55:54 | INFO | Optimizer start 1/5 complete | final_loss=0.361439 | status=ABNORMAL: 
2026-04-19 14:55:55 | INFO | Optimizer start 2/5 | seed=1 | initial_loss=0.722581
2026-04-19 14:55:55 | INFO | Start 2 Adam step 0 | Loss: 0.722581
2026-04-19 14:55:56 | INFO | Start 2 Adam step 100 | Loss: 0.387912
2026-04-19 14:55:58 | INFO | Start 2 Adam step 200 | Loss: 0.367822
2026-04-19 14:55:59 | INFO | Start 2 Adam step 300 | Loss: 0.361594
2026-04-19 14:56:01 | INFO | Start 2 Adam step 400 | Loss: 0.360771
2026-04-19 14:56:03 | INFO | Start 2 Adam step 500 | Loss: 0.360153
2026-04-19 14:56:04 | INFO | Start 2 Adam step 600 | Loss: 0.359850
2026-04-19 14:56:06 | INFO | Start 2 Adam step 700 | Loss: 0.359705
2026-04-19 14:56:07 | INFO | Start 2 Adam step 800 | Loss: 0.359828
2026-04-19 14:56:09 | INFO | Start 2 Adam step 900 | Loss: 0.360235
2026-04-19 14:56:11 | INFO | Start 2 L-BFGS eval 0 | Loss: 0.360851
2026-04-19 14:56:11 | INFO |   beta: -0.0514,  xi: +1.1764,  eta: -0.0500
2026-04-19 14:56:15 | INFO | Optimizer start 2/5 complete | final_loss=0.360721 | status=CONVERGENCE: RELATIVE REDUCTION OF F <= FACTR*EPSMCH
2026-04-19 14:56:15 | INFO | Optimizer start 3/5 | seed=2 | initial_loss=0.679399
2026-04-19 14:56:15 | INFO | Start 3 Adam step 0 | Loss: 0.679399
2026-04-19 14:56:17 | INFO | Start 3 Adam step 100 | Loss: 0.389617
2026-04-19 14:56:18 | INFO | Start 3 Adam step 200 | Loss: 0.368684
2026-04-19 14:56:20 | INFO | Start 3 Adam step 300 | Loss: 0.363390
2026-04-19 14:56:22 | INFO | Start 3 Adam step 400 | Loss: 0.361455
2026-04-19 14:56:23 | INFO | Start 3 Adam step 500 | Loss: 0.360490
2026-04-19 14:56:25 | INFO | Start 3 Adam step 600 | Loss: 0.360707
2026-04-19 14:56:27 | INFO | Start 3 Adam step 700 | Loss: 0.360648
2026-04-19 14:56:28 | INFO | Start 3 Adam step 800 | Loss: 0.360889
2026-04-19 14:56:30 | INFO | Start 3 Adam step 900 | Loss: 0.360998
2026-04-19 14:56:31 | INFO | Start 3 L-BFGS eval 0 | Loss: 0.361135
2026-04-19 14:56:31 | INFO |   beta: -0.0577,  xi: +1.1979,  eta: -0.0498
2026-04-19 14:56:32 | INFO | Optimizer start 3/5 complete | final_loss=0.361135 | status=ABNORMAL: 
2026-04-19 14:56:32 | INFO | Optimizer start 4/5 | seed=3 | initial_loss=0.783160
2026-04-19 14:56:32 | INFO | Start 4 Adam step 0 | Loss: 0.783160
2026-04-19 14:56:34 | INFO | Start 4 Adam step 100 | Loss: 0.391134
2026-04-19 14:56:36 | INFO | Start 4 Adam step 200 | Loss: 0.367808
2026-04-19 14:56:37 | INFO | Start 4 Adam step 300 | Loss: 0.362690
2026-04-19 14:56:39 | INFO | Start 4 Adam step 400 | Loss: 0.360255
2026-04-19 14:56:40 | INFO | Start 4 Adam step 500 | Loss: 0.360017
2026-04-19 14:56:42 | INFO | Start 4 Adam step 600 | Loss: 0.359670
2026-04-19 14:56:43 | INFO | Start 4 Adam step 700 | Loss: 0.359557
2026-04-19 14:56:45 | INFO | Start 4 Adam step 800 | Loss: 0.360182
2026-04-19 14:56:47 | INFO | Start 4 Adam step 900 | Loss: 0.360269
2026-04-19 14:56:48 | INFO | Start 4 L-BFGS eval 0 | Loss: 0.360803
2026-04-19 14:56:48 | INFO |   beta: -0.0601,  xi: +1.1748,  eta: -0.0518
2026-04-19 14:56:52 | INFO | Optimizer start 4/5 complete | final_loss=0.360622 | status=CONVERGENCE: RELATIVE REDUCTION OF F <= FACTR*EPSMCH
2026-04-19 14:56:52 | INFO | Optimizer start 5/5 | seed=4 | initial_loss=0.678570
2026-04-19 14:56:52 | INFO | Start 5 Adam step 0 | Loss: 0.678570
2026-04-19 14:56:53 | INFO | Start 5 Adam step 100 | Loss: 0.387741
2026-04-19 14:56:55 | INFO | Start 5 Adam step 200 | Loss: 0.367769
2026-04-19 14:56:57 | INFO | Start 5 Adam step 300 | Loss: 0.362686
2026-04-19 14:56:58 | INFO | Start 5 Adam step 400 | Loss: 0.360856
2026-04-19 14:57:00 | INFO | Start 5 Adam step 500 | Loss: 0.360856
2026-04-19 14:57:01 | INFO | Start 5 Adam step 600 | Loss: 0.360238
2026-04-19 14:57:03 | INFO | Start 5 Adam step 700 | Loss: 0.360687
2026-04-19 14:57:05 | INFO | Start 5 Adam step 800 | Loss: 0.360972
2026-04-19 14:57:06 | INFO | Start 5 Adam step 900 | Loss: 0.361596
2026-04-19 14:57:08 | INFO | Start 5 L-BFGS eval 0 | Loss: 0.361991
2026-04-19 14:57:08 | INFO |   beta: -0.0616,  xi: +1.2175,  eta: -0.0420
2026-04-19 14:57:12 | INFO | Start 5 L-BFGS eval 100 | Loss: 0.361975
2026-04-19 14:57:12 | INFO |   beta: -0.0610,  xi: +1.2366,  eta: -0.0396
2026-04-19 14:57:13 | INFO | Optimizer start 5/5 complete | final_loss=0.361975 | status=CONVERGENCE: RELATIVE REDUCTION OF F <= FACTR*EPSMCH
2026-04-19 14:57:13 | INFO | Done fitting.
2026-04-19 14:57:13 | INFO | Optimizer status: CONVERGENCE: RELATIVE REDUCTION OF F <= FACTR*EPSMCH | best_start=4/5
2026-04-19 14:57:13 | INFO | Best optimizer start: 4 / 5
2026-04-19 14:57:13 | INFO | Final Loss: 0.360622
2026-04-19 14:57:13 | INFO | Estimated Parameters:
2026-04-19 14:57:13 | INFO |   beta: -0.0582
2026-04-19 14:57:13 | INFO |   xi: 1.1903
2026-04-19 14:57:13 | INFO |   eta: -0.0481
2026-04-19 14:57:13 | INFO | Field and interaction diagnostics:
2026-04-19 14:57:13 | INFO |   estimated_field_inf_norm: 5.000000
2026-04-19 14:57:13 | INFO |   estimated_field_rank: 10.000000
2026-04-19 14:57:13 | INFO |   bound_B: 5.000000
2026-04-19 14:57:13 | INFO | Saved summary tables to C:\Users\phevo\Documents\MIT\Code\MPLE-Causal-Inference\experiments\USCountyVaccination_US_sensitivity\outcome_death_rate_100k_ge_2__intervention_complete_cov_ge_30__lag_2w__contiguity__start_2020_03_01\fits\rank_10_b5\mple_summary.csv and C:\Users\phevo\Documents\MIT\Code\MPLE-Causal-Inference\experiments\USCountyVaccination_US_sensitivity\outcome_death_rate_100k_ge_2__intervention_complete_cov_ge_30__lag_2w__contiguity__start_2020_03_01\fits\rank_10_b5\mple_summary.md
2026-04-19 14:57:13 | INFO | Log saved to C:\Users\phevo\Documents\MIT\Code\MPLE-Causal-Inference\experiments\USCountyVaccination_US_sensitivity\outcome_death_rate_100k_ge_2__intervention_complete_cov_ge_30__lag_2w__contiguity__start_2020_03_01\fits\rank_10_b5\mple.log
