2026-04-29 11:52:05 | INFO | Loading data...
2026-04-29 11:52:05 | INFO | Using panel artifact: /orcd/home/002/phevosp/MPLE-Causal-Inference/experiments/SyntheticHybridExperiments/spectral_low_rank_5_confounding/panel_data.npz
2026-04-29 11:52:05 | INFO | Using x_0 artifact: /orcd/home/002/phevosp/MPLE-Causal-Inference/experiments/SyntheticHybridExperiments/spectral_low_rank_5_confounding/x_0.npy
2026-04-29 11:52:05 | INFO | Using fit config: /orcd/home/002/phevosp/MPLE-Causal-Inference/experiments/SyntheticHybridExperiments/spectral_low_rank_5_confounding/fits/alternating_rank_5_uv_1p5/fit_realized_config.yaml
2026-04-29 11:52:05 | INFO | Using model artifact directory: /orcd/home/002/phevosp/MPLE-Causal-Inference/experiments/SyntheticHybridExperiments/spectral_low_rank_5_confounding
2026-04-29 11:52:05 | INFO | Using truth artifact directory: /orcd/home/002/phevosp/MPLE-Causal-Inference/experiments/SyntheticHybridExperiments/spectral_low_rank_5_confounding
2026-04-29 11:52:05 | INFO | Configured optimizer mode: alternating_latent_rank
2026-04-29 11:52:05 | INFO | Configured latent rank: 5
2026-04-29 11:52:05 | INFO | Using a fixed known graph with scalar xi.
2026-04-29 11:52:05 | INFO | Fit-time hard bounds active: False
2026-04-29 11:52:05 | INFO | Fixed scalar parameters: {}
2026-04-29 11:52:05 | INFO | Warm-start fixed scalars: {} for 0 steps
2026-04-29 11:52:05 | INFO | Beta mask before s: False with s=0
2026-04-29 11:52:05 | INFO | Beta mask after e: False with e=12
2026-04-29 11:52:05 | INFO | Alternating V-column L2-ball constraint active with radius 1.0
2026-04-29 11:52:05 | INFO | Optimizer settings: steps=20000, tol=1e-09, n_starts=1, seed=0, lambda_nuclear=0.0, lambda_frobenius=0.0, lambda_uv_ridge=1.5, v_column_l2_max=1.0, proximal_lr=1.0
2026-04-29 11:52:05 | INFO | Alternating low-rank start 1/1 | seed=0 | initial_loss=0.713570 | initial_penalized=0.713799
2026-04-29 11:52:05 | INFO | Alternating low-rank iter 0 | Loss: 0.600589 | Penalized: 0.611430
2026-04-29 11:52:07 | INFO | Alternating low-rank iter 100 | Loss: 0.590183 | Penalized: 0.604279
2026-04-29 11:52:09 | INFO | Alternating low-rank iter 200 | Loss: 0.589382 | Penalized: 0.603469
2026-04-29 11:52:11 | INFO | Alternating low-rank iter 300 | Loss: 0.589173 | Penalized: 0.603266
2026-04-29 11:52:13 | INFO | Alternating low-rank iter 400 | Loss: 0.589116 | Penalized: 0.603214
2026-04-29 11:52:15 | INFO | Alternating low-rank iter 500 | Loss: 0.589099 | Penalized: 0.603201
2026-04-29 11:52:17 | INFO | Alternating low-rank iter 600 | Loss: 0.589094 | Penalized: 0.603198
2026-04-29 11:52:19 | INFO | Alternating low-rank iter 700 | Loss: 0.589092 | Penalized: 0.603197
2026-04-29 11:52:21 | INFO | Alternating low-rank iter 800 | Loss: 0.589091 | Penalized: 0.603196
2026-04-29 11:52:21 | INFO | Done fitting.
2026-04-29 11:52:21 | INFO | Optimizer status: CONVERGED: alternating objective tolerance reached
2026-04-29 11:52:21 | INFO | Best optimizer start: 1 / 1
2026-04-29 11:52:21 | INFO | Final Loss: 0.589091
2026-04-29 11:52:21 | INFO | Estimated vs True Parameters:
2026-04-29 11:52:21 | INFO |   beta: -0.2795 (True: -0.3000) | SQE: 0.000419
2026-04-29 11:52:21 | INFO |   xi: 0.9532 (True: 0.8000) | SQE: 0.023477
2026-04-29 11:52:21 | INFO |   eta: 0.2913 (True: 0.3000) | SQE: 0.000076
2026-04-29 11:52:21 | INFO | Alternating low-rank optimizer diagnostics:
2026-04-29 11:52:21 | INFO |   penalized_objective: 0.603196
2026-04-29 11:52:21 | INFO |   mple_loss_without_penalty: 0.589091
2026-04-29 11:52:21 | INFO |   lambda_uv_ridge: 1.500000
2026-04-29 11:52:21 | INFO |   u_frobenius_norm: 21.567716
2026-04-29 11:52:21 | INFO |   v_frobenius_norm: 2.236068
2026-04-29 11:52:21 | INFO |   effective_rank: 5.000000
2026-04-29 11:52:21 | INFO | Field and interaction diagnostics:
2026-04-29 11:52:21 | INFO |   field_rmse: 0.206323
2026-04-29 11:52:21 | INFO |   interaction_fro_error: 0.437473
2026-04-29 11:52:21 | INFO |   estimated_field_max_abs_entry: 0.570698
2026-04-29 11:52:21 | INFO |   estimated_field_rank: 5.000000
2026-04-29 11:52:21 | INFO |   true_field_max_abs_entry: 2.000000
2026-04-29 11:52:21 | INFO |   true_field_rank: 5.000000
2026-04-29 11:52:21 | INFO | Saved summary table to /orcd/home/002/phevosp/MPLE-Causal-Inference/experiments/SyntheticHybridExperiments/spectral_low_rank_5_confounding/fits/alternating_rank_5_uv_1p5/mple_summary.csv
2026-04-29 11:52:21 | INFO | Log saved to /orcd/home/002/phevosp/MPLE-Causal-Inference/experiments/SyntheticHybridExperiments/spectral_low_rank_5_confounding/fits/alternating_rank_5_uv_1p5/mple.log
