2026-04-25 19:26:22 | INFO | Loading data...
2026-04-25 19:26:22 | INFO | Using panel artifact: /orcd/home/002/phevosp/MPLE-Causal-Inference/experiments/USCountyVaccination_US_trimmed/outcome_death_rate_100k_ge_2__intervention_complete_cov_ge_30__lag_2w__contiguity__start_2020_09_06/panel_data.npz
2026-04-25 19:26:22 | INFO | Using x_0 artifact: /orcd/home/002/phevosp/MPLE-Causal-Inference/experiments/USCountyVaccination_US_trimmed/outcome_death_rate_100k_ge_2__intervention_complete_cov_ge_30__lag_2w__contiguity__start_2020_09_06/x_0.npy
2026-04-25 19:26:22 | INFO | Using fit config: /orcd/home/002/phevosp/MPLE-Causal-Inference/experiments/USCountyVaccination_US_trimmed/outcome_death_rate_100k_ge_2__intervention_complete_cov_ge_30__lag_2w__contiguity__start_2020_09_06/fits/alternating_rank_5_lambda_14_beta_mask_pre_and_post/fit_realized_config.yaml
2026-04-25 19:26:22 | INFO | Using model artifact directory: /orcd/home/002/phevosp/MPLE-Causal-Inference/experiments/USCountyVaccination_US_trimmed/outcome_death_rate_100k_ge_2__intervention_complete_cov_ge_30__lag_2w__contiguity__start_2020_09_06
2026-04-25 19:26:22 | INFO | Using truth artifact directory: /orcd/home/002/phevosp/MPLE-Causal-Inference/experiments/USCountyVaccination_US_trimmed/outcome_death_rate_100k_ge_2__intervention_complete_cov_ge_30__lag_2w__contiguity__start_2020_09_06
2026-04-25 19:26:22 | INFO | Configured optimizer mode: alternating_latent_rank
2026-04-25 19:26:22 | INFO | Configured latent rank: 5
2026-04-25 19:26:22 | INFO | Using a fixed known graph with scalar xi.
2026-04-25 19:26:22 | INFO | Fit-time hard bounds active: False
2026-04-25 19:26:22 | INFO | Fixed scalar parameters: {}
2026-04-25 19:26:22 | INFO | Beta mask before s: True
2026-04-25 19:26:22 | INFO | Beta mask after e: True
2026-04-25 19:26:22 | INFO | Optimizer settings: steps=20000, tol=1e-09, n_starts=1, seed=0, lambda_nuclear=0.0, lambda_frobenius=0.0, lambda_uv_ridge=14.0, proximal_lr=1.0
2026-04-25 19:26:22 | INFO | Alternating low-rank start 1/1 | seed=0 | initial_loss=0.641458 | initial_penalized=0.649614
2026-04-25 19:26:22 | INFO | Alternating low-rank iter 0 | Loss: 0.531749 | Penalized: 0.554194
2026-04-25 19:26:31 | INFO | Alternating low-rank iter 100 | Loss: 0.459001 | Penalized: 0.499928
2026-04-25 19:26:40 | INFO | Alternating low-rank iter 200 | Loss: 0.460182 | Penalized: 0.499505
2026-04-25 19:26:49 | INFO | Alternating low-rank iter 300 | Loss: 0.460491 | Penalized: 0.499490
2026-04-25 19:26:56 | INFO | Done fitting.
2026-04-25 19:26:56 | INFO | Optimizer status: CONVERGED: alternating objective tolerance reached
2026-04-25 19:26:56 | INFO | Best optimizer start: 1 / 1
2026-04-25 19:26:56 | INFO | Final Loss: 0.460542
2026-04-25 19:26:56 | INFO | Estimated Parameters:
2026-04-25 19:26:56 | INFO |   beta: -0.0114
2026-04-25 19:26:56 | INFO |   xi: 1.7083
2026-04-25 19:26:56 | INFO |   eta: 0.1543
2026-04-25 19:26:56 | INFO | Alternating low-rank optimizer diagnostics:
2026-04-25 19:26:56 | INFO |   penalized_objective: 0.499490
2026-04-25 19:26:56 | INFO |   mple_loss_without_penalty: 0.460542
2026-04-25 19:26:56 | INFO |   lambda_uv_ridge: 14.000000
2026-04-25 19:26:56 | INFO |   u_frobenius_norm: 19.191718
2026-04-25 19:26:56 | INFO |   v_frobenius_norm: 19.191721
2026-04-25 19:26:56 | INFO |   effective_rank: 5.000000
2026-04-25 19:26:56 | INFO | Field and interaction diagnostics:
2026-04-25 19:26:56 | INFO |   estimated_field_max_abs_entry: 1.441836
2026-04-25 19:26:56 | INFO |   estimated_field_rank: 5.000000
2026-04-25 19:26:56 | INFO | Saved summary table to /orcd/home/002/phevosp/MPLE-Causal-Inference/experiments/USCountyVaccination_US_trimmed/outcome_death_rate_100k_ge_2__intervention_complete_cov_ge_30__lag_2w__contiguity__start_2020_09_06/fits/alternating_rank_5_lambda_14_beta_mask_pre_and_post/mple_summary.csv
2026-04-25 19:26:56 | INFO | Log saved to /orcd/home/002/phevosp/MPLE-Causal-Inference/experiments/USCountyVaccination_US_trimmed/outcome_death_rate_100k_ge_2__intervention_complete_cov_ge_30__lag_2w__contiguity__start_2020_09_06/fits/alternating_rank_5_lambda_14_beta_mask_pre_and_post/mple.log
