2026-04-08 12:15:23 | INFO | Loading data...
2026-04-08 12:15:23 | INFO | Loaded 6 field templates and 1 interaction templates.
2026-04-08 12:15:23 | INFO | Intervention-process model enabled: True
2026-04-08 12:15:23 | INFO | Tau zero-mean enabled: False
2026-04-08 12:15:23 | INFO | Tau smoothness lambda: 0.000000
2026-04-08 12:15:23 | INFO | Running conditional-model MPLE on x with shape=(70, 3135)
2026-04-08 12:15:23 | INFO | Eval 0  |  Loss: 0.703641
2026-04-08 12:15:23 | INFO |   field::population_density: +0.0126,  field::senior_population: -0.0132,  field::college_education: +0.0640,  field::poverty_rate: +0.0105,  field::log_population: -0.0536,  field::median_household_income: +0.0362,  tau block: mean=+0.0096, std=0.0990, min=-0.2325, max=+0.1960,  beta: -0.0662,  interaction::contiguity: +0.0935,  eta: +0.0049,  zeta: +0.2002,  psi: +0.0189
2026-04-08 12:15:27 | INFO | Done fitting.
2026-04-08 12:15:27 | INFO | Optimizer status: CONVERGENCE: RELATIVE REDUCTION OF F <= FACTR*EPSMCH
2026-04-08 12:15:27 | INFO | Final Loss: 0.285134
2026-04-08 12:15:27 | INFO | Estimated Parameters:
2026-04-08 12:15:27 | INFO |   field::population_density: -1.5707
2026-04-08 12:15:27 | INFO |   field::senior_population: -0.1271
2026-04-08 12:15:27 | INFO |   field::college_education: -0.8285
2026-04-08 12:15:27 | INFO |   field::poverty_rate: -0.7871
2026-04-08 12:15:27 | INFO |   field::log_population: 1.1944
2026-04-08 12:15:27 | INFO |   field::median_household_income: -0.7038
2026-04-08 12:15:27 | INFO |   tau::t_0: 0.0965
2026-04-08 12:15:27 | INFO |   tau::t_1: 0.0816
2026-04-08 12:15:27 | INFO |   tau::t_2: 0.0662
2026-04-08 12:15:27 | INFO |   tau::t_3: 0.0572
2026-04-08 12:15:27 | INFO |   tau::t_4: -0.0120
2026-04-08 12:15:27 | INFO |   tau::t_5: -0.1250
2026-04-08 12:15:27 | INFO |   tau::t_6: -0.0487
2026-04-08 12:15:27 | INFO |   tau::t_7: -0.0940
2026-04-08 12:15:27 | INFO |   tau::t_8: -0.1562
2026-04-08 12:15:27 | INFO |   tau::t_9: -0.2233
2026-04-08 12:15:27 | INFO |   tau::t_10: -0.2321
2026-04-08 12:15:27 | INFO |   tau::t_11: -0.2641
2026-04-08 12:15:27 | INFO |   tau::t_12: -0.2425
2026-04-08 12:15:27 | INFO |   tau::t_13: -0.2253
2026-04-08 12:15:27 | INFO |   tau::t_14: -0.2915
2026-04-08 12:15:27 | INFO |   tau::t_15: -0.3018
2026-04-08 12:15:27 | INFO |   tau::t_16: -0.2937
2026-04-08 12:15:27 | INFO |   tau::t_17: -0.3239
2026-04-08 12:15:27 | INFO |   tau::t_18: -0.3375
2026-04-08 12:15:27 | INFO |   tau::t_19: -0.2522
2026-04-08 12:15:27 | INFO |   tau::t_20: -0.4262
2026-04-08 12:15:27 | INFO |   tau::t_21: -0.3821
2026-04-08 12:15:27 | INFO |   tau::t_22: -0.5210
2026-04-08 12:15:27 | INFO |   tau::t_23: -0.5310
2026-04-08 12:15:27 | INFO |   tau::t_24: -0.5588
2026-04-08 12:15:27 | INFO |   tau::t_25: -0.6472
2026-04-08 12:15:27 | INFO |   tau::t_26: -0.5230
2026-04-08 12:15:27 | INFO |   tau::t_27: -0.5085
2026-04-08 12:15:27 | INFO |   tau::t_28: -0.4548
2026-04-08 12:15:27 | INFO |   tau::t_29: -0.3186
2026-04-08 12:15:27 | INFO |   tau::t_30: -0.2237
2026-04-08 12:15:27 | INFO |   tau::t_31: -0.1444
2026-04-08 12:15:27 | INFO |   tau::t_32: -0.0834
2026-04-08 12:15:27 | INFO |   tau::t_33: -0.0605
2026-04-08 12:15:27 | INFO |   tau::t_34: -0.0266
2026-04-08 12:15:27 | INFO |   tau::t_35: 0.0873
2026-04-08 12:15:27 | INFO |   tau::t_36: 0.0844
2026-04-08 12:15:27 | INFO |   tau::t_37: 0.0926
2026-04-08 12:15:27 | INFO |   tau::t_38: 0.0476
2026-04-08 12:15:27 | INFO |   tau::t_39: 0.0399
2026-04-08 12:15:27 | INFO |   tau::t_40: 0.0561
2026-04-08 12:15:27 | INFO |   tau::t_41: 0.0352
2026-04-08 12:15:27 | INFO |   tau::t_42: -0.0329
2026-04-08 12:15:27 | INFO |   tau::t_43: -0.0387
2026-04-08 12:15:27 | INFO |   tau::t_44: -0.0191
2026-04-08 12:15:27 | INFO |   tau::t_45: -0.1959
2026-04-08 12:15:27 | INFO |   tau::t_46: 0.0640
2026-04-08 12:15:27 | INFO |   tau::t_47: -0.0107
2026-04-08 12:15:27 | INFO |   tau::t_48: -0.0200
2026-04-08 12:15:27 | INFO |   tau::t_49: -0.0677
2026-04-08 12:15:27 | INFO |   tau::t_50: -0.0410
2026-04-08 12:15:27 | INFO |   tau::t_51: 0.0451
2026-04-08 12:15:27 | INFO |   tau::t_52: 0.0396
2026-04-08 12:15:27 | INFO |   tau::t_53: 0.0653
2026-04-08 12:15:27 | INFO |   tau::t_54: 0.1357
2026-04-08 12:15:27 | INFO |   tau::t_55: 0.1827
2026-04-08 12:15:27 | INFO |   tau::t_56: 0.1765
2026-04-08 12:15:27 | INFO |   tau::t_57: 0.1468
2026-04-08 12:15:27 | INFO |   tau::t_58: 0.0743
2026-04-08 12:15:27 | INFO |   tau::t_59: 0.0259
2026-04-08 12:15:27 | INFO |   tau::t_60: -0.0653
2026-04-08 12:15:27 | INFO |   tau::t_61: -0.0754
2026-04-08 12:15:27 | INFO |   tau::t_62: -0.1663
2026-04-08 12:15:27 | INFO |   tau::t_63: -0.2342
2026-04-08 12:15:27 | INFO |   tau::t_64: -0.3340
2026-04-08 12:15:27 | INFO |   tau::t_65: -0.3176
2026-04-08 12:15:27 | INFO |   tau::t_66: -0.4295
2026-04-08 12:15:27 | INFO |   tau::t_67: -0.4320
2026-04-08 12:15:27 | INFO |   tau::t_68: -0.2826
2026-04-08 12:15:27 | INFO |   tau::t_69: -0.5327
2026-04-08 12:15:27 | INFO |   beta: -0.0409
2026-04-08 12:15:27 | INFO |   interaction::contiguity: 1.3673
2026-04-08 12:15:27 | INFO |   eta: 0.2173
2026-04-08 12:15:27 | INFO |   zeta: -0.2119
2026-04-08 12:15:27 | INFO |   psi: 2.0631
2026-04-08 12:15:27 | INFO | Saved summary tables to C:\Users\phevo\Documents\MIT\Code\MPLE-Causal-Inference\experiments\USCountyVaccination_US_features_new\outcome_death_rate_100k_ge_2__intervention_partial_cov_ge_20__lag_0w__contiguity\mple_summary.csv and C:\Users\phevo\Documents\MIT\Code\MPLE-Causal-Inference\experiments\USCountyVaccination_US_features_new\outcome_death_rate_100k_ge_2__intervention_partial_cov_ge_20__lag_0w__contiguity\mple_summary.md
2026-04-08 12:15:27 | INFO | Log saved to C:\Users\phevo\Documents\MIT\Code\MPLE-Causal-Inference\experiments\USCountyVaccination_US_features_new\outcome_death_rate_100k_ge_2__intervention_partial_cov_ge_20__lag_0w__contiguity\mple.log
