2026-04-19 12:14:21 | INFO | Loading data...
2026-04-19 12:14:21 | INFO | Using panel artifact: C:\Users\phevo\Documents\MIT\Code\MPLE-Causal-Inference\experiments\USCountyVaccination_US_sensitivity\outcome_death_rate_100k_ge_2__intervention_complete_cov_ge_40__lag_2w__contiguity__start_2020_03_01\panel_data.npz
2026-04-19 12:14:21 | INFO | Using x_0 artifact: C:\Users\phevo\Documents\MIT\Code\MPLE-Causal-Inference\experiments\USCountyVaccination_US_sensitivity\outcome_death_rate_100k_ge_2__intervention_complete_cov_ge_40__lag_2w__contiguity__start_2020_03_01\x_0.npy
2026-04-19 12:14:21 | INFO | Using z_0 artifact: C:\Users\phevo\Documents\MIT\Code\MPLE-Causal-Inference\experiments\USCountyVaccination_US_sensitivity\outcome_death_rate_100k_ge_2__intervention_complete_cov_ge_40__lag_2w__contiguity__start_2020_03_01\z_0.npy
2026-04-19 12:14:21 | INFO | Using fit config: C:\Users\phevo\Documents\MIT\Code\MPLE-Causal-Inference\experiments\USCountyVaccination_US_sensitivity\outcome_death_rate_100k_ge_2__intervention_complete_cov_ge_40__lag_2w__contiguity__start_2020_03_01\fits\rank_20_b10\fit_realized_config.yaml
2026-04-19 12:14:21 | INFO | Using model artifact directory: C:\Users\phevo\Documents\MIT\Code\MPLE-Causal-Inference\experiments\USCountyVaccination_US_sensitivity\outcome_death_rate_100k_ge_2__intervention_complete_cov_ge_40__lag_2w__contiguity__start_2020_03_01
2026-04-19 12:14:21 | INFO | Using truth artifact directory: C:\Users\phevo\Documents\MIT\Code\MPLE-Causal-Inference\experiments\USCountyVaccination_US_sensitivity\outcome_death_rate_100k_ge_2__intervention_complete_cov_ge_40__lag_2w__contiguity__start_2020_03_01
2026-04-19 12:14:21 | INFO | Configured latent rank: 20
2026-04-19 12:14:21 | INFO | Using a fixed known graph with scalar xi.
2026-04-19 12:14:21 | INFO | Intervention-process model enabled: False
2026-04-19 12:14:21 | INFO | Global temperature bound B active: True
2026-04-19 12:14:21 | INFO | Effective xi bound from interaction constraint: 10.000000
2026-04-19 12:14:21 | INFO | Beta mask pre-intervention enabled: True
2026-04-19 12:14:21 | INFO | Fixed scalar parameters: {}
2026-04-19 12:14:21 | INFO | Optimizer settings: n_starts=5, lbfgs_steps=50000, tol=1e-09, adam_steps=1000, adam_lr=0.01, adam_device=cpu, seed=0
2026-04-19 12:14:21 | INFO | Optimizer start 1/5 | seed=0 | initial_loss=0.691955
2026-04-19 12:14:24 | INFO | Start 1 Adam step 0 | Loss: 0.691955
2026-04-19 12:14:25 | INFO | Start 1 Adam step 100 | Loss: 0.319883
2026-04-19 12:14:27 | INFO | Start 1 Adam step 200 | Loss: 0.291898
2026-04-19 12:14:28 | INFO | Start 1 Adam step 300 | Loss: 0.284679
2026-04-19 12:14:30 | INFO | Start 1 Adam step 400 | Loss: 0.279559
2026-04-19 12:14:32 | INFO | Start 1 Adam step 500 | Loss: 0.275979
2026-04-19 12:14:33 | INFO | Start 1 Adam step 600 | Loss: 0.274744
2026-04-19 12:14:35 | INFO | Start 1 Adam step 700 | Loss: 0.272921
2026-04-19 12:14:36 | INFO | Start 1 Adam step 800 | Loss: 0.272952
2026-04-19 12:14:38 | INFO | Start 1 Adam step 900 | Loss: 0.273202
2026-04-19 12:14:39 | INFO | Start 1 L-BFGS eval 0 | Loss: 0.273487
2026-04-19 12:14:39 | INFO |   beta: -0.0291,  xi: +1.2183,  eta: -0.2978
2026-04-19 12:14:43 | INFO | Optimizer start 1/5 complete | final_loss=0.272853 | status=CONVERGENCE: RELATIVE REDUCTION OF F <= FACTR*EPSMCH
2026-04-19 12:14:43 | INFO | Optimizer start 2/5 | seed=1 | initial_loss=0.698206
2026-04-19 12:14:43 | INFO | Start 2 Adam step 0 | Loss: 0.698206
2026-04-19 12:14:44 | INFO | Start 2 Adam step 100 | Loss: 0.318692
2026-04-19 12:14:46 | INFO | Start 2 Adam step 200 | Loss: 0.291583
2026-04-19 12:14:48 | INFO | Start 2 Adam step 300 | Loss: 0.284160
2026-04-19 12:14:49 | INFO | Start 2 Adam step 400 | Loss: 0.280687
2026-04-19 12:14:51 | INFO | Start 2 Adam step 500 | Loss: 0.277986
2026-04-19 12:14:53 | INFO | Start 2 Adam step 600 | Loss: 0.274817
2026-04-19 12:14:55 | INFO | Start 2 Adam step 700 | Loss: 0.273262
2026-04-19 12:14:56 | INFO | Start 2 Adam step 800 | Loss: 0.272594
2026-04-19 12:14:58 | INFO | Start 2 Adam step 900 | Loss: 0.272337
2026-04-19 12:15:00 | INFO | Start 2 L-BFGS eval 0 | Loss: 0.272752
2026-04-19 12:15:00 | INFO |   beta: -0.0404,  xi: +1.2361,  eta: -0.2980
2026-04-19 12:15:03 | INFO | Optimizer start 2/5 complete | final_loss=0.272240 | status=CONVERGENCE: RELATIVE REDUCTION OF F <= FACTR*EPSMCH
2026-04-19 12:15:03 | INFO | Optimizer start 3/5 | seed=2 | initial_loss=0.741820
2026-04-19 12:15:03 | INFO | Start 3 Adam step 0 | Loss: 0.741820
2026-04-19 12:15:04 | INFO | Start 3 Adam step 100 | Loss: 0.321903
2026-04-19 12:15:06 | INFO | Start 3 Adam step 200 | Loss: 0.289876
2026-04-19 12:15:07 | INFO | Start 3 Adam step 300 | Loss: 0.280987
2026-04-19 12:15:09 | INFO | Start 3 Adam step 400 | Loss: 0.278274
2026-04-19 12:15:10 | INFO | Start 3 Adam step 500 | Loss: 0.275331
2026-04-19 12:15:12 | INFO | Start 3 Adam step 600 | Loss: 0.274020
2026-04-19 12:15:13 | INFO | Start 3 Adam step 700 | Loss: 0.272828
2026-04-19 12:15:15 | INFO | Start 3 Adam step 800 | Loss: 0.272458
2026-04-19 12:15:16 | INFO | Start 3 Adam step 900 | Loss: 0.272461
2026-04-19 12:15:18 | INFO | Start 3 L-BFGS eval 0 | Loss: 0.272616
2026-04-19 12:15:18 | INFO |   beta: -0.0331,  xi: +1.1690,  eta: -0.2977
2026-04-19 12:15:22 | INFO | Optimizer start 3/5 complete | final_loss=0.272390 | status=CONVERGENCE: RELATIVE REDUCTION OF F <= FACTR*EPSMCH
2026-04-19 12:15:22 | INFO | Optimizer start 4/5 | seed=3 | initial_loss=0.804851
2026-04-19 12:15:22 | INFO | Start 4 Adam step 0 | Loss: 0.804851
2026-04-19 12:15:23 | INFO | Start 4 Adam step 100 | Loss: 0.326774
2026-04-19 12:15:25 | INFO | Start 4 Adam step 200 | Loss: 0.291682
2026-04-19 12:15:26 | INFO | Start 4 Adam step 300 | Loss: 0.282473
2026-04-19 12:15:28 | INFO | Start 4 Adam step 400 | Loss: 0.277573
2026-04-19 12:15:29 | INFO | Start 4 Adam step 500 | Loss: 0.274878
2026-04-19 12:15:31 | INFO | Start 4 Adam step 600 | Loss: 0.273342
2026-04-19 12:15:33 | INFO | Start 4 Adam step 700 | Loss: 0.271973
2026-04-19 12:15:34 | INFO | Start 4 Adam step 800 | Loss: 0.271889
2026-04-19 12:15:36 | INFO | Start 4 Adam step 900 | Loss: 0.271408
2026-04-19 12:15:37 | INFO | Start 4 L-BFGS eval 0 | Loss: 0.271967
2026-04-19 12:15:37 | INFO |   beta: -0.0219,  xi: +1.1531,  eta: -0.2926
2026-04-19 12:15:41 | INFO | Optimizer start 4/5 complete | final_loss=0.271463 | status=CONVERGENCE: RELATIVE REDUCTION OF F <= FACTR*EPSMCH
2026-04-19 12:15:41 | INFO | Optimizer start 5/5 | seed=4 | initial_loss=0.681169
2026-04-19 12:15:41 | INFO | Start 5 Adam step 0 | Loss: 0.681169
2026-04-19 12:15:42 | INFO | Start 5 Adam step 100 | Loss: 0.315426
2026-04-19 12:15:44 | INFO | Start 5 Adam step 200 | Loss: 0.288204
2026-04-19 12:15:45 | INFO | Start 5 Adam step 300 | Loss: 0.280033
2026-04-19 12:15:47 | INFO | Start 5 Adam step 400 | Loss: 0.277526
2026-04-19 12:15:49 | INFO | Start 5 Adam step 500 | Loss: 0.274971
2026-04-19 12:15:50 | INFO | Start 5 Adam step 600 | Loss: 0.274031
2026-04-19 12:15:52 | INFO | Start 5 Adam step 700 | Loss: 0.274044
2026-04-19 12:15:53 | INFO | Start 5 Adam step 800 | Loss: 0.272948
2026-04-19 12:15:55 | INFO | Start 5 Adam step 900 | Loss: 0.271960
2026-04-19 12:15:56 | INFO | Start 5 L-BFGS eval 0 | Loss: 0.273316
2026-04-19 12:15:56 | INFO |   beta: -0.0126,  xi: +1.2858,  eta: -0.3015
2026-04-19 12:16:01 | INFO | Start 5 L-BFGS eval 100 | Loss: 0.272256
2026-04-19 12:16:01 | INFO |   beta: -0.0156,  xi: +1.3229,  eta: -0.3063
2026-04-19 12:16:01 | INFO | Optimizer start 5/5 complete | final_loss=0.272256 | status=ABNORMAL: 
2026-04-19 12:16:01 | INFO | Done fitting.
2026-04-19 12:16:01 | INFO | Optimizer status: CONVERGENCE: RELATIVE REDUCTION OF F <= FACTR*EPSMCH | best_start=4/5
2026-04-19 12:16:01 | INFO | Best optimizer start: 4 / 5
2026-04-19 12:16:01 | INFO | Final Loss: 0.271463
2026-04-19 12:16:01 | INFO | Estimated Parameters:
2026-04-19 12:16:01 | INFO |   beta: -0.0187
2026-04-19 12:16:01 | INFO |   xi: 1.1937
2026-04-19 12:16:01 | INFO |   eta: -0.2976
2026-04-19 12:16:01 | INFO | Field and interaction diagnostics:
2026-04-19 12:16:01 | INFO |   estimated_field_inf_norm: 10.000000
2026-04-19 12:16:01 | INFO |   estimated_field_rank: 20.000000
2026-04-19 12:16:01 | INFO |   bound_B: 10.000000
2026-04-19 12:16:01 | INFO | Saved summary tables to C:\Users\phevo\Documents\MIT\Code\MPLE-Causal-Inference\experiments\USCountyVaccination_US_sensitivity\outcome_death_rate_100k_ge_2__intervention_complete_cov_ge_40__lag_2w__contiguity__start_2020_03_01\fits\rank_20_b10\mple_summary.csv and C:\Users\phevo\Documents\MIT\Code\MPLE-Causal-Inference\experiments\USCountyVaccination_US_sensitivity\outcome_death_rate_100k_ge_2__intervention_complete_cov_ge_40__lag_2w__contiguity__start_2020_03_01\fits\rank_20_b10\mple_summary.md
2026-04-19 12:16:01 | INFO | Log saved to C:\Users\phevo\Documents\MIT\Code\MPLE-Causal-Inference\experiments\USCountyVaccination_US_sensitivity\outcome_death_rate_100k_ge_2__intervention_complete_cov_ge_40__lag_2w__contiguity__start_2020_03_01\fits\rank_20_b10\mple.log
