2026-06-09 01:39:34 | INFO | Loading data...
2026-06-09 01:39:34 | INFO | Using panel artifact: /orcd/home/002/phevosp/MPLE-Causal-Inference/experiments/Hybrid/partial_confounding_5/panel_data.npz
2026-06-09 01:39:34 | INFO | Using x_0 artifact: /orcd/home/002/phevosp/MPLE-Causal-Inference/experiments/Hybrid/partial_confounding_5/x_0.npy
2026-06-09 01:39:34 | INFO | Using fit config: /orcd/home/002/phevosp/MPLE-Causal-Inference/experiments/Hybrid/partial_confounding_5/fits/alternating_rank_5_uv_5_e2_beta_mask/fit_realized_config.yaml
2026-06-09 01:39:34 | INFO | Using model artifact directory: /orcd/home/002/phevosp/MPLE-Causal-Inference/experiments/Hybrid/partial_confounding_5
2026-06-09 01:39:34 | INFO | Using truth artifact directory: /orcd/home/002/phevosp/MPLE-Causal-Inference/experiments/Hybrid/partial_confounding_5
2026-06-09 01:39:34 | INFO | Configured optimizer mode: alternating_latent_rank
2026-06-09 01:39:34 | INFO | Configured latent rank: 5
2026-06-09 01:39:34 | INFO | Using a fixed known graph with scalar xi.
2026-06-09 01:39:34 | INFO | Fit-time hard bounds active: False
2026-06-09 01:39:34 | INFO | Fixed scalar parameters: {}
2026-06-09 01:39:34 | INFO | Warm-start fixed scalars: {} for 0 steps
2026-06-09 01:39:34 | INFO | Beta mask before s: True with s=50
2026-06-09 01:39:34 | INFO | Beta mask after e: True with e=115
2026-06-09 01:39:34 | INFO | Alternating V-column L2-ball constraint active with radius 1.0
2026-06-09 01:39:34 | INFO | Optimizer settings: steps=20000, tol=1e-09, n_starts=5, seed=0, lambda_nuclear=0.0, lambda_frobenius=0.0, lambda_uv_ridge=0.05, v_column_l2_max=1.0, proximal_lr=1.0
2026-06-09 01:39:35 | INFO | Alternating low-rank start 1/5 | seed=0 | initial_loss=0.781092 | initial_penalized=0.781094
2026-06-09 01:39:35 | INFO | Alternating low-rank iter 0 | Loss: 0.589257 | Penalized: 0.592260
2026-06-09 01:39:48 | INFO | Alternating low-rank iter 100 | Loss: 0.546453 | Penalized: 0.554016
2026-06-09 01:40:02 | INFO | Alternating low-rank iter 200 | Loss: 0.546445 | Penalized: 0.554000
2026-06-09 01:40:15 | INFO | Alternating low-rank iter 300 | Loss: 0.546446 | Penalized: 0.553999
2026-06-09 01:40:30 | INFO | Alternating low-rank iter 400 | Loss: 0.546446 | Penalized: 0.553999
2026-06-09 01:40:30 | INFO | Alternating low-rank start 2/5 | seed=1 | initial_loss=0.683597 | initial_penalized=0.683599
2026-06-09 01:40:30 | INFO | Alternating low-rank iter 0 | Loss: 0.586769 | Penalized: 0.589868
2026-06-09 01:40:44 | INFO | Alternating low-rank iter 100 | Loss: 0.546445 | Penalized: 0.554050
2026-06-09 01:40:58 | INFO | Alternating low-rank iter 200 | Loss: 0.546442 | Penalized: 0.554005
2026-06-09 01:41:12 | INFO | Alternating low-rank iter 300 | Loss: 0.546444 | Penalized: 0.554000
2026-06-09 01:41:26 | INFO | Alternating low-rank iter 400 | Loss: 0.546445 | Penalized: 0.553999
2026-06-09 01:41:39 | INFO | Alternating low-rank iter 500 | Loss: 0.546446 | Penalized: 0.553999
2026-06-09 01:41:46 | INFO | Alternating low-rank start 3/5 | seed=2 | initial_loss=0.705654 | initial_penalized=0.705656
2026-06-09 01:41:46 | INFO | Alternating low-rank iter 0 | Loss: 0.581431 | Penalized: 0.584760
2026-06-09 01:42:00 | INFO | Alternating low-rank iter 100 | Loss: 0.546456 | Penalized: 0.554017
2026-06-09 01:42:14 | INFO | Alternating low-rank iter 200 | Loss: 0.546449 | Penalized: 0.554002
2026-06-09 01:42:28 | INFO | Alternating low-rank iter 300 | Loss: 0.546448 | Penalized: 0.554001
2026-06-09 01:42:42 | INFO | Alternating low-rank iter 400 | Loss: 0.546448 | Penalized: 0.554000
2026-06-09 01:42:56 | INFO | Alternating low-rank iter 500 | Loss: 0.546448 | Penalized: 0.554000
2026-06-09 01:43:09 | INFO | Alternating low-rank iter 600 | Loss: 0.546447 | Penalized: 0.554000
2026-06-09 01:43:23 | INFO | Alternating low-rank iter 700 | Loss: 0.546447 | Penalized: 0.553999
2026-06-09 01:43:36 | INFO | Alternating low-rank iter 800 | Loss: 0.546447 | Penalized: 0.553999
2026-06-09 01:43:45 | INFO | Alternating low-rank start 4/5 | seed=3 | initial_loss=0.643599 | initial_penalized=0.643601
2026-06-09 01:43:45 | INFO | Alternating low-rank iter 0 | Loss: 0.586960 | Penalized: 0.589093
2026-06-09 01:43:57 | INFO | Alternating low-rank iter 100 | Loss: 0.546453 | Penalized: 0.554021
2026-06-09 01:44:10 | INFO | Alternating low-rank iter 200 | Loss: 0.546447 | Penalized: 0.554005
2026-06-09 01:44:22 | INFO | Alternating low-rank iter 300 | Loss: 0.546446 | Penalized: 0.554002
2026-06-09 01:44:34 | INFO | Alternating low-rank iter 400 | Loss: 0.546446 | Penalized: 0.554000
2026-06-09 01:44:46 | INFO | Alternating low-rank iter 500 | Loss: 0.546446 | Penalized: 0.554000
2026-06-09 01:44:58 | INFO | Alternating low-rank iter 600 | Loss: 0.546446 | Penalized: 0.553999
2026-06-09 01:45:10 | INFO | Alternating low-rank iter 700 | Loss: 0.546446 | Penalized: 0.553999
2026-06-09 01:45:15 | INFO | Alternating low-rank start 5/5 | seed=4 | initial_loss=0.737186 | initial_penalized=0.737187
2026-06-09 01:45:15 | INFO | Alternating low-rank iter 0 | Loss: 0.590304 | Penalized: 0.594021
2026-06-09 01:45:27 | INFO | Alternating low-rank iter 100 | Loss: 0.546458 | Penalized: 0.554016
2026-06-09 01:45:39 | INFO | Alternating low-rank iter 200 | Loss: 0.546446 | Penalized: 0.553999
2026-06-09 01:45:41 | INFO | Done fitting.
2026-06-09 01:45:41 | INFO | Optimizer status: CONVERGED: alternating objective tolerance reached
2026-06-09 01:45:41 | INFO | Best optimizer start: 1 / 5
2026-06-09 01:45:41 | INFO | Final Loss: 0.546446
2026-06-09 01:45:41 | INFO | Estimated vs True Parameters:
2026-06-09 01:45:41 | INFO |   beta: -0.2388 (True: -0.3000) | SQE: 0.003741
2026-06-09 01:45:41 | INFO |   xi: 0.8505 (True: 0.8000) | SQE: 0.002547
2026-06-09 01:45:41 | INFO |   eta: 0.3030 (True: 0.3000) | SQE: 0.000009
2026-06-09 01:45:41 | INFO | Alternating low-rank optimizer diagnostics:
2026-06-09 01:45:41 | INFO |   penalized_objective: 0.553999
2026-06-09 01:45:41 | INFO |   mple_loss_without_penalty: 0.546446
2026-06-09 01:45:41 | INFO |   lambda_uv_ridge: 0.050000
2026-06-09 01:45:41 | INFO |   u_frobenius_norm: 228.811199
2026-06-09 01:45:41 | INFO |   v_frobenius_norm: 2.236068
2026-06-09 01:45:41 | INFO |   effective_rank: 5.000000
2026-06-09 01:45:41 | INFO | Field and interaction diagnostics:
2026-06-09 01:45:41 | INFO |   field_rmse: 0.303213
2026-06-09 01:45:41 | INFO |   interaction_fro_error: 0.558363
2026-06-09 01:45:41 | INFO |   estimated_field_max_abs_entry: 2.420836
2026-06-09 01:45:41 | INFO |   estimated_field_rank: 5.000000
2026-06-09 01:45:41 | INFO |   true_field_max_abs_entry: 2.416210
2026-06-09 01:45:41 | INFO |   true_field_rank: 5.000000
2026-06-09 01:45:41 | INFO | Saved summary table to /orcd/home/002/phevosp/MPLE-Causal-Inference/experiments/Hybrid/partial_confounding_5/fits/alternating_rank_5_uv_5_e2_beta_mask/mple_summary.csv
2026-06-09 01:45:41 | INFO | Log saved to /orcd/home/002/phevosp/MPLE-Causal-Inference/experiments/Hybrid/partial_confounding_5/fits/alternating_rank_5_uv_5_e2_beta_mask/mple.log
