2026-04-07 13:36:05 | INFO | Loading data...
2026-04-07 13:36:06 | INFO | Loaded 6 field templates and 1 interaction templates.
2026-04-07 13:36:06 | INFO | Intervention-process model enabled: True
2026-04-07 13:36:06 | INFO | Tau zero-mean enabled: True
2026-04-07 13:36:06 | INFO | Tau smoothness lambda: 0.000000
2026-04-07 13:36:06 | INFO | Running conditional-model MPLE on x with shape=(66, 3203)
2026-04-07 13:36:06 | INFO | Eval 0  |  Loss: 0.704584
2026-04-07 13:36:06 | INFO |   field::log_population: +0.0126,  field::median_household_income: -0.0132,  field::poverty_rate: +0.0640,  field::pct_black: +0.0105,  field::pct_hispanic: -0.0536,  field::pct_in_labor_force: +0.0362,  tau block: mean=+0.0000, std=0.0971, min=-0.2414, max=+0.1872,  beta: +0.1004,  interaction::contiguity: -0.0618,  eta: +0.1822,  zeta: -0.1320,  psi: -0.0662
2026-04-07 13:36:08 | INFO | Done fitting.
2026-04-07 13:36:08 | INFO | Optimizer status: CONVERGENCE: RELATIVE REDUCTION OF F <= FACTR*EPSMCH
2026-04-07 13:36:08 | INFO | Final Loss: 0.279992
2026-04-07 13:36:08 | INFO | Estimated Parameters:
2026-04-07 13:36:08 | INFO |   field::log_population: 0.8528
2026-04-07 13:36:08 | INFO |   field::median_household_income: -1.2992
2026-04-07 13:36:08 | INFO |   field::poverty_rate: -0.7140
2026-04-07 13:36:08 | INFO |   field::pct_black: -0.0750
2026-04-07 13:36:08 | INFO |   field::pct_hispanic: -0.3602
2026-04-07 13:36:08 | INFO |   field::pct_in_labor_force: 0.0178
2026-04-07 13:36:08 | INFO |   tau::t_0: 0.1781
2026-04-07 13:36:08 | INFO |   tau::t_1: 0.0832
2026-04-07 13:36:08 | INFO |   tau::t_2: 0.1546
2026-04-07 13:36:08 | INFO |   tau::t_3: 0.1056
2026-04-07 13:36:08 | INFO |   tau::t_4: 0.0370
2026-04-07 13:36:08 | INFO |   tau::t_5: -0.0218
2026-04-07 13:36:08 | INFO |   tau::t_6: -0.0235
2026-04-07 13:36:08 | INFO |   tau::t_7: -0.0590
2026-04-07 13:36:08 | INFO |   tau::t_8: -0.0323
2026-04-07 13:36:08 | INFO |   tau::t_9: -0.0249
2026-04-07 13:36:08 | INFO |   tau::t_10: -0.0772
2026-04-07 13:36:08 | INFO |   tau::t_11: -0.0875
2026-04-07 13:36:08 | INFO |   tau::t_12: -0.0743
2026-04-07 13:36:08 | INFO |   tau::t_13: -0.0972
2026-04-07 13:36:08 | INFO |   tau::t_14: -0.1106
2026-04-07 13:36:08 | INFO |   tau::t_15: -0.0333
2026-04-07 13:36:08 | INFO |   tau::t_16: -0.1879
2026-04-07 13:36:08 | INFO |   tau::t_17: -0.1419
2026-04-07 13:36:08 | INFO |   tau::t_18: -0.2528
2026-04-07 13:36:08 | INFO |   tau::t_19: -0.2548
2026-04-07 13:36:08 | INFO |   tau::t_20: -0.2764
2026-04-07 13:36:08 | INFO |   tau::t_21: -0.3394
2026-04-07 13:36:08 | INFO |   tau::t_22: -0.2443
2026-04-07 13:36:08 | INFO |   tau::t_23: -0.2385
2026-04-07 13:36:08 | INFO |   tau::t_24: -0.1997
2026-04-07 13:36:08 | INFO |   tau::t_25: -0.0903
2026-04-07 13:36:08 | INFO |   tau::t_26: -0.0233
2026-04-07 13:36:08 | INFO |   tau::t_27: 0.0350
2026-04-07 13:36:08 | INFO |   tau::t_28: 0.0776
2026-04-07 13:36:08 | INFO |   tau::t_29: 0.0879
2026-04-07 13:36:08 | INFO |   tau::t_30: 0.1116
2026-04-07 13:36:08 | INFO |   tau::t_31: 0.2075
2026-04-07 13:36:08 | INFO |   tau::t_32: 0.1931
2026-04-07 13:36:08 | INFO |   tau::t_33: 0.2052
2026-04-07 13:36:08 | INFO |   tau::t_34: 0.1533
2026-04-07 13:36:08 | INFO |   tau::t_35: 0.1492
2026-04-07 13:36:08 | INFO |   tau::t_36: 0.1599
2026-04-07 13:36:08 | INFO |   tau::t_37: 0.1371
2026-04-07 13:36:08 | INFO |   tau::t_38: 0.0752
2026-04-07 13:36:08 | INFO |   tau::t_39: 0.0803
2026-04-07 13:36:08 | INFO |   tau::t_40: 0.0940
2026-04-07 13:36:08 | INFO |   tau::t_41: -0.0607
2026-04-07 13:36:08 | INFO |   tau::t_42: 0.1733
2026-04-07 13:36:08 | INFO |   tau::t_43: 0.0966
2026-04-07 13:36:08 | INFO |   tau::t_44: 0.0893
2026-04-07 13:36:08 | INFO |   tau::t_45: 0.0452
2026-04-07 13:36:08 | INFO |   tau::t_46: 0.0725
2026-04-07 13:36:08 | INFO |   tau::t_47: 0.1479
2026-04-07 13:36:08 | INFO |   tau::t_48: 0.1362
2026-04-07 13:36:08 | INFO |   tau::t_49: 0.1528
2026-04-07 13:36:08 | INFO |   tau::t_50: 0.2151
2026-04-07 13:36:08 | INFO |   tau::t_51: 0.2518
2026-04-07 13:36:08 | INFO |   tau::t_52: 0.2345
2026-04-07 13:36:08 | INFO |   tau::t_53: 0.2082
2026-04-07 13:36:08 | INFO |   tau::t_54: 0.1407
2026-04-07 13:36:08 | INFO |   tau::t_55: 0.0965
2026-04-07 13:36:08 | INFO |   tau::t_56: 0.0262
2026-04-07 13:36:08 | INFO |   tau::t_57: 0.0176
2026-04-07 13:36:08 | INFO |   tau::t_58: -0.0585
2026-04-07 13:36:08 | INFO |   tau::t_59: -0.1106
2026-04-07 13:36:08 | INFO |   tau::t_60: -0.1850
2026-04-07 13:36:08 | INFO |   tau::t_61: -0.1491
2026-04-07 13:36:08 | INFO |   tau::t_62: -0.2544
2026-04-07 13:36:08 | INFO |   tau::t_63: -0.2522
2026-04-07 13:36:08 | INFO |   tau::t_64: -0.1311
2026-04-07 13:36:08 | INFO |   tau::t_65: -0.3375
2026-04-07 13:36:08 | INFO |   beta: 0.1124
2026-04-07 13:36:08 | INFO |   interaction::contiguity: 1.5567
2026-04-07 13:36:08 | INFO |   eta: 0.2405
2026-04-07 13:36:08 | INFO |   zeta: -0.0352
2026-04-07 13:36:08 | INFO |   psi: 2.7082
2026-04-07 13:36:08 | INFO | Saved summary tables to C:\Users\phevo\Documents\MIT\Code\MPLE-Causal-Inference\experiments\USCountyVaccination_US\USCountyVaccination_US_tau_zero_mean\outcome_death_rate_100k_ge_2__intervention_complete_cov_ge_60__lag_4w__contiguity\mple_summary.csv and C:\Users\phevo\Documents\MIT\Code\MPLE-Causal-Inference\experiments\USCountyVaccination_US\USCountyVaccination_US_tau_zero_mean\outcome_death_rate_100k_ge_2__intervention_complete_cov_ge_60__lag_4w__contiguity\mple_summary.md
2026-04-07 13:36:08 | INFO | Log saved to C:\Users\phevo\Documents\MIT\Code\MPLE-Causal-Inference\experiments\USCountyVaccination_US\USCountyVaccination_US_tau_zero_mean\outcome_death_rate_100k_ge_2__intervention_complete_cov_ge_60__lag_4w__contiguity\mple.log
