2026-04-01 10:17:12 | INFO | Loading data...
2026-04-01 10:17:12 | INFO | Loaded 11 field templates and 1 interaction templates.
2026-04-01 10:17:12 | INFO | Running conditional-model MPLE on x with shape=(100, 100)
2026-04-01 10:17:12 | INFO | Eval 0  |  Loss: 0.790109
2026-04-01 10:17:12 | INFO |   field::intercept: +0.0126,  field::linear::feature_1: -0.0132,  field::quadratic::feature_1: +0.0640,  field::linear::feature_2: +0.0105,  field::quadratic::feature_2: -0.0536,  field::linear::feature_3: +0.0362,  field::quadratic::feature_3: +0.1304,  field::linear::feature_4: +0.0947,  field::quadratic::feature_4: -0.0704,  field::linear::feature_5: -0.1265,  field::quadratic::feature_5: -0.0623,  beta: +0.0041,  interaction::adjacency: -0.2325,  eta: -0.0219,  zeta: -0.1246,  psi: -0.0732
2026-04-01 10:17:12 | INFO | Done fitting.
2026-04-01 10:17:12 | INFO | Optimizer status: CONVERGENCE: RELATIVE REDUCTION OF F <= FACTR*EPSMCH
2026-04-01 10:17:12 | INFO | Final Loss: 0.195742
2026-04-01 10:17:12 | INFO | Estimated vs True Parameters:
2026-04-01 10:17:12 | INFO |   field::intercept: 0.5908 (True: 0.4250)
2026-04-01 10:17:12 | INFO |   field::intercept SQE: 0.027495
2026-04-01 10:17:12 | INFO |   field::linear::feature_1: 0.1677 (True: 0.2200)
2026-04-01 10:17:12 | INFO |   field::linear::feature_1 SQE: 0.002735
2026-04-01 10:17:12 | INFO |   field::quadratic::feature_1: 0.6828 (True: 0.6750)
2026-04-01 10:17:12 | INFO |   field::quadratic::feature_1 SQE: 0.000060
2026-04-01 10:17:12 | INFO |   field::linear::feature_2: 0.8102 (True: 0.9200)
2026-04-01 10:17:12 | INFO |   field::linear::feature_2 SQE: 0.012060
2026-04-01 10:17:12 | INFO |   field::quadratic::feature_2: -0.8383 (True: -0.7500)
2026-04-01 10:17:12 | INFO |   field::quadratic::feature_2 SQE: 0.007791
2026-04-01 10:17:12 | INFO |   field::linear::feature_3: 0.4217 (True: 0.4400)
2026-04-01 10:17:12 | INFO |   field::linear::feature_3 SQE: 0.000335
2026-04-01 10:17:12 | INFO |   field::quadratic::feature_3: -0.1524 (True: -0.1750)
2026-04-01 10:17:12 | INFO |   field::quadratic::feature_3 SQE: 0.000509
2026-04-01 10:17:12 | INFO |   field::linear::feature_4: 0.3744 (True: 0.5000)
2026-04-01 10:17:12 | INFO |   field::linear::feature_4 SQE: 0.015780
2026-04-01 10:17:12 | INFO |   field::quadratic::feature_4: 0.1239 (True: -0.0750)
2026-04-01 10:17:12 | INFO |   field::quadratic::feature_4 SQE: 0.039549
2026-04-01 10:17:12 | INFO |   field::linear::feature_5: 0.2461 (True: 0.2400)
2026-04-01 10:17:12 | INFO |   field::linear::feature_5 SQE: 0.000037
2026-04-01 10:17:12 | INFO |   field::quadratic::feature_5: 0.9263 (True: 0.8550)
2026-04-01 10:17:12 | INFO |   field::quadratic::feature_5 SQE: 0.005082
2026-04-01 10:17:12 | INFO |   beta: 1.0836 (True: 1.1000)
2026-04-01 10:17:12 | INFO |   beta SQE: 0.000269
2026-04-01 10:17:12 | INFO |   interaction::adjacency: 1.7721 (True: 2.0000)
2026-04-01 10:17:12 | INFO |   interaction::adjacency SQE: 0.051950
2026-04-01 10:17:12 | INFO |   eta: 0.7167 (True: 0.7000)
2026-04-01 10:17:12 | INFO |   eta SQE: 0.000278
2026-04-01 10:17:12 | INFO |   zeta: -0.9711 (True: -1.0000)
2026-04-01 10:17:12 | INFO |   zeta SQE: 0.000836
2026-04-01 10:17:12 | INFO |   psi: 0.4163 (True: 0.4000)
2026-04-01 10:17:12 | INFO |   psi SQE: 0.000267
2026-04-01 10:17:12 | INFO | Saved summary tables to C:\Users\phevo\Documents\MIT\Code\MPLE-Causal-Inference\experiments\n100_t100_low_temp_fro_small_shared_feature_field_known_graph_20260331_230238\mple_summary.csv and C:\Users\phevo\Documents\MIT\Code\MPLE-Causal-Inference\experiments\n100_t100_low_temp_fro_small_shared_feature_field_known_graph_20260331_230238\mple_summary.md
2026-04-01 10:17:12 | INFO | Log saved to C:\Users\phevo\Documents\MIT\Code\MPLE-Causal-Inference\experiments\n100_t100_low_temp_fro_small_shared_feature_field_known_graph_20260331_230238\mple.log
