2026-07-26 06:17:08 | INFO | Loading data...
2026-07-26 06:17:08 | INFO | Using panel artifact: /orcd/home/002/phevosp/MPLE-Causal-Inference/experiments/SyntheticNoInterference/synth_no_interference/panel_data.npz
2026-07-26 06:17:08 | INFO | Using x_0 artifact: /orcd/home/002/phevosp/MPLE-Causal-Inference/experiments/SyntheticNoInterference/synth_no_interference/x_0.npy
2026-07-26 06:17:08 | INFO | Using fit config: /orcd/home/002/phevosp/MPLE-Causal-Inference/experiments/SyntheticNoInterference/synth_no_interference/cv_runs_baselines/treatment_shared_unit/candidates/treatment_shared_unit_candidate_0016/fold_4/fit_realized_config.yaml
2026-07-26 06:17:08 | INFO | Using model artifact directory: /orcd/home/002/phevosp/MPLE-Causal-Inference/experiments/SyntheticNoInterference/synth_no_interference
2026-07-26 06:17:08 | INFO | Using truth artifact directory: /orcd/home/002/phevosp/MPLE-Causal-Inference/experiments/SyntheticNoInterference/synth_no_interference
2026-07-26 06:17:08 | INFO | Using loss mask artifact: /orcd/home/002/phevosp/MPLE-Causal-Inference/experiments/SyntheticNoInterference/synth_no_interference/cv_runs_baselines/treatment_shared_unit/candidates/treatment_shared_unit_candidate_0016/fold_4/loss_mask.npy
2026-07-26 06:17:08 | INFO | Configured optimizer mode: alternating_treatment_shared_unit_latent_rank
2026-07-26 06:17:08 | INFO | Configured latent rank: 5
2026-07-26 06:17:08 | INFO | Using a fixed known graph with scalar xi.
2026-07-26 06:17:08 | INFO | Fit-time hard bounds active: False
2026-07-26 06:17:08 | INFO | Fixed scalar parameters: {'beta': 0.0, 'xi': 0.0, 'eta': 0.0}
2026-07-26 06:17:08 | INFO | Warm-start fixed scalars: {} for 0 steps
2026-07-26 06:17:08 | INFO | Beta-gradient mask before s: False with s=0
2026-07-26 06:17:08 | INFO | Beta-gradient mask after e: False with e=11
2026-07-26 06:17:08 | INFO | Alternating V-column L2-ball constraint active with radius 1.0
2026-07-26 06:17:08 | INFO | Optimizer settings: steps=2000, tol=1e-07, n_starts=1, seed=0, lambda_nuclear=0.0, lambda_frobenius=0.0, lambda_uv_ridge=0.05, v_column_l2_max=1.0, proximal_lr=1.0
2026-07-26 06:17:08 | INFO | Treatment-shared-unit alternating low-rank start 1/1 | seed=0 | initial_loss=0.692992 | initial_penalized=0.693026
2026-07-26 06:17:08 | INFO | Treatment-shared-unit alternating low-rank iter 0 | Loss: 0.678153 | Penalized: 0.678357
2026-07-26 06:17:10 | INFO | Done fitting.
2026-07-26 06:17:10 | INFO | Optimizer status: CONVERGED: alternating treatment objective tolerance reached
2026-07-26 06:17:10 | INFO | Best optimizer start: 1 / 1
2026-07-26 06:17:10 | INFO | Final Loss: 0.470532
2026-07-26 06:17:10 | INFO | Estimated vs True Parameters:
2026-07-26 06:17:10 | INFO |   beta: 0.0000 (True: -0.3000) | SQE: 0.090000
2026-07-26 06:17:10 | INFO |   xi: 0.0000 (True: 0.0000) | SQE: 0.000000
2026-07-26 06:17:10 | INFO |   eta: 0.0000 (True: 0.3000) | SQE: 0.090000
2026-07-26 06:17:10 | INFO | Treatment-shared-unit alternating low-rank optimizer diagnostics:
2026-07-26 06:17:10 | INFO |   penalized_objective: 0.521892
2026-07-26 06:17:10 | INFO |   mple_loss_without_penalty: 0.470532
2026-07-26 06:17:10 | INFO |   lambda_uv_ridge: 0.050000
2026-07-26 06:17:10 | INFO |   u_frobenius_norm: 2.236068
2026-07-26 06:17:10 | INFO |   v_frobenius_norm: 124.224572
2026-07-26 06:17:10 | INFO |   effective_rank: 50.000000
2026-07-26 06:17:10 | INFO | Field and interaction diagnostics:
2026-07-26 06:17:10 | INFO |   field_rmse: 0.588939
2026-07-26 06:17:10 | INFO |   interaction_fro_error: 0.000000
2026-07-26 06:17:10 | INFO |   estimated_field_max_abs_entry: 2.252303
2026-07-26 06:17:10 | INFO |   estimated_field_rank: 50.000000
2026-07-26 06:17:10 | INFO |   true_field_max_abs_entry: 4.447602
2026-07-26 06:17:10 | INFO |   true_field_rank: 3.000000
2026-07-26 06:17:10 | INFO | Saved summary table to /orcd/home/002/phevosp/MPLE-Causal-Inference/experiments/SyntheticNoInterference/synth_no_interference/cv_runs_baselines/treatment_shared_unit/candidates/treatment_shared_unit_candidate_0016/fold_4/mple_summary.csv
2026-07-26 06:17:10 | INFO | Log saved to /orcd/home/002/phevosp/MPLE-Causal-Inference/experiments/SyntheticNoInterference/synth_no_interference/cv_runs_baselines/treatment_shared_unit/candidates/treatment_shared_unit_candidate_0016/fold_4/mple.log
