2026-04-12 13:16:33 | INFO | Loading data...
2026-04-12 13:16:33 | INFO | Using panel artifact: C:\Users\phevo\Documents\MIT\Code\MPLE-Causal-Inference\experiments\SyntheticHybridExperiments\hybrid_uscounty_intervention_generated_graph_rank_0\panel_data.npz
2026-04-12 13:16:33 | INFO | Using x_0 artifact: C:\Users\phevo\Documents\MIT\Code\MPLE-Causal-Inference\experiments\SyntheticHybridExperiments\hybrid_uscounty_intervention_generated_graph_rank_0\x_0.npy
2026-04-12 13:16:33 | INFO | Using z_0 artifact: C:\Users\phevo\Documents\MIT\Code\MPLE-Causal-Inference\experiments\SyntheticHybridExperiments\hybrid_uscounty_intervention_generated_graph_rank_0\z_0.npy
2026-04-12 13:16:33 | INFO | Using fit config: C:\Users\phevo\Documents\MIT\Code\MPLE-Causal-Inference\experiments\SyntheticHybridExperiments\hybrid_uscounty_intervention_generated_graph_rank_0\fits\rank_40_b1\fit_realized_config.yaml
2026-04-12 13:16:33 | INFO | Using model artifact directory: C:\Users\phevo\Documents\MIT\Code\MPLE-Causal-Inference\experiments\SyntheticHybridExperiments\hybrid_uscounty_intervention_generated_graph_rank_0
2026-04-12 13:16:33 | INFO | Using truth artifact directory: C:\Users\phevo\Documents\MIT\Code\MPLE-Causal-Inference\experiments\SyntheticHybridExperiments\hybrid_uscounty_intervention_generated_graph_rank_0
2026-04-12 13:16:34 | INFO | Configured latent rank: 40
2026-04-12 13:16:34 | INFO | Using a fixed known graph with scalar xi.
2026-04-12 13:16:34 | INFO | Intervention-process model enabled: True
2026-04-12 13:16:34 | INFO | Global temperature bound B active: True
2026-04-12 13:16:34 | INFO | Effective xi bound from interaction constraint: 1.000000
2026-04-12 13:16:34 | INFO | Beta mask pre-intervention enabled: False
2026-04-12 13:16:34 | INFO | Beta mask rescale enabled: False
2026-04-12 13:16:34 | INFO | Fixed scalar parameters: {}
2026-04-12 13:16:34 | INFO | Eval 0  |  Loss: 0.837202
2026-04-12 13:16:34 | INFO |   beta: +0.0793,  xi: -0.2085,  eta: +0.0135,  zeta: -0.2117,  psi: -0.1690
2026-04-12 13:16:49 | INFO | Eval 100  |  Loss: 0.255334
2026-04-12 13:16:49 | INFO |   beta: +0.4942,  xi: +0.5344,  eta: +0.5261,  zeta: +0.4284,  psi: +1.0000
2026-04-12 13:17:00 | INFO | Eval 200  |  Loss: 0.254805
2026-04-12 13:17:00 | INFO |   beta: +0.4356,  xi: +0.5419,  eta: +0.4856,  zeta: +0.4306,  psi: +1.0000
2026-04-12 13:17:11 | INFO | Eval 300  |  Loss: 0.254488
2026-04-12 13:17:11 | INFO |   beta: +0.4227,  xi: +0.6126,  eta: +0.4938,  zeta: +0.4310,  psi: +1.0000
2026-04-12 13:17:19 | INFO | Done fitting.
2026-04-12 13:17:19 | INFO | Optimizer status: ABNORMAL: 
2026-04-12 13:17:19 | INFO | Final Loss: 0.254445
2026-04-12 13:17:19 | INFO | Estimated vs True Parameters:
2026-04-12 13:17:19 | INFO |   beta: 0.4118 (True: 0.3500) | SQE: 0.003813
2026-04-12 13:17:19 | INFO |   xi: 0.6197 (True: 0.7500) | SQE: 0.016984
2026-04-12 13:17:19 | INFO |   eta: 0.4877 (True: 0.4800) | SQE: 0.000060
2026-04-12 13:17:19 | INFO |   zeta: 0.4310 (True: -0.5500) | SQE: 0.962400
2026-04-12 13:17:19 | INFO |   psi: 1.0000 (True: 0.8000) | SQE: 0.040000
2026-04-12 13:17:19 | INFO | Field and interaction diagnostics:
2026-04-12 13:17:19 | INFO |   field_rmse: 0.000332
2026-04-12 13:17:19 | INFO |   interaction_fro_error: 0.445615
2026-04-12 13:17:19 | INFO |   estimated_field_inf_norm: 1.000000
2026-04-12 13:17:19 | INFO |   estimated_field_rank: 40.000000
2026-04-12 13:17:19 | INFO |   bound_B: 1.000000
2026-04-12 13:17:19 | INFO |   true_field_inf_norm: 0.000000
2026-04-12 13:17:19 | INFO |   true_field_rank: 0.000000
2026-04-12 13:17:20 | INFO | Saved summary tables to C:\Users\phevo\Documents\MIT\Code\MPLE-Causal-Inference\experiments\SyntheticHybridExperiments\hybrid_uscounty_intervention_generated_graph_rank_0\fits\rank_40_b1\mple_summary.csv and C:\Users\phevo\Documents\MIT\Code\MPLE-Causal-Inference\experiments\SyntheticHybridExperiments\hybrid_uscounty_intervention_generated_graph_rank_0\fits\rank_40_b1\mple_summary.md
2026-04-12 13:17:20 | INFO | Log saved to C:\Users\phevo\Documents\MIT\Code\MPLE-Causal-Inference\experiments\SyntheticHybridExperiments\hybrid_uscounty_intervention_generated_graph_rank_0\fits\rank_40_b1\mple.log
