2026-05-06 14:41:35 | INFO | Loading data...
2026-05-06 14:41:35 | INFO | Using panel artifact: /orcd/home/002/phevosp/MPLE-Causal-Inference/experiments/HybridExperiments_r5_c1_v2/r5_c1_hybrid_us_county_intervention_uscounty_graph_kernel_confounding/panel_data.npz
2026-05-06 14:41:35 | INFO | Using x_0 artifact: /orcd/home/002/phevosp/MPLE-Causal-Inference/experiments/HybridExperiments_r5_c1_v2/r5_c1_hybrid_us_county_intervention_uscounty_graph_kernel_confounding/x_0.npy
2026-05-06 14:41:35 | INFO | Using fit config: /orcd/home/002/phevosp/MPLE-Causal-Inference/experiments/HybridExperiments_r5_c1_v2/r5_c1_hybrid_us_county_intervention_uscounty_graph_kernel_confounding/cv_runs/xi_zero/candidates/xi_zero_candidate_0003/fold_3/fit_realized_config.yaml
2026-05-06 14:41:35 | INFO | Using model artifact directory: /orcd/home/002/phevosp/MPLE-Causal-Inference/experiments/HybridExperiments_r5_c1_v2/r5_c1_hybrid_us_county_intervention_uscounty_graph_kernel_confounding
2026-05-06 14:41:35 | INFO | Using truth artifact directory: /orcd/home/002/phevosp/MPLE-Causal-Inference/experiments/HybridExperiments_r5_c1_v2/r5_c1_hybrid_us_county_intervention_uscounty_graph_kernel_confounding
2026-05-06 14:41:35 | INFO | Using loss mask artifact: /orcd/home/002/phevosp/MPLE-Causal-Inference/experiments/HybridExperiments_r5_c1_v2/r5_c1_hybrid_us_county_intervention_uscounty_graph_kernel_confounding/cv_runs/xi_zero/candidates/xi_zero_candidate_0003/fold_3/loss_mask.npy
2026-05-06 14:41:35 | INFO | Configured optimizer mode: alternating_latent_rank
2026-05-06 14:41:35 | INFO | Configured latent rank: 5
2026-05-06 14:41:35 | INFO | Using a fixed known graph with scalar xi.
2026-05-06 14:41:35 | INFO | Fit-time hard bounds active: False
2026-05-06 14:41:35 | INFO | Fixed scalar parameters: {'xi': 0.0}
2026-05-06 14:41:35 | INFO | Warm-start fixed scalars: {} for 0 steps
2026-05-06 14:41:35 | INFO | Beta mask before s: True with s=50
2026-05-06 14:41:35 | INFO | Beta mask after e: True with e=115
2026-05-06 14:41:35 | INFO | Alternating V-column L2-ball constraint active with radius 1.0
2026-05-06 14:41:35 | INFO | Optimizer settings: steps=2000, tol=1e-07, n_starts=1, seed=0, lambda_nuclear=0.0, lambda_frobenius=0.0, lambda_uv_ridge=0.005, v_column_l2_max=1.0, proximal_lr=1.0
2026-05-06 14:41:35 | INFO | Alternating low-rank start 1/1 | seed=0 | initial_loss=0.748830 | initial_penalized=0.748830
2026-05-06 14:41:35 | INFO | Alternating low-rank iter 0 | Loss: 0.595331 | Penalized: 0.595646
2026-05-06 14:41:47 | INFO | Alternating low-rank iter 100 | Loss: 0.546449 | Penalized: 0.548563
2026-05-06 14:42:00 | INFO | Alternating low-rank iter 200 | Loss: 0.546131 | Penalized: 0.548493
2026-05-06 14:42:04 | INFO | Done fitting.
2026-05-06 14:42:04 | INFO | Optimizer status: CONVERGED: alternating objective tolerance reached
2026-05-06 14:42:04 | INFO | Best optimizer start: 1 / 1
2026-05-06 14:42:04 | INFO | Final Loss: 0.546085
2026-05-06 14:42:04 | INFO | Estimated vs True Parameters:
2026-05-06 14:42:04 | INFO |   beta: -0.0790 (True: -0.3000) | SQE: 0.048824
2026-05-06 14:42:04 | INFO |   xi: 0.0000 (True: 0.8000) | SQE: 0.640000
2026-05-06 14:42:04 | INFO |   eta: 0.3190 (True: 0.3000) | SQE: 0.000362
2026-05-06 14:42:04 | INFO | Alternating low-rank optimizer diagnostics:
2026-05-06 14:42:04 | INFO |   penalized_objective: 0.548489
2026-05-06 14:42:04 | INFO |   mple_loss_without_penalty: 0.546085
2026-05-06 14:42:04 | INFO |   lambda_uv_ridge: 0.005000
2026-05-06 14:42:04 | INFO |   u_frobenius_norm: 371.800148
2026-05-06 14:42:04 | INFO |   v_frobenius_norm: 2.236068
2026-05-06 14:42:04 | INFO |   effective_rank: 5.000000
2026-05-06 14:42:04 | INFO | Field and interaction diagnostics:
2026-05-06 14:42:04 | INFO |   field_rmse: 0.528605
2026-05-06 14:42:04 | INFO |   interaction_fro_error: 8.851317
2026-05-06 14:42:04 | INFO |   estimated_field_max_abs_entry: 16.802217
2026-05-06 14:42:04 | INFO |   estimated_field_rank: 5.000000
2026-05-06 14:42:04 | INFO |   true_field_max_abs_entry: 3.005890
2026-05-06 14:42:04 | INFO |   true_field_rank: 5.000000
2026-05-06 14:42:04 | INFO | Saved summary table to /orcd/home/002/phevosp/MPLE-Causal-Inference/experiments/HybridExperiments_r5_c1_v2/r5_c1_hybrid_us_county_intervention_uscounty_graph_kernel_confounding/cv_runs/xi_zero/candidates/xi_zero_candidate_0003/fold_3/mple_summary.csv
2026-05-06 14:42:04 | INFO | Log saved to /orcd/home/002/phevosp/MPLE-Causal-Inference/experiments/HybridExperiments_r5_c1_v2/r5_c1_hybrid_us_county_intervention_uscounty_graph_kernel_confounding/cv_runs/xi_zero/candidates/xi_zero_candidate_0003/fold_3/mple.log
