2026-04-30 23:42:23 | INFO | Loading data...
2026-04-30 23:42:23 | INFO | Using panel artifact: /orcd/home/002/phevosp/MPLE-Causal-Inference/experiments/SyntheticHybridExperiments/r1_hybrid_us_county_intervention_uscounty_graph_contiguous_confounding/panel_data.npz
2026-04-30 23:42:23 | INFO | Using x_0 artifact: /orcd/home/002/phevosp/MPLE-Causal-Inference/experiments/SyntheticHybridExperiments/r1_hybrid_us_county_intervention_uscounty_graph_contiguous_confounding/x_0.npy
2026-04-30 23:42:23 | INFO | Using fit config: /orcd/home/002/phevosp/MPLE-Causal-Inference/experiments/SyntheticHybridExperiments/r1_hybrid_us_county_intervention_uscounty_graph_contiguous_confounding/cv_runs/alternating_uv_grid/candidates/alternating_uv_grid_candidate_0008/fold_2/fit_realized_config.yaml
2026-04-30 23:42:23 | INFO | Using model artifact directory: /orcd/home/002/phevosp/MPLE-Causal-Inference/experiments/SyntheticHybridExperiments/r1_hybrid_us_county_intervention_uscounty_graph_contiguous_confounding
2026-04-30 23:42:23 | INFO | Using truth artifact directory: /orcd/home/002/phevosp/MPLE-Causal-Inference/experiments/SyntheticHybridExperiments/r1_hybrid_us_county_intervention_uscounty_graph_contiguous_confounding
2026-04-30 23:42:23 | INFO | Using loss mask artifact: /orcd/home/002/phevosp/MPLE-Causal-Inference/experiments/SyntheticHybridExperiments/r1_hybrid_us_county_intervention_uscounty_graph_contiguous_confounding/cv_runs/alternating_uv_grid/candidates/alternating_uv_grid_candidate_0008/fold_2/loss_mask.npy
2026-04-30 23:42:23 | INFO | Configured optimizer mode: alternating_latent_rank
2026-04-30 23:42:23 | INFO | Configured latent rank: 1
2026-04-30 23:42:23 | INFO | Using a fixed known graph with scalar xi.
2026-04-30 23:42:23 | INFO | Fit-time hard bounds active: False
2026-04-30 23:42:23 | INFO | Fixed scalar parameters: {}
2026-04-30 23:42:23 | INFO | Warm-start fixed scalars: {} for 0 steps
2026-04-30 23:42:23 | INFO | Beta mask before s: True with s=55
2026-04-30 23:42:23 | INFO | Beta mask after e: True with e=120
2026-04-30 23:42:23 | INFO | Alternating V-column L2-ball constraint active with radius 1.0
2026-04-30 23:42:23 | INFO | Optimizer settings: steps=2000, tol=1e-07, n_starts=1, seed=0, lambda_nuclear=0.0, lambda_frobenius=0.0, lambda_uv_ridge=1.0, v_column_l2_max=1.0, proximal_lr=1.0
2026-04-30 23:42:23 | INFO | Alternating low-rank start 1/1 | seed=0 | initial_loss=0.686681 | initial_penalized=0.686690
2026-04-30 23:42:23 | INFO | Alternating low-rank iter 0 | Loss: 0.573690 | Penalized: 0.581759
2026-04-30 23:42:30 | INFO | Alternating low-rank iter 100 | Loss: 0.549994 | Penalized: 0.552122
2026-04-30 23:42:36 | INFO | Done fitting.
2026-04-30 23:42:36 | INFO | Optimizer status: CONVERGED: alternating objective tolerance reached
2026-04-30 23:42:36 | INFO | Best optimizer start: 1 / 1
2026-04-30 23:42:36 | INFO | Final Loss: 0.550002
2026-04-30 23:42:36 | INFO | Estimated vs True Parameters:
2026-04-30 23:42:36 | INFO |   beta: -0.0222 (True: -0.3000) | SQE: 0.077160
2026-04-30 23:42:36 | INFO |   xi: 1.4403 (True: 0.8000) | SQE: 0.409967
2026-04-30 23:42:36 | INFO |   eta: 0.3417 (True: 0.3000) | SQE: 0.001742
2026-04-30 23:42:36 | INFO | Alternating low-rank optimizer diagnostics:
2026-04-30 23:42:36 | INFO |   penalized_objective: 0.552016
2026-04-30 23:42:36 | INFO |   mple_loss_without_penalty: 0.550002
2026-04-30 23:42:36 | INFO |   lambda_uv_ridge: 1.000000
2026-04-30 23:42:36 | INFO |   u_frobenius_norm: 23.752515
2026-04-30 23:42:36 | INFO |   v_frobenius_norm: 1.000000
2026-04-30 23:42:36 | INFO |   effective_rank: 1.000000
2026-04-30 23:42:36 | INFO | Field and interaction diagnostics:
2026-04-30 23:42:36 | INFO |   field_rmse: 0.473729
2026-04-30 23:42:36 | INFO |   interaction_fro_error: 6.054977
2026-04-30 23:42:36 | INFO |   estimated_field_max_abs_entry: 0.215741
2026-04-30 23:42:36 | INFO |   estimated_field_rank: 1.000000
2026-04-30 23:42:36 | INFO |   true_field_max_abs_entry: 0.604278
2026-04-30 23:42:36 | INFO |   true_field_rank: 1.000000
2026-04-30 23:42:36 | INFO | Saved summary table to /orcd/home/002/phevosp/MPLE-Causal-Inference/experiments/SyntheticHybridExperiments/r1_hybrid_us_county_intervention_uscounty_graph_contiguous_confounding/cv_runs/alternating_uv_grid/candidates/alternating_uv_grid_candidate_0008/fold_2/mple_summary.csv
2026-04-30 23:42:36 | INFO | Log saved to /orcd/home/002/phevosp/MPLE-Causal-Inference/experiments/SyntheticHybridExperiments/r1_hybrid_us_county_intervention_uscounty_graph_contiguous_confounding/cv_runs/alternating_uv_grid/candidates/alternating_uv_grid_candidate_0008/fold_2/mple.log
