2026-04-08 12:32:11 | INFO | Loading data...
2026-04-08 12:32:11 | INFO | Loaded 6 field templates and 1 interaction templates.
2026-04-08 12:32:11 | INFO | Intervention-process model enabled: True
2026-04-08 12:32:11 | INFO | Tau zero-mean enabled: False
2026-04-08 12:32:11 | INFO | Tau smoothness lambda: 0.000000
2026-04-08 12:32:11 | INFO | Running conditional-model MPLE on x with shape=(67, 3137)
2026-04-08 12:32:11 | INFO | Eval 0  |  Loss: 0.681892
2026-04-08 12:32:11 | INFO |   field::population_density: +0.0126,  field::senior_population: -0.0132,  field::college_education: +0.0640,  field::poverty_rate: +0.0105,  field::log_population: -0.0536,  field::median_household_income: +0.0362,  tau block: mean=+0.0102, std=0.0970, min=-0.2325, max=+0.1960,  beta: -0.0618,  interaction::contiguity: +0.1822,  eta: -0.1320,  zeta: -0.0662,  psi: +0.0935
2026-04-08 12:32:15 | INFO | Done fitting.
2026-04-08 12:32:15 | INFO | Optimizer status: CONVERGENCE: RELATIVE REDUCTION OF F <= FACTR*EPSMCH
2026-04-08 12:32:15 | INFO | Final Loss: 0.171918
2026-04-08 12:32:15 | INFO | Estimated Parameters:
2026-04-08 12:32:15 | INFO |   field::population_density: -0.3212
2026-04-08 12:32:15 | INFO |   field::senior_population: -0.2972
2026-04-08 12:32:15 | INFO |   field::college_education: -0.0270
2026-04-08 12:32:15 | INFO |   field::poverty_rate: -0.2957
2026-04-08 12:32:15 | INFO |   field::log_population: 0.2658
2026-04-08 12:32:15 | INFO |   field::median_household_income: -0.2365
2026-04-08 12:32:15 | INFO |   tau::t_0: 0.0020
2026-04-08 12:32:15 | INFO |   tau::t_1: -0.1080
2026-04-08 12:32:15 | INFO |   tau::t_2: -0.2444
2026-04-08 12:32:15 | INFO |   tau::t_3: 0.0426
2026-04-08 12:32:15 | INFO |   tau::t_4: -0.1646
2026-04-08 12:32:15 | INFO |   tau::t_5: -0.0265
2026-04-08 12:32:15 | INFO |   tau::t_6: -0.0187
2026-04-08 12:32:15 | INFO |   tau::t_7: 0.0679
2026-04-08 12:32:15 | INFO |   tau::t_8: -0.0151
2026-04-08 12:32:15 | INFO |   tau::t_9: 0.1252
2026-04-08 12:32:15 | INFO |   tau::t_10: 0.0414
2026-04-08 12:32:15 | INFO |   tau::t_11: -0.0561
2026-04-08 12:32:15 | INFO |   tau::t_12: -0.0156
2026-04-08 12:32:15 | INFO |   tau::t_13: -0.1077
2026-04-08 12:32:15 | INFO |   tau::t_14: -0.1729
2026-04-08 12:32:15 | INFO |   tau::t_15: -0.1997
2026-04-08 12:32:15 | INFO |   tau::t_16: -0.1838
2026-04-08 12:32:15 | INFO |   tau::t_17: -0.3490
2026-04-08 12:32:15 | INFO |   tau::t_18: -0.1595
2026-04-08 12:32:15 | INFO |   tau::t_19: -0.3419
2026-04-08 12:32:15 | INFO |   tau::t_20: -0.2968
2026-04-08 12:32:15 | INFO |   tau::t_21: -0.2334
2026-04-08 12:32:15 | INFO |   tau::t_22: -0.0365
2026-04-08 12:32:15 | INFO |   tau::t_23: 0.0646
2026-04-08 12:32:15 | INFO |   tau::t_24: 0.2302
2026-04-08 12:32:15 | INFO |   tau::t_25: 0.2882
2026-04-08 12:32:15 | INFO |   tau::t_26: 0.3305
2026-04-08 12:32:15 | INFO |   tau::t_27: 0.3863
2026-04-08 12:32:15 | INFO |   tau::t_28: 0.3045
2026-04-08 12:32:15 | INFO |   tau::t_29: 0.4041
2026-04-08 12:32:15 | INFO |   tau::t_30: 0.3984
2026-04-08 12:32:15 | INFO |   tau::t_31: 0.2723
2026-04-08 12:32:15 | INFO |   tau::t_32: 0.4372
2026-04-08 12:32:15 | INFO |   tau::t_33: 0.3660
2026-04-08 12:32:15 | INFO |   tau::t_34: 0.2163
2026-04-08 12:32:15 | INFO |   tau::t_35: 0.0752
2026-04-08 12:32:15 | INFO |   tau::t_36: -0.0510
2026-04-08 12:32:15 | INFO |   tau::t_37: -0.0061
2026-04-08 12:32:15 | INFO |   tau::t_38: -0.0533
2026-04-08 12:32:15 | INFO |   tau::t_39: -0.0007
2026-04-08 12:32:15 | INFO |   tau::t_40: 0.0791
2026-04-08 12:32:15 | INFO |   tau::t_41: 0.1238
2026-04-08 12:32:15 | INFO |   tau::t_42: -0.2045
2026-04-08 12:32:15 | INFO |   tau::t_43: 0.4424
2026-04-08 12:32:15 | INFO |   tau::t_44: 0.1257
2026-04-08 12:32:15 | INFO |   tau::t_45: 0.1027
2026-04-08 12:32:15 | INFO |   tau::t_46: 0.1363
2026-04-08 12:32:15 | INFO |   tau::t_47: 0.6164
2026-04-08 12:32:15 | INFO |   tau::t_48: 1.2255
2026-04-08 12:32:15 | INFO |   tau::t_49: 1.2740
2026-04-08 12:32:15 | INFO |   tau::t_50: 2.0369
2026-04-08 12:32:15 | INFO |   tau::t_51: 2.0110
2026-04-08 12:32:15 | INFO |   tau::t_52: 1.1581
2026-04-08 12:32:15 | INFO |   tau::t_53: 0.3949
2026-04-08 12:32:15 | INFO |   tau::t_54: -0.0423
2026-04-08 12:32:15 | INFO |   tau::t_55: -0.3363
2026-04-08 12:32:15 | INFO |   tau::t_56: -0.2846
2026-04-08 12:32:15 | INFO |   tau::t_57: -0.2457
2026-04-08 12:32:15 | INFO |   tau::t_58: -0.1794
2026-04-08 12:32:15 | INFO |   tau::t_59: -0.1450
2026-04-08 12:32:15 | INFO |   tau::t_60: -0.2007
2026-04-08 12:32:15 | INFO |   tau::t_61: -0.0864
2026-04-08 12:32:15 | INFO |   tau::t_62: -0.1205
2026-04-08 12:32:15 | INFO |   tau::t_63: 0.0777
2026-04-08 12:32:15 | INFO |   tau::t_64: 0.0174
2026-04-08 12:32:15 | INFO |   tau::t_65: 0.1102
2026-04-08 12:32:15 | INFO |   tau::t_66: 0.1155
2026-04-08 12:32:15 | INFO |   beta: 0.0141
2026-04-08 12:32:15 | INFO |   interaction::contiguity: 2.4683
2026-04-08 12:32:15 | INFO |   eta: 0.5112
2026-04-08 12:32:15 | INFO |   zeta: 0.1846
2026-04-08 12:32:15 | INFO |   psi: 2.2196
2026-04-08 12:32:15 | INFO | Saved summary tables to C:\Users\phevo\Documents\MIT\Code\MPLE-Causal-Inference\experiments\USCountyVaccination_US_features_new\outcome_case_rate_100k_ge_100__intervention_partial_cov_ge_50__lag_3w__contiguity\mple_summary.csv and C:\Users\phevo\Documents\MIT\Code\MPLE-Causal-Inference\experiments\USCountyVaccination_US_features_new\outcome_case_rate_100k_ge_100__intervention_partial_cov_ge_50__lag_3w__contiguity\mple_summary.md
2026-04-08 12:32:15 | INFO | Log saved to C:\Users\phevo\Documents\MIT\Code\MPLE-Causal-Inference\experiments\USCountyVaccination_US_features_new\outcome_case_rate_100k_ge_100__intervention_partial_cov_ge_50__lag_3w__contiguity\mple.log
