2026-04-24 18:49:41 | INFO | Loading data...
2026-04-24 18:49:41 | INFO | Using panel artifact: /orcd/home/002/phevosp/MPLE-Causal-Inference/experiments/SyntheticHybridExperiments/hybrid_us_county_intervention_uscounty_graph_rank_20/panel_data.npz
2026-04-24 18:49:41 | INFO | Using x_0 artifact: /orcd/home/002/phevosp/MPLE-Causal-Inference/experiments/SyntheticHybridExperiments/hybrid_us_county_intervention_uscounty_graph_rank_20/x_0.npy
2026-04-24 18:49:41 | INFO | Using fit config: /orcd/home/002/phevosp/MPLE-Causal-Inference/experiments/SyntheticHybridExperiments/hybrid_us_county_intervention_uscounty_graph_rank_20/fits/alternating_rank_5/fit_realized_config.yaml
2026-04-24 18:49:41 | INFO | Using model artifact directory: /orcd/home/002/phevosp/MPLE-Causal-Inference/experiments/SyntheticHybridExperiments/hybrid_us_county_intervention_uscounty_graph_rank_20
2026-04-24 18:49:41 | INFO | Using truth artifact directory: /orcd/home/002/phevosp/MPLE-Causal-Inference/experiments/SyntheticHybridExperiments/hybrid_us_county_intervention_uscounty_graph_rank_20
2026-04-24 18:49:41 | INFO | Configured optimizer mode: alternating_latent_rank
2026-04-24 18:49:41 | INFO | Configured latent rank: 5
2026-04-24 18:49:41 | INFO | Using a fixed known graph with scalar xi.
2026-04-24 18:49:41 | INFO | Fit-time hard bounds active: False
2026-04-24 18:49:41 | INFO | Fixed scalar parameters: {}
2026-04-24 18:49:41 | INFO | Optimizer settings: steps=20000, tol=1e-09, n_starts=1, seed=0, lambda_nuclear=0.0, lambda_frobenius=0.0, lambda_uv_ridge=14.0, proximal_lr=1.0
2026-04-24 18:49:41 | INFO | Alternating low-rank start 1/1 | seed=0 | initial_loss=0.823510 | initial_penalized=0.829551
2026-04-24 18:49:41 | INFO | Alternating low-rank iter 0 | Loss: 0.475126 | Penalized: 0.494101
2026-04-24 18:49:56 | INFO | Alternating low-rank iter 100 | Loss: 0.452230 | Penalized: 0.482956
2026-04-24 18:50:11 | INFO | Alternating low-rank iter 200 | Loss: 0.451510 | Penalized: 0.482377
2026-04-24 18:50:25 | INFO | Alternating low-rank iter 300 | Loss: 0.451367 | Penalized: 0.482301
2026-04-24 18:50:40 | INFO | Alternating low-rank iter 400 | Loss: 0.451327 | Penalized: 0.482289
2026-04-24 18:50:54 | INFO | Alternating low-rank iter 500 | Loss: 0.451311 | Penalized: 0.482286
2026-04-24 18:51:09 | INFO | Alternating low-rank iter 600 | Loss: 0.451303 | Penalized: 0.482284
2026-04-24 18:51:23 | INFO | Alternating low-rank iter 700 | Loss: 0.451299 | Penalized: 0.482284
2026-04-24 18:51:37 | INFO | Alternating low-rank iter 800 | Loss: 0.451296 | Penalized: 0.482284
2026-04-24 18:51:50 | INFO | Done fitting.
2026-04-24 18:51:50 | INFO | Optimizer status: CONVERGED: alternating objective tolerance reached
2026-04-24 18:51:50 | INFO | Best optimizer start: 1 / 1
2026-04-24 18:51:50 | INFO | Final Loss: 0.451295
2026-04-24 18:51:50 | INFO | Estimated vs True Parameters:
2026-04-24 18:51:50 | INFO |   beta: -0.2747 (True: -0.3000) | SQE: 0.000641
2026-04-24 18:51:50 | INFO |   xi: 0.7808 (True: 0.8000) | SQE: 0.000367
2026-04-24 18:51:50 | INFO |   eta: 0.3292 (True: 0.3000) | SQE: 0.000854
2026-04-24 18:51:50 | INFO | Alternating low-rank optimizer diagnostics:
2026-04-24 18:51:50 | INFO |   penalized_objective: 0.482283
2026-04-24 18:51:50 | INFO |   mple_loss_without_penalty: 0.451295
2026-04-24 18:51:50 | INFO |   lambda_uv_ridge: 14.000000
2026-04-24 18:51:50 | INFO |   u_frobenius_norm: 19.990478
2026-04-24 18:51:50 | INFO |   v_frobenius_norm: 19.990477
2026-04-24 18:51:50 | INFO |   effective_rank: 5.000000
2026-04-24 18:51:50 | INFO | Field and interaction diagnostics:
2026-04-24 18:51:50 | INFO |   field_rmse: 0.196692
2026-04-24 18:51:50 | INFO |   interaction_fro_error: 0.180979
2026-04-24 18:51:50 | INFO |   estimated_field_max_abs_entry: 1.546570
2026-04-24 18:51:50 | INFO |   estimated_field_rank: 5.000000
2026-04-24 18:51:50 | INFO |   true_field_max_abs_entry: 2.000000
2026-04-24 18:51:50 | INFO |   true_field_rank: 20.000000
2026-04-24 18:51:50 | INFO | Saved summary tables to /orcd/home/002/phevosp/MPLE-Causal-Inference/experiments/SyntheticHybridExperiments/hybrid_us_county_intervention_uscounty_graph_rank_20/fits/alternating_rank_5/mple_summary.csv and /orcd/home/002/phevosp/MPLE-Causal-Inference/experiments/SyntheticHybridExperiments/hybrid_us_county_intervention_uscounty_graph_rank_20/fits/alternating_rank_5/mple_summary.md
2026-04-24 18:51:50 | INFO | Log saved to /orcd/home/002/phevosp/MPLE-Causal-Inference/experiments/SyntheticHybridExperiments/hybrid_us_county_intervention_uscounty_graph_rank_20/fits/alternating_rank_5/mple.log
