2026-04-08 12:16:18 | INFO | Loading data...
2026-04-08 12:16:18 | INFO | Loaded 6 field templates and 1 interaction templates.
2026-04-08 12:16:18 | INFO | Intervention-process model enabled: True
2026-04-08 12:16:18 | INFO | Tau zero-mean enabled: False
2026-04-08 12:16:18 | INFO | Tau smoothness lambda: 0.000000
2026-04-08 12:16:18 | INFO | Running conditional-model MPLE on x with shape=(68, 3136)
2026-04-08 12:16:18 | INFO | Eval 0  |  Loss: 0.759691
2026-04-08 12:16:18 | INFO |   field::population_density: +0.0126,  field::senior_population: -0.0132,  field::college_education: +0.0640,  field::poverty_rate: +0.0105,  field::log_population: -0.0536,  field::median_household_income: +0.0362,  tau block: mean=+0.0092, std=0.0967, min=-0.2325, max=+0.1960,  beta: +0.1822,  interaction::contiguity: -0.1320,  eta: -0.0662,  zeta: +0.0935,  psi: +0.0049
2026-04-08 12:16:21 | INFO | Done fitting.
2026-04-08 12:16:21 | INFO | Optimizer status: CONVERGENCE: RELATIVE REDUCTION OF F <= FACTR*EPSMCH
2026-04-08 12:16:21 | INFO | Final Loss: 0.285811
2026-04-08 12:16:21 | INFO | Estimated Parameters:
2026-04-08 12:16:21 | INFO |   field::population_density: -1.6492
2026-04-08 12:16:21 | INFO |   field::senior_population: -0.1178
2026-04-08 12:16:21 | INFO |   field::college_education: -0.8338
2026-04-08 12:16:21 | INFO |   field::poverty_rate: -0.7824
2026-04-08 12:16:21 | INFO |   field::log_population: 1.1816
2026-04-08 12:16:21 | INFO |   field::median_household_income: -0.7007
2026-04-08 12:16:21 | INFO |   tau::t_0: 0.0689
2026-04-08 12:16:21 | INFO |   tau::t_1: 0.0596
2026-04-08 12:16:21 | INFO |   tau::t_2: -0.0106
2026-04-08 12:16:21 | INFO |   tau::t_3: -0.1235
2026-04-08 12:16:21 | INFO |   tau::t_4: -0.0513
2026-04-08 12:16:21 | INFO |   tau::t_5: -0.1035
2026-04-08 12:16:21 | INFO |   tau::t_6: -0.1747
2026-04-08 12:16:21 | INFO |   tau::t_7: -0.2458
2026-04-08 12:16:21 | INFO |   tau::t_8: -0.2530
2026-04-08 12:16:21 | INFO |   tau::t_9: -0.2787
2026-04-08 12:16:21 | INFO |   tau::t_10: -0.2525
2026-04-08 12:16:21 | INFO |   tau::t_11: -0.2323
2026-04-08 12:16:21 | INFO |   tau::t_12: -0.2952
2026-04-08 12:16:21 | INFO |   tau::t_13: -0.3043
2026-04-08 12:16:21 | INFO |   tau::t_14: -0.2955
2026-04-08 12:16:21 | INFO |   tau::t_15: -0.3254
2026-04-08 12:16:21 | INFO |   tau::t_16: -0.3397
2026-04-08 12:16:21 | INFO |   tau::t_17: -0.2537
2026-04-08 12:16:21 | INFO |   tau::t_18: -0.4274
2026-04-08 12:16:21 | INFO |   tau::t_19: -0.3836
2026-04-08 12:16:21 | INFO |   tau::t_20: -0.5215
2026-04-08 12:16:21 | INFO |   tau::t_21: -0.5316
2026-04-08 12:16:21 | INFO |   tau::t_22: -0.5602
2026-04-08 12:16:21 | INFO |   tau::t_23: -0.6494
2026-04-08 12:16:21 | INFO |   tau::t_24: -0.5253
2026-04-08 12:16:21 | INFO |   tau::t_25: -0.5108
2026-04-08 12:16:21 | INFO |   tau::t_26: -0.4569
2026-04-08 12:16:21 | INFO |   tau::t_27: -0.3218
2026-04-08 12:16:21 | INFO |   tau::t_28: -0.2274
2026-04-08 12:16:21 | INFO |   tau::t_29: -0.1481
2026-04-08 12:16:21 | INFO |   tau::t_30: -0.0875
2026-04-08 12:16:21 | INFO |   tau::t_31: -0.0641
2026-04-08 12:16:21 | INFO |   tau::t_32: -0.0302
2026-04-08 12:16:21 | INFO |   tau::t_33: 0.0826
2026-04-08 12:16:21 | INFO |   tau::t_34: 0.0778
2026-04-08 12:16:21 | INFO |   tau::t_35: 0.0869
2026-04-08 12:16:21 | INFO |   tau::t_36: 0.0436
2026-04-08 12:16:21 | INFO |   tau::t_37: 0.0360
2026-04-08 12:16:21 | INFO |   tau::t_38: 0.0455
2026-04-08 12:16:21 | INFO |   tau::t_39: 0.0242
2026-04-08 12:16:21 | INFO |   tau::t_40: -0.0367
2026-04-08 12:16:21 | INFO |   tau::t_41: -0.0423
2026-04-08 12:16:21 | INFO |   tau::t_42: -0.0234
2026-04-08 12:16:21 | INFO |   tau::t_43: -0.1990
2026-04-08 12:16:21 | INFO |   tau::t_44: 0.0585
2026-04-08 12:16:21 | INFO |   tau::t_45: -0.0153
2026-04-08 12:16:21 | INFO |   tau::t_46: -0.0241
2026-04-08 12:16:21 | INFO |   tau::t_47: -0.0711
2026-04-08 12:16:21 | INFO |   tau::t_48: -0.0451
2026-04-08 12:16:21 | INFO |   tau::t_49: 0.0404
2026-04-08 12:16:21 | INFO |   tau::t_50: 0.0349
2026-04-08 12:16:21 | INFO |   tau::t_51: 0.0594
2026-04-08 12:16:21 | INFO |   tau::t_52: 0.1291
2026-04-08 12:16:21 | INFO |   tau::t_53: 0.1781
2026-04-08 12:16:21 | INFO |   tau::t_54: 0.1707
2026-04-08 12:16:21 | INFO |   tau::t_55: 0.1417
2026-04-08 12:16:21 | INFO |   tau::t_56: 0.0700
2026-04-08 12:16:21 | INFO |   tau::t_57: 0.0216
2026-04-08 12:16:21 | INFO |   tau::t_58: -0.0688
2026-04-08 12:16:21 | INFO |   tau::t_59: -0.0797
2026-04-08 12:16:21 | INFO |   tau::t_60: -0.1699
2026-04-08 12:16:21 | INFO |   tau::t_61: -0.2368
2026-04-08 12:16:21 | INFO |   tau::t_62: -0.3367
2026-04-08 12:16:21 | INFO |   tau::t_63: -0.3209
2026-04-08 12:16:21 | INFO |   tau::t_64: -0.4319
2026-04-08 12:16:21 | INFO |   tau::t_65: -0.4350
2026-04-08 12:16:21 | INFO |   tau::t_66: -0.2864
2026-04-08 12:16:21 | INFO |   tau::t_67: -0.5353
2026-04-08 12:16:21 | INFO |   beta: -0.0370
2026-04-08 12:16:21 | INFO |   interaction::contiguity: 1.3734
2026-04-08 12:16:21 | INFO |   eta: 0.2151
2026-04-08 12:16:21 | INFO |   zeta: -0.2490
2026-04-08 12:16:21 | INFO |   psi: 2.0606
2026-04-08 12:16:21 | INFO | Saved summary tables to C:\Users\phevo\Documents\MIT\Code\MPLE-Causal-Inference\experiments\USCountyVaccination_US_features_new\outcome_death_rate_100k_ge_2__intervention_partial_cov_ge_20__lag_2w__contiguity\mple_summary.csv and C:\Users\phevo\Documents\MIT\Code\MPLE-Causal-Inference\experiments\USCountyVaccination_US_features_new\outcome_death_rate_100k_ge_2__intervention_partial_cov_ge_20__lag_2w__contiguity\mple_summary.md
2026-04-08 12:16:21 | INFO | Log saved to C:\Users\phevo\Documents\MIT\Code\MPLE-Causal-Inference\experiments\USCountyVaccination_US_features_new\outcome_death_rate_100k_ge_2__intervention_partial_cov_ge_20__lag_2w__contiguity\mple.log
