2026-04-11 13:53:58 | INFO | Loading data...
2026-04-11 13:53:58 | INFO | Using panel artifact: C:\Users\phevo\Documents\MIT\Code\MPLE-Causal-Inference\experiments\SyntheticExperimentsGrid\fixed_z_complete_cov_ge_40_lag2w_trimmed_latent_rank50_b3_0_beta_masked_true_20260411_135106\panel_data.npz
2026-04-11 13:53:58 | INFO | Using x_0 artifact: C:\Users\phevo\Documents\MIT\Code\MPLE-Causal-Inference\experiments\SyntheticExperimentsGrid\fixed_z_complete_cov_ge_40_lag2w_trimmed_latent_rank50_b3_0_beta_masked_true_20260411_135106\x_0.npy
2026-04-11 13:53:58 | INFO | Using z_0 artifact: C:\Users\phevo\Documents\MIT\Code\MPLE-Causal-Inference\experiments\SyntheticExperimentsGrid\fixed_z_complete_cov_ge_40_lag2w_trimmed_latent_rank50_b3_0_beta_masked_true_20260411_135106\z_0.npy
2026-04-11 13:53:58 | INFO | Loaded field mode: latent_feature_matrix
2026-04-11 13:53:58 | INFO | Using a fixed known graph with scalar xi.
2026-04-11 13:53:58 | INFO | Intervention-process model enabled: False
2026-04-11 13:53:58 | INFO | Eval 0  |  Loss: 0.712554
2026-04-11 13:53:58 | INFO |   beta: +0.0182,  xi: +0.1130,  eta: -0.1354
2026-04-11 13:54:03 | INFO | Eval 100  |  Loss: 0.603275
2026-04-11 13:54:03 | INFO |   beta: +0.3481,  xi: +0.2484,  eta: +0.0898
2026-04-11 13:54:07 | INFO | Eval 200  |  Loss: 0.603246
2026-04-11 13:54:07 | INFO |   beta: +0.3460,  xi: +0.2288,  eta: +0.1033
2026-04-11 13:54:12 | INFO | Eval 300  |  Loss: 0.603010
2026-04-11 13:54:12 | INFO |   beta: +0.3486,  xi: +0.2552,  eta: +0.0805
2026-04-11 13:54:14 | INFO | Done fitting.
2026-04-11 13:54:14 | INFO | Optimizer status: CONVERGENCE: RELATIVE REDUCTION OF F <= FACTR*EPSMCH
2026-04-11 13:54:14 | INFO | Final Loss: 0.603010
2026-04-11 13:54:14 | INFO | Estimated vs True Parameters:
2026-04-11 13:54:14 | INFO |   beta: 0.3494 (True: 0.3500) | SQE: 0.000000
2026-04-11 13:54:14 | INFO |   xi: 0.2547 (True: 0.2500) | SQE: 0.000022
2026-04-11 13:54:14 | INFO |   eta: 0.0798 (True: 0.0800) | SQE: 0.000000
2026-04-11 13:54:14 | INFO | Field and interaction diagnostics:
2026-04-11 13:54:14 | INFO |   field_rmse: 0.001356
2026-04-11 13:54:14 | INFO |   interaction_fro_error: 0.016160
2026-04-11 13:54:14 | INFO |   estimated_field_inf_norm: 3.000000
2026-04-11 13:54:14 | INFO |   estimated_field_rank: 50.000000
2026-04-11 13:54:14 | INFO |   bound_B: 3.000000
2026-04-11 13:54:14 | INFO |   true_field_inf_norm: 3.000000
2026-04-11 13:54:14 | INFO |   true_field_rank: 50.000000
2026-04-11 13:54:15 | INFO | Saved summary tables to C:\Users\phevo\Documents\MIT\Code\MPLE-Causal-Inference\experiments\SyntheticExperimentsGrid\fixed_z_complete_cov_ge_40_lag2w_trimmed_latent_rank50_b3_0_beta_masked_true_20260411_135106\mple_summary.csv and C:\Users\phevo\Documents\MIT\Code\MPLE-Causal-Inference\experiments\SyntheticExperimentsGrid\fixed_z_complete_cov_ge_40_lag2w_trimmed_latent_rank50_b3_0_beta_masked_true_20260411_135106\mple_summary.md
2026-04-11 13:54:15 | INFO | Log saved to C:\Users\phevo\Documents\MIT\Code\MPLE-Causal-Inference\experiments\SyntheticExperimentsGrid\fixed_z_complete_cov_ge_40_lag2w_trimmed_latent_rank50_b3_0_beta_masked_true_20260411_135106\mple.log
