2026-07-26 05:51:51 | INFO | Loading data...
2026-07-26 05:51:51 | INFO | Using panel artifact: /orcd/home/002/phevosp/MPLE-Causal-Inference/experiments/Synthetic/confounding_strong/panel_data.npz
2026-07-26 05:51:51 | INFO | Using x_0 artifact: /orcd/home/002/phevosp/MPLE-Causal-Inference/experiments/Synthetic/confounding_strong/x_0.npy
2026-07-26 05:51:51 | INFO | Using fit config: /orcd/home/002/phevosp/MPLE-Causal-Inference/experiments/Synthetic/confounding_strong/cv_runs_baselines/treatment_shared_unit/candidates/treatment_shared_unit_candidate_0008/fold_6/fit_realized_config.yaml
2026-07-26 05:51:51 | INFO | Using model artifact directory: /orcd/home/002/phevosp/MPLE-Causal-Inference/experiments/Synthetic/confounding_strong
2026-07-26 05:51:51 | INFO | Using truth artifact directory: /orcd/home/002/phevosp/MPLE-Causal-Inference/experiments/Synthetic/confounding_strong
2026-07-26 05:51:51 | INFO | Using loss mask artifact: /orcd/home/002/phevosp/MPLE-Causal-Inference/experiments/Synthetic/confounding_strong/cv_runs_baselines/treatment_shared_unit/candidates/treatment_shared_unit_candidate_0008/fold_6/loss_mask.npy
2026-07-26 05:51:51 | INFO | Configured optimizer mode: alternating_treatment_shared_unit_latent_rank
2026-07-26 05:51:51 | INFO | Configured latent rank: 3
2026-07-26 05:51:51 | INFO | Using a fixed known graph with scalar xi.
2026-07-26 05:51:51 | INFO | Fit-time hard bounds active: False
2026-07-26 05:51:51 | INFO | Fixed scalar parameters: {'beta': 0.0, 'xi': 0.0, 'eta': 0.0}
2026-07-26 05:51:51 | INFO | Warm-start fixed scalars: {} for 0 steps
2026-07-26 05:51:51 | INFO | Beta-gradient mask before s: False with s=0
2026-07-26 05:51:51 | INFO | Beta-gradient mask after e: False with e=11
2026-07-26 05:51:51 | INFO | Alternating V-column L2-ball constraint active with radius 1.0
2026-07-26 05:51:51 | INFO | Optimizer settings: steps=2000, tol=1e-07, n_starts=1, seed=0, lambda_nuclear=0.0, lambda_frobenius=0.0, lambda_uv_ridge=0.005, v_column_l2_max=1.0, proximal_lr=1.0
2026-07-26 05:51:51 | INFO | Treatment-shared-unit alternating low-rank start 1/1 | seed=0 | initial_loss=0.693261 | initial_penalized=0.693263
2026-07-26 05:51:51 | INFO | Treatment-shared-unit alternating low-rank iter 0 | Loss: 0.682714 | Penalized: 0.682732
2026-07-26 05:51:54 | INFO | Treatment-shared-unit alternating low-rank iter 100 | Loss: 0.507450 | Penalized: 0.519610
2026-07-26 05:51:56 | INFO | Treatment-shared-unit alternating low-rank iter 200 | Loss: 0.505808 | Penalized: 0.518732
2026-07-26 05:51:58 | INFO | Treatment-shared-unit alternating low-rank iter 300 | Loss: 0.505236 | Penalized: 0.518321
2026-07-26 05:52:00 | INFO | Treatment-shared-unit alternating low-rank iter 400 | Loss: 0.505000 | Penalized: 0.517931
2026-07-26 05:52:03 | INFO | Treatment-shared-unit alternating low-rank iter 500 | Loss: 0.503145 | Penalized: 0.516393
2026-07-26 05:52:05 | INFO | Treatment-shared-unit alternating low-rank iter 600 | Loss: 0.502960 | Penalized: 0.516264
2026-07-26 05:52:07 | INFO | Treatment-shared-unit alternating low-rank iter 700 | Loss: 0.502967 | Penalized: 0.516261
2026-07-26 05:52:09 | INFO | Treatment-shared-unit alternating low-rank iter 800 | Loss: 0.502973 | Penalized: 0.516263
2026-07-26 05:52:11 | INFO | Treatment-shared-unit alternating low-rank iter 900 | Loss: 0.502980 | Penalized: 0.516265
2026-07-26 05:52:14 | INFO | Treatment-shared-unit alternating low-rank iter 1000 | Loss: 0.502984 | Penalized: 0.516267
2026-07-26 05:52:16 | INFO | Treatment-shared-unit alternating low-rank iter 1100 | Loss: 0.502987 | Penalized: 0.516268
2026-07-26 05:52:18 | INFO | Treatment-shared-unit alternating low-rank iter 1200 | Loss: 0.502989 | Penalized: 0.516269
2026-07-26 05:52:21 | INFO | Treatment-shared-unit alternating low-rank iter 1300 | Loss: 0.502990 | Penalized: 0.516270
2026-07-26 05:52:23 | INFO | Treatment-shared-unit alternating low-rank iter 1400 | Loss: 0.502992 | Penalized: 0.516271
2026-07-26 05:52:25 | INFO | Treatment-shared-unit alternating low-rank iter 1500 | Loss: 0.502993 | Penalized: 0.516271
2026-07-26 05:52:28 | INFO | Treatment-shared-unit alternating low-rank iter 1600 | Loss: 0.502994 | Penalized: 0.516272
2026-07-26 05:52:30 | INFO | Treatment-shared-unit alternating low-rank iter 1700 | Loss: 0.502995 | Penalized: 0.516272
2026-07-26 05:52:32 | INFO | Treatment-shared-unit alternating low-rank iter 1800 | Loss: 0.502996 | Penalized: 0.516272
2026-07-26 05:52:34 | INFO | Treatment-shared-unit alternating low-rank iter 1900 | Loss: 0.502997 | Penalized: 0.516273
2026-07-26 05:52:37 | INFO | Done fitting.
2026-07-26 05:52:37 | INFO | Optimizer status: STOP: TOTAL NO. OF OUTER ITERATIONS REACHED LIMIT
2026-07-26 05:52:37 | INFO | Best optimizer start: 1 / 1
2026-07-26 05:52:37 | INFO | Final Loss: 0.502870
2026-07-26 05:52:37 | INFO | Estimated vs True Parameters:
2026-07-26 05:52:37 | INFO |   beta: 0.0000 (True: -0.3000) | SQE: 0.090000
2026-07-26 05:52:37 | INFO |   xi: 0.0000 (True: 0.8000) | SQE: 0.640000
2026-07-26 05:52:37 | INFO |   eta: 0.0000 (True: 0.3000) | SQE: 0.090000
2026-07-26 05:52:37 | INFO | Treatment-shared-unit alternating low-rank optimizer diagnostics:
2026-07-26 05:52:37 | INFO |   penalized_objective: 0.516140
2026-07-26 05:52:37 | INFO |   mple_loss_without_penalty: 0.502870
2026-07-26 05:52:37 | INFO |   lambda_uv_ridge: 0.005000
2026-07-26 05:52:37 | INFO |   u_frobenius_norm: 1.732051
2026-07-26 05:52:37 | INFO |   v_frobenius_norm: 199.695525
2026-07-26 05:52:37 | INFO |   effective_rank: 50.000000
2026-07-26 05:52:37 | INFO | Field and interaction diagnostics:
2026-07-26 05:52:37 | INFO |   field_rmse: 0.689513
2026-07-26 05:52:37 | INFO |   interaction_fro_error: 2.834194
2026-07-26 05:52:37 | INFO |   estimated_field_max_abs_entry: 5.185248
2026-07-26 05:52:37 | INFO |   estimated_field_rank: 50.000000
2026-07-26 05:52:37 | INFO |   true_field_max_abs_entry: 4.447602
2026-07-26 05:52:37 | INFO |   true_field_rank: 3.000000
2026-07-26 05:52:37 | INFO | Saved summary table to /orcd/home/002/phevosp/MPLE-Causal-Inference/experiments/Synthetic/confounding_strong/cv_runs_baselines/treatment_shared_unit/candidates/treatment_shared_unit_candidate_0008/fold_6/mple_summary.csv
2026-07-26 05:52:37 | INFO | Log saved to /orcd/home/002/phevosp/MPLE-Causal-Inference/experiments/Synthetic/confounding_strong/cv_runs_baselines/treatment_shared_unit/candidates/treatment_shared_unit_candidate_0008/fold_6/mple.log
