2026-04-07 11:43:41 | INFO | Loading data...
2026-04-07 11:43:41 | INFO | Loaded 6 field templates and 1 interaction templates.
2026-04-07 11:43:41 | INFO | Intervention-process model enabled: True
2026-04-07 11:43:41 | INFO | Tau zero-mean enabled: False
2026-04-07 11:43:41 | INFO | Tau smoothness lambda: 0.000000
2026-04-07 11:43:41 | INFO | Running conditional-model MPLE on x with shape=(69, 3203)
2026-04-07 11:43:41 | INFO | Eval 0  |  Loss: 0.599307
2026-04-07 11:43:41 | INFO |   field::log_population: +0.0126,  field::median_household_income: -0.0132,  field::poverty_rate: +0.0640,  field::pct_black: +0.0105,  field::pct_hispanic: -0.0536,  field::pct_in_labor_force: +0.0362,  tau block: mean=+0.0117, std=0.0982, min=-0.2325, max=+0.1960,  beta: -0.1320,  interaction::contiguity: -0.0662,  eta: +0.0935,  zeta: +0.0049,  psi: +0.2002
2026-04-07 11:43:45 | INFO | Done fitting.
2026-04-07 11:43:45 | INFO | Optimizer status: CONVERGENCE: RELATIVE REDUCTION OF F <= FACTR*EPSMCH
2026-04-07 11:43:45 | INFO | Final Loss: 0.156460
2026-04-07 11:43:45 | INFO | Estimated Parameters:
2026-04-07 11:43:45 | INFO |   field::log_population: 0.1564
2026-04-07 11:43:45 | INFO |   field::median_household_income: -0.2651
2026-04-07 11:43:45 | INFO |   field::poverty_rate: -0.0479
2026-04-07 11:43:45 | INFO |   field::pct_black: -0.1964
2026-04-07 11:43:45 | INFO |   field::pct_hispanic: -0.0865
2026-04-07 11:43:45 | INFO |   field::pct_in_labor_force: 0.0892
2026-04-07 11:43:45 | INFO |   tau::t_0: -0.1408
2026-04-07 11:43:45 | INFO |   tau::t_1: -0.1817
2026-04-07 11:43:45 | INFO |   tau::t_2: -0.2147
2026-04-07 11:43:45 | INFO |   tau::t_3: -0.2337
2026-04-07 11:43:45 | INFO |   tau::t_4: -0.3671
2026-04-07 11:43:45 | INFO |   tau::t_5: 0.0020
2026-04-07 11:43:45 | INFO |   tau::t_6: -0.2238
2026-04-07 11:43:45 | INFO |   tau::t_7: -0.0468
2026-04-07 11:43:45 | INFO |   tau::t_8: -0.1184
2026-04-07 11:43:45 | INFO |   tau::t_9: -0.0478
2026-04-07 11:43:45 | INFO |   tau::t_10: -0.1381
2026-04-07 11:43:45 | INFO |   tau::t_11: -0.0472
2026-04-07 11:43:45 | INFO |   tau::t_12: -0.1076
2026-04-07 11:43:45 | INFO |   tau::t_13: -0.2609
2026-04-07 11:43:45 | INFO |   tau::t_14: -0.2617
2026-04-07 11:43:45 | INFO |   tau::t_15: -0.3578
2026-04-07 11:43:45 | INFO |   tau::t_16: -0.3928
2026-04-07 11:43:45 | INFO |   tau::t_17: -0.5611
2026-04-07 11:43:45 | INFO |   tau::t_18: -0.4172
2026-04-07 11:43:45 | INFO |   tau::t_19: -0.7952
2026-04-07 11:43:45 | INFO |   tau::t_20: -0.5051
2026-04-07 11:43:45 | INFO |   tau::t_21: -0.6875
2026-04-07 11:43:45 | INFO |   tau::t_22: -0.5803
2026-04-07 11:43:45 | INFO |   tau::t_23: -0.5778
2026-04-07 11:43:45 | INFO |   tau::t_24: -0.3082
2026-04-07 11:43:45 | INFO |   tau::t_25: -0.1943
2026-04-07 11:43:45 | INFO |   tau::t_26: 0.0566
2026-04-07 11:43:45 | INFO |   tau::t_27: 0.2254
2026-04-07 11:43:45 | INFO |   tau::t_28: 0.2185
2026-04-07 11:43:45 | INFO |   tau::t_29: 0.2448
2026-04-07 11:43:45 | INFO |   tau::t_30: 0.2153
2026-04-07 11:43:45 | INFO |   tau::t_31: 0.2014
2026-04-07 11:43:45 | INFO |   tau::t_32: 0.1757
2026-04-07 11:43:45 | INFO |   tau::t_33: 0.0200
2026-04-07 11:43:45 | INFO |   tau::t_34: 0.1580
2026-04-07 11:43:45 | INFO |   tau::t_35: -0.0737
2026-04-07 11:43:45 | INFO |   tau::t_36: -0.1269
2026-04-07 11:43:45 | INFO |   tau::t_37: -0.1379
2026-04-07 11:43:45 | INFO |   tau::t_38: -0.1843
2026-04-07 11:43:45 | INFO |   tau::t_39: -0.2090
2026-04-07 11:43:45 | INFO |   tau::t_40: -0.0335
2026-04-07 11:43:45 | INFO |   tau::t_41: -0.0597
2026-04-07 11:43:45 | INFO |   tau::t_42: 0.0308
2026-04-07 11:43:45 | INFO |   tau::t_43: 0.0662
2026-04-07 11:43:45 | INFO |   tau::t_44: -0.3332
2026-04-07 11:43:45 | INFO |   tau::t_45: 0.3354
2026-04-07 11:43:45 | INFO |   tau::t_46: -0.0224
2026-04-07 11:43:45 | INFO |   tau::t_47: -0.0596
2026-04-07 11:43:45 | INFO |   tau::t_48: -0.0409
2026-04-07 11:43:45 | INFO |   tau::t_49: 0.4973
2026-04-07 11:43:45 | INFO |   tau::t_50: 0.8108
2026-04-07 11:43:45 | INFO |   tau::t_51: 0.8827
2026-04-07 11:43:45 | INFO |   tau::t_52: 1.2067
2026-04-07 11:43:45 | INFO |   tau::t_53: 1.2002
2026-04-07 11:43:45 | INFO |   tau::t_54: 0.3400
2026-04-07 11:43:45 | INFO |   tau::t_55: -0.2202
2026-04-07 11:43:45 | INFO |   tau::t_56: -0.3578
2026-04-07 11:43:45 | INFO |   tau::t_57: -0.4160
2026-04-07 11:43:45 | INFO |   tau::t_58: -0.2220
2026-04-07 11:43:45 | INFO |   tau::t_59: -0.2337
2026-04-07 11:43:45 | INFO |   tau::t_60: -0.2368
2026-04-07 11:43:45 | INFO |   tau::t_61: -0.3592
2026-04-07 11:43:45 | INFO |   tau::t_62: -0.4071
2026-04-07 11:43:45 | INFO |   tau::t_63: -0.3500
2026-04-07 11:43:45 | INFO |   tau::t_64: -0.2010
2026-04-07 11:43:45 | INFO |   tau::t_65: -0.0818
2026-04-07 11:43:45 | INFO |   tau::t_66: -0.1565
2026-04-07 11:43:45 | INFO |   tau::t_67: -0.0013
2026-04-07 11:43:45 | INFO |   tau::t_68: -0.0157
2026-04-07 11:43:45 | INFO |   beta: -0.0119
2026-04-07 11:43:45 | INFO |   interaction::contiguity: 2.6013
2026-04-07 11:43:45 | INFO |   eta: 0.5442
2026-04-07 11:43:45 | INFO |   zeta: -0.0053
2026-04-07 11:43:45 | INFO |   psi: 2.1418
2026-04-07 11:43:45 | INFO | Saved summary tables to C:\Users\phevo\Documents\MIT\Code\MPLE-Causal-Inference\experiments\USCountyVaccination_US_tau_unrestricted\outcome_case_rate_100k_ge_200__intervention_complete_cov_ge_40__lag_1w__contiguity\mple_summary.csv and C:\Users\phevo\Documents\MIT\Code\MPLE-Causal-Inference\experiments\USCountyVaccination_US_tau_unrestricted\outcome_case_rate_100k_ge_200__intervention_complete_cov_ge_40__lag_1w__contiguity\mple_summary.md
2026-04-07 11:43:45 | INFO | Log saved to C:\Users\phevo\Documents\MIT\Code\MPLE-Causal-Inference\experiments\USCountyVaccination_US_tau_unrestricted\outcome_case_rate_100k_ge_200__intervention_complete_cov_ge_40__lag_1w__contiguity\mple.log
