2026-04-07 11:56:22 | INFO | Loading data...
2026-04-07 11:56:22 | INFO | Loaded 6 field templates and 1 interaction templates.
2026-04-07 11:56:22 | INFO | Intervention-process model enabled: True
2026-04-07 11:56:22 | INFO | Tau zero-mean enabled: True
2026-04-07 11:56:22 | INFO | Tau smoothness lambda: 0.000000
2026-04-07 11:56:22 | INFO | Running conditional-model MPLE on x with shape=(66, 3137)
2026-04-07 11:56:22 | INFO | Eval 0  |  Loss: 0.681701
2026-04-07 11:56:22 | INFO |   field::log_population: +0.0126,  field::median_household_income: -0.0132,  field::poverty_rate: +0.0640,  field::pct_black: +0.0105,  field::pct_hispanic: -0.0536,  field::pct_in_labor_force: +0.0362,  tau block: mean=+0.0000, std=0.0971, min=-0.2414, max=+0.1872,  beta: +0.1004,  interaction::contiguity: -0.0618,  eta: +0.1822,  zeta: -0.1320,  psi: -0.0662
2026-04-07 11:56:26 | INFO | Done fitting.
2026-04-07 11:56:26 | INFO | Optimizer status: CONVERGENCE: RELATIVE REDUCTION OF F <= FACTR*EPSMCH
2026-04-07 11:56:26 | INFO | Final Loss: 0.154723
2026-04-07 11:56:26 | INFO | Estimated Parameters:
2026-04-07 11:56:26 | INFO |   field::log_population: 0.1767
2026-04-07 11:56:26 | INFO |   field::median_household_income: -0.2749
2026-04-07 11:56:26 | INFO |   field::poverty_rate: -0.0363
2026-04-07 11:56:26 | INFO |   field::pct_black: -0.2095
2026-04-07 11:56:26 | INFO |   field::pct_hispanic: -0.1187
2026-04-07 11:56:26 | INFO |   field::pct_in_labor_force: 0.0502
2026-04-07 11:56:26 | INFO |   tau::t_0: -0.2495
2026-04-07 11:56:26 | INFO |   tau::t_1: -0.3662
2026-04-07 11:56:26 | INFO |   tau::t_2: 0.0186
2026-04-07 11:56:26 | INFO |   tau::t_3: -0.2112
2026-04-07 11:56:26 | INFO |   tau::t_4: -0.0267
2026-04-07 11:56:26 | INFO |   tau::t_5: -0.1011
2026-04-07 11:56:26 | INFO |   tau::t_6: -0.0320
2026-04-07 11:56:26 | INFO |   tau::t_7: -0.1177
2026-04-07 11:56:26 | INFO |   tau::t_8: -0.0169
2026-04-07 11:56:26 | INFO |   tau::t_9: -0.0778
2026-04-07 11:56:26 | INFO |   tau::t_10: -0.2245
2026-04-07 11:56:26 | INFO |   tau::t_11: -0.2160
2026-04-07 11:56:26 | INFO |   tau::t_12: -0.3083
2026-04-07 11:56:26 | INFO |   tau::t_13: -0.3193
2026-04-07 11:56:26 | INFO |   tau::t_14: -0.4686
2026-04-07 11:56:26 | INFO |   tau::t_15: -0.4262
2026-04-07 11:56:26 | INFO |   tau::t_16: -0.6199
2026-04-07 11:56:26 | INFO |   tau::t_17: -0.4006
2026-04-07 11:56:26 | INFO |   tau::t_18: -0.5499
2026-04-07 11:56:26 | INFO |   tau::t_19: -0.4878
2026-04-07 11:56:26 | INFO |   tau::t_20: -0.4648
2026-04-07 11:56:26 | INFO |   tau::t_21: -0.2305
2026-04-07 11:56:26 | INFO |   tau::t_22: -0.1388
2026-04-07 11:56:26 | INFO |   tau::t_23: 0.1066
2026-04-07 11:56:26 | INFO |   tau::t_24: 0.2657
2026-04-07 11:56:26 | INFO |   tau::t_25: 0.2539
2026-04-07 11:56:26 | INFO |   tau::t_26: 0.2818
2026-04-07 11:56:26 | INFO |   tau::t_27: 0.2448
2026-04-07 11:56:26 | INFO |   tau::t_28: 0.2281
2026-04-07 11:56:26 | INFO |   tau::t_29: 0.2041
2026-04-07 11:56:26 | INFO |   tau::t_30: 0.0382
2026-04-07 11:56:26 | INFO |   tau::t_31: 0.1812
2026-04-07 11:56:26 | INFO |   tau::t_32: -0.0745
2026-04-07 11:56:26 | INFO |   tau::t_33: -0.0967
2026-04-07 11:56:26 | INFO |   tau::t_34: -0.1214
2026-04-07 11:56:26 | INFO |   tau::t_35: -0.1546
2026-04-07 11:56:26 | INFO |   tau::t_36: -0.1854
2026-04-07 11:56:26 | INFO |   tau::t_37: 0.0050
2026-04-07 11:56:26 | INFO |   tau::t_38: -0.0152
2026-04-07 11:56:26 | INFO |   tau::t_39: 0.0682
2026-04-07 11:56:26 | INFO |   tau::t_40: 0.1205
2026-04-07 11:56:26 | INFO |   tau::t_41: -0.3005
2026-04-07 11:56:26 | INFO |   tau::t_42: 0.3843
2026-04-07 11:56:26 | INFO |   tau::t_43: 0.0298
2026-04-07 11:56:26 | INFO |   tau::t_44: -0.0055
2026-04-07 11:56:26 | INFO |   tau::t_45: -0.0123
2026-04-07 11:56:26 | INFO |   tau::t_46: 0.5520
2026-04-07 11:56:26 | INFO |   tau::t_47: 0.9444
2026-04-07 11:56:26 | INFO |   tau::t_48: 1.1071
2026-04-07 11:56:26 | INFO |   tau::t_49: 1.9424
2026-04-07 11:56:26 | INFO |   tau::t_50: 2.1275
2026-04-07 11:56:26 | INFO |   tau::t_51: 0.4382
2026-04-07 11:56:26 | INFO |   tau::t_52: -0.1986
2026-04-07 11:56:26 | INFO |   tau::t_53: -0.3450
2026-04-07 11:56:26 | INFO |   tau::t_54: -0.3958
2026-04-07 11:56:26 | INFO |   tau::t_55: -0.2038
2026-04-07 11:56:26 | INFO |   tau::t_56: -0.1736
2026-04-07 11:56:26 | INFO |   tau::t_57: -0.1729
2026-04-07 11:56:26 | INFO |   tau::t_58: -0.2771
2026-04-07 11:56:26 | INFO |   tau::t_59: -0.3179
2026-04-07 11:56:26 | INFO |   tau::t_60: -0.2612
2026-04-07 11:56:26 | INFO |   tau::t_61: -0.1252
2026-04-07 11:56:26 | INFO |   tau::t_62: -0.0556
2026-04-07 11:56:26 | INFO |   tau::t_63: -0.0812
2026-04-07 11:56:26 | INFO |   tau::t_64: 0.0594
2026-04-07 11:56:26 | INFO |   tau::t_65: 0.0267
2026-04-07 11:56:26 | INFO |   beta: -0.0283
2026-04-07 11:56:26 | INFO |   interaction::contiguity: 2.6625
2026-04-07 11:56:26 | INFO |   eta: 0.5580
2026-04-07 11:56:26 | INFO |   zeta: -0.1819
2026-04-07 11:56:26 | INFO |   psi: 2.0930
2026-04-07 11:56:26 | INFO | Saved summary tables to C:\Users\phevo\Documents\MIT\Code\MPLE-Causal-Inference\experiments\USCountyVaccination_US_tau_zero_mean\outcome_case_rate_100k_ge_200__intervention_partial_cov_ge_30__lag_4w__contiguity\mple_summary.csv and C:\Users\phevo\Documents\MIT\Code\MPLE-Causal-Inference\experiments\USCountyVaccination_US_tau_zero_mean\outcome_case_rate_100k_ge_200__intervention_partial_cov_ge_30__lag_4w__contiguity\mple_summary.md
2026-04-07 11:56:26 | INFO | Log saved to C:\Users\phevo\Documents\MIT\Code\MPLE-Causal-Inference\experiments\USCountyVaccination_US_tau_zero_mean\outcome_case_rate_100k_ge_200__intervention_partial_cov_ge_30__lag_4w__contiguity\mple.log
