2026-04-01 10:28:02 | INFO | Loading data...
2026-04-01 10:28:07 | INFO | Loaded 11 field templates and 11 interaction templates.
2026-04-01 10:28:07 | INFO | Running conditional-model MPLE on x with shape=(100, 5000)
2026-04-01 10:28:07 | INFO | Eval 0  |  Loss: 0.716621
2026-04-01 10:28:07 | INFO |   field::intercept: +0.0126,  field::linear::feature_1: -0.0132,  field::quadratic::feature_1: +0.0640,  field::linear::feature_2: +0.0105,  field::quadratic::feature_2: -0.0536,  field::linear::feature_3: +0.0362,  field::quadratic::feature_3: +0.1304,  field::linear::feature_4: +0.0947,  field::quadratic::feature_4: -0.0704,  field::linear::feature_5: -0.1265,  field::quadratic::feature_5: -0.0623,  beta: +0.0041,  interaction::adjacency: -0.2325,  interaction::distance_kernel::feature_1: -0.0219,  interaction::cross_similarity::feature_1: -0.1246,  interaction::distance_kernel::feature_2: -0.0732,  interaction::cross_similarity::feature_2: -0.0544,  interaction::distance_kernel::feature_3: -0.0316,  interaction::cross_similarity::feature_3: +0.0412,  interaction::distance_kernel::feature_4: +0.1043,  interaction::cross_similarity::feature_4: -0.0129,  interaction::distance_kernel::feature_5: +0.1366,  interaction::cross_similarity::feature_5: -0.0665,  eta: +0.0352,  zeta: +0.0903,  psi: +0.0094
2026-04-01 10:28:18 | INFO | Done fitting.
2026-04-01 10:28:18 | INFO | Optimizer status: CONVERGENCE: RELATIVE REDUCTION OF F <= FACTR*EPSMCH
2026-04-01 10:28:18 | INFO | Final Loss: 0.667198
2026-04-01 10:28:18 | INFO | Estimated vs True Parameters:
2026-04-01 10:28:18 | INFO |   field::intercept: 0.1643 (True: 0.1750)
2026-04-01 10:28:18 | INFO |   field::intercept SQE: 0.000115
2026-04-01 10:28:18 | INFO |   field::linear::feature_1: 0.1471 (True: 0.1400)
2026-04-01 10:28:18 | INFO |   field::linear::feature_1 SQE: 0.000051
2026-04-01 10:28:18 | INFO |   field::quadratic::feature_1: -0.1494 (True: -0.1250)
2026-04-01 10:28:18 | INFO |   field::quadratic::feature_1 SQE: 0.000593
2026-04-01 10:28:18 | INFO |   field::linear::feature_2: 0.0052 (True: 0.0070)
2026-04-01 10:28:18 | INFO |   field::linear::feature_2 SQE: 0.000003
2026-04-01 10:28:18 | INFO |   field::quadratic::feature_2: 0.2224 (True: 0.1250)
2026-04-01 10:28:18 | INFO |   field::quadratic::feature_2 SQE: 0.009491
2026-04-01 10:28:18 | INFO |   field::linear::feature_3: 0.1403 (True: 0.1400)
2026-04-01 10:28:18 | INFO |   field::linear::feature_3 SQE: 0.000000
2026-04-01 10:28:18 | INFO |   field::quadratic::feature_3: -0.1910 (True: -0.1250)
2026-04-01 10:28:18 | INFO |   field::quadratic::feature_3 SQE: 0.004354
2026-04-01 10:28:18 | INFO |   field::linear::feature_4: -0.0410 (True: -0.0400)
2026-04-01 10:28:18 | INFO |   field::linear::feature_4 SQE: 0.000001
2026-04-01 10:28:18 | INFO |   field::quadratic::feature_4: 0.1007 (True: 0.1250)
2026-04-01 10:28:18 | INFO |   field::quadratic::feature_4 SQE: 0.000593
2026-04-01 10:28:18 | INFO |   field::linear::feature_5: -0.1857 (True: -0.1800)
2026-04-01 10:28:18 | INFO |   field::linear::feature_5 SQE: 0.000032
2026-04-01 10:28:18 | INFO |   field::quadratic::feature_5: 0.1838 (True: 0.1850)
2026-04-01 10:28:18 | INFO |   field::quadratic::feature_5 SQE: 0.000002
2026-04-01 10:28:18 | INFO |   beta: 0.1198 (True: 0.1200)
2026-04-01 10:28:18 | INFO |   beta SQE: 0.000000
2026-04-01 10:28:18 | INFO |   interaction::adjacency: 0.1293 (True: 0.1250)
2026-04-01 10:28:18 | INFO |   interaction::adjacency SQE: 0.000018
2026-04-01 10:28:18 | INFO |   interaction::distance_kernel::feature_1: -0.0284 (True: 0.0400)
2026-04-01 10:28:18 | INFO |   interaction::distance_kernel::feature_1 SQE: 0.004679
2026-04-01 10:28:18 | INFO |   interaction::cross_similarity::feature_1: -0.0931 (True: 0.0200)
2026-04-01 10:28:18 | INFO |   interaction::cross_similarity::feature_1 SQE: 0.012788
2026-04-01 10:28:18 | INFO |   interaction::distance_kernel::feature_2: 0.3041 (True: 0.0400)
2026-04-01 10:28:18 | INFO |   interaction::distance_kernel::feature_2 SQE: 0.069753
2026-04-01 10:28:18 | INFO |   interaction::cross_similarity::feature_2: 0.0621 (True: 0.0200)
2026-04-01 10:28:18 | INFO |   interaction::cross_similarity::feature_2 SQE: 0.001768
2026-04-01 10:28:18 | INFO |   interaction::distance_kernel::feature_3: -0.1143 (True: 0.0400)
2026-04-01 10:28:18 | INFO |   interaction::distance_kernel::feature_3 SQE: 0.023803
2026-04-01 10:28:18 | INFO |   interaction::cross_similarity::feature_3: 0.0369 (True: 0.0200)
2026-04-01 10:28:18 | INFO |   interaction::cross_similarity::feature_3 SQE: 0.000285
2026-04-01 10:28:18 | INFO |   interaction::distance_kernel::feature_4: -0.0046 (True: 0.0400)
2026-04-01 10:28:18 | INFO |   interaction::distance_kernel::feature_4 SQE: 0.001989
2026-04-01 10:28:18 | INFO |   interaction::cross_similarity::feature_4: -0.0189 (True: 0.0200)
2026-04-01 10:28:18 | INFO |   interaction::cross_similarity::feature_4 SQE: 0.001514
2026-04-01 10:28:18 | INFO |   interaction::distance_kernel::feature_5: 0.1198 (True: 0.0650)
2026-04-01 10:28:18 | INFO |   interaction::distance_kernel::feature_5 SQE: 0.002998
2026-04-01 10:28:18 | INFO |   interaction::cross_similarity::feature_5: -0.0451 (True: 0.0700)
2026-04-01 10:28:18 | INFO |   interaction::cross_similarity::feature_5 SQE: 0.013241
2026-04-01 10:28:18 | INFO |   eta: 0.0105 (True: 0.0100)
2026-04-01 10:28:18 | INFO |   eta SQE: 0.000000
2026-04-01 10:28:18 | INFO |   zeta: -0.1512 (True: -0.1500)
2026-04-01 10:28:18 | INFO |   zeta SQE: 0.000001
2026-04-01 10:28:18 | INFO |   psi: 0.0484 (True: 0.0500)
2026-04-01 10:28:18 | INFO |   psi SQE: 0.000003
2026-04-01 10:28:19 | INFO | Saved summary tables to C:\Users\phevo\Documents\MIT\Code\MPLE-Causal-Inference\experiments\n5000_t100_high_temp_fro_large_shared_feature_field_shared_feature_interactions_20260401_024132\mple_summary.csv and C:\Users\phevo\Documents\MIT\Code\MPLE-Causal-Inference\experiments\n5000_t100_high_temp_fro_large_shared_feature_field_shared_feature_interactions_20260401_024132\mple_summary.md
2026-04-01 10:28:19 | INFO | Log saved to C:\Users\phevo\Documents\MIT\Code\MPLE-Causal-Inference\experiments\n5000_t100_high_temp_fro_large_shared_feature_field_shared_feature_interactions_20260401_024132\mple.log
