2026-04-29 14:36:41 | INFO | Loading data...
2026-04-29 14:36:41 | INFO | Using panel artifact: /orcd/home/002/phevosp/MPLE-Causal-Inference/experiments/SyntheticHybridExperiments/confounding_strong/panel_data.npz
2026-04-29 14:36:41 | INFO | Using x_0 artifact: /orcd/home/002/phevosp/MPLE-Causal-Inference/experiments/SyntheticHybridExperiments/confounding_strong/x_0.npy
2026-04-29 14:36:41 | INFO | Using fit config: /orcd/home/002/phevosp/MPLE-Causal-Inference/experiments/SyntheticHybridExperiments/confounding_strong/fits/alternating_rank_3_uv_5_e3/fit_realized_config.yaml
2026-04-29 14:36:41 | INFO | Using model artifact directory: /orcd/home/002/phevosp/MPLE-Causal-Inference/experiments/SyntheticHybridExperiments/confounding_strong
2026-04-29 14:36:41 | INFO | Using truth artifact directory: /orcd/home/002/phevosp/MPLE-Causal-Inference/experiments/SyntheticHybridExperiments/confounding_strong
2026-04-29 14:36:41 | INFO | Configured optimizer mode: alternating_latent_rank
2026-04-29 14:36:41 | INFO | Configured latent rank: 3
2026-04-29 14:36:41 | INFO | Using a fixed known graph with scalar xi.
2026-04-29 14:36:41 | INFO | Fit-time hard bounds active: False
2026-04-29 14:36:41 | INFO | Fixed scalar parameters: {}
2026-04-29 14:36:41 | INFO | Warm-start fixed scalars: {} for 0 steps
2026-04-29 14:36:41 | INFO | Beta mask before s: False with s=0
2026-04-29 14:36:41 | INFO | Beta mask after e: False with e=11
2026-04-29 14:36:41 | INFO | Alternating V-column L2-ball constraint active with radius 1.0
2026-04-29 14:36:41 | INFO | Optimizer settings: steps=20000, tol=1e-09, n_starts=1, seed=0, lambda_nuclear=0.0, lambda_frobenius=0.0, lambda_uv_ridge=0.005, v_column_l2_max=1.0, proximal_lr=1.0
2026-04-29 14:36:41 | INFO | Alternating low-rank start 1/1 | seed=0 | initial_loss=0.790753 | initial_penalized=0.790754
2026-04-29 14:36:41 | INFO | Alternating low-rank iter 0 | Loss: 0.503664 | Penalized: 0.504763
2026-04-29 14:36:41 | INFO | Alternating low-rank iter 100 | Loss: 0.401670 | Penalized: 0.410146
2026-04-29 14:36:42 | INFO | Alternating low-rank iter 200 | Loss: 0.401251 | Penalized: 0.409731
2026-04-29 14:36:43 | INFO | Alternating low-rank iter 300 | Loss: 0.401092 | Penalized: 0.409578
2026-04-29 14:36:44 | INFO | Alternating low-rank iter 400 | Loss: 0.401030 | Penalized: 0.409520
2026-04-29 14:36:44 | INFO | Alternating low-rank iter 500 | Loss: 0.401005 | Penalized: 0.409498
2026-04-29 14:36:45 | INFO | Alternating low-rank iter 600 | Loss: 0.400994 | Penalized: 0.409489
2026-04-29 14:36:46 | INFO | Alternating low-rank iter 700 | Loss: 0.400989 | Penalized: 0.409485
2026-04-29 14:36:47 | INFO | Alternating low-rank iter 800 | Loss: 0.400987 | Penalized: 0.409483
2026-04-29 14:36:47 | INFO | Alternating low-rank iter 900 | Loss: 0.400986 | Penalized: 0.409481
2026-04-29 14:36:48 | INFO | Alternating low-rank iter 1000 | Loss: 0.400985 | Penalized: 0.409480
2026-04-29 14:36:49 | INFO | Alternating low-rank iter 1100 | Loss: 0.400984 | Penalized: 0.409479
2026-04-29 14:36:49 | INFO | Alternating low-rank iter 1200 | Loss: 0.400984 | Penalized: 0.409478
2026-04-29 14:36:50 | INFO | Alternating low-rank iter 1300 | Loss: 0.400984 | Penalized: 0.409478
2026-04-29 14:36:51 | INFO | Alternating low-rank iter 1400 | Loss: 0.400984 | Penalized: 0.409477
2026-04-29 14:36:52 | INFO | Alternating low-rank iter 1500 | Loss: 0.400984 | Penalized: 0.409477
2026-04-29 14:36:52 | INFO | Alternating low-rank iter 1600 | Loss: 0.400984 | Penalized: 0.409476
2026-04-29 14:36:53 | INFO | Alternating low-rank iter 1700 | Loss: 0.400984 | Penalized: 0.409476
2026-04-29 14:36:54 | INFO | Alternating low-rank iter 1800 | Loss: 0.400984 | Penalized: 0.409475
2026-04-29 14:36:55 | INFO | Alternating low-rank iter 1900 | Loss: 0.400983 | Penalized: 0.409475
2026-04-29 14:36:55 | INFO | Alternating low-rank iter 2000 | Loss: 0.400983 | Penalized: 0.409475
2026-04-29 14:36:56 | INFO | Alternating low-rank iter 2100 | Loss: 0.400983 | Penalized: 0.409474
2026-04-29 14:36:57 | INFO | Alternating low-rank iter 2200 | Loss: 0.400983 | Penalized: 0.409474
2026-04-29 14:36:58 | INFO | Alternating low-rank iter 2300 | Loss: 0.400983 | Penalized: 0.409474
2026-04-29 14:36:58 | INFO | Alternating low-rank iter 2400 | Loss: 0.400983 | Penalized: 0.409474
2026-04-29 14:36:59 | INFO | Alternating low-rank iter 2500 | Loss: 0.400983 | Penalized: 0.409474
2026-04-29 14:37:00 | INFO | Alternating low-rank iter 2600 | Loss: 0.400984 | Penalized: 0.409474
2026-04-29 14:37:01 | INFO | Alternating low-rank iter 2700 | Loss: 0.400984 | Penalized: 0.409473
2026-04-29 14:37:01 | INFO | Alternating low-rank iter 2800 | Loss: 0.400984 | Penalized: 0.409473
2026-04-29 14:37:01 | INFO | Done fitting.
2026-04-29 14:37:01 | INFO | Optimizer status: CONVERGED: alternating objective tolerance reached
2026-04-29 14:37:01 | INFO | Best optimizer start: 1 / 1
2026-04-29 14:37:01 | INFO | Final Loss: 0.400984
2026-04-29 14:37:01 | INFO | Estimated vs True Parameters:
2026-04-29 14:37:01 | INFO |   beta: -0.3002 (True: -0.3000) | SQE: 0.000000
2026-04-29 14:37:01 | INFO |   xi: 0.7291 (True: 0.8000) | SQE: 0.005023
2026-04-29 14:37:01 | INFO |   eta: 0.3280 (True: 0.3000) | SQE: 0.000782
2026-04-29 14:37:01 | INFO | Alternating low-rank optimizer diagnostics:
2026-04-29 14:37:01 | INFO |   penalized_objective: 0.409473
2026-04-29 14:37:01 | INFO |   mple_loss_without_penalty: 0.400984
2026-04-29 14:37:01 | INFO |   lambda_uv_ridge: 0.005000
2026-04-29 14:37:01 | INFO |   u_frobenius_norm: 206.024075
2026-04-29 14:37:01 | INFO |   v_frobenius_norm: 1.732051
2026-04-29 14:37:01 | INFO |   effective_rank: 3.000000
2026-04-29 14:37:01 | INFO | Field and interaction diagnostics:
2026-04-29 14:37:01 | INFO |   field_rmse: 0.450152
2026-04-29 14:37:01 | INFO |   interaction_fro_error: 0.187329
2026-04-29 14:37:01 | INFO |   estimated_field_max_abs_entry: 7.209148
2026-04-29 14:37:01 | INFO |   estimated_field_rank: 3.000000
2026-04-29 14:37:01 | INFO |   true_field_max_abs_entry: 7.412670
2026-04-29 14:37:01 | INFO |   true_field_rank: 3.000000
2026-04-29 14:37:01 | INFO | Saved summary table to /orcd/home/002/phevosp/MPLE-Causal-Inference/experiments/SyntheticHybridExperiments/confounding_strong/fits/alternating_rank_3_uv_5_e3/mple_summary.csv
2026-04-29 14:37:01 | INFO | Log saved to /orcd/home/002/phevosp/MPLE-Causal-Inference/experiments/SyntheticHybridExperiments/confounding_strong/fits/alternating_rank_3_uv_5_e3/mple.log
