2026-06-12 15:06:10 | INFO | Loading data...
2026-06-12 15:06:10 | INFO | Using panel artifact: /orcd/home/002/phevosp/MPLE-Causal-Inference/experiments/HybridAlt2/partial_confounding_5/panel_data.npz
2026-06-12 15:06:10 | INFO | Using x_0 artifact: /orcd/home/002/phevosp/MPLE-Causal-Inference/experiments/HybridAlt2/partial_confounding_5/x_0.npy
2026-06-12 15:06:10 | INFO | Using fit config: /orcd/home/002/phevosp/MPLE-Causal-Inference/experiments/HybridAlt2/partial_confounding_5/fits/base/fit_realized_config.yaml
2026-06-12 15:06:10 | INFO | Using model artifact directory: /orcd/home/002/phevosp/MPLE-Causal-Inference/experiments/HybridAlt2/partial_confounding_5
2026-06-12 15:06:10 | INFO | Using truth artifact directory: /orcd/home/002/phevosp/MPLE-Causal-Inference/experiments/HybridAlt2/partial_confounding_5
2026-06-12 15:06:10 | INFO | Configured optimizer mode: no_external_field
2026-06-12 15:06:10 | INFO | Configured latent rank: 0
2026-06-12 15:06:10 | INFO | Using a fixed known graph with scalar xi.
2026-06-12 15:06:10 | INFO | Fit-time hard bounds active: False
2026-06-12 15:06:10 | INFO | Fixed scalar parameters: {}
2026-06-12 15:06:10 | INFO | Warm-start fixed scalars: {} for 0 steps
2026-06-12 15:06:10 | INFO | Beta-gradient mask before s: False with s=50
2026-06-12 15:06:10 | INFO | Beta-gradient mask after e: False with e=115
2026-06-12 15:06:10 | INFO | Ignoring v_column_l2_max=1.0 for optimizer_mode=no_external_field
2026-06-12 15:06:10 | INFO | Optimizer settings: steps=20000, tol=1e-09, n_starts=1, seed=0, lambda_nuclear=0.0, lambda_frobenius=0.0, lambda_uv_ridge=0.0, v_column_l2_max=1.0, proximal_lr=1.0
2026-06-12 15:06:10 | INFO | Done fitting.
2026-06-12 15:06:10 | INFO | Optimizer status: Optimization terminated successfully.
2026-06-12 15:06:10 | INFO | Best optimizer start: 1 / 1
2026-06-12 15:06:10 | INFO | Final Loss: 0.627540
2026-06-12 15:06:10 | INFO | Estimated vs True Parameters:
2026-06-12 15:06:10 | INFO |   beta: -0.0804 (True: -0.3000) | SQE: 0.048238
2026-06-12 15:06:10 | INFO |   xi: 0.8159 (True: 0.8000) | SQE: 0.000254
2026-06-12 15:06:10 | INFO |   eta: 0.2592 (True: 0.3000) | SQE: 0.001666
2026-06-12 15:06:10 | INFO | Field and interaction diagnostics:
2026-06-12 15:06:10 | INFO |   field_rmse: 0.500000
2026-06-12 15:06:10 | INFO |   interaction_fro_error: 0.176394
2026-06-12 15:06:10 | INFO |   estimated_field_max_abs_entry: 0.000000
2026-06-12 15:06:10 | INFO |   estimated_field_rank: 0.000000
2026-06-12 15:06:10 | INFO |   true_field_max_abs_entry: 2.835390
2026-06-12 15:06:10 | INFO |   true_field_rank: 8.000000
2026-06-12 15:06:10 | INFO | Saved summary table to /orcd/home/002/phevosp/MPLE-Causal-Inference/experiments/HybridAlt2/partial_confounding_5/fits/base/mple_summary.csv
2026-06-12 15:06:10 | INFO | Log saved to /orcd/home/002/phevosp/MPLE-Causal-Inference/experiments/HybridAlt2/partial_confounding_5/fits/base/mple.log
