2026-04-08 12:26:37 | INFO | Loading data...
2026-04-08 12:26:37 | INFO | Loaded 6 field templates and 1 interaction templates.
2026-04-08 12:26:37 | INFO | Intervention-process model enabled: True
2026-04-08 12:26:37 | INFO | Tau zero-mean enabled: False
2026-04-08 12:26:37 | INFO | Tau smoothness lambda: 0.000000
2026-04-08 12:26:37 | INFO | Running conditional-model MPLE on x with shape=(70, 3135)
2026-04-08 12:26:37 | INFO | Eval 0  |  Loss: 0.670233
2026-04-08 12:26:37 | INFO |   field::population_density: +0.0126,  field::senior_population: -0.0132,  field::college_education: +0.0640,  field::poverty_rate: +0.0105,  field::log_population: -0.0536,  field::median_household_income: +0.0362,  tau block: mean=+0.0096, std=0.0990, min=-0.2325, max=+0.1960,  beta: -0.0662,  interaction::contiguity: +0.0935,  eta: +0.0049,  zeta: +0.2002,  psi: +0.0189
2026-04-08 12:26:40 | INFO | Done fitting.
2026-04-08 12:26:40 | INFO | Optimizer status: CONVERGENCE: RELATIVE REDUCTION OF F <= FACTR*EPSMCH
2026-04-08 12:26:40 | INFO | Final Loss: 0.156685
2026-04-08 12:26:40 | INFO | Estimated Parameters:
2026-04-08 12:26:40 | INFO |   field::population_density: -0.4184
2026-04-08 12:26:40 | INFO |   field::senior_population: -0.2373
2026-04-08 12:26:40 | INFO |   field::college_education: -0.2275
2026-04-08 12:26:40 | INFO |   field::poverty_rate: -0.1861
2026-04-08 12:26:40 | INFO |   field::log_population: 0.1583
2026-04-08 12:26:40 | INFO |   field::median_household_income: -0.0777
2026-04-08 12:26:40 | INFO |   tau::t_0: -0.1368
2026-04-08 12:26:40 | INFO |   tau::t_1: -0.1270
2026-04-08 12:26:40 | INFO |   tau::t_2: -0.1754
2026-04-08 12:26:40 | INFO |   tau::t_3: -0.2137
2026-04-08 12:26:40 | INFO |   tau::t_4: -0.2386
2026-04-08 12:26:40 | INFO |   tau::t_5: -0.3704
2026-04-08 12:26:40 | INFO |   tau::t_6: 0.0113
2026-04-08 12:26:40 | INFO |   tau::t_7: -0.2306
2026-04-08 12:26:40 | INFO |   tau::t_8: -0.0326
2026-04-08 12:26:40 | INFO |   tau::t_9: -0.1097
2026-04-08 12:26:40 | INFO |   tau::t_10: -0.0368
2026-04-08 12:26:40 | INFO |   tau::t_11: -0.1218
2026-04-08 12:26:40 | INFO |   tau::t_12: -0.0196
2026-04-08 12:26:40 | INFO |   tau::t_13: -0.0832
2026-04-08 12:26:40 | INFO |   tau::t_14: -0.2374
2026-04-08 12:26:40 | INFO |   tau::t_15: -0.2394
2026-04-08 12:26:40 | INFO |   tau::t_16: -0.3485
2026-04-08 12:26:40 | INFO |   tau::t_17: -0.3796
2026-04-08 12:26:40 | INFO |   tau::t_18: -0.5590
2026-04-08 12:26:40 | INFO |   tau::t_19: -0.5144
2026-04-08 12:26:40 | INFO |   tau::t_20: -0.7668
2026-04-08 12:26:40 | INFO |   tau::t_21: -0.4997
2026-04-08 12:26:40 | INFO |   tau::t_22: -0.6696
2026-04-08 12:26:40 | INFO |   tau::t_23: -0.5943
2026-04-08 12:26:40 | INFO |   tau::t_24: -0.5654
2026-04-08 12:26:40 | INFO |   tau::t_25: -0.3002
2026-04-08 12:26:40 | INFO |   tau::t_26: -0.1998
2026-04-08 12:26:40 | INFO |   tau::t_27: 0.0604
2026-04-08 12:26:40 | INFO |   tau::t_28: 0.2285
2026-04-08 12:26:40 | INFO |   tau::t_29: 0.2240
2026-04-08 12:26:40 | INFO |   tau::t_30: 0.2559
2026-04-08 12:26:40 | INFO |   tau::t_31: 0.2239
2026-04-08 12:26:40 | INFO |   tau::t_32: 0.2094
2026-04-08 12:26:40 | INFO |   tau::t_33: 0.1868
2026-04-08 12:26:40 | INFO |   tau::t_34: 0.0185
2026-04-08 12:26:40 | INFO |   tau::t_35: 0.1608
2026-04-08 12:26:40 | INFO |   tau::t_36: -0.0977
2026-04-08 12:26:40 | INFO |   tau::t_37: -0.1233
2026-04-08 12:26:40 | INFO |   tau::t_38: -0.1476
2026-04-08 12:26:40 | INFO |   tau::t_39: -0.1806
2026-04-08 12:26:40 | INFO |   tau::t_40: -0.2137
2026-04-08 12:26:40 | INFO |   tau::t_41: -0.0302
2026-04-08 12:26:40 | INFO |   tau::t_42: -0.0495
2026-04-08 12:26:40 | INFO |   tau::t_43: 0.0329
2026-04-08 12:26:40 | INFO |   tau::t_44: 0.0823
2026-04-08 12:26:40 | INFO |   tau::t_45: -0.3262
2026-04-08 12:26:40 | INFO |   tau::t_46: 0.3376
2026-04-08 12:26:40 | INFO |   tau::t_47: -0.0127
2026-04-08 12:26:40 | INFO |   tau::t_48: -0.0491
2026-04-08 12:26:40 | INFO |   tau::t_49: -0.0456
2026-04-08 12:26:40 | INFO |   tau::t_50: 0.5029
2026-04-08 12:26:40 | INFO |   tau::t_51: 0.8700
2026-04-08 12:26:40 | INFO |   tau::t_52: 0.9345
2026-04-08 12:26:40 | INFO |   tau::t_53: 1.2369
2026-04-08 12:26:40 | INFO |   tau::t_54: 1.3022
2026-04-08 12:26:40 | INFO |   tau::t_55: 0.3815
2026-04-08 12:26:40 | INFO |   tau::t_56: -0.2219
2026-04-08 12:26:40 | INFO |   tau::t_57: -0.3808
2026-04-08 12:26:40 | INFO |   tau::t_58: -0.4400
2026-04-08 12:26:40 | INFO |   tau::t_59: -0.2621
2026-04-08 12:26:40 | INFO |   tau::t_60: -0.2366
2026-04-08 12:26:40 | INFO |   tau::t_61: -0.2513
2026-04-08 12:26:40 | INFO |   tau::t_62: -0.3679
2026-04-08 12:26:40 | INFO |   tau::t_63: -0.4158
2026-04-08 12:26:40 | INFO |   tau::t_64: -0.3606
2026-04-08 12:26:40 | INFO |   tau::t_65: -0.2003
2026-04-08 12:26:40 | INFO |   tau::t_66: -0.1246
2026-04-08 12:26:40 | INFO |   tau::t_67: -0.1501
2026-04-08 12:26:40 | INFO |   tau::t_68: -0.0009
2026-04-08 12:26:40 | INFO |   tau::t_69: -0.0286
2026-04-08 12:26:40 | INFO |   beta: 0.0018
2026-04-08 12:26:40 | INFO |   interaction::contiguity: 2.6118
2026-04-08 12:26:40 | INFO |   eta: 0.5509
2026-04-08 12:26:40 | INFO |   zeta: -0.0197
2026-04-08 12:26:40 | INFO |   psi: 2.1034
2026-04-08 12:26:40 | INFO | Saved summary tables to C:\Users\phevo\Documents\MIT\Code\MPLE-Causal-Inference\experiments\USCountyVaccination_US_features_new\outcome_case_rate_100k_ge_200__intervention_partial_cov_ge_40__lag_0w__contiguity\mple_summary.csv and C:\Users\phevo\Documents\MIT\Code\MPLE-Causal-Inference\experiments\USCountyVaccination_US_features_new\outcome_case_rate_100k_ge_200__intervention_partial_cov_ge_40__lag_0w__contiguity\mple_summary.md
2026-04-08 12:26:40 | INFO | Log saved to C:\Users\phevo\Documents\MIT\Code\MPLE-Causal-Inference\experiments\USCountyVaccination_US_features_new\outcome_case_rate_100k_ge_200__intervention_partial_cov_ge_40__lag_0w__contiguity\mple.log
