2026-04-29 14:18:16 | INFO | Loading data...
2026-04-29 14:18:16 | INFO | Using panel artifact: /orcd/home/002/phevosp/MPLE-Causal-Inference/experiments/SyntheticHybridExperiments/confounding_moderate/panel_data.npz
2026-04-29 14:18:16 | INFO | Using x_0 artifact: /orcd/home/002/phevosp/MPLE-Causal-Inference/experiments/SyntheticHybridExperiments/confounding_moderate/x_0.npy
2026-04-29 14:18:16 | INFO | Using fit config: /orcd/home/002/phevosp/MPLE-Causal-Inference/experiments/SyntheticHybridExperiments/confounding_moderate/fits/alternating_rank_3_uv_1/fit_realized_config.yaml
2026-04-29 14:18:16 | INFO | Using model artifact directory: /orcd/home/002/phevosp/MPLE-Causal-Inference/experiments/SyntheticHybridExperiments/confounding_moderate
2026-04-29 14:18:16 | INFO | Using truth artifact directory: /orcd/home/002/phevosp/MPLE-Causal-Inference/experiments/SyntheticHybridExperiments/confounding_moderate
2026-04-29 14:18:16 | INFO | Configured optimizer mode: alternating_latent_rank
2026-04-29 14:18:16 | INFO | Configured latent rank: 3
2026-04-29 14:18:16 | INFO | Using a fixed known graph with scalar xi.
2026-04-29 14:18:16 | INFO | Fit-time hard bounds active: False
2026-04-29 14:18:16 | INFO | Fixed scalar parameters: {}
2026-04-29 14:18:16 | INFO | Warm-start fixed scalars: {} for 0 steps
2026-04-29 14:18:16 | INFO | Beta mask before s: False with s=0
2026-04-29 14:18:16 | INFO | Beta mask after e: False with e=11
2026-04-29 14:18:16 | INFO | Alternating V-column L2-ball constraint active with radius 1.0
2026-04-29 14:18:16 | INFO | Optimizer settings: steps=20000, tol=1e-09, n_starts=1, seed=0, lambda_nuclear=0.0, lambda_frobenius=0.0, lambda_uv_ridge=1.0, v_column_l2_max=1.0, proximal_lr=1.0
2026-04-29 14:18:16 | INFO | Alternating low-rank start 1/1 | seed=0 | initial_loss=0.821544 | initial_penalized=0.821727
2026-04-29 14:18:16 | INFO | Alternating low-rank iter 0 | Loss: 0.596171 | Penalized: 0.613881
2026-04-29 14:18:17 | INFO | Alternating low-rank iter 100 | Loss: 0.587026 | Penalized: 0.606905
2026-04-29 14:18:17 | INFO | Alternating low-rank iter 200 | Loss: 0.586689 | Penalized: 0.606606
2026-04-29 14:18:18 | INFO | Alternating low-rank iter 300 | Loss: 0.586648 | Penalized: 0.606579
2026-04-29 14:18:19 | INFO | Alternating low-rank iter 400 | Loss: 0.586640 | Penalized: 0.606576
2026-04-29 14:18:20 | INFO | Done fitting.
2026-04-29 14:18:20 | INFO | Optimizer status: CONVERGED: alternating objective tolerance reached
2026-04-29 14:18:20 | INFO | Best optimizer start: 1 / 1
2026-04-29 14:18:20 | INFO | Final Loss: 0.586639
2026-04-29 14:18:20 | INFO | Estimated vs True Parameters:
2026-04-29 14:18:20 | INFO |   beta: -0.2309 (True: -0.3000) | SQE: 0.004770
2026-04-29 14:18:20 | INFO |   xi: 0.6742 (True: 0.8000) | SQE: 0.015824
2026-04-29 14:18:20 | INFO |   eta: 0.2659 (True: 0.3000) | SQE: 0.001160
2026-04-29 14:18:20 | INFO | Alternating low-rank optimizer diagnostics:
2026-04-29 14:18:20 | INFO |   penalized_objective: 0.606576
2026-04-29 14:18:20 | INFO |   mple_loss_without_penalty: 0.586639
2026-04-29 14:18:20 | INFO |   lambda_uv_ridge: 1.000000
2026-04-29 14:18:20 | INFO |   u_frobenius_norm: 22.258433
2026-04-29 14:18:20 | INFO |   v_frobenius_norm: 1.732051
2026-04-29 14:18:20 | INFO |   effective_rank: 3.000000
2026-04-29 14:18:20 | INFO | Field and interaction diagnostics:
2026-04-29 14:18:20 | INFO |   field_rmse: 0.346602
2026-04-29 14:18:20 | INFO |   interaction_fro_error: 0.332499
2026-04-29 14:18:20 | INFO |   estimated_field_max_abs_entry: 0.914938
2026-04-29 14:18:20 | INFO |   estimated_field_rank: 3.000000
2026-04-29 14:18:20 | INFO |   true_field_max_abs_entry: 3.479714
2026-04-29 14:18:20 | INFO |   true_field_rank: 3.000000
2026-04-29 14:18:20 | INFO | Saved summary table to /orcd/home/002/phevosp/MPLE-Causal-Inference/experiments/SyntheticHybridExperiments/confounding_moderate/fits/alternating_rank_3_uv_1/mple_summary.csv
2026-04-29 14:18:20 | INFO | Log saved to /orcd/home/002/phevosp/MPLE-Causal-Inference/experiments/SyntheticHybridExperiments/confounding_moderate/fits/alternating_rank_3_uv_1/mple.log
