2026-05-01 08:43:49 | INFO | Loading data...
2026-05-01 08:43:49 | INFO | Using panel artifact: /orcd/home/002/phevosp/MPLE-Causal-Inference/experiments/SyntheticHybridExperiments/base/panel_data.npz
2026-05-01 08:43:49 | INFO | Using x_0 artifact: /orcd/home/002/phevosp/MPLE-Causal-Inference/experiments/SyntheticHybridExperiments/base/x_0.npy
2026-05-01 08:43:49 | INFO | Using fit config: /orcd/home/002/phevosp/MPLE-Causal-Inference/experiments/SyntheticHybridExperiments/base/cv_runs/alternating_uv_grid/candidates/alternating_uv_grid_candidate_0006/fold_1/fit_realized_config.yaml
2026-05-01 08:43:49 | INFO | Using model artifact directory: /orcd/home/002/phevosp/MPLE-Causal-Inference/experiments/SyntheticHybridExperiments/base
2026-05-01 08:43:49 | INFO | Using truth artifact directory: /orcd/home/002/phevosp/MPLE-Causal-Inference/experiments/SyntheticHybridExperiments/base
2026-05-01 08:43:49 | INFO | Using loss mask artifact: /orcd/home/002/phevosp/MPLE-Causal-Inference/experiments/SyntheticHybridExperiments/base/cv_runs/alternating_uv_grid/candidates/alternating_uv_grid_candidate_0006/fold_1/loss_mask.npy
2026-05-01 08:43:49 | INFO | Configured optimizer mode: alternating_latent_rank
2026-05-01 08:43:49 | INFO | Configured latent rank: 3
2026-05-01 08:43:49 | INFO | Using a fixed known graph with scalar xi.
2026-05-01 08:43:49 | INFO | Fit-time hard bounds active: False
2026-05-01 08:43:49 | INFO | Fixed scalar parameters: {}
2026-05-01 08:43:49 | INFO | Warm-start fixed scalars: {} for 0 steps
2026-05-01 08:43:49 | INFO | Beta mask before s: False with s=0
2026-05-01 08:43:49 | INFO | Beta mask after e: False with e=11
2026-05-01 08:43:49 | INFO | Alternating V-column L2-ball constraint active with radius 1.0
2026-05-01 08:43:49 | INFO | Optimizer settings: steps=2000, tol=1e-07, n_starts=1, seed=0, lambda_nuclear=0.0, lambda_frobenius=0.0, lambda_uv_ridge=0.5, v_column_l2_max=1.0, proximal_lr=1.0
2026-05-01 08:43:49 | INFO | Alternating low-rank start 1/1 | seed=0 | initial_loss=0.838136 | initial_penalized=0.838906
2026-05-01 08:43:49 | INFO | Alternating low-rank iter 0 | Loss: 0.710791 | Penalized: 0.738305
2026-05-01 08:43:50 | INFO | Alternating low-rank iter 100 | Loss: 0.551330 | Penalized: 0.581419
2026-05-01 08:43:51 | INFO | Alternating low-rank iter 200 | Loss: 0.550062 | Penalized: 0.580059
2026-05-01 08:43:52 | INFO | Alternating low-rank iter 300 | Loss: 0.549088 | Penalized: 0.579020
2026-05-01 08:43:53 | INFO | Alternating low-rank iter 400 | Loss: 0.548335 | Penalized: 0.578222
2026-05-01 08:43:54 | INFO | Alternating low-rank iter 500 | Loss: 0.547755 | Penalized: 0.577608
2026-05-01 08:43:55 | INFO | Alternating low-rank iter 600 | Loss: 0.547307 | Penalized: 0.577137
2026-05-01 08:43:55 | INFO | Alternating low-rank iter 700 | Loss: 0.546961 | Penalized: 0.576774
2026-05-01 08:43:56 | INFO | Alternating low-rank iter 800 | Loss: 0.546694 | Penalized: 0.576494
2026-05-01 08:43:57 | INFO | Alternating low-rank iter 900 | Loss: 0.546487 | Penalized: 0.576279
2026-05-01 08:43:58 | INFO | Alternating low-rank iter 1000 | Loss: 0.546328 | Penalized: 0.576113
2026-05-01 08:43:59 | INFO | Alternating low-rank iter 1100 | Loss: 0.546204 | Penalized: 0.575984
2026-05-01 08:44:00 | INFO | Alternating low-rank iter 1200 | Loss: 0.546109 | Penalized: 0.575885
2026-05-01 08:44:01 | INFO | Alternating low-rank iter 1300 | Loss: 0.546035 | Penalized: 0.575809
2026-05-01 08:44:02 | INFO | Alternating low-rank iter 1400 | Loss: 0.545979 | Penalized: 0.575749
2026-05-01 08:44:03 | INFO | Alternating low-rank iter 1500 | Loss: 0.545937 | Penalized: 0.575703
2026-05-01 08:44:04 | INFO | Alternating low-rank iter 1600 | Loss: 0.545907 | Penalized: 0.575666
2026-05-01 08:44:05 | INFO | Alternating low-rank iter 1700 | Loss: 0.545883 | Penalized: 0.575631
2026-05-01 08:44:06 | INFO | Alternating low-rank iter 1800 | Loss: 0.545802 | Penalized: 0.575581
2026-05-01 08:44:07 | INFO | Alternating low-rank iter 1900 | Loss: 0.545778 | Penalized: 0.575557
2026-05-01 08:44:08 | INFO | Done fitting.
2026-05-01 08:44:08 | INFO | Optimizer status: STOP: TOTAL NO. OF ITERATIONS REACHED LIMIT
2026-05-01 08:44:08 | INFO | Best optimizer start: 1 / 1
2026-05-01 08:44:08 | INFO | Final Loss: 0.545757
2026-05-01 08:44:08 | INFO | Estimated vs True Parameters:
2026-05-01 08:44:08 | INFO |   beta: -0.3117 (True: -0.3000) | SQE: 0.000136
2026-05-01 08:44:08 | INFO |   xi: 0.9792 (True: 0.8000) | SQE: 0.032126
2026-05-01 08:44:08 | INFO |   eta: 0.2914 (True: 0.3000) | SQE: 0.000075
2026-05-01 08:44:08 | INFO | Alternating low-rank optimizer diagnostics:
2026-05-01 08:44:08 | INFO |   penalized_objective: 0.575540
2026-05-01 08:44:08 | INFO |   mple_loss_without_penalty: 0.545757
2026-05-01 08:44:08 | INFO |   lambda_uv_ridge: 0.500000
2026-05-01 08:44:08 | INFO |   u_frobenius_norm: 13.182957
2026-05-01 08:44:08 | INFO |   v_frobenius_norm: 1.732051
2026-05-01 08:44:08 | INFO |   effective_rank: 3.000000
2026-05-01 08:44:08 | INFO | Field and interaction diagnostics:
2026-05-01 08:44:08 | INFO |   field_rmse: 0.084039
2026-05-01 08:44:08 | INFO |   interaction_fro_error: 0.473753
2026-05-01 08:44:08 | INFO |   estimated_field_max_abs_entry: 0.642094
2026-05-01 08:44:08 | INFO |   estimated_field_rank: 3.000000
2026-05-01 08:44:08 | INFO |   true_field_max_abs_entry: 0.000000
2026-05-01 08:44:08 | INFO |   true_field_rank: 0.000000
2026-05-01 08:44:08 | INFO | Saved summary table to /orcd/home/002/phevosp/MPLE-Causal-Inference/experiments/SyntheticHybridExperiments/base/cv_runs/alternating_uv_grid/candidates/alternating_uv_grid_candidate_0006/fold_1/mple_summary.csv
2026-05-01 08:44:08 | INFO | Log saved to /orcd/home/002/phevosp/MPLE-Causal-Inference/experiments/SyntheticHybridExperiments/base/cv_runs/alternating_uv_grid/candidates/alternating_uv_grid_candidate_0006/fold_1/mple.log
