2026-04-30 09:44:21 | INFO | Loading data...
2026-04-30 09:44:21 | INFO | Using panel artifact: /orcd/home/002/phevosp/MPLE-Causal-Inference/experiments/SyntheticHybridExperiments/r3_hybrid_us_county_intervention_uscounty_graph_contiguous_confounding/panel_data.npz
2026-04-30 09:44:21 | INFO | Using x_0 artifact: /orcd/home/002/phevosp/MPLE-Causal-Inference/experiments/SyntheticHybridExperiments/r3_hybrid_us_county_intervention_uscounty_graph_contiguous_confounding/x_0.npy
2026-04-30 09:44:21 | INFO | Using fit config: /orcd/home/002/phevosp/MPLE-Causal-Inference/experiments/SyntheticHybridExperiments/r3_hybrid_us_county_intervention_uscounty_graph_contiguous_confounding/fits/alternating_rank_3_uv_5_e1_beta_mask/fit_realized_config.yaml
2026-04-30 09:44:21 | INFO | Using model artifact directory: /orcd/home/002/phevosp/MPLE-Causal-Inference/experiments/SyntheticHybridExperiments/r3_hybrid_us_county_intervention_uscounty_graph_contiguous_confounding
2026-04-30 09:44:21 | INFO | Using truth artifact directory: /orcd/home/002/phevosp/MPLE-Causal-Inference/experiments/SyntheticHybridExperiments/r3_hybrid_us_county_intervention_uscounty_graph_contiguous_confounding
2026-04-30 09:44:22 | INFO | Configured optimizer mode: alternating_latent_rank
2026-04-30 09:44:22 | INFO | Configured latent rank: 3
2026-04-30 09:44:22 | INFO | Using a fixed known graph with scalar xi.
2026-04-30 09:44:22 | INFO | Fit-time hard bounds active: False
2026-04-30 09:44:22 | INFO | Fixed scalar parameters: {}
2026-04-30 09:44:22 | INFO | Warm-start fixed scalars: {} for 0 steps
2026-04-30 09:44:22 | INFO | Beta mask before s: True with s=55
2026-04-30 09:44:22 | INFO | Beta mask after e: True with e=120
2026-04-30 09:44:22 | INFO | Alternating V-column L2-ball constraint active with radius 1.0
2026-04-30 09:44:22 | INFO | Optimizer settings: steps=20000, tol=1e-09, n_starts=1, seed=0, lambda_nuclear=0.0, lambda_frobenius=0.0, lambda_uv_ridge=0.5, v_column_l2_max=1.0, proximal_lr=1.0
2026-04-30 09:44:22 | INFO | Alternating low-rank start 1/1 | seed=0 | initial_loss=0.684374 | initial_penalized=0.684383
2026-04-30 09:44:22 | INFO | Alternating low-rank iter 0 | Loss: 0.596477 | Penalized: 0.601921
2026-04-30 09:44:31 | INFO | Alternating low-rank iter 100 | Loss: 0.580223 | Penalized: 0.586759
2026-04-30 09:44:40 | INFO | Alternating low-rank iter 200 | Loss: 0.580225 | Penalized: 0.586710
2026-04-30 09:44:45 | INFO | Done fitting.
2026-04-30 09:44:45 | INFO | Optimizer status: CONVERGED: alternating objective tolerance reached
2026-04-30 09:44:45 | INFO | Best optimizer start: 1 / 1
2026-04-30 09:44:45 | INFO | Final Loss: 0.580228
2026-04-30 09:44:45 | INFO | Estimated vs True Parameters:
2026-04-30 09:44:45 | INFO |   beta: 0.0875 (True: -0.3000) | SQE: 0.150141
2026-04-30 09:44:45 | INFO |   xi: 1.0068 (True: 0.8000) | SQE: 0.042748
2026-04-30 09:44:45 | INFO |   eta: 0.3244 (True: 0.3000) | SQE: 0.000597
2026-04-30 09:44:45 | INFO | Alternating low-rank optimizer diagnostics:
2026-04-30 09:44:45 | INFO |   penalized_objective: 0.586710
2026-04-30 09:44:45 | INFO |   mple_loss_without_penalty: 0.580228
2026-04-30 09:44:45 | INFO |   lambda_uv_ridge: 0.500000
2026-04-30 09:44:45 | INFO |   u_frobenius_norm: 68.455026
2026-04-30 09:44:45 | INFO |   v_frobenius_norm: 1.732051
2026-04-30 09:44:45 | INFO |   effective_rank: 3.000000
2026-04-30 09:44:45 | INFO | Field and interaction diagnostics:
2026-04-30 09:44:45 | INFO |   field_rmse: 0.449919
2026-04-30 09:44:45 | INFO |   interaction_fro_error: 1.955228
2026-04-30 09:44:45 | INFO |   estimated_field_max_abs_entry: 0.723489
2026-04-30 09:44:45 | INFO |   estimated_field_rank: 3.000000
2026-04-30 09:44:45 | INFO |   true_field_max_abs_entry: 2.169749
2026-04-30 09:44:45 | INFO |   true_field_rank: 3.000000
2026-04-30 09:44:45 | INFO | Saved summary table to /orcd/home/002/phevosp/MPLE-Causal-Inference/experiments/SyntheticHybridExperiments/r3_hybrid_us_county_intervention_uscounty_graph_contiguous_confounding/fits/alternating_rank_3_uv_5_e1_beta_mask/mple_summary.csv
2026-04-30 09:44:45 | INFO | Log saved to /orcd/home/002/phevosp/MPLE-Causal-Inference/experiments/SyntheticHybridExperiments/r3_hybrid_us_county_intervention_uscounty_graph_contiguous_confounding/fits/alternating_rank_3_uv_5_e1_beta_mask/mple.log
