2026-04-01 10:09:02 | INFO | Loading data...
2026-04-01 10:09:02 | INFO | Loaded 1 field templates and 1 interaction templates.
2026-04-01 10:09:02 | INFO | Running conditional-model MPLE on x with shape=(10, 100)
2026-04-01 10:09:02 | INFO | Eval 0  |  Loss: 0.689935
2026-04-01 10:09:02 | INFO |   field::intercept: +0.0126,  beta: -0.0132,  interaction::adjacency: +0.0640,  eta: +0.0105,  zeta: -0.0536,  psi: +0.0362
2026-04-01 10:09:02 | INFO | Done fitting.
2026-04-01 10:09:02 | INFO | Optimizer status: CONVERGENCE: RELATIVE REDUCTION OF F <= FACTR*EPSMCH
2026-04-01 10:09:02 | INFO | Final Loss: 0.684544
2026-04-01 10:09:02 | INFO | Estimated vs True Parameters:
2026-04-01 10:09:02 | INFO |   field::intercept: 0.0963 (True: 0.1800)
2026-04-01 10:09:02 | INFO |   field::intercept SQE: 0.007011
2026-04-01 10:09:02 | INFO |   beta: 0.0329 (True: 0.1200)
2026-04-01 10:09:02 | INFO |   beta SQE: 0.007582
2026-04-01 10:09:02 | INFO |   interaction::adjacency: 0.4479 (True: 0.1500)
2026-04-01 10:09:02 | INFO |   interaction::adjacency SQE: 0.088722
2026-04-01 10:09:02 | INFO |   eta: 0.0478 (True: 0.0100)
2026-04-01 10:09:02 | INFO |   eta SQE: 0.001431
2026-04-01 10:09:02 | INFO |   zeta: -0.1044 (True: -0.1500)
2026-04-01 10:09:02 | INFO |   zeta SQE: 0.002081
2026-04-01 10:09:02 | INFO |   psi: 0.0000 (True: 0.0500)
2026-04-01 10:09:02 | INFO |   psi SQE: 0.002500
2026-04-01 10:09:02 | INFO | Saved summary tables to C:\Users\phevo\Documents\MIT\Code\MPLE-Causal-Inference\experiments\n100_t10_high_temp_fro_medium_uniform_known_graph_20260331_225808\mple_summary.csv and C:\Users\phevo\Documents\MIT\Code\MPLE-Causal-Inference\experiments\n100_t10_high_temp_fro_medium_uniform_known_graph_20260331_225808\mple_summary.md
2026-04-01 10:09:02 | INFO | Log saved to C:\Users\phevo\Documents\MIT\Code\MPLE-Causal-Inference\experiments\n100_t10_high_temp_fro_medium_uniform_known_graph_20260331_225808\mple.log
2026-04-01 10:15:40 | INFO | Loading data...
2026-04-01 10:15:40 | INFO | Loaded 1 field templates and 1 interaction templates.
2026-04-01 10:15:40 | INFO | Running conditional-model MPLE on x with shape=(10, 100)
2026-04-01 10:15:40 | INFO | Eval 0  |  Loss: 0.689935
2026-04-01 10:15:40 | INFO |   field::intercept: +0.0126,  beta: -0.0132,  interaction::adjacency: +0.0640,  eta: +0.0105,  zeta: -0.0536,  psi: +0.0362
2026-04-01 10:15:40 | INFO | Done fitting.
2026-04-01 10:15:40 | INFO | Optimizer status: CONVERGENCE: RELATIVE REDUCTION OF F <= FACTR*EPSMCH
2026-04-01 10:15:40 | INFO | Final Loss: 0.684544
2026-04-01 10:15:40 | INFO | Estimated vs True Parameters:
2026-04-01 10:15:40 | INFO |   field::intercept: 0.0963 (True: 0.1800)
2026-04-01 10:15:40 | INFO |   field::intercept SQE: 0.007011
2026-04-01 10:15:40 | INFO |   beta: 0.0329 (True: 0.1200)
2026-04-01 10:15:40 | INFO |   beta SQE: 0.007582
2026-04-01 10:15:40 | INFO |   interaction::adjacency: 0.4479 (True: 0.1500)
2026-04-01 10:15:40 | INFO |   interaction::adjacency SQE: 0.088722
2026-04-01 10:15:40 | INFO |   eta: 0.0478 (True: 0.0100)
2026-04-01 10:15:40 | INFO |   eta SQE: 0.001431
2026-04-01 10:15:40 | INFO |   zeta: -0.1044 (True: -0.1500)
2026-04-01 10:15:40 | INFO |   zeta SQE: 0.002081
2026-04-01 10:15:40 | INFO |   psi: 0.0000 (True: 0.0500)
2026-04-01 10:15:40 | INFO |   psi SQE: 0.002500
2026-04-01 10:15:40 | INFO | Saved summary tables to C:\Users\phevo\Documents\MIT\Code\MPLE-Causal-Inference\experiments\n100_t10_high_temp_fro_medium_uniform_known_graph_20260331_225808\mple_summary.csv and C:\Users\phevo\Documents\MIT\Code\MPLE-Causal-Inference\experiments\n100_t10_high_temp_fro_medium_uniform_known_graph_20260331_225808\mple_summary.md
2026-04-01 10:15:40 | INFO | Log saved to C:\Users\phevo\Documents\MIT\Code\MPLE-Causal-Inference\experiments\n100_t10_high_temp_fro_medium_uniform_known_graph_20260331_225808\mple.log
