2026-05-01 20:46:03 | INFO | Loading data...
2026-05-01 20:46:03 | INFO | Using panel artifact: /orcd/home/002/phevosp/MPLE-Causal-Inference/experiments/SyntheticHybridExperimentsFinal/base/panel_data.npz
2026-05-01 20:46:03 | INFO | Using x_0 artifact: /orcd/home/002/phevosp/MPLE-Causal-Inference/experiments/SyntheticHybridExperimentsFinal/base/x_0.npy
2026-05-01 20:46:03 | INFO | Using fit config: /orcd/home/002/phevosp/MPLE-Causal-Inference/experiments/SyntheticHybridExperimentsFinal/base/cv_runs/alternating_uv_grid/candidates/alternating_uv_grid_candidate_0003/fold_2/fit_realized_config.yaml
2026-05-01 20:46:03 | INFO | Using model artifact directory: /orcd/home/002/phevosp/MPLE-Causal-Inference/experiments/SyntheticHybridExperimentsFinal/base
2026-05-01 20:46:03 | INFO | Using truth artifact directory: /orcd/home/002/phevosp/MPLE-Causal-Inference/experiments/SyntheticHybridExperimentsFinal/base
2026-05-01 20:46:03 | INFO | Using loss mask artifact: /orcd/home/002/phevosp/MPLE-Causal-Inference/experiments/SyntheticHybridExperimentsFinal/base/cv_runs/alternating_uv_grid/candidates/alternating_uv_grid_candidate_0003/fold_2/loss_mask.npy
2026-05-01 20:46:03 | INFO | Configured optimizer mode: alternating_latent_rank
2026-05-01 20:46:03 | INFO | Configured latent rank: 3
2026-05-01 20:46:03 | INFO | Using a fixed known graph with scalar xi.
2026-05-01 20:46:03 | INFO | Fit-time hard bounds active: False
2026-05-01 20:46:03 | INFO | Fixed scalar parameters: {}
2026-05-01 20:46:03 | INFO | Warm-start fixed scalars: {} for 0 steps
2026-05-01 20:46:03 | INFO | Beta mask before s: False with s=0
2026-05-01 20:46:03 | INFO | Beta mask after e: False with e=11
2026-05-01 20:46:03 | INFO | Alternating V-column L2-ball constraint active with radius 1.0
2026-05-01 20:46:03 | INFO | Optimizer settings: steps=2000, tol=1e-07, n_starts=1, seed=0, lambda_nuclear=0.0, lambda_frobenius=0.0, lambda_uv_ridge=0.01, v_column_l2_max=1.0, proximal_lr=1.0
2026-05-01 20:46:03 | INFO | Alternating low-rank start 1/1 | seed=0 | initial_loss=0.840900 | initial_penalized=0.840903
2026-05-01 20:46:03 | INFO | Alternating low-rank iter 0 | Loss: 0.586378 | Penalized: 0.587382
2026-05-01 20:46:04 | INFO | Alternating low-rank iter 100 | Loss: 0.527449 | Penalized: 0.534354
2026-05-01 20:46:06 | INFO | Alternating low-rank iter 200 | Loss: 0.525177 | Penalized: 0.532719
2026-05-01 20:46:07 | INFO | Alternating low-rank iter 300 | Loss: 0.524325 | Penalized: 0.532079
2026-05-01 20:46:08 | INFO | Alternating low-rank iter 400 | Loss: 0.523887 | Penalized: 0.531892
2026-05-01 20:46:08 | INFO | Done fitting.
2026-05-01 20:46:08 | INFO | Optimizer status: CONVERGED: alternating objective tolerance reached
2026-05-01 20:46:08 | INFO | Best optimizer start: 1 / 1
2026-05-01 20:46:08 | INFO | Final Loss: 0.523885
2026-05-01 20:46:08 | INFO | Estimated vs True Parameters:
2026-05-01 20:46:08 | INFO |   beta: -0.3566 (True: -0.3000) | SQE: 0.003204
2026-05-01 20:46:08 | INFO |   xi: 0.7911 (True: 0.8000) | SQE: 0.000079
2026-05-01 20:46:08 | INFO |   eta: 0.3003 (True: 0.3000) | SQE: 0.000000
2026-05-01 20:46:08 | INFO | Alternating low-rank optimizer diagnostics:
2026-05-01 20:46:08 | INFO |   penalized_objective: 0.531891
2026-05-01 20:46:08 | INFO |   mple_loss_without_penalty: 0.523885
2026-05-01 20:46:08 | INFO |   lambda_uv_ridge: 0.010000
2026-05-01 20:46:08 | INFO |   u_frobenius_norm: 117.488586
2026-05-01 20:46:08 | INFO |   v_frobenius_norm: 1.732051
2026-05-01 20:46:08 | INFO |   effective_rank: 3.000000
2026-05-01 20:46:08 | INFO | Field and interaction diagnostics:
2026-05-01 20:46:08 | INFO |   field_rmse: 0.743244
2026-05-01 20:46:08 | INFO |   interaction_fro_error: 0.031479
2026-05-01 20:46:08 | INFO |   estimated_field_max_abs_entry: 8.803972
2026-05-01 20:46:08 | INFO |   estimated_field_rank: 3.000000
2026-05-01 20:46:08 | INFO |   true_field_max_abs_entry: 0.000000
2026-05-01 20:46:08 | INFO |   true_field_rank: 0.000000
2026-05-01 20:46:08 | INFO | Saved summary table to /orcd/home/002/phevosp/MPLE-Causal-Inference/experiments/SyntheticHybridExperimentsFinal/base/cv_runs/alternating_uv_grid/candidates/alternating_uv_grid_candidate_0003/fold_2/mple_summary.csv
2026-05-01 20:46:08 | INFO | Log saved to /orcd/home/002/phevosp/MPLE-Causal-Inference/experiments/SyntheticHybridExperimentsFinal/base/cv_runs/alternating_uv_grid/candidates/alternating_uv_grid_candidate_0003/fold_2/mple.log
