2026-04-30 10:41:22 | INFO | Loading data...
2026-04-30 10:41:22 | INFO | Using panel artifact: /orcd/home/002/phevosp/MPLE-Causal-Inference/experiments/SyntheticHybridExperiments/r3_hybrid_us_county_intervention_uscounty_graph_kernel_confounding/panel_data.npz
2026-04-30 10:41:22 | INFO | Using x_0 artifact: /orcd/home/002/phevosp/MPLE-Causal-Inference/experiments/SyntheticHybridExperiments/r3_hybrid_us_county_intervention_uscounty_graph_kernel_confounding/x_0.npy
2026-04-30 10:41:22 | INFO | Using fit config: /orcd/home/002/phevosp/MPLE-Causal-Inference/experiments/SyntheticHybridExperiments/r3_hybrid_us_county_intervention_uscounty_graph_kernel_confounding/fits/alternating_rank_3_uv_2_e2_beta_mask/fit_realized_config.yaml
2026-04-30 10:41:22 | INFO | Using model artifact directory: /orcd/home/002/phevosp/MPLE-Causal-Inference/experiments/SyntheticHybridExperiments/r3_hybrid_us_county_intervention_uscounty_graph_kernel_confounding
2026-04-30 10:41:22 | INFO | Using truth artifact directory: /orcd/home/002/phevosp/MPLE-Causal-Inference/experiments/SyntheticHybridExperiments/r3_hybrid_us_county_intervention_uscounty_graph_kernel_confounding
2026-04-30 10:41:22 | INFO | Configured optimizer mode: alternating_latent_rank
2026-04-30 10:41:22 | INFO | Configured latent rank: 3
2026-04-30 10:41:22 | INFO | Using a fixed known graph with scalar xi.
2026-04-30 10:41:22 | INFO | Fit-time hard bounds active: False
2026-04-30 10:41:22 | INFO | Fixed scalar parameters: {}
2026-04-30 10:41:22 | INFO | Warm-start fixed scalars: {} for 0 steps
2026-04-30 10:41:22 | INFO | Beta mask before s: True with s=55
2026-04-30 10:41:22 | INFO | Beta mask after e: True with e=120
2026-04-30 10:41:22 | INFO | Alternating V-column L2-ball constraint active with radius 1.0
2026-04-30 10:41:22 | INFO | Optimizer settings: steps=20000, tol=1e-09, n_starts=1, seed=0, lambda_nuclear=0.0, lambda_frobenius=0.0, lambda_uv_ridge=0.02, v_column_l2_max=1.0, proximal_lr=1.0
2026-04-30 10:41:22 | INFO | Alternating low-rank start 1/1 | seed=0 | initial_loss=0.682730 | initial_penalized=0.682731
2026-04-30 10:41:22 | INFO | Alternating low-rank iter 0 | Loss: 0.575653 | Penalized: 0.576458
2026-04-30 10:41:35 | INFO | Alternating low-rank iter 100 | Loss: 0.549541 | Penalized: 0.552300
2026-04-30 10:41:47 | INFO | Alternating low-rank iter 200 | Loss: 0.549543 | Penalized: 0.552289
2026-04-30 10:41:59 | INFO | Alternating low-rank iter 300 | Loss: 0.549542 | Penalized: 0.552289
2026-04-30 10:42:09 | INFO | Alternating low-rank iter 400 | Loss: 0.549541 | Penalized: 0.552289
2026-04-30 10:42:18 | INFO | Alternating low-rank iter 500 | Loss: 0.549540 | Penalized: 0.552289
2026-04-30 10:42:27 | INFO | Alternating low-rank iter 600 | Loss: 0.549539 | Penalized: 0.552288
2026-04-30 10:42:30 | INFO | Done fitting.
2026-04-30 10:42:30 | INFO | Optimizer status: CONVERGED: alternating objective tolerance reached
2026-04-30 10:42:30 | INFO | Best optimizer start: 1 / 1
2026-04-30 10:42:30 | INFO | Final Loss: 0.549539
2026-04-30 10:42:30 | INFO | Estimated vs True Parameters:
2026-04-30 10:42:30 | INFO |   beta: 0.0156 (True: -0.3000) | SQE: 0.099598
2026-04-30 10:42:30 | INFO |   xi: 0.9118 (True: 0.8000) | SQE: 0.012501
2026-04-30 10:42:30 | INFO |   eta: 0.2936 (True: 0.3000) | SQE: 0.000041
2026-04-30 10:42:30 | INFO | Alternating low-rank optimizer diagnostics:
2026-04-30 10:42:30 | INFO |   penalized_objective: 0.552288
2026-04-30 10:42:30 | INFO |   mple_loss_without_penalty: 0.549539
2026-04-30 10:42:30 | INFO |   lambda_uv_ridge: 0.020000
2026-04-30 10:42:30 | INFO |   u_frobenius_norm: 222.986156
2026-04-30 10:42:30 | INFO |   v_frobenius_norm: 1.732051
2026-04-30 10:42:30 | INFO |   effective_rank: 3.000000
2026-04-30 10:42:30 | INFO | Field and interaction diagnostics:
2026-04-30 10:42:30 | INFO |   field_rmse: 0.427804
2026-04-30 10:42:30 | INFO |   interaction_fro_error: 1.237057
2026-04-30 10:42:30 | INFO |   estimated_field_max_abs_entry: 8.811286
2026-04-30 10:42:30 | INFO |   estimated_field_rank: 3.000000
2026-04-30 10:42:30 | INFO |   true_field_max_abs_entry: 2.169749
2026-04-30 10:42:30 | INFO |   true_field_rank: 3.000000
2026-04-30 10:42:30 | INFO | Saved summary table to /orcd/home/002/phevosp/MPLE-Causal-Inference/experiments/SyntheticHybridExperiments/r3_hybrid_us_county_intervention_uscounty_graph_kernel_confounding/fits/alternating_rank_3_uv_2_e2_beta_mask/mple_summary.csv
2026-04-30 10:42:30 | INFO | Log saved to /orcd/home/002/phevosp/MPLE-Causal-Inference/experiments/SyntheticHybridExperiments/r3_hybrid_us_county_intervention_uscounty_graph_kernel_confounding/fits/alternating_rank_3_uv_2_e2_beta_mask/mple.log
