2026-04-08 11:57:18 | INFO | Loading data...
2026-04-08 11:57:19 | INFO | Loaded 6 field templates and 1 interaction templates.
2026-04-08 11:57:19 | INFO | Intervention-process model enabled: True
2026-04-08 11:57:19 | INFO | Tau zero-mean enabled: False
2026-04-08 11:57:19 | INFO | Tau smoothness lambda: 0.000000
2026-04-08 11:57:19 | INFO | Running conditional-model MPLE on x with shape=(70, 3203)
2026-04-08 11:57:19 | INFO | Eval 0  |  Loss: 0.667397
2026-04-08 11:57:19 | INFO |   field::population_density: +0.0126,  field::senior_population: -0.0132,  field::college_education: +0.0640,  field::poverty_rate: +0.0105,  field::log_population: -0.0536,  field::median_household_income: +0.0362,  tau block: mean=+0.0096, std=0.0990, min=-0.2325, max=+0.1960,  beta: -0.0662,  interaction::contiguity: +0.0935,  eta: +0.0049,  zeta: +0.2002,  psi: +0.0189
2026-04-08 11:57:25 | INFO | Done fitting.
2026-04-08 11:57:25 | INFO | Optimizer status: CONVERGENCE: RELATIVE REDUCTION OF F <= FACTR*EPSMCH
2026-04-08 11:57:25 | INFO | Final Loss: 0.175319
2026-04-08 11:57:25 | INFO | Estimated Parameters:
2026-04-08 11:57:25 | INFO |   field::population_density: -0.3242
2026-04-08 11:57:25 | INFO |   field::senior_population: -0.3105
2026-04-08 11:57:25 | INFO |   field::college_education: -0.0094
2026-04-08 11:57:25 | INFO |   field::poverty_rate: -0.3009
2026-04-08 11:57:25 | INFO |   field::log_population: 0.2938
2026-04-08 11:57:25 | INFO |   field::median_household_income: -0.2460
2026-04-08 11:57:25 | INFO |   tau::t_0: 0.2391
2026-04-08 11:57:25 | INFO |   tau::t_1: 0.1431
2026-04-08 11:57:25 | INFO |   tau::t_2: 0.0500
2026-04-08 11:57:25 | INFO |   tau::t_3: -0.0199
2026-04-08 11:57:25 | INFO |   tau::t_4: -0.1229
2026-04-08 11:57:25 | INFO |   tau::t_5: -0.2524
2026-04-08 11:57:25 | INFO |   tau::t_6: 0.0290
2026-04-08 11:57:25 | INFO |   tau::t_7: -0.1710
2026-04-08 11:57:25 | INFO |   tau::t_8: -0.0388
2026-04-08 11:57:25 | INFO |   tau::t_9: -0.0338
2026-04-08 11:57:25 | INFO |   tau::t_10: 0.0545
2026-04-08 11:57:25 | INFO |   tau::t_11: -0.0283
2026-04-08 11:57:25 | INFO |   tau::t_12: 0.1023
2026-04-08 11:57:25 | INFO |   tau::t_13: 0.0279
2026-04-08 11:57:25 | INFO |   tau::t_14: -0.0683
2026-04-08 11:57:25 | INFO |   tau::t_15: -0.0271
2026-04-08 11:57:25 | INFO |   tau::t_16: -0.1151
2026-04-08 11:57:25 | INFO |   tau::t_17: -0.1805
2026-04-08 11:57:25 | INFO |   tau::t_18: -0.2067
2026-04-08 11:57:25 | INFO |   tau::t_19: -0.1614
2026-04-08 11:57:25 | INFO |   tau::t_20: -0.3597
2026-04-08 11:57:25 | INFO |   tau::t_21: -0.1714
2026-04-08 11:57:25 | INFO |   tau::t_22: -0.3516
2026-04-08 11:57:25 | INFO |   tau::t_23: -0.2951
2026-04-08 11:57:25 | INFO |   tau::t_24: -0.2409
2026-04-08 11:57:25 | INFO |   tau::t_25: -0.0494
2026-04-08 11:57:25 | INFO |   tau::t_26: 0.0583
2026-04-08 11:57:25 | INFO |   tau::t_27: 0.2140
2026-04-08 11:57:25 | INFO |   tau::t_28: 0.2795
2026-04-08 11:57:25 | INFO |   tau::t_29: 0.3227
2026-04-08 11:57:25 | INFO |   tau::t_30: 0.3806
2026-04-08 11:57:25 | INFO |   tau::t_31: 0.2963
2026-04-08 11:57:25 | INFO |   tau::t_32: 0.4004
2026-04-08 11:57:25 | INFO |   tau::t_33: 0.3859
2026-04-08 11:57:25 | INFO |   tau::t_34: 0.2726
2026-04-08 11:57:25 | INFO |   tau::t_35: 0.4296
2026-04-08 11:57:25 | INFO |   tau::t_36: 0.3725
2026-04-08 11:57:25 | INFO |   tau::t_37: 0.1889
2026-04-08 11:57:25 | INFO |   tau::t_38: 0.0725
2026-04-08 11:57:25 | INFO |   tau::t_39: -0.0613
2026-04-08 11:57:25 | INFO |   tau::t_40: -0.0182
2026-04-08 11:57:25 | INFO |   tau::t_41: -0.0572
2026-04-08 11:57:25 | INFO |   tau::t_42: -0.0118
2026-04-08 11:57:25 | INFO |   tau::t_43: 0.0763
2026-04-08 11:57:25 | INFO |   tau::t_44: 0.1158
2026-04-08 11:57:25 | INFO |   tau::t_45: -0.2062
2026-04-08 11:57:25 | INFO |   tau::t_46: 0.4372
2026-04-08 11:57:25 | INFO |   tau::t_47: 0.1192
2026-04-08 11:57:25 | INFO |   tau::t_48: 0.0938
2026-04-08 11:57:25 | INFO |   tau::t_49: 0.1273
2026-04-08 11:57:25 | INFO |   tau::t_50: 0.5929
2026-04-08 11:57:25 | INFO |   tau::t_51: 1.1139
2026-04-08 11:57:25 | INFO |   tau::t_52: 1.1900
2026-04-08 11:57:25 | INFO |   tau::t_53: 1.8804
2026-04-08 11:57:25 | INFO |   tau::t_54: 1.8584
2026-04-08 11:57:25 | INFO |   tau::t_55: 1.0851
2026-04-08 11:57:25 | INFO |   tau::t_56: 0.3707
2026-04-08 11:57:25 | INFO |   tau::t_57: -0.0512
2026-04-08 11:57:25 | INFO |   tau::t_58: -0.3212
2026-04-08 11:57:25 | INFO |   tau::t_59: -0.2579
2026-04-08 11:57:25 | INFO |   tau::t_60: -0.2322
2026-04-08 11:57:25 | INFO |   tau::t_61: -0.1610
2026-04-08 11:57:25 | INFO |   tau::t_62: -0.1325
2026-04-08 11:57:25 | INFO |   tau::t_63: -0.1772
2026-04-08 11:57:25 | INFO |   tau::t_64: -0.0756
2026-04-08 11:57:25 | INFO |   tau::t_65: -0.0965
2026-04-08 11:57:25 | INFO |   tau::t_66: 0.1027
2026-04-08 11:57:25 | INFO |   tau::t_67: 0.0330
2026-04-08 11:57:25 | INFO |   tau::t_68: 0.1174
2026-04-08 11:57:25 | INFO |   tau::t_69: 0.1358
2026-04-08 11:57:25 | INFO |   beta: -0.0050
2026-04-08 11:57:25 | INFO |   interaction::contiguity: 2.4745
2026-04-08 11:57:25 | INFO |   eta: 0.5078
2026-04-08 11:57:25 | INFO |   zeta: 0.1554
2026-04-08 11:57:25 | INFO |   psi: 2.1508
2026-04-08 11:57:25 | INFO | Saved summary tables to C:\Users\phevo\Documents\MIT\Code\MPLE-Causal-Inference\experiments\USCountyVaccination_US_features_new\outcome_case_rate_100k_ge_100__intervention_complete_cov_ge_40__lag_0w__contiguity\mple_summary.csv and C:\Users\phevo\Documents\MIT\Code\MPLE-Causal-Inference\experiments\USCountyVaccination_US_features_new\outcome_case_rate_100k_ge_100__intervention_complete_cov_ge_40__lag_0w__contiguity\mple_summary.md
2026-04-08 11:57:25 | INFO | Log saved to C:\Users\phevo\Documents\MIT\Code\MPLE-Causal-Inference\experiments\USCountyVaccination_US_features_new\outcome_case_rate_100k_ge_100__intervention_complete_cov_ge_40__lag_0w__contiguity\mple.log
