2026-04-07 11:34:34 | INFO | Loading data...
2026-04-07 11:34:34 | INFO | Loaded 6 field templates and 1 interaction templates.
2026-04-07 11:34:34 | INFO | Intervention-process model enabled: True
2026-04-07 11:34:34 | INFO | Tau zero-mean enabled: True
2026-04-07 11:34:34 | INFO | Tau smoothness lambda: 1.000000
2026-04-07 11:34:34 | INFO | Running conditional-model MPLE on x with shape=(67, 3203)
2026-04-07 11:34:34 | INFO | Eval 0  |  Loss: 0.656448
2026-04-07 11:34:34 | INFO |   field::log_population: +0.0126,  field::median_household_income: -0.0132,  field::poverty_rate: +0.0640,  field::pct_black: +0.0105,  field::pct_hispanic: -0.0536,  field::pct_in_labor_force: +0.0362,  tau block: mean=-0.0000, std=0.0970, min=-0.2427, max=+0.1858,  beta: -0.0618,  interaction::contiguity: +0.1822,  eta: -0.1320,  zeta: -0.0662,  psi: +0.0935
2026-04-07 11:34:37 | INFO | Done fitting.
2026-04-07 11:34:37 | INFO | Optimizer status: CONVERGENCE: RELATIVE REDUCTION OF F <= FACTR*EPSMCH
2026-04-07 11:34:37 | INFO | Final Loss: 0.284366
2026-04-07 11:34:37 | INFO | Estimated Parameters:
2026-04-07 11:34:37 | INFO |   field::log_population: 0.9854
2026-04-07 11:34:37 | INFO |   field::median_household_income: -1.2145
2026-04-07 11:34:37 | INFO |   field::poverty_rate: -0.5484
2026-04-07 11:34:37 | INFO |   field::pct_black: -0.1547
2026-04-07 11:34:37 | INFO |   field::pct_hispanic: -0.4746
2026-04-07 11:34:37 | INFO |   field::pct_in_labor_force: -0.0010
2026-04-07 11:34:37 | INFO |   tau::t_0: -0.0791
2026-04-07 11:34:37 | INFO |   tau::t_1: -0.1462
2026-04-07 11:34:37 | INFO |   tau::t_2: -0.2480
2026-04-07 11:34:37 | INFO |   tau::t_3: -0.1773
2026-04-07 11:34:37 | INFO |   tau::t_4: -0.2246
2026-04-07 11:34:37 | INFO |   tau::t_5: -0.2889
2026-04-07 11:34:37 | INFO |   tau::t_6: -0.3229
2026-04-07 11:34:37 | INFO |   tau::t_7: -0.2777
2026-04-07 11:34:37 | INFO |   tau::t_8: -0.2273
2026-04-07 11:34:37 | INFO |   tau::t_9: -0.1443
2026-04-07 11:34:37 | INFO |   tau::t_10: -0.0928
2026-04-07 11:34:37 | INFO |   tau::t_11: -0.1258
2026-04-07 11:34:37 | INFO |   tau::t_12: -0.1261
2026-04-07 11:34:37 | INFO |   tau::t_13: -0.1085
2026-04-07 11:34:37 | INFO |   tau::t_14: -0.1286
2026-04-07 11:34:37 | INFO |   tau::t_15: -0.1396
2026-04-07 11:34:37 | INFO |   tau::t_16: -0.0525
2026-04-07 11:34:37 | INFO |   tau::t_17: -0.2194
2026-04-07 11:34:37 | INFO |   tau::t_18: -0.1748
2026-04-07 11:34:37 | INFO |   tau::t_19: -0.2951
2026-04-07 11:34:37 | INFO |   tau::t_20: -0.2979
2026-04-07 11:34:37 | INFO |   tau::t_21: -0.3187
2026-04-07 11:34:37 | INFO |   tau::t_22: -0.3866
2026-04-07 11:34:37 | INFO |   tau::t_23: -0.2816
2026-04-07 11:34:37 | INFO |   tau::t_24: -0.2718
2026-04-07 11:34:37 | INFO |   tau::t_25: -0.2266
2026-04-07 11:34:37 | INFO |   tau::t_26: -0.1085
2026-04-07 11:34:37 | INFO |   tau::t_27: -0.0301
2026-04-07 11:34:37 | INFO |   tau::t_28: 0.0396
2026-04-07 11:34:37 | INFO |   tau::t_29: 0.0939
2026-04-07 11:34:37 | INFO |   tau::t_30: 0.1134
2026-04-07 11:34:37 | INFO |   tau::t_31: 0.1438
2026-04-07 11:34:37 | INFO |   tau::t_32: 0.2498
2026-04-07 11:34:37 | INFO |   tau::t_33: 0.2428
2026-04-07 11:34:37 | INFO |   tau::t_34: 0.2596
2026-04-07 11:34:37 | INFO |   tau::t_35: 0.2075
2026-04-07 11:34:37 | INFO |   tau::t_36: 0.2108
2026-04-07 11:34:37 | INFO |   tau::t_37: 0.2212
2026-04-07 11:34:37 | INFO |   tau::t_38: 0.1984
2026-04-07 11:34:37 | INFO |   tau::t_39: 0.1350
2026-04-07 11:34:37 | INFO |   tau::t_40: 0.1681
2026-04-07 11:34:37 | INFO |   tau::t_41: 0.1832
2026-04-07 11:34:37 | INFO |   tau::t_42: 0.0198
2026-04-07 11:34:37 | INFO |   tau::t_43: 0.2648
2026-04-07 11:34:37 | INFO |   tau::t_44: 0.1904
2026-04-07 11:34:37 | INFO |   tau::t_45: 0.1824
2026-04-07 11:34:37 | INFO |   tau::t_46: 0.1370
2026-04-07 11:34:37 | INFO |   tau::t_47: 0.1662
2026-04-07 11:34:37 | INFO |   tau::t_48: 0.2466
2026-04-07 11:34:37 | INFO |   tau::t_49: 0.2394
2026-04-07 11:34:37 | INFO |   tau::t_50: 0.2583
2026-04-07 11:34:37 | INFO |   tau::t_51: 0.3256
2026-04-07 11:34:37 | INFO |   tau::t_52: 0.3677
2026-04-07 11:34:37 | INFO |   tau::t_53: 0.3561
2026-04-07 11:34:37 | INFO |   tau::t_54: 0.3321
2026-04-07 11:34:37 | INFO |   tau::t_55: 0.2634
2026-04-07 11:34:37 | INFO |   tau::t_56: 0.2164
2026-04-07 11:34:37 | INFO |   tau::t_57: 0.1385
2026-04-07 11:34:37 | INFO |   tau::t_58: 0.1257
2026-04-07 11:34:37 | INFO |   tau::t_59: 0.0444
2026-04-07 11:34:37 | INFO |   tau::t_60: -0.0152
2026-04-07 11:34:37 | INFO |   tau::t_61: -0.0969
2026-04-07 11:34:37 | INFO |   tau::t_62: -0.0613
2026-04-07 11:34:37 | INFO |   tau::t_63: -0.1735
2026-04-07 11:34:37 | INFO |   tau::t_64: -0.1722
2026-04-07 11:34:37 | INFO |   tau::t_65: -0.0428
2026-04-07 11:34:37 | INFO |   tau::t_66: -0.2586
2026-04-07 11:34:37 | INFO |   beta: -0.2026
2026-04-07 11:34:37 | INFO |   interaction::contiguity: 1.4601
2026-04-07 11:34:37 | INFO |   eta: 0.2285
2026-04-07 11:34:37 | INFO |   zeta: -0.3192
2026-04-07 11:34:37 | INFO |   psi: 2.1136
2026-04-07 11:34:37 | INFO | Saved summary tables to C:\Users\phevo\Documents\MIT\Code\MPLE-Causal-Inference\experiments\USCountyVaccination_US_tau_zero_mean_smooth\outcome_death_rate_100k_ge_2__intervention_complete_cov_ge_10__lag_3w__contiguity\mple_summary.csv and C:\Users\phevo\Documents\MIT\Code\MPLE-Causal-Inference\experiments\USCountyVaccination_US_tau_zero_mean_smooth\outcome_death_rate_100k_ge_2__intervention_complete_cov_ge_10__lag_3w__contiguity\mple_summary.md
2026-04-07 11:34:37 | INFO | Log saved to C:\Users\phevo\Documents\MIT\Code\MPLE-Causal-Inference\experiments\USCountyVaccination_US_tau_zero_mean_smooth\outcome_death_rate_100k_ge_2__intervention_complete_cov_ge_10__lag_3w__contiguity\mple.log
