2026-04-07 11:57:31 | INFO | Loading data...
2026-04-07 11:57:31 | INFO | Loaded 6 field templates and 1 interaction templates.
2026-04-07 11:57:31 | INFO | Intervention-process model enabled: True
2026-04-07 11:57:31 | INFO | Tau zero-mean enabled: True
2026-04-07 11:57:31 | INFO | Tau smoothness lambda: 1.000000
2026-04-07 11:57:31 | INFO | Running conditional-model MPLE on x with shape=(68, 3136)
2026-04-07 11:57:31 | INFO | Eval 0  |  Loss: 0.742559
2026-04-07 11:57:31 | INFO |   field::log_population: +0.0126,  field::median_household_income: -0.0132,  field::poverty_rate: +0.0640,  field::pct_black: +0.0105,  field::pct_hispanic: -0.0536,  field::pct_in_labor_force: +0.0362,  tau block: mean=-0.0000, std=0.0967, min=-0.2417, max=+0.1869,  beta: +0.1822,  interaction::contiguity: -0.1320,  eta: -0.0662,  zeta: +0.0935,  psi: +0.0049
2026-04-07 11:57:34 | INFO | Done fitting.
2026-04-07 11:57:34 | INFO | Optimizer status: CONVERGENCE: RELATIVE REDUCTION OF F <= FACTR*EPSMCH
2026-04-07 11:57:34 | INFO | Final Loss: 0.290333
2026-04-07 11:57:34 | INFO | Estimated Parameters:
2026-04-07 11:57:34 | INFO |   field::log_population: 0.9449
2026-04-07 11:57:34 | INFO |   field::median_household_income: -1.1425
2026-04-07 11:57:34 | INFO |   field::poverty_rate: -0.5702
2026-04-07 11:57:34 | INFO |   field::pct_black: -0.1326
2026-04-07 11:57:34 | INFO |   field::pct_hispanic: -0.3484
2026-04-07 11:57:34 | INFO |   field::pct_in_labor_force: 0.0168
2026-04-07 11:57:34 | INFO |   tau::t_0: 0.0327
2026-04-07 11:57:34 | INFO |   tau::t_1: 0.0264
2026-04-07 11:57:34 | INFO |   tau::t_2: -0.0407
2026-04-07 11:57:34 | INFO |   tau::t_3: -0.1419
2026-04-07 11:57:34 | INFO |   tau::t_4: -0.0681
2026-04-07 11:57:34 | INFO |   tau::t_5: -0.1190
2026-04-07 11:57:34 | INFO |   tau::t_6: -0.1842
2026-04-07 11:57:34 | INFO |   tau::t_7: -0.2422
2026-04-07 11:57:34 | INFO |   tau::t_8: -0.2441
2026-04-07 11:57:34 | INFO |   tau::t_9: -0.2592
2026-04-07 11:57:34 | INFO |   tau::t_10: -0.2137
2026-04-07 11:57:34 | INFO |   tau::t_11: -0.1746
2026-04-07 11:57:34 | INFO |   tau::t_12: -0.1982
2026-04-07 11:57:34 | INFO |   tau::t_13: -0.1815
2026-04-07 11:57:34 | INFO |   tau::t_14: -0.1605
2026-04-07 11:57:34 | INFO |   tau::t_15: -0.1770
2026-04-07 11:57:34 | INFO |   tau::t_16: -0.1806
2026-04-07 11:57:34 | INFO |   tau::t_17: -0.1049
2026-04-07 11:57:34 | INFO |   tau::t_18: -0.2399
2026-04-07 11:57:34 | INFO |   tau::t_19: -0.1919
2026-04-07 11:57:34 | INFO |   tau::t_20: -0.2930
2026-04-07 11:57:34 | INFO |   tau::t_21: -0.2844
2026-04-07 11:57:34 | INFO |   tau::t_22: -0.3003
2026-04-07 11:57:34 | INFO |   tau::t_23: -0.3544
2026-04-07 11:57:34 | INFO |   tau::t_24: -0.2644
2026-04-07 11:57:34 | INFO |   tau::t_25: -0.2559
2026-04-07 11:57:34 | INFO |   tau::t_26: -0.2147
2026-04-07 11:57:34 | INFO |   tau::t_27: -0.1093
2026-04-07 11:57:34 | INFO |   tau::t_28: -0.0386
2026-04-07 11:57:34 | INFO |   tau::t_29: 0.0279
2026-04-07 11:57:34 | INFO |   tau::t_30: 0.0780
2026-04-07 11:57:34 | INFO |   tau::t_31: 0.0933
2026-04-07 11:57:34 | INFO |   tau::t_32: 0.1236
2026-04-07 11:57:34 | INFO |   tau::t_33: 0.2274
2026-04-07 11:57:34 | INFO |   tau::t_34: 0.2182
2026-04-07 11:57:34 | INFO |   tau::t_35: 0.2289
2026-04-07 11:57:34 | INFO |   tau::t_36: 0.1927
2026-04-07 11:57:34 | INFO |   tau::t_37: 0.1865
2026-04-07 11:57:34 | INFO |   tau::t_38: 0.1994
2026-04-07 11:57:34 | INFO |   tau::t_39: 0.1770
2026-04-07 11:57:34 | INFO |   tau::t_40: 0.1367
2026-04-07 11:57:34 | INFO |   tau::t_41: 0.1394
2026-04-07 11:57:34 | INFO |   tau::t_42: 0.1588
2026-04-07 11:57:34 | INFO |   tau::t_43: 0.0016
2026-04-07 11:57:34 | INFO |   tau::t_44: 0.2458
2026-04-07 11:57:34 | INFO |   tau::t_45: 0.1669
2026-04-07 11:57:34 | INFO |   tau::t_46: 0.1611
2026-04-07 11:57:34 | INFO |   tau::t_47: 0.1214
2026-04-07 11:57:34 | INFO |   tau::t_48: 0.1493
2026-04-07 11:57:34 | INFO |   tau::t_49: 0.2265
2026-04-07 11:57:34 | INFO |   tau::t_50: 0.2156
2026-04-07 11:57:34 | INFO |   tau::t_51: 0.2393
2026-04-07 11:57:34 | INFO |   tau::t_52: 0.3031
2026-04-07 11:57:34 | INFO |   tau::t_53: 0.3538
2026-04-07 11:57:34 | INFO |   tau::t_54: 0.3427
2026-04-07 11:57:34 | INFO |   tau::t_55: 0.3130
2026-04-07 11:57:34 | INFO |   tau::t_56: 0.2447
2026-04-07 11:57:34 | INFO |   tau::t_57: 0.2039
2026-04-07 11:57:34 | INFO |   tau::t_58: 0.1262
2026-04-07 11:57:34 | INFO |   tau::t_59: 0.1238
2026-04-07 11:57:34 | INFO |   tau::t_60: 0.0462
2026-04-07 11:57:34 | INFO |   tau::t_61: -0.0019
2026-04-07 11:57:34 | INFO |   tau::t_62: -0.0709
2026-04-07 11:57:34 | INFO |   tau::t_63: -0.0464
2026-04-07 11:57:34 | INFO |   tau::t_64: -0.1326
2026-04-07 11:57:34 | INFO |   tau::t_65: -0.1223
2026-04-07 11:57:34 | INFO |   tau::t_66: -0.0130
2026-04-07 11:57:34 | INFO |   tau::t_67: -0.2074
2026-04-07 11:57:34 | INFO |   beta: -0.1431
2026-04-07 11:57:34 | INFO |   interaction::contiguity: 1.5607
2026-04-07 11:57:34 | INFO |   eta: 0.2415
2026-04-07 11:57:34 | INFO |   zeta: -0.2360
2026-04-07 11:57:34 | INFO |   psi: 2.0966
2026-04-07 11:57:34 | INFO | Saved summary tables to C:\Users\phevo\Documents\MIT\Code\MPLE-Causal-Inference\experiments\USCountyVaccination_US_tau_zero_mean_smooth\outcome_death_rate_100k_ge_2__intervention_partial_cov_ge_30__lag_2w__contiguity\mple_summary.csv and C:\Users\phevo\Documents\MIT\Code\MPLE-Causal-Inference\experiments\USCountyVaccination_US_tau_zero_mean_smooth\outcome_death_rate_100k_ge_2__intervention_partial_cov_ge_30__lag_2w__contiguity\mple_summary.md
2026-04-07 11:57:34 | INFO | Log saved to C:\Users\phevo\Documents\MIT\Code\MPLE-Causal-Inference\experiments\USCountyVaccination_US_tau_zero_mean_smooth\outcome_death_rate_100k_ge_2__intervention_partial_cov_ge_30__lag_2w__contiguity\mple.log
