2026-04-06 14:13:19 | INFO | Loading data...
2026-04-06 14:13:19 | INFO | Loaded 9 field templates and 1 interaction templates.
2026-04-06 14:13:19 | INFO | Intervention-process model enabled: False
2026-04-06 14:13:19 | INFO | Running conditional-model MPLE on x with shape=(15, 9642)
2026-04-06 14:13:19 | INFO | Eval 0  |  Loss: 0.672113
2026-04-06 14:13:19 | INFO |   field::intercept: +0.0126,  field::total_pop: -0.0132,  field::black_share: +0.0640,  field::hispanic_share: +0.0105,  field::male_1521_share: -0.0536,  field::family_household_share: +0.0362,  field::female_household_share: +0.1304,  field::renter_share: +0.0947,  field::vacant_share: -0.0704,  tau block: mean=-0.0323, std=0.0897, min=-0.2325, max=+0.1366,  beta: +0.0903,  interaction::knn_16: +0.0094,  eta: -0.0743
2026-04-06 14:13:21 | INFO | Eval 100  |  Loss: 0.299426
2026-04-06 14:13:21 | INFO |   field::intercept: -0.1451,  field::total_pop: +4.0290,  field::black_share: +0.2671,  field::hispanic_share: +0.3966,  field::male_1521_share: -0.2833,  field::family_household_share: -0.3133,  field::female_household_share: +0.3776,  field::renter_share: +0.1188,  field::vacant_share: +1.1310,  tau block: mean=-0.0429, std=0.0611, min=-0.2054, max=+0.0436,  beta: +0.0308,  interaction::knn_16: +1.2712,  eta: +0.5407
2026-04-06 14:13:21 | INFO | Done fitting.
2026-04-06 14:13:21 | INFO | Optimizer status: CONVERGENCE: RELATIVE REDUCTION OF F <= FACTR*EPSMCH
2026-04-06 14:13:21 | INFO | Final Loss: 0.299426
2026-04-06 14:13:21 | INFO | Estimated Parameters:
2026-04-06 14:13:21 | INFO |   field::intercept: -0.1453
2026-04-06 14:13:21 | INFO |   field::total_pop: 4.0320
2026-04-06 14:13:21 | INFO |   field::black_share: 0.2670
2026-04-06 14:13:21 | INFO |   field::hispanic_share: 0.3971
2026-04-06 14:13:21 | INFO |   field::male_1521_share: -0.2822
2026-04-06 14:13:21 | INFO |   field::family_household_share: -0.3135
2026-04-06 14:13:21 | INFO |   field::female_household_share: 0.3783
2026-04-06 14:13:21 | INFO |   field::renter_share: 0.1187
2026-04-06 14:13:21 | INFO |   field::vacant_share: 1.1274
2026-04-06 14:13:21 | INFO |   tau::t_0: -0.1101
2026-04-06 14:13:21 | INFO |   tau::t_1: 0.0126
2026-04-06 14:13:21 | INFO |   tau::t_2: -0.0299
2026-04-06 14:13:21 | INFO |   tau::t_3: -0.1119
2026-04-06 14:13:21 | INFO |   tau::t_4: -0.0645
2026-04-06 14:13:21 | INFO |   tau::t_5: -0.0292
2026-04-06 14:13:21 | INFO |   tau::t_6: -0.0378
2026-04-06 14:13:21 | INFO |   tau::t_7: -0.0604
2026-04-06 14:13:21 | INFO |   tau::t_8: -0.0403
2026-04-06 14:13:21 | INFO |   tau::t_9: 0.0434
2026-04-06 14:13:21 | INFO |   tau::t_10: -0.0149
2026-04-06 14:13:21 | INFO |   tau::t_11: -0.0260
2026-04-06 14:13:21 | INFO |   tau::t_12: -0.0023
2026-04-06 14:13:21 | INFO |   tau::t_13: 0.0337
2026-04-06 14:13:21 | INFO |   tau::t_14: -0.2054
2026-04-06 14:13:21 | INFO |   beta: 0.0307
2026-04-06 14:13:21 | INFO |   interaction::knn_16: 1.2711
2026-04-06 14:13:21 | INFO |   eta: 0.5407
2026-04-06 14:13:21 | INFO | Saved summary tables to C:\Users\phevo\Documents\MIT\Code\MPLE-Causal-Inference\experiments\SeattleDMI_outcome_only\any_crime_gt_2_pm1__knn_16\mple_summary.csv and C:\Users\phevo\Documents\MIT\Code\MPLE-Causal-Inference\experiments\SeattleDMI_outcome_only\any_crime_gt_2_pm1__knn_16\mple_summary.md
2026-04-06 14:13:21 | INFO | Log saved to C:\Users\phevo\Documents\MIT\Code\MPLE-Causal-Inference\experiments\SeattleDMI_outcome_only\any_crime_gt_2_pm1__knn_16\mple.log
