2026-04-01 10:16:02 | INFO | Loading data...
2026-04-01 10:16:02 | INFO | Loaded 11 field templates and 1 interaction templates.
2026-04-01 10:16:02 | INFO | Running conditional-model MPLE on x with shape=(10, 100)
2026-04-01 10:16:02 | INFO | Eval 0  |  Loss: 0.704781
2026-04-01 10:16:02 | INFO |   field::intercept: +0.0126,  field::linear::feature_1: -0.0132,  field::quadratic::feature_1: +0.0640,  field::linear::feature_2: +0.0105,  field::quadratic::feature_2: -0.0536,  field::linear::feature_3: +0.0362,  field::quadratic::feature_3: +0.1304,  field::linear::feature_4: +0.0947,  field::quadratic::feature_4: -0.0704,  field::linear::feature_5: -0.1265,  field::quadratic::feature_5: -0.0623,  beta: +0.0041,  interaction::adjacency: -0.2325,  eta: -0.0219,  zeta: -0.1246,  psi: -0.0732
2026-04-01 10:16:02 | INFO | Done fitting.
2026-04-01 10:16:02 | INFO | Optimizer status: CONVERGENCE: RELATIVE REDUCTION OF F <= FACTR*EPSMCH
2026-04-01 10:16:02 | INFO | Final Loss: 0.588332
2026-04-01 10:16:02 | INFO | Estimated vs True Parameters:
2026-04-01 10:16:02 | INFO |   field::intercept: 0.2670 (True: 0.3150)
2026-04-01 10:16:02 | INFO |   field::intercept SQE: 0.002301
2026-04-01 10:16:02 | INFO |   field::linear::feature_1: 0.2569 (True: 0.3080)
2026-04-01 10:16:02 | INFO |   field::linear::feature_1 SQE: 0.002608
2026-04-01 10:16:02 | INFO |   field::quadratic::feature_1: 0.1932 (True: 0.3500)
2026-04-01 10:16:02 | INFO |   field::quadratic::feature_1 SQE: 0.024576
2026-04-01 10:16:02 | INFO |   field::linear::feature_2: -0.5146 (True: -0.5800)
2026-04-01 10:16:02 | INFO |   field::linear::feature_2 SQE: 0.004281
2026-04-01 10:16:02 | INFO |   field::quadratic::feature_2: 0.5703 (True: 0.5000)
2026-04-01 10:16:02 | INFO |   field::quadratic::feature_2 SQE: 0.004938
2026-04-01 10:16:02 | INFO |   field::linear::feature_3: -0.4271 (True: -0.6000)
2026-04-01 10:16:02 | INFO |   field::linear::feature_3 SQE: 0.029906
2026-04-01 10:16:02 | INFO |   field::quadratic::feature_3: -0.1066 (True: -0.0500)
2026-04-01 10:16:02 | INFO |   field::quadratic::feature_3 SQE: 0.003208
2026-04-01 10:16:02 | INFO |   field::linear::feature_4: 0.0839 (True: 0.0800)
2026-04-01 10:16:02 | INFO |   field::linear::feature_4 SQE: 0.000015
2026-04-01 10:16:02 | INFO |   field::quadratic::feature_4: 0.3170 (True: 0.1000)
2026-04-01 10:16:02 | INFO |   field::quadratic::feature_4 SQE: 0.047093
2026-04-01 10:16:02 | INFO |   field::linear::feature_5: 0.2822 (True: 0.3000)
2026-04-01 10:16:02 | INFO |   field::linear::feature_5 SQE: 0.000316
2026-04-01 10:16:02 | INFO |   field::quadratic::feature_5: 0.2625 (True: 0.4000)
2026-04-01 10:16:02 | INFO |   field::quadratic::feature_5 SQE: 0.018894
2026-04-01 10:16:02 | INFO |   beta: 0.4023 (True: 0.4000)
2026-04-01 10:16:02 | INFO |   beta SQE: 0.000005
2026-04-01 10:16:02 | INFO |   interaction::adjacency: 0.3407 (True: 0.5000)
2026-04-01 10:16:02 | INFO |   interaction::adjacency SQE: 0.025392
2026-04-01 10:16:02 | INFO |   eta: 0.1321 (True: 0.1000)
2026-04-01 10:16:02 | INFO |   eta SQE: 0.001028
2026-04-01 10:16:02 | INFO |   zeta: -0.5543 (True: -0.5000)
2026-04-01 10:16:02 | INFO |   zeta SQE: 0.002943
2026-04-01 10:16:02 | INFO |   psi: 0.4587 (True: 0.4000)
2026-04-01 10:16:02 | INFO |   psi SQE: 0.003448
2026-04-01 10:16:02 | INFO | Saved summary tables to C:\Users\phevo\Documents\MIT\Code\MPLE-Causal-Inference\experiments\n100_t10_baseline_temp_fro_medium_shared_feature_field_known_graph_20260331_225841\mple_summary.csv and C:\Users\phevo\Documents\MIT\Code\MPLE-Causal-Inference\experiments\n100_t10_baseline_temp_fro_medium_shared_feature_field_known_graph_20260331_225841\mple_summary.md
2026-04-01 10:16:02 | INFO | Log saved to C:\Users\phevo\Documents\MIT\Code\MPLE-Causal-Inference\experiments\n100_t10_baseline_temp_fro_medium_shared_feature_field_known_graph_20260331_225841\mple.log
