2026-04-07 11:30:28 | INFO | Loading data...
2026-04-07 11:30:28 | INFO | Loaded 6 field templates and 1 interaction templates.
2026-04-07 11:30:28 | INFO | Intervention-process model enabled: True
2026-04-07 11:30:28 | INFO | Tau zero-mean enabled: True
2026-04-07 11:30:28 | INFO | Tau smoothness lambda: 1.000000
2026-04-07 11:30:28 | INFO | Running conditional-model MPLE on x with shape=(67, 3203)
2026-04-07 11:30:28 | INFO | Eval 0  |  Loss: 0.679732
2026-04-07 11:30:28 | INFO |   field::log_population: +0.0126,  field::median_household_income: -0.0132,  field::poverty_rate: +0.0640,  field::pct_black: +0.0105,  field::pct_hispanic: -0.0536,  field::pct_in_labor_force: +0.0362,  tau block: mean=-0.0000, std=0.0970, min=-0.2427, max=+0.1858,  beta: -0.0618,  interaction::contiguity: +0.1822,  eta: -0.1320,  zeta: -0.0662,  psi: +0.0935
2026-04-07 11:30:31 | INFO | Done fitting.
2026-04-07 11:30:31 | INFO | Optimizer status: CONVERGENCE: RELATIVE REDUCTION OF F <= FACTR*EPSMCH
2026-04-07 11:30:31 | INFO | Final Loss: 0.177624
2026-04-07 11:30:31 | INFO | Estimated Parameters:
2026-04-07 11:30:31 | INFO |   field::log_population: 0.2727
2026-04-07 11:30:31 | INFO |   field::median_household_income: -0.1890
2026-04-07 11:30:31 | INFO |   field::poverty_rate: -0.0451
2026-04-07 11:30:31 | INFO |   field::pct_black: -0.1381
2026-04-07 11:30:31 | INFO |   field::pct_hispanic: -0.0673
2026-04-07 11:30:31 | INFO |   field::pct_in_labor_force: 0.0948
2026-04-07 11:30:31 | INFO |   tau::t_0: 0.0083
2026-04-07 11:30:31 | INFO |   tau::t_1: -0.0834
2026-04-07 11:30:31 | INFO |   tau::t_2: -0.2009
2026-04-07 11:30:31 | INFO |   tau::t_3: 0.0797
2026-04-07 11:30:31 | INFO |   tau::t_4: -0.1204
2026-04-07 11:30:31 | INFO |   tau::t_5: 0.0079
2026-04-07 11:30:31 | INFO |   tau::t_6: -0.0046
2026-04-07 11:30:31 | INFO |   tau::t_7: 0.0630
2026-04-07 11:30:31 | INFO |   tau::t_8: -0.0553
2026-04-07 11:30:31 | INFO |   tau::t_9: 0.0603
2026-04-07 11:30:31 | INFO |   tau::t_10: -0.0294
2026-04-07 11:30:31 | INFO |   tau::t_11: -0.1333
2026-04-07 11:30:31 | INFO |   tau::t_12: -0.0980
2026-04-07 11:30:31 | INFO |   tau::t_13: -0.1944
2026-04-07 11:30:31 | INFO |   tau::t_14: -0.2651
2026-04-07 11:30:31 | INFO |   tau::t_15: -0.2976
2026-04-07 11:30:31 | INFO |   tau::t_16: -0.2627
2026-04-07 11:30:31 | INFO |   tau::t_17: -0.4908
2026-04-07 11:30:31 | INFO |   tau::t_18: -0.2786
2026-04-07 11:30:31 | INFO |   tau::t_19: -0.4833
2026-04-07 11:30:31 | INFO |   tau::t_20: -0.4269
2026-04-07 11:30:31 | INFO |   tau::t_21: -0.3614
2026-04-07 11:30:31 | INFO |   tau::t_22: -0.1445
2026-04-07 11:30:31 | INFO |   tau::t_23: -0.0189
2026-04-07 11:30:31 | INFO |   tau::t_24: 0.1477
2026-04-07 11:30:31 | INFO |   tau::t_25: 0.2004
2026-04-07 11:30:31 | INFO |   tau::t_26: 0.2313
2026-04-07 11:30:31 | INFO |   tau::t_27: 0.2730
2026-04-07 11:30:31 | INFO |   tau::t_28: 0.1788
2026-04-07 11:30:31 | INFO |   tau::t_29: 0.2638
2026-04-07 11:30:31 | INFO |   tau::t_30: 0.2404
2026-04-07 11:30:31 | INFO |   tau::t_31: 0.1353
2026-04-07 11:30:31 | INFO |   tau::t_32: 0.2737
2026-04-07 11:30:31 | INFO |   tau::t_33: 0.2237
2026-04-07 11:30:31 | INFO |   tau::t_34: 0.0680
2026-04-07 11:30:31 | INFO |   tau::t_35: -0.0309
2026-04-07 11:30:31 | INFO |   tau::t_36: -0.1480
2026-04-07 11:30:31 | INFO |   tau::t_37: -0.1027
2026-04-07 11:30:31 | INFO |   tau::t_38: -0.1417
2026-04-07 11:30:31 | INFO |   tau::t_39: -0.0992
2026-04-07 11:30:31 | INFO |   tau::t_40: -0.0269
2026-04-07 11:30:31 | INFO |   tau::t_41: 0.0106
2026-04-07 11:30:31 | INFO |   tau::t_42: -0.3129
2026-04-07 11:30:31 | INFO |   tau::t_43: 0.3357
2026-04-07 11:30:31 | INFO |   tau::t_44: 0.0123
2026-04-07 11:30:31 | INFO |   tau::t_45: -0.0126
2026-04-07 11:30:31 | INFO |   tau::t_46: 0.0237
2026-04-07 11:30:31 | INFO |   tau::t_47: 0.4566
2026-04-07 11:30:31 | INFO |   tau::t_48: 0.7630
2026-04-07 11:30:31 | INFO |   tau::t_49: 0.7196
2026-04-07 11:30:31 | INFO |   tau::t_50: 0.8922
2026-04-07 11:30:31 | INFO |   tau::t_51: 0.8734
2026-04-07 11:30:31 | INFO |   tau::t_52: 0.6507
2026-04-07 11:30:31 | INFO |   tau::t_53: 0.1869
2026-04-07 11:30:31 | INFO |   tau::t_54: -0.1677
2026-04-07 11:30:31 | INFO |   tau::t_55: -0.4174
2026-04-07 11:30:31 | INFO |   tau::t_56: -0.3581
2026-04-07 11:30:31 | INFO |   tau::t_57: -0.3356
2026-04-07 11:30:31 | INFO |   tau::t_58: -0.2696
2026-04-07 11:30:31 | INFO |   tau::t_59: -0.2468
2026-04-07 11:30:31 | INFO |   tau::t_60: -0.2979
2026-04-07 11:30:31 | INFO |   tau::t_61: -0.1971
2026-04-07 11:30:31 | INFO |   tau::t_62: -0.2234
2026-04-07 11:30:31 | INFO |   tau::t_63: -0.0080
2026-04-07 11:30:31 | INFO |   tau::t_64: -0.0774
2026-04-07 11:30:31 | INFO |   tau::t_65: 0.0119
2026-04-07 11:30:31 | INFO |   tau::t_66: 0.0312
2026-04-07 11:30:31 | INFO |   beta: 0.0700
2026-04-07 11:30:31 | INFO |   interaction::contiguity: 2.4731
2026-04-07 11:30:31 | INFO |   eta: 0.5105
2026-04-07 11:30:31 | INFO |   zeta: -0.0913
2026-04-07 11:30:31 | INFO |   psi: 2.0991
2026-04-07 11:30:31 | INFO | Saved summary tables to C:\Users\phevo\Documents\MIT\Code\MPLE-Causal-Inference\experiments\USCountyVaccination_US_tau_zero_mean_smooth\outcome_case_rate_100k_ge_100__intervention_complete_cov_ge_10__lag_3w__contiguity\mple_summary.csv and C:\Users\phevo\Documents\MIT\Code\MPLE-Causal-Inference\experiments\USCountyVaccination_US_tau_zero_mean_smooth\outcome_case_rate_100k_ge_100__intervention_complete_cov_ge_10__lag_3w__contiguity\mple_summary.md
2026-04-07 11:30:31 | INFO | Log saved to C:\Users\phevo\Documents\MIT\Code\MPLE-Causal-Inference\experiments\USCountyVaccination_US_tau_zero_mean_smooth\outcome_case_rate_100k_ge_100__intervention_complete_cov_ge_10__lag_3w__contiguity\mple.log
