2026-04-06 14:13:43 | INFO | Loading data...
2026-04-06 14:13:43 | INFO | Loaded 9 field templates and 1 interaction templates.
2026-04-06 14:13:43 | INFO | Intervention-process model enabled: False
2026-04-06 14:13:43 | INFO | Running conditional-model MPLE on x with shape=(15, 9642)
2026-04-06 14:13:43 | INFO | Eval 0  |  Loss: 0.668541
2026-04-06 14:13:43 | INFO |   field::intercept: +0.0126,  field::total_pop: -0.0132,  field::black_share: +0.0640,  field::hispanic_share: +0.0105,  field::male_1521_share: -0.0536,  field::family_household_share: +0.0362,  field::female_household_share: +0.1304,  field::renter_share: +0.0947,  field::vacant_share: -0.0704,  tau block: mean=-0.0323, std=0.0897, min=-0.2325, max=+0.1366,  beta: +0.0903,  interaction::centroid_distance_kernel_16: +0.0094,  eta: -0.0743
2026-04-06 14:13:45 | INFO | Done fitting.
2026-04-06 14:13:45 | INFO | Optimizer status: CONVERGENCE: RELATIVE REDUCTION OF F <= FACTR*EPSMCH
2026-04-06 14:13:45 | INFO | Final Loss: 0.208220
2026-04-06 14:13:45 | INFO | Estimated Parameters:
2026-04-06 14:13:45 | INFO |   field::intercept: -0.2657
2026-04-06 14:13:45 | INFO |   field::total_pop: 2.8385
2026-04-06 14:13:45 | INFO |   field::black_share: 0.3541
2026-04-06 14:13:45 | INFO |   field::hispanic_share: 0.3902
2026-04-06 14:13:45 | INFO |   field::male_1521_share: -0.2234
2026-04-06 14:13:45 | INFO |   field::family_household_share: -0.4619
2026-04-06 14:13:45 | INFO |   field::female_household_share: 0.4423
2026-04-06 14:13:45 | INFO |   field::renter_share: 0.2058
2026-04-06 14:13:45 | INFO |   field::vacant_share: 1.0742
2026-04-06 14:13:45 | INFO |   tau::t_0: -0.1209
2026-04-06 14:13:45 | INFO |   tau::t_1: 0.0050
2026-04-06 14:13:45 | INFO |   tau::t_2: -0.0576
2026-04-06 14:13:45 | INFO |   tau::t_3: -0.1268
2026-04-06 14:13:45 | INFO |   tau::t_4: -0.0891
2026-04-06 14:13:45 | INFO |   tau::t_5: -0.0268
2026-04-06 14:13:45 | INFO |   tau::t_6: -0.0643
2026-04-06 14:13:45 | INFO |   tau::t_7: -0.0740
2026-04-06 14:13:45 | INFO |   tau::t_8: -0.0157
2026-04-06 14:13:45 | INFO |   tau::t_9: 0.0479
2026-04-06 14:13:45 | INFO |   tau::t_10: -0.0231
2026-04-06 14:13:45 | INFO |   tau::t_11: -0.0337
2026-04-06 14:13:45 | INFO |   tau::t_12: 0.0160
2026-04-06 14:13:45 | INFO |   tau::t_13: 0.0314
2026-04-06 14:13:45 | INFO |   tau::t_14: -0.2317
2026-04-06 14:13:45 | INFO |   beta: 0.0234
2026-04-06 14:13:45 | INFO |   interaction::centroid_distance_kernel_16: 1.4889
2026-04-06 14:13:45 | INFO |   eta: 0.6611
2026-04-06 14:13:45 | INFO | Saved summary tables to C:\Users\phevo\Documents\MIT\Code\MPLE-Causal-Inference\experiments\SeattleDMI_outcome_only\any_crime_gt_3_pm1__centroid_distance_kernel_16\mple_summary.csv and C:\Users\phevo\Documents\MIT\Code\MPLE-Causal-Inference\experiments\SeattleDMI_outcome_only\any_crime_gt_3_pm1__centroid_distance_kernel_16\mple_summary.md
2026-04-06 14:13:45 | INFO | Log saved to C:\Users\phevo\Documents\MIT\Code\MPLE-Causal-Inference\experiments\SeattleDMI_outcome_only\any_crime_gt_3_pm1__centroid_distance_kernel_16\mple.log
