2026-05-01 08:32:37 | INFO | Loading data...
2026-05-01 08:32:37 | INFO | Using panel artifact: /orcd/home/002/phevosp/MPLE-Causal-Inference/experiments/SyntheticHybridExperiments/confounding_weak/panel_data.npz
2026-05-01 08:32:37 | INFO | Using x_0 artifact: /orcd/home/002/phevosp/MPLE-Causal-Inference/experiments/SyntheticHybridExperiments/confounding_weak/x_0.npy
2026-05-01 08:32:37 | INFO | Using fit config: /orcd/home/002/phevosp/MPLE-Causal-Inference/experiments/SyntheticHybridExperiments/confounding_weak/cv_runs/alternating_uv_grid/candidates/alternating_uv_grid_candidate_0002/fold_10/fit_realized_config.yaml
2026-05-01 08:32:37 | INFO | Using model artifact directory: /orcd/home/002/phevosp/MPLE-Causal-Inference/experiments/SyntheticHybridExperiments/confounding_weak
2026-05-01 08:32:37 | INFO | Using truth artifact directory: /orcd/home/002/phevosp/MPLE-Causal-Inference/experiments/SyntheticHybridExperiments/confounding_weak
2026-05-01 08:32:37 | INFO | Using loss mask artifact: /orcd/home/002/phevosp/MPLE-Causal-Inference/experiments/SyntheticHybridExperiments/confounding_weak/cv_runs/alternating_uv_grid/candidates/alternating_uv_grid_candidate_0002/fold_10/loss_mask.npy
2026-05-01 08:32:37 | INFO | Configured optimizer mode: alternating_latent_rank
2026-05-01 08:32:37 | INFO | Configured latent rank: 3
2026-05-01 08:32:37 | INFO | Using a fixed known graph with scalar xi.
2026-05-01 08:32:37 | INFO | Fit-time hard bounds active: False
2026-05-01 08:32:37 | INFO | Fixed scalar parameters: {}
2026-05-01 08:32:37 | INFO | Warm-start fixed scalars: {} for 0 steps
2026-05-01 08:32:37 | INFO | Beta mask before s: False with s=0
2026-05-01 08:32:37 | INFO | Beta mask after e: False with e=11
2026-05-01 08:32:37 | INFO | Alternating V-column L2-ball constraint active with radius 1.0
2026-05-01 08:32:37 | INFO | Optimizer settings: steps=2000, tol=1e-07, n_starts=1, seed=0, lambda_nuclear=0.0, lambda_frobenius=0.0, lambda_uv_ridge=0.005, v_column_l2_max=1.0, proximal_lr=1.0
2026-05-01 08:32:37 | INFO | Alternating low-rank start 1/1 | seed=0 | initial_loss=0.832991 | initial_penalized=0.832998
2026-05-01 08:32:37 | INFO | Alternating low-rank iter 0 | Loss: 0.639558 | Penalized: 0.640842
2026-05-01 08:32:38 | INFO | Alternating low-rank iter 100 | Loss: 0.287461 | Penalized: 0.335371
2026-05-01 08:32:39 | INFO | Alternating low-rank iter 200 | Loss: 0.283209 | Penalized: 0.332481
2026-05-01 08:32:40 | INFO | Alternating low-rank iter 300 | Loss: 0.281423 | Penalized: 0.331172
2026-05-01 08:32:41 | INFO | Alternating low-rank iter 400 | Loss: 0.280384 | Penalized: 0.330282
2026-05-01 08:32:42 | INFO | Alternating low-rank iter 500 | Loss: 0.278916 | Penalized: 0.329030
2026-05-01 08:32:42 | INFO | Alternating low-rank iter 600 | Loss: 0.277412 | Penalized: 0.327780
2026-05-01 08:32:43 | INFO | Alternating low-rank iter 700 | Loss: 0.276209 | Penalized: 0.326685
2026-05-01 08:32:44 | INFO | Alternating low-rank iter 800 | Loss: 0.275248 | Penalized: 0.325857
2026-05-01 08:32:45 | INFO | Alternating low-rank iter 900 | Loss: 0.275025 | Penalized: 0.325583
2026-05-01 08:32:46 | INFO | Alternating low-rank iter 1000 | Loss: 0.275011 | Penalized: 0.325490
2026-05-01 08:32:47 | INFO | Alternating low-rank iter 1100 | Loss: 0.275023 | Penalized: 0.325446
2026-05-01 08:32:48 | INFO | Alternating low-rank iter 1200 | Loss: 0.275032 | Penalized: 0.325417
2026-05-01 08:32:49 | INFO | Alternating low-rank iter 1300 | Loss: 0.275036 | Penalized: 0.325393
2026-05-01 08:32:50 | INFO | Alternating low-rank iter 1400 | Loss: 0.275036 | Penalized: 0.325373
2026-05-01 08:32:51 | INFO | Alternating low-rank iter 1500 | Loss: 0.275032 | Penalized: 0.325355
2026-05-01 08:32:52 | INFO | Alternating low-rank iter 1600 | Loss: 0.275027 | Penalized: 0.325338
2026-05-01 08:32:53 | INFO | Alternating low-rank iter 1700 | Loss: 0.275021 | Penalized: 0.325322
2026-05-01 08:32:54 | INFO | Alternating low-rank iter 1800 | Loss: 0.275013 | Penalized: 0.325307
2026-05-01 08:32:55 | INFO | Alternating low-rank iter 1900 | Loss: 0.275005 | Penalized: 0.325293
2026-05-01 08:32:56 | INFO | Done fitting.
2026-05-01 08:32:56 | INFO | Optimizer status: STOP: TOTAL NO. OF ITERATIONS REACHED LIMIT
2026-05-01 08:32:56 | INFO | Best optimizer start: 1 / 1
2026-05-01 08:32:56 | INFO | Final Loss: 0.274997
2026-05-01 08:32:56 | INFO | Estimated vs True Parameters:
2026-05-01 08:32:56 | INFO |   beta: -0.4756 (True: -0.3000) | SQE: 0.030818
2026-05-01 08:32:56 | INFO |   xi: 0.1771 (True: 0.8000) | SQE: 0.387987
2026-05-01 08:32:56 | INFO |   eta: 0.0490 (True: 0.3000) | SQE: 0.063011
2026-05-01 08:32:56 | INFO | Alternating low-rank optimizer diagnostics:
2026-05-01 08:32:56 | INFO |   penalized_objective: 0.325279
2026-05-01 08:32:56 | INFO |   mple_loss_without_penalty: 0.274997
2026-05-01 08:32:56 | INFO |   lambda_uv_ridge: 0.005000
2026-05-01 08:32:56 | INFO |   u_frobenius_norm: 172.754451
2026-05-01 08:32:56 | INFO |   v_frobenius_norm: 1.732051
2026-05-01 08:32:56 | INFO |   effective_rank: 3.000000
2026-05-01 08:32:56 | INFO | Field and interaction diagnostics:
2026-05-01 08:32:56 | INFO |   field_rmse: 1.100799
2026-05-01 08:32:56 | INFO |   interaction_fro_error: 1.646399
2026-05-01 08:32:56 | INFO |   estimated_field_max_abs_entry: 4.428047
2026-05-01 08:32:56 | INFO |   estimated_field_rank: 3.000000
2026-05-01 08:32:56 | INFO |   true_field_max_abs_entry: 1.115066
2026-05-01 08:32:56 | INFO |   true_field_rank: 3.000000
2026-05-01 08:32:56 | INFO | Saved summary table to /orcd/home/002/phevosp/MPLE-Causal-Inference/experiments/SyntheticHybridExperiments/confounding_weak/cv_runs/alternating_uv_grid/candidates/alternating_uv_grid_candidate_0002/fold_10/mple_summary.csv
2026-05-01 08:32:56 | INFO | Log saved to /orcd/home/002/phevosp/MPLE-Causal-Inference/experiments/SyntheticHybridExperiments/confounding_weak/cv_runs/alternating_uv_grid/candidates/alternating_uv_grid_candidate_0002/fold_10/mple.log
