2026-04-29 23:51:18 | INFO | Loading data...
2026-04-29 23:51:18 | INFO | Using panel artifact: /orcd/home/002/phevosp/MPLE-Causal-Inference/experiments/SyntheticHybridExperiments/r1_hybrid_us_county_intervention_uscounty_graph_contiguous_confounding/panel_data.npz
2026-04-29 23:51:18 | INFO | Using x_0 artifact: /orcd/home/002/phevosp/MPLE-Causal-Inference/experiments/SyntheticHybridExperiments/r1_hybrid_us_county_intervention_uscounty_graph_contiguous_confounding/x_0.npy
2026-04-29 23:51:18 | INFO | Using fit config: /orcd/home/002/phevosp/MPLE-Causal-Inference/experiments/SyntheticHybridExperiments/r1_hybrid_us_county_intervention_uscounty_graph_contiguous_confounding/fits/alternating_rank_1_uv_5_e3/fit_realized_config.yaml
2026-04-29 23:51:18 | INFO | Using model artifact directory: /orcd/home/002/phevosp/MPLE-Causal-Inference/experiments/SyntheticHybridExperiments/r1_hybrid_us_county_intervention_uscounty_graph_contiguous_confounding
2026-04-29 23:51:18 | INFO | Using truth artifact directory: /orcd/home/002/phevosp/MPLE-Causal-Inference/experiments/SyntheticHybridExperiments/r1_hybrid_us_county_intervention_uscounty_graph_contiguous_confounding
2026-04-29 23:51:18 | INFO | Configured optimizer mode: alternating_latent_rank
2026-04-29 23:51:18 | INFO | Configured latent rank: 1
2026-04-29 23:51:18 | INFO | Using a fixed known graph with scalar xi.
2026-04-29 23:51:18 | INFO | Fit-time hard bounds active: False
2026-04-29 23:51:18 | INFO | Fixed scalar parameters: {}
2026-04-29 23:51:18 | INFO | Warm-start fixed scalars: {} for 0 steps
2026-04-29 23:51:18 | INFO | Beta mask before s: False with s=55
2026-04-29 23:51:18 | INFO | Beta mask after e: False with e=120
2026-04-29 23:51:18 | INFO | Alternating V-column L2-ball constraint active with radius 1.0
2026-04-29 23:51:18 | INFO | Optimizer settings: steps=20000, tol=1e-09, n_starts=1, seed=0, lambda_nuclear=0.0, lambda_frobenius=0.0, lambda_uv_ridge=0.005, v_column_l2_max=1.0, proximal_lr=1.0
2026-04-29 23:51:18 | INFO | Alternating low-rank start 1/1 | seed=0 | initial_loss=0.718052 | initial_penalized=0.718052
2026-04-29 23:51:18 | INFO | Alternating low-rank iter 0 | Loss: 0.563441 | Penalized: 0.563536
2026-04-29 23:51:25 | INFO | Alternating low-rank iter 100 | Loss: 0.544014 | Penalized: 0.544251
2026-04-29 23:51:32 | INFO | Alternating low-rank iter 200 | Loss: 0.543816 | Penalized: 0.544035
2026-04-29 23:51:39 | INFO | Alternating low-rank iter 300 | Loss: 0.543812 | Penalized: 0.544028
2026-04-29 23:51:44 | INFO | Done fitting.
2026-04-29 23:51:44 | INFO | Optimizer status: CONVERGED: alternating objective tolerance reached
2026-04-29 23:51:44 | INFO | Best optimizer start: 1 / 1
2026-04-29 23:51:44 | INFO | Final Loss: 0.543812
2026-04-29 23:51:44 | INFO | Estimated vs True Parameters:
2026-04-29 23:51:44 | INFO |   beta: 0.1601 (True: -0.3000) | SQE: 0.211711
2026-04-29 23:51:44 | INFO |   xi: 1.0967 (True: 0.8000) | SQE: 0.088036
2026-04-29 23:51:44 | INFO |   eta: 0.3104 (True: 0.3000) | SQE: 0.000108
2026-04-29 23:51:44 | INFO | Alternating low-rank optimizer diagnostics:
2026-04-29 23:51:44 | INFO |   penalized_objective: 0.544028
2026-04-29 23:51:44 | INFO |   mple_loss_without_penalty: 0.543812
2026-04-29 23:51:44 | INFO |   lambda_uv_ridge: 0.005000
2026-04-29 23:51:44 | INFO |   u_frobenius_norm: 124.969346
2026-04-29 23:51:44 | INFO |   v_frobenius_norm: 1.000000
2026-04-29 23:51:44 | INFO |   effective_rank: 1.000000
2026-04-29 23:51:44 | INFO | Field and interaction diagnostics:
2026-04-29 23:51:44 | INFO |   field_rmse: 0.541419
2026-04-29 23:51:44 | INFO |   interaction_fro_error: 2.805878
2026-04-29 23:51:44 | INFO |   estimated_field_max_abs_entry: 3.639289
2026-04-29 23:51:44 | INFO |   estimated_field_rank: 1.000000
2026-04-29 23:51:44 | INFO |   true_field_max_abs_entry: 0.604278
2026-04-29 23:51:44 | INFO |   true_field_rank: 1.000000
2026-04-29 23:51:44 | INFO | Saved summary table to /orcd/home/002/phevosp/MPLE-Causal-Inference/experiments/SyntheticHybridExperiments/r1_hybrid_us_county_intervention_uscounty_graph_contiguous_confounding/fits/alternating_rank_1_uv_5_e3/mple_summary.csv
2026-04-29 23:51:44 | INFO | Log saved to /orcd/home/002/phevosp/MPLE-Causal-Inference/experiments/SyntheticHybridExperiments/r1_hybrid_us_county_intervention_uscounty_graph_contiguous_confounding/fits/alternating_rank_1_uv_5_e3/mple.log
