2026-04-07 11:34:22 | INFO | Loading data...
2026-04-07 11:34:22 | INFO | Loaded 6 field templates and 1 interaction templates.
2026-04-07 11:34:22 | INFO | Intervention-process model enabled: True
2026-04-07 11:34:22 | INFO | Tau zero-mean enabled: False
2026-04-07 11:34:22 | INFO | Tau smoothness lambda: 0.000000
2026-04-07 11:34:22 | INFO | Running conditional-model MPLE on x with shape=(67, 3203)
2026-04-07 11:34:22 | INFO | Eval 0  |  Loss: 0.657846
2026-04-07 11:34:22 | INFO |   field::log_population: +0.0126,  field::median_household_income: -0.0132,  field::poverty_rate: +0.0640,  field::pct_black: +0.0105,  field::pct_hispanic: -0.0536,  field::pct_in_labor_force: +0.0362,  tau block: mean=+0.0102, std=0.0970, min=-0.2325, max=+0.1960,  beta: -0.0618,  interaction::contiguity: +0.1822,  eta: -0.1320,  zeta: -0.0662,  psi: +0.0935
2026-04-07 11:34:25 | INFO | Done fitting.
2026-04-07 11:34:25 | INFO | Optimizer status: CONVERGENCE: RELATIVE REDUCTION OF F <= FACTR*EPSMCH
2026-04-07 11:34:25 | INFO | Final Loss: 0.283438
2026-04-07 11:34:25 | INFO | Estimated Parameters:
2026-04-07 11:34:25 | INFO |   field::log_population: 0.9982
2026-04-07 11:34:25 | INFO |   field::median_household_income: -1.2375
2026-04-07 11:34:25 | INFO |   field::poverty_rate: -0.6375
2026-04-07 11:34:25 | INFO |   field::pct_black: -0.1132
2026-04-07 11:34:25 | INFO |   field::pct_hispanic: -0.4329
2026-04-07 11:34:25 | INFO |   field::pct_in_labor_force: -0.0466
2026-04-07 11:34:25 | INFO |   tau::t_0: -0.0052
2026-04-07 11:34:25 | INFO |   tau::t_1: -0.0729
2026-04-07 11:34:25 | INFO |   tau::t_2: -0.1773
2026-04-07 11:34:25 | INFO |   tau::t_3: -0.1082
2026-04-07 11:34:25 | INFO |   tau::t_4: -0.1583
2026-04-07 11:34:25 | INFO |   tau::t_5: -0.2300
2026-04-07 11:34:25 | INFO |   tau::t_6: -0.2881
2026-04-07 11:34:25 | INFO |   tau::t_7: -0.2748
2026-04-07 11:34:25 | INFO |   tau::t_8: -0.2764
2026-04-07 11:34:25 | INFO |   tau::t_9: -0.2260
2026-04-07 11:34:25 | INFO |   tau::t_10: -0.1992
2026-04-07 11:34:25 | INFO |   tau::t_11: -0.2509
2026-04-07 11:34:25 | INFO |   tau::t_12: -0.2606
2026-04-07 11:34:25 | INFO |   tau::t_13: -0.2464
2026-04-07 11:34:25 | INFO |   tau::t_14: -0.2713
2026-04-07 11:34:25 | INFO |   tau::t_15: -0.2861
2026-04-07 11:34:25 | INFO |   tau::t_16: -0.1928
2026-04-07 11:34:25 | INFO |   tau::t_17: -0.3749
2026-04-07 11:34:25 | INFO |   tau::t_18: -0.3299
2026-04-07 11:34:25 | INFO |   tau::t_19: -0.4675
2026-04-07 11:34:25 | INFO |   tau::t_20: -0.4773
2026-04-07 11:34:25 | INFO |   tau::t_21: -0.5056
2026-04-07 11:34:25 | INFO |   tau::t_22: -0.5910
2026-04-07 11:34:25 | INFO |   tau::t_23: -0.4667
2026-04-07 11:34:25 | INFO |   tau::t_24: -0.4522
2026-04-07 11:34:25 | INFO |   tau::t_25: -0.3987
2026-04-07 11:34:25 | INFO |   tau::t_26: -0.2632
2026-04-07 11:34:25 | INFO |   tau::t_27: -0.1730
2026-04-07 11:34:25 | INFO |   tau::t_28: -0.0964
2026-04-07 11:34:25 | INFO |   tau::t_29: -0.0390
2026-04-07 11:34:25 | INFO |   tau::t_30: -0.0166
2026-04-07 11:34:25 | INFO |   tau::t_31: 0.0140
2026-04-07 11:34:25 | INFO |   tau::t_32: 0.1230
2026-04-07 11:34:25 | INFO |   tau::t_33: 0.1164
2026-04-07 11:34:25 | INFO |   tau::t_34: 0.1330
2026-04-07 11:34:25 | INFO |   tau::t_35: 0.0805
2026-04-07 11:34:25 | INFO |   tau::t_36: 0.0801
2026-04-07 11:34:25 | INFO |   tau::t_37: 0.0901
2026-04-07 11:34:25 | INFO |   tau::t_38: 0.0684
2026-04-07 11:34:25 | INFO |   tau::t_39: 0.0033
2026-04-07 11:34:25 | INFO |   tau::t_40: 0.0177
2026-04-07 11:34:25 | INFO |   tau::t_41: 0.0322
2026-04-07 11:34:25 | INFO |   tau::t_42: -0.1396
2026-04-07 11:34:25 | INFO |   tau::t_43: 0.1135
2026-04-07 11:34:25 | INFO |   tau::t_44: 0.0400
2026-04-07 11:34:25 | INFO |   tau::t_45: 0.0313
2026-04-07 11:34:25 | INFO |   tau::t_46: -0.0177
2026-04-07 11:34:25 | INFO |   tau::t_47: 0.0109
2026-04-07 11:34:25 | INFO |   tau::t_48: 0.0962
2026-04-07 11:34:25 | INFO |   tau::t_49: 0.0905
2026-04-07 11:34:25 | INFO |   tau::t_50: 0.1100
2026-04-07 11:34:25 | INFO |   tau::t_51: 0.1794
2026-04-07 11:34:25 | INFO |   tau::t_52: 0.2226
2026-04-07 11:34:25 | INFO |   tau::t_53: 0.2115
2026-04-07 11:34:25 | INFO |   tau::t_54: 0.1880
2026-04-07 11:34:25 | INFO |   tau::t_55: 0.1191
2026-04-07 11:34:25 | INFO |   tau::t_56: 0.0698
2026-04-07 11:34:25 | INFO |   tau::t_57: -0.0115
2026-04-07 11:34:25 | INFO |   tau::t_58: -0.0272
2026-04-07 11:34:25 | INFO |   tau::t_59: -0.1139
2026-04-07 11:34:25 | INFO |   tau::t_60: -0.1808
2026-04-07 11:34:25 | INFO |   tau::t_61: -0.2774
2026-04-07 11:34:25 | INFO |   tau::t_62: -0.2430
2026-04-07 11:34:25 | INFO |   tau::t_63: -0.3705
2026-04-07 11:34:25 | INFO |   tau::t_64: -0.3755
2026-04-07 11:34:25 | INFO |   tau::t_65: -0.2264
2026-04-07 11:34:25 | INFO |   tau::t_66: -0.4699
2026-04-07 11:34:25 | INFO |   beta: -0.0919
2026-04-07 11:34:25 | INFO |   interaction::contiguity: 1.3785
2026-04-07 11:34:25 | INFO |   eta: 0.2222
2026-04-07 11:34:25 | INFO |   zeta: -0.3192
2026-04-07 11:34:25 | INFO |   psi: 2.1142
2026-04-07 11:34:25 | INFO | Saved summary tables to C:\Users\phevo\Documents\MIT\Code\MPLE-Causal-Inference\experiments\USCountyVaccination_US_tau_unrestricted\outcome_death_rate_100k_ge_2__intervention_complete_cov_ge_10__lag_3w__contiguity\mple_summary.csv and C:\Users\phevo\Documents\MIT\Code\MPLE-Causal-Inference\experiments\USCountyVaccination_US_tau_unrestricted\outcome_death_rate_100k_ge_2__intervention_complete_cov_ge_10__lag_3w__contiguity\mple_summary.md
2026-04-07 11:34:25 | INFO | Log saved to C:\Users\phevo\Documents\MIT\Code\MPLE-Causal-Inference\experiments\USCountyVaccination_US_tau_unrestricted\outcome_death_rate_100k_ge_2__intervention_complete_cov_ge_10__lag_3w__contiguity\mple.log
