2026-04-08 11:53:34 | INFO | Loading data...
2026-04-08 11:53:34 | INFO | Loaded 6 field templates and 1 interaction templates.
2026-04-08 11:53:34 | INFO | Intervention-process model enabled: True
2026-04-08 11:53:34 | INFO | Tau zero-mean enabled: False
2026-04-08 11:53:34 | INFO | Tau smoothness lambda: 0.000000
2026-04-08 11:53:34 | INFO | Running conditional-model MPLE on x with shape=(69, 3203)
2026-04-08 11:53:34 | INFO | Eval 0  |  Loss: 0.592380
2026-04-08 11:53:34 | INFO |   field::population_density: +0.0126,  field::senior_population: -0.0132,  field::college_education: +0.0640,  field::poverty_rate: +0.0105,  field::log_population: -0.0536,  field::median_household_income: +0.0362,  tau block: mean=+0.0117, std=0.0982, min=-0.2325, max=+0.1960,  beta: -0.1320,  interaction::contiguity: -0.0662,  eta: +0.0935,  zeta: +0.0049,  psi: +0.2002
2026-04-08 11:53:37 | INFO | Done fitting.
2026-04-08 11:53:37 | INFO | Optimizer status: CONVERGENCE: RELATIVE REDUCTION OF F <= FACTR*EPSMCH
2026-04-08 11:53:37 | INFO | Final Loss: 0.157050
2026-04-08 11:53:37 | INFO | Estimated Parameters:
2026-04-08 11:53:37 | INFO |   field::population_density: -0.4281
2026-04-08 11:53:37 | INFO |   field::senior_population: -0.2278
2026-04-08 11:53:37 | INFO |   field::college_education: -0.2349
2026-04-08 11:53:37 | INFO |   field::poverty_rate: -0.2144
2026-04-08 11:53:37 | INFO |   field::log_population: 0.1412
2026-04-08 11:53:37 | INFO |   field::median_household_income: -0.0758
2026-04-08 11:53:37 | INFO |   tau::t_0: -0.1231
2026-04-08 11:53:37 | INFO |   tau::t_1: -0.1662
2026-04-08 11:53:37 | INFO |   tau::t_2: -0.2039
2026-04-08 11:53:37 | INFO |   tau::t_3: -0.2259
2026-04-08 11:53:37 | INFO |   tau::t_4: -0.3602
2026-04-08 11:53:37 | INFO |   tau::t_5: 0.0103
2026-04-08 11:53:37 | INFO |   tau::t_6: -0.2157
2026-04-08 11:53:37 | INFO |   tau::t_7: -0.0320
2026-04-08 11:53:37 | INFO |   tau::t_8: -0.1020
2026-04-08 11:53:37 | INFO |   tau::t_9: -0.0303
2026-04-08 11:53:37 | INFO |   tau::t_10: -0.1163
2026-04-08 11:53:37 | INFO |   tau::t_11: -0.0273
2026-04-08 11:53:37 | INFO |   tau::t_12: -0.0868
2026-04-08 11:53:37 | INFO |   tau::t_13: -0.2356
2026-04-08 11:53:37 | INFO |   tau::t_14: -0.2374
2026-04-08 11:53:37 | INFO |   tau::t_15: -0.3358
2026-04-08 11:53:37 | INFO |   tau::t_16: -0.3749
2026-04-08 11:53:37 | INFO |   tau::t_17: -0.5459
2026-04-08 11:53:37 | INFO |   tau::t_18: -0.4000
2026-04-08 11:53:37 | INFO |   tau::t_19: -0.7814
2026-04-08 11:53:37 | INFO |   tau::t_20: -0.4952
2026-04-08 11:53:37 | INFO |   tau::t_21: -0.6775
2026-04-08 11:53:37 | INFO |   tau::t_22: -0.5709
2026-04-08 11:53:37 | INFO |   tau::t_23: -0.5682
2026-04-08 11:53:37 | INFO |   tau::t_24: -0.3013
2026-04-08 11:53:37 | INFO |   tau::t_25: -0.1911
2026-04-08 11:53:37 | INFO |   tau::t_26: 0.0542
2026-04-08 11:53:37 | INFO |   tau::t_27: 0.2233
2026-04-08 11:53:37 | INFO |   tau::t_28: 0.2205
2026-04-08 11:53:37 | INFO |   tau::t_29: 0.2517
2026-04-08 11:53:37 | INFO |   tau::t_30: 0.2240
2026-04-08 11:53:37 | INFO |   tau::t_31: 0.2120
2026-04-08 11:53:37 | INFO |   tau::t_32: 0.1873
2026-04-08 11:53:37 | INFO |   tau::t_33: 0.0265
2026-04-08 11:53:37 | INFO |   tau::t_34: 0.1646
2026-04-08 11:53:37 | INFO |   tau::t_35: -0.0737
2026-04-08 11:53:37 | INFO |   tau::t_36: -0.1331
2026-04-08 11:53:37 | INFO |   tau::t_37: -0.1437
2026-04-08 11:53:37 | INFO |   tau::t_38: -0.1869
2026-04-08 11:53:37 | INFO |   tau::t_39: -0.2074
2026-04-08 11:53:37 | INFO |   tau::t_40: -0.0331
2026-04-08 11:53:37 | INFO |   tau::t_41: -0.0584
2026-04-08 11:53:37 | INFO |   tau::t_42: 0.0307
2026-04-08 11:53:37 | INFO |   tau::t_43: 0.0661
2026-04-08 11:53:37 | INFO |   tau::t_44: -0.3252
2026-04-08 11:53:37 | INFO |   tau::t_45: 0.3303
2026-04-08 11:53:37 | INFO |   tau::t_46: -0.0261
2026-04-08 11:53:37 | INFO |   tau::t_47: -0.0613
2026-04-08 11:53:37 | INFO |   tau::t_48: -0.0421
2026-04-08 11:53:37 | INFO |   tau::t_49: 0.4856
2026-04-08 11:53:37 | INFO |   tau::t_50: 0.8104
2026-04-08 11:53:37 | INFO |   tau::t_51: 0.8852
2026-04-08 11:53:37 | INFO |   tau::t_52: 1.1911
2026-04-08 11:53:37 | INFO |   tau::t_53: 1.1781
2026-04-08 11:53:37 | INFO |   tau::t_54: 0.3399
2026-04-08 11:53:37 | INFO |   tau::t_55: -0.2232
2026-04-08 11:53:37 | INFO |   tau::t_56: -0.3677
2026-04-08 11:53:37 | INFO |   tau::t_57: -0.4218
2026-04-08 11:53:37 | INFO |   tau::t_58: -0.2252
2026-04-08 11:53:37 | INFO |   tau::t_59: -0.2364
2026-04-08 11:53:37 | INFO |   tau::t_60: -0.2450
2026-04-08 11:53:37 | INFO |   tau::t_61: -0.3653
2026-04-08 11:53:37 | INFO |   tau::t_62: -0.4102
2026-04-08 11:53:37 | INFO |   tau::t_63: -0.3542
2026-04-08 11:53:37 | INFO |   tau::t_64: -0.2001
2026-04-08 11:53:37 | INFO |   tau::t_65: -0.0802
2026-04-08 11:53:37 | INFO |   tau::t_66: -0.1529
2026-04-08 11:53:37 | INFO |   tau::t_67: -0.0027
2026-04-08 11:53:37 | INFO |   tau::t_68: -0.0162
2026-04-08 11:53:37 | INFO |   beta: 0.0006
2026-04-08 11:53:37 | INFO |   interaction::contiguity: 2.6131
2026-04-08 11:53:37 | INFO |   eta: 0.5426
2026-04-08 11:53:37 | INFO |   zeta: -0.1664
2026-04-08 11:53:37 | INFO |   psi: 2.1324
2026-04-08 11:53:37 | INFO | Saved summary tables to C:\Users\phevo\Documents\MIT\Code\MPLE-Causal-Inference\experiments\USCountyVaccination_US_features_new\outcome_case_rate_100k_ge_200__intervention_complete_cov_ge_30__lag_1w__contiguity\mple_summary.csv and C:\Users\phevo\Documents\MIT\Code\MPLE-Causal-Inference\experiments\USCountyVaccination_US_features_new\outcome_case_rate_100k_ge_200__intervention_complete_cov_ge_30__lag_1w__contiguity\mple_summary.md
2026-04-08 11:53:37 | INFO | Log saved to C:\Users\phevo\Documents\MIT\Code\MPLE-Causal-Inference\experiments\USCountyVaccination_US_features_new\outcome_case_rate_100k_ge_200__intervention_complete_cov_ge_30__lag_1w__contiguity\mple.log
