2026-04-07 11:31:29 | INFO | Loading data...
2026-04-07 11:31:29 | INFO | Loaded 6 field templates and 1 interaction templates.
2026-04-07 11:31:29 | INFO | Intervention-process model enabled: True
2026-04-07 11:31:29 | INFO | Tau zero-mean enabled: False
2026-04-07 11:31:29 | INFO | Tau smoothness lambda: 0.000000
2026-04-07 11:31:29 | INFO | Running conditional-model MPLE on x with shape=(69, 3203)
2026-04-07 11:31:29 | INFO | Eval 0  |  Loss: 0.577975
2026-04-07 11:31:29 | INFO |   field::log_population: +0.0126,  field::median_household_income: -0.0132,  field::poverty_rate: +0.0640,  field::pct_black: +0.0105,  field::pct_hispanic: -0.0536,  field::pct_in_labor_force: +0.0362,  tau block: mean=+0.0117, std=0.0982, min=-0.2325, max=+0.1960,  beta: -0.1320,  interaction::contiguity: -0.0662,  eta: +0.0935,  zeta: +0.0049,  psi: +0.2002
2026-04-07 11:31:32 | INFO | Done fitting.
2026-04-07 11:31:32 | INFO | Optimizer status: CONVERGENCE: RELATIVE REDUCTION OF F <= FACTR*EPSMCH
2026-04-07 11:31:32 | INFO | Final Loss: 0.152816
2026-04-07 11:31:32 | INFO | Estimated Parameters:
2026-04-07 11:31:32 | INFO |   field::log_population: 0.1529
2026-04-07 11:31:32 | INFO |   field::median_household_income: -0.2738
2026-04-07 11:31:32 | INFO |   field::poverty_rate: -0.0437
2026-04-07 11:31:32 | INFO |   field::pct_black: -0.1997
2026-04-07 11:31:32 | INFO |   field::pct_hispanic: -0.1013
2026-04-07 11:31:32 | INFO |   field::pct_in_labor_force: 0.0895
2026-04-07 11:31:32 | INFO |   tau::t_0: -0.1515
2026-04-07 11:31:32 | INFO |   tau::t_1: -0.1932
2026-04-07 11:31:32 | INFO |   tau::t_2: -0.2255
2026-04-07 11:31:32 | INFO |   tau::t_3: -0.2436
2026-04-07 11:31:32 | INFO |   tau::t_4: -0.3771
2026-04-07 11:31:32 | INFO |   tau::t_5: -0.0068
2026-04-07 11:31:32 | INFO |   tau::t_6: -0.2292
2026-04-07 11:31:32 | INFO |   tau::t_7: -0.0452
2026-04-07 11:31:32 | INFO |   tau::t_8: -0.1068
2026-04-07 11:31:32 | INFO |   tau::t_9: -0.0295
2026-04-07 11:31:32 | INFO |   tau::t_10: -0.1153
2026-04-07 11:31:32 | INFO |   tau::t_11: -0.0226
2026-04-07 11:31:32 | INFO |   tau::t_12: -0.0813
2026-04-07 11:31:32 | INFO |   tau::t_13: -0.2335
2026-04-07 11:31:32 | INFO |   tau::t_14: -0.2346
2026-04-07 11:31:32 | INFO |   tau::t_15: -0.3313
2026-04-07 11:31:32 | INFO |   tau::t_16: -0.3680
2026-04-07 11:31:32 | INFO |   tau::t_17: -0.5382
2026-04-07 11:31:32 | INFO |   tau::t_18: -0.3935
2026-04-07 11:31:32 | INFO |   tau::t_19: -0.7726
2026-04-07 11:31:32 | INFO |   tau::t_20: -0.4843
2026-04-07 11:31:32 | INFO |   tau::t_21: -0.6671
2026-04-07 11:31:32 | INFO |   tau::t_22: -0.5615
2026-04-07 11:31:32 | INFO |   tau::t_23: -0.5589
2026-04-07 11:31:32 | INFO |   tau::t_24: -0.2872
2026-04-07 11:31:32 | INFO |   tau::t_25: -0.1729
2026-04-07 11:31:32 | INFO |   tau::t_26: 0.0784
2026-04-07 11:31:32 | INFO |   tau::t_27: 0.2453
2026-04-07 11:31:32 | INFO |   tau::t_28: 0.2386
2026-04-07 11:31:32 | INFO |   tau::t_29: 0.2642
2026-04-07 11:31:32 | INFO |   tau::t_30: 0.2347
2026-04-07 11:31:32 | INFO |   tau::t_31: 0.2200
2026-04-07 11:31:32 | INFO |   tau::t_32: 0.1937
2026-04-07 11:31:32 | INFO |   tau::t_33: 0.0381
2026-04-07 11:31:32 | INFO |   tau::t_34: 0.1757
2026-04-07 11:31:33 | INFO |   tau::t_35: -0.0561
2026-04-07 11:31:33 | INFO |   tau::t_36: -0.1100
2026-04-07 11:31:33 | INFO |   tau::t_37: -0.1213
2026-04-07 11:31:33 | INFO |   tau::t_38: -0.1680
2026-04-07 11:31:33 | INFO |   tau::t_39: -0.1923
2026-04-07 11:31:33 | INFO |   tau::t_40: -0.0147
2026-04-07 11:31:33 | INFO |   tau::t_41: -0.0410
2026-04-07 11:31:33 | INFO |   tau::t_42: 0.0494
2026-04-07 11:31:33 | INFO |   tau::t_43: 0.0848
2026-04-07 11:31:33 | INFO |   tau::t_44: -0.3157
2026-04-07 11:31:33 | INFO |   tau::t_45: 0.3545
2026-04-07 11:31:33 | INFO |   tau::t_46: -0.0043
2026-04-07 11:31:33 | INFO |   tau::t_47: -0.0419
2026-04-07 11:31:33 | INFO |   tau::t_48: -0.0233
2026-04-07 11:31:33 | INFO |   tau::t_49: 0.5153
2026-04-07 11:31:33 | INFO |   tau::t_50: 0.8267
2026-04-07 11:31:33 | INFO |   tau::t_51: 0.8951
2026-04-07 11:31:33 | INFO |   tau::t_52: 1.2130
2026-04-07 11:31:33 | INFO |   tau::t_53: 1.2047
2026-04-07 11:31:33 | INFO |   tau::t_54: 0.3553
2026-04-07 11:31:33 | INFO |   tau::t_55: -0.2042
2026-04-07 11:31:33 | INFO |   tau::t_56: -0.3435
2026-04-07 11:31:33 | INFO |   tau::t_57: -0.4010
2026-04-07 11:31:33 | INFO |   tau::t_58: -0.2073
2026-04-07 11:31:33 | INFO |   tau::t_59: -0.2190
2026-04-07 11:31:33 | INFO |   tau::t_60: -0.2217
2026-04-07 11:31:33 | INFO |   tau::t_61: -0.3431
2026-04-07 11:31:33 | INFO |   tau::t_62: -0.3915
2026-04-07 11:31:33 | INFO |   tau::t_63: -0.3357
2026-04-07 11:31:33 | INFO |   tau::t_64: -0.1857
2026-04-07 11:31:33 | INFO |   tau::t_65: -0.0672
2026-04-07 11:31:33 | INFO |   tau::t_66: -0.1417
2026-04-07 11:31:33 | INFO |   tau::t_67: 0.0128
2026-04-07 11:31:33 | INFO |   tau::t_68: -0.0020
2026-04-07 11:31:33 | INFO |   beta: -0.0229
2026-04-07 11:31:33 | INFO |   interaction::contiguity: 2.6014
2026-04-07 11:31:33 | INFO |   eta: 0.5440
2026-04-07 11:31:33 | INFO |   zeta: -0.5392
2026-04-07 11:31:33 | INFO |   psi: 2.2830
2026-04-07 11:31:33 | INFO | Saved summary tables to C:\Users\phevo\Documents\MIT\Code\MPLE-Causal-Inference\experiments\USCountyVaccination_US_tau_unrestricted\outcome_case_rate_100k_ge_200__intervention_complete_cov_ge_10__lag_1w__contiguity\mple_summary.csv and C:\Users\phevo\Documents\MIT\Code\MPLE-Causal-Inference\experiments\USCountyVaccination_US_tau_unrestricted\outcome_case_rate_100k_ge_200__intervention_complete_cov_ge_10__lag_1w__contiguity\mple_summary.md
2026-04-07 11:31:33 | INFO | Log saved to C:\Users\phevo\Documents\MIT\Code\MPLE-Causal-Inference\experiments\USCountyVaccination_US_tau_unrestricted\outcome_case_rate_100k_ge_200__intervention_complete_cov_ge_10__lag_1w__contiguity\mple.log
