2026-04-01 10:18:01 | INFO | Loading data...
2026-04-01 10:18:01 | INFO | Loaded 1 field templates and 1 interaction templates.
2026-04-01 10:18:01 | INFO | Running conditional-model MPLE on x with shape=(10, 1000)
2026-04-01 10:18:01 | INFO | Eval 0  |  Loss: 0.674025
2026-04-01 10:18:01 | INFO |   field::intercept: +0.0126,  beta: -0.0132,  interaction::adjacency: +0.0640,  eta: +0.0105,  zeta: -0.0536,  psi: +0.0362
2026-04-01 10:18:01 | INFO | Done fitting.
2026-04-01 10:18:01 | INFO | Optimizer status: CONVERGENCE: RELATIVE REDUCTION OF F <= FACTR*EPSMCH
2026-04-01 10:18:01 | INFO | Final Loss: 0.583024
2026-04-01 10:18:01 | INFO | Estimated vs True Parameters:
2026-04-01 10:18:01 | INFO |   field::intercept: 0.4870 (True: 0.5000)
2026-04-01 10:18:01 | INFO |   field::intercept SQE: 0.000169
2026-04-01 10:18:01 | INFO |   beta: 0.3817 (True: 0.4000)
2026-04-01 10:18:01 | INFO |   beta SQE: 0.000333
2026-04-01 10:18:01 | INFO |   interaction::adjacency: 0.5280 (True: 0.5000)
2026-04-01 10:18:01 | INFO |   interaction::adjacency SQE: 0.000785
2026-04-01 10:18:01 | INFO |   eta: 0.1018 (True: 0.1000)
2026-04-01 10:18:01 | INFO |   eta SQE: 0.000003
2026-04-01 10:18:01 | INFO |   zeta: -0.4855 (True: -0.5000)
2026-04-01 10:18:01 | INFO |   zeta SQE: 0.000210
2026-04-01 10:18:01 | INFO |   psi: 0.4049 (True: 0.4000)
2026-04-01 10:18:01 | INFO |   psi SQE: 0.000024
2026-04-01 10:18:01 | INFO | Saved summary tables to C:\Users\phevo\Documents\MIT\Code\MPLE-Causal-Inference\experiments\n1000_t10_baseline_temp_fro_medium_uniform_known_graph_20260331_230621\mple_summary.csv and C:\Users\phevo\Documents\MIT\Code\MPLE-Causal-Inference\experiments\n1000_t10_baseline_temp_fro_medium_uniform_known_graph_20260331_230621\mple_summary.md
2026-04-01 10:18:01 | INFO | Log saved to C:\Users\phevo\Documents\MIT\Code\MPLE-Causal-Inference\experiments\n1000_t10_baseline_temp_fro_medium_uniform_known_graph_20260331_230621\mple.log
