2026-06-09 22:16:57 | INFO | Loading data...
2026-06-09 22:16:57 | INFO | Using panel artifact: /orcd/home/002/phevosp/MPLE-Causal-Inference/experiments/Hybrid/partial_confounding_1/panel_data.npz
2026-06-09 22:16:57 | INFO | Using x_0 artifact: /orcd/home/002/phevosp/MPLE-Causal-Inference/experiments/Hybrid/partial_confounding_1/x_0.npy
2026-06-09 22:16:57 | INFO | Using fit config: /orcd/home/002/phevosp/MPLE-Causal-Inference/experiments/Hybrid/partial_confounding_1/fits/alternating_rank_5_uv_5_e2_beta_mask_xi_zero/fit_realized_config.yaml
2026-06-09 22:16:57 | INFO | Using model artifact directory: /orcd/home/002/phevosp/MPLE-Causal-Inference/experiments/Hybrid/partial_confounding_1
2026-06-09 22:16:57 | INFO | Using truth artifact directory: /orcd/home/002/phevosp/MPLE-Causal-Inference/experiments/Hybrid/partial_confounding_1
2026-06-09 22:16:57 | INFO | Configured optimizer mode: alternating_latent_rank
2026-06-09 22:16:57 | INFO | Configured latent rank: 5
2026-06-09 22:16:57 | INFO | Using a fixed known graph with scalar xi.
2026-06-09 22:16:57 | INFO | Fit-time hard bounds active: False
2026-06-09 22:16:57 | INFO | Fixed scalar parameters: {'xi': 0.0}
2026-06-09 22:16:57 | INFO | Warm-start fixed scalars: {} for 0 steps
2026-06-09 22:16:57 | INFO | Beta-gradient mask before s: True with s=50
2026-06-09 22:16:57 | INFO | Beta-gradient mask after e: True with e=115
2026-06-09 22:16:57 | INFO | Alternating V-column L2-ball constraint active with radius 1.0
2026-06-09 22:16:57 | INFO | Optimizer settings: steps=20000, tol=1e-09, n_starts=1, seed=0, lambda_nuclear=0.0, lambda_frobenius=0.0, lambda_uv_ridge=0.05, v_column_l2_max=1.0, proximal_lr=1.0
2026-06-09 22:16:57 | INFO | Alternating low-rank start 1/1 | seed=0 | initial_loss=0.757070 | initial_penalized=0.757072
2026-06-09 22:16:57 | INFO | Alternating low-rank iter 0 | Loss: 0.580554 | Penalized: 0.584212
2026-06-09 22:17:11 | INFO | Alternating low-rank iter 100 | Loss: 0.558221 | Penalized: 0.567018
2026-06-09 22:17:22 | INFO | Alternating low-rank iter 200 | Loss: 0.558221 | Penalized: 0.567017
2026-06-09 22:17:22 | INFO | Done fitting.
2026-06-09 22:17:22 | INFO | Optimizer status: CONVERGED: alternating objective tolerance reached
2026-06-09 22:17:22 | INFO | Best optimizer start: 1 / 1
2026-06-09 22:17:22 | INFO | Final Loss: 0.558221
2026-06-09 22:17:22 | INFO | Estimated vs True Parameters:
2026-06-09 22:17:22 | INFO |   beta: -0.3613 (True: -0.3000) | SQE: 0.003762
2026-06-09 22:17:22 | INFO |   xi: 0.0000 (True: 0.8000) | SQE: 0.640000
2026-06-09 22:17:22 | INFO |   eta: 0.3045 (True: 0.3000) | SQE: 0.000021
2026-06-09 22:17:22 | INFO | Alternating low-rank optimizer diagnostics:
2026-06-09 22:17:22 | INFO |   penalized_objective: 0.567017
2026-06-09 22:17:22 | INFO |   mple_loss_without_penalty: 0.558221
2026-06-09 22:17:22 | INFO |   lambda_uv_ridge: 0.050000
2026-06-09 22:17:22 | INFO |   u_frobenius_norm: 246.926420
2026-06-09 22:17:22 | INFO |   v_frobenius_norm: 2.236068
2026-06-09 22:17:22 | INFO |   effective_rank: 5.000000
2026-06-09 22:17:22 | INFO | Field and interaction diagnostics:
2026-06-09 22:17:22 | INFO |   field_rmse: 0.238257
2026-06-09 22:17:22 | INFO |   interaction_fro_error: 8.851317
2026-06-09 22:17:22 | INFO |   estimated_field_max_abs_entry: 2.804846
2026-06-09 22:17:22 | INFO |   estimated_field_rank: 5.000000
2026-06-09 22:17:22 | INFO |   true_field_max_abs_entry: 2.360404
2026-06-09 22:17:22 | INFO |   true_field_rank: 5.000000
2026-06-09 22:17:23 | INFO | Saved summary table to /orcd/home/002/phevosp/MPLE-Causal-Inference/experiments/Hybrid/partial_confounding_1/fits/alternating_rank_5_uv_5_e2_beta_mask_xi_zero/mple_summary.csv
2026-06-09 22:17:23 | INFO | Log saved to /orcd/home/002/phevosp/MPLE-Causal-Inference/experiments/Hybrid/partial_confounding_1/fits/alternating_rank_5_uv_5_e2_beta_mask_xi_zero/mple.log
