2026-05-02 22:34:28 | INFO | Loading data...
2026-05-02 22:34:28 | INFO | Using panel artifact: /orcd/home/002/phevosp/MPLE-Causal-Inference/experiments/HybridExperiments_r1_v2/r1_hybrid_us_county_intervention_generated_graph_confounding/panel_data.npz
2026-05-02 22:34:28 | INFO | Using x_0 artifact: /orcd/home/002/phevosp/MPLE-Causal-Inference/experiments/HybridExperiments_r1_v2/r1_hybrid_us_county_intervention_generated_graph_confounding/x_0.npy
2026-05-02 22:34:28 | INFO | Using fit config: /orcd/home/002/phevosp/MPLE-Causal-Inference/experiments/HybridExperiments_r1_v2/r1_hybrid_us_county_intervention_generated_graph_confounding/fits/alternating_rank_1_uv_1_e3_beta_mask/fit_realized_config.yaml
2026-05-02 22:34:28 | INFO | Using model artifact directory: /orcd/home/002/phevosp/MPLE-Causal-Inference/experiments/HybridExperiments_r1_v2/r1_hybrid_us_county_intervention_generated_graph_confounding
2026-05-02 22:34:28 | INFO | Using truth artifact directory: /orcd/home/002/phevosp/MPLE-Causal-Inference/experiments/HybridExperiments_r1_v2/r1_hybrid_us_county_intervention_generated_graph_confounding
2026-05-02 22:34:29 | INFO | Configured optimizer mode: alternating_latent_rank
2026-05-02 22:34:29 | INFO | Configured latent rank: 1
2026-05-02 22:34:29 | INFO | Using a fixed known graph with scalar xi.
2026-05-02 22:34:29 | INFO | Fit-time hard bounds active: False
2026-05-02 22:34:29 | INFO | Fixed scalar parameters: {}
2026-05-02 22:34:29 | INFO | Warm-start fixed scalars: {} for 0 steps
2026-05-02 22:34:29 | INFO | Beta mask before s: True with s=50
2026-05-02 22:34:29 | INFO | Beta mask after e: True with e=115
2026-05-02 22:34:29 | INFO | Alternating V-column L2-ball constraint active with radius 1.0
2026-05-02 22:34:29 | INFO | Optimizer settings: steps=20000, tol=1e-09, n_starts=1, seed=0, lambda_nuclear=0.0, lambda_frobenius=0.0, lambda_uv_ridge=0.001, v_column_l2_max=1.0, proximal_lr=1.0
2026-05-02 22:34:29 | INFO | Alternating low-rank start 1/1 | seed=0 | initial_loss=0.696872 | initial_penalized=0.696872
2026-05-02 22:34:29 | INFO | Alternating low-rank iter 0 | Loss: 0.549141 | Penalized: 0.549218
2026-05-02 22:34:35 | INFO | Alternating low-rank iter 100 | Loss: 0.528126 | Penalized: 0.528337
2026-05-02 22:34:41 | INFO | Alternating low-rank iter 200 | Loss: 0.527902 | Penalized: 0.528087
2026-05-02 22:34:48 | INFO | Alternating low-rank iter 300 | Loss: 0.527878 | Penalized: 0.528055
2026-05-02 22:34:54 | INFO | Alternating low-rank iter 400 | Loss: 0.527877 | Penalized: 0.528051
2026-05-02 22:35:00 | INFO | Alternating low-rank iter 500 | Loss: 0.527878 | Penalized: 0.528050
2026-05-02 22:35:02 | INFO | Done fitting.
2026-05-02 22:35:02 | INFO | Optimizer status: CONVERGED: alternating objective tolerance reached
2026-05-02 22:35:02 | INFO | Best optimizer start: 1 / 1
2026-05-02 22:35:02 | INFO | Final Loss: 0.527878
2026-05-02 22:35:02 | INFO | Estimated vs True Parameters:
2026-05-02 22:35:02 | INFO |   beta: -0.3066 (True: -0.3000) | SQE: 0.000043
2026-05-02 22:35:02 | INFO |   xi: 0.7831 (True: 0.8000) | SQE: 0.000287
2026-05-02 22:35:02 | INFO |   eta: 0.2889 (True: 0.3000) | SQE: 0.000124
2026-05-02 22:35:02 | INFO | Alternating low-rank optimizer diagnostics:
2026-05-02 22:35:02 | INFO |   penalized_objective: 0.528050
2026-05-02 22:35:02 | INFO |   mple_loss_without_penalty: 0.527878
2026-05-02 22:35:02 | INFO |   lambda_uv_ridge: 0.001000
2026-05-02 22:35:02 | INFO |   u_frobenius_norm: 244.264963
2026-05-02 22:35:02 | INFO |   v_frobenius_norm: 1.000000
2026-05-02 22:35:02 | INFO |   effective_rank: 1.000000
2026-05-02 22:35:02 | INFO | Field and interaction diagnostics:
2026-05-02 22:35:02 | INFO |   field_rmse: 0.222930
2026-05-02 22:35:02 | INFO |   interaction_fro_error: 0.128288
2026-05-02 22:35:02 | INFO |   estimated_field_max_abs_entry: 1.443891
2026-05-02 22:35:02 | INFO |   estimated_field_rank: 1.000000
2026-05-02 22:35:02 | INFO |   true_field_max_abs_entry: 0.609457
2026-05-02 22:35:02 | INFO |   true_field_rank: 1.000000
2026-05-02 22:35:03 | INFO | Saved summary table to /orcd/home/002/phevosp/MPLE-Causal-Inference/experiments/HybridExperiments_r1_v2/r1_hybrid_us_county_intervention_generated_graph_confounding/fits/alternating_rank_1_uv_1_e3_beta_mask/mple_summary.csv
2026-05-02 22:35:03 | INFO | Log saved to /orcd/home/002/phevosp/MPLE-Causal-Inference/experiments/HybridExperiments_r1_v2/r1_hybrid_us_county_intervention_generated_graph_confounding/fits/alternating_rank_1_uv_1_e3_beta_mask/mple.log
