2026-05-02 12:17:23 | INFO | Loading data...
2026-05-02 12:17:23 | INFO | Using panel artifact: /orcd/home/002/phevosp/MPLE-Causal-Inference/experiments/Synthetic/confounding_strong/panel_data.npz
2026-05-02 12:17:23 | INFO | Using x_0 artifact: /orcd/home/002/phevosp/MPLE-Causal-Inference/experiments/Synthetic/confounding_strong/x_0.npy
2026-05-02 12:17:23 | INFO | Using fit config: /orcd/home/002/phevosp/MPLE-Causal-Inference/experiments/Synthetic/confounding_strong/cv_runs/alternating_uv_grid/candidates/alternating_uv_grid_candidate_0003/fold_6/fit_realized_config.yaml
2026-05-02 12:17:23 | INFO | Using model artifact directory: /orcd/home/002/phevosp/MPLE-Causal-Inference/experiments/Synthetic/confounding_strong
2026-05-02 12:17:23 | INFO | Using truth artifact directory: /orcd/home/002/phevosp/MPLE-Causal-Inference/experiments/Synthetic/confounding_strong
2026-05-02 12:17:23 | INFO | Using loss mask artifact: /orcd/home/002/phevosp/MPLE-Causal-Inference/experiments/Synthetic/confounding_strong/cv_runs/alternating_uv_grid/candidates/alternating_uv_grid_candidate_0003/fold_6/loss_mask.npy
2026-05-02 12:17:23 | INFO | Configured optimizer mode: alternating_latent_rank
2026-05-02 12:17:23 | INFO | Configured latent rank: 3
2026-05-02 12:17:23 | INFO | Using a fixed known graph with scalar xi.
2026-05-02 12:17:23 | INFO | Fit-time hard bounds active: False
2026-05-02 12:17:23 | INFO | Fixed scalar parameters: {}
2026-05-02 12:17:23 | INFO | Warm-start fixed scalars: {} for 0 steps
2026-05-02 12:17:23 | INFO | Beta mask before s: False with s=0
2026-05-02 12:17:23 | INFO | Beta mask after e: False with e=11
2026-05-02 12:17:23 | INFO | Alternating V-column L2-ball constraint active with radius 1.0
2026-05-02 12:17:23 | INFO | Optimizer settings: steps=2000, tol=1e-07, n_starts=1, seed=0, lambda_nuclear=0.0, lambda_frobenius=0.0, lambda_uv_ridge=0.01, v_column_l2_max=1.0, proximal_lr=1.0
2026-05-02 12:17:23 | INFO | Alternating low-rank start 1/1 | seed=0 | initial_loss=0.810971 | initial_penalized=0.810974
2026-05-02 12:17:23 | INFO | Alternating low-rank iter 0 | Loss: 0.575219 | Penalized: 0.576655
2026-05-02 12:17:24 | INFO | Alternating low-rank iter 100 | Loss: 0.467603 | Penalized: 0.479038
2026-05-02 12:17:25 | INFO | Alternating low-rank iter 200 | Loss: 0.466608 | Penalized: 0.478065
2026-05-02 12:17:26 | INFO | Alternating low-rank iter 300 | Loss: 0.466372 | Penalized: 0.477854
2026-05-02 12:17:27 | INFO | Alternating low-rank iter 400 | Loss: 0.466311 | Penalized: 0.477807
2026-05-02 12:17:27 | INFO | Done fitting.
2026-05-02 12:17:27 | INFO | Optimizer status: CONVERGED: alternating objective tolerance reached
2026-05-02 12:17:27 | INFO | Best optimizer start: 1 / 1
2026-05-02 12:17:27 | INFO | Final Loss: 0.466300
2026-05-02 12:17:27 | INFO | Estimated vs True Parameters:
2026-05-02 12:17:27 | INFO |   beta: -0.3119 (True: -0.3000) | SQE: 0.000143
2026-05-02 12:17:27 | INFO |   xi: 0.8839 (True: 0.8000) | SQE: 0.007038
2026-05-02 12:17:27 | INFO |   eta: 0.3386 (True: 0.3000) | SQE: 0.001492
2026-05-02 12:17:27 | INFO | Alternating low-rank optimizer diagnostics:
2026-05-02 12:17:27 | INFO |   penalized_objective: 0.477801
2026-05-02 12:17:27 | INFO |   mple_loss_without_penalty: 0.466300
2026-05-02 12:17:27 | INFO |   lambda_uv_ridge: 0.010000
2026-05-02 12:17:27 | INFO |   u_frobenius_norm: 140.854504
2026-05-02 12:17:27 | INFO |   v_frobenius_norm: 1.732051
2026-05-02 12:17:27 | INFO |   effective_rank: 3.000000
2026-05-02 12:17:27 | INFO | Field and interaction diagnostics:
2026-05-02 12:17:27 | INFO |   field_rmse: 0.467064
2026-05-02 12:17:27 | INFO |   interaction_fro_error: 0.297203
2026-05-02 12:17:27 | INFO |   estimated_field_max_abs_entry: 6.183402
2026-05-02 12:17:27 | INFO |   estimated_field_rank: 3.000000
2026-05-02 12:17:27 | INFO |   true_field_max_abs_entry: 4.447602
2026-05-02 12:17:27 | INFO |   true_field_rank: 3.000000
2026-05-02 12:17:27 | INFO | Saved summary table to /orcd/home/002/phevosp/MPLE-Causal-Inference/experiments/Synthetic/confounding_strong/cv_runs/alternating_uv_grid/candidates/alternating_uv_grid_candidate_0003/fold_6/mple_summary.csv
2026-05-02 12:17:27 | INFO | Log saved to /orcd/home/002/phevosp/MPLE-Causal-Inference/experiments/Synthetic/confounding_strong/cv_runs/alternating_uv_grid/candidates/alternating_uv_grid_candidate_0003/fold_6/mple.log
