2026-05-03 10:33:44 | INFO | Loading data...
2026-05-03 10:33:44 | INFO | Using panel artifact: /orcd/home/002/phevosp/MPLE-Causal-Inference/experiments/USCountyVaccination/outcome_death_rate_100k_ge_2__intervention_complete_cov_ge_30__lag_2w__distance_kernel_8__start_2020_06_07/panel_data.npz
2026-05-03 10:33:44 | INFO | Using x_0 artifact: /orcd/home/002/phevosp/MPLE-Causal-Inference/experiments/USCountyVaccination/outcome_death_rate_100k_ge_2__intervention_complete_cov_ge_30__lag_2w__distance_kernel_8__start_2020_06_07/x_0.npy
2026-05-03 10:33:44 | INFO | Using fit config: /orcd/home/002/phevosp/MPLE-Causal-Inference/experiments/USCountyVaccination/outcome_death_rate_100k_ge_2__intervention_complete_cov_ge_30__lag_2w__distance_kernel_8__start_2020_06_07/fits/alternating_rank_8_uv_1_e1_beta_mask/fit_realized_config.yaml
2026-05-03 10:33:44 | INFO | Using model artifact directory: /orcd/home/002/phevosp/MPLE-Causal-Inference/experiments/USCountyVaccination/outcome_death_rate_100k_ge_2__intervention_complete_cov_ge_30__lag_2w__distance_kernel_8__start_2020_06_07
2026-05-03 10:33:44 | INFO | Using truth artifact directory: /orcd/home/002/phevosp/MPLE-Causal-Inference/experiments/USCountyVaccination/outcome_death_rate_100k_ge_2__intervention_complete_cov_ge_30__lag_2w__distance_kernel_8__start_2020_06_07
2026-05-03 10:33:44 | INFO | Configured optimizer mode: alternating_latent_rank
2026-05-03 10:33:44 | INFO | Configured latent rank: 8
2026-05-03 10:33:44 | INFO | Using a fixed known graph with scalar xi.
2026-05-03 10:33:44 | INFO | Fit-time hard bounds active: False
2026-05-03 10:33:44 | INFO | Fixed scalar parameters: {}
2026-05-03 10:33:44 | INFO | Warm-start fixed scalars: {} for 0 steps
2026-05-03 10:33:44 | INFO | Beta mask before s: True with s=36
2026-05-03 10:33:44 | INFO | Beta mask after e: True with e=101
2026-05-03 10:33:44 | INFO | Alternating V-column L2-ball constraint active with radius 1.0
2026-05-03 10:33:44 | INFO | Optimizer settings: steps=20000, tol=1e-09, n_starts=1, seed=0, lambda_nuclear=0.0, lambda_frobenius=0.0, lambda_uv_ridge=0.1, v_column_l2_max=1.0, proximal_lr=1.0
2026-05-03 10:33:44 | INFO | Alternating low-rank start 1/1 | seed=0 | initial_loss=0.679104 | initial_penalized=0.679110
2026-05-03 10:33:44 | INFO | Alternating low-rank iter 0 | Loss: 0.489880 | Penalized: 0.496130
2026-05-03 10:33:52 | INFO | Alternating low-rank iter 100 | Loss: 0.416438 | Penalized: 0.436474
2026-05-03 10:34:01 | INFO | Alternating low-rank iter 200 | Loss: 0.416149 | Penalized: 0.436145
2026-05-03 10:34:09 | INFO | Alternating low-rank iter 300 | Loss: 0.416150 | Penalized: 0.436129
2026-05-03 10:34:17 | INFO | Alternating low-rank iter 400 | Loss: 0.416161 | Penalized: 0.436127
2026-05-03 10:34:24 | INFO | Done fitting.
2026-05-03 10:34:24 | INFO | Optimizer status: CONVERGED: alternating objective tolerance reached
2026-05-03 10:34:24 | INFO | Best optimizer start: 1 / 1
2026-05-03 10:34:24 | INFO | Final Loss: 0.416165
2026-05-03 10:34:24 | INFO | Estimated Parameters:
2026-05-03 10:34:24 | INFO |   beta: -0.0230
2026-05-03 10:34:24 | INFO |   xi: 1.4039
2026-05-03 10:34:24 | INFO |   eta: 0.1102
2026-05-03 10:34:24 | INFO | Alternating low-rank optimizer diagnostics:
2026-05-03 10:34:24 | INFO |   penalized_objective: 0.436127
2026-05-03 10:34:24 | INFO |   mple_loss_without_penalty: 0.416165
2026-05-03 10:34:24 | INFO |   lambda_uv_ridge: 0.100000
2026-05-03 10:34:24 | INFO |   u_frobenius_norm: 246.492291
2026-05-03 10:34:24 | INFO |   v_frobenius_norm: 2.828427
2026-05-03 10:34:24 | INFO |   effective_rank: 8.000000
2026-05-03 10:34:24 | INFO | Field and interaction diagnostics:
2026-05-03 10:34:24 | INFO |   estimated_field_max_abs_entry: 2.704974
2026-05-03 10:34:24 | INFO |   estimated_field_rank: 8.000000
2026-05-03 10:34:24 | INFO | Saved summary table to /orcd/home/002/phevosp/MPLE-Causal-Inference/experiments/USCountyVaccination/outcome_death_rate_100k_ge_2__intervention_complete_cov_ge_30__lag_2w__distance_kernel_8__start_2020_06_07/fits/alternating_rank_8_uv_1_e1_beta_mask/mple_summary.csv
2026-05-03 10:34:24 | INFO | Log saved to /orcd/home/002/phevosp/MPLE-Causal-Inference/experiments/USCountyVaccination/outcome_death_rate_100k_ge_2__intervention_complete_cov_ge_30__lag_2w__distance_kernel_8__start_2020_06_07/fits/alternating_rank_8_uv_1_e1_beta_mask/mple.log
