2026-04-30 11:14:18 | INFO | Loading data...
2026-04-30 11:14:18 | INFO | Using panel artifact: /orcd/home/002/phevosp/MPLE-Causal-Inference/experiments/SyntheticHybridExperiments/r3_hybrid_us_county_intervention_generated_graph_confounding/panel_data.npz
2026-04-30 11:14:18 | INFO | Using x_0 artifact: /orcd/home/002/phevosp/MPLE-Causal-Inference/experiments/SyntheticHybridExperiments/r3_hybrid_us_county_intervention_generated_graph_confounding/x_0.npy
2026-04-30 11:14:18 | INFO | Using fit config: /orcd/home/002/phevosp/MPLE-Causal-Inference/experiments/SyntheticHybridExperiments/r3_hybrid_us_county_intervention_generated_graph_confounding/fits/alternating_rank_3_uv_2_e2_beta_mask_xi_zero/fit_realized_config.yaml
2026-04-30 11:14:18 | INFO | Using model artifact directory: /orcd/home/002/phevosp/MPLE-Causal-Inference/experiments/SyntheticHybridExperiments/r3_hybrid_us_county_intervention_generated_graph_confounding
2026-04-30 11:14:18 | INFO | Using truth artifact directory: /orcd/home/002/phevosp/MPLE-Causal-Inference/experiments/SyntheticHybridExperiments/r3_hybrid_us_county_intervention_generated_graph_confounding
2026-04-30 11:14:18 | INFO | Configured optimizer mode: alternating_latent_rank
2026-04-30 11:14:18 | INFO | Configured latent rank: 3
2026-04-30 11:14:18 | INFO | Using a fixed known graph with scalar xi.
2026-04-30 11:14:18 | INFO | Fit-time hard bounds active: False
2026-04-30 11:14:18 | INFO | Fixed scalar parameters: {'xi': 0.0}
2026-04-30 11:14:18 | INFO | Warm-start fixed scalars: {} for 0 steps
2026-04-30 11:14:18 | INFO | Beta mask before s: True with s=55
2026-04-30 11:14:18 | INFO | Beta mask after e: True with e=120
2026-04-30 11:14:18 | INFO | Alternating V-column L2-ball constraint active with radius 1.0
2026-04-30 11:14:18 | INFO | Optimizer settings: steps=20000, tol=1e-09, n_starts=1, seed=0, lambda_nuclear=0.0, lambda_frobenius=0.0, lambda_uv_ridge=0.02, v_column_l2_max=1.0, proximal_lr=1.0
2026-04-30 11:14:18 | INFO | Alternating low-rank start 1/1 | seed=0 | initial_loss=0.682128 | initial_penalized=0.682129
2026-04-30 11:14:18 | INFO | Alternating low-rank iter 0 | Loss: 0.597599 | Penalized: 0.598347
2026-04-30 11:14:29 | INFO | Alternating low-rank iter 100 | Loss: 0.583863 | Penalized: 0.587093
2026-04-30 11:14:40 | INFO | Alternating low-rank iter 200 | Loss: 0.583813 | Penalized: 0.587086
2026-04-30 11:14:50 | INFO | Alternating low-rank iter 300 | Loss: 0.583810 | Penalized: 0.587081
2026-04-30 11:15:01 | INFO | Alternating low-rank iter 400 | Loss: 0.583808 | Penalized: 0.587078
2026-04-30 11:15:12 | INFO | Alternating low-rank iter 500 | Loss: 0.583807 | Penalized: 0.587075
2026-04-30 11:15:22 | INFO | Alternating low-rank iter 600 | Loss: 0.583807 | Penalized: 0.587074
2026-04-30 11:15:33 | INFO | Alternating low-rank iter 700 | Loss: 0.583806 | Penalized: 0.587073
2026-04-30 11:15:43 | INFO | Alternating low-rank iter 800 | Loss: 0.583806 | Penalized: 0.587072
2026-04-30 11:15:54 | INFO | Alternating low-rank iter 900 | Loss: 0.583806 | Penalized: 0.587071
2026-04-30 11:16:05 | INFO | Alternating low-rank iter 1000 | Loss: 0.583806 | Penalized: 0.587071
2026-04-30 11:16:18 | INFO | Alternating low-rank iter 1100 | Loss: 0.583806 | Penalized: 0.587071
2026-04-30 11:16:30 | INFO | Alternating low-rank iter 1200 | Loss: 0.583805 | Penalized: 0.587071
2026-04-30 11:16:42 | INFO | Done fitting.
2026-04-30 11:16:42 | INFO | Optimizer status: CONVERGED: alternating objective tolerance reached
2026-04-30 11:16:42 | INFO | Best optimizer start: 1 / 1
2026-04-30 11:16:42 | INFO | Final Loss: 0.583805
2026-04-30 11:16:42 | INFO | Estimated vs True Parameters:
2026-04-30 11:16:42 | INFO |   beta: -0.1126 (True: -0.3000) | SQE: 0.035122
2026-04-30 11:16:42 | INFO |   xi: 0.0000 (True: 0.8000) | SQE: 0.640000
2026-04-30 11:16:42 | INFO |   eta: 0.2825 (True: 0.3000) | SQE: 0.000305
2026-04-30 11:16:42 | INFO | Alternating low-rank optimizer diagnostics:
2026-04-30 11:16:42 | INFO |   penalized_objective: 0.587071
2026-04-30 11:16:42 | INFO |   mple_loss_without_penalty: 0.583805
2026-04-30 11:16:42 | INFO |   lambda_uv_ridge: 0.020000
2026-04-30 11:16:42 | INFO |   u_frobenius_norm: 242.991721
2026-04-30 11:16:42 | INFO |   v_frobenius_norm: 1.732051
2026-04-30 11:16:42 | INFO |   effective_rank: 3.000000
2026-04-30 11:16:42 | INFO | Field and interaction diagnostics:
2026-04-30 11:16:42 | INFO |   field_rmse: 0.264361
2026-04-30 11:16:42 | INFO |   interaction_fro_error: 5.004664
2026-04-30 11:16:42 | INFO |   estimated_field_max_abs_entry: 2.968166
2026-04-30 11:16:42 | INFO |   estimated_field_rank: 3.000000
2026-04-30 11:16:42 | INFO |   true_field_max_abs_entry: 2.169749
2026-04-30 11:16:42 | INFO |   true_field_rank: 3.000000
2026-04-30 11:16:42 | INFO | Saved summary table to /orcd/home/002/phevosp/MPLE-Causal-Inference/experiments/SyntheticHybridExperiments/r3_hybrid_us_county_intervention_generated_graph_confounding/fits/alternating_rank_3_uv_2_e2_beta_mask_xi_zero/mple_summary.csv
2026-04-30 11:16:42 | INFO | Log saved to /orcd/home/002/phevosp/MPLE-Causal-Inference/experiments/SyntheticHybridExperiments/r3_hybrid_us_county_intervention_generated_graph_confounding/fits/alternating_rank_3_uv_2_e2_beta_mask_xi_zero/mple.log
