2026-04-07 11:51:41 | INFO | Loading data...
2026-04-07 11:51:41 | INFO | Loaded 6 field templates and 1 interaction templates.
2026-04-07 11:51:41 | INFO | Intervention-process model enabled: True
2026-04-07 11:51:41 | INFO | Tau zero-mean enabled: True
2026-04-07 11:51:41 | INFO | Tau smoothness lambda: 0.000000
2026-04-07 11:51:41 | INFO | Running conditional-model MPLE on x with shape=(68, 3136)
2026-04-07 11:51:41 | INFO | Eval 0  |  Loss: 0.760218
2026-04-07 11:51:41 | INFO |   field::log_population: +0.0126,  field::median_household_income: -0.0132,  field::poverty_rate: +0.0640,  field::pct_black: +0.0105,  field::pct_hispanic: -0.0536,  field::pct_in_labor_force: +0.0362,  tau block: mean=-0.0000, std=0.0967, min=-0.2417, max=+0.1869,  beta: +0.1822,  interaction::contiguity: -0.1320,  eta: -0.0662,  zeta: +0.0935,  psi: +0.0049
2026-04-07 11:51:43 | INFO | Done fitting.
2026-04-07 11:51:43 | INFO | Optimizer status: CONVERGENCE: RELATIVE REDUCTION OF F <= FACTR*EPSMCH
2026-04-07 11:51:43 | INFO | Final Loss: 0.289722
2026-04-07 11:51:43 | INFO | Estimated Parameters:
2026-04-07 11:51:43 | INFO |   field::log_population: 0.9956
2026-04-07 11:51:43 | INFO |   field::median_household_income: -1.2094
2026-04-07 11:51:43 | INFO |   field::poverty_rate: -0.5797
2026-04-07 11:51:43 | INFO |   field::pct_black: -0.1249
2026-04-07 11:51:43 | INFO |   field::pct_hispanic: -0.4745
2026-04-07 11:51:43 | INFO |   field::pct_in_labor_force: -0.0311
2026-04-07 11:51:43 | INFO |   tau::t_0: -0.0341
2026-04-07 11:51:43 | INFO |   tau::t_1: -0.0348
2026-04-07 11:51:43 | INFO |   tau::t_2: -0.0707
2026-04-07 11:51:43 | INFO |   tau::t_3: -0.1214
2026-04-07 11:51:43 | INFO |   tau::t_4: 0.0229
2026-04-07 11:51:43 | INFO |   tau::t_5: 0.0057
2026-04-07 11:51:43 | INFO |   tau::t_6: -0.0297
2026-04-07 11:51:43 | INFO |   tau::t_7: -0.0813
2026-04-07 11:51:43 | INFO |   tau::t_8: -0.0811
2026-04-07 11:51:43 | INFO |   tau::t_9: -0.1069
2026-04-07 11:51:43 | INFO |   tau::t_10: -0.0829
2026-04-07 11:51:43 | INFO |   tau::t_11: -0.0665
2026-04-07 11:51:43 | INFO |   tau::t_12: -0.1254
2026-04-07 11:51:43 | INFO |   tau::t_13: -0.1322
2026-04-07 11:51:43 | INFO |   tau::t_14: -0.1239
2026-04-07 11:51:43 | INFO |   tau::t_15: -0.1526
2026-04-07 11:51:43 | INFO |   tau::t_16: -0.1647
2026-04-07 11:51:43 | INFO |   tau::t_17: -0.0870
2026-04-07 11:51:43 | INFO |   tau::t_18: -0.2488
2026-04-07 11:51:43 | INFO |   tau::t_19: -0.2035
2026-04-07 11:51:43 | INFO |   tau::t_20: -0.3252
2026-04-07 11:51:43 | INFO |   tau::t_21: -0.3304
2026-04-07 11:51:43 | INFO |   tau::t_22: -0.3555
2026-04-07 11:51:43 | INFO |   tau::t_23: -0.4309
2026-04-07 11:51:43 | INFO |   tau::t_24: -0.3231
2026-04-07 11:51:43 | INFO |   tau::t_25: -0.3148
2026-04-07 11:51:43 | INFO |   tau::t_26: -0.2663
2026-04-07 11:51:43 | INFO |   tau::t_27: -0.1461
2026-04-07 11:51:43 | INFO |   tau::t_28: -0.0622
2026-04-07 11:51:43 | INFO |   tau::t_29: 0.0115
2026-04-07 11:51:43 | INFO |   tau::t_30: 0.0690
2026-04-07 11:51:43 | INFO |   tau::t_31: 0.0899
2026-04-07 11:51:43 | INFO |   tau::t_32: 0.1208
2026-04-07 11:51:43 | INFO |   tau::t_33: 0.2288
2026-04-07 11:51:43 | INFO |   tau::t_34: 0.2210
2026-04-07 11:51:43 | INFO |   tau::t_35: 0.2301
2026-04-07 11:51:43 | INFO |   tau::t_36: 0.1901
2026-04-07 11:51:43 | INFO |   tau::t_37: 0.1832
2026-04-07 11:51:43 | INFO |   tau::t_38: 0.1942
2026-04-07 11:51:43 | INFO |   tau::t_39: 0.1723
2026-04-07 11:51:43 | INFO |   tau::t_40: 0.1350
2026-04-07 11:51:43 | INFO |   tau::t_41: 0.1348
2026-04-07 11:51:43 | INFO |   tau::t_42: 0.1544
2026-04-07 11:51:43 | INFO |   tau::t_43: -0.0152
2026-04-07 11:51:43 | INFO |   tau::t_44: 0.2401
2026-04-07 11:51:43 | INFO |   tau::t_45: 0.1634
2026-04-07 11:51:43 | INFO |   tau::t_46: 0.1537
2026-04-07 11:51:43 | INFO |   tau::t_47: 0.1088
2026-04-07 11:51:43 | INFO |   tau::t_48: 0.1360
2026-04-07 11:51:43 | INFO |   tau::t_49: 0.2188
2026-04-07 11:51:43 | INFO |   tau::t_50: 0.2101
2026-04-07 11:51:43 | INFO |   tau::t_51: 0.2342
2026-04-07 11:51:43 | INFO |   tau::t_52: 0.3019
2026-04-07 11:51:43 | INFO |   tau::t_53: 0.3472
2026-04-07 11:51:43 | INFO |   tau::t_54: 0.3378
2026-04-07 11:51:43 | INFO |   tau::t_55: 0.3089
2026-04-07 11:51:43 | INFO |   tau::t_56: 0.2389
2026-04-07 11:51:43 | INFO |   tau::t_57: 0.1940
2026-04-07 11:51:43 | INFO |   tau::t_58: 0.1088
2026-04-07 11:51:43 | INFO |   tau::t_59: 0.1016
2026-04-07 11:51:43 | INFO |   tau::t_60: 0.0153
2026-04-07 11:51:43 | INFO |   tau::t_61: -0.0427
2026-04-07 11:51:43 | INFO |   tau::t_62: -0.1281
2026-04-07 11:51:43 | INFO |   tau::t_63: -0.1088
2026-04-07 11:51:43 | INFO |   tau::t_64: -0.2088
2026-04-07 11:51:43 | INFO |   tau::t_65: -0.2042
2026-04-07 11:51:43 | INFO |   tau::t_66: -0.0748
2026-04-07 11:51:43 | INFO |   tau::t_67: -0.2990
2026-04-07 11:51:43 | INFO |   beta: -0.1737
2026-04-07 11:51:43 | INFO |   interaction::contiguity: 1.4341
2026-04-07 11:51:43 | INFO |   eta: 0.2306
2026-04-07 11:51:43 | INFO |   zeta: -0.1218
2026-04-07 11:51:43 | INFO |   psi: 2.0215
2026-04-07 11:51:43 | INFO | Saved summary tables to C:\Users\phevo\Documents\MIT\Code\MPLE-Causal-Inference\experiments\USCountyVaccination_US_tau_zero_mean\outcome_death_rate_100k_ge_2__intervention_partial_cov_ge_10__lag_2w__contiguity\mple_summary.csv and C:\Users\phevo\Documents\MIT\Code\MPLE-Causal-Inference\experiments\USCountyVaccination_US_tau_zero_mean\outcome_death_rate_100k_ge_2__intervention_partial_cov_ge_10__lag_2w__contiguity\mple_summary.md
2026-04-07 11:51:43 | INFO | Log saved to C:\Users\phevo\Documents\MIT\Code\MPLE-Causal-Inference\experiments\USCountyVaccination_US_tau_zero_mean\outcome_death_rate_100k_ge_2__intervention_partial_cov_ge_10__lag_2w__contiguity\mple.log
