2026-05-03 10:06:46 | INFO | Loading data...
2026-05-03 10:06:46 | INFO | Using panel artifact: /orcd/home/002/phevosp/MPLE-Causal-Inference/experiments/USCountyVaccination/outcome_death_rate_100k_ge_2__intervention_complete_cov_ge_30__lag_2w__contiguity__start_2021_01_03/panel_data.npz
2026-05-03 10:06:46 | INFO | Using x_0 artifact: /orcd/home/002/phevosp/MPLE-Causal-Inference/experiments/USCountyVaccination/outcome_death_rate_100k_ge_2__intervention_complete_cov_ge_30__lag_2w__contiguity__start_2021_01_03/x_0.npy
2026-05-03 10:06:46 | INFO | Using fit config: /orcd/home/002/phevosp/MPLE-Causal-Inference/experiments/USCountyVaccination/outcome_death_rate_100k_ge_2__intervention_complete_cov_ge_30__lag_2w__contiguity__start_2021_01_03/fits/alternating_rank_8_uv_1_e3_beta_mask/fit_realized_config.yaml
2026-05-03 10:06:46 | INFO | Using model artifact directory: /orcd/home/002/phevosp/MPLE-Causal-Inference/experiments/USCountyVaccination/outcome_death_rate_100k_ge_2__intervention_complete_cov_ge_30__lag_2w__contiguity__start_2021_01_03
2026-05-03 10:06:46 | INFO | Using truth artifact directory: /orcd/home/002/phevosp/MPLE-Causal-Inference/experiments/USCountyVaccination/outcome_death_rate_100k_ge_2__intervention_complete_cov_ge_30__lag_2w__contiguity__start_2021_01_03
2026-05-03 10:06:46 | INFO | Configured optimizer mode: alternating_latent_rank
2026-05-03 10:06:46 | INFO | Configured latent rank: 8
2026-05-03 10:06:46 | INFO | Using a fixed known graph with scalar xi.
2026-05-03 10:06:46 | INFO | Fit-time hard bounds active: False
2026-05-03 10:06:46 | INFO | Fixed scalar parameters: {}
2026-05-03 10:06:46 | INFO | Warm-start fixed scalars: {} for 0 steps
2026-05-03 10:06:46 | INFO | Beta mask before s: True with s=6
2026-05-03 10:06:46 | INFO | Beta mask after e: True with e=71
2026-05-03 10:06:46 | INFO | Alternating V-column L2-ball constraint active with radius 1.0
2026-05-03 10:06:46 | INFO | Optimizer settings: steps=20000, tol=1e-09, n_starts=1, seed=0, lambda_nuclear=0.0, lambda_frobenius=0.0, lambda_uv_ridge=0.001, v_column_l2_max=1.0, proximal_lr=1.0
2026-05-03 10:06:46 | INFO | Alternating low-rank start 1/1 | seed=0 | initial_loss=0.746817 | initial_penalized=0.746817
2026-05-03 10:06:47 | INFO | Alternating low-rank iter 0 | Loss: 0.483695 | Penalized: 0.483805
2026-05-03 10:06:54 | INFO | Alternating low-rank iter 100 | Loss: 0.372722 | Penalized: 0.375281
2026-05-03 10:07:01 | INFO | Alternating low-rank iter 200 | Loss: 0.368601 | Penalized: 0.372370
2026-05-03 10:07:08 | INFO | Alternating low-rank iter 300 | Loss: 0.366658 | Penalized: 0.371296
2026-05-03 10:07:15 | INFO | Alternating low-rank iter 400 | Loss: 0.365313 | Penalized: 0.370621
2026-05-03 10:07:23 | INFO | Alternating low-rank iter 500 | Loss: 0.364686 | Penalized: 0.370401
2026-05-03 10:07:30 | INFO | Alternating low-rank iter 600 | Loss: 0.364402 | Penalized: 0.370323
2026-05-03 10:07:37 | INFO | Alternating low-rank iter 700 | Loss: 0.364257 | Penalized: 0.370281
2026-05-03 10:07:44 | INFO | Alternating low-rank iter 800 | Loss: 0.364172 | Penalized: 0.370251
2026-05-03 10:07:51 | INFO | Alternating low-rank iter 900 | Loss: 0.364113 | Penalized: 0.370225
2026-05-03 10:07:58 | INFO | Alternating low-rank iter 1000 | Loss: 0.364059 | Penalized: 0.370199
2026-05-03 10:08:06 | INFO | Alternating low-rank iter 1100 | Loss: 0.363994 | Penalized: 0.370165
2026-05-03 10:08:13 | INFO | Alternating low-rank iter 1200 | Loss: 0.363901 | Penalized: 0.370117
2026-05-03 10:08:20 | INFO | Alternating low-rank iter 1300 | Loss: 0.363791 | Penalized: 0.370065
2026-05-03 10:08:27 | INFO | Alternating low-rank iter 1400 | Loss: 0.363700 | Penalized: 0.370030
2026-05-03 10:08:34 | INFO | Alternating low-rank iter 1500 | Loss: 0.363641 | Penalized: 0.370012
2026-05-03 10:08:42 | INFO | Alternating low-rank iter 1600 | Loss: 0.363605 | Penalized: 0.370002
2026-05-03 10:08:50 | INFO | Alternating low-rank iter 1700 | Loss: 0.363581 | Penalized: 0.369995
2026-05-03 10:08:58 | INFO | Alternating low-rank iter 1800 | Loss: 0.363566 | Penalized: 0.369989
2026-05-03 10:09:06 | INFO | Alternating low-rank iter 1900 | Loss: 0.363554 | Penalized: 0.369985
2026-05-03 10:09:14 | INFO | Alternating low-rank iter 2000 | Loss: 0.363545 | Penalized: 0.369980
2026-05-03 10:09:22 | INFO | Alternating low-rank iter 2100 | Loss: 0.363537 | Penalized: 0.369976
2026-05-03 10:09:29 | INFO | Alternating low-rank iter 2200 | Loss: 0.363530 | Penalized: 0.369972
2026-05-03 10:09:37 | INFO | Alternating low-rank iter 2300 | Loss: 0.363523 | Penalized: 0.369968
2026-05-03 10:09:44 | INFO | Alternating low-rank iter 2400 | Loss: 0.363517 | Penalized: 0.369964
2026-05-03 10:09:52 | INFO | Alternating low-rank iter 2500 | Loss: 0.363511 | Penalized: 0.369960
2026-05-03 10:10:01 | INFO | Alternating low-rank iter 2600 | Loss: 0.363504 | Penalized: 0.369955
2026-05-03 10:10:10 | INFO | Alternating low-rank iter 2700 | Loss: 0.363498 | Penalized: 0.369951
2026-05-03 10:10:19 | INFO | Alternating low-rank iter 2800 | Loss: 0.363492 | Penalized: 0.369946
2026-05-03 10:10:27 | INFO | Alternating low-rank iter 2900 | Loss: 0.363486 | Penalized: 0.369942
2026-05-03 10:10:36 | INFO | Alternating low-rank iter 3000 | Loss: 0.363480 | Penalized: 0.369937
2026-05-03 10:10:45 | INFO | Alternating low-rank iter 3100 | Loss: 0.363475 | Penalized: 0.369933
2026-05-03 10:10:54 | INFO | Alternating low-rank iter 3200 | Loss: 0.363471 | Penalized: 0.369930
2026-05-03 10:11:03 | INFO | Alternating low-rank iter 3300 | Loss: 0.363468 | Penalized: 0.369926
2026-05-03 10:11:12 | INFO | Alternating low-rank iter 3400 | Loss: 0.363465 | Penalized: 0.369924
2026-05-03 10:11:20 | INFO | Alternating low-rank iter 3500 | Loss: 0.363463 | Penalized: 0.369921
2026-05-03 10:11:29 | INFO | Alternating low-rank iter 3600 | Loss: 0.363461 | Penalized: 0.369919
2026-05-03 10:11:38 | INFO | Alternating low-rank iter 3700 | Loss: 0.363460 | Penalized: 0.369918
2026-05-03 10:11:47 | INFO | Alternating low-rank iter 3800 | Loss: 0.363459 | Penalized: 0.369916
2026-05-03 10:11:56 | INFO | Alternating low-rank iter 3900 | Loss: 0.363459 | Penalized: 0.369915
2026-05-03 10:12:05 | INFO | Alternating low-rank iter 4000 | Loss: 0.363458 | Penalized: 0.369914
2026-05-03 10:12:14 | INFO | Alternating low-rank iter 4100 | Loss: 0.363458 | Penalized: 0.369913
2026-05-03 10:12:23 | INFO | Alternating low-rank iter 4200 | Loss: 0.363458 | Penalized: 0.369912
2026-05-03 10:12:31 | INFO | Alternating low-rank iter 4300 | Loss: 0.363458 | Penalized: 0.369911
2026-05-03 10:12:38 | INFO | Alternating low-rank iter 4400 | Loss: 0.363458 | Penalized: 0.369911
2026-05-03 10:12:45 | INFO | Alternating low-rank iter 4500 | Loss: 0.363458 | Penalized: 0.369910
2026-05-03 10:12:54 | INFO | Alternating low-rank iter 4600 | Loss: 0.363458 | Penalized: 0.369910
2026-05-03 10:13:04 | INFO | Alternating low-rank iter 4700 | Loss: 0.363458 | Penalized: 0.369909
2026-05-03 10:13:13 | INFO | Alternating low-rank iter 4800 | Loss: 0.363458 | Penalized: 0.369909
2026-05-03 10:13:23 | INFO | Alternating low-rank iter 4900 | Loss: 0.363457 | Penalized: 0.369908
2026-05-03 10:13:32 | INFO | Alternating low-rank iter 5000 | Loss: 0.363457 | Penalized: 0.369908
2026-05-03 10:13:41 | INFO | Alternating low-rank iter 5100 | Loss: 0.363457 | Penalized: 0.369907
2026-05-03 10:13:50 | INFO | Alternating low-rank iter 5200 | Loss: 0.363457 | Penalized: 0.369907
2026-05-03 10:13:59 | INFO | Alternating low-rank iter 5300 | Loss: 0.363457 | Penalized: 0.369907
2026-05-03 10:14:09 | INFO | Alternating low-rank iter 5400 | Loss: 0.363457 | Penalized: 0.369906
2026-05-03 10:14:18 | INFO | Alternating low-rank iter 5500 | Loss: 0.363457 | Penalized: 0.369906
2026-05-03 10:14:27 | INFO | Alternating low-rank iter 5600 | Loss: 0.363457 | Penalized: 0.369906
2026-05-03 10:14:36 | INFO | Alternating low-rank iter 5700 | Loss: 0.363456 | Penalized: 0.369906
2026-05-03 10:14:45 | INFO | Alternating low-rank iter 5800 | Loss: 0.363456 | Penalized: 0.369905
2026-05-03 10:14:54 | INFO | Alternating low-rank iter 5900 | Loss: 0.363456 | Penalized: 0.369905
2026-05-03 10:15:03 | INFO | Alternating low-rank iter 6000 | Loss: 0.363456 | Penalized: 0.369905
2026-05-03 10:15:12 | INFO | Alternating low-rank iter 6100 | Loss: 0.363456 | Penalized: 0.369905
2026-05-03 10:15:21 | INFO | Alternating low-rank iter 6200 | Loss: 0.363456 | Penalized: 0.369905
2026-05-03 10:15:30 | INFO | Alternating low-rank iter 6300 | Loss: 0.363456 | Penalized: 0.369904
2026-05-03 10:15:39 | INFO | Alternating low-rank iter 6400 | Loss: 0.363455 | Penalized: 0.369904
2026-05-03 10:15:49 | INFO | Alternating low-rank iter 6500 | Loss: 0.363455 | Penalized: 0.369904
2026-05-03 10:15:58 | INFO | Alternating low-rank iter 6600 | Loss: 0.363455 | Penalized: 0.369904
2026-05-03 10:16:06 | INFO | Alternating low-rank iter 6700 | Loss: 0.363455 | Penalized: 0.369904
2026-05-03 10:16:14 | INFO | Alternating low-rank iter 6800 | Loss: 0.363455 | Penalized: 0.369904
2026-05-03 10:16:22 | INFO | Alternating low-rank iter 6900 | Loss: 0.363455 | Penalized: 0.369904
2026-05-03 10:16:30 | INFO | Alternating low-rank iter 7000 | Loss: 0.363455 | Penalized: 0.369903
2026-05-03 10:16:39 | INFO | Alternating low-rank iter 7100 | Loss: 0.363454 | Penalized: 0.369903
2026-05-03 10:16:47 | INFO | Alternating low-rank iter 7200 | Loss: 0.363454 | Penalized: 0.369903
2026-05-03 10:16:55 | INFO | Alternating low-rank iter 7300 | Loss: 0.363454 | Penalized: 0.369903
2026-05-03 10:16:58 | INFO | Done fitting.
2026-05-03 10:16:58 | INFO | Optimizer status: CONVERGED: alternating objective tolerance reached
2026-05-03 10:16:58 | INFO | Best optimizer start: 1 / 1
2026-05-03 10:16:58 | INFO | Final Loss: 0.363454
2026-05-03 10:16:58 | INFO | Estimated Parameters:
2026-05-03 10:16:58 | INFO |   beta: -0.0013
2026-05-03 10:16:58 | INFO |   xi: 1.1030
2026-05-03 10:16:58 | INFO |   eta: -0.0879
2026-05-03 10:16:58 | INFO | Alternating low-rank optimizer diagnostics:
2026-05-03 10:16:58 | INFO |   penalized_objective: 0.369903
2026-05-03 10:16:58 | INFO |   mple_loss_without_penalty: 0.363454
2026-05-03 10:16:58 | INFO |   lambda_uv_ridge: 0.001000
2026-05-03 10:16:58 | INFO |   u_frobenius_norm: 1174.751831
2026-05-03 10:16:58 | INFO |   v_frobenius_norm: 2.828427
2026-05-03 10:16:58 | INFO |   effective_rank: 8.000000
2026-05-03 10:16:58 | INFO | Field and interaction diagnostics:
2026-05-03 10:16:58 | INFO |   estimated_field_max_abs_entry: 38.749796
2026-05-03 10:16:58 | INFO |   estimated_field_rank: 8.000000
2026-05-03 10:16:58 | INFO | Saved summary table to /orcd/home/002/phevosp/MPLE-Causal-Inference/experiments/USCountyVaccination/outcome_death_rate_100k_ge_2__intervention_complete_cov_ge_30__lag_2w__contiguity__start_2021_01_03/fits/alternating_rank_8_uv_1_e3_beta_mask/mple_summary.csv
2026-05-03 10:16:58 | INFO | Log saved to /orcd/home/002/phevosp/MPLE-Causal-Inference/experiments/USCountyVaccination/outcome_death_rate_100k_ge_2__intervention_complete_cov_ge_30__lag_2w__contiguity__start_2021_01_03/fits/alternating_rank_8_uv_1_e3_beta_mask/mple.log
