2026-04-01 10:20:31 | INFO | Loading data...
2026-04-01 10:20:31 | INFO | Loaded 11 field templates and 1 interaction templates.
2026-04-01 10:20:31 | INFO | Running conditional-model MPLE on x with shape=(100, 1000)
2026-04-01 10:20:31 | INFO | Eval 0  |  Loss: 0.737891
2026-04-01 10:20:31 | INFO |   field::intercept: +0.0126,  field::linear::feature_1: -0.0132,  field::quadratic::feature_1: +0.0640,  field::linear::feature_2: +0.0105,  field::quadratic::feature_2: -0.0536,  field::linear::feature_3: +0.0362,  field::quadratic::feature_3: +0.1304,  field::linear::feature_4: +0.0947,  field::quadratic::feature_4: -0.0704,  field::linear::feature_5: -0.1265,  field::quadratic::feature_5: -0.0623,  beta: +0.0041,  interaction::adjacency: -0.2325,  eta: -0.0219,  zeta: -0.1246,  psi: -0.0732
2026-04-01 10:20:32 | INFO | Done fitting.
2026-04-01 10:20:32 | INFO | Optimizer status: CONVERGENCE: RELATIVE REDUCTION OF F <= FACTR*EPSMCH
2026-04-01 10:20:32 | INFO | Final Loss: 0.270733
2026-04-01 10:20:32 | INFO | Estimated vs True Parameters:
2026-04-01 10:20:32 | INFO |   field::intercept: 0.4515 (True: 0.4250)
2026-04-01 10:20:32 | INFO |   field::intercept SQE: 0.000701
2026-04-01 10:20:32 | INFO |   field::linear::feature_1: 0.1849 (True: 0.2200)
2026-04-01 10:20:32 | INFO |   field::linear::feature_1 SQE: 0.001235
2026-04-01 10:20:32 | INFO |   field::quadratic::feature_1: 0.6774 (True: 0.6750)
2026-04-01 10:20:32 | INFO |   field::quadratic::feature_1 SQE: 0.000006
2026-04-01 10:20:32 | INFO |   field::linear::feature_2: 0.9313 (True: 0.9200)
2026-04-01 10:20:32 | INFO |   field::linear::feature_2 SQE: 0.000128
2026-04-01 10:20:32 | INFO |   field::quadratic::feature_2: -0.7397 (True: -0.7500)
2026-04-01 10:20:32 | INFO |   field::quadratic::feature_2 SQE: 0.000105
2026-04-01 10:20:32 | INFO |   field::linear::feature_3: 0.4474 (True: 0.4400)
2026-04-01 10:20:32 | INFO |   field::linear::feature_3 SQE: 0.000055
2026-04-01 10:20:32 | INFO |   field::quadratic::feature_3: -0.1791 (True: -0.1750)
2026-04-01 10:20:32 | INFO |   field::quadratic::feature_3 SQE: 0.000017
2026-04-01 10:20:32 | INFO |   field::linear::feature_4: 0.5303 (True: 0.5000)
2026-04-01 10:20:32 | INFO |   field::linear::feature_4 SQE: 0.000916
2026-04-01 10:20:32 | INFO |   field::quadratic::feature_4: -0.1145 (True: -0.0750)
2026-04-01 10:20:32 | INFO |   field::quadratic::feature_4 SQE: 0.001558
2026-04-01 10:20:32 | INFO |   field::linear::feature_5: 0.2941 (True: 0.2400)
2026-04-01 10:20:32 | INFO |   field::linear::feature_5 SQE: 0.002930
2026-04-01 10:20:32 | INFO |   field::quadratic::feature_5: 0.8753 (True: 0.8550)
2026-04-01 10:20:32 | INFO |   field::quadratic::feature_5 SQE: 0.000414
2026-04-01 10:20:32 | INFO |   beta: 1.0963 (True: 1.1000)
2026-04-01 10:20:32 | INFO |   beta SQE: 0.000014
2026-04-01 10:20:32 | INFO |   interaction::adjacency: 1.9808 (True: 2.0000)
2026-04-01 10:20:32 | INFO |   interaction::adjacency SQE: 0.000367
2026-04-01 10:20:32 | INFO |   eta: 0.6835 (True: 0.7000)
2026-04-01 10:20:32 | INFO |   eta SQE: 0.000273
2026-04-01 10:20:32 | INFO |   zeta: -0.9884 (True: -1.0000)
2026-04-01 10:20:32 | INFO |   zeta SQE: 0.000135
2026-04-01 10:20:32 | INFO |   psi: 0.4057 (True: 0.4000)
2026-04-01 10:20:32 | INFO |   psi SQE: 0.000032
2026-04-01 10:20:32 | INFO | Saved summary tables to C:\Users\phevo\Documents\MIT\Code\MPLE-Causal-Inference\experiments\n1000_t100_low_temp_fro_medium_shared_feature_field_known_graph_20260331_234451\mple_summary.csv and C:\Users\phevo\Documents\MIT\Code\MPLE-Causal-Inference\experiments\n1000_t100_low_temp_fro_medium_shared_feature_field_known_graph_20260331_234451\mple_summary.md
2026-04-01 10:20:32 | INFO | Log saved to C:\Users\phevo\Documents\MIT\Code\MPLE-Causal-Inference\experiments\n1000_t100_low_temp_fro_medium_shared_feature_field_known_graph_20260331_234451\mple.log
