2026-05-01 00:04:24 | INFO | Loading data...
2026-05-01 00:04:24 | INFO | Using panel artifact: /orcd/home/002/phevosp/MPLE-Causal-Inference/experiments/SyntheticHybridExperiments/r5_c1_hybrid_us_county_intervention_uscounty_graph_contiguous_confounding/panel_data.npz
2026-05-01 00:04:24 | INFO | Using x_0 artifact: /orcd/home/002/phevosp/MPLE-Causal-Inference/experiments/SyntheticHybridExperiments/r5_c1_hybrid_us_county_intervention_uscounty_graph_contiguous_confounding/x_0.npy
2026-05-01 00:04:24 | INFO | Using fit config: /orcd/home/002/phevosp/MPLE-Causal-Inference/experiments/SyntheticHybridExperiments/r5_c1_hybrid_us_county_intervention_uscounty_graph_contiguous_confounding/cv_runs/alternating_uv_grid/candidates/alternating_uv_grid_candidate_0008/fold_2/fit_realized_config.yaml
2026-05-01 00:04:24 | INFO | Using model artifact directory: /orcd/home/002/phevosp/MPLE-Causal-Inference/experiments/SyntheticHybridExperiments/r5_c1_hybrid_us_county_intervention_uscounty_graph_contiguous_confounding
2026-05-01 00:04:24 | INFO | Using truth artifact directory: /orcd/home/002/phevosp/MPLE-Causal-Inference/experiments/SyntheticHybridExperiments/r5_c1_hybrid_us_county_intervention_uscounty_graph_contiguous_confounding
2026-05-01 00:04:24 | INFO | Using loss mask artifact: /orcd/home/002/phevosp/MPLE-Causal-Inference/experiments/SyntheticHybridExperiments/r5_c1_hybrid_us_county_intervention_uscounty_graph_contiguous_confounding/cv_runs/alternating_uv_grid/candidates/alternating_uv_grid_candidate_0008/fold_2/loss_mask.npy
2026-05-01 00:04:24 | INFO | Configured optimizer mode: alternating_latent_rank
2026-05-01 00:04:24 | INFO | Configured latent rank: 5
2026-05-01 00:04:24 | INFO | Using a fixed known graph with scalar xi.
2026-05-01 00:04:24 | INFO | Fit-time hard bounds active: False
2026-05-01 00:04:24 | INFO | Fixed scalar parameters: {}
2026-05-01 00:04:24 | INFO | Warm-start fixed scalars: {} for 0 steps
2026-05-01 00:04:24 | INFO | Beta mask before s: True with s=55
2026-05-01 00:04:24 | INFO | Beta mask after e: True with e=120
2026-05-01 00:04:24 | INFO | Alternating V-column L2-ball constraint active with radius 1.0
2026-05-01 00:04:24 | INFO | Optimizer settings: steps=2000, tol=1e-07, n_starts=1, seed=0, lambda_nuclear=0.0, lambda_frobenius=0.0, lambda_uv_ridge=1.0, v_column_l2_max=1.0, proximal_lr=1.0
2026-05-01 00:04:24 | INFO | Alternating low-rank start 1/1 | seed=0 | initial_loss=0.697832 | initial_penalized=0.697869
2026-05-01 00:04:24 | INFO | Alternating low-rank iter 0 | Loss: 0.618527 | Penalized: 0.628930
2026-05-01 00:04:38 | INFO | Alternating low-rank iter 100 | Loss: 0.596563 | Penalized: 0.612561
2026-05-01 00:04:49 | INFO | Done fitting.
2026-05-01 00:04:49 | INFO | Optimizer status: CONVERGED: alternating objective tolerance reached
2026-05-01 00:04:49 | INFO | Best optimizer start: 1 / 1
2026-05-01 00:04:49 | INFO | Final Loss: 0.596454
2026-05-01 00:04:49 | INFO | Estimated vs True Parameters:
2026-05-01 00:04:49 | INFO |   beta: -0.0933 (True: -0.3000) | SQE: 0.042736
2026-05-01 00:04:49 | INFO |   xi: 0.8480 (True: 0.8000) | SQE: 0.002303
2026-05-01 00:04:49 | INFO |   eta: 0.2810 (True: 0.3000) | SQE: 0.000363
2026-05-01 00:04:49 | INFO | Alternating low-rank optimizer diagnostics:
2026-05-01 00:04:49 | INFO |   penalized_objective: 0.612469
2026-05-01 00:04:49 | INFO |   mple_loss_without_penalty: 0.596454
2026-05-01 00:04:49 | INFO |   lambda_uv_ridge: 1.000000
2026-05-01 00:04:49 | INFO |   u_frobenius_norm: 66.988323
2026-05-01 00:04:49 | INFO |   v_frobenius_norm: 2.236068
2026-05-01 00:04:49 | INFO |   effective_rank: 4.000000
2026-05-01 00:04:49 | INFO | Field and interaction diagnostics:
2026-05-01 00:04:49 | INFO |   field_rmse: 0.415571
2026-05-01 00:04:49 | INFO |   interaction_fro_error: 0.453818
2026-05-01 00:04:49 | INFO |   estimated_field_max_abs_entry: 0.723248
2026-05-01 00:04:49 | INFO |   estimated_field_rank: 4.000000
2026-05-01 00:04:49 | INFO |   true_field_max_abs_entry: 2.906201
2026-05-01 00:04:49 | INFO |   true_field_rank: 5.000000
2026-05-01 00:04:49 | INFO | Saved summary table to /orcd/home/002/phevosp/MPLE-Causal-Inference/experiments/SyntheticHybridExperiments/r5_c1_hybrid_us_county_intervention_uscounty_graph_contiguous_confounding/cv_runs/alternating_uv_grid/candidates/alternating_uv_grid_candidate_0008/fold_2/mple_summary.csv
2026-05-01 00:04:49 | INFO | Log saved to /orcd/home/002/phevosp/MPLE-Causal-Inference/experiments/SyntheticHybridExperiments/r5_c1_hybrid_us_county_intervention_uscounty_graph_contiguous_confounding/cv_runs/alternating_uv_grid/candidates/alternating_uv_grid_candidate_0008/fold_2/mple.log
