2026-06-11 23:13:50 | INFO | Loading data...
2026-06-11 23:13:50 | INFO | Using panel artifact: /orcd/home/002/phevosp/MPLE-Causal-Inference/experiments/SyntheticNoInterference/synth_no_interference_1/panel_data.npz
2026-06-11 23:13:50 | INFO | Using x_0 artifact: /orcd/home/002/phevosp/MPLE-Causal-Inference/experiments/SyntheticNoInterference/synth_no_interference_1/x_0.npy
2026-06-11 23:13:50 | INFO | Using fit config: /orcd/home/002/phevosp/MPLE-Causal-Inference/experiments/SyntheticNoInterference/synth_no_interference_1/fits/base/fit_realized_config.yaml
2026-06-11 23:13:50 | INFO | Using model artifact directory: /orcd/home/002/phevosp/MPLE-Causal-Inference/experiments/SyntheticNoInterference/synth_no_interference_1
2026-06-11 23:13:50 | INFO | Using truth artifact directory: /orcd/home/002/phevosp/MPLE-Causal-Inference/experiments/SyntheticNoInterference/synth_no_interference_1
2026-06-11 23:13:50 | INFO | Configured optimizer mode: no_external_field
2026-06-11 23:13:50 | INFO | Configured latent rank: 0
2026-06-11 23:13:50 | INFO | Using a fixed known graph with scalar xi.
2026-06-11 23:13:50 | INFO | Fit-time hard bounds active: False
2026-06-11 23:13:50 | INFO | Fixed scalar parameters: {}
2026-06-11 23:13:50 | INFO | Warm-start fixed scalars: {} for 0 steps
2026-06-11 23:13:50 | INFO | Beta-gradient mask before s: False with s=0
2026-06-11 23:13:50 | INFO | Beta-gradient mask after e: False with e=11
2026-06-11 23:13:50 | INFO | Ignoring v_column_l2_max=1.0 for optimizer_mode=no_external_field
2026-06-11 23:13:50 | INFO | Optimizer settings: steps=20000, tol=1e-09, n_starts=1, seed=0, lambda_nuclear=0.0, lambda_frobenius=0.0, lambda_uv_ridge=0.0, v_column_l2_max=1.0, proximal_lr=1.0
2026-06-11 23:13:50 | INFO | Done fitting.
2026-06-11 23:13:50 | INFO | Optimizer status: Optimization terminated successfully.
2026-06-11 23:13:50 | INFO | Best optimizer start: 1 / 1
2026-06-11 23:13:50 | INFO | Final Loss: 0.659949
2026-06-11 23:13:50 | INFO | Estimated vs True Parameters:
2026-06-11 23:13:50 | INFO |   beta: -0.1440 (True: -0.3000) | SQE: 0.024330
2026-06-11 23:13:50 | INFO |   xi: -0.1748 (True: 0.0000) | SQE: 0.030544
2026-06-11 23:13:50 | INFO |   eta: 0.2216 (True: 0.3000) | SQE: 0.006143
2026-06-11 23:13:50 | INFO | Field and interaction diagnostics:
2026-06-11 23:13:50 | INFO |   field_rmse: 0.750000
2026-06-11 23:13:50 | INFO |   interaction_fro_error: 0.619159
2026-06-11 23:13:50 | INFO |   estimated_field_max_abs_entry: 0.000000
2026-06-11 23:13:50 | INFO |   estimated_field_rank: 0.000000
2026-06-11 23:13:50 | INFO |   true_field_max_abs_entry: 4.447602
2026-06-11 23:13:50 | INFO |   true_field_rank: 3.000000
2026-06-11 23:13:50 | INFO | Saved summary table to /orcd/home/002/phevosp/MPLE-Causal-Inference/experiments/SyntheticNoInterference/synth_no_interference_1/fits/base/mple_summary.csv
2026-06-11 23:13:50 | INFO | Log saved to /orcd/home/002/phevosp/MPLE-Causal-Inference/experiments/SyntheticNoInterference/synth_no_interference_1/fits/base/mple.log
