2026-08-27 10:29:03 | INFO | Loading data...
2026-08-27 10:29:03 | INFO | Using panel artifact: /orcd/home/002/phevosp/MPLE-Causal-Inference/experiments/SyntheticSNN/interference_confounding_beta_015_xi_080/panel_data.npz
2026-08-27 10:29:03 | INFO | Using x_0 artifact: /orcd/home/002/phevosp/MPLE-Causal-Inference/experiments/SyntheticSNN/interference_confounding_beta_015_xi_080/x_0.npy
2026-08-27 10:29:03 | INFO | Using fit config: /orcd/home/002/phevosp/MPLE-Causal-Inference/experiments/SyntheticSNN/interference_confounding_beta_015_xi_080/cv_runs/default/candidates/default_candidate_0006/fold_2/fit_realized_config.yaml
2026-08-27 10:29:03 | INFO | Using model artifact directory: /orcd/home/002/phevosp/MPLE-Causal-Inference/experiments/SyntheticSNN/interference_confounding_beta_015_xi_080
2026-08-27 10:29:03 | INFO | Using truth artifact directory: /orcd/home/002/phevosp/MPLE-Causal-Inference/experiments/SyntheticSNN/interference_confounding_beta_015_xi_080
2026-08-27 10:29:03 | INFO | Using loss mask artifact: /orcd/home/002/phevosp/MPLE-Causal-Inference/experiments/SyntheticSNN/interference_confounding_beta_015_xi_080/cv_runs/default/candidates/default_candidate_0006/fold_2/loss_mask.npy
2026-08-27 10:29:03 | INFO | Configured optimizer mode: alternating_latent_rank
2026-08-27 10:29:03 | INFO | Configured latent rank: 3
2026-08-27 10:29:03 | INFO | Using a fixed known graph with scalar xi.
2026-08-27 10:29:03 | INFO | Fit-time hard bounds active: False
2026-08-27 10:29:03 | INFO | Fixed scalar parameters: {}
2026-08-27 10:29:03 | INFO | Warm-start fixed scalars: {} for 0 steps
2026-08-27 10:29:03 | INFO | Beta-gradient mask before s: True with s=0
2026-08-27 10:29:03 | INFO | Beta-gradient mask after e: True with e=12
2026-08-27 10:29:03 | INFO | Alternating V-column L2-ball constraint active with radius 1.0
2026-08-27 10:29:03 | INFO | Optimizer settings: steps=2000, tol=1e-07, n_starts=1, seed=0, lambda_nuclear=0.0, lambda_frobenius=0.0, lambda_uv_ridge=0.5, v_column_l2_max=1.0, proximal_lr=1.0
2026-08-27 10:29:03 | INFO | Alternating low-rank start 1/1 | seed=0 | initial_loss=0.747641 | initial_penalized=0.747799
2026-08-27 10:29:03 | INFO | Alternating low-rank iter 0 | Loss: 0.596266 | Penalized: 0.618996
2026-08-27 10:29:04 | INFO | Done fitting.
2026-08-27 10:29:04 | INFO | Optimizer status: CONVERGED: alternating objective tolerance reached
2026-08-27 10:29:04 | INFO | Best optimizer start: 1 / 1
2026-08-27 10:29:04 | INFO | Final Loss: 0.574150
2026-08-27 10:29:04 | INFO | Estimated vs True Parameters:
2026-08-27 10:29:04 | INFO |   beta: 0.1442 (True: 0.1500) | SQE: 0.000034
2026-08-27 10:29:04 | INFO |   xi: 0.7086 (True: 0.8000) | SQE: 0.008355
2026-08-27 10:29:04 | INFO |   eta: 0.0893 (True: 0.1000) | SQE: 0.000115
2026-08-27 10:29:04 | INFO | Alternating low-rank optimizer diagnostics:
2026-08-27 10:29:04 | INFO |   penalized_objective: 0.609677
2026-08-27 10:29:04 | INFO |   mple_loss_without_penalty: 0.574150
2026-08-27 10:29:04 | INFO |   lambda_uv_ridge: 0.500000
2026-08-27 10:29:04 | INFO |   u_frobenius_norm: 32.090903
2026-08-27 10:29:04 | INFO |   v_frobenius_norm: 1.732051
2026-08-27 10:29:04 | INFO |   effective_rank: 3.000000
2026-08-27 10:29:04 | INFO | Field and interaction diagnostics:
2026-08-27 10:29:04 | INFO |   field_rmse: 0.590833
2026-08-27 10:29:04 | INFO |   interaction_fro_error: 0.390034
2026-08-27 10:29:04 | INFO |   estimated_field_max_abs_entry: 0.759123
2026-08-27 10:29:04 | INFO |   estimated_field_rank: 3.000000
2026-08-27 10:29:04 | INFO |   true_field_max_abs_entry: 5.073226
2026-08-27 10:29:04 | INFO |   true_field_rank: 3.000000
2026-08-27 10:29:04 | INFO | Saved summary table to /orcd/home/002/phevosp/MPLE-Causal-Inference/experiments/SyntheticSNN/interference_confounding_beta_015_xi_080/cv_runs/default/candidates/default_candidate_0006/fold_2/mple_summary.csv
2026-08-27 10:29:04 | INFO | Log saved to /orcd/home/002/phevosp/MPLE-Causal-Inference/experiments/SyntheticSNN/interference_confounding_beta_015_xi_080/cv_runs/default/candidates/default_candidate_0006/fold_2/mple.log
