2026-04-07 11:30:45 | INFO | Loading data...
2026-04-07 11:30:45 | INFO | Loaded 6 field templates and 1 interaction templates.
2026-04-07 11:30:45 | INFO | Intervention-process model enabled: True
2026-04-07 11:30:45 | INFO | Tau zero-mean enabled: True
2026-04-07 11:30:45 | INFO | Tau smoothness lambda: 0.000000
2026-04-07 11:30:45 | INFO | Running conditional-model MPLE on x with shape=(66, 3203)
2026-04-07 11:30:45 | INFO | Eval 0  |  Loss: 0.686037
2026-04-07 11:30:45 | INFO |   field::log_population: +0.0126,  field::median_household_income: -0.0132,  field::poverty_rate: +0.0640,  field::pct_black: +0.0105,  field::pct_hispanic: -0.0536,  field::pct_in_labor_force: +0.0362,  tau block: mean=+0.0000, std=0.0971, min=-0.2414, max=+0.1872,  beta: +0.1004,  interaction::contiguity: -0.0618,  eta: +0.1822,  zeta: -0.1320,  psi: -0.0662
2026-04-07 11:30:48 | INFO | Done fitting.
2026-04-07 11:30:48 | INFO | Optimizer status: CONVERGENCE: RELATIVE REDUCTION OF F <= FACTR*EPSMCH
2026-04-07 11:30:48 | INFO | Final Loss: 0.177853
2026-04-07 11:30:48 | INFO | Estimated Parameters:
2026-04-07 11:30:48 | INFO |   field::log_population: 0.2656
2026-04-07 11:30:48 | INFO |   field::median_household_income: -0.1924
2026-04-07 11:30:48 | INFO |   field::poverty_rate: -0.0478
2026-04-07 11:30:48 | INFO |   field::pct_black: -0.1454
2026-04-07 11:30:48 | INFO |   field::pct_hispanic: -0.0656
2026-04-07 11:30:48 | INFO |   field::pct_in_labor_force: 0.0957
2026-04-07 11:30:48 | INFO |   tau::t_0: -0.0873
2026-04-07 11:30:48 | INFO |   tau::t_1: -0.2018
2026-04-07 11:30:48 | INFO |   tau::t_2: 0.0791
2026-04-07 11:30:48 | INFO |   tau::t_3: -0.1209
2026-04-07 11:30:48 | INFO |   tau::t_4: 0.0107
2026-04-07 11:30:48 | INFO |   tau::t_5: 0.0080
2026-04-07 11:30:48 | INFO |   tau::t_6: 0.0825
2026-04-07 11:30:48 | INFO |   tau::t_7: -0.0281
2026-04-07 11:30:48 | INFO |   tau::t_8: 0.0769
2026-04-07 11:30:48 | INFO |   tau::t_9: -0.0158
2026-04-07 11:30:48 | INFO |   tau::t_10: -0.1262
2026-04-07 11:30:48 | INFO |   tau::t_11: -0.0942
2026-04-07 11:30:48 | INFO |   tau::t_12: -0.1926
2026-04-07 11:30:48 | INFO |   tau::t_13: -0.2645
2026-04-07 11:30:48 | INFO |   tau::t_14: -0.2979
2026-04-07 11:30:48 | INFO |   tau::t_15: -0.2613
2026-04-07 11:30:48 | INFO |   tau::t_16: -0.4935
2026-04-07 11:30:48 | INFO |   tau::t_17: -0.2778
2026-04-07 11:30:48 | INFO |   tau::t_18: -0.4860
2026-04-07 11:30:48 | INFO |   tau::t_19: -0.4291
2026-04-07 11:30:48 | INFO |   tau::t_20: -0.3639
2026-04-07 11:30:48 | INFO |   tau::t_21: -0.1443
2026-04-07 11:30:48 | INFO |   tau::t_22: -0.0196
2026-04-07 11:30:48 | INFO |   tau::t_23: 0.1485
2026-04-07 11:30:48 | INFO |   tau::t_24: 0.2002
2026-04-07 11:30:48 | INFO |   tau::t_25: 0.2303
2026-04-07 11:30:48 | INFO |   tau::t_26: 0.2710
2026-04-07 11:30:48 | INFO |   tau::t_27: 0.1761
2026-04-07 11:30:48 | INFO |   tau::t_28: 0.2610
2026-04-07 11:30:48 | INFO |   tau::t_29: 0.2352
2026-04-07 11:30:48 | INFO |   tau::t_30: 0.1318
2026-04-07 11:30:48 | INFO |   tau::t_31: 0.2697
2026-04-07 11:30:48 | INFO |   tau::t_32: 0.2213
2026-04-07 11:30:48 | INFO |   tau::t_33: 0.0639
2026-04-07 11:30:48 | INFO |   tau::t_34: -0.0334
2026-04-07 11:30:48 | INFO |   tau::t_35: -0.1461
2026-04-07 11:30:48 | INFO |   tau::t_36: -0.1032
2026-04-07 11:30:48 | INFO |   tau::t_37: -0.1429
2026-04-07 11:30:48 | INFO |   tau::t_38: -0.1003
2026-04-07 11:30:48 | INFO |   tau::t_39: -0.0132
2026-04-07 11:30:48 | INFO |   tau::t_40: 0.0100
2026-04-07 11:30:48 | INFO |   tau::t_41: -0.3162
2026-04-07 11:30:48 | INFO |   tau::t_42: 0.3367
2026-04-07 11:30:48 | INFO |   tau::t_43: 0.0107
2026-04-07 11:30:48 | INFO |   tau::t_44: -0.0137
2026-04-07 11:30:48 | INFO |   tau::t_45: 0.0222
2026-04-07 11:30:48 | INFO |   tau::t_46: 0.4530
2026-04-07 11:30:48 | INFO |   tau::t_47: 0.7612
2026-04-07 11:30:48 | INFO |   tau::t_48: 0.7106
2026-04-07 11:30:48 | INFO |   tau::t_49: 0.8782
2026-04-07 11:30:48 | INFO |   tau::t_50: 0.8598
2026-04-07 11:30:48 | INFO |   tau::t_51: 0.6473
2026-04-07 11:30:48 | INFO |   tau::t_52: 0.1817
2026-04-07 11:30:48 | INFO |   tau::t_53: -0.1695
2026-04-07 11:30:48 | INFO |   tau::t_54: -0.4173
2026-04-07 11:30:48 | INFO |   tau::t_55: -0.3579
2026-04-07 11:30:48 | INFO |   tau::t_56: -0.3370
2026-04-07 11:30:48 | INFO |   tau::t_57: -0.2701
2026-04-07 11:30:48 | INFO |   tau::t_58: -0.2472
2026-04-07 11:30:48 | INFO |   tau::t_59: -0.2993
2026-04-07 11:30:48 | INFO |   tau::t_60: -0.1965
2026-04-07 11:30:48 | INFO |   tau::t_61: -0.2250
2026-04-07 11:30:48 | INFO |   tau::t_62: -0.0076
2026-04-07 11:30:48 | INFO |   tau::t_63: -0.0786
2026-04-07 11:30:48 | INFO |   tau::t_64: 0.0117
2026-04-07 11:30:48 | INFO |   tau::t_65: 0.0307
2026-04-07 11:30:48 | INFO |   beta: 0.0696
2026-04-07 11:30:48 | INFO |   interaction::contiguity: 2.4749
2026-04-07 11:30:48 | INFO |   eta: 0.5110
2026-04-07 11:30:48 | INFO |   zeta: -0.0748
2026-04-07 11:30:48 | INFO |   psi: 2.0887
2026-04-07 11:30:48 | INFO | Saved summary tables to C:\Users\phevo\Documents\MIT\Code\MPLE-Causal-Inference\experiments\USCountyVaccination_US_tau_zero_mean\outcome_case_rate_100k_ge_100__intervention_complete_cov_ge_10__lag_4w__contiguity\mple_summary.csv and C:\Users\phevo\Documents\MIT\Code\MPLE-Causal-Inference\experiments\USCountyVaccination_US_tau_zero_mean\outcome_case_rate_100k_ge_100__intervention_complete_cov_ge_10__lag_4w__contiguity\mple_summary.md
2026-04-07 11:30:48 | INFO | Log saved to C:\Users\phevo\Documents\MIT\Code\MPLE-Causal-Inference\experiments\USCountyVaccination_US_tau_zero_mean\outcome_case_rate_100k_ge_100__intervention_complete_cov_ge_10__lag_4w__contiguity\mple.log
