2026-07-26 05:47:54 | INFO | Loading data...
2026-07-26 05:47:54 | INFO | Using panel artifact: /orcd/home/002/phevosp/MPLE-Causal-Inference/experiments/Synthetic/confounding_strong/panel_data.npz
2026-07-26 05:47:54 | INFO | Using x_0 artifact: /orcd/home/002/phevosp/MPLE-Causal-Inference/experiments/Synthetic/confounding_strong/x_0.npy
2026-07-26 05:47:54 | INFO | Using fit config: /orcd/home/002/phevosp/MPLE-Causal-Inference/experiments/Synthetic/confounding_strong/cv_runs_baselines/treatment_split/candidates/treatment_split_candidate_0006/fold_5/fit_realized_config.yaml
2026-07-26 05:47:54 | INFO | Using model artifact directory: /orcd/home/002/phevosp/MPLE-Causal-Inference/experiments/Synthetic/confounding_strong
2026-07-26 05:47:54 | INFO | Using truth artifact directory: /orcd/home/002/phevosp/MPLE-Causal-Inference/experiments/Synthetic/confounding_strong
2026-07-26 05:47:54 | INFO | Using loss mask artifact: /orcd/home/002/phevosp/MPLE-Causal-Inference/experiments/Synthetic/confounding_strong/cv_runs_baselines/treatment_split/candidates/treatment_split_candidate_0006/fold_5/loss_mask.npy
2026-07-26 05:47:54 | INFO | Configured optimizer mode: alternating_treatment_split_latent_rank
2026-07-26 05:47:54 | INFO | Configured latent rank: 1
2026-07-26 05:47:54 | INFO | Using a fixed known graph with scalar xi.
2026-07-26 05:47:54 | INFO | Fit-time hard bounds active: False
2026-07-26 05:47:54 | INFO | Fixed scalar parameters: {'beta': 0.0, 'xi': 0.0, 'eta': 0.0}
2026-07-26 05:47:54 | INFO | Warm-start fixed scalars: {} for 0 steps
2026-07-26 05:47:54 | INFO | Beta-gradient mask before s: False with s=0
2026-07-26 05:47:54 | INFO | Beta-gradient mask after e: False with e=11
2026-07-26 05:47:54 | INFO | Alternating V-column L2-ball constraint active with radius 1.0
2026-07-26 05:47:54 | INFO | Optimizer settings: steps=2000, tol=1e-07, n_starts=1, seed=0, lambda_nuclear=0.0, lambda_frobenius=0.0, lambda_uv_ridge=0.5, v_column_l2_max=1.0, proximal_lr=1.0
2026-07-26 05:47:54 | INFO | Treatment-split alternating low-rank start 1/1 | seed=0 | initial_loss=0.693101 | initial_penalized=0.693199
2026-07-26 05:47:54 | INFO | Treatment-split alternating low-rank iter 0 | Loss: 0.691251 | Penalized: 0.691409
2026-07-26 05:47:55 | INFO | Done fitting.
2026-07-26 05:47:55 | INFO | Optimizer status: CONVERGED: alternating treatment objective tolerance reached
2026-07-26 05:47:55 | INFO | Best optimizer start: 1 / 1
2026-07-26 05:47:55 | INFO | Final Loss: 0.657824
2026-07-26 05:47:55 | INFO | Estimated vs True Parameters:
2026-07-26 05:47:55 | INFO |   beta: 0.0000 (True: -0.3000) | SQE: 0.090000
2026-07-26 05:47:55 | INFO |   xi: 0.0000 (True: 0.8000) | SQE: 0.640000
2026-07-26 05:47:55 | INFO |   eta: 0.0000 (True: 0.3000) | SQE: 0.090000
2026-07-26 05:47:55 | INFO | Treatment-split alternating low-rank optimizer diagnostics:
2026-07-26 05:47:55 | INFO |   penalized_objective: 0.672853
2026-07-26 05:47:55 | INFO |   mple_loss_without_penalty: 0.657824
2026-07-26 05:47:55 | INFO |   lambda_uv_ridge: 0.500000
2026-07-26 05:47:55 | INFO |   u_frobenius_norm: 1.414214
2026-07-26 05:47:55 | INFO |   v_frobenius_norm: 21.205513
2026-07-26 05:47:55 | INFO |   effective_rank: 50.000000
2026-07-26 05:47:55 | INFO | Field and interaction diagnostics:
2026-07-26 05:47:55 | INFO |   field_rmse: 0.707678
2026-07-26 05:47:55 | INFO |   interaction_fro_error: 2.834194
2026-07-26 05:47:55 | INFO |   estimated_field_max_abs_entry: 0.493012
2026-07-26 05:47:55 | INFO |   estimated_field_rank: 50.000000
2026-07-26 05:47:55 | INFO |   true_field_max_abs_entry: 4.447602
2026-07-26 05:47:55 | INFO |   true_field_rank: 3.000000
2026-07-26 05:47:55 | INFO | Saved summary table to /orcd/home/002/phevosp/MPLE-Causal-Inference/experiments/Synthetic/confounding_strong/cv_runs_baselines/treatment_split/candidates/treatment_split_candidate_0006/fold_5/mple_summary.csv
2026-07-26 05:47:55 | INFO | Log saved to /orcd/home/002/phevosp/MPLE-Causal-Inference/experiments/Synthetic/confounding_strong/cv_runs_baselines/treatment_split/candidates/treatment_split_candidate_0006/fold_5/mple.log
