2026-06-08 17:15:57 | INFO | Loading data...
2026-06-08 17:15:57 | INFO | Using panel artifact: /orcd/home/002/phevosp/MPLE-Causal-Inference/experiments/Synthetic/confounding_strong/panel_data.npz
2026-06-08 17:15:57 | INFO | Using x_0 artifact: /orcd/home/002/phevosp/MPLE-Causal-Inference/experiments/Synthetic/confounding_strong/x_0.npy
2026-06-08 17:15:57 | INFO | Using fit config: /orcd/home/002/phevosp/MPLE-Causal-Inference/experiments/Synthetic/confounding_strong/cv_runs/xi_zero/candidates/xi_zero_candidate_0006/fold_6/fit_realized_config.yaml
2026-06-08 17:15:57 | INFO | Using model artifact directory: /orcd/home/002/phevosp/MPLE-Causal-Inference/experiments/Synthetic/confounding_strong
2026-06-08 17:15:57 | INFO | Using truth artifact directory: /orcd/home/002/phevosp/MPLE-Causal-Inference/experiments/Synthetic/confounding_strong
2026-06-08 17:15:57 | INFO | Using loss mask artifact: /orcd/home/002/phevosp/MPLE-Causal-Inference/experiments/Synthetic/confounding_strong/cv_runs/xi_zero/candidates/xi_zero_candidate_0006/fold_6/loss_mask.npy
2026-06-08 17:15:57 | INFO | Configured optimizer mode: alternating_latent_rank
2026-06-08 17:15:57 | INFO | Configured latent rank: 3
2026-06-08 17:15:57 | INFO | Using a fixed known graph with scalar xi.
2026-06-08 17:15:57 | INFO | Fit-time hard bounds active: False
2026-06-08 17:15:57 | INFO | Fixed scalar parameters: {'xi': 0.0}
2026-06-08 17:15:57 | INFO | Warm-start fixed scalars: {} for 0 steps
2026-06-08 17:15:57 | INFO | Beta mask before s: True with s=0
2026-06-08 17:15:57 | INFO | Beta mask after e: True with e=11
2026-06-08 17:15:57 | INFO | Alternating V-column L2-ball constraint active with radius 1.0
2026-06-08 17:15:57 | INFO | Optimizer settings: steps=2000, tol=1e-07, n_starts=1, seed=0, lambda_nuclear=0.0, lambda_frobenius=0.0, lambda_uv_ridge=0.5, v_column_l2_max=1.0, proximal_lr=1.0
2026-06-08 17:15:57 | INFO | Alternating low-rank start 1/1 | seed=0 | initial_loss=0.730477 | initial_penalized=0.730629
2026-06-08 17:15:57 | INFO | Alternating low-rank iter 0 | Loss: 0.612015 | Penalized: 0.632697
2026-06-08 17:15:57 | INFO | Done fitting.
2026-06-08 17:15:57 | INFO | Optimizer status: CONVERGED: alternating objective tolerance reached
2026-06-08 17:15:57 | INFO | Best optimizer start: 1 / 1
2026-06-08 17:15:57 | INFO | Final Loss: 0.577098
2026-06-08 17:15:57 | INFO | Estimated vs True Parameters:
2026-06-08 17:15:57 | INFO |   beta: -0.1728 (True: -0.3000) | SQE: 0.016192
2026-06-08 17:15:57 | INFO |   xi: 0.0000 (True: 0.8000) | SQE: 0.640000
2026-06-08 17:15:57 | INFO |   eta: 0.2317 (True: 0.3000) | SQE: 0.004672
2026-06-08 17:15:57 | INFO | Alternating low-rank optimizer diagnostics:
2026-06-08 17:15:57 | INFO |   penalized_objective: 0.611045
2026-06-08 17:15:57 | INFO |   mple_loss_without_penalty: 0.577098
2026-06-08 17:15:57 | INFO |   lambda_uv_ridge: 0.500000
2026-06-08 17:15:57 | INFO |   u_frobenius_norm: 31.893033
2026-06-08 17:15:57 | INFO |   v_frobenius_norm: 1.732051
2026-06-08 17:15:57 | INFO |   effective_rank: 3.000000
2026-06-08 17:15:57 | INFO | Field and interaction diagnostics:
2026-06-08 17:15:57 | INFO |   field_rmse: 0.599598
2026-06-08 17:15:57 | INFO |   interaction_fro_error: 2.834194
2026-06-08 17:15:57 | INFO |   estimated_field_max_abs_entry: 0.893314
2026-06-08 17:15:57 | INFO |   estimated_field_rank: 3.000000
2026-06-08 17:15:57 | INFO |   true_field_max_abs_entry: 4.447602
2026-06-08 17:15:57 | INFO |   true_field_rank: 3.000000
2026-06-08 17:15:57 | INFO | Saved summary table to /orcd/home/002/phevosp/MPLE-Causal-Inference/experiments/Synthetic/confounding_strong/cv_runs/xi_zero/candidates/xi_zero_candidate_0006/fold_6/mple_summary.csv
2026-06-08 17:15:57 | INFO | Log saved to /orcd/home/002/phevosp/MPLE-Causal-Inference/experiments/Synthetic/confounding_strong/cv_runs/xi_zero/candidates/xi_zero_candidate_0006/fold_6/mple.log
