2026-05-06 01:49:26 | INFO | Loading data...
2026-05-06 01:49:26 | INFO | Using panel artifact: /orcd/home/002/phevosp/MPLE-Causal-Inference/experiments/FINAL/Synthetic/confounding_strong_7/panel_data.npz
2026-05-06 01:49:26 | INFO | Using x_0 artifact: /orcd/home/002/phevosp/MPLE-Causal-Inference/experiments/FINAL/Synthetic/confounding_strong_7/x_0.npy
2026-05-06 01:49:26 | INFO | Using fit config: /orcd/home/002/phevosp/MPLE-Causal-Inference/experiments/FINAL/Synthetic/confounding_strong_7/fits/alternating_rank_3_uv_5_e2/fit_realized_config.yaml
2026-05-06 01:49:26 | INFO | Using model artifact directory: /orcd/home/002/phevosp/MPLE-Causal-Inference/experiments/FINAL/Synthetic/confounding_strong_7
2026-05-06 01:49:26 | INFO | Using truth artifact directory: /orcd/home/002/phevosp/MPLE-Causal-Inference/experiments/FINAL/Synthetic/confounding_strong_7
2026-05-06 01:49:26 | INFO | Configured optimizer mode: alternating_latent_rank
2026-05-06 01:49:26 | INFO | Configured latent rank: 3
2026-05-06 01:49:26 | INFO | Using a fixed known graph with scalar xi.
2026-05-06 01:49:26 | INFO | Fit-time hard bounds active: False
2026-05-06 01:49:26 | INFO | Fixed scalar parameters: {}
2026-05-06 01:49:26 | INFO | Warm-start fixed scalars: {} for 0 steps
2026-05-06 01:49:26 | INFO | Beta mask before s: False with s=0
2026-05-06 01:49:26 | INFO | Beta mask after e: False with e=9
2026-05-06 01:49:26 | INFO | Alternating V-column L2-ball constraint active with radius 1.0
2026-05-06 01:49:26 | INFO | Optimizer settings: steps=20000, tol=1e-09, n_starts=1, seed=0, lambda_nuclear=0.0, lambda_frobenius=0.0, lambda_uv_ridge=0.05, v_column_l2_max=1.0, proximal_lr=1.0
2026-05-06 01:49:26 | INFO | Alternating low-rank start 1/1 | seed=0 | initial_loss=0.816039 | initial_penalized=0.816048
2026-05-06 01:49:26 | INFO | Alternating low-rank iter 0 | Loss: 0.546524 | Penalized: 0.553973
2026-05-06 01:49:27 | INFO | Alternating low-rank iter 100 | Loss: 0.490120 | Penalized: 0.510180
2026-05-06 01:49:27 | INFO | Alternating low-rank iter 200 | Loss: 0.489868 | Penalized: 0.509917
2026-05-06 01:49:28 | INFO | Alternating low-rank iter 300 | Loss: 0.489848 | Penalized: 0.509899
2026-05-06 01:49:29 | INFO | Alternating low-rank iter 400 | Loss: 0.489845 | Penalized: 0.509897
2026-05-06 01:49:30 | INFO | Done fitting.
2026-05-06 01:49:30 | INFO | Optimizer status: CONVERGED: alternating objective tolerance reached
2026-05-06 01:49:30 | INFO | Best optimizer start: 1 / 1
2026-05-06 01:49:30 | INFO | Final Loss: 0.489845
2026-05-06 01:49:30 | INFO | Estimated vs True Parameters:
2026-05-06 01:49:30 | INFO |   beta: -0.2728 (True: -0.3000) | SQE: 0.000738
2026-05-06 01:49:30 | INFO |   xi: 0.7046 (True: 0.8000) | SQE: 0.009093
2026-05-06 01:49:30 | INFO |   eta: 0.2900 (True: 0.3000) | SQE: 0.000100
2026-05-06 01:49:30 | INFO | Alternating low-rank optimizer diagnostics:
2026-05-06 01:49:30 | INFO |   penalized_objective: 0.509897
2026-05-06 01:49:30 | INFO |   mple_loss_without_penalty: 0.489845
2026-05-06 01:49:30 | INFO |   lambda_uv_ridge: 0.050000
2026-05-06 01:49:30 | INFO |   u_frobenius_norm: 100.115374
2026-05-06 01:49:30 | INFO |   v_frobenius_norm: 1.732051
2026-05-06 01:49:30 | INFO |   effective_rank: 3.000000
2026-05-06 01:49:30 | INFO | Field and interaction diagnostics:
2026-05-06 01:49:30 | INFO |   field_rmse: 0.334841
2026-05-06 01:49:30 | INFO |   interaction_fro_error: 0.339194
2026-05-06 01:49:30 | INFO |   estimated_field_max_abs_entry: 3.350845
2026-05-06 01:49:30 | INFO |   estimated_field_rank: 3.000000
2026-05-06 01:49:30 | INFO |   true_field_max_abs_entry: 5.552162
2026-05-06 01:49:30 | INFO |   true_field_rank: 3.000000
2026-05-06 01:49:30 | INFO | Saved summary table to /orcd/home/002/phevosp/MPLE-Causal-Inference/experiments/FINAL/Synthetic/confounding_strong_7/fits/alternating_rank_3_uv_5_e2/mple_summary.csv
2026-05-06 01:49:30 | INFO | Log saved to /orcd/home/002/phevosp/MPLE-Causal-Inference/experiments/FINAL/Synthetic/confounding_strong_7/fits/alternating_rank_3_uv_5_e2/mple.log
