2026-05-02 20:34:40 | INFO | Loading data...
2026-05-02 20:34:40 | INFO | Using panel artifact: /orcd/home/002/phevosp/MPLE-Causal-Inference/experiments/HybridExperiments_r5_c1_v2/r5_c1_hybrid_us_county_intervention_uscounty_graph_kernel_confounding/panel_data.npz
2026-05-02 20:34:40 | INFO | Using x_0 artifact: /orcd/home/002/phevosp/MPLE-Causal-Inference/experiments/HybridExperiments_r5_c1_v2/r5_c1_hybrid_us_county_intervention_uscounty_graph_kernel_confounding/x_0.npy
2026-05-02 20:34:40 | INFO | Using fit config: /orcd/home/002/phevosp/MPLE-Causal-Inference/experiments/HybridExperiments_r5_c1_v2/r5_c1_hybrid_us_county_intervention_uscounty_graph_kernel_confounding/cv_runs/alternating_uv_grid/candidates/alternating_uv_grid_candidate_0002/fold_4/fit_realized_config.yaml
2026-05-02 20:34:40 | INFO | Using model artifact directory: /orcd/home/002/phevosp/MPLE-Causal-Inference/experiments/HybridExperiments_r5_c1_v2/r5_c1_hybrid_us_county_intervention_uscounty_graph_kernel_confounding
2026-05-02 20:34:40 | INFO | Using truth artifact directory: /orcd/home/002/phevosp/MPLE-Causal-Inference/experiments/HybridExperiments_r5_c1_v2/r5_c1_hybrid_us_county_intervention_uscounty_graph_kernel_confounding
2026-05-02 20:34:40 | INFO | Using loss mask artifact: /orcd/home/002/phevosp/MPLE-Causal-Inference/experiments/HybridExperiments_r5_c1_v2/r5_c1_hybrid_us_county_intervention_uscounty_graph_kernel_confounding/cv_runs/alternating_uv_grid/candidates/alternating_uv_grid_candidate_0002/fold_4/loss_mask.npy
2026-05-02 20:34:40 | INFO | Configured optimizer mode: alternating_latent_rank
2026-05-02 20:34:40 | INFO | Configured latent rank: 5
2026-05-02 20:34:40 | INFO | Using a fixed known graph with scalar xi.
2026-05-02 20:34:40 | INFO | Fit-time hard bounds active: False
2026-05-02 20:34:40 | INFO | Fixed scalar parameters: {}
2026-05-02 20:34:40 | INFO | Warm-start fixed scalars: {} for 0 steps
2026-05-02 20:34:40 | INFO | Beta mask before s: True with s=50
2026-05-02 20:34:40 | INFO | Beta mask after e: True with e=115
2026-05-02 20:34:40 | INFO | Alternating V-column L2-ball constraint active with radius 1.0
2026-05-02 20:34:40 | INFO | Optimizer settings: steps=2000, tol=1e-07, n_starts=1, seed=0, lambda_nuclear=0.0, lambda_frobenius=0.0, lambda_uv_ridge=0.001, v_column_l2_max=1.0, proximal_lr=1.0
2026-05-02 20:34:40 | INFO | Alternating low-rank start 1/1 | seed=0 | initial_loss=0.772274 | initial_penalized=0.772274
2026-05-02 20:34:40 | INFO | Alternating low-rank iter 0 | Loss: 0.600734 | Penalized: 0.600797
2026-05-02 20:34:52 | INFO | Alternating low-rank iter 100 | Loss: 0.532672 | Penalized: 0.533477
2026-05-02 20:35:04 | INFO | Alternating low-rank iter 200 | Loss: 0.532155 | Penalized: 0.533186
2026-05-02 20:35:15 | INFO | Alternating low-rank iter 300 | Loss: 0.531991 | Penalized: 0.533128
2026-05-02 20:35:26 | INFO | Alternating low-rank iter 400 | Loss: 0.531908 | Penalized: 0.533099
2026-05-02 20:35:38 | INFO | Alternating low-rank iter 500 | Loss: 0.531859 | Penalized: 0.533080
2026-05-02 20:35:49 | INFO | Alternating low-rank iter 600 | Loss: 0.531828 | Penalized: 0.533066
2026-05-02 20:36:00 | INFO | Alternating low-rank iter 700 | Loss: 0.531807 | Penalized: 0.533055
2026-05-02 20:36:01 | INFO | Done fitting.
2026-05-02 20:36:01 | INFO | Optimizer status: CONVERGED: alternating objective tolerance reached
2026-05-02 20:36:01 | INFO | Best optimizer start: 1 / 1
2026-05-02 20:36:01 | INFO | Final Loss: 0.531806
2026-05-02 20:36:01 | INFO | Estimated vs True Parameters:
2026-05-02 20:36:01 | INFO |   beta: -0.0768 (True: -0.3000) | SQE: 0.049797
2026-05-02 20:36:01 | INFO |   xi: 0.9090 (True: 0.8000) | SQE: 0.011891
2026-05-02 20:36:01 | INFO |   eta: 0.3138 (True: 0.3000) | SQE: 0.000190
2026-05-02 20:36:01 | INFO | Alternating low-rank optimizer diagnostics:
2026-05-02 20:36:01 | INFO |   penalized_objective: 0.533054
2026-05-02 20:36:01 | INFO |   mple_loss_without_penalty: 0.531806
2026-05-02 20:36:01 | INFO |   lambda_uv_ridge: 0.001000
2026-05-02 20:36:01 | INFO |   u_frobenius_norm: 599.008305
2026-05-02 20:36:01 | INFO |   v_frobenius_norm: 2.236068
2026-05-02 20:36:01 | INFO |   effective_rank: 5.000000
2026-05-02 20:36:01 | INFO | Field and interaction diagnostics:
2026-05-02 20:36:01 | INFO |   field_rmse: 1.111610
2026-05-02 20:36:01 | INFO |   interaction_fro_error: 1.206502
2026-05-02 20:36:01 | INFO |   estimated_field_max_abs_entry: 51.588779
2026-05-02 20:36:01 | INFO |   estimated_field_rank: 5.000000
2026-05-02 20:36:01 | INFO |   true_field_max_abs_entry: 3.005890
2026-05-02 20:36:01 | INFO |   true_field_rank: 5.000000
2026-05-02 20:36:01 | INFO | Saved summary table to /orcd/home/002/phevosp/MPLE-Causal-Inference/experiments/HybridExperiments_r5_c1_v2/r5_c1_hybrid_us_county_intervention_uscounty_graph_kernel_confounding/cv_runs/alternating_uv_grid/candidates/alternating_uv_grid_candidate_0002/fold_4/mple_summary.csv
2026-05-02 20:36:01 | INFO | Log saved to /orcd/home/002/phevosp/MPLE-Causal-Inference/experiments/HybridExperiments_r5_c1_v2/r5_c1_hybrid_us_county_intervention_uscounty_graph_kernel_confounding/cv_runs/alternating_uv_grid/candidates/alternating_uv_grid_candidate_0002/fold_4/mple.log
