2026-04-08 12:08:19 | INFO | Loading data...
2026-04-08 12:08:19 | INFO | Loaded 6 field templates and 1 interaction templates.
2026-04-08 12:08:19 | INFO | Intervention-process model enabled: True
2026-04-08 12:08:19 | INFO | Tau zero-mean enabled: False
2026-04-08 12:08:19 | INFO | Tau smoothness lambda: 0.000000
2026-04-08 12:08:19 | INFO | Running conditional-model MPLE on x with shape=(66, 3137)
2026-04-08 12:08:19 | INFO | Eval 0  |  Loss: 0.677053
2026-04-08 12:08:19 | INFO |   field::population_density: +0.0126,  field::senior_population: -0.0132,  field::college_education: +0.0640,  field::poverty_rate: +0.0105,  field::log_population: -0.0536,  field::median_household_income: +0.0362,  tau block: mean=+0.0089, std=0.0971, min=-0.2325, max=+0.1960,  beta: +0.1004,  interaction::contiguity: -0.0618,  eta: +0.1822,  zeta: -0.1320,  psi: -0.0662
2026-04-08 12:08:22 | INFO | Done fitting.
2026-04-08 12:08:22 | INFO | Optimizer status: CONVERGENCE: RELATIVE REDUCTION OF F <= FACTR*EPSMCH
2026-04-08 12:08:22 | INFO | Final Loss: 0.154152
2026-04-08 12:08:22 | INFO | Estimated Parameters:
2026-04-08 12:08:22 | INFO |   field::population_density: -0.4119
2026-04-08 12:08:22 | INFO |   field::senior_population: -0.1956
2026-04-08 12:08:22 | INFO |   field::college_education: -0.2755
2026-04-08 12:08:22 | INFO |   field::poverty_rate: -0.1804
2026-04-08 12:08:22 | INFO |   field::log_population: 0.1565
2026-04-08 12:08:22 | INFO |   field::median_household_income: -0.0529
2026-04-08 12:08:22 | INFO |   tau::t_0: -0.2430
2026-04-08 12:08:22 | INFO |   tau::t_1: -0.3708
2026-04-08 12:08:22 | INFO |   tau::t_2: 0.0136
2026-04-08 12:08:22 | INFO |   tau::t_3: -0.2262
2026-04-08 12:08:22 | INFO |   tau::t_4: -0.0275
2026-04-08 12:08:22 | INFO |   tau::t_5: -0.1032
2026-04-08 12:08:22 | INFO |   tau::t_6: -0.0292
2026-04-08 12:08:22 | INFO |   tau::t_7: -0.1145
2026-04-08 12:08:22 | INFO |   tau::t_8: -0.0117
2026-04-08 12:08:22 | INFO |   tau::t_9: -0.0759
2026-04-08 12:08:22 | INFO |   tau::t_10: -0.2283
2026-04-08 12:08:22 | INFO |   tau::t_11: -0.2288
2026-04-08 12:08:22 | INFO |   tau::t_12: -0.3388
2026-04-08 12:08:22 | INFO |   tau::t_13: -0.3698
2026-04-08 12:08:22 | INFO |   tau::t_14: -0.5472
2026-04-08 12:08:22 | INFO |   tau::t_15: -0.5029
2026-04-08 12:08:22 | INFO |   tau::t_16: -0.7649
2026-04-08 12:08:22 | INFO |   tau::t_17: -0.4886
2026-04-08 12:08:22 | INFO |   tau::t_18: -0.6618
2026-04-08 12:08:22 | INFO |   tau::t_19: -0.5861
2026-04-08 12:08:22 | INFO |   tau::t_20: -0.5564
2026-04-08 12:08:22 | INFO |   tau::t_21: -0.2886
2026-04-08 12:08:22 | INFO |   tau::t_22: -0.1898
2026-04-08 12:08:22 | INFO |   tau::t_23: 0.0681
2026-04-08 12:08:22 | INFO |   tau::t_24: 0.2332
2026-04-08 12:08:22 | INFO |   tau::t_25: 0.2268
2026-04-08 12:08:22 | INFO |   tau::t_26: 0.2583
2026-04-08 12:08:22 | INFO |   tau::t_27: 0.2253
2026-04-08 12:08:22 | INFO |   tau::t_28: 0.2105
2026-04-08 12:08:22 | INFO |   tau::t_29: 0.1869
2026-04-08 12:08:22 | INFO |   tau::t_30: 0.0179
2026-04-08 12:08:22 | INFO |   tau::t_31: 0.1588
2026-04-08 12:08:22 | INFO |   tau::t_32: -0.0974
2026-04-08 12:08:22 | INFO |   tau::t_33: -0.1241
2026-04-08 12:08:22 | INFO |   tau::t_34: -0.1465
2026-04-08 12:08:22 | INFO |   tau::t_35: -0.1801
2026-04-08 12:08:22 | INFO |   tau::t_36: -0.2108
2026-04-08 12:08:22 | INFO |   tau::t_37: -0.0238
2026-04-08 12:08:22 | INFO |   tau::t_38: -0.0444
2026-04-08 12:08:22 | INFO |   tau::t_39: 0.0379
2026-04-08 12:08:22 | INFO |   tau::t_40: 0.0859
2026-04-08 12:08:22 | INFO |   tau::t_41: -0.3218
2026-04-08 12:08:22 | INFO |   tau::t_42: 0.3433
2026-04-08 12:08:22 | INFO |   tau::t_43: -0.0100
2026-04-08 12:08:22 | INFO |   tau::t_44: -0.0436
2026-04-08 12:08:22 | INFO |   tau::t_45: -0.0422
2026-04-08 12:08:22 | INFO |   tau::t_46: 0.5050
2026-04-08 12:08:22 | INFO |   tau::t_47: 0.8566
2026-04-08 12:08:22 | INFO |   tau::t_48: 0.9265
2026-04-08 12:08:22 | INFO |   tau::t_49: 1.2364
2026-04-08 12:08:22 | INFO |   tau::t_50: 1.2915
2026-04-08 12:08:22 | INFO |   tau::t_51: 0.3720
2026-04-08 12:08:22 | INFO |   tau::t_52: -0.2242
2026-04-08 12:08:22 | INFO |   tau::t_53: -0.3767
2026-04-08 12:08:22 | INFO |   tau::t_54: -0.4309
2026-04-08 12:08:22 | INFO |   tau::t_55: -0.2498
2026-04-08 12:08:22 | INFO |   tau::t_56: -0.2248
2026-04-08 12:08:22 | INFO |   tau::t_57: -0.2383
2026-04-08 12:08:22 | INFO |   tau::t_58: -0.3537
2026-04-08 12:08:22 | INFO |   tau::t_59: -0.4008
2026-04-08 12:08:22 | INFO |   tau::t_60: -0.3453
2026-04-08 12:08:22 | INFO |   tau::t_61: -0.1856
2026-04-08 12:08:22 | INFO |   tau::t_62: -0.1108
2026-04-08 12:08:22 | INFO |   tau::t_63: -0.1384
2026-04-08 12:08:22 | INFO |   tau::t_64: 0.0115
2026-04-08 12:08:22 | INFO |   tau::t_65: -0.0162
2026-04-08 12:08:22 | INFO |   beta: -0.0038
2026-04-08 12:08:22 | INFO |   interaction::contiguity: 2.6432
2026-04-08 12:08:22 | INFO |   eta: 0.5519
2026-04-08 12:08:22 | INFO |   zeta: -0.3964
2026-04-08 12:08:22 | INFO |   psi: 2.1128
2026-04-08 12:08:22 | INFO | Saved summary tables to C:\Users\phevo\Documents\MIT\Code\MPLE-Causal-Inference\experiments\USCountyVaccination_US_features_new\outcome_case_rate_100k_ge_200__intervention_partial_cov_ge_10__lag_4w__contiguity\mple_summary.csv and C:\Users\phevo\Documents\MIT\Code\MPLE-Causal-Inference\experiments\USCountyVaccination_US_features_new\outcome_case_rate_100k_ge_200__intervention_partial_cov_ge_10__lag_4w__contiguity\mple_summary.md
2026-04-08 12:08:22 | INFO | Log saved to C:\Users\phevo\Documents\MIT\Code\MPLE-Causal-Inference\experiments\USCountyVaccination_US_features_new\outcome_case_rate_100k_ge_200__intervention_partial_cov_ge_10__lag_4w__contiguity\mple.log
