2026-04-12 13:30:29 | INFO | Loading data...
2026-04-12 13:30:29 | INFO | Using panel artifact: C:\Users\phevo\Documents\MIT\Code\MPLE-Causal-Inference\experiments\SyntheticHybridExperiments\hybrid_uscounty_intervention_uscounty_graph_rank_0\panel_data.npz
2026-04-12 13:30:29 | INFO | Using x_0 artifact: C:\Users\phevo\Documents\MIT\Code\MPLE-Causal-Inference\experiments\SyntheticHybridExperiments\hybrid_uscounty_intervention_uscounty_graph_rank_0\x_0.npy
2026-04-12 13:30:29 | INFO | Using z_0 artifact: C:\Users\phevo\Documents\MIT\Code\MPLE-Causal-Inference\experiments\SyntheticHybridExperiments\hybrid_uscounty_intervention_uscounty_graph_rank_0\z_0.npy
2026-04-12 13:30:29 | INFO | Using fit config: C:\Users\phevo\Documents\MIT\Code\MPLE-Causal-Inference\experiments\SyntheticHybridExperiments\hybrid_uscounty_intervention_uscounty_graph_rank_0\fits\rank_40_b6\fit_realized_config.yaml
2026-04-12 13:30:29 | INFO | Using model artifact directory: C:\Users\phevo\Documents\MIT\Code\MPLE-Causal-Inference\experiments\SyntheticHybridExperiments\hybrid_uscounty_intervention_uscounty_graph_rank_0
2026-04-12 13:30:29 | INFO | Using truth artifact directory: C:\Users\phevo\Documents\MIT\Code\MPLE-Causal-Inference\experiments\SyntheticHybridExperiments\hybrid_uscounty_intervention_uscounty_graph_rank_0
2026-04-12 13:30:29 | INFO | Configured latent rank: 40
2026-04-12 13:30:29 | INFO | Using a fixed known graph with scalar xi.
2026-04-12 13:30:29 | INFO | Intervention-process model enabled: True
2026-04-12 13:30:29 | INFO | Global temperature bound B active: True
2026-04-12 13:30:29 | INFO | Effective xi bound from interaction constraint: 6.000000
2026-04-12 13:30:29 | INFO | Beta mask pre-intervention enabled: False
2026-04-12 13:30:29 | INFO | Beta mask rescale enabled: False
2026-04-12 13:30:29 | INFO | Fixed scalar parameters: {}
2026-04-12 13:30:29 | INFO | Eval 0  |  Loss: 0.801276
2026-04-12 13:30:29 | INFO |   beta: +0.0793,  xi: -0.2085,  eta: +0.0135,  zeta: -0.2117,  psi: -0.1690
2026-04-12 13:30:38 | INFO | Eval 100  |  Loss: 0.302475
2026-04-12 13:30:38 | INFO |   beta: +0.3304,  xi: +0.8138,  eta: +0.4808,  zeta: +0.0691,  psi: +1.9425
2026-04-12 13:30:47 | INFO | Eval 200  |  Loss: 0.302327
2026-04-12 13:30:47 | INFO |   beta: +0.3490,  xi: +0.7509,  eta: +0.4781,  zeta: +0.0285,  psi: +2.0555
2026-04-12 13:30:55 | INFO | Eval 300  |  Loss: 0.302326
2026-04-12 13:30:55 | INFO |   beta: +0.3457,  xi: +0.7498,  eta: +0.4776,  zeta: +0.0269,  psi: +2.0675
2026-04-12 13:30:59 | INFO | Done fitting.
2026-04-12 13:30:59 | INFO | Optimizer status: CONVERGENCE: RELATIVE REDUCTION OF F <= FACTR*EPSMCH
2026-04-12 13:30:59 | INFO | Final Loss: 0.302325
2026-04-12 13:30:59 | INFO | Estimated vs True Parameters:
2026-04-12 13:30:59 | INFO |   beta: 0.3481 (True: 0.3500) | SQE: 0.000004
2026-04-12 13:30:59 | INFO |   xi: 0.7509 (True: 0.7500) | SQE: 0.000001
2026-04-12 13:30:59 | INFO |   eta: 0.4769 (True: 0.4800) | SQE: 0.000010
2026-04-12 13:30:59 | INFO |   zeta: 0.0260 (True: -0.5500) | SQE: 0.331830
2026-04-12 13:30:59 | INFO |   psi: 2.0539 (True: 0.8000) | SQE: 1.572157
2026-04-12 13:30:59 | INFO | Field and interaction diagnostics:
2026-04-12 13:30:59 | INFO |   field_rmse: 0.001699
2026-04-12 13:30:59 | INFO |   interaction_fro_error: 0.008816
2026-04-12 13:30:59 | INFO |   estimated_field_inf_norm: 6.000000
2026-04-12 13:30:59 | INFO |   estimated_field_rank: 40.000000
2026-04-12 13:30:59 | INFO |   bound_B: 6.000000
2026-04-12 13:30:59 | INFO |   true_field_inf_norm: 0.000000
2026-04-12 13:30:59 | INFO |   true_field_rank: 0.000000
2026-04-12 13:30:59 | INFO | Saved summary tables to C:\Users\phevo\Documents\MIT\Code\MPLE-Causal-Inference\experiments\SyntheticHybridExperiments\hybrid_uscounty_intervention_uscounty_graph_rank_0\fits\rank_40_b6\mple_summary.csv and C:\Users\phevo\Documents\MIT\Code\MPLE-Causal-Inference\experiments\SyntheticHybridExperiments\hybrid_uscounty_intervention_uscounty_graph_rank_0\fits\rank_40_b6\mple_summary.md
2026-04-12 13:30:59 | INFO | Log saved to C:\Users\phevo\Documents\MIT\Code\MPLE-Causal-Inference\experiments\SyntheticHybridExperiments\hybrid_uscounty_intervention_uscounty_graph_rank_0\fits\rank_40_b6\mple.log
