2026-04-01 10:18:28 | INFO | Loading data...
2026-04-01 10:18:28 | INFO | Loaded 11 field templates and 1 interaction templates.
2026-04-01 10:18:28 | INFO | Running conditional-model MPLE on x with shape=(10, 1000)
2026-04-01 10:18:28 | INFO | Eval 0  |  Loss: 0.785499
2026-04-01 10:18:28 | INFO |   field::intercept: +0.0126,  field::linear::feature_1: -0.0132,  field::quadratic::feature_1: +0.0640,  field::linear::feature_2: +0.0105,  field::quadratic::feature_2: -0.0536,  field::linear::feature_3: +0.0362,  field::quadratic::feature_3: +0.1304,  field::linear::feature_4: +0.0947,  field::quadratic::feature_4: -0.0704,  field::linear::feature_5: -0.1265,  field::quadratic::feature_5: -0.0623,  beta: +0.0041,  interaction::adjacency: -0.2325,  eta: -0.0219,  zeta: -0.1246,  psi: -0.0732
2026-04-01 10:18:28 | INFO | Done fitting.
2026-04-01 10:18:28 | INFO | Optimizer status: CONVERGENCE: RELATIVE REDUCTION OF F <= FACTR*EPSMCH
2026-04-01 10:18:28 | INFO | Final Loss: 0.228049
2026-04-01 10:18:28 | INFO | Estimated vs True Parameters:
2026-04-01 10:18:28 | INFO |   field::intercept: 0.3877 (True: 0.4250)
2026-04-01 10:18:28 | INFO |   field::intercept SQE: 0.001389
2026-04-01 10:18:28 | INFO |   field::linear::feature_1: 0.2365 (True: 0.2200)
2026-04-01 10:18:28 | INFO |   field::linear::feature_1 SQE: 0.000273
2026-04-01 10:18:28 | INFO |   field::quadratic::feature_1: 0.7264 (True: 0.6750)
2026-04-01 10:18:28 | INFO |   field::quadratic::feature_1 SQE: 0.002640
2026-04-01 10:18:28 | INFO |   field::linear::feature_2: 1.0628 (True: 0.9200)
2026-04-01 10:18:28 | INFO |   field::linear::feature_2 SQE: 0.020386
2026-04-01 10:18:28 | INFO |   field::quadratic::feature_2: -0.8120 (True: -0.7500)
2026-04-01 10:18:28 | INFO |   field::quadratic::feature_2 SQE: 0.003842
2026-04-01 10:18:28 | INFO |   field::linear::feature_3: 0.4417 (True: 0.4400)
2026-04-01 10:18:28 | INFO |   field::linear::feature_3 SQE: 0.000003
2026-04-01 10:18:28 | INFO |   field::quadratic::feature_3: 0.2078 (True: -0.1750)
2026-04-01 10:18:28 | INFO |   field::quadratic::feature_3 SQE: 0.146555
2026-04-01 10:18:28 | INFO |   field::linear::feature_4: 0.5033 (True: 0.5000)
2026-04-01 10:18:28 | INFO |   field::linear::feature_4 SQE: 0.000011
2026-04-01 10:18:28 | INFO |   field::quadratic::feature_4: -0.1840 (True: -0.0750)
2026-04-01 10:18:28 | INFO |   field::quadratic::feature_4 SQE: 0.011887
2026-04-01 10:18:28 | INFO |   field::linear::feature_5: 0.2289 (True: 0.2400)
2026-04-01 10:18:28 | INFO |   field::linear::feature_5 SQE: 0.000122
2026-04-01 10:18:28 | INFO |   field::quadratic::feature_5: 0.7729 (True: 0.8550)
2026-04-01 10:18:28 | INFO |   field::quadratic::feature_5 SQE: 0.006737
2026-04-01 10:18:28 | INFO |   beta: 1.0591 (True: 1.1000)
2026-04-01 10:18:28 | INFO |   beta SQE: 0.001670
2026-04-01 10:18:28 | INFO |   interaction::adjacency: 2.0435 (True: 2.0000)
2026-04-01 10:18:28 | INFO |   interaction::adjacency SQE: 0.001892
2026-04-01 10:18:28 | INFO |   eta: 0.7385 (True: 0.7000)
2026-04-01 10:18:28 | INFO |   eta SQE: 0.001482
2026-04-01 10:18:28 | INFO |   zeta: -0.9667 (True: -1.0000)
2026-04-01 10:18:28 | INFO |   zeta SQE: 0.001110
2026-04-01 10:18:28 | INFO |   psi: 0.4142 (True: 0.4000)
2026-04-01 10:18:28 | INFO |   psi SQE: 0.000202
2026-04-01 10:18:28 | INFO | Saved summary tables to C:\Users\phevo\Documents\MIT\Code\MPLE-Causal-Inference\experiments\n1000_t10_low_temp_fro_medium_shared_feature_field_known_graph_20260331_230828\mple_summary.csv and C:\Users\phevo\Documents\MIT\Code\MPLE-Causal-Inference\experiments\n1000_t10_low_temp_fro_medium_shared_feature_field_known_graph_20260331_230828\mple_summary.md
2026-04-01 10:18:28 | INFO | Log saved to C:\Users\phevo\Documents\MIT\Code\MPLE-Causal-Inference\experiments\n1000_t10_low_temp_fro_medium_shared_feature_field_known_graph_20260331_230828\mple.log
