2026-04-07 11:58:14 | INFO | Loading data...
2026-04-07 11:58:14 | INFO | Loaded 6 field templates and 1 interaction templates.
2026-04-07 11:58:14 | INFO | Intervention-process model enabled: True
2026-04-07 11:58:14 | INFO | Tau zero-mean enabled: True
2026-04-07 11:58:14 | INFO | Tau smoothness lambda: 1.000000
2026-04-07 11:58:14 | INFO | Running conditional-model MPLE on x with shape=(66, 3137)
2026-04-07 11:58:14 | INFO | Eval 0  |  Loss: 0.704194
2026-04-07 11:58:14 | INFO |   field::log_population: +0.0126,  field::median_household_income: -0.0132,  field::poverty_rate: +0.0640,  field::pct_black: +0.0105,  field::pct_hispanic: -0.0536,  field::pct_in_labor_force: +0.0362,  tau block: mean=+0.0000, std=0.0971, min=-0.2414, max=+0.1872,  beta: +0.1004,  interaction::contiguity: -0.0618,  eta: +0.1822,  zeta: -0.1320,  psi: -0.0662
2026-04-07 11:58:16 | INFO | Done fitting.
2026-04-07 11:58:16 | INFO | Optimizer status: CONVERGENCE: RELATIVE REDUCTION OF F <= FACTR*EPSMCH
2026-04-07 11:58:16 | INFO | Final Loss: 0.291838
2026-04-07 11:58:16 | INFO | Estimated Parameters:
2026-04-07 11:58:16 | INFO |   field::log_population: 0.9204
2026-04-07 11:58:16 | INFO |   field::median_household_income: -1.1386
2026-04-07 11:58:16 | INFO |   field::poverty_rate: -0.5501
2026-04-07 11:58:16 | INFO |   field::pct_black: -0.1449
2026-04-07 11:58:16 | INFO |   field::pct_hispanic: -0.3522
2026-04-07 11:58:16 | INFO |   field::pct_in_labor_force: 0.0259
2026-04-07 11:58:16 | INFO |   tau::t_0: -0.0383
2026-04-07 11:58:16 | INFO |   tau::t_1: -0.1378
2026-04-07 11:58:16 | INFO |   tau::t_2: -0.0642
2026-04-07 11:58:16 | INFO |   tau::t_3: -0.1139
2026-04-07 11:58:16 | INFO |   tau::t_4: -0.1789
2026-04-07 11:58:16 | INFO |   tau::t_5: -0.2372
2026-04-07 11:58:16 | INFO |   tau::t_6: -0.2406
2026-04-07 11:58:16 | INFO |   tau::t_7: -0.2675
2026-04-07 11:58:16 | INFO |   tau::t_8: -0.2413
2026-04-07 11:58:16 | INFO |   tau::t_9: -0.2158
2026-04-07 11:58:16 | INFO |   tau::t_10: -0.2450
2026-04-07 11:58:16 | INFO |   tau::t_11: -0.2208
2026-04-07 11:58:16 | INFO |   tau::t_12: -0.1819
2026-04-07 11:58:16 | INFO |   tau::t_13: -0.1842
2026-04-07 11:58:16 | INFO |   tau::t_14: -0.1826
2026-04-07 11:58:16 | INFO |   tau::t_15: -0.1068
2026-04-07 11:58:16 | INFO |   tau::t_16: -0.2393
2026-04-07 11:58:16 | INFO |   tau::t_17: -0.1915
2026-04-07 11:58:16 | INFO |   tau::t_18: -0.2857
2026-04-07 11:58:16 | INFO |   tau::t_19: -0.2750
2026-04-07 11:58:16 | INFO |   tau::t_20: -0.2885
2026-04-07 11:58:16 | INFO |   tau::t_21: -0.3391
2026-04-07 11:58:16 | INFO |   tau::t_22: -0.2545
2026-04-07 11:58:16 | INFO |   tau::t_23: -0.2485
2026-04-07 11:58:16 | INFO |   tau::t_24: -0.2086
2026-04-07 11:58:16 | INFO |   tau::t_25: -0.1051
2026-04-07 11:58:16 | INFO |   tau::t_26: -0.0370
2026-04-07 11:58:16 | INFO |   tau::t_27: 0.0239
2026-04-07 11:58:16 | INFO |   tau::t_28: 0.0729
2026-04-07 11:58:16 | INFO |   tau::t_29: 0.0925
2026-04-07 11:58:16 | INFO |   tau::t_30: 0.1250
2026-04-07 11:58:16 | INFO |   tau::t_31: 0.2295
2026-04-07 11:58:16 | INFO |   tau::t_32: 0.2206
2026-04-07 11:58:16 | INFO |   tau::t_33: 0.2307
2026-04-07 11:58:16 | INFO |   tau::t_34: 0.1864
2026-04-07 11:58:16 | INFO |   tau::t_35: 0.1838
2026-04-07 11:58:16 | INFO |   tau::t_36: 0.2037
2026-04-07 11:58:16 | INFO |   tau::t_37: 0.1819
2026-04-07 11:58:16 | INFO |   tau::t_38: 0.1186
2026-04-07 11:58:16 | INFO |   tau::t_39: 0.1197
2026-04-07 11:58:16 | INFO |   tau::t_40: 0.1639
2026-04-07 11:58:16 | INFO |   tau::t_41: 0.0098
2026-04-07 11:58:16 | INFO |   tau::t_42: 0.2508
2026-04-07 11:58:16 | INFO |   tau::t_43: 0.1723
2026-04-07 11:58:16 | INFO |   tau::t_44: 0.1662
2026-04-07 11:58:16 | INFO |   tau::t_45: 0.1269
2026-04-07 11:58:16 | INFO |   tau::t_46: 0.1577
2026-04-07 11:58:16 | INFO |   tau::t_47: 0.2342
2026-04-07 11:58:16 | INFO |   tau::t_48: 0.2218
2026-04-07 11:58:16 | INFO |   tau::t_49: 0.2443
2026-04-07 11:58:16 | INFO |   tau::t_50: 0.3082
2026-04-07 11:58:16 | INFO |   tau::t_51: 0.3488
2026-04-07 11:58:16 | INFO |   tau::t_52: 0.3386
2026-04-07 11:58:16 | INFO |   tau::t_53: 0.3176
2026-04-07 11:58:16 | INFO |   tau::t_54: 0.2502
2026-04-07 11:58:16 | INFO |   tau::t_55: 0.2103
2026-04-07 11:58:16 | INFO |   tau::t_56: 0.1331
2026-04-07 11:58:16 | INFO |   tau::t_57: 0.1313
2026-04-07 11:58:16 | INFO |   tau::t_58: 0.0556
2026-04-07 11:58:16 | INFO |   tau::t_59: 0.0067
2026-04-07 11:58:16 | INFO |   tau::t_60: -0.0603
2026-04-07 11:58:16 | INFO |   tau::t_61: -0.0347
2026-04-07 11:58:16 | INFO |   tau::t_62: -0.1179
2026-04-07 11:58:16 | INFO |   tau::t_63: -0.1062
2026-04-07 11:58:16 | INFO |   tau::t_64: 0.0008
2026-04-07 11:58:16 | INFO |   tau::t_65: -0.1897
2026-04-07 11:58:16 | INFO |   beta: -0.1440
2026-04-07 11:58:16 | INFO |   interaction::contiguity: 1.5806
2026-04-07 11:58:16 | INFO |   eta: 0.2417
2026-04-07 11:58:16 | INFO |   zeta: -0.2078
2026-04-07 11:58:16 | INFO |   psi: 2.0774
2026-04-07 11:58:16 | INFO | Saved summary tables to C:\Users\phevo\Documents\MIT\Code\MPLE-Causal-Inference\experiments\USCountyVaccination_US_tau_zero_mean_smooth\outcome_death_rate_100k_ge_2__intervention_partial_cov_ge_30__lag_4w__contiguity\mple_summary.csv and C:\Users\phevo\Documents\MIT\Code\MPLE-Causal-Inference\experiments\USCountyVaccination_US_tau_zero_mean_smooth\outcome_death_rate_100k_ge_2__intervention_partial_cov_ge_30__lag_4w__contiguity\mple_summary.md
2026-04-07 11:58:16 | INFO | Log saved to C:\Users\phevo\Documents\MIT\Code\MPLE-Causal-Inference\experiments\USCountyVaccination_US_tau_zero_mean_smooth\outcome_death_rate_100k_ge_2__intervention_partial_cov_ge_30__lag_4w__contiguity\mple.log
