2026-04-01 10:30:46 | INFO | Loading data...
2026-04-01 10:30:51 | INFO | Loaded 1 field templates and 11 interaction templates.
2026-04-01 10:30:51 | INFO | Running conditional-model MPLE on x with shape=(100, 5000)
2026-04-01 10:30:51 | INFO | Eval 0  |  Loss: 0.668466
2026-04-01 10:30:51 | INFO |   field::intercept: +0.0126,  beta: -0.0132,  interaction::adjacency: +0.0640,  interaction::distance_kernel::feature_1: +0.0105,  interaction::cross_similarity::feature_1: -0.0536,  interaction::distance_kernel::feature_2: +0.0362,  interaction::cross_similarity::feature_2: +0.1304,  interaction::distance_kernel::feature_3: +0.0947,  interaction::cross_similarity::feature_3: -0.0704,  interaction::distance_kernel::feature_4: -0.1265,  interaction::cross_similarity::feature_4: -0.0623,  interaction::distance_kernel::feature_5: +0.0041,  interaction::cross_similarity::feature_5: -0.2325,  eta: -0.0219,  zeta: -0.1246,  psi: -0.0732
2026-04-01 10:31:01 | INFO | Done fitting.
2026-04-01 10:31:01 | INFO | Optimizer status: CONVERGENCE: RELATIVE REDUCTION OF F <= FACTR*EPSMCH
2026-04-01 10:31:01 | INFO | Final Loss: 0.501279
2026-04-01 10:31:01 | INFO | Estimated vs True Parameters:
2026-04-01 10:31:01 | INFO |   field::intercept: 0.4961 (True: 0.5000)
2026-04-01 10:31:01 | INFO |   field::intercept SQE: 0.000015
2026-04-01 10:31:01 | INFO |   beta: 0.3988 (True: 0.4000)
2026-04-01 10:31:01 | INFO |   beta SQE: 0.000002
2026-04-01 10:31:01 | INFO |   interaction::adjacency: 0.2554 (True: 0.2500)
2026-04-01 10:31:01 | INFO |   interaction::adjacency SQE: 0.000030
2026-04-01 10:31:01 | INFO |   interaction::distance_kernel::feature_1: 0.0613 (True: 0.0800)
2026-04-01 10:31:01 | INFO |   interaction::distance_kernel::feature_1 SQE: 0.000351
2026-04-01 10:31:01 | INFO |   interaction::cross_similarity::feature_1: 1.4435 (True: 0.0400)
2026-04-01 10:31:01 | INFO |   interaction::cross_similarity::feature_1 SQE: 1.969790
2026-04-01 10:31:01 | INFO |   interaction::distance_kernel::feature_2: 0.0848 (True: 0.0800)
2026-04-01 10:31:01 | INFO |   interaction::distance_kernel::feature_2 SQE: 0.000023
2026-04-01 10:31:01 | INFO |   interaction::cross_similarity::feature_2: 0.1074 (True: 0.0400)
2026-04-01 10:31:01 | INFO |   interaction::cross_similarity::feature_2 SQE: 0.004537
2026-04-01 10:31:01 | INFO |   interaction::distance_kernel::feature_3: 0.0874 (True: 0.0800)
2026-04-01 10:31:01 | INFO |   interaction::distance_kernel::feature_3 SQE: 0.000055
2026-04-01 10:31:01 | INFO |   interaction::cross_similarity::feature_3: 0.1909 (True: 0.0400)
2026-04-01 10:31:01 | INFO |   interaction::cross_similarity::feature_3 SQE: 0.022785
2026-04-01 10:31:01 | INFO |   interaction::distance_kernel::feature_4: 0.0804 (True: 0.0800)
2026-04-01 10:31:01 | INFO |   interaction::distance_kernel::feature_4 SQE: 0.000000
2026-04-01 10:31:01 | INFO |   interaction::cross_similarity::feature_4: 0.1213 (True: 0.0400)
2026-04-01 10:31:01 | INFO |   interaction::cross_similarity::feature_4 SQE: 0.006607
2026-04-01 10:31:01 | INFO |   interaction::distance_kernel::feature_5: 0.1352 (True: 0.1300)
2026-04-01 10:31:01 | INFO |   interaction::distance_kernel::feature_5 SQE: 0.000027
2026-04-01 10:31:01 | INFO |   interaction::cross_similarity::feature_5: -0.1932 (True: 0.1400)
2026-04-01 10:31:01 | INFO |   interaction::cross_similarity::feature_5 SQE: 0.111005
2026-04-01 10:31:01 | INFO |   eta: 0.0993 (True: 0.1000)
2026-04-01 10:31:01 | INFO |   eta SQE: 0.000000
2026-04-01 10:31:01 | INFO |   zeta: -0.4986 (True: -0.5000)
2026-04-01 10:31:01 | INFO |   zeta SQE: 0.000002
2026-04-01 10:31:01 | INFO |   psi: 0.4013 (True: 0.4000)
2026-04-01 10:31:01 | INFO |   psi SQE: 0.000002
2026-04-01 10:31:02 | INFO | Saved summary tables to C:\Users\phevo\Documents\MIT\Code\MPLE-Causal-Inference\experiments\n5000_t100_baseline_temp_fro_large_uniform_shared_feature_interactions_20260401_042940\mple_summary.csv and C:\Users\phevo\Documents\MIT\Code\MPLE-Causal-Inference\experiments\n5000_t100_baseline_temp_fro_large_uniform_shared_feature_interactions_20260401_042940\mple_summary.md
2026-04-01 10:31:02 | INFO | Log saved to C:\Users\phevo\Documents\MIT\Code\MPLE-Causal-Inference\experiments\n5000_t100_baseline_temp_fro_large_uniform_shared_feature_interactions_20260401_042940\mple.log
