2026-04-07 11:47:07 | INFO | Loading data...
2026-04-07 11:47:07 | INFO | Loaded 6 field templates and 1 interaction templates.
2026-04-07 11:47:07 | INFO | Intervention-process model enabled: True
2026-04-07 11:47:07 | INFO | Tau zero-mean enabled: False
2026-04-07 11:47:07 | INFO | Tau smoothness lambda: 0.000000
2026-04-07 11:47:07 | INFO | Running conditional-model MPLE on x with shape=(70, 3135)
2026-04-07 11:47:07 | INFO | Eval 0  |  Loss: 0.675124
2026-04-07 11:47:07 | INFO |   field::log_population: +0.0126,  field::median_household_income: -0.0132,  field::poverty_rate: +0.0640,  field::pct_black: +0.0105,  field::pct_hispanic: -0.0536,  field::pct_in_labor_force: +0.0362,  tau block: mean=+0.0096, std=0.0990, min=-0.2325, max=+0.1960,  beta: -0.0662,  interaction::contiguity: +0.0935,  eta: +0.0049,  zeta: +0.2002,  psi: +0.0189
2026-04-07 11:47:12 | INFO | Done fitting.
2026-04-07 11:47:12 | INFO | Optimizer status: CONVERGENCE: RELATIVE REDUCTION OF F <= FACTR*EPSMCH
2026-04-07 11:47:12 | INFO | Final Loss: 0.175477
2026-04-07 11:47:12 | INFO | Estimated Parameters:
2026-04-07 11:47:12 | INFO |   field::log_population: 0.3494
2026-04-07 11:47:12 | INFO |   field::median_household_income: -0.2185
2026-04-07 11:47:12 | INFO |   field::poverty_rate: -0.0182
2026-04-07 11:47:12 | INFO |   field::pct_black: -0.1466
2026-04-07 11:47:12 | INFO |   field::pct_hispanic: -0.1414
2026-04-07 11:47:12 | INFO |   field::pct_in_labor_force: 0.0929
2026-04-07 11:47:12 | INFO |   tau::t_0: 0.2396
2026-04-07 11:47:12 | INFO |   tau::t_1: 0.1441
2026-04-07 11:47:12 | INFO |   tau::t_2: 0.0599
2026-04-07 11:47:12 | INFO |   tau::t_3: -0.0162
2026-04-07 11:47:12 | INFO |   tau::t_4: -0.1256
2026-04-07 11:47:12 | INFO |   tau::t_5: -0.2553
2026-04-07 11:47:12 | INFO |   tau::t_6: 0.0352
2026-04-07 11:47:12 | INFO |   tau::t_7: -0.1722
2026-04-07 11:47:12 | INFO |   tau::t_8: -0.0338
2026-04-07 11:47:12 | INFO |   tau::t_9: -0.0282
2026-04-07 11:47:12 | INFO |   tau::t_10: 0.0616
2026-04-07 11:47:12 | INFO |   tau::t_11: -0.0237
2026-04-07 11:47:12 | INFO |   tau::t_12: 0.1207
2026-04-07 11:47:12 | INFO |   tau::t_13: 0.0366
2026-04-07 11:47:12 | INFO |   tau::t_14: -0.0641
2026-04-07 11:47:12 | INFO |   tau::t_15: -0.0217
2026-04-07 11:47:12 | INFO |   tau::t_16: -0.1173
2026-04-07 11:47:12 | INFO |   tau::t_17: -0.1821
2026-04-07 11:47:12 | INFO |   tau::t_18: -0.2070
2026-04-07 11:47:12 | INFO |   tau::t_19: -0.1876
2026-04-07 11:47:12 | INFO |   tau::t_20: -0.3511
2026-04-07 11:47:12 | INFO |   tau::t_21: -0.1605
2026-04-07 11:47:12 | INFO |   tau::t_22: -0.3410
2026-04-07 11:47:12 | INFO |   tau::t_23: -0.2972
2026-04-07 11:47:12 | INFO |   tau::t_24: -0.2327
2026-04-07 11:47:12 | INFO |   tau::t_25: -0.0350
2026-04-07 11:47:12 | INFO |   tau::t_26: 0.0680
2026-04-07 11:47:12 | INFO |   tau::t_27: 0.2350
2026-04-07 11:47:12 | INFO |   tau::t_28: 0.2898
2026-04-07 11:47:12 | INFO |   tau::t_29: 0.3307
2026-04-07 11:47:12 | INFO |   tau::t_30: 0.3854
2026-04-07 11:47:12 | INFO |   tau::t_31: 0.3033
2026-04-07 11:47:12 | INFO |   tau::t_32: 0.4046
2026-04-07 11:47:12 | INFO |   tau::t_33: 0.3985
2026-04-07 11:47:12 | INFO |   tau::t_34: 0.2759
2026-04-07 11:47:12 | INFO |   tau::t_35: 0.4406
2026-04-07 11:47:12 | INFO |   tau::t_36: 0.3698
2026-04-07 11:47:12 | INFO |   tau::t_37: 0.2257
2026-04-07 11:47:12 | INFO |   tau::t_38: 0.0883
2026-04-07 11:47:12 | INFO |   tau::t_39: -0.0364
2026-04-07 11:47:12 | INFO |   tau::t_40: 0.0102
2026-04-07 11:47:12 | INFO |   tau::t_41: -0.0379
2026-04-07 11:47:12 | INFO |   tau::t_42: 0.0140
2026-04-07 11:47:12 | INFO |   tau::t_43: 0.0967
2026-04-07 11:47:12 | INFO |   tau::t_44: 0.1447
2026-04-07 11:47:12 | INFO |   tau::t_45: -0.1955
2026-04-07 11:47:12 | INFO |   tau::t_46: 0.4706
2026-04-07 11:47:12 | INFO |   tau::t_47: 0.1524
2026-04-07 11:47:12 | INFO |   tau::t_48: 0.1251
2026-04-07 11:47:12 | INFO |   tau::t_49: 0.1611
2026-04-07 11:47:12 | INFO |   tau::t_50: 0.6463
2026-04-07 11:47:12 | INFO |   tau::t_51: 1.2497
2026-04-07 11:47:12 | INFO |   tau::t_52: 1.3117
2026-04-07 11:47:12 | INFO |   tau::t_53: 2.0362
2026-04-07 11:47:12 | INFO |   tau::t_54: 2.0185
2026-04-07 11:47:12 | INFO |   tau::t_55: 1.1687
2026-04-07 11:47:12 | INFO |   tau::t_56: 0.4266
2026-04-07 11:47:12 | INFO |   tau::t_57: -0.0222
2026-04-07 11:47:12 | INFO |   tau::t_58: -0.3169
2026-04-07 11:47:12 | INFO |   tau::t_59: -0.2691
2026-04-07 11:47:12 | INFO |   tau::t_60: -0.2281
2026-04-07 11:47:12 | INFO |   tau::t_61: -0.1605
2026-04-07 11:47:12 | INFO |   tau::t_62: -0.1255
2026-04-07 11:47:12 | INFO |   tau::t_63: -0.1824
2026-04-07 11:47:12 | INFO |   tau::t_64: -0.0674
2026-04-07 11:47:12 | INFO |   tau::t_65: -0.1021
2026-04-07 11:47:12 | INFO |   tau::t_66: 0.0957
2026-04-07 11:47:12 | INFO |   tau::t_67: 0.0359
2026-04-07 11:47:12 | INFO |   tau::t_68: 0.1265
2026-04-07 11:47:12 | INFO |   tau::t_69: 0.1347
2026-04-07 11:47:12 | INFO |   beta: -0.0128
2026-04-07 11:47:12 | INFO |   interaction::contiguity: 2.4600
2026-04-07 11:47:12 | INFO |   eta: 0.5134
2026-04-07 11:47:12 | INFO |   zeta: 0.2527
2026-04-07 11:47:12 | INFO |   psi: 2.1026
2026-04-07 11:47:12 | INFO | Saved summary tables to C:\Users\phevo\Documents\MIT\Code\MPLE-Causal-Inference\experiments\USCountyVaccination_US_tau_unrestricted\outcome_case_rate_100k_ge_100__intervention_partial_cov_ge_10__lag_0w__contiguity\mple_summary.csv and C:\Users\phevo\Documents\MIT\Code\MPLE-Causal-Inference\experiments\USCountyVaccination_US_tau_unrestricted\outcome_case_rate_100k_ge_100__intervention_partial_cov_ge_10__lag_0w__contiguity\mple_summary.md
2026-04-07 11:47:12 | INFO | Log saved to C:\Users\phevo\Documents\MIT\Code\MPLE-Causal-Inference\experiments\USCountyVaccination_US_tau_unrestricted\outcome_case_rate_100k_ge_100__intervention_partial_cov_ge_10__lag_0w__contiguity\mple.log
