2026-04-19 11:06:29 | INFO | Loading data...
2026-04-19 11:06:29 | INFO | Using panel artifact: C:\Users\phevo\Documents\MIT\Code\MPLE-Causal-Inference\experiments\USCountyVaccination_US_sensitivity\outcome_death_rate_100k_ge_2__intervention_complete_cov_ge_40__lag_2w__contiguity__start_2020_01_26\panel_data.npz
2026-04-19 11:06:29 | INFO | Using x_0 artifact: C:\Users\phevo\Documents\MIT\Code\MPLE-Causal-Inference\experiments\USCountyVaccination_US_sensitivity\outcome_death_rate_100k_ge_2__intervention_complete_cov_ge_40__lag_2w__contiguity__start_2020_01_26\x_0.npy
2026-04-19 11:06:29 | INFO | Using z_0 artifact: C:\Users\phevo\Documents\MIT\Code\MPLE-Causal-Inference\experiments\USCountyVaccination_US_sensitivity\outcome_death_rate_100k_ge_2__intervention_complete_cov_ge_40__lag_2w__contiguity__start_2020_01_26\z_0.npy
2026-04-19 11:06:29 | INFO | Using fit config: C:\Users\phevo\Documents\MIT\Code\MPLE-Causal-Inference\experiments\USCountyVaccination_US_sensitivity\outcome_death_rate_100k_ge_2__intervention_complete_cov_ge_40__lag_2w__contiguity__start_2020_01_26\fits\rank_40_b1\fit_realized_config.yaml
2026-04-19 11:06:29 | INFO | Using model artifact directory: C:\Users\phevo\Documents\MIT\Code\MPLE-Causal-Inference\experiments\USCountyVaccination_US_sensitivity\outcome_death_rate_100k_ge_2__intervention_complete_cov_ge_40__lag_2w__contiguity__start_2020_01_26
2026-04-19 11:06:29 | INFO | Using truth artifact directory: C:\Users\phevo\Documents\MIT\Code\MPLE-Causal-Inference\experiments\USCountyVaccination_US_sensitivity\outcome_death_rate_100k_ge_2__intervention_complete_cov_ge_40__lag_2w__contiguity__start_2020_01_26
2026-04-19 11:06:29 | INFO | Configured latent rank: 40
2026-04-19 11:06:29 | INFO | Using a fixed known graph with scalar xi.
2026-04-19 11:06:29 | INFO | Intervention-process model enabled: False
2026-04-19 11:06:29 | INFO | Global temperature bound B active: True
2026-04-19 11:06:29 | INFO | Effective xi bound from interaction constraint: 1.000000
2026-04-19 11:06:29 | INFO | Beta mask pre-intervention enabled: True
2026-04-19 11:06:29 | INFO | Fixed scalar parameters: {}
2026-04-19 11:06:29 | INFO | Optimizer settings: n_starts=5, lbfgs_steps=50000, tol=1e-09, adam_steps=1000, adam_lr=0.01, adam_device=cpu, seed=0
2026-04-19 11:06:29 | INFO | Optimizer start 1/5 | seed=0 | initial_loss=0.723787
2026-04-19 11:06:32 | INFO | Start 1 Adam step 0 | Loss: 0.723787
2026-04-19 11:06:35 | INFO | Start 1 Adam step 100 | Loss: 0.434909
2026-04-19 11:06:38 | INFO | Start 1 Adam step 200 | Loss: 0.421768
2026-04-19 11:06:40 | INFO | Start 1 Adam step 300 | Loss: 0.432699
2026-04-19 11:06:43 | INFO | Start 1 Adam step 400 | Loss: 0.403663
2026-04-19 11:06:45 | INFO | Start 1 Adam step 500 | Loss: 0.400743
2026-04-19 11:06:48 | INFO | Start 1 Adam step 600 | Loss: 0.402818
2026-04-19 11:06:51 | INFO | Start 1 Adam step 700 | Loss: 0.403127
2026-04-19 11:06:53 | INFO | Start 1 Adam step 800 | Loss: 0.403445
2026-04-19 11:06:56 | INFO | Start 1 Adam step 900 | Loss: 0.398765
2026-04-19 11:06:58 | INFO | Start 1 L-BFGS eval 0 | Loss: 0.403788
2026-04-19 11:06:58 | INFO |   beta: +0.0210,  xi: +1.0000,  eta: +0.3478
2026-04-19 11:07:04 | INFO | Start 1 L-BFGS eval 100 | Loss: 0.393094
2026-04-19 11:07:04 | INFO |   beta: +0.0192,  xi: +1.0000,  eta: +0.3389
2026-04-19 11:07:11 | INFO | Start 1 L-BFGS eval 200 | Loss: 0.393061
2026-04-19 11:07:11 | INFO |   beta: +0.0159,  xi: +1.0000,  eta: +0.3260
2026-04-19 11:07:16 | INFO | Start 1 L-BFGS eval 300 | Loss: 0.393061
2026-04-19 11:07:16 | INFO |   beta: +0.0158,  xi: +1.0000,  eta: +0.3257
2026-04-19 11:07:22 | INFO | Start 1 L-BFGS eval 400 | Loss: 0.388517
2026-04-19 11:07:22 | INFO |   beta: +0.0108,  xi: +1.0000,  eta: +0.3267
2026-04-19 11:07:28 | INFO | Start 1 L-BFGS eval 500 | Loss: 0.388395
2026-04-19 11:07:28 | INFO |   beta: +0.0137,  xi: +1.0000,  eta: +0.3270
2026-04-19 11:07:34 | INFO | Start 1 L-BFGS eval 600 | Loss: 0.388295
2026-04-19 11:07:34 | INFO |   beta: +0.0237,  xi: +1.0000,  eta: +0.3156
2026-04-19 11:07:39 | INFO | Start 1 L-BFGS eval 700 | Loss: 0.388236
2026-04-19 11:07:39 | INFO |   beta: +0.0272,  xi: +1.0000,  eta: +0.3101
2026-04-19 11:07:44 | INFO | Start 1 L-BFGS eval 800 | Loss: 0.386234
2026-04-19 11:07:44 | INFO |   beta: +0.0157,  xi: +1.0000,  eta: +0.3305
2026-04-19 11:07:50 | INFO | Start 1 L-BFGS eval 900 | Loss: 0.386217
2026-04-19 11:07:50 | INFO |   beta: +0.0140,  xi: +1.0000,  eta: +0.3268
2026-04-19 11:07:55 | INFO | Start 1 L-BFGS eval 1000 | Loss: 0.386163
2026-04-19 11:07:55 | INFO |   beta: +0.0152,  xi: +1.0000,  eta: +0.3211
2026-04-19 11:08:00 | INFO | Start 1 L-BFGS eval 1100 | Loss: 0.386137
2026-04-19 11:08:00 | INFO |   beta: +0.0137,  xi: +1.0000,  eta: +0.3251
2026-04-19 11:08:06 | INFO | Start 1 L-BFGS eval 1200 | Loss: 0.386103
2026-04-19 11:08:06 | INFO |   beta: +0.0139,  xi: +1.0000,  eta: +0.3282
2026-04-19 11:08:12 | INFO | Start 1 L-BFGS eval 1300 | Loss: 0.386078
2026-04-19 11:08:12 | INFO |   beta: +0.0112,  xi: +1.0000,  eta: +0.3255
2026-04-19 11:08:19 | INFO | Start 1 L-BFGS eval 1400 | Loss: 0.386067
2026-04-19 11:08:19 | INFO |   beta: +0.0147,  xi: +1.0000,  eta: +0.3313
2026-04-19 11:08:24 | INFO | Start 1 L-BFGS eval 1500 | Loss: 0.386045
2026-04-19 11:08:24 | INFO |   beta: +0.0141,  xi: +1.0000,  eta: +0.3251
2026-04-19 11:08:30 | INFO | Start 1 L-BFGS eval 1600 | Loss: 0.386025
2026-04-19 11:08:30 | INFO |   beta: +0.0137,  xi: +1.0000,  eta: +0.3258
2026-04-19 11:08:35 | INFO | Start 1 L-BFGS eval 1700 | Loss: 0.386004
2026-04-19 11:08:35 | INFO |   beta: +0.0142,  xi: +1.0000,  eta: +0.3304
2026-04-19 11:08:44 | INFO | Start 1 L-BFGS eval 1800 | Loss: 0.385981
2026-04-19 11:08:44 | INFO |   beta: +0.0143,  xi: +1.0000,  eta: +0.3251
2026-04-19 11:08:50 | INFO | Start 1 L-BFGS eval 1900 | Loss: 0.385966
2026-04-19 11:08:50 | INFO |   beta: +0.0137,  xi: +1.0000,  eta: +0.3260
2026-04-19 11:08:55 | INFO | Start 1 L-BFGS eval 2000 | Loss: 0.385956
2026-04-19 11:08:55 | INFO |   beta: +0.0137,  xi: +1.0000,  eta: +0.3252
2026-04-19 11:09:00 | INFO | Start 1 L-BFGS eval 2100 | Loss: 0.385941
2026-04-19 11:09:00 | INFO |   beta: +0.0136,  xi: +1.0000,  eta: +0.3242
2026-04-19 11:09:06 | INFO | Start 1 L-BFGS eval 2200 | Loss: 0.385932
2026-04-19 11:09:06 | INFO |   beta: +0.0137,  xi: +1.0000,  eta: +0.3253
2026-04-19 11:09:11 | INFO | Start 1 L-BFGS eval 2300 | Loss: 0.403538
2026-04-19 11:09:11 | INFO |   beta: -0.0011,  xi: +1.0000,  eta: +0.0951
2026-04-19 11:09:16 | INFO | Start 1 L-BFGS eval 2400 | Loss: 0.385909
2026-04-19 11:09:16 | INFO |   beta: +0.0136,  xi: +1.0000,  eta: +0.3237
2026-04-19 11:09:22 | INFO | Start 1 L-BFGS eval 2500 | Loss: 0.385900
2026-04-19 11:09:22 | INFO |   beta: +0.0137,  xi: +1.0000,  eta: +0.3252
2026-04-19 11:09:27 | INFO | Start 1 L-BFGS eval 2600 | Loss: 0.385886
2026-04-19 11:09:27 | INFO |   beta: +0.0137,  xi: +1.0000,  eta: +0.3249
2026-04-19 11:09:32 | INFO | Start 1 L-BFGS eval 2700 | Loss: 0.385877
2026-04-19 11:09:32 | INFO |   beta: +0.0137,  xi: +1.0000,  eta: +0.3253
2026-04-19 11:09:38 | INFO | Start 1 L-BFGS eval 2800 | Loss: 0.385867
2026-04-19 11:09:38 | INFO |   beta: +0.0139,  xi: +1.0000,  eta: +0.3284
2026-04-19 11:09:43 | INFO | Start 1 L-BFGS eval 2900 | Loss: 0.386296
2026-04-19 11:09:43 | INFO |   beta: +0.0112,  xi: +1.0000,  eta: +0.2875
2026-04-19 11:09:48 | INFO | Start 1 L-BFGS eval 3000 | Loss: 0.385847
2026-04-19 11:09:48 | INFO |   beta: +0.0140,  xi: +1.0000,  eta: +0.3302
2026-04-19 11:09:54 | INFO | Start 1 L-BFGS eval 3100 | Loss: 0.385846
2026-04-19 11:09:54 | INFO |   beta: +0.0132,  xi: +1.0000,  eta: +0.3181
2026-04-19 11:09:59 | INFO | Start 1 L-BFGS eval 3200 | Loss: 0.385823
2026-04-19 11:09:59 | INFO |   beta: +0.0139,  xi: +1.0000,  eta: +0.3285
2026-04-19 11:10:05 | INFO | Start 1 L-BFGS eval 3300 | Loss: 0.386327
2026-04-19 11:10:05 | INFO |   beta: +0.0110,  xi: +1.0000,  eta: +0.2845
2026-04-19 11:10:10 | INFO | Start 1 L-BFGS eval 3400 | Loss: 0.385802
2026-04-19 11:10:10 | INFO |   beta: +0.0136,  xi: +1.0000,  eta: +0.3251
2026-04-19 11:10:16 | INFO | Start 1 L-BFGS eval 3500 | Loss: 0.385789
2026-04-19 11:10:16 | INFO |   beta: +0.0136,  xi: +1.0000,  eta: +0.3240
2026-04-19 11:10:22 | INFO | Start 1 L-BFGS eval 3600 | Loss: 0.385779
2026-04-19 11:10:22 | INFO |   beta: +0.0138,  xi: +1.0000,  eta: +0.3283
2026-04-19 11:10:28 | INFO | Start 1 L-BFGS eval 3700 | Loss: 0.385768
2026-04-19 11:10:28 | INFO |   beta: +0.0136,  xi: +1.0000,  eta: +0.3249
2026-04-19 11:10:34 | INFO | Start 1 L-BFGS eval 3800 | Loss: 0.385770
2026-04-19 11:10:34 | INFO |   beta: +0.0132,  xi: +1.0000,  eta: +0.3181
2026-04-19 11:10:40 | INFO | Start 1 L-BFGS eval 3900 | Loss: 0.385746
2026-04-19 11:10:40 | INFO |   beta: +0.0136,  xi: +1.0000,  eta: +0.3249
2026-04-19 11:10:45 | INFO | Start 1 L-BFGS eval 4000 | Loss: 0.385734
2026-04-19 11:10:45 | INFO |   beta: +0.0136,  xi: +1.0000,  eta: +0.3256
2026-04-19 11:10:51 | INFO | Start 1 L-BFGS eval 4100 | Loss: 0.385725
2026-04-19 11:10:51 | INFO |   beta: +0.0136,  xi: +1.0000,  eta: +0.3252
2026-04-19 11:10:56 | INFO | Start 1 L-BFGS eval 4200 | Loss: 0.385715
2026-04-19 11:10:56 | INFO |   beta: +0.0137,  xi: +1.0000,  eta: +0.3273
2026-04-19 11:11:02 | INFO | Start 1 L-BFGS eval 4300 | Loss: 0.385704
2026-04-19 11:11:02 | INFO |   beta: +0.0136,  xi: +1.0000,  eta: +0.3254
2026-04-19 11:11:07 | INFO | Start 1 L-BFGS eval 4400 | Loss: 0.385694
2026-04-19 11:11:07 | INFO |   beta: +0.0134,  xi: +1.0000,  eta: +0.3227
2026-04-19 11:11:12 | INFO | Start 1 L-BFGS eval 4500 | Loss: 0.385683
2026-04-19 11:11:12 | INFO |   beta: +0.0137,  xi: +1.0000,  eta: +0.3273
2026-04-19 11:11:18 | INFO | Start 1 L-BFGS eval 4600 | Loss: 0.385673
2026-04-19 11:11:18 | INFO |   beta: +0.0136,  xi: +1.0000,  eta: +0.3251
2026-04-19 11:11:23 | INFO | Start 1 L-BFGS eval 4700 | Loss: 0.385661
2026-04-19 11:11:23 | INFO |   beta: +0.0135,  xi: +1.0000,  eta: +0.3246
2026-04-19 11:11:28 | INFO | Start 1 L-BFGS eval 4800 | Loss: 0.385652
2026-04-19 11:11:28 | INFO |   beta: +0.0136,  xi: +1.0000,  eta: +0.3258
2026-04-19 11:11:34 | INFO | Start 1 L-BFGS eval 4900 | Loss: 0.385641
2026-04-19 11:11:34 | INFO |   beta: +0.0135,  xi: +1.0000,  eta: +0.3236
2026-04-19 11:11:40 | INFO | Start 1 L-BFGS eval 5000 | Loss: 0.452250
2026-04-19 11:11:40 | INFO |   beta: -0.0144,  xi: +1.0000,  eta: -0.1121
2026-04-19 11:11:46 | INFO | Start 1 L-BFGS eval 5100 | Loss: 0.385622
2026-04-19 11:11:46 | INFO |   beta: +0.0135,  xi: +1.0000,  eta: +0.3249
2026-04-19 11:11:51 | INFO | Start 1 L-BFGS eval 5200 | Loss: 0.386218
2026-04-19 11:11:51 | INFO |   beta: +0.0107,  xi: +1.0000,  eta: +0.2810
2026-04-19 11:11:57 | INFO | Start 1 L-BFGS eval 5300 | Loss: 0.385602
2026-04-19 11:11:57 | INFO |   beta: +0.0136,  xi: +1.0000,  eta: +0.3267
2026-04-19 11:12:03 | INFO | Start 1 L-BFGS eval 5400 | Loss: 0.385592
2026-04-19 11:12:03 | INFO |   beta: +0.0135,  xi: +1.0000,  eta: +0.3248
2026-04-19 11:12:08 | INFO | Start 1 L-BFGS eval 5500 | Loss: 0.385581
2026-04-19 11:12:08 | INFO |   beta: +0.0135,  xi: +1.0000,  eta: +0.3247
2026-04-19 11:12:15 | INFO | Start 1 L-BFGS eval 5600 | Loss: 0.385574
2026-04-19 11:12:15 | INFO |   beta: +0.0135,  xi: +1.0000,  eta: +0.3251
2026-04-19 11:12:20 | INFO | Start 1 L-BFGS eval 5700 | Loss: 0.385563
2026-04-19 11:12:20 | INFO |   beta: +0.0135,  xi: +1.0000,  eta: +0.3249
2026-04-19 11:12:27 | INFO | Start 1 L-BFGS eval 5800 | Loss: 0.385551
2026-04-19 11:12:27 | INFO |   beta: +0.0135,  xi: +1.0000,  eta: +0.3249
2026-04-19 11:12:34 | INFO | Start 1 L-BFGS eval 5900 | Loss: 0.385543
2026-04-19 11:12:34 | INFO |   beta: +0.0136,  xi: +1.0000,  eta: +0.3266
2026-04-19 11:12:41 | INFO | Start 1 L-BFGS eval 6000 | Loss: 0.385533
2026-04-19 11:12:41 | INFO |   beta: +0.0135,  xi: +1.0000,  eta: +0.3249
2026-04-19 11:12:47 | INFO | Start 1 L-BFGS eval 6100 | Loss: 0.385523
2026-04-19 11:12:47 | INFO |   beta: +0.0134,  xi: +1.0000,  eta: +0.3232
2026-04-19 11:12:53 | INFO | Start 1 L-BFGS eval 6200 | Loss: 0.385512
2026-04-19 11:12:53 | INFO |   beta: +0.0135,  xi: +1.0000,  eta: +0.3251
2026-04-19 11:12:59 | INFO | Start 1 L-BFGS eval 6300 | Loss: 0.385504
2026-04-19 11:12:59 | INFO |   beta: +0.0135,  xi: +1.0000,  eta: +0.3248
2026-04-19 11:13:05 | INFO | Start 1 L-BFGS eval 6400 | Loss: 0.385493
2026-04-19 11:13:05 | INFO |   beta: +0.0135,  xi: +1.0000,  eta: +0.3248
2026-04-19 11:13:11 | INFO | Start 1 L-BFGS eval 6500 | Loss: 0.385482
2026-04-19 11:13:11 | INFO |   beta: +0.0135,  xi: +1.0000,  eta: +0.3246
2026-04-19 11:13:17 | INFO | Start 1 L-BFGS eval 6600 | Loss: 0.385473
2026-04-19 11:13:17 | INFO |   beta: +0.0136,  xi: +1.0000,  eta: +0.3274
2026-04-19 11:13:24 | INFO | Start 1 L-BFGS eval 6700 | Loss: 0.385464
2026-04-19 11:13:24 | INFO |   beta: +0.0135,  xi: +1.0000,  eta: +0.3249
2026-04-19 11:13:30 | INFO | Start 1 L-BFGS eval 6800 | Loss: 0.385456
2026-04-19 11:13:30 | INFO |   beta: +0.0136,  xi: +1.0000,  eta: +0.3270
2026-04-19 11:13:36 | INFO | Start 1 L-BFGS eval 6900 | Loss: 0.385486
2026-04-19 11:13:36 | INFO |   beta: +0.0128,  xi: +1.0000,  eta: +0.3139
2026-04-19 11:13:41 | INFO | Start 1 L-BFGS eval 7000 | Loss: 0.385441
2026-04-19 11:13:41 | INFO |   beta: +0.0136,  xi: +1.0000,  eta: +0.3271
2026-04-19 11:13:47 | INFO | Start 1 L-BFGS eval 7100 | Loss: 0.385434
2026-04-19 11:13:47 | INFO |   beta: +0.0134,  xi: +1.0000,  eta: +0.3245
2026-04-19 11:13:53 | INFO | Start 1 L-BFGS eval 7200 | Loss: 0.385427
2026-04-19 11:13:53 | INFO |   beta: +0.0136,  xi: +1.0000,  eta: +0.3269
2026-04-19 11:13:58 | INFO | Start 1 L-BFGS eval 7300 | Loss: 0.385421
2026-04-19 11:13:58 | INFO |   beta: +0.0135,  xi: +1.0000,  eta: +0.3251
2026-04-19 11:14:04 | INFO | Start 1 L-BFGS eval 7400 | Loss: 0.385413
2026-04-19 11:14:04 | INFO |   beta: +0.0134,  xi: +1.0000,  eta: +0.3243
2026-04-19 11:14:09 | INFO | Start 1 L-BFGS eval 7500 | Loss: 0.385407
2026-04-19 11:14:09 | INFO |   beta: +0.0135,  xi: +1.0000,  eta: +0.3250
2026-04-19 11:14:15 | INFO | Start 1 L-BFGS eval 7600 | Loss: 0.742825
2026-04-19 11:14:15 | INFO |   beta: -0.0489,  xi: +1.0000,  eta: -0.6501
2026-04-19 11:14:21 | INFO | Start 1 L-BFGS eval 7700 | Loss: 0.385393
2026-04-19 11:14:21 | INFO |   beta: +0.0136,  xi: +1.0000,  eta: +0.3268
2026-04-19 11:14:26 | INFO | Start 1 L-BFGS eval 7800 | Loss: 0.385387
2026-04-19 11:14:26 | INFO |   beta: +0.0134,  xi: +1.0000,  eta: +0.3251
2026-04-19 11:14:31 | INFO | Start 1 L-BFGS eval 7900 | Loss: 0.386419
2026-04-19 11:14:31 | INFO |   beta: +0.0098,  xi: +1.0000,  eta: +0.2679
2026-04-19 11:14:37 | INFO | Start 1 L-BFGS eval 8000 | Loss: 0.385375
2026-04-19 11:14:37 | INFO |   beta: +0.0135,  xi: +1.0000,  eta: +0.3252
2026-04-19 11:14:42 | INFO | Start 1 L-BFGS eval 8100 | Loss: 0.385369
2026-04-19 11:14:42 | INFO |   beta: +0.0135,  xi: +1.0000,  eta: +0.3253
2026-04-19 11:14:48 | INFO | Start 1 L-BFGS eval 8200 | Loss: 0.385363
2026-04-19 11:14:48 | INFO |   beta: +0.0135,  xi: +1.0000,  eta: +0.3258
2026-04-19 11:14:54 | INFO | Start 1 L-BFGS eval 8300 | Loss: 0.385359
2026-04-19 11:14:54 | INFO |   beta: +0.0133,  xi: +1.0000,  eta: +0.3224
2026-04-19 11:15:00 | INFO | Start 1 L-BFGS eval 8400 | Loss: 0.385352
2026-04-19 11:15:00 | INFO |   beta: +0.0135,  xi: +1.0000,  eta: +0.3260
2026-04-19 11:15:08 | INFO | Start 1 L-BFGS eval 8500 | Loss: 0.385347
2026-04-19 11:15:08 | INFO |   beta: +0.0134,  xi: +1.0000,  eta: +0.3253
2026-04-19 11:15:14 | INFO | Start 1 L-BFGS eval 8600 | Loss: 0.385342
2026-04-19 11:15:14 | INFO |   beta: +0.0135,  xi: +1.0000,  eta: +0.3258
2026-04-19 11:15:20 | INFO | Start 1 L-BFGS eval 8700 | Loss: 0.385341
2026-04-19 11:15:20 | INFO |   beta: +0.0132,  xi: +1.0000,  eta: +0.3213
2026-04-19 11:15:26 | INFO | Start 1 L-BFGS eval 8800 | Loss: 0.385332
2026-04-19 11:15:26 | INFO |   beta: +0.0135,  xi: +1.0000,  eta: +0.3262
2026-04-19 11:15:32 | INFO | Start 1 L-BFGS eval 8900 | Loss: 0.385524
2026-04-19 11:15:32 | INFO |   beta: +0.0118,  xi: +1.0000,  eta: +0.3000
2026-04-19 11:15:38 | INFO | Start 1 L-BFGS eval 9000 | Loss: 0.385322
2026-04-19 11:15:38 | INFO |   beta: +0.0135,  xi: +1.0000,  eta: +0.3262
2026-04-19 11:15:44 | INFO | Start 1 L-BFGS eval 9100 | Loss: 1.092008
2026-04-19 11:15:44 | INFO |   beta: -0.3829,  xi: +1.0000,  eta: -1.0000
2026-04-19 11:15:50 | INFO | Start 1 L-BFGS eval 9200 | Loss: 0.385316
2026-04-19 11:15:50 | INFO |   beta: +0.0135,  xi: +1.0000,  eta: +0.3256
2026-04-19 11:15:55 | INFO | Start 1 L-BFGS eval 9300 | Loss: 0.385377
2026-04-19 11:15:55 | INFO |   beta: +0.0125,  xi: +1.0000,  eta: +0.3107
2026-04-19 11:15:57 | INFO | Optimizer start 1/5 complete | final_loss=0.385313 | status=CONVERGENCE: RELATIVE REDUCTION OF F <= FACTR*EPSMCH
2026-04-19 11:15:57 | INFO | Optimizer start 2/5 | seed=1 | initial_loss=0.847198
2026-04-19 11:15:57 | INFO | Start 2 Adam step 0 | Loss: 0.847198
2026-04-19 11:15:59 | INFO | Start 2 Adam step 100 | Loss: 0.443574
2026-04-19 11:16:01 | INFO | Start 2 Adam step 200 | Loss: 0.429253
2026-04-19 11:16:04 | INFO | Start 2 Adam step 300 | Loss: 0.421603
2026-04-19 11:16:06 | INFO | Start 2 Adam step 400 | Loss: 0.399667
2026-04-19 11:16:08 | INFO | Start 2 Adam step 500 | Loss: 0.401611
2026-04-19 11:16:11 | INFO | Start 2 Adam step 600 | Loss: 0.407642
2026-04-19 11:16:13 | INFO | Start 2 Adam step 700 | Loss: 0.401417
2026-04-19 11:16:15 | INFO | Start 2 Adam step 800 | Loss: 0.399577
2026-04-19 11:16:18 | INFO | Start 2 Adam step 900 | Loss: 0.403565
2026-04-19 11:16:20 | INFO | Start 2 L-BFGS eval 0 | Loss: 0.404237
2026-04-19 11:16:20 | INFO |   beta: +0.0183,  xi: +1.0000,  eta: +0.3432
2026-04-19 11:16:26 | INFO | Start 2 L-BFGS eval 100 | Loss: 0.400210
2026-04-19 11:16:26 | INFO |   beta: +0.0177,  xi: +1.0000,  eta: +0.3527
2026-04-19 11:16:31 | INFO | Start 2 L-BFGS eval 200 | Loss: 0.407721
2026-04-19 11:16:31 | INFO |   beta: +0.0070,  xi: +1.0000,  eta: +0.1758
2026-04-19 11:16:37 | INFO | Start 2 L-BFGS eval 300 | Loss: 0.400140
2026-04-19 11:16:37 | INFO |   beta: +0.0155,  xi: +1.0000,  eta: +0.3147
2026-04-19 11:16:42 | INFO | Start 2 L-BFGS eval 400 | Loss: 0.400101
2026-04-19 11:16:42 | INFO |   beta: +0.0161,  xi: +1.0000,  eta: +0.3256
2026-04-19 11:16:48 | INFO | Start 2 L-BFGS eval 500 | Loss: 1.358829
2026-04-19 11:16:48 | INFO |   beta: -1.0000,  xi: +1.0000,  eta: -1.0000
2026-04-19 11:16:53 | INFO | Start 2 L-BFGS eval 600 | Loss: 0.400101
2026-04-19 11:16:53 | INFO |   beta: +0.0161,  xi: +1.0000,  eta: +0.3249
2026-04-19 11:16:54 | INFO | Optimizer start 2/5 complete | final_loss=0.400101 | status=CONVERGENCE: RELATIVE REDUCTION OF F <= FACTR*EPSMCH
2026-04-19 11:16:54 | INFO | Optimizer start 3/5 | seed=2 | initial_loss=0.737686
2026-04-19 11:16:54 | INFO | Start 3 Adam step 0 | Loss: 0.737686
2026-04-19 11:16:57 | INFO | Start 3 Adam step 100 | Loss: 0.422601
2026-04-19 11:16:59 | INFO | Start 3 Adam step 200 | Loss: 0.415029
2026-04-19 11:17:02 | INFO | Start 3 Adam step 300 | Loss: 0.425890
2026-04-19 11:17:04 | INFO | Start 3 Adam step 400 | Loss: 0.426954
2026-04-19 11:17:06 | INFO | Start 3 Adam step 500 | Loss: 0.398465
2026-04-19 11:17:09 | INFO | Start 3 Adam step 600 | Loss: 0.405019
2026-04-19 11:17:11 | INFO | Start 3 Adam step 700 | Loss: 0.411368
2026-04-19 11:17:14 | INFO | Start 3 Adam step 800 | Loss: 0.402613
2026-04-19 11:17:16 | INFO | Start 3 Adam step 900 | Loss: 0.397563
2026-04-19 11:17:19 | INFO | Start 3 L-BFGS eval 0 | Loss: 0.403092
2026-04-19 11:17:19 | INFO |   beta: +0.0300,  xi: +1.0000,  eta: +0.3462
2026-04-19 11:17:24 | INFO | Start 3 L-BFGS eval 100 | Loss: 0.395576
2026-04-19 11:17:24 | INFO |   beta: +0.0193,  xi: +1.0000,  eta: +0.3262
2026-04-19 11:17:30 | INFO | Start 3 L-BFGS eval 200 | Loss: 0.395176
2026-04-19 11:17:30 | INFO |   beta: +0.0334,  xi: +1.0000,  eta: +0.3409
2026-04-19 11:17:35 | INFO | Start 3 L-BFGS eval 300 | Loss: 0.396145
2026-04-19 11:17:35 | INFO |   beta: +0.0130,  xi: +1.0000,  eta: +0.3951
2026-04-19 11:17:41 | INFO | Start 3 L-BFGS eval 400 | Loss: 0.392245
2026-04-19 11:17:41 | INFO |   beta: +0.0151,  xi: +1.0000,  eta: +0.3190
2026-04-19 11:17:47 | INFO | Start 3 L-BFGS eval 500 | Loss: 0.392185
2026-04-19 11:17:47 | INFO |   beta: +0.0157,  xi: +1.0000,  eta: +0.3286
2026-04-19 11:17:52 | INFO | Start 3 L-BFGS eval 600 | Loss: 0.392059
2026-04-19 11:17:52 | INFO |   beta: +0.0154,  xi: +1.0000,  eta: +0.3249
2026-04-19 11:17:58 | INFO | Start 3 L-BFGS eval 700 | Loss: 0.389640
2026-04-19 11:17:58 | INFO |   beta: +0.0162,  xi: +1.0000,  eta: +0.3259
2026-04-19 11:18:04 | INFO | Start 3 L-BFGS eval 800 | Loss: 0.389582
2026-04-19 11:18:04 | INFO |   beta: +0.0157,  xi: +1.0000,  eta: +0.3160
2026-04-19 11:18:09 | INFO | Start 3 L-BFGS eval 900 | Loss: 0.389565
2026-04-19 11:18:09 | INFO |   beta: +0.0148,  xi: +1.0000,  eta: +0.3240
2026-04-19 11:18:15 | INFO | Start 3 L-BFGS eval 1000 | Loss: 0.389513
2026-04-19 11:18:15 | INFO |   beta: +0.0149,  xi: +1.0000,  eta: +0.3257
2026-04-19 11:18:20 | INFO | Start 3 L-BFGS eval 1100 | Loss: 0.388925
2026-04-19 11:18:20 | INFO |   beta: +0.0208,  xi: +1.0000,  eta: +0.2984
2026-04-19 11:18:26 | INFO | Start 3 L-BFGS eval 1200 | Loss: 0.388442
2026-04-19 11:18:26 | INFO |   beta: +0.0143,  xi: +1.0000,  eta: +0.3218
2026-04-19 11:18:32 | INFO | Start 3 L-BFGS eval 1300 | Loss: 0.388429
2026-04-19 11:18:32 | INFO |   beta: +0.0143,  xi: +1.0000,  eta: +0.3225
2026-04-19 11:18:37 | INFO | Start 3 L-BFGS eval 1400 | Loss: 0.388419
2026-04-19 11:18:37 | INFO |   beta: +0.0142,  xi: +1.0000,  eta: +0.3217
2026-04-19 11:18:43 | INFO | Start 3 L-BFGS eval 1500 | Loss: 0.388408
2026-04-19 11:18:43 | INFO |   beta: +0.0144,  xi: +1.0000,  eta: +0.3241
2026-04-19 11:18:48 | INFO | Start 3 L-BFGS eval 1600 | Loss: 0.388397
2026-04-19 11:18:48 | INFO |   beta: +0.0141,  xi: +1.0000,  eta: +0.3198
2026-04-19 11:18:54 | INFO | Start 3 L-BFGS eval 1700 | Loss: 0.388386
2026-04-19 11:18:54 | INFO |   beta: +0.0143,  xi: +1.0000,  eta: +0.3226
2026-04-19 11:18:59 | INFO | Start 3 L-BFGS eval 1800 | Loss: 0.412012
2026-04-19 11:18:59 | INFO |   beta: -0.0027,  xi: +1.0000,  eta: +0.0570
2026-04-19 11:19:04 | INFO | Start 3 L-BFGS eval 1900 | Loss: 0.388365
2026-04-19 11:19:04 | INFO |   beta: +0.0142,  xi: +1.0000,  eta: +0.3215
2026-04-19 11:19:10 | INFO | Start 3 L-BFGS eval 2000 | Loss: 0.388359
2026-04-19 11:19:10 | INFO |   beta: +0.0138,  xi: +1.0000,  eta: +0.3160
2026-04-19 11:19:15 | INFO | Start 3 L-BFGS eval 2100 | Loss: 0.388342
2026-04-19 11:19:15 | INFO |   beta: +0.0142,  xi: +1.0000,  eta: +0.3216
2026-04-19 11:19:21 | INFO | Start 3 L-BFGS eval 2200 | Loss: 0.388329
2026-04-19 11:19:21 | INFO |   beta: +0.0142,  xi: +1.0000,  eta: +0.3214
2026-04-19 11:19:26 | INFO | Start 3 L-BFGS eval 2300 | Loss: 0.388320
2026-04-19 11:19:26 | INFO |   beta: +0.0142,  xi: +1.0000,  eta: +0.3217
2026-04-19 11:19:32 | INFO | Start 3 L-BFGS eval 2400 | Loss: 0.388307
2026-04-19 11:19:32 | INFO |   beta: +0.0142,  xi: +1.0000,  eta: +0.3216
2026-04-19 11:19:37 | INFO | Start 3 L-BFGS eval 2500 | Loss: 0.388299
2026-04-19 11:19:37 | INFO |   beta: +0.0142,  xi: +1.0000,  eta: +0.3215
2026-04-19 11:19:42 | INFO | Start 3 L-BFGS eval 2600 | Loss: 0.388286
2026-04-19 11:19:42 | INFO |   beta: +0.0142,  xi: +1.0000,  eta: +0.3215
2026-04-19 11:19:47 | INFO | Start 3 L-BFGS eval 2700 | Loss: 0.388277
2026-04-19 11:19:47 | INFO |   beta: +0.0142,  xi: +1.0000,  eta: +0.3217
2026-04-19 11:19:52 | INFO | Start 3 L-BFGS eval 2800 | Loss: 0.388264
2026-04-19 11:19:52 | INFO |   beta: +0.0141,  xi: +1.0000,  eta: +0.3210
2026-04-19 11:19:57 | INFO | Start 3 L-BFGS eval 2900 | Loss: 0.388256
2026-04-19 11:19:57 | INFO |   beta: +0.0141,  xi: +1.0000,  eta: +0.3216
2026-04-19 11:20:02 | INFO | Start 3 L-BFGS eval 3000 | Loss: 0.388243
2026-04-19 11:20:02 | INFO |   beta: +0.0141,  xi: +1.0000,  eta: +0.3216
2026-04-19 11:20:07 | INFO | Start 3 L-BFGS eval 3100 | Loss: 0.388235
2026-04-19 11:20:07 | INFO |   beta: +0.0141,  xi: +1.0000,  eta: +0.3216
2026-04-19 11:20:12 | INFO | Start 3 L-BFGS eval 3200 | Loss: 0.388221
2026-04-19 11:20:12 | INFO |   beta: +0.0141,  xi: +1.0000,  eta: +0.3215
2026-04-19 11:20:18 | INFO | Start 3 L-BFGS eval 3300 | Loss: 0.388212
2026-04-19 11:20:18 | INFO |   beta: +0.0142,  xi: +1.0000,  eta: +0.3224
2026-04-19 11:20:23 | INFO | Start 3 L-BFGS eval 3400 | Loss: 0.388200
2026-04-19 11:20:23 | INFO |   beta: +0.0141,  xi: +1.0000,  eta: +0.3215
2026-04-19 11:20:28 | INFO | Start 3 L-BFGS eval 3500 | Loss: 0.388192
2026-04-19 11:20:28 | INFO |   beta: +0.0141,  xi: +1.0000,  eta: +0.3215
2026-04-19 11:20:33 | INFO | Start 3 L-BFGS eval 3600 | Loss: 0.419452
2026-04-19 11:20:33 | INFO |   beta: -0.0052,  xi: +1.0000,  eta: +0.0184
2026-04-19 11:20:39 | INFO | Start 3 L-BFGS eval 3700 | Loss: 0.388171
2026-04-19 11:20:39 | INFO |   beta: +0.0142,  xi: +1.0000,  eta: +0.3223
2026-04-19 11:20:44 | INFO | Start 3 L-BFGS eval 3800 | Loss: 0.428838
2026-04-19 11:20:44 | INFO |   beta: -0.0079,  xi: +1.0000,  eta: -0.0225
2026-04-19 11:20:49 | INFO | Start 3 L-BFGS eval 3900 | Loss: 0.388150
2026-04-19 11:20:49 | INFO |   beta: +0.0142,  xi: +1.0000,  eta: +0.3231
2026-04-19 11:20:54 | INFO | Start 3 L-BFGS eval 4000 | Loss: 0.388157
2026-04-19 11:20:54 | INFO |   beta: +0.0136,  xi: +1.0000,  eta: +0.3134
2026-04-19 11:20:59 | INFO | Start 3 L-BFGS eval 4100 | Loss: 0.388128
2026-04-19 11:20:59 | INFO |   beta: +0.0142,  xi: +1.0000,  eta: +0.3234
2026-04-19 11:21:05 | INFO | Start 3 L-BFGS eval 4200 | Loss: 0.388118
2026-04-19 11:21:05 | INFO |   beta: +0.0141,  xi: +1.0000,  eta: +0.3214
2026-04-19 11:21:10 | INFO | Start 3 L-BFGS eval 4300 | Loss: 0.388109
2026-04-19 11:21:10 | INFO |   beta: +0.0143,  xi: +1.0000,  eta: +0.3241
2026-04-19 11:21:16 | INFO | Start 3 L-BFGS eval 4400 | Loss: 0.388098
2026-04-19 11:21:16 | INFO |   beta: +0.0141,  xi: +1.0000,  eta: +0.3215
2026-04-19 11:21:21 | INFO | Start 3 L-BFGS eval 4500 | Loss: 0.388084
2026-04-19 11:21:21 | INFO |   beta: +0.0141,  xi: +1.0000,  eta: +0.3212
2026-04-19 11:21:26 | INFO | Start 3 L-BFGS eval 4600 | Loss: 0.388076
2026-04-19 11:21:26 | INFO |   beta: +0.0141,  xi: +1.0000,  eta: +0.3214
2026-04-19 11:21:31 | INFO | Start 3 L-BFGS eval 4700 | Loss: 0.388785
2026-04-19 11:21:31 | INFO |   beta: +0.0110,  xi: +1.0000,  eta: +0.2736
2026-04-19 11:21:37 | INFO | Start 3 L-BFGS eval 4800 | Loss: 0.388053
2026-04-19 11:21:37 | INFO |   beta: +0.0143,  xi: +1.0000,  eta: +0.3245
2026-04-19 11:21:43 | INFO | Start 3 L-BFGS eval 4900 | Loss: 0.388042
2026-04-19 11:21:43 | INFO |   beta: +0.0141,  xi: +1.0000,  eta: +0.3214
2026-04-19 11:21:48 | INFO | Start 3 L-BFGS eval 5000 | Loss: 0.388530
2026-04-19 11:21:48 | INFO |   beta: +0.0115,  xi: +1.0000,  eta: +0.2814
2026-04-19 11:21:53 | INFO | Start 3 L-BFGS eval 5100 | Loss: 0.388021
2026-04-19 11:21:53 | INFO |   beta: +0.0140,  xi: +1.0000,  eta: +0.3214
2026-04-19 11:21:58 | INFO | Start 3 L-BFGS eval 5200 | Loss: 0.388009
2026-04-19 11:21:58 | INFO |   beta: +0.0141,  xi: +1.0000,  eta: +0.3215
2026-04-19 11:22:04 | INFO | Start 3 L-BFGS eval 5300 | Loss: 0.387999
2026-04-19 11:22:04 | INFO |   beta: +0.0142,  xi: +1.0000,  eta: +0.3246
2026-04-19 11:22:09 | INFO | Start 3 L-BFGS eval 5400 | Loss: 0.387988
2026-04-19 11:22:09 | INFO |   beta: +0.0140,  xi: +1.0000,  eta: +0.3209
2026-04-19 11:22:15 | INFO | Start 3 L-BFGS eval 5500 | Loss: 0.387978
2026-04-19 11:22:15 | INFO |   beta: +0.0142,  xi: +1.0000,  eta: +0.3236
2026-04-19 11:22:20 | INFO | Start 3 L-BFGS eval 5600 | Loss: 0.387967
2026-04-19 11:22:20 | INFO |   beta: +0.0140,  xi: +1.0000,  eta: +0.3210
2026-04-19 11:22:25 | INFO | Start 3 L-BFGS eval 5700 | Loss: 0.429451
2026-04-19 11:22:25 | INFO |   beta: -0.0082,  xi: +1.0000,  eta: -0.0261
2026-04-19 11:22:31 | INFO | Start 3 L-BFGS eval 5800 | Loss: 0.387947
2026-04-19 11:22:31 | INFO |   beta: +0.0140,  xi: +1.0000,  eta: +0.3213
2026-04-19 11:22:36 | INFO | Start 3 L-BFGS eval 5900 | Loss: 0.387935
2026-04-19 11:22:36 | INFO |   beta: +0.0140,  xi: +1.0000,  eta: +0.3207
2026-04-19 11:22:41 | INFO | Start 3 L-BFGS eval 6000 | Loss: 0.387925
2026-04-19 11:22:41 | INFO |   beta: +0.0142,  xi: +1.0000,  eta: +0.3241
2026-04-19 11:22:47 | INFO | Start 3 L-BFGS eval 6100 | Loss: 0.387914
2026-04-19 11:22:47 | INFO |   beta: +0.0140,  xi: +1.0000,  eta: +0.3212
2026-04-19 11:22:52 | INFO | Start 3 L-BFGS eval 6200 | Loss: 0.387903
2026-04-19 11:22:52 | INFO |   beta: +0.0140,  xi: +1.0000,  eta: +0.3218
2026-04-19 11:22:58 | INFO | Start 3 L-BFGS eval 6300 | Loss: 0.387894
2026-04-19 11:22:58 | INFO |   beta: +0.0140,  xi: +1.0000,  eta: +0.3212
2026-04-19 11:23:03 | INFO | Start 3 L-BFGS eval 6400 | Loss: 0.387881
2026-04-19 11:23:03 | INFO |   beta: +0.0140,  xi: +1.0000,  eta: +0.3211
2026-04-19 11:23:09 | INFO | Start 3 L-BFGS eval 6500 | Loss: 0.387872
2026-04-19 11:23:09 | INFO |   beta: +0.0141,  xi: +1.0000,  eta: +0.3230
2026-04-19 11:23:14 | INFO | Start 3 L-BFGS eval 6600 | Loss: 0.387860
2026-04-19 11:23:14 | INFO |   beta: +0.0140,  xi: +1.0000,  eta: +0.3209
2026-04-19 11:23:19 | INFO | Start 3 L-BFGS eval 6700 | Loss: 0.388262
2026-04-19 11:23:19 | INFO |   beta: +0.0116,  xi: +1.0000,  eta: +0.2846
2026-04-19 11:23:25 | INFO | Start 3 L-BFGS eval 6800 | Loss: 0.387839
2026-04-19 11:23:25 | INFO |   beta: +0.0141,  xi: +1.0000,  eta: +0.3238
2026-04-19 11:23:30 | INFO | Start 3 L-BFGS eval 6900 | Loss: 0.387828
2026-04-19 11:23:30 | INFO |   beta: +0.0139,  xi: +1.0000,  eta: +0.3208
2026-04-19 11:23:35 | INFO | Start 3 L-BFGS eval 7000 | Loss: 0.387816
2026-04-19 11:23:35 | INFO |   beta: +0.0140,  xi: +1.0000,  eta: +0.3212
2026-04-19 11:23:41 | INFO | Start 3 L-BFGS eval 7100 | Loss: 0.387806
2026-04-19 11:23:41 | INFO |   beta: +0.0142,  xi: +1.0000,  eta: +0.3243
2026-04-19 11:23:46 | INFO | Start 3 L-BFGS eval 7200 | Loss: 0.387796
2026-04-19 11:23:46 | INFO |   beta: +0.0139,  xi: +1.0000,  eta: +0.3209
2026-04-19 11:23:52 | INFO | Start 3 L-BFGS eval 7300 | Loss: 0.387785
2026-04-19 11:23:52 | INFO |   beta: +0.0139,  xi: +1.0000,  eta: +0.3197
2026-04-19 11:23:57 | INFO | Start 3 L-BFGS eval 7400 | Loss: 0.387775
2026-04-19 11:23:57 | INFO |   beta: +0.0140,  xi: +1.0000,  eta: +0.3225
2026-04-19 11:24:02 | INFO | Start 3 L-BFGS eval 7500 | Loss: 0.387764
2026-04-19 11:24:02 | INFO |   beta: +0.0139,  xi: +1.0000,  eta: +0.3209
2026-04-19 11:24:08 | INFO | Start 3 L-BFGS eval 7600 | Loss: 0.387753
2026-04-19 11:24:08 | INFO |   beta: +0.0139,  xi: +1.0000,  eta: +0.3209
2026-04-19 11:24:13 | INFO | Start 3 L-BFGS eval 7700 | Loss: 0.387745
2026-04-19 11:24:13 | INFO |   beta: +0.0142,  xi: +1.0000,  eta: +0.3250
2026-04-19 11:24:18 | INFO | Start 3 L-BFGS eval 7800 | Loss: 0.387733
2026-04-19 11:24:18 | INFO |   beta: +0.0139,  xi: +1.0000,  eta: +0.3208
2026-04-19 11:24:23 | INFO | Start 3 L-BFGS eval 7900 | Loss: 0.387722
2026-04-19 11:24:23 | INFO |   beta: +0.0138,  xi: +1.0000,  eta: +0.3197
2026-04-19 11:24:29 | INFO | Start 3 L-BFGS eval 8000 | Loss: 0.387713
2026-04-19 11:24:29 | INFO |   beta: +0.0142,  xi: +1.0000,  eta: +0.3248
2026-04-19 11:24:34 | INFO | Start 3 L-BFGS eval 8100 | Loss: 0.387702
2026-04-19 11:24:34 | INFO |   beta: +0.0139,  xi: +1.0000,  eta: +0.3209
2026-04-19 11:24:40 | INFO | Start 3 L-BFGS eval 8200 | Loss: 0.388231
2026-04-19 11:24:40 | INFO |   beta: +0.0113,  xi: +1.0000,  eta: +0.2795
2026-04-19 11:24:45 | INFO | Start 3 L-BFGS eval 8300 | Loss: 0.387683
2026-04-19 11:24:45 | INFO |   beta: +0.0139,  xi: +1.0000,  eta: +0.3210
2026-04-19 11:24:51 | INFO | Start 3 L-BFGS eval 8400 | Loss: 0.387672
2026-04-19 11:24:51 | INFO |   beta: +0.0139,  xi: +1.0000,  eta: +0.3203
2026-04-19 11:24:56 | INFO | Start 3 L-BFGS eval 8500 | Loss: 0.387662
2026-04-19 11:24:56 | INFO |   beta: +0.0140,  xi: +1.0000,  eta: +0.3231
2026-04-19 11:25:02 | INFO | Start 3 L-BFGS eval 8600 | Loss: 0.387653
2026-04-19 11:25:02 | INFO |   beta: +0.0139,  xi: +1.0000,  eta: +0.3212
2026-04-19 11:25:07 | INFO | Start 3 L-BFGS eval 8700 | Loss: 0.387669
2026-04-19 11:25:07 | INFO |   beta: +0.0133,  xi: +1.0000,  eta: +0.3113
2026-04-19 11:25:13 | INFO | Start 3 L-BFGS eval 8800 | Loss: 0.387633
2026-04-19 11:25:13 | INFO |   beta: +0.0141,  xi: +1.0000,  eta: +0.3237
2026-04-19 11:25:18 | INFO | Start 3 L-BFGS eval 8900 | Loss: 0.387623
2026-04-19 11:25:18 | INFO |   beta: +0.0139,  xi: +1.0000,  eta: +0.3211
2026-04-19 11:25:24 | INFO | Start 3 L-BFGS eval 9000 | Loss: 0.387612
2026-04-19 11:25:24 | INFO |   beta: +0.0139,  xi: +1.0000,  eta: +0.3210
2026-04-19 11:25:30 | INFO | Start 3 L-BFGS eval 9100 | Loss: 0.387603
2026-04-19 11:25:30 | INFO |   beta: +0.0140,  xi: +1.0000,  eta: +0.3234
2026-04-19 11:25:37 | INFO | Start 3 L-BFGS eval 9200 | Loss: 0.387593
2026-04-19 11:25:37 | INFO |   beta: +0.0139,  xi: +1.0000,  eta: +0.3207
2026-04-19 11:25:44 | INFO | Start 3 L-BFGS eval 9300 | Loss: 0.387582
2026-04-19 11:25:44 | INFO |   beta: +0.0138,  xi: +1.0000,  eta: +0.3202
2026-04-19 11:25:50 | INFO | Start 3 L-BFGS eval 9400 | Loss: 0.387573
2026-04-19 11:25:50 | INFO |   beta: +0.0140,  xi: +1.0000,  eta: +0.3233
2026-04-19 11:25:56 | INFO | Start 3 L-BFGS eval 9500 | Loss: 0.387564
2026-04-19 11:25:56 | INFO |   beta: +0.0139,  xi: +1.0000,  eta: +0.3209
2026-04-19 11:26:02 | INFO | Start 3 L-BFGS eval 9600 | Loss: 0.387553
2026-04-19 11:26:02 | INFO |   beta: +0.0138,  xi: +1.0000,  eta: +0.3206
2026-04-19 11:26:07 | INFO | Start 3 L-BFGS eval 9700 | Loss: 0.388131
2026-04-19 11:26:07 | INFO |   beta: +0.0111,  xi: +1.0000,  eta: +0.2776
2026-04-19 11:26:13 | INFO | Start 3 L-BFGS eval 9800 | Loss: 0.387535
2026-04-19 11:26:13 | INFO |   beta: +0.0138,  xi: +1.0000,  eta: +0.3206
2026-04-19 11:26:18 | INFO | Start 3 L-BFGS eval 9900 | Loss: 0.387524
2026-04-19 11:26:18 | INFO |   beta: +0.0138,  xi: +1.0000,  eta: +0.3207
2026-04-19 11:26:23 | INFO | Start 3 L-BFGS eval 10000 | Loss: 0.387513
2026-04-19 11:26:23 | INFO |   beta: +0.0138,  xi: +1.0000,  eta: +0.3209
2026-04-19 11:26:29 | INFO | Start 3 L-BFGS eval 10100 | Loss: 0.387505
2026-04-19 11:26:29 | INFO |   beta: +0.0139,  xi: +1.0000,  eta: +0.3216
2026-04-19 11:26:34 | INFO | Start 3 L-BFGS eval 10200 | Loss: 0.387496
2026-04-19 11:26:34 | INFO |   beta: +0.0138,  xi: +1.0000,  eta: +0.3207
2026-04-19 11:26:40 | INFO | Start 3 L-BFGS eval 10300 | Loss: 0.387487
2026-04-19 11:26:40 | INFO |   beta: +0.0140,  xi: +1.0000,  eta: +0.3231
2026-04-19 11:26:45 | INFO | Start 3 L-BFGS eval 10400 | Loss: 0.387478
2026-04-19 11:26:45 | INFO |   beta: +0.0138,  xi: +1.0000,  eta: +0.3209
2026-04-19 11:26:50 | INFO | Start 3 L-BFGS eval 10500 | Loss: 0.387467
2026-04-19 11:26:50 | INFO |   beta: +0.0138,  xi: +1.0000,  eta: +0.3210
2026-04-19 11:26:56 | INFO | Start 3 L-BFGS eval 10600 | Loss: 0.387460
2026-04-19 11:26:56 | INFO |   beta: +0.0140,  xi: +1.0000,  eta: +0.3246
2026-04-19 11:27:01 | INFO | Start 3 L-BFGS eval 10700 | Loss: 0.387450
2026-04-19 11:27:01 | INFO |   beta: +0.0138,  xi: +1.0000,  eta: +0.3204
2026-04-19 11:27:07 | INFO | Start 3 L-BFGS eval 10800 | Loss: 0.387442
2026-04-19 11:27:07 | INFO |   beta: +0.0140,  xi: +1.0000,  eta: +0.3234
2026-04-19 11:27:13 | INFO | Start 3 L-BFGS eval 10900 | Loss: 0.387432
2026-04-19 11:27:13 | INFO |   beta: +0.0138,  xi: +1.0000,  eta: +0.3210
2026-04-19 11:27:18 | INFO | Start 3 L-BFGS eval 11000 | Loss: 0.387424
2026-04-19 11:27:18 | INFO |   beta: +0.0139,  xi: +1.0000,  eta: +0.3232
2026-04-19 11:27:24 | INFO | Start 3 L-BFGS eval 11100 | Loss: 0.387415
2026-04-19 11:27:24 | INFO |   beta: +0.0138,  xi: +1.0000,  eta: +0.3209
2026-04-19 11:27:29 | INFO | Start 3 L-BFGS eval 11200 | Loss: 0.387407
2026-04-19 11:27:29 | INFO |   beta: +0.0139,  xi: +1.0000,  eta: +0.3223
2026-04-19 11:27:35 | INFO | Start 3 L-BFGS eval 11300 | Loss: 0.387398
2026-04-19 11:27:35 | INFO |   beta: +0.0138,  xi: +1.0000,  eta: +0.3207
2026-04-19 11:27:41 | INFO | Start 3 L-BFGS eval 11400 | Loss: 0.387388
2026-04-19 11:27:41 | INFO |   beta: +0.0138,  xi: +1.0000,  eta: +0.3207
2026-04-19 11:27:46 | INFO | Start 3 L-BFGS eval 11500 | Loss: 0.387379
2026-04-19 11:27:46 | INFO |   beta: +0.0139,  xi: +1.0000,  eta: +0.3233
2026-04-19 11:27:53 | INFO | Start 3 L-BFGS eval 11600 | Loss: 0.387371
2026-04-19 11:27:53 | INFO |   beta: +0.0138,  xi: +1.0000,  eta: +0.3208
2026-04-19 11:27:58 | INFO | Start 3 L-BFGS eval 11700 | Loss: 0.387364
2026-04-19 11:27:58 | INFO |   beta: +0.0140,  xi: +1.0000,  eta: +0.3244
2026-04-19 11:28:05 | INFO | Start 3 L-BFGS eval 11800 | Loss: 0.387354
2026-04-19 11:28:05 | INFO |   beta: +0.0138,  xi: +1.0000,  eta: +0.3206
2026-04-19 11:28:11 | INFO | Start 3 L-BFGS eval 11900 | Loss: 0.387343
2026-04-19 11:28:11 | INFO |   beta: +0.0137,  xi: +1.0000,  eta: +0.3204
2026-04-19 11:28:17 | INFO | Start 3 L-BFGS eval 12000 | Loss: 0.387349
2026-04-19 11:28:17 | INFO |   beta: +0.0133,  xi: +1.0000,  eta: +0.3130
2026-04-19 11:28:23 | INFO | Start 3 L-BFGS eval 12100 | Loss: 0.387326
2026-04-19 11:28:23 | INFO |   beta: +0.0137,  xi: +1.0000,  eta: +0.3203
2026-04-19 11:28:28 | INFO | Start 3 L-BFGS eval 12200 | Loss: 0.387318
2026-04-19 11:28:28 | INFO |   beta: +0.0139,  xi: +1.0000,  eta: +0.3225
2026-04-19 11:28:33 | INFO | Start 3 L-BFGS eval 12300 | Loss: 0.387309
2026-04-19 11:28:33 | INFO |   beta: +0.0137,  xi: +1.0000,  eta: +0.3206
2026-04-19 11:28:39 | INFO | Optimizer start 3/5 complete | final_loss=0.387302 | status=ABNORMAL: 
2026-04-19 11:28:39 | INFO | Optimizer start 4/5 | seed=3 | initial_loss=0.697429
2026-04-19 11:28:39 | INFO | Start 4 Adam step 0 | Loss: 0.697429
2026-04-19 11:28:41 | INFO | Start 4 Adam step 100 | Loss: 0.433164
2026-04-19 11:28:43 | INFO | Start 4 Adam step 200 | Loss: 0.415979
2026-04-19 11:28:46 | INFO | Start 4 Adam step 300 | Loss: 0.425311
2026-04-19 11:28:48 | INFO | Start 4 Adam step 400 | Loss: 0.405652
2026-04-19 11:28:50 | INFO | Start 4 Adam step 500 | Loss: 0.398664
2026-04-19 11:28:53 | INFO | Start 4 Adam step 600 | Loss: 0.404628
2026-04-19 11:28:55 | INFO | Start 4 Adam step 700 | Loss: 0.405772
2026-04-19 11:28:58 | INFO | Start 4 Adam step 800 | Loss: 0.401848
2026-04-19 11:29:00 | INFO | Start 4 Adam step 900 | Loss: 0.403804
2026-04-19 11:29:02 | INFO | Start 4 L-BFGS eval 0 | Loss: 0.405013
2026-04-19 11:29:02 | INFO |   beta: +0.0188,  xi: +1.0000,  eta: +0.3528
2026-04-19 11:29:08 | INFO | Start 4 L-BFGS eval 100 | Loss: 0.762735
2026-04-19 11:29:08 | INFO |   beta: +0.0475,  xi: +1.0000,  eta: -0.6433
2026-04-19 11:29:13 | INFO | Start 4 L-BFGS eval 200 | Loss: 0.403424
2026-04-19 11:29:13 | INFO |   beta: +0.0189,  xi: +1.0000,  eta: +0.3218
2026-04-19 11:29:19 | INFO | Start 4 L-BFGS eval 300 | Loss: 1.192302
2026-04-19 11:29:19 | INFO |   beta: +0.5042,  xi: +1.0000,  eta: -1.0000
2026-04-19 11:29:25 | INFO | Start 4 L-BFGS eval 400 | Loss: 0.403423
2026-04-19 11:29:25 | INFO |   beta: +0.0190,  xi: +1.0000,  eta: +0.3181
2026-04-19 11:29:31 | INFO | Start 4 L-BFGS eval 500 | Loss: 0.404633
2026-04-19 11:29:31 | INFO |   beta: +0.0216,  xi: +1.0000,  eta: +0.2568
2026-04-19 11:29:37 | INFO | Start 4 L-BFGS eval 600 | Loss: 0.403423
2026-04-19 11:29:37 | INFO |   beta: +0.0190,  xi: +1.0000,  eta: +0.3177
2026-04-19 11:29:40 | INFO | Optimizer start 4/5 complete | final_loss=0.403423 | status=CONVERGENCE: RELATIVE REDUCTION OF F <= FACTR*EPSMCH
2026-04-19 11:29:40 | INFO | Optimizer start 5/5 | seed=4 | initial_loss=0.730387
2026-04-19 11:29:40 | INFO | Start 5 Adam step 0 | Loss: 0.730387
2026-04-19 11:29:42 | INFO | Start 5 Adam step 100 | Loss: 0.426578
2026-04-19 11:29:45 | INFO | Start 5 Adam step 200 | Loss: 0.424248
2026-04-19 11:29:47 | INFO | Start 5 Adam step 300 | Loss: 0.428111
2026-04-19 11:29:49 | INFO | Start 5 Adam step 400 | Loss: 0.396275
2026-04-19 11:29:52 | INFO | Start 5 Adam step 500 | Loss: 0.402114
2026-04-19 11:29:54 | INFO | Start 5 Adam step 600 | Loss: 0.403286
2026-04-19 11:29:56 | INFO | Start 5 Adam step 700 | Loss: 0.407091
2026-04-19 11:29:59 | INFO | Start 5 Adam step 800 | Loss: 0.397912
2026-04-19 11:30:01 | INFO | Start 5 Adam step 900 | Loss: 0.397440
2026-04-19 11:30:04 | INFO | Start 5 L-BFGS eval 0 | Loss: 0.404993
2026-04-19 11:30:04 | INFO |   beta: +0.0141,  xi: +1.0000,  eta: +0.3457
2026-04-19 11:30:09 | INFO | Start 5 L-BFGS eval 100 | Loss: 0.393835
2026-04-19 11:30:09 | INFO |   beta: -0.0026,  xi: +1.0000,  eta: +0.3090
2026-04-19 11:30:15 | INFO | Start 5 L-BFGS eval 200 | Loss: 0.393567
2026-04-19 11:30:15 | INFO |   beta: +0.0165,  xi: +1.0000,  eta: +0.3319
2026-04-19 11:30:21 | INFO | Start 5 L-BFGS eval 300 | Loss: 0.391890
2026-04-19 11:30:21 | INFO |   beta: +0.0178,  xi: +1.0000,  eta: +0.3145
2026-04-19 11:30:27 | INFO | Start 5 L-BFGS eval 400 | Loss: 1.145298
2026-04-19 11:30:27 | INFO |   beta: +1.0000,  xi: +1.0000,  eta: -1.0000
2026-04-19 11:30:33 | INFO | Start 5 L-BFGS eval 500 | Loss: 0.389155
2026-04-19 11:30:33 | INFO |   beta: +0.0141,  xi: +1.0000,  eta: +0.3220
2026-04-19 11:30:39 | INFO | Start 5 L-BFGS eval 600 | Loss: 0.389042
2026-04-19 11:30:39 | INFO |   beta: +0.0142,  xi: +1.0000,  eta: +0.3182
2026-04-19 11:30:45 | INFO | Start 5 L-BFGS eval 700 | Loss: 0.390277
2026-04-19 11:30:45 | INFO |   beta: +0.0172,  xi: +1.0000,  eta: +0.3918
2026-04-19 11:30:51 | INFO | Start 5 L-BFGS eval 800 | Loss: 0.389438
2026-04-19 11:30:51 | INFO |   beta: +0.0115,  xi: +1.0000,  eta: +0.2735
2026-04-19 11:30:57 | INFO | Start 5 L-BFGS eval 900 | Loss: 0.388886
2026-04-19 11:30:57 | INFO |   beta: +0.0129,  xi: +1.0000,  eta: +0.2981
2026-04-19 11:31:04 | INFO | Start 5 L-BFGS eval 1000 | Loss: 0.388722
2026-04-19 11:31:04 | INFO |   beta: +0.0145,  xi: +1.0000,  eta: +0.3267
2026-04-19 11:31:08 | INFO | Optimizer start 5/5 complete | final_loss=0.383811 | status=CONVERGENCE: RELATIVE REDUCTION OF F <= FACTR*EPSMCH
2026-04-19 11:31:08 | INFO | Done fitting.
2026-04-19 11:31:08 | INFO | Optimizer status: CONVERGENCE: RELATIVE REDUCTION OF F <= FACTR*EPSMCH | best_start=5/5
2026-04-19 11:31:08 | INFO | Best optimizer start: 5 / 5
2026-04-19 11:31:08 | INFO | Final Loss: 0.383811
2026-04-19 11:31:08 | INFO | Estimated Parameters:
2026-04-19 11:31:08 | INFO |   beta: 0.0119
2026-04-19 11:31:08 | INFO |   xi: 1.0000
2026-04-19 11:31:08 | INFO |   eta: 0.3193
2026-04-19 11:31:08 | INFO | Field and interaction diagnostics:
2026-04-19 11:31:08 | INFO |   estimated_field_inf_norm: 1.000000
2026-04-19 11:31:08 | INFO |   estimated_field_rank: 40.000000
2026-04-19 11:31:08 | INFO |   bound_B: 1.000000
2026-04-19 11:31:08 | INFO | Saved summary tables to C:\Users\phevo\Documents\MIT\Code\MPLE-Causal-Inference\experiments\USCountyVaccination_US_sensitivity\outcome_death_rate_100k_ge_2__intervention_complete_cov_ge_40__lag_2w__contiguity__start_2020_01_26\fits\rank_40_b1\mple_summary.csv and C:\Users\phevo\Documents\MIT\Code\MPLE-Causal-Inference\experiments\USCountyVaccination_US_sensitivity\outcome_death_rate_100k_ge_2__intervention_complete_cov_ge_40__lag_2w__contiguity__start_2020_01_26\fits\rank_40_b1\mple_summary.md
2026-04-19 11:31:08 | INFO | Log saved to C:\Users\phevo\Documents\MIT\Code\MPLE-Causal-Inference\experiments\USCountyVaccination_US_sensitivity\outcome_death_rate_100k_ge_2__intervention_complete_cov_ge_40__lag_2w__contiguity__start_2020_01_26\fits\rank_40_b1\mple.log
