2026-04-07 13:26:11 | INFO | Loading data...
2026-04-07 13:26:11 | INFO | Loaded 6 field templates and 1 interaction templates.
2026-04-07 13:26:11 | INFO | Intervention-process model enabled: True
2026-04-07 13:26:11 | INFO | Tau zero-mean enabled: True
2026-04-07 13:26:11 | INFO | Tau smoothness lambda: 1.000000
2026-04-07 13:26:11 | INFO | Running conditional-model MPLE on x with shape=(68, 3203)
2026-04-07 13:26:11 | INFO | Eval 0  |  Loss: 0.717155
2026-04-07 13:26:11 | INFO |   field::log_population: +0.0126,  field::median_household_income: -0.0132,  field::poverty_rate: +0.0640,  field::pct_black: +0.0105,  field::pct_hispanic: -0.0536,  field::pct_in_labor_force: +0.0362,  tau block: mean=-0.0000, std=0.0967, min=-0.2417, max=+0.1869,  beta: +0.1822,  interaction::contiguity: -0.1320,  eta: -0.0662,  zeta: +0.0935,  psi: +0.0049
2026-04-07 13:26:15 | INFO | Done fitting.
2026-04-07 13:26:15 | INFO | Optimizer status: CONVERGENCE: RELATIVE REDUCTION OF F <= FACTR*EPSMCH
2026-04-07 13:26:15 | INFO | Final Loss: 0.146569
2026-04-07 13:26:15 | INFO | Estimated Parameters:
2026-04-07 13:26:15 | INFO |   field::log_population: 0.1444
2026-04-07 13:26:15 | INFO |   field::median_household_income: -0.3117
2026-04-07 13:26:15 | INFO |   field::poverty_rate: -0.0817
2026-04-07 13:26:15 | INFO |   field::pct_black: -0.1885
2026-04-07 13:26:15 | INFO |   field::pct_hispanic: -0.1004
2026-04-07 13:26:15 | INFO |   field::pct_in_labor_force: 0.0809
2026-04-07 13:26:15 | INFO |   tau::t_0: -0.1367
2026-04-07 13:26:15 | INFO |   tau::t_1: -0.1683
2026-04-07 13:26:15 | INFO |   tau::t_2: -0.1833
2026-04-07 13:26:15 | INFO |   tau::t_3: -0.3019
2026-04-07 13:26:15 | INFO |   tau::t_4: 0.0676
2026-04-07 13:26:15 | INFO |   tau::t_5: -0.1439
2026-04-07 13:26:15 | INFO |   tau::t_6: 0.0258
2026-04-07 13:26:15 | INFO |   tau::t_7: -0.0398
2026-04-07 13:26:15 | INFO |   tau::t_8: 0.0272
2026-04-07 13:26:15 | INFO |   tau::t_9: -0.0591
2026-04-07 13:26:15 | INFO |   tau::t_10: 0.0268
2026-04-07 13:26:15 | INFO |   tau::t_11: -0.0338
2026-04-07 13:26:15 | INFO |   tau::t_12: -0.1835
2026-04-07 13:26:15 | INFO |   tau::t_13: -0.1811
2026-04-07 13:26:15 | INFO |   tau::t_14: -0.2652
2026-04-07 13:26:15 | INFO |   tau::t_15: -0.2886
2026-04-07 13:26:15 | INFO |   tau::t_16: -0.4271
2026-04-07 13:26:15 | INFO |   tau::t_17: -0.3039
2026-04-07 13:26:15 | INFO |   tau::t_18: -0.5879
2026-04-07 13:26:15 | INFO |   tau::t_19: -0.3726
2026-04-07 13:26:15 | INFO |   tau::t_20: -0.5179
2026-04-07 13:26:15 | INFO |   tau::t_21: -0.4386
2026-04-07 13:26:15 | INFO |   tau::t_22: -0.4417
2026-04-07 13:26:15 | INFO |   tau::t_23: -0.2123
2026-04-07 13:26:15 | INFO |   tau::t_24: -0.1134
2026-04-07 13:26:15 | INFO |   tau::t_25: 0.1162
2026-04-07 13:26:15 | INFO |   tau::t_26: 0.2751
2026-04-07 13:26:15 | INFO |   tau::t_27: 0.2629
2026-04-07 13:26:15 | INFO |   tau::t_28: 0.2863
2026-04-07 13:26:15 | INFO |   tau::t_29: 0.2537
2026-04-07 13:26:15 | INFO |   tau::t_30: 0.2350
2026-04-07 13:26:15 | INFO |   tau::t_31: 0.2058
2026-04-07 13:26:15 | INFO |   tau::t_32: 0.0470
2026-04-07 13:26:15 | INFO |   tau::t_33: 0.1858
2026-04-07 13:26:15 | INFO |   tau::t_34: -0.0509
2026-04-07 13:26:15 | INFO |   tau::t_35: -0.1038
2026-04-07 13:26:15 | INFO |   tau::t_36: -0.1148
2026-04-07 13:26:15 | INFO |   tau::t_37: -0.1608
2026-04-07 13:26:15 | INFO |   tau::t_38: -0.1860
2026-04-07 13:26:15 | INFO |   tau::t_39: -0.0084
2026-04-07 13:26:15 | INFO |   tau::t_40: -0.0337
2026-04-07 13:26:15 | INFO |   tau::t_41: 0.0565
2026-04-07 13:26:15 | INFO |   tau::t_42: 0.0907
2026-04-07 13:26:15 | INFO |   tau::t_43: -0.3125
2026-04-07 13:26:15 | INFO |   tau::t_44: 0.3610
2026-04-07 13:26:15 | INFO |   tau::t_45: 0.0032
2026-04-07 13:26:15 | INFO |   tau::t_46: -0.0363
2026-04-07 13:26:15 | INFO |   tau::t_47: -0.0233
2026-04-07 13:26:15 | INFO |   tau::t_48: 0.5194
2026-04-07 13:26:15 | INFO |   tau::t_49: 0.8879
2026-04-07 13:26:15 | INFO |   tau::t_50: 1.0945
2026-04-07 13:26:15 | INFO |   tau::t_51: 1.8766
2026-04-07 13:26:15 | INFO |   tau::t_52: 1.8723
2026-04-07 13:26:15 | INFO |   tau::t_53: 0.4008
2026-04-07 13:26:15 | INFO |   tau::t_54: -0.2178
2026-04-07 13:26:15 | INFO |   tau::t_55: -0.3568
2026-04-07 13:26:15 | INFO |   tau::t_56: -0.4034
2026-04-07 13:26:15 | INFO |   tau::t_57: -0.1968
2026-04-07 13:26:15 | INFO |   tau::t_58: -0.1984
2026-04-07 13:26:15 | INFO |   tau::t_59: -0.1905
2026-04-07 13:26:15 | INFO |   tau::t_60: -0.2967
2026-04-07 13:26:15 | INFO |   tau::t_61: -0.3358
2026-04-07 13:26:15 | INFO |   tau::t_62: -0.2826
2026-04-07 13:26:15 | INFO |   tau::t_63: -0.1522
2026-04-07 13:26:15 | INFO |   tau::t_64: -0.0398
2026-04-07 13:26:15 | INFO |   tau::t_65: -0.1148
2026-04-07 13:26:15 | INFO |   tau::t_66: 0.0303
2026-04-07 13:26:15 | INFO |   tau::t_67: 0.0080
2026-04-07 13:26:15 | INFO |   beta: 0.0218
2026-04-07 13:26:15 | INFO |   interaction::contiguity: 2.6447
2026-04-07 13:26:15 | INFO |   eta: 0.5499
2026-04-07 13:26:15 | INFO |   zeta: 0.0763
2026-04-07 13:26:15 | INFO |   psi: 2.3445
2026-04-07 13:26:15 | INFO | Saved summary tables to C:\Users\phevo\Documents\MIT\Code\MPLE-Causal-Inference\experiments\USCountyVaccination_US\USCountyVaccination_US_tau_zero_mean_smooth\outcome_case_rate_100k_ge_200__intervention_complete_cov_ge_50__lag_2w__contiguity\mple_summary.csv and C:\Users\phevo\Documents\MIT\Code\MPLE-Causal-Inference\experiments\USCountyVaccination_US\USCountyVaccination_US_tau_zero_mean_smooth\outcome_case_rate_100k_ge_200__intervention_complete_cov_ge_50__lag_2w__contiguity\mple_summary.md
2026-04-07 13:26:15 | INFO | Log saved to C:\Users\phevo\Documents\MIT\Code\MPLE-Causal-Inference\experiments\USCountyVaccination_US\USCountyVaccination_US_tau_zero_mean_smooth\outcome_case_rate_100k_ge_200__intervention_complete_cov_ge_50__lag_2w__contiguity\mple.log
