2026-04-24 13:54:58 | INFO | Loading data...
2026-04-24 13:54:58 | INFO | Using panel artifact: /orcd/home/002/phevosp/MPLE-Causal-Inference/experiments/SyntheticHybridExperiments/hybrid_us_county_intervention_uscounty_graph_base/panel_data.npz
2026-04-24 13:54:58 | INFO | Using x_0 artifact: /orcd/home/002/phevosp/MPLE-Causal-Inference/experiments/SyntheticHybridExperiments/hybrid_us_county_intervention_uscounty_graph_base/x_0.npy
2026-04-24 13:54:58 | INFO | Using fit config: /orcd/home/002/phevosp/MPLE-Causal-Inference/experiments/SyntheticHybridExperiments/hybrid_us_county_intervention_uscounty_graph_base/fits/concurrent_rank_10/fit_realized_config.yaml
2026-04-24 13:54:58 | INFO | Using model artifact directory: /orcd/home/002/phevosp/MPLE-Causal-Inference/experiments/SyntheticHybridExperiments/hybrid_us_county_intervention_uscounty_graph_base
2026-04-24 13:54:58 | INFO | Using truth artifact directory: /orcd/home/002/phevosp/MPLE-Causal-Inference/experiments/SyntheticHybridExperiments/hybrid_us_county_intervention_uscounty_graph_base
2026-04-24 13:54:58 | INFO | Configured optimizer mode: concurrent_latent_rank
2026-04-24 13:54:58 | INFO | Configured latent rank: 10
2026-04-24 13:54:58 | INFO | Using a fixed known graph with scalar xi.
2026-04-24 13:54:58 | INFO | Fit-time hard bounds active: False
2026-04-24 13:54:58 | INFO | Fixed scalar parameters: {}
2026-04-24 13:54:58 | INFO | Optimizer settings: steps=20000, tol=1e-09, n_starts=1, seed=0, lambda_nuclear=0.0, lambda_frobenius=0.0, lambda_uv_ridge=18.0, proximal_lr=1.0
2026-04-24 13:54:58 | INFO | Concurrent low-rank start 1/1 | seed=0 | initial_loss=0.786414 | initial_penalized=0.801926
2026-04-24 13:55:13 | INFO | Concurrent low-rank start 1 finished | final_loss=0.487218 | final_penalized=0.511833 | nit=854
2026-04-24 13:55:13 | INFO | Done fitting.
2026-04-24 13:55:13 | INFO | Optimizer status: CONVERGENCE: RELATIVE REDUCTION OF F <= FACTR*EPSMCH
2026-04-24 13:55:13 | INFO | Best optimizer start: 1 / 1
2026-04-24 13:55:13 | INFO | Final Loss: 0.487218
2026-04-24 13:55:13 | INFO | Estimated vs True Parameters:
2026-04-24 13:55:13 | INFO |   beta: -0.2983 (True: -0.3000) | SQE: 0.000003
2026-04-24 13:55:13 | INFO |   xi: 0.8545 (True: 0.8000) | SQE: 0.002971
2026-04-24 13:55:13 | INFO |   eta: 0.3001 (True: 0.3000) | SQE: 0.000000
2026-04-24 13:55:13 | INFO | Concurrent low-rank optimizer diagnostics:
2026-04-24 13:55:13 | INFO |   penalized_objective: 0.511833
2026-04-24 13:55:13 | INFO |   mple_loss_without_penalty: 0.487218
2026-04-24 13:55:13 | INFO |   lambda_uv_ridge: 18.000000
2026-04-24 13:55:13 | INFO |   u_frobenius_norm: 15.712436
2026-04-24 13:55:13 | INFO |   v_frobenius_norm: 15.712955
2026-04-24 13:55:13 | INFO |   effective_rank: 10.000000
2026-04-24 13:55:13 | INFO | Field and interaction diagnostics:
2026-04-24 13:55:13 | INFO |   field_rmse: 0.130099
2026-04-24 13:55:13 | INFO |   interaction_fro_error: 0.514784
2026-04-24 13:55:13 | INFO |   estimated_field_max_abs_entry: 0.841237
2026-04-24 13:55:13 | INFO |   estimated_field_rank: 10.000000
2026-04-24 13:55:13 | INFO |   true_field_max_abs_entry: 0.000000
2026-04-24 13:55:13 | INFO |   true_field_rank: 0.000000
2026-04-24 13:55:13 | INFO | Saved summary tables to /orcd/home/002/phevosp/MPLE-Causal-Inference/experiments/SyntheticHybridExperiments/hybrid_us_county_intervention_uscounty_graph_base/fits/concurrent_rank_10/mple_summary.csv and /orcd/home/002/phevosp/MPLE-Causal-Inference/experiments/SyntheticHybridExperiments/hybrid_us_county_intervention_uscounty_graph_base/fits/concurrent_rank_10/mple_summary.md
2026-04-24 13:55:13 | INFO | Log saved to /orcd/home/002/phevosp/MPLE-Causal-Inference/experiments/SyntheticHybridExperiments/hybrid_us_county_intervention_uscounty_graph_base/fits/concurrent_rank_10/mple.log
