2026-04-30 12:31:30 | INFO | Loading data...
2026-04-30 12:31:30 | INFO | Using panel artifact: /orcd/home/002/phevosp/MPLE-Causal-Inference/experiments/SyntheticHybridExperiments/r5_c1_hybrid_us_county_intervention_generated_graph_confounding/panel_data.npz
2026-04-30 12:31:30 | INFO | Using x_0 artifact: /orcd/home/002/phevosp/MPLE-Causal-Inference/experiments/SyntheticHybridExperiments/r5_c1_hybrid_us_county_intervention_generated_graph_confounding/x_0.npy
2026-04-30 12:31:30 | INFO | Using fit config: /orcd/home/002/phevosp/MPLE-Causal-Inference/experiments/SyntheticHybridExperiments/r5_c1_hybrid_us_county_intervention_generated_graph_confounding/fits/alternating_rank_5_uv_5_e2_beta_mask/fit_realized_config.yaml
2026-04-30 12:31:30 | INFO | Using model artifact directory: /orcd/home/002/phevosp/MPLE-Causal-Inference/experiments/SyntheticHybridExperiments/r5_c1_hybrid_us_county_intervention_generated_graph_confounding
2026-04-30 12:31:30 | INFO | Using truth artifact directory: /orcd/home/002/phevosp/MPLE-Causal-Inference/experiments/SyntheticHybridExperiments/r5_c1_hybrid_us_county_intervention_generated_graph_confounding
2026-04-30 12:31:30 | INFO | Configured optimizer mode: alternating_latent_rank
2026-04-30 12:31:30 | INFO | Configured latent rank: 5
2026-04-30 12:31:30 | INFO | Using a fixed known graph with scalar xi.
2026-04-30 12:31:30 | INFO | Fit-time hard bounds active: False
2026-04-30 12:31:30 | INFO | Fixed scalar parameters: {}
2026-04-30 12:31:30 | INFO | Warm-start fixed scalars: {} for 0 steps
2026-04-30 12:31:30 | INFO | Beta mask before s: True with s=55
2026-04-30 12:31:30 | INFO | Beta mask after e: True with e=120
2026-04-30 12:31:30 | INFO | Alternating V-column L2-ball constraint active with radius 1.0
2026-04-30 12:31:30 | INFO | Optimizer settings: steps=20000, tol=1e-09, n_starts=1, seed=0, lambda_nuclear=0.0, lambda_frobenius=0.0, lambda_uv_ridge=0.05, v_column_l2_max=1.0, proximal_lr=1.0
2026-04-30 12:31:30 | INFO | Alternating low-rank start 1/1 | seed=0 | initial_loss=0.698936 | initial_penalized=0.698937
2026-04-30 12:31:30 | INFO | Alternating low-rank iter 0 | Loss: 0.596525 | Penalized: 0.599186
2026-04-30 12:31:40 | INFO | Alternating low-rank iter 100 | Loss: 0.562606 | Penalized: 0.572265
2026-04-30 12:31:49 | INFO | Alternating low-rank iter 200 | Loss: 0.562246 | Penalized: 0.571889
2026-04-30 12:31:59 | INFO | Alternating low-rank iter 300 | Loss: 0.562183 | Penalized: 0.571825
2026-04-30 12:32:08 | INFO | Alternating low-rank iter 400 | Loss: 0.562171 | Penalized: 0.571814
2026-04-30 12:32:18 | INFO | Alternating low-rank iter 500 | Loss: 0.562169 | Penalized: 0.571812
2026-04-30 12:32:27 | INFO | Alternating low-rank iter 600 | Loss: 0.562169 | Penalized: 0.571811
2026-04-30 12:32:28 | INFO | Done fitting.
2026-04-30 12:32:28 | INFO | Optimizer status: CONVERGED: alternating objective tolerance reached
2026-04-30 12:32:28 | INFO | Best optimizer start: 1 / 1
2026-04-30 12:32:28 | INFO | Final Loss: 0.562169
2026-04-30 12:32:28 | INFO | Estimated vs True Parameters:
2026-04-30 12:32:28 | INFO |   beta: -0.2371 (True: -0.3000) | SQE: 0.003961
2026-04-30 12:32:28 | INFO |   xi: 0.8084 (True: 0.8000) | SQE: 0.000070
2026-04-30 12:32:28 | INFO |   eta: 0.2919 (True: 0.3000) | SQE: 0.000066
2026-04-30 12:32:28 | INFO | Alternating low-rank optimizer diagnostics:
2026-04-30 12:32:28 | INFO |   penalized_objective: 0.571811
2026-04-30 12:32:28 | INFO |   mple_loss_without_penalty: 0.562169
2026-04-30 12:32:28 | INFO |   lambda_uv_ridge: 0.050000
2026-04-30 12:32:28 | INFO |   u_frobenius_norm: 264.098222
2026-04-30 12:32:28 | INFO |   v_frobenius_norm: 2.236068
2026-04-30 12:32:28 | INFO |   effective_rank: 5.000000
2026-04-30 12:32:28 | INFO | Field and interaction diagnostics:
2026-04-30 12:32:28 | INFO |   field_rmse: 0.306017
2026-04-30 12:32:28 | INFO |   interaction_fro_error: 0.052448
2026-04-30 12:32:28 | INFO |   estimated_field_max_abs_entry: 2.813296
2026-04-30 12:32:28 | INFO |   estimated_field_rank: 5.000000
2026-04-30 12:32:28 | INFO |   true_field_max_abs_entry: 2.906201
2026-04-30 12:32:28 | INFO |   true_field_rank: 5.000000
2026-04-30 12:32:29 | INFO | Saved summary table to /orcd/home/002/phevosp/MPLE-Causal-Inference/experiments/SyntheticHybridExperiments/r5_c1_hybrid_us_county_intervention_generated_graph_confounding/fits/alternating_rank_5_uv_5_e2_beta_mask/mple_summary.csv
2026-04-30 12:32:29 | INFO | Log saved to /orcd/home/002/phevosp/MPLE-Causal-Inference/experiments/SyntheticHybridExperiments/r5_c1_hybrid_us_county_intervention_generated_graph_confounding/fits/alternating_rank_5_uv_5_e2_beta_mask/mple.log
