2026-05-02 12:20:54 | INFO | Loading data...
2026-05-02 12:20:54 | INFO | Using panel artifact: /orcd/home/002/phevosp/MPLE-Causal-Inference/experiments/Synthetic/confounding_strong/panel_data.npz
2026-05-02 12:20:54 | INFO | Using x_0 artifact: /orcd/home/002/phevosp/MPLE-Causal-Inference/experiments/Synthetic/confounding_strong/x_0.npy
2026-05-02 12:20:54 | INFO | Using fit config: /orcd/home/002/phevosp/MPLE-Causal-Inference/experiments/Synthetic/confounding_strong/cv_runs/alternating_uv_grid/candidates/alternating_uv_grid_candidate_0006/fold_3/fit_realized_config.yaml
2026-05-02 12:20:54 | INFO | Using model artifact directory: /orcd/home/002/phevosp/MPLE-Causal-Inference/experiments/Synthetic/confounding_strong
2026-05-02 12:20:54 | INFO | Using truth artifact directory: /orcd/home/002/phevosp/MPLE-Causal-Inference/experiments/Synthetic/confounding_strong
2026-05-02 12:20:54 | INFO | Using loss mask artifact: /orcd/home/002/phevosp/MPLE-Causal-Inference/experiments/Synthetic/confounding_strong/cv_runs/alternating_uv_grid/candidates/alternating_uv_grid_candidate_0006/fold_3/loss_mask.npy
2026-05-02 12:20:54 | INFO | Configured optimizer mode: alternating_latent_rank
2026-05-02 12:20:54 | INFO | Configured latent rank: 3
2026-05-02 12:20:54 | INFO | Using a fixed known graph with scalar xi.
2026-05-02 12:20:54 | INFO | Fit-time hard bounds active: False
2026-05-02 12:20:54 | INFO | Fixed scalar parameters: {}
2026-05-02 12:20:54 | INFO | Warm-start fixed scalars: {} for 0 steps
2026-05-02 12:20:54 | INFO | Beta mask before s: False with s=0
2026-05-02 12:20:54 | INFO | Beta mask after e: False with e=11
2026-05-02 12:20:54 | INFO | Alternating V-column L2-ball constraint active with radius 1.0
2026-05-02 12:20:54 | INFO | Optimizer settings: steps=2000, tol=1e-07, n_starts=1, seed=0, lambda_nuclear=0.0, lambda_frobenius=0.0, lambda_uv_ridge=0.5, v_column_l2_max=1.0, proximal_lr=1.0
2026-05-02 12:20:54 | INFO | Alternating low-rank start 1/1 | seed=0 | initial_loss=0.809549 | initial_penalized=0.809682
2026-05-02 12:20:54 | INFO | Alternating low-rank iter 0 | Loss: 0.609760 | Penalized: 0.630551
2026-05-02 12:20:55 | INFO | Alternating low-rank iter 100 | Loss: 0.559625 | Penalized: 0.596268
2026-05-02 12:20:56 | INFO | Alternating low-rank iter 200 | Loss: 0.559188 | Penalized: 0.595891
2026-05-02 12:20:56 | INFO | Done fitting.
2026-05-02 12:20:56 | INFO | Optimizer status: CONVERGED: alternating objective tolerance reached
2026-05-02 12:20:56 | INFO | Best optimizer start: 1 / 1
2026-05-02 12:20:56 | INFO | Final Loss: 0.559135
2026-05-02 12:20:56 | INFO | Estimated vs True Parameters:
2026-05-02 12:20:56 | INFO |   beta: -0.1793 (True: -0.3000) | SQE: 0.014567
2026-05-02 12:20:56 | INFO |   xi: 0.6265 (True: 0.8000) | SQE: 0.030108
2026-05-02 12:20:56 | INFO |   eta: 0.2339 (True: 0.3000) | SQE: 0.004372
2026-05-02 12:20:56 | INFO | Alternating low-rank optimizer diagnostics:
2026-05-02 12:20:56 | INFO |   penalized_objective: 0.595862
2026-05-02 12:20:56 | INFO |   mple_loss_without_penalty: 0.559135
2026-05-02 12:20:56 | INFO |   lambda_uv_ridge: 0.500000
2026-05-02 12:20:56 | INFO |   u_frobenius_norm: 35.554762
2026-05-02 12:20:56 | INFO |   v_frobenius_norm: 1.732051
2026-05-02 12:20:56 | INFO |   effective_rank: 3.000000
2026-05-02 12:20:56 | INFO | Field and interaction diagnostics:
2026-05-02 12:20:56 | INFO |   field_rmse: 0.562977
2026-05-02 12:20:56 | INFO |   interaction_fro_error: 0.614729
2026-05-02 12:20:56 | INFO |   estimated_field_max_abs_entry: 0.930714
2026-05-02 12:20:56 | INFO |   estimated_field_rank: 3.000000
2026-05-02 12:20:56 | INFO |   true_field_max_abs_entry: 4.447602
2026-05-02 12:20:56 | INFO |   true_field_rank: 3.000000
2026-05-02 12:20:57 | INFO | Saved summary table to /orcd/home/002/phevosp/MPLE-Causal-Inference/experiments/Synthetic/confounding_strong/cv_runs/alternating_uv_grid/candidates/alternating_uv_grid_candidate_0006/fold_3/mple_summary.csv
2026-05-02 12:20:57 | INFO | Log saved to /orcd/home/002/phevosp/MPLE-Causal-Inference/experiments/Synthetic/confounding_strong/cv_runs/alternating_uv_grid/candidates/alternating_uv_grid_candidate_0006/fold_3/mple.log
