2026-05-02 12:25:49 | INFO | Loading data...
2026-05-02 12:25:49 | INFO | Using panel artifact: /orcd/home/002/phevosp/MPLE-Causal-Inference/experiments/Synthetic/confounding_moderate/panel_data.npz
2026-05-02 12:25:49 | INFO | Using x_0 artifact: /orcd/home/002/phevosp/MPLE-Causal-Inference/experiments/Synthetic/confounding_moderate/x_0.npy
2026-05-02 12:25:49 | INFO | Using fit config: /orcd/home/002/phevosp/MPLE-Causal-Inference/experiments/Synthetic/confounding_moderate/cv_runs/alternating_uv_grid/candidates/alternating_uv_grid_candidate_0008/fold_6/fit_realized_config.yaml
2026-05-02 12:25:49 | INFO | Using model artifact directory: /orcd/home/002/phevosp/MPLE-Causal-Inference/experiments/Synthetic/confounding_moderate
2026-05-02 12:25:49 | INFO | Using truth artifact directory: /orcd/home/002/phevosp/MPLE-Causal-Inference/experiments/Synthetic/confounding_moderate
2026-05-02 12:25:49 | INFO | Using loss mask artifact: /orcd/home/002/phevosp/MPLE-Causal-Inference/experiments/Synthetic/confounding_moderate/cv_runs/alternating_uv_grid/candidates/alternating_uv_grid_candidate_0008/fold_6/loss_mask.npy
2026-05-02 12:25:49 | INFO | Configured optimizer mode: alternating_latent_rank
2026-05-02 12:25:49 | INFO | Configured latent rank: 3
2026-05-02 12:25:49 | INFO | Using a fixed known graph with scalar xi.
2026-05-02 12:25:49 | INFO | Fit-time hard bounds active: False
2026-05-02 12:25:49 | INFO | Fixed scalar parameters: {}
2026-05-02 12:25:49 | INFO | Warm-start fixed scalars: {} for 0 steps
2026-05-02 12:25:49 | INFO | Beta mask before s: False with s=0
2026-05-02 12:25:49 | INFO | Beta mask after e: False with e=11
2026-05-02 12:25:49 | INFO | Alternating V-column L2-ball constraint active with radius 1.0
2026-05-02 12:25:49 | INFO | Optimizer settings: steps=2000, tol=1e-07, n_starts=1, seed=0, lambda_nuclear=0.0, lambda_frobenius=0.0, lambda_uv_ridge=1.5, v_column_l2_max=1.0, proximal_lr=1.0
2026-05-02 12:25:49 | INFO | Alternating low-rank start 1/1 | seed=0 | initial_loss=0.819642 | initial_penalized=0.820040
2026-05-02 12:25:49 | INFO | Alternating low-rank iter 0 | Loss: 0.627390 | Penalized: 0.644701
2026-05-02 12:25:50 | INFO | Alternating low-rank iter 100 | Loss: 0.597494 | Penalized: 0.617044
2026-05-02 12:25:51 | INFO | Alternating low-rank iter 200 | Loss: 0.597102 | Penalized: 0.616653
2026-05-02 12:25:51 | INFO | Done fitting.
2026-05-02 12:25:51 | INFO | Optimizer status: CONVERGED: alternating objective tolerance reached
2026-05-02 12:25:51 | INFO | Best optimizer start: 1 / 1
2026-05-02 12:25:51 | INFO | Final Loss: 0.597074
2026-05-02 12:25:51 | INFO | Estimated vs True Parameters:
2026-05-02 12:25:51 | INFO |   beta: -0.1987 (True: -0.3000) | SQE: 0.010254
2026-05-02 12:25:51 | INFO |   xi: 0.6900 (True: 0.8000) | SQE: 0.012093
2026-05-02 12:25:51 | INFO |   eta: 0.2513 (True: 0.3000) | SQE: 0.002368
2026-05-02 12:25:51 | INFO | Alternating low-rank optimizer diagnostics:
2026-05-02 12:25:51 | INFO |   penalized_objective: 0.616629
2026-05-02 12:25:51 | INFO |   mple_loss_without_penalty: 0.597074
2026-05-02 12:25:51 | INFO |   lambda_uv_ridge: 1.500000
2026-05-02 12:25:51 | INFO |   u_frobenius_norm: 14.897530
2026-05-02 12:25:51 | INFO |   v_frobenius_norm: 1.732051
2026-05-02 12:25:51 | INFO |   effective_rank: 2.000000
2026-05-02 12:25:51 | INFO | Field and interaction diagnostics:
2026-05-02 12:25:51 | INFO |   field_rmse: 0.487884
2026-05-02 12:25:51 | INFO |   interaction_fro_error: 0.389594
2026-05-02 12:25:51 | INFO |   estimated_field_max_abs_entry: 0.700425
2026-05-02 12:25:51 | INFO |   estimated_field_rank: 2.000000
2026-05-02 12:25:51 | INFO |   true_field_max_abs_entry: 4.175656
2026-05-02 12:25:51 | INFO |   true_field_rank: 3.000000
2026-05-02 12:25:52 | INFO | Saved summary table to /orcd/home/002/phevosp/MPLE-Causal-Inference/experiments/Synthetic/confounding_moderate/cv_runs/alternating_uv_grid/candidates/alternating_uv_grid_candidate_0008/fold_6/mple_summary.csv
2026-05-02 12:25:52 | INFO | Log saved to /orcd/home/002/phevosp/MPLE-Causal-Inference/experiments/Synthetic/confounding_moderate/cv_runs/alternating_uv_grid/candidates/alternating_uv_grid_candidate_0008/fold_6/mple.log
