2026-04-07 11:51:56 | INFO | Loading data...
2026-04-07 11:51:56 | INFO | Loaded 6 field templates and 1 interaction templates.
2026-04-07 11:51:56 | INFO | Intervention-process model enabled: True
2026-04-07 11:51:56 | INFO | Tau zero-mean enabled: False
2026-04-07 11:51:56 | INFO | Tau smoothness lambda: 0.000000
2026-04-07 11:51:56 | INFO | Running conditional-model MPLE on x with shape=(68, 3136)
2026-04-07 11:51:57 | INFO | Eval 0  |  Loss: 0.762192
2026-04-07 11:51:57 | INFO |   field::log_population: +0.0126,  field::median_household_income: -0.0132,  field::poverty_rate: +0.0640,  field::pct_black: +0.0105,  field::pct_hispanic: -0.0536,  field::pct_in_labor_force: +0.0362,  tau block: mean=+0.0092, std=0.0967, min=-0.2325, max=+0.1960,  beta: +0.1822,  interaction::contiguity: -0.1320,  eta: -0.0662,  zeta: +0.0935,  psi: +0.0049
2026-04-07 11:51:59 | INFO | Done fitting.
2026-04-07 11:51:59 | INFO | Optimizer status: CONVERGENCE: RELATIVE REDUCTION OF F <= FACTR*EPSMCH
2026-04-07 11:51:59 | INFO | Final Loss: 0.288834
2026-04-07 11:51:59 | INFO | Estimated Parameters:
2026-04-07 11:51:59 | INFO |   field::log_population: 0.9937
2026-04-07 11:51:59 | INFO |   field::median_household_income: -1.2301
2026-04-07 11:51:59 | INFO |   field::poverty_rate: -0.6622
2026-04-07 11:51:59 | INFO |   field::pct_black: -0.0933
2026-04-07 11:51:59 | INFO |   field::pct_hispanic: -0.4254
2026-04-07 11:51:59 | INFO |   field::pct_in_labor_force: -0.0606
2026-04-07 11:51:59 | INFO |   tau::t_0: 0.0295
2026-04-07 11:51:59 | INFO |   tau::t_1: 0.0234
2026-04-07 11:51:59 | INFO |   tau::t_2: -0.0314
2026-04-07 11:51:59 | INFO |   tau::t_3: -0.1161
2026-04-07 11:51:59 | INFO |   tau::t_4: -0.0154
2026-04-07 11:51:59 | INFO |   tau::t_5: -0.0538
2026-04-07 11:51:59 | INFO |   tau::t_6: -0.1107
2026-04-07 11:51:59 | INFO |   tau::t_7: -0.1787
2026-04-07 11:51:59 | INFO |   tau::t_8: -0.1902
2026-04-07 11:51:59 | INFO |   tau::t_9: -0.2234
2026-04-07 11:51:59 | INFO |   tau::t_10: -0.2031
2026-04-07 11:51:59 | INFO |   tau::t_11: -0.1891
2026-04-07 11:51:59 | INFO |   tau::t_12: -0.2560
2026-04-07 11:51:59 | INFO |   tau::t_13: -0.2654
2026-04-07 11:51:59 | INFO |   tau::t_14: -0.2562
2026-04-07 11:51:59 | INFO |   tau::t_15: -0.2881
2026-04-07 11:51:59 | INFO |   tau::t_16: -0.3006
2026-04-07 11:51:59 | INFO |   tau::t_17: -0.2147
2026-04-07 11:51:59 | INFO |   tau::t_18: -0.3914
2026-04-07 11:51:59 | INFO |   tau::t_19: -0.3452
2026-04-07 11:51:59 | INFO |   tau::t_20: -0.4824
2026-04-07 11:51:59 | INFO |   tau::t_21: -0.4922
2026-04-07 11:51:59 | INFO |   tau::t_22: -0.5213
2026-04-07 11:51:59 | INFO |   tau::t_23: -0.6118
2026-04-07 11:51:59 | INFO |   tau::t_24: -0.4863
2026-04-07 11:51:59 | INFO |   tau::t_25: -0.4730
2026-04-07 11:51:59 | INFO |   tau::t_26: -0.4173
2026-04-07 11:51:59 | INFO |   tau::t_27: -0.2805
2026-04-07 11:51:59 | INFO |   tau::t_28: -0.1863
2026-04-07 11:51:59 | INFO |   tau::t_29: -0.1085
2026-04-07 11:51:59 | INFO |   tau::t_30: -0.0486
2026-04-07 11:51:59 | INFO |   tau::t_31: -0.0269
2026-04-07 11:51:59 | INFO |   tau::t_32: 0.0047
2026-04-07 11:51:59 | INFO |   tau::t_33: 0.1157
2026-04-07 11:51:59 | INFO |   tau::t_34: 0.1092
2026-04-07 11:51:59 | INFO |   tau::t_35: 0.1167
2026-04-07 11:51:59 | INFO |   tau::t_36: 0.0746
2026-04-07 11:51:59 | INFO |   tau::t_37: 0.0678
2026-04-07 11:51:59 | INFO |   tau::t_38: 0.0782
2026-04-07 11:51:59 | INFO |   tau::t_39: 0.0571
2026-04-07 11:51:59 | INFO |   tau::t_40: 0.0013
2026-04-07 11:51:59 | INFO |   tau::t_41: -0.0017
2026-04-07 11:51:59 | INFO |   tau::t_42: 0.0173
2026-04-07 11:51:59 | INFO |   tau::t_43: -0.1602
2026-04-07 11:51:59 | INFO |   tau::t_44: 0.1017
2026-04-07 11:51:59 | INFO |   tau::t_45: 0.0258
2026-04-07 11:51:59 | INFO |   tau::t_46: 0.0153
2026-04-07 11:51:59 | INFO |   tau::t_47: -0.0321
2026-04-07 11:51:59 | INFO |   tau::t_48: -0.0042
2026-04-07 11:51:59 | INFO |   tau::t_49: 0.0814
2026-04-07 11:51:59 | INFO |   tau::t_50: 0.0742
2026-04-07 11:51:59 | INFO |   tau::t_51: 0.0984
2026-04-07 11:51:59 | INFO |   tau::t_52: 0.1678
2026-04-07 11:51:59 | INFO |   tau::t_53: 0.2132
2026-04-07 11:51:59 | INFO |   tau::t_54: 0.2040
2026-04-07 11:51:59 | INFO |   tau::t_55: 0.1761
2026-04-07 11:51:59 | INFO |   tau::t_56: 0.1058
2026-04-07 11:51:59 | INFO |   tau::t_57: 0.0596
2026-04-07 11:51:59 | INFO |   tau::t_58: -0.0288
2026-04-07 11:51:59 | INFO |   tau::t_59: -0.0383
2026-04-07 11:51:59 | INFO |   tau::t_60: -0.1297
2026-04-07 11:51:59 | INFO |   tau::t_61: -0.1959
2026-04-07 11:51:59 | INFO |   tau::t_62: -0.2940
2026-04-07 11:51:59 | INFO |   tau::t_63: -0.2765
2026-04-07 11:51:59 | INFO |   tau::t_64: -0.3902
2026-04-07 11:51:59 | INFO |   tau::t_65: -0.3915
2026-04-07 11:51:59 | INFO |   tau::t_66: -0.2444
2026-04-07 11:51:59 | INFO |   tau::t_67: -0.4940
2026-04-07 11:51:59 | INFO |   beta: -0.0736
2026-04-07 11:51:59 | INFO |   interaction::contiguity: 1.3602
2026-04-07 11:51:59 | INFO |   eta: 0.2249
2026-04-07 11:51:59 | INFO |   zeta: -0.1220
2026-04-07 11:51:59 | INFO |   psi: 2.0215
2026-04-07 11:51:59 | INFO | Saved summary tables to C:\Users\phevo\Documents\MIT\Code\MPLE-Causal-Inference\experiments\USCountyVaccination_US_tau_unrestricted\outcome_death_rate_100k_ge_2__intervention_partial_cov_ge_10__lag_2w__contiguity\mple_summary.csv and C:\Users\phevo\Documents\MIT\Code\MPLE-Causal-Inference\experiments\USCountyVaccination_US_tau_unrestricted\outcome_death_rate_100k_ge_2__intervention_partial_cov_ge_10__lag_2w__contiguity\mple_summary.md
2026-04-07 11:51:59 | INFO | Log saved to C:\Users\phevo\Documents\MIT\Code\MPLE-Causal-Inference\experiments\USCountyVaccination_US_tau_unrestricted\outcome_death_rate_100k_ge_2__intervention_partial_cov_ge_10__lag_2w__contiguity\mple.log
