2026-04-07 13:32:38 | INFO | Loading data...
2026-04-07 13:32:38 | INFO | Loaded 6 field templates and 1 interaction templates.
2026-04-07 13:32:38 | INFO | Intervention-process model enabled: True
2026-04-07 13:32:38 | INFO | Tau zero-mean enabled: False
2026-04-07 13:32:38 | INFO | Tau smoothness lambda: 0.000000
2026-04-07 13:32:38 | INFO | Running conditional-model MPLE on x with shape=(67, 3203)
2026-04-07 13:32:38 | INFO | Eval 0  |  Loss: 0.695074
2026-04-07 13:32:38 | INFO |   field::log_population: +0.0126,  field::median_household_income: -0.0132,  field::poverty_rate: +0.0640,  field::pct_black: +0.0105,  field::pct_hispanic: -0.0536,  field::pct_in_labor_force: +0.0362,  tau block: mean=+0.0102, std=0.0970, min=-0.2325, max=+0.1960,  beta: -0.0618,  interaction::contiguity: +0.1822,  eta: -0.1320,  zeta: -0.0662,  psi: +0.0935
2026-04-07 13:32:42 | INFO | Done fitting.
2026-04-07 13:32:42 | INFO | Optimizer status: CONVERGENCE: RELATIVE REDUCTION OF F <= FACTR*EPSMCH
2026-04-07 13:32:42 | INFO | Final Loss: 0.272610
2026-04-07 13:32:42 | INFO | Estimated Parameters:
2026-04-07 13:32:42 | INFO |   field::log_population: 0.9674
2026-04-07 13:32:42 | INFO |   field::median_household_income: -1.2057
2026-04-07 13:32:42 | INFO |   field::poverty_rate: -0.6527
2026-04-07 13:32:42 | INFO |   field::pct_black: -0.0873
2026-04-07 13:32:42 | INFO |   field::pct_hispanic: -0.3621
2026-04-07 13:32:42 | INFO |   field::pct_in_labor_force: -0.0516
2026-04-07 13:32:42 | INFO |   tau::t_0: -0.0262
2026-04-07 13:32:42 | INFO |   tau::t_1: -0.0935
2026-04-07 13:32:42 | INFO |   tau::t_2: -0.1961
2026-04-07 13:32:42 | INFO |   tau::t_3: -0.1274
2026-04-07 13:32:42 | INFO |   tau::t_4: -0.1787
2026-04-07 13:32:42 | INFO |   tau::t_5: -0.2537
2026-04-07 13:32:42 | INFO |   tau::t_6: -0.3262
2026-04-07 13:32:42 | INFO |   tau::t_7: -0.3364
2026-04-07 13:32:42 | INFO |   tau::t_8: -0.3788
2026-04-07 13:32:42 | INFO |   tau::t_9: -0.3543
2026-04-07 13:32:42 | INFO |   tau::t_10: -0.3470
2026-04-07 13:32:42 | INFO |   tau::t_11: -0.4087
2026-04-07 13:32:42 | INFO |   tau::t_12: -0.4239
2026-04-07 13:32:42 | INFO |   tau::t_13: -0.4117
2026-04-07 13:32:42 | INFO |   tau::t_14: -0.4386
2026-04-07 13:32:42 | INFO |   tau::t_15: -0.4544
2026-04-07 13:32:42 | INFO |   tau::t_16: -0.3633
2026-04-07 13:32:42 | INFO |   tau::t_17: -0.5437
2026-04-07 13:32:42 | INFO |   tau::t_18: -0.4983
2026-04-07 13:32:42 | INFO |   tau::t_19: -0.6357
2026-04-07 13:32:42 | INFO |   tau::t_20: -0.6463
2026-04-07 13:32:42 | INFO |   tau::t_21: -0.6756
2026-04-07 13:32:42 | INFO |   tau::t_22: -0.7578
2026-04-07 13:32:42 | INFO |   tau::t_23: -0.6380
2026-04-07 13:32:42 | INFO |   tau::t_24: -0.6236
2026-04-07 13:32:42 | INFO |   tau::t_25: -0.5706
2026-04-07 13:32:42 | INFO |   tau::t_26: -0.4347
2026-04-07 13:32:42 | INFO |   tau::t_27: -0.3452
2026-04-07 13:32:42 | INFO |   tau::t_28: -0.2704
2026-04-07 13:32:42 | INFO |   tau::t_29: -0.2157
2026-04-07 13:32:42 | INFO |   tau::t_30: -0.1949
2026-04-07 13:32:42 | INFO |   tau::t_31: -0.1658
2026-04-07 13:32:42 | INFO |   tau::t_32: -0.0592
2026-04-07 13:32:42 | INFO |   tau::t_33: -0.0674
2026-04-07 13:32:42 | INFO |   tau::t_34: -0.0519
2026-04-07 13:32:42 | INFO |   tau::t_35: -0.1043
2026-04-07 13:32:42 | INFO |   tau::t_36: -0.1078
2026-04-07 13:32:42 | INFO |   tau::t_37: -0.0974
2026-04-07 13:32:42 | INFO |   tau::t_38: -0.1189
2026-04-07 13:32:42 | INFO |   tau::t_39: -0.1831
2026-04-07 13:32:42 | INFO |   tau::t_40: -0.1826
2026-04-07 13:32:42 | INFO |   tau::t_41: -0.1680
2026-04-07 13:32:42 | INFO |   tau::t_42: -0.3368
2026-04-07 13:32:42 | INFO |   tau::t_43: -0.0863
2026-04-07 13:32:42 | INFO |   tau::t_44: -0.1600
2026-04-07 13:32:42 | INFO |   tau::t_45: -0.1682
2026-04-07 13:32:42 | INFO |   tau::t_46: -0.2169
2026-04-07 13:32:42 | INFO |   tau::t_47: -0.1882
2026-04-07 13:32:42 | INFO |   tau::t_48: -0.1028
2026-04-07 13:32:42 | INFO |   tau::t_49: -0.1089
2026-04-07 13:32:42 | INFO |   tau::t_50: -0.0895
2026-04-07 13:32:42 | INFO |   tau::t_51: -0.0208
2026-04-07 13:32:42 | INFO |   tau::t_52: 0.0217
2026-04-07 13:32:42 | INFO |   tau::t_53: 0.0108
2026-04-07 13:32:42 | INFO |   tau::t_54: -0.0123
2026-04-07 13:32:42 | INFO |   tau::t_55: -0.0807
2026-04-07 13:32:42 | INFO |   tau::t_56: -0.1288
2026-04-07 13:32:42 | INFO |   tau::t_57: -0.2085
2026-04-07 13:32:42 | INFO |   tau::t_58: -0.2233
2026-04-07 13:32:42 | INFO |   tau::t_59: -0.3087
2026-04-07 13:32:42 | INFO |   tau::t_60: -0.3739
2026-04-07 13:32:42 | INFO |   tau::t_61: -0.4701
2026-04-07 13:32:42 | INFO |   tau::t_62: -0.4357
2026-04-07 13:32:42 | INFO |   tau::t_63: -0.5627
2026-04-07 13:32:42 | INFO |   tau::t_64: -0.5666
2026-04-07 13:32:42 | INFO |   tau::t_65: -0.4183
2026-04-07 13:32:42 | INFO |   tau::t_66: -0.6612
2026-04-07 13:32:42 | INFO |   beta: -0.1114
2026-04-07 13:32:42 | INFO |   interaction::contiguity: 1.3969
2026-04-07 13:32:42 | INFO |   eta: 0.2240
2026-04-07 13:32:42 | INFO |   zeta: -0.1804
2026-04-07 13:32:42 | INFO |   psi: 3.7816
2026-04-07 13:32:42 | INFO | Saved summary tables to C:\Users\phevo\Documents\MIT\Code\MPLE-Causal-Inference\experiments\USCountyVaccination_US\USCountyVaccination_US_tau_unrestricted\outcome_death_rate_100k_ge_2__intervention_complete_cov_ge_80__lag_3w__contiguity\mple_summary.csv and C:\Users\phevo\Documents\MIT\Code\MPLE-Causal-Inference\experiments\USCountyVaccination_US\USCountyVaccination_US_tau_unrestricted\outcome_death_rate_100k_ge_2__intervention_complete_cov_ge_80__lag_3w__contiguity\mple_summary.md
2026-04-07 13:32:42 | INFO | Log saved to C:\Users\phevo\Documents\MIT\Code\MPLE-Causal-Inference\experiments\USCountyVaccination_US\USCountyVaccination_US_tau_unrestricted\outcome_death_rate_100k_ge_2__intervention_complete_cov_ge_80__lag_3w__contiguity\mple.log
