2026-05-02 12:21:39 | INFO | Loading data...
2026-05-02 12:21:39 | INFO | Using panel artifact: /orcd/home/002/phevosp/MPLE-Causal-Inference/experiments/Synthetic/spectral_low_rank/panel_data.npz
2026-05-02 12:21:39 | INFO | Using x_0 artifact: /orcd/home/002/phevosp/MPLE-Causal-Inference/experiments/Synthetic/spectral_low_rank/x_0.npy
2026-05-02 12:21:39 | INFO | Using fit config: /orcd/home/002/phevosp/MPLE-Causal-Inference/experiments/Synthetic/spectral_low_rank/cv_runs/alternating_uv_grid/candidates/alternating_uv_grid_candidate_0007/fold_2/fit_realized_config.yaml
2026-05-02 12:21:39 | INFO | Using model artifact directory: /orcd/home/002/phevosp/MPLE-Causal-Inference/experiments/Synthetic/spectral_low_rank
2026-05-02 12:21:39 | INFO | Using truth artifact directory: /orcd/home/002/phevosp/MPLE-Causal-Inference/experiments/Synthetic/spectral_low_rank
2026-05-02 12:21:39 | INFO | Using loss mask artifact: /orcd/home/002/phevosp/MPLE-Causal-Inference/experiments/Synthetic/spectral_low_rank/cv_runs/alternating_uv_grid/candidates/alternating_uv_grid_candidate_0007/fold_2/loss_mask.npy
2026-05-02 12:21:39 | INFO | Configured optimizer mode: alternating_latent_rank
2026-05-02 12:21:39 | INFO | Configured latent rank: 3
2026-05-02 12:21:39 | INFO | Using a fixed known graph with scalar xi.
2026-05-02 12:21:39 | INFO | Fit-time hard bounds active: False
2026-05-02 12:21:39 | INFO | Fixed scalar parameters: {}
2026-05-02 12:21:39 | INFO | Warm-start fixed scalars: {} for 0 steps
2026-05-02 12:21:39 | INFO | Beta mask before s: False with s=0
2026-05-02 12:21:39 | INFO | Beta mask after e: False with e=11
2026-05-02 12:21:39 | INFO | Alternating V-column L2-ball constraint active with radius 1.0
2026-05-02 12:21:39 | INFO | Optimizer settings: steps=2000, tol=1e-07, n_starts=1, seed=0, lambda_nuclear=0.0, lambda_frobenius=0.0, lambda_uv_ridge=1.0, v_column_l2_max=1.0, proximal_lr=1.0
2026-05-02 12:21:39 | INFO | Alternating low-rank start 1/1 | seed=0 | initial_loss=0.832638 | initial_penalized=0.832903
2026-05-02 12:21:39 | INFO | Alternating low-rank iter 0 | Loss: 0.616460 | Penalized: 0.629929
2026-05-02 12:21:39 | INFO | Alternating low-rank iter 100 | Loss: 0.580330 | Penalized: 0.597020
2026-05-02 12:21:40 | INFO | Alternating low-rank iter 200 | Loss: 0.579924 | Penalized: 0.596632
2026-05-02 12:21:41 | INFO | Done fitting.
2026-05-02 12:21:41 | INFO | Optimizer status: CONVERGED: alternating objective tolerance reached
2026-05-02 12:21:41 | INFO | Best optimizer start: 1 / 1
2026-05-02 12:21:41 | INFO | Final Loss: 0.579888
2026-05-02 12:21:41 | INFO | Estimated vs True Parameters:
2026-05-02 12:21:41 | INFO |   beta: -0.2797 (True: -0.3000) | SQE: 0.000413
2026-05-02 12:21:41 | INFO |   xi: 0.6515 (True: 0.8000) | SQE: 0.022064
2026-05-02 12:21:41 | INFO |   eta: 0.2796 (True: 0.3000) | SQE: 0.000415
2026-05-02 12:21:41 | INFO | Alternating low-rank optimizer diagnostics:
2026-05-02 12:21:41 | INFO |   penalized_objective: 0.596604
2026-05-02 12:21:41 | INFO |   mple_loss_without_penalty: 0.579888
2026-05-02 12:21:41 | INFO |   lambda_uv_ridge: 1.000000
2026-05-02 12:21:41 | INFO |   u_frobenius_norm: 16.889983
2026-05-02 12:21:41 | INFO |   v_frobenius_norm: 1.732051
2026-05-02 12:21:41 | INFO |   effective_rank: 3.000000
2026-05-02 12:21:41 | INFO | Field and interaction diagnostics:
2026-05-02 12:21:41 | INFO |   field_rmse: 0.306791
2026-05-02 12:21:41 | INFO |   interaction_fro_error: 0.526243
2026-05-02 12:21:41 | INFO |   estimated_field_max_abs_entry: 0.784870
2026-05-02 12:21:41 | INFO |   estimated_field_rank: 3.000000
2026-05-02 12:21:41 | INFO |   true_field_max_abs_entry: 2.857994
2026-05-02 12:21:41 | INFO |   true_field_rank: 3.000000
2026-05-02 12:21:41 | INFO | Saved summary table to /orcd/home/002/phevosp/MPLE-Causal-Inference/experiments/Synthetic/spectral_low_rank/cv_runs/alternating_uv_grid/candidates/alternating_uv_grid_candidate_0007/fold_2/mple_summary.csv
2026-05-02 12:21:41 | INFO | Log saved to /orcd/home/002/phevosp/MPLE-Causal-Inference/experiments/Synthetic/spectral_low_rank/cv_runs/alternating_uv_grid/candidates/alternating_uv_grid_candidate_0007/fold_2/mple.log
