2026-04-01 10:17:54 | INFO | Loading data...
2026-04-01 10:17:55 | INFO | Loaded 1 field templates and 11 interaction templates.
2026-04-01 10:17:55 | INFO | Running conditional-model MPLE on x with shape=(10, 1000)
2026-04-01 10:17:55 | INFO | Eval 0  |  Loss: 0.673969
2026-04-01 10:17:55 | INFO |   field::intercept: +0.0126,  beta: -0.0132,  interaction::adjacency: +0.0640,  interaction::distance_kernel::feature_1: +0.0105,  interaction::cross_similarity::feature_1: -0.0536,  interaction::distance_kernel::feature_2: +0.0362,  interaction::cross_similarity::feature_2: +0.1304,  interaction::distance_kernel::feature_3: +0.0947,  interaction::cross_similarity::feature_3: -0.0704,  interaction::distance_kernel::feature_4: -0.1265,  interaction::cross_similarity::feature_4: -0.0623,  interaction::distance_kernel::feature_5: +0.0041,  interaction::cross_similarity::feature_5: -0.2325,  eta: -0.0219,  zeta: -0.1246,  psi: -0.0732
2026-04-01 10:17:55 | INFO | Eval 100  |  Loss: 0.551011
2026-04-01 10:17:55 | INFO |   field::intercept: +0.4674,  beta: +0.3881,  interaction::adjacency: +0.8936,  interaction::distance_kernel::feature_1: +0.0964,  interaction::cross_similarity::feature_1: -0.9094,  interaction::distance_kernel::feature_2: -0.1088,  interaction::cross_similarity::feature_2: +0.2111,  interaction::distance_kernel::feature_3: +0.0472,  interaction::cross_similarity::feature_3: +0.6607,  interaction::distance_kernel::feature_4: -0.1259,  interaction::cross_similarity::feature_4: -1.1618,  interaction::distance_kernel::feature_5: -0.1806,  interaction::cross_similarity::feature_5: +1.8825,  eta: +0.0938,  zeta: -0.4830,  psi: +0.3864
2026-04-01 10:17:55 | INFO | Done fitting.
2026-04-01 10:17:55 | INFO | Optimizer status: CONVERGENCE: RELATIVE REDUCTION OF F <= FACTR*EPSMCH
2026-04-01 10:17:55 | INFO | Final Loss: 0.551003
2026-04-01 10:17:55 | INFO | Estimated vs True Parameters:
2026-04-01 10:17:55 | INFO |   field::intercept: 0.4640 (True: 0.5000)
2026-04-01 10:17:55 | INFO |   field::intercept SQE: 0.001293
2026-04-01 10:17:55 | INFO |   beta: 0.3858 (True: 0.4000)
2026-04-01 10:17:55 | INFO |   beta SQE: 0.000202
2026-04-01 10:17:55 | INFO |   interaction::adjacency: 0.9408 (True: 0.2500)
2026-04-01 10:17:55 | INFO |   interaction::adjacency SQE: 0.477242
2026-04-01 10:17:55 | INFO |   interaction::distance_kernel::feature_1: 0.0835 (True: 0.0800)
2026-04-01 10:17:55 | INFO |   interaction::distance_kernel::feature_1 SQE: 0.000013
2026-04-01 10:17:55 | INFO |   interaction::cross_similarity::feature_1: -0.9374 (True: 0.0400)
2026-04-01 10:17:55 | INFO |   interaction::cross_similarity::feature_1 SQE: 0.955378
2026-04-01 10:17:55 | INFO |   interaction::distance_kernel::feature_2: -0.1466 (True: 0.0800)
2026-04-01 10:17:55 | INFO |   interaction::distance_kernel::feature_2 SQE: 0.051338
2026-04-01 10:17:55 | INFO |   interaction::cross_similarity::feature_2: 0.2166 (True: 0.0400)
2026-04-01 10:17:55 | INFO |   interaction::cross_similarity::feature_2 SQE: 0.031179
2026-04-01 10:17:55 | INFO |   interaction::distance_kernel::feature_3: 0.0614 (True: 0.0800)
2026-04-01 10:17:55 | INFO |   interaction::distance_kernel::feature_3 SQE: 0.000347
2026-04-01 10:17:55 | INFO |   interaction::cross_similarity::feature_3: 0.5886 (True: 0.0400)
2026-04-01 10:17:55 | INFO |   interaction::cross_similarity::feature_3 SQE: 0.301007
2026-04-01 10:17:55 | INFO |   interaction::distance_kernel::feature_4: -0.1351 (True: 0.0800)
2026-04-01 10:17:55 | INFO |   interaction::distance_kernel::feature_4 SQE: 0.046260
2026-04-01 10:17:55 | INFO |   interaction::cross_similarity::feature_4: -1.5696 (True: 0.0400)
2026-04-01 10:17:55 | INFO |   interaction::cross_similarity::feature_4 SQE: 2.590836
2026-04-01 10:17:55 | INFO |   interaction::distance_kernel::feature_5: -0.1890 (True: 0.1300)
2026-04-01 10:17:55 | INFO |   interaction::distance_kernel::feature_5 SQE: 0.101782
2026-04-01 10:17:55 | INFO |   interaction::cross_similarity::feature_5: 1.8598 (True: 0.1400)
2026-04-01 10:17:55 | INFO |   interaction::cross_similarity::feature_5 SQE: 2.957750
2026-04-01 10:17:55 | INFO |   eta: 0.0943 (True: 0.1000)
2026-04-01 10:17:55 | INFO |   eta SQE: 0.000032
2026-04-01 10:17:55 | INFO |   zeta: -0.4830 (True: -0.5000)
2026-04-01 10:17:55 | INFO |   zeta SQE: 0.000287
2026-04-01 10:17:55 | INFO |   psi: 0.3869 (True: 0.4000)
2026-04-01 10:17:55 | INFO |   psi SQE: 0.000172
2026-04-01 10:17:55 | INFO | Saved summary tables to C:\Users\phevo\Documents\MIT\Code\MPLE-Causal-Inference\experiments\n1000_t10_baseline_temp_fro_small_uniform_shared_feature_interactions_20260331_230551\mple_summary.csv and C:\Users\phevo\Documents\MIT\Code\MPLE-Causal-Inference\experiments\n1000_t10_baseline_temp_fro_small_uniform_shared_feature_interactions_20260331_230551\mple_summary.md
2026-04-01 10:17:55 | INFO | Log saved to C:\Users\phevo\Documents\MIT\Code\MPLE-Causal-Inference\experiments\n1000_t10_baseline_temp_fro_small_uniform_shared_feature_interactions_20260331_230551\mple.log
