2026-04-08 16:07:56 | INFO | Loading data...
2026-04-08 16:07:56 | INFO | Loaded 8 field templates and 1 interaction templates.
2026-04-08 16:07:56 | INFO | Intervention-process model enabled: True
2026-04-08 16:07:56 | INFO | Tau zero-mean enabled: False
2026-04-08 16:07:56 | INFO | Tau smoothness lambda: 0.000000
2026-04-08 16:07:56 | INFO | Running conditional-model MPLE on x with shape=(120, 3009)
2026-04-08 16:07:56 | INFO | Eval 0  |  Loss: 0.744980
2026-04-08 16:07:56 | INFO |   field::population_density: +0.0126,  field::senior_population: -0.0132,  field::college_education: +0.0640,  field::poverty_rate: +0.0105,  field::log_population: -0.0536,  field::median_household_income: +0.0362,  field::cdc_svi_2022_overall: +0.1304,  field::usda_ers_rucc_2023: +0.0947,  tau block: mean=+0.0043, std=0.0969, min=-0.2325, max=+0.2002,  beta: -0.0569,  interaction::contiguity: -0.1030,  eta: -0.1043,  zeta: +0.0268,  psi: +0.0359
2026-04-08 16:08:02 | INFO | Eval 100  |  Loss: 0.318546
2026-04-08 16:08:02 | INFO |   field::population_density: -0.8069,  field::senior_population: -0.0521,  field::college_education: -0.6294,  field::poverty_rate: -0.1498,  field::log_population: +0.9702,  field::median_household_income: -0.5044,  field::cdc_svi_2022_overall: +0.0290,  field::usda_ers_rucc_2023: -0.0404,  tau block: mean=-0.3756, std=0.7598, min=-3.2017, max=+0.2041,  beta: -0.0337,  interaction::contiguity: +1.3655,  eta: +0.2555,  zeta: -0.1742,  psi: +2.1024
2026-04-08 16:08:05 | INFO | Done fitting.
2026-04-08 16:08:05 | INFO | Optimizer status: CONVERGENCE: RELATIVE REDUCTION OF F <= FACTR*EPSMCH
2026-04-08 16:08:05 | INFO | Final Loss: 0.318524
2026-04-08 16:08:05 | INFO | Estimated Parameters:
2026-04-08 16:08:05 | INFO |   field::population_density: -0.8486
2026-04-08 16:08:05 | INFO |   field::senior_population: -0.0528
2026-04-08 16:08:05 | INFO |   field::college_education: -0.6354
2026-04-08 16:08:05 | INFO |   field::poverty_rate: -0.1421
2026-04-08 16:08:05 | INFO |   field::log_population: 0.9804
2026-04-08 16:08:05 | INFO |   field::median_household_income: -0.4981
2026-04-08 16:08:05 | INFO |   field::cdc_svi_2022_overall: 0.0283
2026-04-08 16:08:05 | INFO |   field::usda_ers_rucc_2023: -0.0393
2026-04-08 16:08:05 | INFO |   tau::t_0: -4.3945
2026-04-08 16:08:05 | INFO |   tau::t_1: -4.3933
2026-04-08 16:08:05 | INFO |   tau::t_2: -4.3946
2026-04-08 16:08:05 | INFO |   tau::t_3: -4.3948
2026-04-08 16:08:05 | INFO |   tau::t_4: -4.3878
2026-04-08 16:08:05 | INFO |   tau::t_5: -4.3949
2026-04-08 16:08:05 | INFO |   tau::t_6: -4.2013
2026-04-08 16:08:05 | INFO |   tau::t_7: -1.9407
2026-04-08 16:08:05 | INFO |   tau::t_8: -1.0733
2026-04-08 16:08:05 | INFO |   tau::t_9: -0.5553
2026-04-08 16:08:05 | INFO |   tau::t_10: -0.4151
2026-04-08 16:08:05 | INFO |   tau::t_11: -0.3929
2026-04-08 16:08:05 | INFO |   tau::t_12: -0.3770
2026-04-08 16:08:05 | INFO |   tau::t_13: -0.4043
2026-04-08 16:08:05 | INFO |   tau::t_14: -0.3867
2026-04-08 16:08:05 | INFO |   tau::t_15: -0.3880
2026-04-08 16:08:05 | INFO |   tau::t_16: -0.4145
2026-04-08 16:08:05 | INFO |   tau::t_17: -0.4054
2026-04-08 16:08:05 | INFO |   tau::t_18: -0.4566
2026-04-08 16:08:05 | INFO |   tau::t_19: -0.4688
2026-04-08 16:08:05 | INFO |   tau::t_20: -0.5069
2026-04-08 16:08:05 | INFO |   tau::t_21: -0.4809
2026-04-08 16:08:05 | INFO |   tau::t_22: -0.5446
2026-04-08 16:08:05 | INFO |   tau::t_23: -0.3921
2026-04-08 16:08:05 | INFO |   tau::t_24: -0.3972
2026-04-08 16:08:05 | INFO |   tau::t_25: -0.3111
2026-04-08 16:08:05 | INFO |   tau::t_26: -0.2140
2026-04-08 16:08:05 | INFO |   tau::t_27: -0.2824
2026-04-08 16:08:05 | INFO |   tau::t_28: -0.2671
2026-04-08 16:08:05 | INFO |   tau::t_29: -0.2431
2026-04-08 16:08:05 | INFO |   tau::t_30: -0.2452
2026-04-08 16:08:05 | INFO |   tau::t_31: -0.2855
2026-04-08 16:08:05 | INFO |   tau::t_32: -0.2873
2026-04-08 16:08:05 | INFO |   tau::t_33: -0.2635
2026-04-08 16:08:05 | INFO |   tau::t_34: -0.2410
2026-04-08 16:08:05 | INFO |   tau::t_35: -0.2314
2026-04-08 16:08:05 | INFO |   tau::t_36: -0.2447
2026-04-08 16:08:05 | INFO |   tau::t_37: -0.2066
2026-04-08 16:08:05 | INFO |   tau::t_38: -0.1453
2026-04-08 16:08:05 | INFO |   tau::t_39: -0.1593
2026-04-08 16:08:05 | INFO |   tau::t_40: -0.0822
2026-04-08 16:08:05 | INFO |   tau::t_41: -0.0553
2026-04-08 16:08:05 | INFO |   tau::t_42: 0.0082
2026-04-08 16:08:05 | INFO |   tau::t_43: -0.0414
2026-04-08 16:08:05 | INFO |   tau::t_44: 0.1462
2026-04-08 16:08:05 | INFO |   tau::t_45: 0.0966
2026-04-08 16:08:05 | INFO |   tau::t_46: 0.1035
2026-04-08 16:08:05 | INFO |   tau::t_47: 0.0077
2026-04-08 16:08:05 | INFO |   tau::t_48: 0.0857
2026-04-08 16:08:05 | INFO |   tau::t_49: 0.1622
2026-04-08 16:08:05 | INFO |   tau::t_50: 0.1303
2026-04-08 16:08:05 | INFO |   tau::t_51: 0.1049
2026-04-08 16:08:05 | INFO |   tau::t_52: 0.0942
2026-04-08 16:08:05 | INFO |   tau::t_53: 0.0842
2026-04-08 16:08:05 | INFO |   tau::t_54: 0.0143
2026-04-08 16:08:05 | INFO |   tau::t_55: -0.1087
2026-04-08 16:08:05 | INFO |   tau::t_56: -0.0203
2026-04-08 16:08:05 | INFO |   tau::t_57: -0.0796
2026-04-08 16:08:05 | INFO |   tau::t_58: -0.1598
2026-04-08 16:08:05 | INFO |   tau::t_59: -0.2347
2026-04-08 16:08:05 | INFO |   tau::t_60: -0.2391
2026-04-08 16:08:05 | INFO |   tau::t_61: -0.2801
2026-04-08 16:08:05 | INFO |   tau::t_62: -0.2512
2026-04-08 16:08:05 | INFO |   tau::t_63: -0.2503
2026-04-08 16:08:05 | INFO |   tau::t_64: -0.3006
2026-04-08 16:08:05 | INFO |   tau::t_65: -0.3160
2026-04-08 16:08:05 | INFO |   tau::t_66: -0.2957
2026-04-08 16:08:05 | INFO |   tau::t_67: -0.3166
2026-04-08 16:08:05 | INFO |   tau::t_68: -0.3294
2026-04-08 16:08:05 | INFO |   tau::t_69: -0.2294
2026-04-08 16:08:05 | INFO |   tau::t_70: -0.4123
2026-04-08 16:08:05 | INFO |   tau::t_71: -0.3589
2026-04-08 16:08:05 | INFO |   tau::t_72: -0.5013
2026-04-08 16:08:05 | INFO |   tau::t_73: -0.5033
2026-04-08 16:08:05 | INFO |   tau::t_74: -0.5344
2026-04-08 16:08:05 | INFO |   tau::t_75: -0.6166
2026-04-08 16:08:05 | INFO |   tau::t_76: -0.4913
2026-04-08 16:08:05 | INFO |   tau::t_77: -0.4764
2026-04-08 16:08:05 | INFO |   tau::t_78: -0.4215
2026-04-08 16:08:05 | INFO |   tau::t_79: -0.2879
2026-04-08 16:08:05 | INFO |   tau::t_80: -0.2002
2026-04-08 16:08:05 | INFO |   tau::t_81: -0.1233
2026-04-08 16:08:05 | INFO |   tau::t_82: -0.0652
2026-04-08 16:08:05 | INFO |   tau::t_83: -0.0428
2026-04-08 16:08:05 | INFO |   tau::t_84: -0.0072
2026-04-08 16:08:05 | INFO |   tau::t_85: 0.1117
2026-04-08 16:08:05 | INFO |   tau::t_86: 0.0898
2026-04-08 16:08:05 | INFO |   tau::t_87: 0.1150
2026-04-08 16:08:05 | INFO |   tau::t_88: 0.0583
2026-04-08 16:08:05 | INFO |   tau::t_89: 0.0536
2026-04-08 16:08:05 | INFO |   tau::t_90: 0.0615
2026-04-08 16:08:05 | INFO |   tau::t_91: 0.0394
2026-04-08 16:08:05 | INFO |   tau::t_92: -0.0180
2026-04-08 16:08:05 | INFO |   tau::t_93: -0.0260
2026-04-08 16:08:05 | INFO |   tau::t_94: -0.0001
2026-04-08 16:08:05 | INFO |   tau::t_95: -0.1806
2026-04-08 16:08:05 | INFO |   tau::t_96: 0.0955
2026-04-08 16:08:05 | INFO |   tau::t_97: 0.0078
2026-04-08 16:08:05 | INFO |   tau::t_98: -0.0070
2026-04-08 16:08:05 | INFO |   tau::t_99: -0.0491
2026-04-08 16:08:05 | INFO |   tau::t_100: -0.0169
2026-04-08 16:08:05 | INFO |   tau::t_101: 0.0704
2026-04-08 16:08:05 | INFO |   tau::t_102: 0.0611
2026-04-08 16:08:05 | INFO |   tau::t_103: 0.0740
2026-04-08 16:08:05 | INFO |   tau::t_104: 0.1550
2026-04-08 16:08:05 | INFO |   tau::t_105: 0.2063
2026-04-08 16:08:05 | INFO |   tau::t_106: 0.1908
2026-04-08 16:08:05 | INFO |   tau::t_107: 0.1604
2026-04-08 16:08:05 | INFO |   tau::t_108: 0.0839
2026-04-08 16:08:05 | INFO |   tau::t_109: 0.0363
2026-04-08 16:08:05 | INFO |   tau::t_110: -0.0502
2026-04-08 16:08:05 | INFO |   tau::t_111: -0.0579
2026-04-08 16:08:05 | INFO |   tau::t_112: -0.1506
2026-04-08 16:08:05 | INFO |   tau::t_113: -0.2107
2026-04-08 16:08:05 | INFO |   tau::t_114: -0.3072
2026-04-08 16:08:05 | INFO |   tau::t_115: -0.2621
2026-04-08 16:08:05 | INFO |   tau::t_116: -0.3977
2026-04-08 16:08:05 | INFO |   tau::t_117: -0.3925
2026-04-08 16:08:05 | INFO |   tau::t_118: -0.2360
2026-04-08 16:08:05 | INFO |   tau::t_119: -0.4977
2026-04-08 16:08:05 | INFO |   beta: -0.0358
2026-04-08 16:08:05 | INFO |   interaction::contiguity: 1.3665
2026-04-08 16:08:05 | INFO |   eta: 0.2556
2026-04-08 16:08:05 | INFO |   zeta: -0.1772
2026-04-08 16:08:05 | INFO |   psi: 2.1069
2026-04-08 16:08:05 | INFO | Saved summary tables to C:\Users\phevo\Documents\MIT\Code\MPLE-Causal-Inference\experiments\USCountyVaccination_US_features_new_trimmed\outcome_death_rate_100k_ge_2__intervention_complete_cov_ge_30__lag_2w__contiguity\mple_summary.csv and C:\Users\phevo\Documents\MIT\Code\MPLE-Causal-Inference\experiments\USCountyVaccination_US_features_new_trimmed\outcome_death_rate_100k_ge_2__intervention_complete_cov_ge_30__lag_2w__contiguity\mple_summary.md
2026-04-08 16:08:05 | INFO | Log saved to C:\Users\phevo\Documents\MIT\Code\MPLE-Causal-Inference\experiments\USCountyVaccination_US_features_new_trimmed\outcome_death_rate_100k_ge_2__intervention_complete_cov_ge_30__lag_2w__contiguity\mple.log
