2026-04-25 19:13:23 | INFO | Loading data...
2026-04-25 19:13:23 | INFO | Using panel artifact: /orcd/home/002/phevosp/MPLE-Causal-Inference/experiments/USCountyVaccination_US_trimmed/outcome_death_rate_100k_ge_2__intervention_complete_cov_ge_20__lag_2w__contiguity__start_2020_09_06/panel_data.npz
2026-04-25 19:13:23 | INFO | Using x_0 artifact: /orcd/home/002/phevosp/MPLE-Causal-Inference/experiments/USCountyVaccination_US_trimmed/outcome_death_rate_100k_ge_2__intervention_complete_cov_ge_20__lag_2w__contiguity__start_2020_09_06/x_0.npy
2026-04-25 19:13:23 | INFO | Using fit config: /orcd/home/002/phevosp/MPLE-Causal-Inference/experiments/USCountyVaccination_US_trimmed/outcome_death_rate_100k_ge_2__intervention_complete_cov_ge_20__lag_2w__contiguity__start_2020_09_06/fits/alternating_rank_5_lambda_10_beta_mask_pre_and_post/fit_realized_config.yaml
2026-04-25 19:13:23 | INFO | Using model artifact directory: /orcd/home/002/phevosp/MPLE-Causal-Inference/experiments/USCountyVaccination_US_trimmed/outcome_death_rate_100k_ge_2__intervention_complete_cov_ge_20__lag_2w__contiguity__start_2020_09_06
2026-04-25 19:13:23 | INFO | Using truth artifact directory: /orcd/home/002/phevosp/MPLE-Causal-Inference/experiments/USCountyVaccination_US_trimmed/outcome_death_rate_100k_ge_2__intervention_complete_cov_ge_20__lag_2w__contiguity__start_2020_09_06
2026-04-25 19:13:23 | INFO | Configured optimizer mode: alternating_latent_rank
2026-04-25 19:13:23 | INFO | Configured latent rank: 5
2026-04-25 19:13:23 | INFO | Using a fixed known graph with scalar xi.
2026-04-25 19:13:23 | INFO | Fit-time hard bounds active: False
2026-04-25 19:13:23 | INFO | Fixed scalar parameters: {}
2026-04-25 19:13:23 | INFO | Beta mask before s: True
2026-04-25 19:13:23 | INFO | Beta mask after e: True
2026-04-25 19:13:23 | INFO | Optimizer settings: steps=20000, tol=1e-09, n_starts=1, seed=0, lambda_nuclear=0.0, lambda_frobenius=0.0, lambda_uv_ridge=10.0, proximal_lr=1.0
2026-04-25 19:13:23 | INFO | Alternating low-rank start 1/1 | seed=0 | initial_loss=0.635462 | initial_penalized=0.641288
2026-04-25 19:13:23 | INFO | Alternating low-rank iter 0 | Loss: 0.517122 | Penalized: 0.538952
2026-04-25 19:13:30 | INFO | Alternating low-rank iter 100 | Loss: 0.448157 | Penalized: 0.486869
2026-04-25 19:13:36 | INFO | Alternating low-rank iter 200 | Loss: 0.448895 | Penalized: 0.486345
2026-04-25 19:13:42 | INFO | Alternating low-rank iter 300 | Loss: 0.449081 | Penalized: 0.486328
2026-04-25 19:13:48 | INFO | Done fitting.
2026-04-25 19:13:48 | INFO | Optimizer status: CONVERGED: alternating objective tolerance reached
2026-04-25 19:13:48 | INFO | Best optimizer start: 1 / 1
2026-04-25 19:13:48 | INFO | Final Loss: 0.449115
2026-04-25 19:13:48 | INFO | Estimated Parameters:
2026-04-25 19:13:48 | INFO |   beta: -0.0476
2026-04-25 19:13:48 | INFO |   xi: 1.5894
2026-04-25 19:13:48 | INFO |   eta: 0.0991
2026-04-25 19:13:48 | INFO | Alternating low-rank optimizer diagnostics:
2026-04-25 19:13:48 | INFO |   penalized_objective: 0.486328
2026-04-25 19:13:48 | INFO |   mple_loss_without_penalty: 0.449115
2026-04-25 19:13:48 | INFO |   lambda_uv_ridge: 10.000000
2026-04-25 19:13:48 | INFO |   u_frobenius_norm: 22.196451
2026-04-25 19:13:48 | INFO |   v_frobenius_norm: 22.196459
2026-04-25 19:13:48 | INFO |   effective_rank: 5.000000
2026-04-25 19:13:48 | INFO | Field and interaction diagnostics:
2026-04-25 19:13:48 | INFO |   estimated_field_max_abs_entry: 1.902940
2026-04-25 19:13:48 | INFO |   estimated_field_rank: 5.000000
2026-04-25 19:13:48 | INFO | Saved summary table to /orcd/home/002/phevosp/MPLE-Causal-Inference/experiments/USCountyVaccination_US_trimmed/outcome_death_rate_100k_ge_2__intervention_complete_cov_ge_20__lag_2w__contiguity__start_2020_09_06/fits/alternating_rank_5_lambda_10_beta_mask_pre_and_post/mple_summary.csv
2026-04-25 19:13:48 | INFO | Log saved to /orcd/home/002/phevosp/MPLE-Causal-Inference/experiments/USCountyVaccination_US_trimmed/outcome_death_rate_100k_ge_2__intervention_complete_cov_ge_20__lag_2w__contiguity__start_2020_09_06/fits/alternating_rank_5_lambda_10_beta_mask_pre_and_post/mple.log
