2026-04-19 13:31:39 | INFO | Loading data...
2026-04-19 13:31:39 | INFO | Using panel artifact: C:\Users\phevo\Documents\MIT\Code\MPLE-Causal-Inference\experiments\USCountyVaccination_US_sensitivity\outcome_death_rate_100k_ge_2__intervention_complete_cov_ge_40__lag_2w__contiguity__start_2020_09_06\panel_data.npz
2026-04-19 13:31:39 | INFO | Using x_0 artifact: C:\Users\phevo\Documents\MIT\Code\MPLE-Causal-Inference\experiments\USCountyVaccination_US_sensitivity\outcome_death_rate_100k_ge_2__intervention_complete_cov_ge_40__lag_2w__contiguity__start_2020_09_06\x_0.npy
2026-04-19 13:31:39 | INFO | Using z_0 artifact: C:\Users\phevo\Documents\MIT\Code\MPLE-Causal-Inference\experiments\USCountyVaccination_US_sensitivity\outcome_death_rate_100k_ge_2__intervention_complete_cov_ge_40__lag_2w__contiguity__start_2020_09_06\z_0.npy
2026-04-19 13:31:39 | INFO | Using fit config: C:\Users\phevo\Documents\MIT\Code\MPLE-Causal-Inference\experiments\USCountyVaccination_US_sensitivity\outcome_death_rate_100k_ge_2__intervention_complete_cov_ge_40__lag_2w__contiguity__start_2020_09_06\fits\rank_10_b5\fit_realized_config.yaml
2026-04-19 13:31:39 | INFO | Using model artifact directory: C:\Users\phevo\Documents\MIT\Code\MPLE-Causal-Inference\experiments\USCountyVaccination_US_sensitivity\outcome_death_rate_100k_ge_2__intervention_complete_cov_ge_40__lag_2w__contiguity__start_2020_09_06
2026-04-19 13:31:39 | INFO | Using truth artifact directory: C:\Users\phevo\Documents\MIT\Code\MPLE-Causal-Inference\experiments\USCountyVaccination_US_sensitivity\outcome_death_rate_100k_ge_2__intervention_complete_cov_ge_40__lag_2w__contiguity__start_2020_09_06
2026-04-19 13:31:39 | INFO | Configured latent rank: 10
2026-04-19 13:31:39 | INFO | Using a fixed known graph with scalar xi.
2026-04-19 13:31:39 | INFO | Intervention-process model enabled: False
2026-04-19 13:31:39 | INFO | Global temperature bound B active: True
2026-04-19 13:31:39 | INFO | Effective xi bound from interaction constraint: 5.000000
2026-04-19 13:31:39 | INFO | Beta mask pre-intervention enabled: True
2026-04-19 13:31:39 | INFO | Fixed scalar parameters: {}
2026-04-19 13:31:39 | INFO | Optimizer settings: n_starts=5, lbfgs_steps=50000, tol=1e-09, adam_steps=1000, adam_lr=0.01, adam_device=cpu, seed=0
2026-04-19 13:31:39 | INFO | Optimizer start 1/5 | seed=0 | initial_loss=0.692749
2026-04-19 13:31:42 | INFO | Start 1 Adam step 0 | Loss: 0.692749
2026-04-19 13:31:43 | INFO | Start 1 Adam step 100 | Loss: 0.410591
2026-04-19 13:31:44 | INFO | Start 1 Adam step 200 | Loss: 0.392698
2026-04-19 13:31:45 | INFO | Start 1 Adam step 300 | Loss: 0.387525
2026-04-19 13:31:46 | INFO | Start 1 Adam step 400 | Loss: 0.384640
2026-04-19 13:31:47 | INFO | Start 1 Adam step 500 | Loss: 0.384493
2026-04-19 13:31:48 | INFO | Start 1 Adam step 600 | Loss: 0.383641
2026-04-19 13:31:49 | INFO | Start 1 Adam step 700 | Loss: 0.383476
2026-04-19 13:31:51 | INFO | Start 1 Adam step 800 | Loss: 0.384127
2026-04-19 13:31:52 | INFO | Start 1 Adam step 900 | Loss: 0.384094
2026-04-19 13:31:53 | INFO | Start 1 L-BFGS eval 0 | Loss: 0.384803
2026-04-19 13:31:53 | INFO |   beta: -0.0346,  xi: +1.1741,  eta: -0.1085
2026-04-19 13:31:56 | INFO | Start 1 L-BFGS eval 100 | Loss: 0.384769
2026-04-19 13:31:56 | INFO |   beta: -0.0365,  xi: +1.1960,  eta: -0.1012
2026-04-19 13:31:57 | INFO | Optimizer start 1/5 complete | final_loss=0.384760 | status=CONVERGENCE: RELATIVE REDUCTION OF F <= FACTR*EPSMCH
2026-04-19 13:31:57 | INFO | Optimizer start 2/5 | seed=1 | initial_loss=0.751583
2026-04-19 13:31:57 | INFO | Start 2 Adam step 0 | Loss: 0.751583
2026-04-19 13:31:58 | INFO | Start 2 Adam step 100 | Loss: 0.410319
2026-04-19 13:31:59 | INFO | Start 2 Adam step 200 | Loss: 0.389002
2026-04-19 13:32:01 | INFO | Start 2 Adam step 300 | Loss: 0.385143
2026-04-19 13:32:02 | INFO | Start 2 Adam step 400 | Loss: 0.383875
2026-04-19 13:32:03 | INFO | Start 2 Adam step 500 | Loss: 0.383279
2026-04-19 13:32:04 | INFO | Start 2 Adam step 600 | Loss: 0.383566
2026-04-19 13:32:05 | INFO | Start 2 Adam step 700 | Loss: 0.383823
2026-04-19 13:32:06 | INFO | Start 2 Adam step 800 | Loss: 0.384027
2026-04-19 13:32:07 | INFO | Start 2 Adam step 900 | Loss: 0.384251
2026-04-19 13:32:09 | INFO | Start 2 L-BFGS eval 0 | Loss: 0.385131
2026-04-19 13:32:09 | INFO |   beta: -0.0311,  xi: +1.1554,  eta: -0.1041
2026-04-19 13:32:11 | INFO | Optimizer start 2/5 complete | final_loss=0.384688 | status=CONVERGENCE: RELATIVE REDUCTION OF F <= FACTR*EPSMCH
2026-04-19 13:32:11 | INFO | Optimizer start 3/5 | seed=2 | initial_loss=0.779271
2026-04-19 13:32:11 | INFO | Start 3 Adam step 0 | Loss: 0.779271
2026-04-19 13:32:13 | INFO | Start 3 Adam step 100 | Loss: 0.410737
2026-04-19 13:32:14 | INFO | Start 3 Adam step 200 | Loss: 0.389254
2026-04-19 13:32:15 | INFO | Start 3 Adam step 300 | Loss: 0.384708
2026-04-19 13:32:16 | INFO | Start 3 Adam step 400 | Loss: 0.383304
2026-04-19 13:32:17 | INFO | Start 3 Adam step 500 | Loss: 0.383089
2026-04-19 13:32:19 | INFO | Start 3 Adam step 600 | Loss: 0.382474
2026-04-19 13:32:20 | INFO | Start 3 Adam step 700 | Loss: 0.382706
2026-04-19 13:32:21 | INFO | Start 3 Adam step 800 | Loss: 0.383091
2026-04-19 13:32:22 | INFO | Start 3 Adam step 900 | Loss: 0.383261
2026-04-19 13:32:23 | INFO | Start 3 L-BFGS eval 0 | Loss: 0.383684
2026-04-19 13:32:23 | INFO |   beta: -0.0260,  xi: +1.1565,  eta: -0.1115
2026-04-19 13:32:25 | INFO | Optimizer start 3/5 complete | final_loss=0.383679 | status=ABNORMAL: 
2026-04-19 13:32:25 | INFO | Optimizer start 4/5 | seed=3 | initial_loss=0.714502
2026-04-19 13:32:25 | INFO | Start 4 Adam step 0 | Loss: 0.714502
2026-04-19 13:32:26 | INFO | Start 4 Adam step 100 | Loss: 0.414874
2026-04-19 13:32:27 | INFO | Start 4 Adam step 200 | Loss: 0.392217
2026-04-19 13:32:28 | INFO | Start 4 Adam step 300 | Loss: 0.386230
2026-04-19 13:32:29 | INFO | Start 4 Adam step 400 | Loss: 0.383776
2026-04-19 13:32:31 | INFO | Start 4 Adam step 500 | Loss: 0.383276
2026-04-19 13:32:32 | INFO | Start 4 Adam step 600 | Loss: 0.383237
2026-04-19 13:32:33 | INFO | Start 4 Adam step 700 | Loss: 0.384336
2026-04-19 13:32:34 | INFO | Start 4 Adam step 800 | Loss: 0.383896
2026-04-19 13:32:35 | INFO | Start 4 Adam step 900 | Loss: 0.384192
2026-04-19 13:32:36 | INFO | Start 4 L-BFGS eval 0 | Loss: 0.384573
2026-04-19 13:32:36 | INFO |   beta: -0.0224,  xi: +1.1861,  eta: -0.1049
2026-04-19 13:32:39 | INFO | Optimizer start 4/5 complete | final_loss=0.384434 | status=CONVERGENCE: RELATIVE REDUCTION OF F <= FACTR*EPSMCH
2026-04-19 13:32:39 | INFO | Optimizer start 5/5 | seed=4 | initial_loss=0.703035
2026-04-19 13:32:39 | INFO | Start 5 Adam step 0 | Loss: 0.703035
2026-04-19 13:32:40 | INFO | Start 5 Adam step 100 | Loss: 0.415800
2026-04-19 13:32:41 | INFO | Start 5 Adam step 200 | Loss: 0.391963
2026-04-19 13:32:42 | INFO | Start 5 Adam step 300 | Loss: 0.386483
2026-04-19 13:32:44 | INFO | Start 5 Adam step 400 | Loss: 0.383342
2026-04-19 13:32:45 | INFO | Start 5 Adam step 500 | Loss: 0.382496
2026-04-19 13:32:46 | INFO | Start 5 Adam step 600 | Loss: 0.382856
2026-04-19 13:32:47 | INFO | Start 5 Adam step 700 | Loss: 0.383537
2026-04-19 13:32:48 | INFO | Start 5 Adam step 800 | Loss: 0.384308
2026-04-19 13:32:49 | INFO | Start 5 Adam step 900 | Loss: 0.385071
2026-04-19 13:32:50 | INFO | Start 5 L-BFGS eval 0 | Loss: 0.385079
2026-04-19 13:32:50 | INFO |   beta: -0.0305,  xi: +1.1778,  eta: -0.1032
2026-04-19 13:32:51 | INFO | Optimizer start 5/5 complete | final_loss=0.385079 | status=ABNORMAL: 
2026-04-19 13:32:51 | INFO | Done fitting.
2026-04-19 13:32:51 | INFO | Optimizer status: ABNORMAL:  | best_start=3/5
2026-04-19 13:32:51 | INFO | Best optimizer start: 3 / 5
2026-04-19 13:32:51 | INFO | Final Loss: 0.383679
2026-04-19 13:32:51 | INFO | Estimated Parameters:
2026-04-19 13:32:51 | INFO |   beta: -0.0254
2026-04-19 13:32:51 | INFO |   xi: 1.1581
2026-04-19 13:32:51 | INFO |   eta: -0.1088
2026-04-19 13:32:51 | INFO | Field and interaction diagnostics:
2026-04-19 13:32:51 | INFO |   estimated_field_inf_norm: 5.000000
2026-04-19 13:32:51 | INFO |   estimated_field_rank: 10.000000
2026-04-19 13:32:51 | INFO |   bound_B: 5.000000
2026-04-19 13:32:51 | INFO | Saved summary tables to C:\Users\phevo\Documents\MIT\Code\MPLE-Causal-Inference\experiments\USCountyVaccination_US_sensitivity\outcome_death_rate_100k_ge_2__intervention_complete_cov_ge_40__lag_2w__contiguity__start_2020_09_06\fits\rank_10_b5\mple_summary.csv and C:\Users\phevo\Documents\MIT\Code\MPLE-Causal-Inference\experiments\USCountyVaccination_US_sensitivity\outcome_death_rate_100k_ge_2__intervention_complete_cov_ge_40__lag_2w__contiguity__start_2020_09_06\fits\rank_10_b5\mple_summary.md
2026-04-19 13:32:51 | INFO | Log saved to C:\Users\phevo\Documents\MIT\Code\MPLE-Causal-Inference\experiments\USCountyVaccination_US_sensitivity\outcome_death_rate_100k_ge_2__intervention_complete_cov_ge_40__lag_2w__contiguity__start_2020_09_06\fits\rank_10_b5\mple.log
