2026-04-08 15:57:19 | INFO | Loading data...
2026-04-08 15:57:19 | INFO | Loaded 8 field templates and 1 interaction templates.
2026-04-08 15:57:19 | INFO | Intervention-process model enabled: True
2026-04-08 15:57:19 | INFO | Tau zero-mean enabled: False
2026-04-08 15:57:19 | INFO | Tau smoothness lambda: 0.000000
2026-04-08 15:57:19 | INFO | Running conditional-model MPLE on x with shape=(120, 3009)
2026-04-08 15:57:19 | INFO | Eval 0  |  Loss: 0.742828
2026-04-08 15:57:19 | INFO |   field::population_density: +0.0126,  field::senior_population: -0.0132,  field::college_education: +0.0640,  field::poverty_rate: +0.0105,  field::log_population: -0.0536,  field::median_household_income: +0.0362,  field::cdc_svi_2022_overall: +0.1304,  field::usda_ers_rucc_2023: +0.0947,  tau block: mean=+0.0043, std=0.0969, min=-0.2325, max=+0.2002,  beta: -0.0569,  interaction::contiguity: -0.1030,  eta: -0.1043,  zeta: +0.0268,  psi: +0.0359
2026-04-08 15:57:40 | INFO | Eval 100  |  Loss: 0.316662
2026-04-08 15:57:40 | INFO |   field::population_density: -0.7938,  field::senior_population: -0.0559,  field::college_education: -0.6483,  field::poverty_rate: -0.1400,  field::log_population: +0.9715,  field::median_household_income: -0.5028,  field::cdc_svi_2022_overall: +0.0271,  field::usda_ers_rucc_2023: -0.0405,  tau block: mean=-0.3593, std=0.7230, min=-3.0621, max=+0.1956,  beta: -0.0253,  interaction::contiguity: +1.3659,  eta: +0.2561,  zeta: -0.2796,  psi: +2.1160
2026-04-08 15:57:52 | INFO | Done fitting.
2026-04-08 15:57:52 | INFO | Optimizer status: CONVERGENCE: RELATIVE REDUCTION OF F <= FACTR*EPSMCH
2026-04-08 15:57:52 | INFO | Final Loss: 0.316640
2026-04-08 15:57:52 | INFO | Estimated Parameters:
2026-04-08 15:57:52 | INFO |   field::population_density: -0.8445
2026-04-08 15:57:52 | INFO |   field::senior_population: -0.0567
2026-04-08 15:57:52 | INFO |   field::college_education: -0.6435
2026-04-08 15:57:52 | INFO |   field::poverty_rate: -0.1379
2026-04-08 15:57:52 | INFO |   field::log_population: 0.9777
2026-04-08 15:57:52 | INFO |   field::median_household_income: -0.4988
2026-04-08 15:57:52 | INFO |   field::cdc_svi_2022_overall: 0.0275
2026-04-08 15:57:52 | INFO |   field::usda_ers_rucc_2023: -0.0397
2026-04-08 15:57:52 | INFO |   tau::t_0: -3.7727
2026-04-08 15:57:52 | INFO |   tau::t_1: -3.7570
2026-04-08 15:57:52 | INFO |   tau::t_2: -3.7750
2026-04-08 15:57:52 | INFO |   tau::t_3: -3.7927
2026-04-08 15:57:52 | INFO |   tau::t_4: -3.7259
2026-04-08 15:57:52 | INFO |   tau::t_5: -3.7859
2026-04-08 15:57:52 | INFO |   tau::t_6: -3.6040
2026-04-08 15:57:52 | INFO |   tau::t_7: -1.8410
2026-04-08 15:57:52 | INFO |   tau::t_8: -1.0891
2026-04-08 15:57:52 | INFO |   tau::t_9: -0.5497
2026-04-08 15:57:52 | INFO |   tau::t_10: -0.4105
2026-04-08 15:57:52 | INFO |   tau::t_11: -0.3885
2026-04-08 15:57:52 | INFO |   tau::t_12: -0.3722
2026-04-08 15:57:52 | INFO |   tau::t_13: -0.3999
2026-04-08 15:57:52 | INFO |   tau::t_14: -0.3819
2026-04-08 15:57:52 | INFO |   tau::t_15: -0.3833
2026-04-08 15:57:52 | INFO |   tau::t_16: -0.4101
2026-04-08 15:57:52 | INFO |   tau::t_17: -0.4007
2026-04-08 15:57:52 | INFO |   tau::t_18: -0.4518
2026-04-08 15:57:52 | INFO |   tau::t_19: -0.4638
2026-04-08 15:57:52 | INFO |   tau::t_20: -0.5021
2026-04-08 15:57:52 | INFO |   tau::t_21: -0.4765
2026-04-08 15:57:52 | INFO |   tau::t_22: -0.5395
2026-04-08 15:57:52 | INFO |   tau::t_23: -0.3875
2026-04-08 15:57:52 | INFO |   tau::t_24: -0.3926
2026-04-08 15:57:52 | INFO |   tau::t_25: -0.3062
2026-04-08 15:57:52 | INFO |   tau::t_26: -0.2090
2026-04-08 15:57:52 | INFO |   tau::t_27: -0.2771
2026-04-08 15:57:52 | INFO |   tau::t_28: -0.2624
2026-04-08 15:57:52 | INFO |   tau::t_29: -0.2381
2026-04-08 15:57:52 | INFO |   tau::t_30: -0.2397
2026-04-08 15:57:52 | INFO |   tau::t_31: -0.2795
2026-04-08 15:57:52 | INFO |   tau::t_32: -0.2829
2026-04-08 15:57:52 | INFO |   tau::t_33: -0.2578
2026-04-08 15:57:52 | INFO |   tau::t_34: -0.2356
2026-04-08 15:57:52 | INFO |   tau::t_35: -0.2264
2026-04-08 15:57:52 | INFO |   tau::t_36: -0.2397
2026-04-08 15:57:52 | INFO |   tau::t_37: -0.2018
2026-04-08 15:57:52 | INFO |   tau::t_38: -0.1406
2026-04-08 15:57:52 | INFO |   tau::t_39: -0.1547
2026-04-08 15:57:52 | INFO |   tau::t_40: -0.0778
2026-04-08 15:57:52 | INFO |   tau::t_41: -0.0509
2026-04-08 15:57:52 | INFO |   tau::t_42: 0.0129
2026-04-08 15:57:52 | INFO |   tau::t_43: -0.0362
2026-04-08 15:57:52 | INFO |   tau::t_44: 0.1508
2026-04-08 15:57:52 | INFO |   tau::t_45: 0.1010
2026-04-08 15:57:52 | INFO |   tau::t_46: 0.1080
2026-04-08 15:57:52 | INFO |   tau::t_47: 0.0122
2026-04-08 15:57:52 | INFO |   tau::t_48: 0.0902
2026-04-08 15:57:52 | INFO |   tau::t_49: 0.1667
2026-04-08 15:57:52 | INFO |   tau::t_50: 0.1344
2026-04-08 15:57:52 | INFO |   tau::t_51: 0.1092
2026-04-08 15:57:52 | INFO |   tau::t_52: 0.0986
2026-04-08 15:57:52 | INFO |   tau::t_53: 0.0885
2026-04-08 15:57:52 | INFO |   tau::t_54: 0.0188
2026-04-08 15:57:52 | INFO |   tau::t_55: -0.1040
2026-04-08 15:57:52 | INFO |   tau::t_56: -0.0156
2026-04-08 15:57:52 | INFO |   tau::t_57: -0.0746
2026-04-08 15:57:52 | INFO |   tau::t_58: -0.1549
2026-04-08 15:57:52 | INFO |   tau::t_59: -0.2289
2026-04-08 15:57:52 | INFO |   tau::t_60: -0.2318
2026-04-08 15:57:52 | INFO |   tau::t_61: -0.2695
2026-04-08 15:57:52 | INFO |   tau::t_62: -0.2327
2026-04-08 15:57:52 | INFO |   tau::t_63: -0.2213
2026-04-08 15:57:52 | INFO |   tau::t_64: -0.2646
2026-04-08 15:57:52 | INFO |   tau::t_65: -0.2790
2026-04-08 15:57:52 | INFO |   tau::t_66: -0.2600
2026-04-08 15:57:52 | INFO |   tau::t_67: -0.2867
2026-04-08 15:57:52 | INFO |   tau::t_68: -0.3027
2026-04-08 15:57:52 | INFO |   tau::t_69: -0.2050
2026-04-08 15:57:52 | INFO |   tau::t_70: -0.3918
2026-04-08 15:57:52 | INFO |   tau::t_71: -0.3398
2026-04-08 15:57:52 | INFO |   tau::t_72: -0.4822
2026-04-08 15:57:52 | INFO |   tau::t_73: -0.4839
2026-04-08 15:57:52 | INFO |   tau::t_74: -0.5161
2026-04-08 15:57:52 | INFO |   tau::t_75: -0.6009
2026-04-08 15:57:52 | INFO |   tau::t_76: -0.4739
2026-04-08 15:57:52 | INFO |   tau::t_77: -0.4614
2026-04-08 15:57:52 | INFO |   tau::t_78: -0.4077
2026-04-08 15:57:52 | INFO |   tau::t_79: -0.2747
2026-04-08 15:57:52 | INFO |   tau::t_80: -0.1876
2026-04-08 15:57:52 | INFO |   tau::t_81: -0.1120
2026-04-08 15:57:52 | INFO |   tau::t_82: -0.0552
2026-04-08 15:57:52 | INFO |   tau::t_83: -0.0346
2026-04-08 15:57:52 | INFO |   tau::t_84: -0.0003
2026-04-08 15:57:52 | INFO |   tau::t_85: 0.1171
2026-04-08 15:57:52 | INFO |   tau::t_86: 0.0937
2026-04-08 15:57:52 | INFO |   tau::t_87: 0.1191
2026-04-08 15:57:52 | INFO |   tau::t_88: 0.0592
2026-04-08 15:57:52 | INFO |   tau::t_89: 0.0545
2026-04-08 15:57:52 | INFO |   tau::t_90: 0.0621
2026-04-08 15:57:52 | INFO |   tau::t_91: 0.0446
2026-04-08 15:57:52 | INFO |   tau::t_92: -0.0189
2026-04-08 15:57:52 | INFO |   tau::t_93: -0.0271
2026-04-08 15:57:52 | INFO |   tau::t_94: -0.0007
2026-04-08 15:57:52 | INFO |   tau::t_95: -0.1811
2026-04-08 15:57:52 | INFO |   tau::t_96: 0.0945
2026-04-08 15:57:52 | INFO |   tau::t_97: 0.0074
2026-04-08 15:57:52 | INFO |   tau::t_98: -0.0076
2026-04-08 15:57:52 | INFO |   tau::t_99: -0.0507
2026-04-08 15:57:52 | INFO |   tau::t_100: -0.0179
2026-04-08 15:57:52 | INFO |   tau::t_101: 0.0690
2026-04-08 15:57:52 | INFO |   tau::t_102: 0.0597
2026-04-08 15:57:52 | INFO |   tau::t_103: 0.0723
2026-04-08 15:57:52 | INFO |   tau::t_104: 0.1541
2026-04-08 15:57:52 | INFO |   tau::t_105: 0.2026
2026-04-08 15:57:52 | INFO |   tau::t_106: 0.1871
2026-04-08 15:57:52 | INFO |   tau::t_107: 0.1565
2026-04-08 15:57:52 | INFO |   tau::t_108: 0.0798
2026-04-08 15:57:52 | INFO |   tau::t_109: 0.0322
2026-04-08 15:57:52 | INFO |   tau::t_110: -0.0543
2026-04-08 15:57:52 | INFO |   tau::t_111: -0.0620
2026-04-08 15:57:52 | INFO |   tau::t_112: -0.1543
2026-04-08 15:57:52 | INFO |   tau::t_113: -0.2142
2026-04-08 15:57:52 | INFO |   tau::t_114: -0.3112
2026-04-08 15:57:52 | INFO |   tau::t_115: -0.2669
2026-04-08 15:57:52 | INFO |   tau::t_116: -0.4030
2026-04-08 15:57:52 | INFO |   tau::t_117: -0.3970
2026-04-08 15:57:52 | INFO |   tau::t_118: -0.2410
2026-04-08 15:57:52 | INFO |   tau::t_119: -0.5015
2026-04-08 15:57:52 | INFO |   beta: -0.0310
2026-04-08 15:57:52 | INFO |   interaction::contiguity: 1.3684
2026-04-08 15:57:52 | INFO |   eta: 0.2556
2026-04-08 15:57:52 | INFO |   zeta: -0.2789
2026-04-08 15:57:52 | INFO |   psi: 2.1185
2026-04-08 15:57:52 | INFO | Saved summary tables to C:\Users\phevo\Documents\MIT\Code\MPLE-Causal-Inference\experiments\USCountyVaccination_US_features_new_trimmed\outcome_death_rate_100k_ge_2__intervention_complete_cov_ge_20__lag_1w__contiguity\mple_summary.csv and C:\Users\phevo\Documents\MIT\Code\MPLE-Causal-Inference\experiments\USCountyVaccination_US_features_new_trimmed\outcome_death_rate_100k_ge_2__intervention_complete_cov_ge_20__lag_1w__contiguity\mple_summary.md
2026-04-08 15:57:52 | INFO | Log saved to C:\Users\phevo\Documents\MIT\Code\MPLE-Causal-Inference\experiments\USCountyVaccination_US_features_new_trimmed\outcome_death_rate_100k_ge_2__intervention_complete_cov_ge_20__lag_1w__contiguity\mple.log
