2026-04-06 17:41:39 | INFO | Loading data...
2026-04-06 17:41:39 | INFO | Loaded 8 field templates and 1 interaction templates.
2026-04-06 17:41:39 | INFO | Intervention-process model enabled: False
2026-04-06 17:41:39 | INFO | Running conditional-model MPLE on x with shape=(15, 9642)
2026-04-06 17:41:39 | INFO | Eval 0  |  Loss: 0.676018
2026-04-06 17:41:39 | INFO |   field::total_pop: +0.0126,  field::black_share: -0.0132,  field::hispanic_share: +0.0640,  field::male_1521_share: +0.0105,  field::family_household_share: -0.0536,  field::female_household_share: +0.0362,  field::renter_share: +0.1304,  field::vacant_share: +0.0947,  tau block: mean=-0.0394, std=0.0882, min=-0.2325, max=+0.1366,  beta: +0.0352,  interaction::centroid_distance_kernel_8: +0.0903,  eta: +0.0094
2026-04-06 17:41:41 | INFO | Eval 100  |  Loss: 0.611501
2026-04-06 17:41:41 | INFO |   field::total_pop: +6.2402,  field::black_share: +0.2274,  field::hispanic_share: +0.1081,  field::male_1521_share: +0.0363,  field::family_household_share: -0.1775,  field::female_household_share: +0.1086,  field::renter_share: +0.1188,  field::vacant_share: +1.0945,  tau block: mean=+0.1890, std=0.0387, min=+0.1111, max=+0.2420,  beta: +0.1816,  interaction::centroid_distance_kernel_8: +0.7489,  eta: +0.2398
2026-04-06 17:41:41 | INFO | Done fitting.
2026-04-06 17:41:41 | INFO | Optimizer status: CONVERGENCE: RELATIVE REDUCTION OF F <= FACTR*EPSMCH
2026-04-06 17:41:41 | INFO | Final Loss: 0.611498
2026-04-06 17:41:41 | INFO | Estimated Parameters:
2026-04-06 17:41:41 | INFO |   field::total_pop: 6.2402
2026-04-06 17:41:41 | INFO |   field::black_share: 0.2302
2026-04-06 17:41:41 | INFO |   field::hispanic_share: 0.1074
2026-04-06 17:41:41 | INFO |   field::male_1521_share: 0.0292
2026-04-06 17:41:41 | INFO |   field::family_household_share: -0.1772
2026-04-06 17:41:41 | INFO |   field::female_household_share: 0.1053
2026-04-06 17:41:41 | INFO |   field::renter_share: 0.1184
2026-04-06 17:41:41 | INFO |   field::vacant_share: 1.3096
2026-04-06 17:41:41 | INFO |   tau::t_0: 0.1136
2026-04-06 17:41:41 | INFO |   tau::t_1: 0.2052
2026-04-06 17:41:41 | INFO |   tau::t_2: 0.1656
2026-04-06 17:41:41 | INFO |   tau::t_3: 0.0952
2026-04-06 17:41:41 | INFO |   tau::t_4: 0.1335
2026-04-06 17:41:41 | INFO |   tau::t_5: 0.1441
2026-04-06 17:41:41 | INFO |   tau::t_6: 0.1566
2026-04-06 17:41:41 | INFO |   tau::t_7: 0.1342
2026-04-06 17:41:41 | INFO |   tau::t_8: 0.1682
2026-04-06 17:41:41 | INFO |   tau::t_9: 0.2106
2026-04-06 17:41:41 | INFO |   tau::t_10: 0.1895
2026-04-06 17:41:41 | INFO |   tau::t_11: 0.1845
2026-04-06 17:41:41 | INFO |   tau::t_12: 0.1911
2026-04-06 17:41:41 | INFO |   tau::t_13: 0.1918
2026-04-06 17:41:41 | INFO |   tau::t_14: 0.0798
2026-04-06 17:41:41 | INFO |   beta: 0.1501
2026-04-06 17:41:41 | INFO |   interaction::centroid_distance_kernel_8: 0.7493
2026-04-06 17:41:41 | INFO |   eta: 0.2400
2026-04-06 17:41:41 | INFO | Saved summary tables to C:\Users\phevo\Documents\MIT\Code\MPLE-Causal-Inference\experiments\SeattleDMI\outcome_only\any_crime_gt_0_pm1__centroid_distance_kernel_8\mple_summary.csv and C:\Users\phevo\Documents\MIT\Code\MPLE-Causal-Inference\experiments\SeattleDMI\outcome_only\any_crime_gt_0_pm1__centroid_distance_kernel_8\mple_summary.md
2026-04-06 17:41:41 | INFO | Log saved to C:\Users\phevo\Documents\MIT\Code\MPLE-Causal-Inference\experiments\SeattleDMI\outcome_only\any_crime_gt_0_pm1__centroid_distance_kernel_8\mple.log
