2026-05-06 14:06:18 | INFO | Loading data...
2026-05-06 14:06:18 | INFO | Using panel artifact: /orcd/home/002/phevosp/MPLE-Causal-Inference/experiments/HybridExperiments_r5_c1_v2/r5_c1_hybrid_us_county_intervention_uscounty_graph_kernel_confounding/panel_data.npz
2026-05-06 14:06:18 | INFO | Using x_0 artifact: /orcd/home/002/phevosp/MPLE-Causal-Inference/experiments/HybridExperiments_r5_c1_v2/r5_c1_hybrid_us_county_intervention_uscounty_graph_kernel_confounding/x_0.npy
2026-05-06 14:06:18 | INFO | Using fit config: /orcd/home/002/phevosp/MPLE-Causal-Inference/experiments/HybridExperiments_r5_c1_v2/r5_c1_hybrid_us_county_intervention_uscounty_graph_kernel_confounding/cv_runs/xi_zero/candidates/xi_zero_candidate_0001/fold_6/fit_realized_config.yaml
2026-05-06 14:06:18 | INFO | Using model artifact directory: /orcd/home/002/phevosp/MPLE-Causal-Inference/experiments/HybridExperiments_r5_c1_v2/r5_c1_hybrid_us_county_intervention_uscounty_graph_kernel_confounding
2026-05-06 14:06:18 | INFO | Using truth artifact directory: /orcd/home/002/phevosp/MPLE-Causal-Inference/experiments/HybridExperiments_r5_c1_v2/r5_c1_hybrid_us_county_intervention_uscounty_graph_kernel_confounding
2026-05-06 14:06:18 | INFO | Using loss mask artifact: /orcd/home/002/phevosp/MPLE-Causal-Inference/experiments/HybridExperiments_r5_c1_v2/r5_c1_hybrid_us_county_intervention_uscounty_graph_kernel_confounding/cv_runs/xi_zero/candidates/xi_zero_candidate_0001/fold_6/loss_mask.npy
2026-05-06 14:06:18 | INFO | Configured optimizer mode: alternating_latent_rank
2026-05-06 14:06:18 | INFO | Configured latent rank: 5
2026-05-06 14:06:18 | INFO | Using a fixed known graph with scalar xi.
2026-05-06 14:06:18 | INFO | Fit-time hard bounds active: False
2026-05-06 14:06:18 | INFO | Fixed scalar parameters: {'xi': 0.0}
2026-05-06 14:06:18 | INFO | Warm-start fixed scalars: {} for 0 steps
2026-05-06 14:06:18 | INFO | Beta mask before s: True with s=50
2026-05-06 14:06:18 | INFO | Beta mask after e: True with e=115
2026-05-06 14:06:18 | INFO | Alternating V-column L2-ball constraint active with radius 1.0
2026-05-06 14:06:18 | INFO | Optimizer settings: steps=2000, tol=1e-07, n_starts=1, seed=0, lambda_nuclear=0.0, lambda_frobenius=0.0, lambda_uv_ridge=0.0005, v_column_l2_max=1.0, proximal_lr=1.0
2026-05-06 14:06:18 | INFO | Alternating low-rank start 1/1 | seed=0 | initial_loss=0.748208 | initial_penalized=0.748208
2026-05-06 14:06:18 | INFO | Alternating low-rank iter 0 | Loss: 0.599319 | Penalized: 0.599350
2026-05-06 14:06:31 | INFO | Alternating low-rank iter 100 | Loss: 0.547453 | Penalized: 0.547710
2026-05-06 14:06:43 | INFO | Alternating low-rank iter 200 | Loss: 0.546561 | Penalized: 0.546988
2026-05-06 14:06:55 | INFO | Alternating low-rank iter 300 | Loss: 0.546402 | Penalized: 0.546907
2026-05-06 14:07:07 | INFO | Alternating low-rank iter 400 | Loss: 0.546328 | Penalized: 0.546881
2026-05-06 14:07:18 | INFO | Done fitting.
2026-05-06 14:07:18 | INFO | Optimizer status: CONVERGED: alternating objective tolerance reached
2026-05-06 14:07:18 | INFO | Best optimizer start: 1 / 1
2026-05-06 14:07:18 | INFO | Final Loss: 0.546288
2026-05-06 14:07:18 | INFO | Estimated vs True Parameters:
2026-05-06 14:07:18 | INFO |   beta: -0.0702 (True: -0.3000) | SQE: 0.052828
2026-05-06 14:07:18 | INFO |   xi: 0.0000 (True: 0.8000) | SQE: 0.640000
2026-05-06 14:07:18 | INFO |   eta: 0.3209 (True: 0.3000) | SQE: 0.000439
2026-05-06 14:07:18 | INFO | Alternating low-rank optimizer diagnostics:
2026-05-06 14:07:18 | INFO |   penalized_objective: 0.546869
2026-05-06 14:07:18 | INFO |   mple_loss_without_penalty: 0.546288
2026-05-06 14:07:18 | INFO |   lambda_uv_ridge: 0.000500
2026-05-06 14:07:18 | INFO |   u_frobenius_norm: 577.955854
2026-05-06 14:07:18 | INFO |   v_frobenius_norm: 2.236068
2026-05-06 14:07:18 | INFO |   effective_rank: 5.000000
2026-05-06 14:07:18 | INFO | Field and interaction diagnostics:
2026-05-06 14:07:18 | INFO |   field_rmse: 1.077081
2026-05-06 14:07:18 | INFO |   interaction_fro_error: 8.851317
2026-05-06 14:07:18 | INFO |   estimated_field_max_abs_entry: 61.570828
2026-05-06 14:07:18 | INFO |   estimated_field_rank: 5.000000
2026-05-06 14:07:18 | INFO |   true_field_max_abs_entry: 3.005890
2026-05-06 14:07:18 | INFO |   true_field_rank: 5.000000
2026-05-06 14:07:18 | INFO | Saved summary table to /orcd/home/002/phevosp/MPLE-Causal-Inference/experiments/HybridExperiments_r5_c1_v2/r5_c1_hybrid_us_county_intervention_uscounty_graph_kernel_confounding/cv_runs/xi_zero/candidates/xi_zero_candidate_0001/fold_6/mple_summary.csv
2026-05-06 14:07:18 | INFO | Log saved to /orcd/home/002/phevosp/MPLE-Causal-Inference/experiments/HybridExperiments_r5_c1_v2/r5_c1_hybrid_us_county_intervention_uscounty_graph_kernel_confounding/cv_runs/xi_zero/candidates/xi_zero_candidate_0001/fold_6/mple.log
