2026-04-11 12:51:32 | INFO | Loading data...
2026-04-11 12:51:32 | INFO | Using panel artifact: C:\Users\phevo\Documents\MIT\Code\MPLE-Causal-Inference\experiments\SyntheticExperimentsGrid\fixed_z_complete_cov_ge_40_lag2w_trimmed_uniform_zero_xi0p25_20260411_124440\panel_data.npz
2026-04-11 12:51:32 | INFO | Using x_0 artifact: C:\Users\phevo\Documents\MIT\Code\MPLE-Causal-Inference\experiments\SyntheticExperimentsGrid\fixed_z_complete_cov_ge_40_lag2w_trimmed_uniform_zero_xi0p25_20260411_124440\x_0.npy
2026-04-11 12:51:32 | INFO | Using z_0 artifact: C:\Users\phevo\Documents\MIT\Code\MPLE-Causal-Inference\experiments\SyntheticExperimentsGrid\fixed_z_complete_cov_ge_40_lag2w_trimmed_uniform_zero_xi0p25_20260411_124440\z_0.npy
2026-04-11 12:51:32 | INFO | Loaded field mode: uniform
2026-04-11 12:51:32 | INFO | Using a fixed known graph with scalar xi.
2026-04-11 12:51:32 | INFO | Intervention-process model enabled: False
2026-04-11 12:51:32 | INFO | Eval 0  |  Loss: 0.662023
2026-04-11 12:51:32 | INFO |   beta: +0.0788,  xi: +0.0844,  eta: +0.0076
2026-04-11 12:51:33 | INFO | Done fitting.
2026-04-11 12:51:33 | INFO | Optimizer status: CONVERGENCE: RELATIVE REDUCTION OF F <= FACTR*EPSMCH
2026-04-11 12:51:33 | INFO | Final Loss: 0.601921
2026-04-11 12:51:33 | INFO | Estimated vs True Parameters:
2026-04-11 12:51:33 | INFO |   beta: 0.3529 (True: 0.3500) | SQE: 0.000009
2026-04-11 12:51:33 | INFO |   xi: 0.2342 (True: 0.2500) | SQE: 0.000251
2026-04-11 12:51:33 | INFO |   eta: 0.0804 (True: 0.0800) | SQE: 0.000000
2026-04-11 12:51:34 | INFO | Field and interaction diagnostics:
2026-04-11 12:51:34 | INFO |   field_rmse: 0.019984
2026-04-11 12:51:34 | INFO |   static_field_rmse: 0.000000
2026-04-11 12:51:34 | INFO |   interaction_fro_error: 0.056346
2026-04-11 12:51:34 | INFO |   tau_rmse: 0.019984
2026-04-11 12:51:34 | INFO | Saved summary tables to C:\Users\phevo\Documents\MIT\Code\MPLE-Causal-Inference\experiments\SyntheticExperimentsGrid\fixed_z_complete_cov_ge_40_lag2w_trimmed_uniform_zero_xi0p25_20260411_124440\mple_summary.csv and C:\Users\phevo\Documents\MIT\Code\MPLE-Causal-Inference\experiments\SyntheticExperimentsGrid\fixed_z_complete_cov_ge_40_lag2w_trimmed_uniform_zero_xi0p25_20260411_124440\mple_summary.md
2026-04-11 12:51:34 | INFO | Log saved to C:\Users\phevo\Documents\MIT\Code\MPLE-Causal-Inference\experiments\SyntheticExperimentsGrid\fixed_z_complete_cov_ge_40_lag2w_trimmed_uniform_zero_xi0p25_20260411_124440\mple.log
