2026-04-29 14:21:19 | INFO | Loading data...
2026-04-29 14:21:19 | INFO | Using panel artifact: /orcd/home/002/phevosp/MPLE-Causal-Inference/experiments/SyntheticHybridExperiments/confounding_strong/panel_data.npz
2026-04-29 14:21:19 | INFO | Using x_0 artifact: /orcd/home/002/phevosp/MPLE-Causal-Inference/experiments/SyntheticHybridExperiments/confounding_strong/x_0.npy
2026-04-29 14:21:19 | INFO | Using fit config: /orcd/home/002/phevosp/MPLE-Causal-Inference/experiments/SyntheticHybridExperiments/confounding_strong/fits/alternating_rank_3_uv_1_e1/fit_realized_config.yaml
2026-04-29 14:21:19 | INFO | Using model artifact directory: /orcd/home/002/phevosp/MPLE-Causal-Inference/experiments/SyntheticHybridExperiments/confounding_strong
2026-04-29 14:21:19 | INFO | Using truth artifact directory: /orcd/home/002/phevosp/MPLE-Causal-Inference/experiments/SyntheticHybridExperiments/confounding_strong
2026-04-29 14:21:19 | INFO | Configured optimizer mode: alternating_latent_rank
2026-04-29 14:21:19 | INFO | Configured latent rank: 3
2026-04-29 14:21:19 | INFO | Using a fixed known graph with scalar xi.
2026-04-29 14:21:19 | INFO | Fit-time hard bounds active: False
2026-04-29 14:21:19 | INFO | Fixed scalar parameters: {}
2026-04-29 14:21:19 | INFO | Warm-start fixed scalars: {} for 0 steps
2026-04-29 14:21:19 | INFO | Beta mask before s: False with s=0
2026-04-29 14:21:19 | INFO | Beta mask after e: False with e=11
2026-04-29 14:21:19 | INFO | Alternating V-column L2-ball constraint active with radius 1.0
2026-04-29 14:21:19 | INFO | Optimizer settings: steps=20000, tol=1e-09, n_starts=1, seed=0, lambda_nuclear=0.0, lambda_frobenius=0.0, lambda_uv_ridge=0.1, v_column_l2_max=1.0, proximal_lr=1.0
2026-04-29 14:21:19 | INFO | Alternating low-rank start 1/1 | seed=0 | initial_loss=0.790753 | initial_penalized=0.790771
2026-04-29 14:21:19 | INFO | Alternating low-rank iter 0 | Loss: 0.513797 | Penalized: 0.530309
2026-04-29 14:21:21 | INFO | Alternating low-rank iter 100 | Loss: 0.437087 | Penalized: 0.483014
2026-04-29 14:21:22 | INFO | Alternating low-rank iter 200 | Loss: 0.436741 | Penalized: 0.482730
2026-04-29 14:21:23 | INFO | Alternating low-rank iter 300 | Loss: 0.436627 | Penalized: 0.482663
2026-04-29 14:21:24 | INFO | Alternating low-rank iter 400 | Loss: 0.436584 | Penalized: 0.482647
2026-04-29 14:21:25 | INFO | Alternating low-rank iter 500 | Loss: 0.436566 | Penalized: 0.482643
2026-04-29 14:21:26 | INFO | Alternating low-rank iter 600 | Loss: 0.436558 | Penalized: 0.482642
2026-04-29 14:21:27 | INFO | Alternating low-rank iter 700 | Loss: 0.436555 | Penalized: 0.482642
2026-04-29 14:21:27 | INFO | Done fitting.
2026-04-29 14:21:27 | INFO | Optimizer status: CONVERGED: alternating objective tolerance reached
2026-04-29 14:21:27 | INFO | Best optimizer start: 1 / 1
2026-04-29 14:21:27 | INFO | Final Loss: 0.436555
2026-04-29 14:21:27 | INFO | Estimated vs True Parameters:
2026-04-29 14:21:27 | INFO |   beta: -0.2056 (True: -0.3000) | SQE: 0.008918
2026-04-29 14:21:27 | INFO |   xi: 0.5314 (True: 0.8000) | SQE: 0.072168
2026-04-29 14:21:27 | INFO |   eta: 0.2532 (True: 0.3000) | SQE: 0.002191
2026-04-29 14:21:27 | INFO | Alternating low-rank optimizer diagnostics:
2026-04-29 14:21:27 | INFO |   penalized_objective: 0.482642
2026-04-29 14:21:27 | INFO |   mple_loss_without_penalty: 0.436555
2026-04-29 14:21:27 | INFO |   lambda_uv_ridge: 0.100000
2026-04-29 14:21:27 | INFO |   u_frobenius_norm: 107.325889
2026-04-29 14:21:27 | INFO |   v_frobenius_norm: 1.732051
2026-04-29 14:21:27 | INFO |   effective_rank: 3.000000
2026-04-29 14:21:27 | INFO | Field and interaction diagnostics:
2026-04-29 14:21:27 | INFO |   field_rmse: 0.663303
2026-04-29 14:21:27 | INFO |   interaction_fro_error: 0.710068
2026-04-29 14:21:27 | INFO |   estimated_field_max_abs_entry: 2.218853
2026-04-29 14:21:27 | INFO |   estimated_field_rank: 3.000000
2026-04-29 14:21:27 | INFO |   true_field_max_abs_entry: 7.412670
2026-04-29 14:21:27 | INFO |   true_field_rank: 3.000000
2026-04-29 14:21:27 | INFO | Saved summary table to /orcd/home/002/phevosp/MPLE-Causal-Inference/experiments/SyntheticHybridExperiments/confounding_strong/fits/alternating_rank_3_uv_1_e1/mple_summary.csv
2026-04-29 14:21:27 | INFO | Log saved to /orcd/home/002/phevosp/MPLE-Causal-Inference/experiments/SyntheticHybridExperiments/confounding_strong/fits/alternating_rank_3_uv_1_e1/mple.log
