2026-04-07 11:47:24 | INFO | Loading data...
2026-04-07 11:47:24 | INFO | Loaded 6 field templates and 1 interaction templates.
2026-04-07 11:47:24 | INFO | Intervention-process model enabled: True
2026-04-07 11:47:24 | INFO | Tau zero-mean enabled: True
2026-04-07 11:47:24 | INFO | Tau smoothness lambda: 1.000000
2026-04-07 11:47:24 | INFO | Running conditional-model MPLE on x with shape=(69, 3135)
2026-04-07 11:47:24 | INFO | Eval 0  |  Loss: 0.588885
2026-04-07 11:47:24 | INFO |   field::log_population: +0.0126,  field::median_household_income: -0.0132,  field::poverty_rate: +0.0640,  field::pct_black: +0.0105,  field::pct_hispanic: -0.0536,  field::pct_in_labor_force: +0.0362,  tau block: mean=+0.0000, std=0.0982, min=-0.2442, max=+0.1843,  beta: -0.1320,  interaction::contiguity: -0.0662,  eta: +0.0935,  zeta: +0.0049,  psi: +0.2002
2026-04-07 11:47:28 | INFO | Done fitting.
2026-04-07 11:47:28 | INFO | Optimizer status: CONVERGENCE: RELATIVE REDUCTION OF F <= FACTR*EPSMCH
2026-04-07 11:47:28 | INFO | Final Loss: 0.177679
2026-04-07 11:47:28 | INFO | Estimated Parameters:
2026-04-07 11:47:28 | INFO |   field::log_population: 0.2829
2026-04-07 11:47:28 | INFO |   field::median_household_income: -0.1811
2026-04-07 11:47:28 | INFO |   field::poverty_rate: -0.0574
2026-04-07 11:47:28 | INFO |   field::pct_black: -0.1132
2026-04-07 11:47:28 | INFO |   field::pct_hispanic: -0.0600
2026-04-07 11:47:28 | INFO |   field::pct_in_labor_force: 0.0898
2026-04-07 11:47:28 | INFO |   tau::t_0: 0.1558
2026-04-07 11:47:28 | INFO |   tau::t_1: 0.0803
2026-04-07 11:47:28 | INFO |   tau::t_2: -0.0045
2026-04-07 11:47:28 | INFO |   tau::t_3: -0.1328
2026-04-07 11:47:28 | INFO |   tau::t_4: -0.2787
2026-04-07 11:47:28 | INFO |   tau::t_5: -0.0045
2026-04-07 11:47:28 | INFO |   tau::t_6: -0.2237
2026-04-07 11:47:28 | INFO |   tau::t_7: -0.0958
2026-04-07 11:47:28 | INFO |   tau::t_8: -0.0999
2026-04-07 11:47:28 | INFO |   tau::t_9: -0.0125
2026-04-07 11:47:28 | INFO |   tau::t_10: -0.1049
2026-04-07 11:47:28 | INFO |   tau::t_11: 0.0397
2026-04-07 11:47:28 | INFO |   tau::t_12: -0.0475
2026-04-07 11:47:28 | INFO |   tau::t_13: -0.1481
2026-04-07 11:47:28 | INFO |   tau::t_14: -0.1065
2026-04-07 11:47:28 | INFO |   tau::t_15: -0.2046
2026-04-07 11:47:28 | INFO |   tau::t_16: -0.2719
2026-04-07 11:47:28 | INFO |   tau::t_17: -0.3007
2026-04-07 11:47:28 | INFO |   tau::t_18: -0.2910
2026-04-07 11:47:28 | INFO |   tau::t_19: -0.4779
2026-04-07 11:47:28 | INFO |   tau::t_20: -0.2678
2026-04-07 11:47:28 | INFO |   tau::t_21: -0.4688
2026-04-07 11:47:28 | INFO |   tau::t_22: -0.4242
2026-04-07 11:47:28 | INFO |   tau::t_23: -0.3497
2026-04-07 11:47:28 | INFO |   tau::t_24: -0.1322
2026-04-07 11:47:28 | INFO |   tau::t_25: -0.0134
2026-04-07 11:47:28 | INFO |   tau::t_26: 0.1622
2026-04-07 11:47:28 | INFO |   tau::t_27: 0.2104
2026-04-07 11:47:28 | INFO |   tau::t_28: 0.2436
2026-04-07 11:47:28 | INFO |   tau::t_29: 0.2842
2026-04-07 11:47:28 | INFO |   tau::t_30: 0.1884
2026-04-07 11:47:28 | INFO |   tau::t_31: 0.2705
2026-04-07 11:47:28 | INFO |   tau::t_32: 0.2507
2026-04-07 11:47:28 | INFO |   tau::t_33: 0.1356
2026-04-07 11:47:28 | INFO |   tau::t_34: 0.2826
2026-04-07 11:47:28 | INFO |   tau::t_35: 0.2160
2026-04-07 11:47:28 | INFO |   tau::t_36: 0.0885
2026-04-07 11:47:28 | INFO |   tau::t_37: -0.0317
2026-04-07 11:47:28 | INFO |   tau::t_38: -0.1396
2026-04-07 11:47:28 | INFO |   tau::t_39: -0.0925
2026-04-07 11:47:28 | INFO |   tau::t_40: -0.1560
2026-04-07 11:47:28 | INFO |   tau::t_41: -0.1037
2026-04-07 11:47:28 | INFO |   tau::t_42: -0.0230
2026-04-07 11:47:28 | INFO |   tau::t_43: 0.0194
2026-04-07 11:47:28 | INFO |   tau::t_44: -0.3096
2026-04-07 11:47:28 | INFO |   tau::t_45: 0.3446
2026-04-07 11:47:28 | INFO |   tau::t_46: 0.0221
2026-04-07 11:47:28 | INFO |   tau::t_47: -0.0024
2026-04-07 11:47:28 | INFO |   tau::t_48: 0.0384
2026-04-07 11:47:28 | INFO |   tau::t_49: 0.4833
2026-04-07 11:47:28 | INFO |   tau::t_50: 0.8371
2026-04-07 11:47:28 | INFO |   tau::t_51: 0.7836
2026-04-07 11:47:28 | INFO |   tau::t_52: 0.9395
2026-04-07 11:47:28 | INFO |   tau::t_53: 0.9222
2026-04-07 11:47:28 | INFO |   tau::t_54: 0.7003
2026-04-07 11:47:28 | INFO |   tau::t_55: 0.2176
2026-04-07 11:47:28 | INFO |   tau::t_56: -0.1585
2026-04-07 11:47:28 | INFO |   tau::t_57: -0.4266
2026-04-07 11:47:28 | INFO |   tau::t_58: -0.3743
2026-04-07 11:47:28 | INFO |   tau::t_59: -0.3375
2026-04-07 11:47:28 | INFO |   tau::t_60: -0.2743
2026-04-07 11:47:28 | INFO |   tau::t_61: -0.2452
2026-04-07 11:47:28 | INFO |   tau::t_62: -0.3077
2026-04-07 11:47:28 | INFO |   tau::t_63: -0.1916
2026-04-07 11:47:28 | INFO |   tau::t_64: -0.2309
2026-04-07 11:47:28 | INFO |   tau::t_65: -0.0185
2026-04-07 11:47:28 | INFO |   tau::t_66: -0.0770
2026-04-07 11:47:28 | INFO |   tau::t_67: 0.0185
2026-04-07 11:47:28 | INFO |   tau::t_68: 0.0272
2026-04-07 11:47:28 | INFO |   beta: 0.0703
2026-04-07 11:47:28 | INFO |   interaction::contiguity: 2.4824
2026-04-07 11:47:28 | INFO |   eta: 0.5182
2026-04-07 11:47:28 | INFO |   zeta: 0.1778
2026-04-07 11:47:28 | INFO |   psi: 2.0673
2026-04-07 11:47:28 | INFO | Saved summary tables to C:\Users\phevo\Documents\MIT\Code\MPLE-Causal-Inference\experiments\USCountyVaccination_US_tau_zero_mean_smooth\outcome_case_rate_100k_ge_100__intervention_partial_cov_ge_10__lag_1w__contiguity\mple_summary.csv and C:\Users\phevo\Documents\MIT\Code\MPLE-Causal-Inference\experiments\USCountyVaccination_US_tau_zero_mean_smooth\outcome_case_rate_100k_ge_100__intervention_partial_cov_ge_10__lag_1w__contiguity\mple_summary.md
2026-04-07 11:47:28 | INFO | Log saved to C:\Users\phevo\Documents\MIT\Code\MPLE-Causal-Inference\experiments\USCountyVaccination_US_tau_zero_mean_smooth\outcome_case_rate_100k_ge_100__intervention_partial_cov_ge_10__lag_1w__contiguity\mple.log
