2026-04-19 13:00:26 | INFO | Loading data...
2026-04-19 13:00:26 | INFO | Using panel artifact: C:\Users\phevo\Documents\MIT\Code\MPLE-Causal-Inference\experiments\USCountyVaccination_US_sensitivity\outcome_death_rate_100k_ge_2__intervention_complete_cov_ge_40__lag_2w__contiguity__start_2020_06_07\panel_data.npz
2026-04-19 13:00:26 | INFO | Using x_0 artifact: C:\Users\phevo\Documents\MIT\Code\MPLE-Causal-Inference\experiments\USCountyVaccination_US_sensitivity\outcome_death_rate_100k_ge_2__intervention_complete_cov_ge_40__lag_2w__contiguity__start_2020_06_07\x_0.npy
2026-04-19 13:00:26 | INFO | Using z_0 artifact: C:\Users\phevo\Documents\MIT\Code\MPLE-Causal-Inference\experiments\USCountyVaccination_US_sensitivity\outcome_death_rate_100k_ge_2__intervention_complete_cov_ge_40__lag_2w__contiguity__start_2020_06_07\z_0.npy
2026-04-19 13:00:26 | INFO | Using fit config: C:\Users\phevo\Documents\MIT\Code\MPLE-Causal-Inference\experiments\USCountyVaccination_US_sensitivity\outcome_death_rate_100k_ge_2__intervention_complete_cov_ge_40__lag_2w__contiguity__start_2020_06_07\fits\rank_40_b1\fit_realized_config.yaml
2026-04-19 13:00:26 | INFO | Using model artifact directory: C:\Users\phevo\Documents\MIT\Code\MPLE-Causal-Inference\experiments\USCountyVaccination_US_sensitivity\outcome_death_rate_100k_ge_2__intervention_complete_cov_ge_40__lag_2w__contiguity__start_2020_06_07
2026-04-19 13:00:26 | INFO | Using truth artifact directory: C:\Users\phevo\Documents\MIT\Code\MPLE-Causal-Inference\experiments\USCountyVaccination_US_sensitivity\outcome_death_rate_100k_ge_2__intervention_complete_cov_ge_40__lag_2w__contiguity__start_2020_06_07
2026-04-19 13:00:26 | INFO | Configured latent rank: 40
2026-04-19 13:00:26 | INFO | Using a fixed known graph with scalar xi.
2026-04-19 13:00:26 | INFO | Intervention-process model enabled: False
2026-04-19 13:00:26 | INFO | Global temperature bound B active: True
2026-04-19 13:00:26 | INFO | Effective xi bound from interaction constraint: 1.000000
2026-04-19 13:00:26 | INFO | Beta mask pre-intervention enabled: True
2026-04-19 13:00:26 | INFO | Fixed scalar parameters: {}
2026-04-19 13:00:26 | INFO | Optimizer settings: n_starts=5, lbfgs_steps=50000, tol=1e-09, adam_steps=1000, adam_lr=0.01, adam_device=cpu, seed=0
2026-04-19 13:00:26 | INFO | Optimizer start 1/5 | seed=0 | initial_loss=0.734626
2026-04-19 13:00:29 | INFO | Start 1 Adam step 0 | Loss: 0.734626
2026-04-19 13:00:30 | INFO | Start 1 Adam step 100 | Loss: 0.458415
2026-04-19 13:00:31 | INFO | Start 1 Adam step 200 | Loss: 0.458405
2026-04-19 13:00:33 | INFO | Start 1 Adam step 300 | Loss: 0.434408
2026-04-19 13:00:34 | INFO | Start 1 Adam step 400 | Loss: 0.432565
2026-04-19 13:00:36 | INFO | Start 1 Adam step 500 | Loss: 0.437677
2026-04-19 13:00:37 | INFO | Start 1 Adam step 600 | Loss: 0.434539
2026-04-19 13:00:39 | INFO | Start 1 Adam step 700 | Loss: 0.431682
2026-04-19 13:00:40 | INFO | Start 1 Adam step 800 | Loss: 0.433389
2026-04-19 13:00:42 | INFO | Start 1 Adam step 900 | Loss: 0.439491
2026-04-19 13:00:44 | INFO | Start 1 L-BFGS eval 0 | Loss: 0.432381
2026-04-19 13:00:44 | INFO |   beta: +0.0288,  xi: +1.0000,  eta: +0.3070
2026-04-19 13:00:47 | INFO | Start 1 L-BFGS eval 100 | Loss: 0.427923
2026-04-19 13:00:47 | INFO |   beta: +0.0273,  xi: +1.0000,  eta: +0.2791
2026-04-19 13:00:51 | INFO | Start 1 L-BFGS eval 200 | Loss: 0.427920
2026-04-19 13:00:51 | INFO |   beta: +0.0270,  xi: +1.0000,  eta: +0.2698
2026-04-19 13:00:54 | INFO | Start 1 L-BFGS eval 300 | Loss: 0.427918
2026-04-19 13:00:54 | INFO |   beta: +0.0269,  xi: +1.0000,  eta: +0.2670
2026-04-19 13:00:58 | INFO | Start 1 L-BFGS eval 400 | Loss: 0.427918
2026-04-19 13:00:58 | INFO |   beta: +0.0269,  xi: +1.0000,  eta: +0.2661
2026-04-19 13:01:02 | INFO | Start 1 L-BFGS eval 500 | Loss: 0.427918
2026-04-19 13:01:02 | INFO |   beta: +0.0269,  xi: +1.0000,  eta: +0.2652
2026-04-19 13:01:05 | INFO | Start 1 L-BFGS eval 600 | Loss: 0.427918
2026-04-19 13:01:05 | INFO |   beta: +0.0269,  xi: +1.0000,  eta: +0.2655
2026-04-19 13:01:09 | INFO | Start 1 L-BFGS eval 700 | Loss: 0.427477
2026-04-19 13:01:09 | INFO |   beta: +0.0295,  xi: +1.0000,  eta: +0.3189
2026-04-19 13:01:12 | INFO | Start 1 L-BFGS eval 800 | Loss: 0.423276
2026-04-19 13:01:12 | INFO |   beta: +0.0045,  xi: +1.0000,  eta: +0.2769
2026-04-19 13:01:15 | INFO | Optimizer start 1/5 complete | final_loss=0.423095 | status=ABNORMAL: 
2026-04-19 13:01:15 | INFO | Optimizer start 2/5 | seed=1 | initial_loss=0.758944
2026-04-19 13:01:15 | INFO | Start 2 Adam step 0 | Loss: 0.758944
2026-04-19 13:01:17 | INFO | Start 2 Adam step 100 | Loss: 0.456604
2026-04-19 13:01:18 | INFO | Start 2 Adam step 200 | Loss: 0.455241
2026-04-19 13:01:20 | INFO | Start 2 Adam step 300 | Loss: 0.466848
2026-04-19 13:01:21 | INFO | Start 2 Adam step 400 | Loss: 0.433398
2026-04-19 13:01:23 | INFO | Start 2 Adam step 500 | Loss: 0.438498
2026-04-19 13:01:24 | INFO | Start 2 Adam step 600 | Loss: 0.438871
2026-04-19 13:01:26 | INFO | Start 2 Adam step 700 | Loss: 0.434507
2026-04-19 13:01:27 | INFO | Start 2 Adam step 800 | Loss: 0.432077
2026-04-19 13:01:29 | INFO | Start 2 Adam step 900 | Loss: 0.433237
2026-04-19 13:01:30 | INFO | Start 2 L-BFGS eval 0 | Loss: 0.430864
2026-04-19 13:01:30 | INFO |   beta: +0.0277,  xi: +1.0000,  eta: +0.3010
2026-04-19 13:01:34 | INFO | Start 2 L-BFGS eval 100 | Loss: 0.421428
2026-04-19 13:01:34 | INFO |   beta: +0.0277,  xi: +1.0000,  eta: +0.2866
2026-04-19 13:01:37 | INFO | Start 2 L-BFGS eval 200 | Loss: 0.420749
2026-04-19 13:01:37 | INFO |   beta: +0.0271,  xi: +1.0000,  eta: +0.2841
2026-04-19 13:01:41 | INFO | Start 2 L-BFGS eval 300 | Loss: 0.420733
2026-04-19 13:01:41 | INFO |   beta: +0.0273,  xi: +1.0000,  eta: +0.2881
2026-04-19 13:01:44 | INFO | Optimizer start 2/5 complete | final_loss=0.420733 | status=CONVERGENCE: RELATIVE REDUCTION OF F <= FACTR*EPSMCH
2026-04-19 13:01:44 | INFO | Optimizer start 3/5 | seed=2 | initial_loss=0.766720
2026-04-19 13:01:44 | INFO | Start 3 Adam step 0 | Loss: 0.766720
2026-04-19 13:01:45 | INFO | Start 3 Adam step 100 | Loss: 0.456994
2026-04-19 13:01:47 | INFO | Start 3 Adam step 200 | Loss: 0.454679
2026-04-19 13:01:48 | INFO | Start 3 Adam step 300 | Loss: 0.458442
2026-04-19 13:01:50 | INFO | Start 3 Adam step 400 | Loss: 0.439887
2026-04-19 13:01:51 | INFO | Start 3 Adam step 500 | Loss: 0.439210
2026-04-19 13:01:53 | INFO | Start 3 Adam step 600 | Loss: 0.434898
2026-04-19 13:01:54 | INFO | Start 3 Adam step 700 | Loss: 0.427962
2026-04-19 13:01:56 | INFO | Start 3 Adam step 800 | Loss: 0.437314
2026-04-19 13:01:57 | INFO | Start 3 Adam step 900 | Loss: 0.434692
2026-04-19 13:01:58 | INFO | Start 3 L-BFGS eval 0 | Loss: 0.433576
2026-04-19 13:01:58 | INFO |   beta: +0.0337,  xi: +1.0000,  eta: +0.3010
2026-04-19 13:02:02 | INFO | Start 3 L-BFGS eval 100 | Loss: 0.425009
2026-04-19 13:02:02 | INFO |   beta: +0.1099,  xi: +1.0000,  eta: +0.2933
2026-04-19 13:02:06 | INFO | Start 3 L-BFGS eval 200 | Loss: 0.423702
2026-04-19 13:02:06 | INFO |   beta: +0.0678,  xi: +1.0000,  eta: +0.2948
2026-04-19 13:02:09 | INFO | Start 3 L-BFGS eval 300 | Loss: 0.423124
2026-04-19 13:02:09 | INFO |   beta: +0.0235,  xi: +1.0000,  eta: +0.2879
2026-04-19 13:02:13 | INFO | Start 3 L-BFGS eval 400 | Loss: 0.423120
2026-04-19 13:02:13 | INFO |   beta: +0.0168,  xi: +1.0000,  eta: +0.2877
2026-04-19 13:02:17 | INFO | Start 3 L-BFGS eval 500 | Loss: 0.423069
2026-04-19 13:02:17 | INFO |   beta: +0.0236,  xi: +1.0000,  eta: +0.2813
2026-04-19 13:02:20 | INFO | Start 3 L-BFGS eval 600 | Loss: 0.422770
2026-04-19 13:02:20 | INFO |   beta: +0.0726,  xi: +1.0000,  eta: +0.2949
2026-04-19 13:02:22 | INFO | Optimizer start 3/5 complete | final_loss=0.422770 | status=CONVERGENCE: RELATIVE REDUCTION OF F <= FACTR*EPSMCH
2026-04-19 13:02:22 | INFO | Optimizer start 4/5 | seed=3 | initial_loss=0.759559
2026-04-19 13:02:22 | INFO | Start 4 Adam step 0 | Loss: 0.759559
2026-04-19 13:02:23 | INFO | Start 4 Adam step 100 | Loss: 0.465096
2026-04-19 13:02:25 | INFO | Start 4 Adam step 200 | Loss: 0.453124
2026-04-19 13:02:26 | INFO | Start 4 Adam step 300 | Loss: 0.448165
2026-04-19 13:02:28 | INFO | Start 4 Adam step 400 | Loss: 0.434597
2026-04-19 13:02:29 | INFO | Start 4 Adam step 500 | Loss: 0.437382
2026-04-19 13:02:31 | INFO | Start 4 Adam step 600 | Loss: 0.439298
2026-04-19 13:02:32 | INFO | Start 4 Adam step 700 | Loss: 0.429830
2026-04-19 13:02:34 | INFO | Start 4 Adam step 800 | Loss: 0.434961
2026-04-19 13:02:35 | INFO | Start 4 Adam step 900 | Loss: 0.437208
2026-04-19 13:02:37 | INFO | Start 4 L-BFGS eval 0 | Loss: 0.428665
2026-04-19 13:02:37 | INFO |   beta: +0.0306,  xi: +1.0000,  eta: +0.3094
2026-04-19 13:02:40 | INFO | Start 4 L-BFGS eval 100 | Loss: 0.421248
2026-04-19 13:02:40 | INFO |   beta: +0.0265,  xi: +1.0000,  eta: +0.2952
2026-04-19 13:02:44 | INFO | Start 4 L-BFGS eval 200 | Loss: 1.358889
2026-04-19 13:02:44 | INFO |   beta: -1.0000,  xi: +1.0000,  eta: -1.0000
2026-04-19 13:02:48 | INFO | Start 4 L-BFGS eval 300 | Loss: 0.421247
2026-04-19 13:02:48 | INFO |   beta: +0.0261,  xi: +1.0000,  eta: +0.2935
2026-04-19 13:02:51 | INFO | Optimizer start 4/5 complete | final_loss=0.421247 | status=CONVERGENCE: RELATIVE REDUCTION OF F <= FACTR*EPSMCH
2026-04-19 13:02:51 | INFO | Optimizer start 5/5 | seed=4 | initial_loss=0.743947
2026-04-19 13:02:51 | INFO | Start 5 Adam step 0 | Loss: 0.743947
2026-04-19 13:02:52 | INFO | Start 5 Adam step 100 | Loss: 0.458627
2026-04-19 13:02:54 | INFO | Start 5 Adam step 200 | Loss: 0.447076
2026-04-19 13:02:55 | INFO | Start 5 Adam step 300 | Loss: 0.463079
2026-04-19 13:02:57 | INFO | Start 5 Adam step 400 | Loss: 0.431743
2026-04-19 13:02:58 | INFO | Start 5 Adam step 500 | Loss: 0.436121
2026-04-19 13:03:00 | INFO | Start 5 Adam step 600 | Loss: 0.435096
2026-04-19 13:03:01 | INFO | Start 5 Adam step 700 | Loss: 0.430949
2026-04-19 13:03:03 | INFO | Start 5 Adam step 800 | Loss: 0.430463
2026-04-19 13:03:04 | INFO | Start 5 Adam step 900 | Loss: 0.438116
2026-04-19 13:03:06 | INFO | Start 5 L-BFGS eval 0 | Loss: 0.436105
2026-04-19 13:03:06 | INFO |   beta: +0.0313,  xi: +1.0000,  eta: +0.2961
2026-04-19 13:03:09 | INFO | Start 5 L-BFGS eval 100 | Loss: 0.426487
2026-04-19 13:03:09 | INFO |   beta: +0.0318,  xi: +1.0000,  eta: +0.2968
2026-04-19 13:03:13 | INFO | Start 5 L-BFGS eval 200 | Loss: 0.426534
2026-04-19 13:03:13 | INFO |   beta: +0.0278,  xi: +1.0000,  eta: +0.2521
2026-04-19 13:03:17 | INFO | Start 5 L-BFGS eval 300 | Loss: 0.560792
2026-04-19 13:03:17 | INFO |   beta: -0.0246,  xi: +1.0000,  eta: -0.3162
2026-04-19 13:03:20 | INFO | Start 5 L-BFGS eval 400 | Loss: 0.426402
2026-04-19 13:03:20 | INFO |   beta: +0.0293,  xi: +1.0000,  eta: +0.2689
2026-04-19 13:03:24 | INFO | Start 5 L-BFGS eval 500 | Loss: 0.521656
2026-04-19 13:03:24 | INFO |   beta: -0.0165,  xi: +1.0000,  eta: -0.2270
2026-04-19 13:03:27 | INFO | Optimizer start 5/5 complete | final_loss=0.426402 | status=CONVERGENCE: RELATIVE REDUCTION OF F <= FACTR*EPSMCH
2026-04-19 13:03:27 | INFO | Done fitting.
2026-04-19 13:03:27 | INFO | Optimizer status: CONVERGENCE: RELATIVE REDUCTION OF F <= FACTR*EPSMCH | best_start=2/5
2026-04-19 13:03:27 | INFO | Best optimizer start: 2 / 5
2026-04-19 13:03:27 | INFO | Final Loss: 0.420733
2026-04-19 13:03:27 | INFO | Estimated Parameters:
2026-04-19 13:03:27 | INFO |   beta: 0.0274
2026-04-19 13:03:27 | INFO |   xi: 1.0000
2026-04-19 13:03:27 | INFO |   eta: 0.2884
2026-04-19 13:03:27 | INFO | Field and interaction diagnostics:
2026-04-19 13:03:27 | INFO |   estimated_field_inf_norm: 1.000000
2026-04-19 13:03:27 | INFO |   estimated_field_rank: 40.000000
2026-04-19 13:03:27 | INFO |   bound_B: 1.000000
2026-04-19 13:03:27 | INFO | Saved summary tables to C:\Users\phevo\Documents\MIT\Code\MPLE-Causal-Inference\experiments\USCountyVaccination_US_sensitivity\outcome_death_rate_100k_ge_2__intervention_complete_cov_ge_40__lag_2w__contiguity__start_2020_06_07\fits\rank_40_b1\mple_summary.csv and C:\Users\phevo\Documents\MIT\Code\MPLE-Causal-Inference\experiments\USCountyVaccination_US_sensitivity\outcome_death_rate_100k_ge_2__intervention_complete_cov_ge_40__lag_2w__contiguity__start_2020_06_07\fits\rank_40_b1\mple_summary.md
2026-04-19 13:03:27 | INFO | Log saved to C:\Users\phevo\Documents\MIT\Code\MPLE-Causal-Inference\experiments\USCountyVaccination_US_sensitivity\outcome_death_rate_100k_ge_2__intervention_complete_cov_ge_40__lag_2w__contiguity__start_2020_06_07\fits\rank_40_b1\mple.log
