2026-05-02 12:21:28 | INFO | Loading data...
2026-05-02 12:21:28 | INFO | Using panel artifact: /orcd/home/002/phevosp/MPLE-Causal-Inference/experiments/Synthetic/confounding_weak/panel_data.npz
2026-05-02 12:21:28 | INFO | Using x_0 artifact: /orcd/home/002/phevosp/MPLE-Causal-Inference/experiments/Synthetic/confounding_weak/x_0.npy
2026-05-02 12:21:28 | INFO | Using fit config: /orcd/home/002/phevosp/MPLE-Causal-Inference/experiments/Synthetic/confounding_weak/cv_runs/alternating_uv_grid/candidates/alternating_uv_grid_candidate_0004/fold_10/fit_realized_config.yaml
2026-05-02 12:21:28 | INFO | Using model artifact directory: /orcd/home/002/phevosp/MPLE-Causal-Inference/experiments/Synthetic/confounding_weak
2026-05-02 12:21:28 | INFO | Using truth artifact directory: /orcd/home/002/phevosp/MPLE-Causal-Inference/experiments/Synthetic/confounding_weak
2026-05-02 12:21:28 | INFO | Using loss mask artifact: /orcd/home/002/phevosp/MPLE-Causal-Inference/experiments/Synthetic/confounding_weak/cv_runs/alternating_uv_grid/candidates/alternating_uv_grid_candidate_0004/fold_10/loss_mask.npy
2026-05-02 12:21:28 | INFO | Configured optimizer mode: alternating_latent_rank
2026-05-02 12:21:28 | INFO | Configured latent rank: 3
2026-05-02 12:21:28 | INFO | Using a fixed known graph with scalar xi.
2026-05-02 12:21:28 | INFO | Fit-time hard bounds active: False
2026-05-02 12:21:28 | INFO | Fixed scalar parameters: {}
2026-05-02 12:21:28 | INFO | Warm-start fixed scalars: {} for 0 steps
2026-05-02 12:21:28 | INFO | Beta mask before s: False with s=0
2026-05-02 12:21:28 | INFO | Beta mask after e: False with e=11
2026-05-02 12:21:28 | INFO | Alternating V-column L2-ball constraint active with radius 1.0
2026-05-02 12:21:28 | INFO | Optimizer settings: steps=2000, tol=1e-07, n_starts=1, seed=0, lambda_nuclear=0.0, lambda_frobenius=0.0, lambda_uv_ridge=0.05, v_column_l2_max=1.0, proximal_lr=1.0
2026-05-02 12:21:28 | INFO | Alternating low-rank start 1/1 | seed=0 | initial_loss=0.828103 | initial_penalized=0.828116
2026-05-02 12:21:28 | INFO | Alternating low-rank iter 0 | Loss: 0.590430 | Penalized: 0.595640
2026-05-02 12:21:30 | INFO | Alternating low-rank iter 100 | Loss: 0.523107 | Penalized: 0.539419
2026-05-02 12:21:31 | INFO | Alternating low-rank iter 200 | Loss: 0.522151 | Penalized: 0.538557
2026-05-02 12:21:33 | INFO | Alternating low-rank iter 300 | Loss: 0.521974 | Penalized: 0.538446
2026-05-02 12:21:34 | INFO | Done fitting.
2026-05-02 12:21:34 | INFO | Optimizer status: CONVERGED: alternating objective tolerance reached
2026-05-02 12:21:34 | INFO | Best optimizer start: 1 / 1
2026-05-02 12:21:34 | INFO | Final Loss: 0.521940
2026-05-02 12:21:34 | INFO | Estimated vs True Parameters:
2026-05-02 12:21:34 | INFO |   beta: -0.3055 (True: -0.3000) | SQE: 0.000031
2026-05-02 12:21:34 | INFO |   xi: 0.8565 (True: 0.8000) | SQE: 0.003187
2026-05-02 12:21:34 | INFO |   eta: 0.3209 (True: 0.3000) | SQE: 0.000437
2026-05-02 12:21:34 | INFO | Alternating low-rank optimizer diagnostics:
2026-05-02 12:21:34 | INFO |   penalized_objective: 0.538434
2026-05-02 12:21:34 | INFO |   mple_loss_without_penalty: 0.521940
2026-05-02 12:21:34 | INFO |   lambda_uv_ridge: 0.050000
2026-05-02 12:21:34 | INFO |   u_frobenius_norm: 75.425304
2026-05-02 12:21:34 | INFO |   v_frobenius_norm: 1.732051
2026-05-02 12:21:34 | INFO |   effective_rank: 3.000000
2026-05-02 12:21:34 | INFO | Field and interaction diagnostics:
2026-05-02 12:21:34 | INFO |   field_rmse: 0.384838
2026-05-02 12:21:34 | INFO |   interaction_fro_error: 0.200006
2026-05-02 12:21:34 | INFO |   estimated_field_max_abs_entry: 2.649001
2026-05-02 12:21:34 | INFO |   estimated_field_rank: 3.000000
2026-05-02 12:21:34 | INFO |   true_field_max_abs_entry: 2.973509
2026-05-02 12:21:34 | INFO |   true_field_rank: 3.000000
2026-05-02 12:21:34 | INFO | Saved summary table to /orcd/home/002/phevosp/MPLE-Causal-Inference/experiments/Synthetic/confounding_weak/cv_runs/alternating_uv_grid/candidates/alternating_uv_grid_candidate_0004/fold_10/mple_summary.csv
2026-05-02 12:21:34 | INFO | Log saved to /orcd/home/002/phevosp/MPLE-Causal-Inference/experiments/Synthetic/confounding_weak/cv_runs/alternating_uv_grid/candidates/alternating_uv_grid_candidate_0004/fold_10/mple.log
