2026-04-19 12:44:53 | INFO | Loading data...
2026-04-19 12:44:53 | INFO | Using panel artifact: C:\Users\phevo\Documents\MIT\Code\MPLE-Causal-Inference\experiments\USCountyVaccination_US_sensitivity\outcome_death_rate_100k_ge_2__intervention_complete_cov_ge_40__lag_2w__contiguity__start_2020_06_07\panel_data.npz
2026-04-19 12:44:53 | INFO | Using x_0 artifact: C:\Users\phevo\Documents\MIT\Code\MPLE-Causal-Inference\experiments\USCountyVaccination_US_sensitivity\outcome_death_rate_100k_ge_2__intervention_complete_cov_ge_40__lag_2w__contiguity__start_2020_06_07\x_0.npy
2026-04-19 12:44:53 | INFO | Using z_0 artifact: C:\Users\phevo\Documents\MIT\Code\MPLE-Causal-Inference\experiments\USCountyVaccination_US_sensitivity\outcome_death_rate_100k_ge_2__intervention_complete_cov_ge_40__lag_2w__contiguity__start_2020_06_07\z_0.npy
2026-04-19 12:44:53 | INFO | Using fit config: C:\Users\phevo\Documents\MIT\Code\MPLE-Causal-Inference\experiments\USCountyVaccination_US_sensitivity\outcome_death_rate_100k_ge_2__intervention_complete_cov_ge_40__lag_2w__contiguity__start_2020_06_07\fits\rank_10_b5\fit_realized_config.yaml
2026-04-19 12:44:53 | INFO | Using model artifact directory: C:\Users\phevo\Documents\MIT\Code\MPLE-Causal-Inference\experiments\USCountyVaccination_US_sensitivity\outcome_death_rate_100k_ge_2__intervention_complete_cov_ge_40__lag_2w__contiguity__start_2020_06_07
2026-04-19 12:44:53 | INFO | Using truth artifact directory: C:\Users\phevo\Documents\MIT\Code\MPLE-Causal-Inference\experiments\USCountyVaccination_US_sensitivity\outcome_death_rate_100k_ge_2__intervention_complete_cov_ge_40__lag_2w__contiguity__start_2020_06_07
2026-04-19 12:44:53 | INFO | Configured latent rank: 10
2026-04-19 12:44:53 | INFO | Using a fixed known graph with scalar xi.
2026-04-19 12:44:53 | INFO | Intervention-process model enabled: False
2026-04-19 12:44:53 | INFO | Global temperature bound B active: True
2026-04-19 12:44:53 | INFO | Effective xi bound from interaction constraint: 5.000000
2026-04-19 12:44:53 | INFO | Beta mask pre-intervention enabled: True
2026-04-19 12:44:53 | INFO | Fixed scalar parameters: {}
2026-04-19 12:44:53 | INFO | Optimizer settings: n_starts=5, lbfgs_steps=50000, tol=1e-09, adam_steps=1000, adam_lr=0.01, adam_device=cpu, seed=0
2026-04-19 12:44:53 | INFO | Optimizer start 1/5 | seed=0 | initial_loss=0.675633
2026-04-19 12:44:56 | INFO | Start 1 Adam step 0 | Loss: 0.675633
2026-04-19 12:44:57 | INFO | Start 1 Adam step 100 | Loss: 0.407632
2026-04-19 12:44:58 | INFO | Start 1 Adam step 200 | Loss: 0.386965
2026-04-19 12:45:00 | INFO | Start 1 Adam step 300 | Loss: 0.383621
2026-04-19 12:45:01 | INFO | Start 1 Adam step 400 | Loss: 0.381309
2026-04-19 12:45:02 | INFO | Start 1 Adam step 500 | Loss: 0.380919
2026-04-19 12:45:03 | INFO | Start 1 Adam step 600 | Loss: 0.381091
2026-04-19 12:45:05 | INFO | Start 1 Adam step 700 | Loss: 0.380616
2026-04-19 12:45:06 | INFO | Start 1 Adam step 800 | Loss: 0.381180
2026-04-19 12:45:07 | INFO | Start 1 Adam step 900 | Loss: 0.381642
2026-04-19 12:45:09 | INFO | Start 1 L-BFGS eval 0 | Loss: 0.381805
2026-04-19 12:45:09 | INFO |   beta: -0.0225,  xi: +1.1638,  eta: -0.0746
2026-04-19 12:45:12 | INFO | Optimizer start 1/5 complete | final_loss=0.381528 | status=CONVERGENCE: RELATIVE REDUCTION OF F <= FACTR*EPSMCH
2026-04-19 12:45:12 | INFO | Optimizer start 2/5 | seed=1 | initial_loss=0.648040
2026-04-19 12:45:12 | INFO | Start 2 Adam step 0 | Loss: 0.648040
2026-04-19 12:45:13 | INFO | Start 2 Adam step 100 | Loss: 0.405722
2026-04-19 12:45:14 | INFO | Start 2 Adam step 200 | Loss: 0.388295
2026-04-19 12:45:16 | INFO | Start 2 Adam step 300 | Loss: 0.383805
2026-04-19 12:45:17 | INFO | Start 2 Adam step 400 | Loss: 0.382333
2026-04-19 12:45:18 | INFO | Start 2 Adam step 500 | Loss: 0.380890
2026-04-19 12:45:20 | INFO | Start 2 Adam step 600 | Loss: 0.380396
2026-04-19 12:45:21 | INFO | Start 2 Adam step 700 | Loss: 0.380751
2026-04-19 12:45:22 | INFO | Start 2 Adam step 800 | Loss: 0.381448
2026-04-19 12:45:24 | INFO | Start 2 Adam step 900 | Loss: 0.381541
2026-04-19 12:45:25 | INFO | Start 2 L-BFGS eval 0 | Loss: 0.381635
2026-04-19 12:45:25 | INFO |   beta: -0.0230,  xi: +1.1623,  eta: -0.0734
2026-04-19 12:45:28 | INFO | Start 2 L-BFGS eval 100 | Loss: 0.381349
2026-04-19 12:45:28 | INFO |   beta: -0.0201,  xi: +1.1695,  eta: -0.0684
2026-04-19 12:45:30 | INFO | Optimizer start 2/5 complete | final_loss=0.381349 | status=CONVERGENCE: RELATIVE REDUCTION OF F <= FACTR*EPSMCH
2026-04-19 12:45:30 | INFO | Optimizer start 3/5 | seed=2 | initial_loss=0.625782
2026-04-19 12:45:30 | INFO | Start 3 Adam step 0 | Loss: 0.625782
2026-04-19 12:45:31 | INFO | Start 3 Adam step 100 | Loss: 0.405263
2026-04-19 12:45:33 | INFO | Start 3 Adam step 200 | Loss: 0.388038
2026-04-19 12:45:34 | INFO | Start 3 Adam step 300 | Loss: 0.382045
2026-04-19 12:45:35 | INFO | Start 3 Adam step 400 | Loss: 0.380983
2026-04-19 12:45:37 | INFO | Start 3 Adam step 500 | Loss: 0.381467
2026-04-19 12:45:38 | INFO | Start 3 Adam step 600 | Loss: 0.381397
2026-04-19 12:45:39 | INFO | Start 3 Adam step 700 | Loss: 0.381486
2026-04-19 12:45:40 | INFO | Start 3 Adam step 800 | Loss: 0.381700
2026-04-19 12:45:42 | INFO | Start 3 Adam step 900 | Loss: 0.381512
2026-04-19 12:45:43 | INFO | Start 3 L-BFGS eval 0 | Loss: 0.382187
2026-04-19 12:45:43 | INFO |   beta: -0.0400,  xi: +1.1841,  eta: -0.0728
2026-04-19 12:45:47 | INFO | Start 3 L-BFGS eval 100 | Loss: 0.382181
2026-04-19 12:45:47 | INFO |   beta: -0.0396,  xi: +1.2108,  eta: -0.0623
2026-04-19 12:45:48 | INFO | Optimizer start 3/5 complete | final_loss=0.382160 | status=CONVERGENCE: RELATIVE REDUCTION OF F <= FACTR*EPSMCH
2026-04-19 12:45:48 | INFO | Optimizer start 4/5 | seed=3 | initial_loss=0.890432
2026-04-19 12:45:48 | INFO | Start 4 Adam step 0 | Loss: 0.890432
2026-04-19 12:45:50 | INFO | Start 4 Adam step 100 | Loss: 0.407627
2026-04-19 12:45:51 | INFO | Start 4 Adam step 200 | Loss: 0.386450
2026-04-19 12:45:52 | INFO | Start 4 Adam step 300 | Loss: 0.381461
2026-04-19 12:45:53 | INFO | Start 4 Adam step 400 | Loss: 0.379887
2026-04-19 12:45:55 | INFO | Start 4 Adam step 500 | Loss: 0.379619
2026-04-19 12:45:56 | INFO | Start 4 Adam step 600 | Loss: 0.379435
2026-04-19 12:45:57 | INFO | Start 4 Adam step 700 | Loss: 0.379804
2026-04-19 12:45:59 | INFO | Start 4 Adam step 800 | Loss: 0.380189
2026-04-19 12:46:00 | INFO | Start 4 Adam step 900 | Loss: 0.380558
2026-04-19 12:46:01 | INFO | Start 4 L-BFGS eval 0 | Loss: 0.380750
2026-04-19 12:46:01 | INFO |   beta: -0.0187,  xi: +1.1283,  eta: -0.0785
2026-04-19 12:46:04 | INFO | Optimizer start 4/5 complete | final_loss=0.380747 | status=ABNORMAL: 
2026-04-19 12:46:04 | INFO | Optimizer start 5/5 | seed=4 | initial_loss=0.677414
2026-04-19 12:46:04 | INFO | Start 5 Adam step 0 | Loss: 0.677414
2026-04-19 12:46:06 | INFO | Start 5 Adam step 100 | Loss: 0.407540
2026-04-19 12:46:07 | INFO | Start 5 Adam step 200 | Loss: 0.388671
2026-04-19 12:46:08 | INFO | Start 5 Adam step 300 | Loss: 0.383661
2026-04-19 12:46:10 | INFO | Start 5 Adam step 400 | Loss: 0.380825
2026-04-19 12:46:11 | INFO | Start 5 Adam step 500 | Loss: 0.380520
2026-04-19 12:46:12 | INFO | Start 5 Adam step 600 | Loss: 0.380228
2026-04-19 12:46:14 | INFO | Start 5 Adam step 700 | Loss: 0.380108
2026-04-19 12:46:15 | INFO | Start 5 Adam step 800 | Loss: 0.380452
2026-04-19 12:46:16 | INFO | Start 5 Adam step 900 | Loss: 0.380465
2026-04-19 12:46:18 | INFO | Start 5 L-BFGS eval 0 | Loss: 0.381021
2026-04-19 12:46:18 | INFO |   beta: -0.0230,  xi: +1.1512,  eta: -0.0800
2026-04-19 12:46:19 | INFO | Optimizer start 5/5 complete | final_loss=0.380995 | status=CONVERGENCE: RELATIVE REDUCTION OF F <= FACTR*EPSMCH
2026-04-19 12:46:19 | INFO | Done fitting.
2026-04-19 12:46:19 | INFO | Optimizer status: ABNORMAL:  | best_start=4/5
2026-04-19 12:46:19 | INFO | Best optimizer start: 4 / 5
2026-04-19 12:46:19 | INFO | Final Loss: 0.380747
2026-04-19 12:46:19 | INFO | Estimated Parameters:
2026-04-19 12:46:19 | INFO |   beta: -0.0188
2026-04-19 12:46:19 | INFO |   xi: 1.1322
2026-04-19 12:46:19 | INFO |   eta: -0.0777
2026-04-19 12:46:19 | INFO | Field and interaction diagnostics:
2026-04-19 12:46:19 | INFO |   estimated_field_inf_norm: 5.000000
2026-04-19 12:46:19 | INFO |   estimated_field_rank: 10.000000
2026-04-19 12:46:19 | INFO |   bound_B: 5.000000
2026-04-19 12:46:19 | INFO | Saved summary tables to C:\Users\phevo\Documents\MIT\Code\MPLE-Causal-Inference\experiments\USCountyVaccination_US_sensitivity\outcome_death_rate_100k_ge_2__intervention_complete_cov_ge_40__lag_2w__contiguity__start_2020_06_07\fits\rank_10_b5\mple_summary.csv and C:\Users\phevo\Documents\MIT\Code\MPLE-Causal-Inference\experiments\USCountyVaccination_US_sensitivity\outcome_death_rate_100k_ge_2__intervention_complete_cov_ge_40__lag_2w__contiguity__start_2020_06_07\fits\rank_10_b5\mple_summary.md
2026-04-19 12:46:19 | INFO | Log saved to C:\Users\phevo\Documents\MIT\Code\MPLE-Causal-Inference\experiments\USCountyVaccination_US_sensitivity\outcome_death_rate_100k_ge_2__intervention_complete_cov_ge_40__lag_2w__contiguity__start_2020_06_07\fits\rank_10_b5\mple.log
