2026-04-30 21:59:45 | INFO | Loading data...
2026-04-30 21:59:45 | INFO | Using panel artifact: /orcd/home/002/phevosp/MPLE-Causal-Inference/experiments/SyntheticHybridExperiments/r1_hybrid_us_county_intervention_uscounty_graph_kernel_confounding/panel_data.npz
2026-04-30 21:59:45 | INFO | Using x_0 artifact: /orcd/home/002/phevosp/MPLE-Causal-Inference/experiments/SyntheticHybridExperiments/r1_hybrid_us_county_intervention_uscounty_graph_kernel_confounding/x_0.npy
2026-04-30 21:59:45 | INFO | Using fit config: /orcd/home/002/phevosp/MPLE-Causal-Inference/experiments/SyntheticHybridExperiments/r1_hybrid_us_county_intervention_uscounty_graph_kernel_confounding/cv_runs/alternating_uv_grid/candidates/alternating_uv_grid_candidate_0004/fold_2/fit_realized_config.yaml
2026-04-30 21:59:45 | INFO | Using model artifact directory: /orcd/home/002/phevosp/MPLE-Causal-Inference/experiments/SyntheticHybridExperiments/r1_hybrid_us_county_intervention_uscounty_graph_kernel_confounding
2026-04-30 21:59:45 | INFO | Using truth artifact directory: /orcd/home/002/phevosp/MPLE-Causal-Inference/experiments/SyntheticHybridExperiments/r1_hybrid_us_county_intervention_uscounty_graph_kernel_confounding
2026-04-30 21:59:45 | INFO | Using loss mask artifact: /orcd/home/002/phevosp/MPLE-Causal-Inference/experiments/SyntheticHybridExperiments/r1_hybrid_us_county_intervention_uscounty_graph_kernel_confounding/cv_runs/alternating_uv_grid/candidates/alternating_uv_grid_candidate_0004/fold_2/loss_mask.npy
2026-04-30 21:59:45 | INFO | Configured optimizer mode: alternating_latent_rank
2026-04-30 21:59:45 | INFO | Configured latent rank: 1
2026-04-30 21:59:45 | INFO | Using a fixed known graph with scalar xi.
2026-04-30 21:59:45 | INFO | Fit-time hard bounds active: False
2026-04-30 21:59:45 | INFO | Fixed scalar parameters: {}
2026-04-30 21:59:45 | INFO | Warm-start fixed scalars: {} for 0 steps
2026-04-30 21:59:45 | INFO | Beta mask before s: True with s=55
2026-04-30 21:59:45 | INFO | Beta mask after e: True with e=120
2026-04-30 21:59:45 | INFO | Alternating V-column L2-ball constraint active with radius 1.0
2026-04-30 21:59:45 | INFO | Optimizer settings: steps=5000, tol=1e-07, n_starts=1, seed=0, lambda_nuclear=0.0, lambda_frobenius=0.0, lambda_uv_ridge=0.001, v_column_l2_max=1.0, proximal_lr=1.0
2026-04-30 21:59:45 | INFO | Alternating low-rank start 1/1 | seed=0 | initial_loss=0.672939 | initial_penalized=0.672939
2026-04-30 21:59:46 | INFO | Alternating low-rank iter 0 | Loss: 0.504476 | Penalized: 0.504588
2026-04-30 21:59:52 | INFO | Alternating low-rank iter 100 | Loss: 0.489127 | Penalized: 0.489369
2026-04-30 21:59:58 | INFO | Done fitting.
2026-04-30 21:59:58 | INFO | Optimizer status: CONVERGED: alternating objective tolerance reached
2026-04-30 21:59:58 | INFO | Best optimizer start: 1 / 1
2026-04-30 21:59:58 | INFO | Final Loss: 0.489093
2026-04-30 21:59:58 | INFO | Estimated vs True Parameters:
2026-04-30 21:59:58 | INFO |   beta: -0.3063 (True: -0.3000) | SQE: 0.000040
2026-04-30 21:59:58 | INFO |   xi: 0.8043 (True: 0.8000) | SQE: 0.000018
2026-04-30 21:59:58 | INFO |   eta: 0.2845 (True: 0.3000) | SQE: 0.000240
2026-04-30 21:59:58 | INFO | Alternating low-rank optimizer diagnostics:
2026-04-30 21:59:58 | INFO |   penalized_objective: 0.489319
2026-04-30 21:59:58 | INFO |   mple_loss_without_penalty: 0.489093
2026-04-30 21:59:58 | INFO |   lambda_uv_ridge: 0.001000
2026-04-30 21:59:58 | INFO |   u_frobenius_norm: 250.631529
2026-04-30 21:59:58 | INFO |   v_frobenius_norm: 1.000000
2026-04-30 21:59:58 | INFO |   effective_rank: 1.000000
2026-04-30 21:59:58 | INFO | Field and interaction diagnostics:
2026-04-30 21:59:58 | INFO |   field_rmse: 0.245536
2026-04-30 21:59:58 | INFO |   interaction_fro_error: 0.047419
2026-04-30 21:59:58 | INFO |   estimated_field_max_abs_entry: 1.728793
2026-04-30 21:59:58 | INFO |   estimated_field_rank: 1.000000
2026-04-30 21:59:58 | INFO |   true_field_max_abs_entry: 0.604278
2026-04-30 21:59:58 | INFO |   true_field_rank: 1.000000
2026-04-30 21:59:58 | INFO | Saved summary table to /orcd/home/002/phevosp/MPLE-Causal-Inference/experiments/SyntheticHybridExperiments/r1_hybrid_us_county_intervention_uscounty_graph_kernel_confounding/cv_runs/alternating_uv_grid/candidates/alternating_uv_grid_candidate_0004/fold_2/mple_summary.csv
2026-04-30 21:59:58 | INFO | Log saved to /orcd/home/002/phevosp/MPLE-Causal-Inference/experiments/SyntheticHybridExperiments/r1_hybrid_us_county_intervention_uscounty_graph_kernel_confounding/cv_runs/alternating_uv_grid/candidates/alternating_uv_grid_candidate_0004/fold_2/mple.log
