2026-05-01 20:45:33 | INFO | Loading data...
2026-05-01 20:45:33 | INFO | Using panel artifact: /orcd/home/002/phevosp/MPLE-Causal-Inference/experiments/SyntheticHybridExperimentsFinal/base/panel_data.npz
2026-05-01 20:45:33 | INFO | Using x_0 artifact: /orcd/home/002/phevosp/MPLE-Causal-Inference/experiments/SyntheticHybridExperimentsFinal/base/x_0.npy
2026-05-01 20:45:33 | INFO | Using fit config: /orcd/home/002/phevosp/MPLE-Causal-Inference/experiments/SyntheticHybridExperimentsFinal/base/cv_runs/alternating_uv_grid/candidates/alternating_uv_grid_candidate_0002/fold_9/fit_realized_config.yaml
2026-05-01 20:45:33 | INFO | Using model artifact directory: /orcd/home/002/phevosp/MPLE-Causal-Inference/experiments/SyntheticHybridExperimentsFinal/base
2026-05-01 20:45:33 | INFO | Using truth artifact directory: /orcd/home/002/phevosp/MPLE-Causal-Inference/experiments/SyntheticHybridExperimentsFinal/base
2026-05-01 20:45:33 | INFO | Using loss mask artifact: /orcd/home/002/phevosp/MPLE-Causal-Inference/experiments/SyntheticHybridExperimentsFinal/base/cv_runs/alternating_uv_grid/candidates/alternating_uv_grid_candidate_0002/fold_9/loss_mask.npy
2026-05-01 20:45:33 | INFO | Configured optimizer mode: alternating_latent_rank
2026-05-01 20:45:33 | INFO | Configured latent rank: 3
2026-05-01 20:45:33 | INFO | Using a fixed known graph with scalar xi.
2026-05-01 20:45:33 | INFO | Fit-time hard bounds active: False
2026-05-01 20:45:33 | INFO | Fixed scalar parameters: {}
2026-05-01 20:45:33 | INFO | Warm-start fixed scalars: {} for 0 steps
2026-05-01 20:45:33 | INFO | Beta mask before s: False with s=0
2026-05-01 20:45:33 | INFO | Beta mask after e: False with e=11
2026-05-01 20:45:33 | INFO | Alternating V-column L2-ball constraint active with radius 1.0
2026-05-01 20:45:33 | INFO | Optimizer settings: steps=2000, tol=1e-07, n_starts=1, seed=0, lambda_nuclear=0.0, lambda_frobenius=0.0, lambda_uv_ridge=0.005, v_column_l2_max=1.0, proximal_lr=1.0
2026-05-01 20:45:33 | INFO | Alternating low-rank start 1/1 | seed=0 | initial_loss=0.840030 | initial_penalized=0.840031
2026-05-01 20:45:33 | INFO | Alternating low-rank iter 0 | Loss: 0.587921 | Penalized: 0.588395
2026-05-01 20:45:34 | INFO | Alternating low-rank iter 100 | Loss: 0.523418 | Penalized: 0.529424
2026-05-01 20:45:35 | INFO | Alternating low-rank iter 200 | Loss: 0.521376 | Penalized: 0.527726
2026-05-01 20:45:36 | INFO | Alternating low-rank iter 300 | Loss: 0.520957 | Penalized: 0.527422
2026-05-01 20:45:37 | INFO | Alternating low-rank iter 400 | Loss: 0.520856 | Penalized: 0.527345
2026-05-01 20:45:38 | INFO | Alternating low-rank iter 500 | Loss: 0.520818 | Penalized: 0.527290
2026-05-01 20:45:39 | INFO | Alternating low-rank iter 600 | Loss: 0.520237 | Penalized: 0.526812
2026-05-01 20:45:40 | INFO | Alternating low-rank iter 700 | Loss: 0.520156 | Penalized: 0.526747
2026-05-01 20:45:41 | INFO | Alternating low-rank iter 800 | Loss: 0.520126 | Penalized: 0.526726
2026-05-01 20:45:42 | INFO | Alternating low-rank iter 900 | Loss: 0.520046 | Penalized: 0.526690
2026-05-01 20:45:43 | INFO | Alternating low-rank iter 1000 | Loss: 0.519945 | Penalized: 0.526649
2026-05-01 20:45:44 | INFO | Done fitting.
2026-05-01 20:45:44 | INFO | Optimizer status: CONVERGED: alternating objective tolerance reached
2026-05-01 20:45:44 | INFO | Best optimizer start: 1 / 1
2026-05-01 20:45:44 | INFO | Final Loss: 0.519906
2026-05-01 20:45:44 | INFO | Estimated vs True Parameters:
2026-05-01 20:45:44 | INFO |   beta: -0.3472 (True: -0.3000) | SQE: 0.002227
2026-05-01 20:45:44 | INFO |   xi: 0.8619 (True: 0.8000) | SQE: 0.003837
2026-05-01 20:45:44 | INFO |   eta: 0.3066 (True: 0.3000) | SQE: 0.000044
2026-05-01 20:45:44 | INFO | Alternating low-rank optimizer diagnostics:
2026-05-01 20:45:44 | INFO |   penalized_objective: 0.526638
2026-05-01 20:45:44 | INFO |   mple_loss_without_penalty: 0.519906
2026-05-01 20:45:44 | INFO |   lambda_uv_ridge: 0.005000
2026-05-01 20:45:44 | INFO |   u_frobenius_norm: 152.398805
2026-05-01 20:45:44 | INFO |   v_frobenius_norm: 1.732051
2026-05-01 20:45:44 | INFO |   effective_rank: 3.000000
2026-05-01 20:45:44 | INFO | Field and interaction diagnostics:
2026-05-01 20:45:44 | INFO |   field_rmse: 0.969181
2026-05-01 20:45:44 | INFO |   interaction_fro_error: 0.219445
2026-05-01 20:45:44 | INFO |   estimated_field_max_abs_entry: 11.565174
2026-05-01 20:45:44 | INFO |   estimated_field_rank: 3.000000
2026-05-01 20:45:44 | INFO |   true_field_max_abs_entry: 0.000000
2026-05-01 20:45:44 | INFO |   true_field_rank: 0.000000
2026-05-01 20:45:44 | INFO | Saved summary table to /orcd/home/002/phevosp/MPLE-Causal-Inference/experiments/SyntheticHybridExperimentsFinal/base/cv_runs/alternating_uv_grid/candidates/alternating_uv_grid_candidate_0002/fold_9/mple_summary.csv
2026-05-01 20:45:44 | INFO | Log saved to /orcd/home/002/phevosp/MPLE-Causal-Inference/experiments/SyntheticHybridExperimentsFinal/base/cv_runs/alternating_uv_grid/candidates/alternating_uv_grid_candidate_0002/fold_9/mple.log
