2026-06-09 21:33:49 | INFO | Loading data...
2026-06-09 21:33:49 | INFO | Using panel artifact: /orcd/home/002/phevosp/MPLE-Causal-Inference/experiments/USCounty/outcome_death_rate_100k_ge_2__intervention_complete_cov_ge_30__lag_2w__distance_kernel_8__start_2020_03_01/panel_data.npz
2026-06-09 21:33:49 | INFO | Using x_0 artifact: /orcd/home/002/phevosp/MPLE-Causal-Inference/experiments/USCounty/outcome_death_rate_100k_ge_2__intervention_complete_cov_ge_30__lag_2w__distance_kernel_8__start_2020_03_01/x_0.npy
2026-06-09 21:33:49 | INFO | Using fit config: /orcd/home/002/phevosp/MPLE-Causal-Inference/experiments/USCounty/outcome_death_rate_100k_ge_2__intervention_complete_cov_ge_30__lag_2w__distance_kernel_8__start_2020_03_01/cv_runs/default/candidates/default_candidate_0012/fold_5/fit_realized_config.yaml
2026-06-09 21:33:49 | INFO | Using model artifact directory: /orcd/home/002/phevosp/MPLE-Causal-Inference/experiments/USCounty/outcome_death_rate_100k_ge_2__intervention_complete_cov_ge_30__lag_2w__distance_kernel_8__start_2020_03_01
2026-06-09 21:33:49 | INFO | Using truth artifact directory: /orcd/home/002/phevosp/MPLE-Causal-Inference/experiments/USCounty/outcome_death_rate_100k_ge_2__intervention_complete_cov_ge_30__lag_2w__distance_kernel_8__start_2020_03_01
2026-06-09 21:33:49 | INFO | Using loss mask artifact: /orcd/home/002/phevosp/MPLE-Causal-Inference/experiments/USCounty/outcome_death_rate_100k_ge_2__intervention_complete_cov_ge_30__lag_2w__distance_kernel_8__start_2020_03_01/cv_runs/default/candidates/default_candidate_0012/fold_5/loss_mask.npy
2026-06-09 21:33:49 | INFO | Configured optimizer mode: alternating_latent_rank
2026-06-09 21:33:49 | INFO | Configured latent rank: 5
2026-06-09 21:33:49 | INFO | Using a fixed known graph with scalar xi.
2026-06-09 21:33:49 | INFO | Fit-time hard bounds active: False
2026-06-09 21:33:49 | INFO | Fixed scalar parameters: {}
2026-06-09 21:33:49 | INFO | Warm-start fixed scalars: {} for 0 steps
2026-06-09 21:33:49 | INFO | Beta-gradient mask before s: True with s=50
2026-06-09 21:33:49 | INFO | Beta-gradient mask after e: True with e=115
2026-06-09 21:33:49 | INFO | Alternating V-column L2-ball constraint active with radius 1.0
2026-06-09 21:33:49 | INFO | Optimizer settings: steps=2000, tol=1e-07, n_starts=1, seed=0, lambda_nuclear=0.0, lambda_frobenius=0.0, lambda_uv_ridge=0.5, v_column_l2_max=1.0, proximal_lr=1.0
2026-06-09 21:33:49 | INFO | Alternating low-rank start 1/1 | seed=0 | initial_loss=0.825822 | initial_penalized=0.825840
2026-06-09 21:33:49 | INFO | Alternating low-rank iter 0 | Loss: 0.470358 | Penalized: 0.478830
2026-06-09 21:34:06 | INFO | Alternating low-rank iter 100 | Loss: 0.441857 | Penalized: 0.456214
2026-06-09 21:34:18 | INFO | Done fitting.
2026-06-09 21:34:18 | INFO | Optimizer status: CONVERGED: alternating objective tolerance reached
2026-06-09 21:34:18 | INFO | Best optimizer start: 1 / 1
2026-06-09 21:34:18 | INFO | Final Loss: 0.441828
2026-06-09 21:34:18 | INFO | Estimated Parameters:
2026-06-09 21:34:18 | INFO |   beta: -0.0090
2026-06-09 21:34:18 | INFO |   xi: 1.5754
2026-06-09 21:34:18 | INFO |   eta: 0.2382
2026-06-09 21:34:18 | INFO | Alternating low-rank optimizer diagnostics:
2026-06-09 21:34:18 | INFO |   penalized_objective: 0.456195
2026-06-09 21:34:18 | INFO |   mple_loss_without_penalty: 0.441828
2026-06-09 21:34:18 | INFO |   lambda_uv_ridge: 0.500000
2026-06-09 21:34:18 | INFO |   u_frobenius_norm: 90.864086
2026-06-09 21:34:18 | INFO |   v_frobenius_norm: 2.236068
2026-06-09 21:34:18 | INFO |   effective_rank: 5.000000
2026-06-09 21:34:18 | INFO | Field and interaction diagnostics:
2026-06-09 21:34:18 | INFO |   estimated_field_max_abs_entry: 1.017949
2026-06-09 21:34:18 | INFO |   estimated_field_rank: 5.000000
2026-06-09 21:34:18 | INFO | Saved summary table to /orcd/home/002/phevosp/MPLE-Causal-Inference/experiments/USCounty/outcome_death_rate_100k_ge_2__intervention_complete_cov_ge_30__lag_2w__distance_kernel_8__start_2020_03_01/cv_runs/default/candidates/default_candidate_0012/fold_5/mple_summary.csv
2026-06-09 21:34:18 | INFO | Log saved to /orcd/home/002/phevosp/MPLE-Causal-Inference/experiments/USCounty/outcome_death_rate_100k_ge_2__intervention_complete_cov_ge_30__lag_2w__distance_kernel_8__start_2020_03_01/cv_runs/default/candidates/default_candidate_0012/fold_5/mple.log
