2026-08-27 10:28:28 | INFO | Loading data...
2026-08-27 10:28:28 | INFO | Using panel artifact: /orcd/home/002/phevosp/MPLE-Causal-Inference/experiments/SyntheticSNN/no_interference_confounding_beta_015/panel_data.npz
2026-08-27 10:28:28 | INFO | Using x_0 artifact: /orcd/home/002/phevosp/MPLE-Causal-Inference/experiments/SyntheticSNN/no_interference_confounding_beta_015/x_0.npy
2026-08-27 10:28:28 | INFO | Using fit config: /orcd/home/002/phevosp/MPLE-Causal-Inference/experiments/SyntheticSNN/no_interference_confounding_beta_015/cv_runs/default/candidates/default_candidate_0005/fold_1/fit_realized_config.yaml
2026-08-27 10:28:28 | INFO | Using model artifact directory: /orcd/home/002/phevosp/MPLE-Causal-Inference/experiments/SyntheticSNN/no_interference_confounding_beta_015
2026-08-27 10:28:28 | INFO | Using truth artifact directory: /orcd/home/002/phevosp/MPLE-Causal-Inference/experiments/SyntheticSNN/no_interference_confounding_beta_015
2026-08-27 10:28:28 | INFO | Using loss mask artifact: /orcd/home/002/phevosp/MPLE-Causal-Inference/experiments/SyntheticSNN/no_interference_confounding_beta_015/cv_runs/default/candidates/default_candidate_0005/fold_1/loss_mask.npy
2026-08-27 10:28:28 | INFO | Configured optimizer mode: alternating_latent_rank
2026-08-27 10:28:28 | INFO | Configured latent rank: 3
2026-08-27 10:28:28 | INFO | Using a fixed known graph with scalar xi.
2026-08-27 10:28:28 | INFO | Fit-time hard bounds active: False
2026-08-27 10:28:28 | INFO | Fixed scalar parameters: {}
2026-08-27 10:28:28 | INFO | Warm-start fixed scalars: {} for 0 steps
2026-08-27 10:28:28 | INFO | Beta-gradient mask before s: True with s=0
2026-08-27 10:28:28 | INFO | Beta-gradient mask after e: True with e=12
2026-08-27 10:28:28 | INFO | Alternating V-column L2-ball constraint active with radius 1.0
2026-08-27 10:28:28 | INFO | Optimizer settings: steps=2000, tol=1e-07, n_starts=1, seed=0, lambda_nuclear=0.0, lambda_frobenius=0.0, lambda_uv_ridge=0.1, v_column_l2_max=1.0, proximal_lr=1.0
2026-08-27 10:28:28 | INFO | Alternating low-rank start 1/1 | seed=0 | initial_loss=0.739617 | initial_penalized=0.739649
2026-08-27 10:28:28 | INFO | Alternating low-rank iter 0 | Loss: 0.568630 | Penalized: 0.582294
2026-08-27 10:28:29 | INFO | Alternating low-rank iter 100 | Loss: 0.511543 | Penalized: 0.549442
2026-08-27 10:28:30 | INFO | Alternating low-rank iter 200 | Loss: 0.511466 | Penalized: 0.549328
2026-08-27 10:28:31 | INFO | Done fitting.
2026-08-27 10:28:31 | INFO | Optimizer status: CONVERGED: alternating objective tolerance reached
2026-08-27 10:28:31 | INFO | Best optimizer start: 1 / 1
2026-08-27 10:28:31 | INFO | Final Loss: 0.511455
2026-08-27 10:28:31 | INFO | Estimated vs True Parameters:
2026-08-27 10:28:31 | INFO |   beta: 0.1577 (True: 0.1500) | SQE: 0.000060
2026-08-27 10:28:31 | INFO |   xi: -0.0049 (True: 0.0000) | SQE: 0.000024
2026-08-27 10:28:31 | INFO |   eta: 0.0881 (True: 0.1000) | SQE: 0.000142
2026-08-27 10:28:31 | INFO | Alternating low-rank optimizer diagnostics:
2026-08-27 10:28:31 | INFO |   penalized_objective: 0.549312
2026-08-27 10:28:31 | INFO |   mple_loss_without_penalty: 0.511455
2026-08-27 10:28:31 | INFO |   lambda_uv_ridge: 0.100000
2026-08-27 10:28:31 | INFO |   u_frobenius_norm: 74.197379
2026-08-27 10:28:31 | INFO |   v_frobenius_norm: 1.732051
2026-08-27 10:28:31 | INFO |   effective_rank: 3.000000
2026-08-27 10:28:31 | INFO | Field and interaction diagnostics:
2026-08-27 10:28:31 | INFO |   field_rmse: 0.455663
2026-08-27 10:28:31 | INFO |   interaction_fro_error: 0.020976
2026-08-27 10:28:31 | INFO |   estimated_field_max_abs_entry: 1.831277
2026-08-27 10:28:31 | INFO |   estimated_field_rank: 3.000000
2026-08-27 10:28:31 | INFO |   true_field_max_abs_entry: 5.073226
2026-08-27 10:28:31 | INFO |   true_field_rank: 3.000000
2026-08-27 10:28:31 | INFO | Saved summary table to /orcd/home/002/phevosp/MPLE-Causal-Inference/experiments/SyntheticSNN/no_interference_confounding_beta_015/cv_runs/default/candidates/default_candidate_0005/fold_1/mple_summary.csv
2026-08-27 10:28:31 | INFO | Log saved to /orcd/home/002/phevosp/MPLE-Causal-Inference/experiments/SyntheticSNN/no_interference_confounding_beta_015/cv_runs/default/candidates/default_candidate_0005/fold_1/mple.log
