2026-08-27 10:26:55 | INFO | Loading data...
2026-08-27 10:26:55 | INFO | Using panel artifact: /orcd/home/002/phevosp/MPLE-Causal-Inference/experiments/SyntheticSNN/no_interference_confounding_beta_010/panel_data.npz
2026-08-27 10:26:55 | INFO | Using x_0 artifact: /orcd/home/002/phevosp/MPLE-Causal-Inference/experiments/SyntheticSNN/no_interference_confounding_beta_010/x_0.npy
2026-08-27 10:26:55 | INFO | Using fit config: /orcd/home/002/phevosp/MPLE-Causal-Inference/experiments/SyntheticSNN/no_interference_confounding_beta_010/cv_runs/default/candidates/default_candidate_0003/fold_5/fit_realized_config.yaml
2026-08-27 10:26:55 | INFO | Using model artifact directory: /orcd/home/002/phevosp/MPLE-Causal-Inference/experiments/SyntheticSNN/no_interference_confounding_beta_010
2026-08-27 10:26:55 | INFO | Using truth artifact directory: /orcd/home/002/phevosp/MPLE-Causal-Inference/experiments/SyntheticSNN/no_interference_confounding_beta_010
2026-08-27 10:26:55 | INFO | Using loss mask artifact: /orcd/home/002/phevosp/MPLE-Causal-Inference/experiments/SyntheticSNN/no_interference_confounding_beta_010/cv_runs/default/candidates/default_candidate_0003/fold_5/loss_mask.npy
2026-08-27 10:26:55 | INFO | Configured optimizer mode: alternating_latent_rank
2026-08-27 10:26:55 | INFO | Configured latent rank: 3
2026-08-27 10:26:55 | INFO | Using a fixed known graph with scalar xi.
2026-08-27 10:26:55 | INFO | Fit-time hard bounds active: False
2026-08-27 10:26:55 | INFO | Fixed scalar parameters: {}
2026-08-27 10:26:55 | INFO | Warm-start fixed scalars: {} for 0 steps
2026-08-27 10:26:55 | INFO | Beta-gradient mask before s: True with s=0
2026-08-27 10:26:55 | INFO | Beta-gradient mask after e: True with e=12
2026-08-27 10:26:55 | INFO | Alternating V-column L2-ball constraint active with radius 1.0
2026-08-27 10:26:55 | INFO | Optimizer settings: steps=2000, tol=1e-07, n_starts=1, seed=0, lambda_nuclear=0.0, lambda_frobenius=0.0, lambda_uv_ridge=0.01, v_column_l2_max=1.0, proximal_lr=1.0
2026-08-27 10:26:55 | INFO | Alternating low-rank start 1/1 | seed=0 | initial_loss=0.744581 | initial_penalized=0.744584
2026-08-27 10:26:55 | INFO | Alternating low-rank iter 0 | Loss: 0.562644 | Penalized: 0.564623
2026-08-27 10:26:56 | INFO | Done fitting.
2026-08-27 10:26:56 | INFO | Optimizer status: CONVERGED: alternating objective tolerance reached
2026-08-27 10:26:56 | INFO | Best optimizer start: 1 / 1
2026-08-27 10:26:56 | INFO | Final Loss: 0.482095
2026-08-27 10:26:56 | INFO | Estimated vs True Parameters:
2026-08-27 10:26:56 | INFO |   beta: 0.1243 (True: 0.1000) | SQE: 0.000588
2026-08-27 10:26:56 | INFO |   xi: -0.0453 (True: 0.0000) | SQE: 0.002056
2026-08-27 10:26:56 | INFO |   eta: 0.1017 (True: 0.1000) | SQE: 0.000003
2026-08-27 10:26:56 | INFO | Alternating low-rank optimizer diagnostics:
2026-08-27 10:26:56 | INFO |   penalized_objective: 0.496212
2026-08-27 10:26:56 | INFO |   mple_loss_without_penalty: 0.482095
2026-08-27 10:26:56 | INFO |   lambda_uv_ridge: 0.010000
2026-08-27 10:26:56 | INFO |   u_frobenius_norm: 143.265556
2026-08-27 10:26:56 | INFO |   v_frobenius_norm: 1.732051
2026-08-27 10:26:56 | INFO |   effective_rank: 3.000000
2026-08-27 10:26:56 | INFO | Field and interaction diagnostics:
2026-08-27 10:26:56 | INFO |   field_rmse: 0.537987
2026-08-27 10:26:56 | INFO |   interaction_fro_error: 0.193498
2026-08-27 10:26:56 | INFO |   estimated_field_max_abs_entry: 4.771827
2026-08-27 10:26:56 | INFO |   estimated_field_rank: 3.000000
2026-08-27 10:26:56 | INFO |   true_field_max_abs_entry: 5.073226
2026-08-27 10:26:56 | INFO |   true_field_rank: 3.000000
2026-08-27 10:26:56 | INFO | Saved summary table to /orcd/home/002/phevosp/MPLE-Causal-Inference/experiments/SyntheticSNN/no_interference_confounding_beta_010/cv_runs/default/candidates/default_candidate_0003/fold_5/mple_summary.csv
2026-08-27 10:26:56 | INFO | Log saved to /orcd/home/002/phevosp/MPLE-Causal-Inference/experiments/SyntheticSNN/no_interference_confounding_beta_010/cv_runs/default/candidates/default_candidate_0003/fold_5/mple.log
