2026-04-07 13:14:56 | INFO | Loading data...
2026-04-07 13:14:56 | INFO | Loaded 6 field templates and 1 interaction templates.
2026-04-07 13:14:56 | INFO | Intervention-process model enabled: True
2026-04-07 13:14:56 | INFO | Tau zero-mean enabled: False
2026-04-07 13:14:56 | INFO | Tau smoothness lambda: 0.000000
2026-04-07 13:14:56 | INFO | Running conditional-model MPLE on x with shape=(70, 3203)
2026-04-07 13:14:56 | INFO | Eval 0  |  Loss: 0.665322
2026-04-07 13:14:56 | INFO |   field::log_population: +0.0126,  field::median_household_income: -0.0132,  field::poverty_rate: +0.0640,  field::pct_black: +0.0105,  field::pct_hispanic: -0.0536,  field::pct_in_labor_force: +0.0362,  tau block: mean=+0.0096, std=0.0990, min=-0.2325, max=+0.1960,  beta: -0.0662,  interaction::contiguity: +0.0935,  eta: +0.0049,  zeta: +0.2002,  psi: +0.0189
2026-04-07 13:14:58 | INFO | Done fitting.
2026-04-07 13:14:58 | INFO | Optimizer status: CONVERGENCE: RELATIVE REDUCTION OF F <= FACTR*EPSMCH
2026-04-07 13:14:58 | INFO | Final Loss: 0.139156
2026-04-07 13:14:58 | INFO | Estimated Parameters:
2026-04-07 13:14:58 | INFO |   field::log_population: 0.1573
2026-04-07 13:14:58 | INFO |   field::median_household_income: -0.2696
2026-04-07 13:14:58 | INFO |   field::poverty_rate: -0.0477
2026-04-07 13:14:58 | INFO |   field::pct_black: -0.1790
2026-04-07 13:14:58 | INFO |   field::pct_hispanic: -0.0925
2026-04-07 13:14:58 | INFO |   field::pct_in_labor_force: 0.0848
2026-04-07 13:14:58 | INFO |   tau::t_0: -0.1430
2026-04-07 13:14:58 | INFO |   tau::t_1: -0.1265
2026-04-07 13:14:58 | INFO |   tau::t_2: -0.1672
2026-04-07 13:14:58 | INFO |   tau::t_3: -0.2004
2026-04-07 13:14:58 | INFO |   tau::t_4: -0.2193
2026-04-07 13:14:58 | INFO |   tau::t_5: -0.3529
2026-04-07 13:14:58 | INFO |   tau::t_6: 0.0174
2026-04-07 13:14:58 | INFO |   tau::t_7: -0.2082
2026-04-07 13:14:58 | INFO |   tau::t_8: -0.0299
2026-04-07 13:14:58 | INFO |   tau::t_9: -0.1021
2026-04-07 13:14:58 | INFO |   tau::t_10: -0.0308
2026-04-07 13:14:58 | INFO |   tau::t_11: -0.1217
2026-04-07 13:14:58 | INFO |   tau::t_12: -0.0303
2026-04-07 13:14:58 | INFO |   tau::t_13: -0.0911
2026-04-07 13:14:58 | INFO |   tau::t_14: -0.2455
2026-04-07 13:14:58 | INFO |   tau::t_15: -0.2459
2026-04-07 13:14:58 | INFO |   tau::t_16: -0.3425
2026-04-07 13:14:58 | INFO |   tau::t_17: -0.3801
2026-04-07 13:14:58 | INFO |   tau::t_18: -0.5491
2026-04-07 13:14:58 | INFO |   tau::t_19: -0.4052
2026-04-07 13:14:58 | INFO |   tau::t_20: -0.7821
2026-04-07 13:14:58 | INFO |   tau::t_21: -0.4943
2026-04-07 13:14:58 | INFO |   tau::t_22: -0.6752
2026-04-07 13:14:58 | INFO |   tau::t_23: -0.5699
2026-04-07 13:14:58 | INFO |   tau::t_24: -0.5704
2026-04-07 13:14:58 | INFO |   tau::t_25: -0.2994
2026-04-07 13:14:58 | INFO |   tau::t_26: -0.1859
2026-04-07 13:14:58 | INFO |   tau::t_27: 0.0663
2026-04-07 13:14:58 | INFO |   tau::t_28: 0.2347
2026-04-07 13:14:58 | INFO |   tau::t_29: 0.2267
2026-04-07 13:14:58 | INFO |   tau::t_30: 0.2513
2026-04-07 13:14:58 | INFO |   tau::t_31: 0.2209
2026-04-07 13:14:58 | INFO |   tau::t_32: 0.2051
2026-04-07 13:14:58 | INFO |   tau::t_33: 0.1781
2026-04-07 13:14:58 | INFO |   tau::t_34: 0.0215
2026-04-07 13:14:58 | INFO |   tau::t_35: 0.1594
2026-04-07 13:14:58 | INFO |   tau::t_36: -0.0720
2026-04-07 13:14:58 | INFO |   tau::t_37: -0.1261
2026-04-07 13:14:58 | INFO |   tau::t_38: -0.1368
2026-04-07 13:14:58 | INFO |   tau::t_39: -0.1835
2026-04-07 13:14:58 | INFO |   tau::t_40: -0.2094
2026-04-07 13:14:58 | INFO |   tau::t_41: -0.0341
2026-04-07 13:14:58 | INFO |   tau::t_42: -0.0602
2026-04-07 13:14:58 | INFO |   tau::t_43: 0.0303
2026-04-07 13:14:58 | INFO |   tau::t_44: 0.0655
2026-04-07 13:14:58 | INFO |   tau::t_45: -0.3351
2026-04-07 13:14:58 | INFO |   tau::t_46: 0.3354
2026-04-07 13:14:58 | INFO |   tau::t_47: -0.0245
2026-04-07 13:14:58 | INFO |   tau::t_48: -0.0624
2026-04-07 13:14:58 | INFO |   tau::t_49: -0.0441
2026-04-07 13:14:58 | INFO |   tau::t_50: 0.4958
2026-04-07 13:14:58 | INFO |   tau::t_51: 0.8129
2026-04-07 13:14:58 | INFO |   tau::t_52: 0.8687
2026-04-07 13:14:58 | INFO |   tau::t_53: 1.1949
2026-04-07 13:14:58 | INFO |   tau::t_54: 1.1879
2026-04-07 13:14:58 | INFO |   tau::t_55: 0.3345
2026-04-07 13:14:58 | INFO |   tau::t_56: -0.2269
2026-04-07 13:14:58 | INFO |   tau::t_57: -0.3648
2026-04-07 13:14:58 | INFO |   tau::t_58: -0.4225
2026-04-07 13:14:58 | INFO |   tau::t_59: -0.2267
2026-04-07 13:14:58 | INFO |   tau::t_60: -0.2381
2026-04-07 13:14:58 | INFO |   tau::t_61: -0.2406
2026-04-07 13:14:58 | INFO |   tau::t_62: -0.3629
2026-04-07 13:14:58 | INFO |   tau::t_63: -0.4100
2026-04-07 13:14:58 | INFO |   tau::t_64: -0.3569
2026-04-07 13:14:58 | INFO |   tau::t_65: -0.2066
2026-04-07 13:14:58 | INFO |   tau::t_66: -0.0872
2026-04-07 13:14:58 | INFO |   tau::t_67: -0.1630
2026-04-07 13:14:58 | INFO |   tau::t_68: -0.0071
2026-04-07 13:14:58 | INFO |   tau::t_69: -0.0217
2026-04-07 13:14:58 | INFO |   beta: 0.0030
2026-04-07 13:14:58 | INFO |   interaction::contiguity: 2.6044
2026-04-07 13:14:58 | INFO |   eta: 0.5456
2026-04-07 13:14:58 | INFO |   zeta: 0.0658
2026-04-07 13:14:58 | INFO |   psi: 2.7034
2026-04-07 13:14:59 | INFO | Saved summary tables to C:\Users\phevo\Documents\MIT\Code\MPLE-Causal-Inference\experiments\USCountyVaccination_US\USCountyVaccination_US_tau_unrestricted\outcome_case_rate_100k_ge_200__intervention_complete_cov_ge_60__lag_0w__contiguity\mple_summary.csv and C:\Users\phevo\Documents\MIT\Code\MPLE-Causal-Inference\experiments\USCountyVaccination_US\USCountyVaccination_US_tau_unrestricted\outcome_case_rate_100k_ge_200__intervention_complete_cov_ge_60__lag_0w__contiguity\mple_summary.md
2026-04-07 13:14:59 | INFO | Log saved to C:\Users\phevo\Documents\MIT\Code\MPLE-Causal-Inference\experiments\USCountyVaccination_US\USCountyVaccination_US_tau_unrestricted\outcome_case_rate_100k_ge_200__intervention_complete_cov_ge_60__lag_0w__contiguity\mple.log
