2026-06-12 01:39:03 | INFO | Loading data...
2026-06-12 01:39:03 | INFO | Using panel artifact: /orcd/home/002/phevosp/MPLE-Causal-Inference/experiments/HybridAlt/partial_confounding/panel_data.npz
2026-06-12 01:39:03 | INFO | Using x_0 artifact: /orcd/home/002/phevosp/MPLE-Causal-Inference/experiments/HybridAlt/partial_confounding/x_0.npy
2026-06-12 01:39:03 | INFO | Using fit config: /orcd/home/002/phevosp/MPLE-Causal-Inference/experiments/HybridAlt/partial_confounding/cv_runs/xi_zero/candidates/xi_zero_candidate_0006/fold_4/fit_realized_config.yaml
2026-06-12 01:39:03 | INFO | Using model artifact directory: /orcd/home/002/phevosp/MPLE-Causal-Inference/experiments/HybridAlt/partial_confounding
2026-06-12 01:39:03 | INFO | Using truth artifact directory: /orcd/home/002/phevosp/MPLE-Causal-Inference/experiments/HybridAlt/partial_confounding
2026-06-12 01:39:03 | INFO | Using loss mask artifact: /orcd/home/002/phevosp/MPLE-Causal-Inference/experiments/HybridAlt/partial_confounding/cv_runs/xi_zero/candidates/xi_zero_candidate_0006/fold_4/loss_mask.npy
2026-06-12 01:39:03 | INFO | Configured optimizer mode: alternating_latent_rank
2026-06-12 01:39:03 | INFO | Configured latent rank: 5
2026-06-12 01:39:03 | INFO | Using a fixed known graph with scalar xi.
2026-06-12 01:39:03 | INFO | Fit-time hard bounds active: False
2026-06-12 01:39:03 | INFO | Fixed scalar parameters: {'xi': 0.0}
2026-06-12 01:39:03 | INFO | Warm-start fixed scalars: {} for 0 steps
2026-06-12 01:39:03 | INFO | Beta-gradient mask before s: True with s=50
2026-06-12 01:39:03 | INFO | Beta-gradient mask after e: True with e=115
2026-06-12 01:39:03 | INFO | Alternating V-column L2-ball constraint active with radius 1.0
2026-06-12 01:39:03 | INFO | Optimizer settings: steps=2000, tol=1e-07, n_starts=1, seed=0, lambda_nuclear=0.0, lambda_frobenius=0.0, lambda_uv_ridge=0.5, v_column_l2_max=1.0, proximal_lr=1.0
2026-06-12 01:39:03 | INFO | Alternating low-rank start 1/1 | seed=0 | initial_loss=0.746814 | initial_penalized=0.746832
2026-06-12 01:39:03 | INFO | Alternating low-rank iter 0 | Loss: 0.537385 | Penalized: 0.546081
2026-06-12 01:39:09 | INFO | Done fitting.
2026-06-12 01:39:09 | INFO | Optimizer status: CONVERGED: alternating objective tolerance reached
2026-06-12 01:39:09 | INFO | Best optimizer start: 1 / 1
2026-06-12 01:39:09 | INFO | Final Loss: 0.508223
2026-06-12 01:39:09 | INFO | Estimated vs True Parameters:
2026-06-12 01:39:09 | INFO |   beta: 0.3377 (True: -0.3000) | SQE: 0.406621
2026-06-12 01:39:09 | INFO |   xi: 0.0000 (True: 0.8000) | SQE: 0.640000
2026-06-12 01:39:09 | INFO |   eta: 0.3329 (True: 0.3000) | SQE: 0.001084
2026-06-12 01:39:09 | INFO | Alternating low-rank optimizer diagnostics:
2026-06-12 01:39:09 | INFO |   penalized_objective: 0.527072
2026-06-12 01:39:09 | INFO |   mple_loss_without_penalty: 0.508223
2026-06-12 01:39:09 | INFO |   lambda_uv_ridge: 0.500000
2026-06-12 01:39:09 | INFO |   u_frobenius_norm: 104.082004
2026-06-12 01:39:09 | INFO |   v_frobenius_norm: 2.236068
2026-06-12 01:39:09 | INFO |   effective_rank: 5.000000
2026-06-12 01:39:09 | INFO | Field and interaction diagnostics:
2026-06-12 01:39:09 | INFO |   field_rmse: 0.654643
2026-06-12 01:39:09 | INFO |   interaction_fro_error: 8.851317
2026-06-12 01:39:09 | INFO |   estimated_field_max_abs_entry: 1.258863
2026-06-12 01:39:09 | INFO |   estimated_field_rank: 5.000000
2026-06-12 01:39:09 | INFO |   true_field_max_abs_entry: 4.167041
2026-06-12 01:39:09 | INFO |   true_field_rank: 5.000000
2026-06-12 01:39:09 | INFO | Saved summary table to /orcd/home/002/phevosp/MPLE-Causal-Inference/experiments/HybridAlt/partial_confounding/cv_runs/xi_zero/candidates/xi_zero_candidate_0006/fold_4/mple_summary.csv
2026-06-12 01:39:09 | INFO | Log saved to /orcd/home/002/phevosp/MPLE-Causal-Inference/experiments/HybridAlt/partial_confounding/cv_runs/xi_zero/candidates/xi_zero_candidate_0006/fold_4/mple.log
