2026-04-08 11:39:26 | INFO | Loading data...
2026-04-08 11:39:26 | INFO | Loaded 6 field templates and 1 interaction templates.
2026-04-08 11:39:26 | INFO | Intervention-process model enabled: True
2026-04-08 11:39:26 | INFO | Tau zero-mean enabled: False
2026-04-08 11:39:26 | INFO | Tau smoothness lambda: 0.000000
2026-04-08 11:39:26 | INFO | Running conditional-model MPLE on x with shape=(66, 3203)
2026-04-08 11:39:26 | INFO | Eval 0  |  Loss: 0.686298
2026-04-08 11:39:26 | INFO |   field::population_density: +0.0126,  field::senior_population: -0.0132,  field::college_education: +0.0640,  field::poverty_rate: +0.0105,  field::log_population: -0.0536,  field::median_household_income: +0.0362,  tau block: mean=+0.0089, std=0.0971, min=-0.2325, max=+0.1960,  beta: +0.1004,  interaction::contiguity: -0.0618,  eta: +0.1822,  zeta: -0.1320,  psi: -0.0662
2026-04-08 11:39:30 | INFO | Done fitting.
2026-04-08 11:39:30 | INFO | Optimizer status: CONVERGENCE: RELATIVE REDUCTION OF F <= FACTR*EPSMCH
2026-04-08 11:39:30 | INFO | Final Loss: 0.177402
2026-04-08 11:39:30 | INFO | Estimated Parameters:
2026-04-08 11:39:30 | INFO |   field::population_density: -0.3330
2026-04-08 11:39:30 | INFO |   field::senior_population: -0.2821
2026-04-08 11:39:30 | INFO |   field::college_education: -0.0080
2026-04-08 11:39:30 | INFO |   field::poverty_rate: -0.2932
2026-04-08 11:39:30 | INFO |   field::log_population: 0.2592
2026-04-08 11:39:30 | INFO |   field::median_household_income: -0.2326
2026-04-08 11:39:30 | INFO |   tau::t_0: -0.1264
2026-04-08 11:39:30 | INFO |   tau::t_1: -0.2552
2026-04-08 11:39:30 | INFO |   tau::t_2: 0.0264
2026-04-08 11:39:30 | INFO |   tau::t_3: -0.1731
2026-04-08 11:39:30 | INFO |   tau::t_4: -0.0406
2026-04-08 11:39:30 | INFO |   tau::t_5: -0.0358
2026-04-08 11:39:30 | INFO |   tau::t_6: 0.0537
2026-04-08 11:39:30 | INFO |   tau::t_7: -0.0276
2026-04-08 11:39:30 | INFO |   tau::t_8: 0.1054
2026-04-08 11:39:30 | INFO |   tau::t_9: 0.0339
2026-04-08 11:39:30 | INFO |   tau::t_10: -0.0605
2026-04-08 11:39:30 | INFO |   tau::t_11: -0.0185
2026-04-08 11:39:30 | INFO |   tau::t_12: -0.1061
2026-04-08 11:39:30 | INFO |   tau::t_13: -0.1714
2026-04-08 11:39:30 | INFO |   tau::t_14: -0.1979
2026-04-08 11:39:30 | INFO |   tau::t_15: -0.1543
2026-04-08 11:39:30 | INFO |   tau::t_16: -0.3554
2026-04-08 11:39:30 | INFO |   tau::t_17: -0.1643
2026-04-08 11:39:30 | INFO |   tau::t_18: -0.3484
2026-04-08 11:39:30 | INFO |   tau::t_19: -0.2908
2026-04-08 11:39:30 | INFO |   tau::t_20: -0.2354
2026-04-08 11:39:30 | INFO |   tau::t_21: -0.0421
2026-04-08 11:39:30 | INFO |   tau::t_22: 0.0653
2026-04-08 11:39:30 | INFO |   tau::t_23: 0.2197
2026-04-08 11:39:30 | INFO |   tau::t_24: 0.2842
2026-04-08 11:39:30 | INFO |   tau::t_25: 0.3273
2026-04-08 11:39:30 | INFO |   tau::t_26: 0.3837
2026-04-08 11:39:30 | INFO |   tau::t_27: 0.3003
2026-04-08 11:39:30 | INFO |   tau::t_28: 0.4031
2026-04-08 11:39:30 | INFO |   tau::t_29: 0.3902
2026-04-08 11:39:30 | INFO |   tau::t_30: 0.2769
2026-04-08 11:39:30 | INFO |   tau::t_31: 0.4355
2026-04-08 11:39:30 | INFO |   tau::t_32: 0.3763
2026-04-08 11:39:30 | INFO |   tau::t_33: 0.1928
2026-04-08 11:39:30 | INFO |   tau::t_34: 0.0769
2026-04-08 11:39:30 | INFO |   tau::t_35: -0.0563
2026-04-08 11:39:30 | INFO |   tau::t_36: -0.0140
2026-04-08 11:39:30 | INFO |   tau::t_37: -0.0529
2026-04-08 11:39:30 | INFO |   tau::t_38: -0.0072
2026-04-08 11:39:30 | INFO |   tau::t_39: 0.0807
2026-04-08 11:39:30 | INFO |   tau::t_40: 0.1220
2026-04-08 11:39:30 | INFO |   tau::t_41: -0.2012
2026-04-08 11:39:30 | INFO |   tau::t_42: 0.4425
2026-04-08 11:39:30 | INFO |   tau::t_43: 0.1249
2026-04-08 11:39:30 | INFO |   tau::t_44: 0.0991
2026-04-08 11:39:30 | INFO |   tau::t_45: 0.1323
2026-04-08 11:39:30 | INFO |   tau::t_46: 0.5972
2026-04-08 11:39:30 | INFO |   tau::t_47: 1.1271
2026-04-08 11:39:30 | INFO |   tau::t_48: 1.1906
2026-04-08 11:39:30 | INFO |   tau::t_49: 1.9011
2026-04-08 11:39:30 | INFO |   tau::t_50: 1.8796
2026-04-08 11:39:30 | INFO |   tau::t_51: 1.0951
2026-04-08 11:39:30 | INFO |   tau::t_52: 0.3721
2026-04-08 11:39:30 | INFO |   tau::t_53: -0.0465
2026-04-08 11:39:30 | INFO |   tau::t_54: -0.3157
2026-04-08 11:39:30 | INFO |   tau::t_55: -0.2539
2026-04-08 11:39:30 | INFO |   tau::t_56: -0.2273
2026-04-08 11:39:30 | INFO |   tau::t_57: -0.1570
2026-04-08 11:39:30 | INFO |   tau::t_58: -0.1284
2026-04-08 11:39:30 | INFO |   tau::t_59: -0.1725
2026-04-08 11:39:30 | INFO |   tau::t_60: -0.0719
2026-04-08 11:39:30 | INFO |   tau::t_61: -0.0927
2026-04-08 11:39:30 | INFO |   tau::t_62: 0.1064
2026-04-08 11:39:30 | INFO |   tau::t_63: 0.0377
2026-04-08 11:39:30 | INFO |   tau::t_64: 0.1215
2026-04-08 11:39:30 | INFO |   tau::t_65: 0.1384
2026-04-08 11:39:30 | INFO |   beta: -0.0075
2026-04-08 11:39:30 | INFO |   interaction::contiguity: 2.4748
2026-04-08 11:39:30 | INFO |   eta: 0.5061
2026-04-08 11:39:30 | INFO |   zeta: -0.0749
2026-04-08 11:39:30 | INFO |   psi: 2.0890
2026-04-08 11:39:30 | INFO | Saved summary tables to C:\Users\phevo\Documents\MIT\Code\MPLE-Causal-Inference\experiments\USCountyVaccination_US_features_new\outcome_case_rate_100k_ge_100__intervention_complete_cov_ge_10__lag_4w__contiguity\mple_summary.csv and C:\Users\phevo\Documents\MIT\Code\MPLE-Causal-Inference\experiments\USCountyVaccination_US_features_new\outcome_case_rate_100k_ge_100__intervention_complete_cov_ge_10__lag_4w__contiguity\mple_summary.md
2026-04-08 11:39:30 | INFO | Log saved to C:\Users\phevo\Documents\MIT\Code\MPLE-Causal-Inference\experiments\USCountyVaccination_US_features_new\outcome_case_rate_100k_ge_100__intervention_complete_cov_ge_10__lag_4w__contiguity\mple.log
