2026-04-11 13:13:29 | INFO | Loading data...
2026-04-11 13:13:29 | INFO | Using panel artifact: C:\Users\phevo\Documents\MIT\Code\MPLE-Causal-Inference\experiments\SyntheticExperimentsGrid\fixed_z_complete_cov_ge_30_lag2w_trimmed_latent_rank10_b3_0_20260411_130509\panel_data.npz
2026-04-11 13:13:29 | INFO | Using x_0 artifact: C:\Users\phevo\Documents\MIT\Code\MPLE-Causal-Inference\experiments\SyntheticExperimentsGrid\fixed_z_complete_cov_ge_30_lag2w_trimmed_latent_rank10_b3_0_20260411_130509\x_0.npy
2026-04-11 13:13:29 | INFO | Using z_0 artifact: C:\Users\phevo\Documents\MIT\Code\MPLE-Causal-Inference\experiments\SyntheticExperimentsGrid\fixed_z_complete_cov_ge_30_lag2w_trimmed_latent_rank10_b3_0_20260411_130509\z_0.npy
2026-04-11 13:13:29 | INFO | Loaded field mode: latent_feature_matrix
2026-04-11 13:13:29 | INFO | Using a fixed known graph with scalar xi.
2026-04-11 13:13:29 | INFO | Intervention-process model enabled: False
2026-04-11 13:13:29 | INFO | Eval 0  |  Loss: 0.701206
2026-04-11 13:13:29 | INFO |   beta: +0.0584,  xi: -0.0271,  eta: -0.1078
2026-04-11 13:13:35 | INFO | Eval 100  |  Loss: 0.601377
2026-04-11 13:13:35 | INFO |   beta: +0.3334,  xi: +0.2971,  eta: +0.0797
2026-04-11 13:13:40 | INFO | Eval 200  |  Loss: 0.601372
2026-04-11 13:13:40 | INFO |   beta: +0.3424,  xi: +0.2627,  eta: +0.0818
2026-04-11 13:13:46 | INFO | Eval 300  |  Loss: 0.601371
2026-04-11 13:13:46 | INFO |   beta: +0.3529,  xi: +0.2106,  eta: +0.0859
2026-04-11 13:13:50 | INFO | Done fitting.
2026-04-11 13:13:50 | INFO | Optimizer status: CONVERGENCE: RELATIVE REDUCTION OF F <= FACTR*EPSMCH
2026-04-11 13:13:50 | INFO | Final Loss: 0.601278
2026-04-11 13:13:50 | INFO | Estimated vs True Parameters:
2026-04-11 13:13:50 | INFO |   beta: 0.3385 (True: 0.3500) | SQE: 0.000132
2026-04-11 13:13:50 | INFO |   xi: 0.2837 (True: 0.2500) | SQE: 0.001133
2026-04-11 13:13:50 | INFO |   eta: 0.0795 (True: 0.0800) | SQE: 0.000000
2026-04-11 13:13:51 | INFO | Field and interaction diagnostics:
2026-04-11 13:13:51 | INFO |   field_rmse: 0.001086
2026-04-11 13:13:51 | INFO |   interaction_fro_error: 0.116214
2026-04-11 13:13:51 | INFO |   estimated_field_inf_norm: 3.000000
2026-04-11 13:13:51 | INFO |   estimated_field_rank: 10.000000
2026-04-11 13:13:51 | INFO |   bound_B: 3.000000
2026-04-11 13:13:51 | INFO |   true_field_inf_norm: 3.000000
2026-04-11 13:13:51 | INFO |   true_field_rank: 10.000000
2026-04-11 13:13:51 | INFO | Saved summary tables to C:\Users\phevo\Documents\MIT\Code\MPLE-Causal-Inference\experiments\SyntheticExperimentsGrid\fixed_z_complete_cov_ge_30_lag2w_trimmed_latent_rank10_b3_0_20260411_130509\mple_summary.csv and C:\Users\phevo\Documents\MIT\Code\MPLE-Causal-Inference\experiments\SyntheticExperimentsGrid\fixed_z_complete_cov_ge_30_lag2w_trimmed_latent_rank10_b3_0_20260411_130509\mple_summary.md
2026-04-11 13:13:51 | INFO | Log saved to C:\Users\phevo\Documents\MIT\Code\MPLE-Causal-Inference\experiments\SyntheticExperimentsGrid\fixed_z_complete_cov_ge_30_lag2w_trimmed_latent_rank10_b3_0_20260411_130509\mple.log
2026-04-11 13:16:45 | INFO | Loading data...
2026-04-11 13:16:45 | INFO | Using panel artifact: C:\Users\phevo\Documents\MIT\Code\MPLE-Causal-Inference\experiments\SyntheticExperimentsGrid\fixed_z_complete_cov_ge_30_lag2w_trimmed_latent_rank10_b3_0_20260411_130509\panel_data.npz
2026-04-11 13:16:45 | INFO | Using x_0 artifact: C:\Users\phevo\Documents\MIT\Code\MPLE-Causal-Inference\experiments\SyntheticExperimentsGrid\fixed_z_complete_cov_ge_30_lag2w_trimmed_latent_rank10_b3_0_20260411_130509\x_0.npy
2026-04-11 13:16:45 | INFO | Using z_0 artifact: C:\Users\phevo\Documents\MIT\Code\MPLE-Causal-Inference\experiments\SyntheticExperimentsGrid\fixed_z_complete_cov_ge_30_lag2w_trimmed_latent_rank10_b3_0_20260411_130509\z_0.npy
2026-04-11 13:16:45 | INFO | Loaded field mode: latent_feature_matrix
2026-04-11 13:16:45 | INFO | Using a fixed known graph with scalar xi.
2026-04-11 13:16:45 | INFO | Intervention-process model enabled: False
2026-04-11 13:16:45 | INFO | Eval 0  |  Loss: 0.701206
2026-04-11 13:16:45 | INFO |   beta: +0.0584,  xi: -0.0271,  eta: -0.1078
2026-04-11 13:16:51 | INFO | Eval 100  |  Loss: 0.601377
2026-04-11 13:16:51 | INFO |   beta: +0.3334,  xi: +0.2971,  eta: +0.0797
2026-04-11 13:17:02 | INFO | Eval 200  |  Loss: 0.601372
2026-04-11 13:17:02 | INFO |   beta: +0.3424,  xi: +0.2627,  eta: +0.0818
2026-04-11 13:17:13 | INFO | Eval 300  |  Loss: 0.601371
2026-04-11 13:17:13 | INFO |   beta: +0.3529,  xi: +0.2106,  eta: +0.0859
2026-04-11 13:17:19 | INFO | Done fitting.
2026-04-11 13:17:19 | INFO | Optimizer status: CONVERGENCE: RELATIVE REDUCTION OF F <= FACTR*EPSMCH
2026-04-11 13:17:19 | INFO | Final Loss: 0.601278
2026-04-11 13:17:19 | INFO | Estimated vs True Parameters:
2026-04-11 13:17:19 | INFO |   beta: 0.3385 (True: 0.3500) | SQE: 0.000132
2026-04-11 13:17:19 | INFO |   xi: 0.2837 (True: 0.2500) | SQE: 0.001133
2026-04-11 13:17:19 | INFO |   eta: 0.0795 (True: 0.0800) | SQE: 0.000000
2026-04-11 13:17:20 | INFO | Field and interaction diagnostics:
2026-04-11 13:17:20 | INFO |   field_rmse: 0.001086
2026-04-11 13:17:20 | INFO |   interaction_fro_error: 0.116214
2026-04-11 13:17:20 | INFO |   estimated_field_inf_norm: 3.000000
2026-04-11 13:17:20 | INFO |   estimated_field_rank: 10.000000
2026-04-11 13:17:20 | INFO |   bound_B: 3.000000
2026-04-11 13:17:20 | INFO |   true_field_inf_norm: 3.000000
2026-04-11 13:17:20 | INFO |   true_field_rank: 10.000000
2026-04-11 13:17:22 | INFO | Saved summary tables to C:\Users\phevo\Documents\MIT\Code\MPLE-Causal-Inference\experiments\SyntheticExperimentsGrid\fixed_z_complete_cov_ge_30_lag2w_trimmed_latent_rank10_b3_0_20260411_130509\mple_summary.csv and C:\Users\phevo\Documents\MIT\Code\MPLE-Causal-Inference\experiments\SyntheticExperimentsGrid\fixed_z_complete_cov_ge_30_lag2w_trimmed_latent_rank10_b3_0_20260411_130509\mple_summary.md
2026-04-11 13:17:22 | INFO | Log saved to C:\Users\phevo\Documents\MIT\Code\MPLE-Causal-Inference\experiments\SyntheticExperimentsGrid\fixed_z_complete_cov_ge_30_lag2w_trimmed_latent_rank10_b3_0_20260411_130509\mple.log
