2026-08-24 18:29:39 | INFO | Starting SNN fit in /orcd/home/002/phevosp/MPLE-Causal-Inference/experiments/SyntheticSNN/interference_confounding_beta_010_xi_080/fits/snn_8nn_u_mr4
2026-08-24 18:29:39 | INFO | Resolved SNN parameters: {'n_neighbors': 8, 'weights': 'uniform', 'anchor_solver': 'bitset_exact', 'anchor_max_rows': None, 'anchor_max_cols': None, 'random_splits': False, 'max_rank': 4, 'spectral_t': None, 'linear_span_eps': 0.05, 'subspace_eps': 0.05, 'min_value': None, 'max_value': None}
2026-08-24 18:29:39 | INFO | Loaded panel with shape T=50, N=500
2026-08-24 18:29:39 | INFO | Starting treated completion for 12555 target-missing entries.
2026-08-24 18:29:39 | INFO | treated completion progress: 0/12555 (0.0%)
2026-08-24 18:30:58 | INFO | treated completion progress: 250/12555 (2.0%) elapsed=79.2s eta=3899.5s
2026-08-24 18:32:12 | INFO | treated completion progress: 500/12555 (4.0%) elapsed=153.0s eta=3688.5s
2026-08-24 18:33:28 | INFO | treated completion progress: 750/12555 (6.0%) elapsed=229.4s eta=3610.8s
2026-08-24 18:34:46 | INFO | treated completion progress: 1000/12555 (8.0%) elapsed=307.5s eta=3552.8s
2026-08-24 18:35:53 | INFO | treated completion progress: 1250/12555 (10.0%) elapsed=374.3s eta=3385.3s
2026-08-24 18:37:06 | INFO | treated completion progress: 1500/12555 (11.9%) elapsed=446.8s eta=3293.2s
2026-08-24 18:38:28 | INFO | treated completion progress: 1750/12555 (13.9%) elapsed=529.6s eta=3270.0s
2026-08-24 18:39:43 | INFO | treated completion progress: 2000/12555 (15.9%) elapsed=604.3s eta=3189.2s
2026-08-24 18:40:59 | INFO | treated completion progress: 2250/12555 (17.9%) elapsed=680.3s eta=3115.9s
2026-08-24 18:42:15 | INFO | treated completion progress: 2500/12555 (19.9%) elapsed=756.2s eta=3041.4s
2026-08-24 18:43:37 | INFO | treated completion progress: 2750/12555 (21.9%) elapsed=838.6s eta=2990.1s
2026-08-24 18:44:52 | INFO | treated completion progress: 3000/12555 (23.9%) elapsed=913.7s eta=2910.3s
2026-08-24 18:46:09 | INFO | treated completion progress: 3250/12555 (25.9%) elapsed=990.2s eta=2834.9s
2026-08-24 18:47:31 | INFO | treated completion progress: 3500/12555 (27.9%) elapsed=1072.0s eta=2773.4s
2026-08-24 18:48:49 | INFO | treated completion progress: 3750/12555 (29.9%) elapsed=1150.1s eta=2700.4s
2026-08-24 18:50:07 | INFO | treated completion progress: 4000/12555 (31.9%) elapsed=1228.0s eta=2626.3s
2026-08-24 18:51:22 | INFO | treated completion progress: 4250/12555 (33.9%) elapsed=1303.6s eta=2547.3s
2026-08-24 18:52:40 | INFO | treated completion progress: 4500/12555 (35.8%) elapsed=1381.5s eta=2472.9s
2026-08-24 18:53:54 | INFO | treated completion progress: 4750/12555 (37.8%) elapsed=1455.2s eta=2391.1s
2026-08-24 18:55:09 | INFO | treated completion progress: 5000/12555 (39.8%) elapsed=1530.1s eta=2312.0s
2026-08-24 18:56:23 | INFO | treated completion progress: 5250/12555 (41.8%) elapsed=1603.9s eta=2231.6s
2026-08-24 18:57:43 | INFO | treated completion progress: 5500/12555 (43.8%) elapsed=1684.6s eta=2160.8s
2026-08-24 18:58:52 | INFO | treated completion progress: 5750/12555 (45.8%) elapsed=1753.4s eta=2075.1s
2026-08-24 19:00:07 | INFO | treated completion progress: 6000/12555 (47.8%) elapsed=1827.9s eta=1996.9s
2026-08-24 19:01:25 | INFO | treated completion progress: 6250/12555 (49.8%) elapsed=1906.4s eta=1923.2s
2026-08-24 19:02:50 | INFO | treated completion progress: 6500/12555 (51.8%) elapsed=1991.2s eta=1854.9s
2026-08-24 19:04:06 | INFO | treated completion progress: 6750/12555 (53.8%) elapsed=2067.4s eta=1777.9s
2026-08-24 19:05:10 | INFO | treated completion progress: 7000/12555 (55.8%) elapsed=2131.2s eta=1691.3s
2026-08-24 19:06:29 | INFO | treated completion progress: 7250/12555 (57.7%) elapsed=2210.2s eta=1617.3s
2026-08-24 19:07:41 | INFO | treated completion progress: 7500/12555 (59.7%) elapsed=2282.3s eta=1538.2s
2026-08-24 19:08:50 | INFO | treated completion progress: 7750/12555 (61.7%) elapsed=2351.0s eta=1457.6s
2026-08-24 19:10:03 | INFO | treated completion progress: 8000/12555 (63.7%) elapsed=2424.1s eta=1380.2s
2026-08-24 19:11:16 | INFO | treated completion progress: 8250/12555 (65.7%) elapsed=2497.5s eta=1303.3s
2026-08-24 19:12:23 | INFO | treated completion progress: 8500/12555 (67.7%) elapsed=2564.0s eta=1223.2s
2026-08-24 19:13:42 | INFO | treated completion progress: 8750/12555 (69.7%) elapsed=2642.8s eta=1149.3s
2026-08-24 19:15:03 | INFO | treated completion progress: 9000/12555 (71.7%) elapsed=2724.2s eta=1076.1s
2026-08-24 19:16:16 | INFO | treated completion progress: 9250/12555 (73.7%) elapsed=2797.5s eta=999.5s
2026-08-24 19:17:36 | INFO | treated completion progress: 9500/12555 (75.7%) elapsed=2877.3s eta=925.3s
2026-08-24 19:19:02 | INFO | treated completion progress: 9750/12555 (77.7%) elapsed=2963.6s eta=852.6s
2026-08-24 19:20:24 | INFO | treated completion progress: 10000/12555 (79.6%) elapsed=3045.0s eta=778.0s
2026-08-24 19:21:40 | INFO | treated completion progress: 10250/12555 (81.6%) elapsed=3121.2s eta=701.9s
2026-08-24 19:22:53 | INFO | treated completion progress: 10500/12555 (83.6%) elapsed=3194.8s eta=625.3s
2026-08-24 19:24:09 | INFO | treated completion progress: 10750/12555 (85.6%) elapsed=3270.4s eta=549.1s
2026-08-24 19:25:24 | INFO | treated completion progress: 11000/12555 (87.6%) elapsed=3345.4s eta=472.9s
2026-08-24 19:26:38 | INFO | treated completion progress: 11250/12555 (89.6%) elapsed=3419.3s eta=396.6s
2026-08-24 19:27:53 | INFO | treated completion progress: 11500/12555 (91.6%) elapsed=3494.5s eta=320.6s
2026-08-24 19:29:06 | INFO | treated completion progress: 11750/12555 (93.6%) elapsed=3567.2s eta=244.4s
2026-08-24 19:30:17 | INFO | treated completion progress: 12000/12555 (95.6%) elapsed=3638.4s eta=168.3s
2026-08-24 19:31:35 | INFO | treated completion progress: 12250/12555 (97.6%) elapsed=3716.7s eta=92.5s
2026-08-24 19:32:53 | INFO | treated completion progress: 12500/12555 (99.6%) elapsed=3793.9s eta=16.7s
2026-08-24 19:33:09 | INFO | treated completion progress: 12555/12555 (100.0%) elapsed=3809.9s eta=0.0s
2026-08-24 19:33:09 | INFO | treated completion finished.
2026-08-24 19:33:09 | INFO | Starting untreated completion for 12445 target-missing entries.
2026-08-24 19:33:09 | INFO | untreated completion progress: 0/12445 (0.0%)
2026-08-24 19:34:30 | INFO | untreated completion progress: 250/12445 (2.0%) elapsed=81.8s eta=3992.2s
2026-08-24 19:35:51 | INFO | untreated completion progress: 500/12445 (4.0%) elapsed=162.8s eta=3890.3s
2026-08-24 19:37:16 | INFO | untreated completion progress: 750/12445 (6.0%) elapsed=247.3s eta=3856.8s
2026-08-24 19:38:39 | INFO | untreated completion progress: 1000/12445 (8.0%) elapsed=330.8s eta=3786.4s
2026-08-24 19:40:14 | INFO | untreated completion progress: 1250/12445 (10.0%) elapsed=425.1s eta=3807.2s
2026-08-24 19:41:38 | INFO | untreated completion progress: 1500/12445 (12.1%) elapsed=509.5s eta=3717.4s
2026-08-24 19:42:50 | INFO | untreated completion progress: 1750/12445 (14.1%) elapsed=581.2s eta=3552.0s
2026-08-24 19:44:19 | INFO | untreated completion progress: 2000/12445 (16.1%) elapsed=670.7s eta=3502.7s
2026-08-24 19:45:49 | INFO | untreated completion progress: 2250/12445 (18.1%) elapsed=760.5s eta=3446.1s
2026-08-24 19:47:14 | INFO | untreated completion progress: 2500/12445 (20.1%) elapsed=845.2s eta=3362.2s
2026-08-24 19:48:25 | INFO | untreated completion progress: 2750/12445 (22.1%) elapsed=916.3s eta=3230.5s
2026-08-24 19:49:54 | INFO | untreated completion progress: 3000/12445 (24.1%) elapsed=1005.3s eta=3165.1s
2026-08-24 19:51:16 | INFO | untreated completion progress: 3250/12445 (26.1%) elapsed=1087.6s eta=3077.0s
2026-08-24 19:52:30 | INFO | untreated completion progress: 3500/12445 (28.1%) elapsed=1161.0s eta=2967.3s
2026-08-24 19:53:50 | INFO | untreated completion progress: 3750/12445 (30.1%) elapsed=1241.0s eta=2877.4s
2026-08-24 19:55:14 | INFO | untreated completion progress: 4000/12445 (32.1%) elapsed=1325.5s eta=2798.4s
2026-08-24 19:56:44 | INFO | untreated completion progress: 4250/12445 (34.2%) elapsed=1415.8s eta=2730.0s
2026-08-24 19:58:07 | INFO | untreated completion progress: 4500/12445 (36.2%) elapsed=1498.1s eta=2644.9s
2026-08-24 19:59:38 | INFO | untreated completion progress: 4750/12445 (38.2%) elapsed=1589.0s eta=2574.1s
2026-08-24 20:00:54 | INFO | untreated completion progress: 5000/12445 (40.2%) elapsed=1665.5s eta=2480.0s
2026-08-24 20:02:18 | INFO | untreated completion progress: 5250/12445 (42.2%) elapsed=1749.8s eta=2398.1s
2026-08-24 20:03:35 | INFO | untreated completion progress: 5500/12445 (44.2%) elapsed=1825.9s eta=2305.7s
2026-08-24 20:05:09 | INFO | untreated completion progress: 5750/12445 (46.2%) elapsed=1920.0s eta=2235.6s
2026-08-24 20:06:34 | INFO | untreated completion progress: 6000/12445 (48.2%) elapsed=2005.4s eta=2154.1s
2026-08-24 20:07:52 | INFO | untreated completion progress: 6250/12445 (50.2%) elapsed=2083.2s eta=2064.9s
2026-08-24 20:09:08 | INFO | untreated completion progress: 6500/12445 (52.2%) elapsed=2159.8s eta=1975.4s
2026-08-24 20:10:28 | INFO | untreated completion progress: 6750/12445 (54.2%) elapsed=2239.7s eta=1889.7s
2026-08-24 20:12:03 | INFO | untreated completion progress: 7000/12445 (56.2%) elapsed=2334.4s eta=1815.8s
2026-08-24 20:13:22 | INFO | untreated completion progress: 7250/12445 (58.3%) elapsed=2412.9s eta=1729.0s
2026-08-24 20:14:49 | INFO | untreated completion progress: 7500/12445 (60.3%) elapsed=2500.2s eta=1648.5s
2026-08-24 20:16:24 | INFO | untreated completion progress: 7750/12445 (62.3%) elapsed=2595.1s eta=1572.1s
2026-08-24 20:17:51 | INFO | untreated completion progress: 8000/12445 (64.3%) elapsed=2682.1s eta=1490.3s
2026-08-24 20:19:18 | INFO | untreated completion progress: 8250/12445 (66.3%) elapsed=2769.8s eta=1408.4s
2026-08-24 20:20:47 | INFO | untreated completion progress: 8500/12445 (68.3%) elapsed=2858.8s eta=1326.8s
2026-08-24 20:22:07 | INFO | untreated completion progress: 8750/12445 (70.3%) elapsed=2938.0s eta=1240.7s
2026-08-24 20:23:32 | INFO | untreated completion progress: 9000/12445 (72.3%) elapsed=3023.2s eta=1157.2s
2026-08-24 20:24:57 | INFO | untreated completion progress: 9250/12445 (74.3%) elapsed=3108.7s eta=1073.8s
2026-08-24 20:26:13 | INFO | untreated completion progress: 9500/12445 (76.3%) elapsed=3184.3s eta=987.1s
2026-08-24 20:27:28 | INFO | untreated completion progress: 9750/12445 (78.3%) elapsed=3259.3s eta=900.9s
2026-08-24 20:28:46 | INFO | untreated completion progress: 10000/12445 (80.4%) elapsed=3337.3s eta=816.0s
2026-08-24 20:30:14 | INFO | untreated completion progress: 10250/12445 (82.4%) elapsed=3425.3s eta=733.5s
2026-08-24 20:31:47 | INFO | untreated completion progress: 10500/12445 (84.4%) elapsed=3518.4s eta=651.8s
2026-08-24 20:33:16 | INFO | untreated completion progress: 10750/12445 (86.4%) elapsed=3607.3s eta=568.8s
2026-08-24 20:34:38 | INFO | untreated completion progress: 11000/12445 (88.4%) elapsed=3689.7s eta=484.7s
2026-08-24 20:36:03 | INFO | untreated completion progress: 11250/12445 (90.4%) elapsed=3774.5s eta=400.9s
2026-08-24 20:37:25 | INFO | untreated completion progress: 11500/12445 (92.4%) elapsed=3856.3s eta=316.9s
2026-08-24 20:38:53 | INFO | untreated completion progress: 11750/12445 (94.4%) elapsed=3944.4s eta=233.3s
2026-08-24 20:40:25 | INFO | untreated completion progress: 12000/12445 (96.4%) elapsed=4036.6s eta=149.7s
2026-08-24 20:41:49 | INFO | untreated completion progress: 12250/12445 (98.4%) elapsed=4120.4s eta=65.6s
2026-08-24 20:42:53 | INFO | untreated completion progress: 12445/12445 (100.0%) elapsed=4183.9s eta=0.0s
2026-08-24 20:42:53 | INFO | untreated completion finished.
2026-08-24 20:42:53 | INFO | Treated stats: observed=12445 target_missing=12555 completed=12554 failed=1
2026-08-24 20:42:53 | INFO | Untreated stats: observed=12555 target_missing=12445 completed=12444 failed=1
2026-08-24 20:42:53 | INFO | Completed SNN fit successfully.
