2026-05-02 12:16:26 | INFO | Loading data...
2026-05-02 12:16:26 | INFO | Using panel artifact: /orcd/home/002/phevosp/MPLE-Causal-Inference/experiments/Synthetic/base/panel_data.npz
2026-05-02 12:16:26 | INFO | Using x_0 artifact: /orcd/home/002/phevosp/MPLE-Causal-Inference/experiments/Synthetic/base/x_0.npy
2026-05-02 12:16:26 | INFO | Using fit config: /orcd/home/002/phevosp/MPLE-Causal-Inference/experiments/Synthetic/base/cv_runs/alternating_uv_grid/candidates/alternating_uv_grid_candidate_0002/fold_1/fit_realized_config.yaml
2026-05-02 12:16:26 | INFO | Using model artifact directory: /orcd/home/002/phevosp/MPLE-Causal-Inference/experiments/Synthetic/base
2026-05-02 12:16:26 | INFO | Using truth artifact directory: /orcd/home/002/phevosp/MPLE-Causal-Inference/experiments/Synthetic/base
2026-05-02 12:16:26 | INFO | Using loss mask artifact: /orcd/home/002/phevosp/MPLE-Causal-Inference/experiments/Synthetic/base/cv_runs/alternating_uv_grid/candidates/alternating_uv_grid_candidate_0002/fold_1/loss_mask.npy
2026-05-02 12:16:26 | INFO | Configured optimizer mode: alternating_latent_rank
2026-05-02 12:16:26 | INFO | Configured latent rank: 3
2026-05-02 12:16:26 | INFO | Using a fixed known graph with scalar xi.
2026-05-02 12:16:26 | INFO | Fit-time hard bounds active: False
2026-05-02 12:16:26 | INFO | Fixed scalar parameters: {}
2026-05-02 12:16:26 | INFO | Warm-start fixed scalars: {} for 0 steps
2026-05-02 12:16:26 | INFO | Beta mask before s: False with s=0
2026-05-02 12:16:26 | INFO | Beta mask after e: False with e=11
2026-05-02 12:16:26 | INFO | Alternating V-column L2-ball constraint active with radius 1.0
2026-05-02 12:16:26 | INFO | Optimizer settings: steps=2000, tol=1e-07, n_starts=1, seed=0, lambda_nuclear=0.0, lambda_frobenius=0.0, lambda_uv_ridge=0.005, v_column_l2_max=1.0, proximal_lr=1.0
2026-05-02 12:16:26 | INFO | Alternating low-rank start 1/1 | seed=0 | initial_loss=0.839135 | initial_penalized=0.839136
2026-05-02 12:16:26 | INFO | Alternating low-rank iter 0 | Loss: 0.588163 | Penalized: 0.588689
2026-05-02 12:16:27 | INFO | Alternating low-rank iter 100 | Loss: 0.522999 | Penalized: 0.529339
2026-05-02 12:16:28 | INFO | Alternating low-rank iter 200 | Loss: 0.521787 | Penalized: 0.528340
2026-05-02 12:16:28 | INFO | Alternating low-rank iter 300 | Loss: 0.521615 | Penalized: 0.528196
2026-05-02 12:16:29 | INFO | Alternating low-rank iter 400 | Loss: 0.521591 | Penalized: 0.528168
2026-05-02 12:16:30 | INFO | Alternating low-rank iter 500 | Loss: 0.521585 | Penalized: 0.528154
2026-05-02 12:16:31 | INFO | Alternating low-rank iter 600 | Loss: 0.521571 | Penalized: 0.528134
2026-05-02 12:16:32 | INFO | Alternating low-rank iter 700 | Loss: 0.521540 | Penalized: 0.528105
2026-05-02 12:16:33 | INFO | Alternating low-rank iter 800 | Loss: 0.521524 | Penalized: 0.528087
2026-05-02 12:16:33 | INFO | Done fitting.
2026-05-02 12:16:33 | INFO | Optimizer status: CONVERGED: alternating objective tolerance reached
2026-05-02 12:16:33 | INFO | Best optimizer start: 1 / 1
2026-05-02 12:16:33 | INFO | Final Loss: 0.521524
2026-05-02 12:16:33 | INFO | Estimated vs True Parameters:
2026-05-02 12:16:33 | INFO |   beta: -0.3480 (True: -0.3000) | SQE: 0.002305
2026-05-02 12:16:33 | INFO |   xi: 0.9392 (True: 0.8000) | SQE: 0.019385
2026-05-02 12:16:33 | INFO |   eta: 0.3036 (True: 0.3000) | SQE: 0.000013
2026-05-02 12:16:33 | INFO | Alternating low-rank optimizer diagnostics:
2026-05-02 12:16:33 | INFO |   penalized_objective: 0.528086
2026-05-02 12:16:33 | INFO |   mple_loss_without_penalty: 0.521524
2026-05-02 12:16:33 | INFO |   lambda_uv_ridge: 0.005000
2026-05-02 12:16:33 | INFO |   u_frobenius_norm: 150.492217
2026-05-02 12:16:33 | INFO |   v_frobenius_norm: 1.732051
2026-05-02 12:16:33 | INFO |   effective_rank: 3.000000
2026-05-02 12:16:33 | INFO | Field and interaction diagnostics:
2026-05-02 12:16:33 | INFO |   field_rmse: 0.954022
2026-05-02 12:16:33 | INFO |   interaction_fro_error: 0.493256
2026-05-02 12:16:33 | INFO |   estimated_field_max_abs_entry: 13.644470
2026-05-02 12:16:33 | INFO |   estimated_field_rank: 3.000000
2026-05-02 12:16:33 | INFO |   true_field_max_abs_entry: 0.000000
2026-05-02 12:16:33 | INFO |   true_field_rank: 0.000000
2026-05-02 12:16:33 | INFO | Saved summary table to /orcd/home/002/phevosp/MPLE-Causal-Inference/experiments/Synthetic/base/cv_runs/alternating_uv_grid/candidates/alternating_uv_grid_candidate_0002/fold_1/mple_summary.csv
2026-05-02 12:16:33 | INFO | Log saved to /orcd/home/002/phevosp/MPLE-Causal-Inference/experiments/Synthetic/base/cv_runs/alternating_uv_grid/candidates/alternating_uv_grid_candidate_0002/fold_1/mple.log
