2026-06-09 22:20:04 | INFO | Loading data...
2026-06-09 22:20:04 | INFO | Using panel artifact: /orcd/home/002/phevosp/MPLE-Causal-Inference/experiments/Hybrid/partial_confounding_2/panel_data.npz
2026-06-09 22:20:04 | INFO | Using x_0 artifact: /orcd/home/002/phevosp/MPLE-Causal-Inference/experiments/Hybrid/partial_confounding_2/x_0.npy
2026-06-09 22:20:04 | INFO | Using fit config: /orcd/home/002/phevosp/MPLE-Causal-Inference/experiments/Hybrid/partial_confounding_2/fits/alternating_rank_5_uv_1_e3_beta_mask/fit_realized_config.yaml
2026-06-09 22:20:04 | INFO | Using model artifact directory: /orcd/home/002/phevosp/MPLE-Causal-Inference/experiments/Hybrid/partial_confounding_2
2026-06-09 22:20:04 | INFO | Using truth artifact directory: /orcd/home/002/phevosp/MPLE-Causal-Inference/experiments/Hybrid/partial_confounding_2
2026-06-09 22:20:04 | INFO | Configured optimizer mode: alternating_latent_rank
2026-06-09 22:20:04 | INFO | Configured latent rank: 5
2026-06-09 22:20:04 | INFO | Using a fixed known graph with scalar xi.
2026-06-09 22:20:04 | INFO | Fit-time hard bounds active: False
2026-06-09 22:20:04 | INFO | Fixed scalar parameters: {}
2026-06-09 22:20:04 | INFO | Warm-start fixed scalars: {} for 0 steps
2026-06-09 22:20:04 | INFO | Beta-gradient mask before s: True with s=50
2026-06-09 22:20:04 | INFO | Beta-gradient mask after e: True with e=115
2026-06-09 22:20:04 | INFO | Alternating V-column L2-ball constraint active with radius 1.0
2026-06-09 22:20:04 | INFO | Optimizer settings: steps=20000, tol=1e-09, n_starts=1, seed=0, lambda_nuclear=0.0, lambda_frobenius=0.0, lambda_uv_ridge=0.001, v_column_l2_max=1.0, proximal_lr=1.0
2026-06-09 22:20:04 | INFO | Alternating low-rank start 1/1 | seed=0 | initial_loss=0.781877 | initial_penalized=0.781877
2026-06-09 22:20:04 | INFO | Alternating low-rank iter 0 | Loss: 0.582803 | Penalized: 0.582899
2026-06-09 22:20:15 | INFO | Done fitting.
2026-06-09 22:20:15 | INFO | Optimizer status: CONVERGED: alternating objective tolerance reached
2026-06-09 22:20:15 | INFO | Best optimizer start: 1 / 1
2026-06-09 22:20:15 | INFO | Final Loss: 0.549018
2026-06-09 22:20:15 | INFO | Estimated vs True Parameters:
2026-06-09 22:20:15 | INFO |   beta: -0.3047 (True: -0.3000) | SQE: 0.000022
2026-06-09 22:20:15 | INFO |   xi: 0.8288 (True: 0.8000) | SQE: 0.000830
2026-06-09 22:20:15 | INFO |   eta: 0.3056 (True: 0.3000) | SQE: 0.000031
2026-06-09 22:20:15 | INFO | Alternating low-rank optimizer diagnostics:
2026-06-09 22:20:15 | INFO |   penalized_objective: 0.549270
2026-06-09 22:20:15 | INFO |   mple_loss_without_penalty: 0.549018
2026-06-09 22:20:15 | INFO |   lambda_uv_ridge: 0.001000
2026-06-09 22:20:15 | INFO |   u_frobenius_norm: 295.722456
2026-06-09 22:20:15 | INFO |   v_frobenius_norm: 2.236068
2026-06-09 22:20:15 | INFO |   effective_rank: 5.000000
2026-06-09 22:20:15 | INFO | Field and interaction diagnostics:
2026-06-09 22:20:15 | INFO |   field_rmse: 0.274139
2026-06-09 22:20:15 | INFO |   interaction_fro_error: 0.318791
2026-06-09 22:20:15 | INFO |   estimated_field_max_abs_entry: 5.602109
2026-06-09 22:20:15 | INFO |   estimated_field_rank: 5.000000
2026-06-09 22:20:15 | INFO |   true_field_max_abs_entry: 3.363760
2026-06-09 22:20:15 | INFO |   true_field_rank: 5.000000
2026-06-09 22:20:15 | INFO | Saved summary table to /orcd/home/002/phevosp/MPLE-Causal-Inference/experiments/Hybrid/partial_confounding_2/fits/alternating_rank_5_uv_1_e3_beta_mask/mple_summary.csv
2026-06-09 22:20:15 | INFO | Log saved to /orcd/home/002/phevosp/MPLE-Causal-Inference/experiments/Hybrid/partial_confounding_2/fits/alternating_rank_5_uv_1_e3_beta_mask/mple.log
