2026-07-26 05:48:12 | INFO | Loading data...
2026-07-26 05:48:12 | INFO | Using panel artifact: /orcd/home/002/phevosp/MPLE-Causal-Inference/experiments/Synthetic/confounding_strong/panel_data.npz
2026-07-26 05:48:12 | INFO | Using x_0 artifact: /orcd/home/002/phevosp/MPLE-Causal-Inference/experiments/Synthetic/confounding_strong/x_0.npy
2026-07-26 05:48:12 | INFO | Using fit config: /orcd/home/002/phevosp/MPLE-Causal-Inference/experiments/Synthetic/confounding_strong/cv_runs_baselines/treatment_split/candidates/treatment_split_candidate_0007/fold_1/fit_realized_config.yaml
2026-07-26 05:48:12 | INFO | Using model artifact directory: /orcd/home/002/phevosp/MPLE-Causal-Inference/experiments/Synthetic/confounding_strong
2026-07-26 05:48:12 | INFO | Using truth artifact directory: /orcd/home/002/phevosp/MPLE-Causal-Inference/experiments/Synthetic/confounding_strong
2026-07-26 05:48:12 | INFO | Using loss mask artifact: /orcd/home/002/phevosp/MPLE-Causal-Inference/experiments/Synthetic/confounding_strong/cv_runs_baselines/treatment_split/candidates/treatment_split_candidate_0007/fold_1/loss_mask.npy
2026-07-26 05:48:12 | INFO | Configured optimizer mode: alternating_treatment_split_latent_rank
2026-07-26 05:48:12 | INFO | Configured latent rank: 3
2026-07-26 05:48:12 | INFO | Using a fixed known graph with scalar xi.
2026-07-26 05:48:12 | INFO | Fit-time hard bounds active: False
2026-07-26 05:48:12 | INFO | Fixed scalar parameters: {'beta': 0.0, 'xi': 0.0, 'eta': 0.0}
2026-07-26 05:48:12 | INFO | Warm-start fixed scalars: {} for 0 steps
2026-07-26 05:48:12 | INFO | Beta-gradient mask before s: False with s=0
2026-07-26 05:48:12 | INFO | Beta-gradient mask after e: False with e=11
2026-07-26 05:48:12 | INFO | Alternating V-column L2-ball constraint active with radius 1.0
2026-07-26 05:48:12 | INFO | Optimizer settings: steps=2000, tol=1e-07, n_starts=1, seed=0, lambda_nuclear=0.0, lambda_frobenius=0.0, lambda_uv_ridge=0.001, v_column_l2_max=1.0, proximal_lr=1.0
2026-07-26 05:48:12 | INFO | Treatment-split alternating low-rank start 1/1 | seed=0 | initial_loss=0.693277 | initial_penalized=0.693278
2026-07-26 05:48:12 | INFO | Treatment-split alternating low-rank iter 0 | Loss: 0.678756 | Penalized: 0.678760
2026-07-26 05:48:15 | INFO | Treatment-split alternating low-rank iter 100 | Loss: 0.420193 | Penalized: 0.432610
2026-07-26 05:48:18 | INFO | Treatment-split alternating low-rank iter 200 | Loss: 0.417122 | Penalized: 0.431249
2026-07-26 05:48:22 | INFO | Treatment-split alternating low-rank iter 300 | Loss: 0.415793 | Penalized: 0.430317
2026-07-26 05:48:26 | INFO | Treatment-split alternating low-rank iter 400 | Loss: 0.415117 | Penalized: 0.429782
2026-07-26 05:48:29 | INFO | Done fitting.
2026-07-26 05:48:29 | INFO | Optimizer status: CONVERGED: alternating treatment objective tolerance reached
2026-07-26 05:48:29 | INFO | Best optimizer start: 1 / 1
2026-07-26 05:48:29 | INFO | Final Loss: 0.414524
2026-07-26 05:48:29 | INFO | Estimated vs True Parameters:
2026-07-26 05:48:29 | INFO |   beta: 0.0000 (True: -0.3000) | SQE: 0.090000
2026-07-26 05:48:29 | INFO |   xi: 0.0000 (True: 0.8000) | SQE: 0.640000
2026-07-26 05:48:29 | INFO |   eta: 0.0000 (True: 0.3000) | SQE: 0.090000
2026-07-26 05:48:29 | INFO | Treatment-split alternating low-rank optimizer diagnostics:
2026-07-26 05:48:29 | INFO |   penalized_objective: 0.429278
2026-07-26 05:48:29 | INFO |   mple_loss_without_penalty: 0.414524
2026-07-26 05:48:29 | INFO |   lambda_uv_ridge: 0.001000
2026-07-26 05:48:29 | INFO |   u_frobenius_norm: 2.449490
2026-07-26 05:48:29 | INFO |   v_frobenius_norm: 471.426172
2026-07-26 05:48:29 | INFO |   effective_rank: 50.000000
2026-07-26 05:48:29 | INFO | Field and interaction diagnostics:
2026-07-26 05:48:29 | INFO |   field_rmse: 1.828595
2026-07-26 05:48:29 | INFO |   interaction_fro_error: 2.834194
2026-07-26 05:48:29 | INFO |   estimated_field_max_abs_entry: 16.849193
2026-07-26 05:48:29 | INFO |   estimated_field_rank: 50.000000
2026-07-26 05:48:29 | INFO |   true_field_max_abs_entry: 4.447602
2026-07-26 05:48:29 | INFO |   true_field_rank: 3.000000
2026-07-26 05:48:29 | INFO | Saved summary table to /orcd/home/002/phevosp/MPLE-Causal-Inference/experiments/Synthetic/confounding_strong/cv_runs_baselines/treatment_split/candidates/treatment_split_candidate_0007/fold_1/mple_summary.csv
2026-07-26 05:48:29 | INFO | Log saved to /orcd/home/002/phevosp/MPLE-Causal-Inference/experiments/Synthetic/confounding_strong/cv_runs_baselines/treatment_split/candidates/treatment_split_candidate_0007/fold_1/mple.log
