2026-05-01 18:45:25 | INFO | Loading data...
2026-05-01 18:45:25 | INFO | Using panel artifact: /orcd/home/002/phevosp/MPLE-Causal-Inference/experiments/SyntheticHybridExperiments/r5_c1_hybrid_us_county_intervention_uscounty_graph_contiguous_confounding/panel_data.npz
2026-05-01 18:45:25 | INFO | Using x_0 artifact: /orcd/home/002/phevosp/MPLE-Causal-Inference/experiments/SyntheticHybridExperiments/r5_c1_hybrid_us_county_intervention_uscounty_graph_contiguous_confounding/x_0.npy
2026-05-01 18:45:25 | INFO | Using fit config: /orcd/home/002/phevosp/MPLE-Causal-Inference/experiments/SyntheticHybridExperiments/r5_c1_hybrid_us_county_intervention_uscounty_graph_contiguous_confounding/cv_runs/alternating_uv_grid/candidates/alternating_uv_grid_candidate_0001/fold_6/fit_realized_config.yaml
2026-05-01 18:45:25 | INFO | Using model artifact directory: /orcd/home/002/phevosp/MPLE-Causal-Inference/experiments/SyntheticHybridExperiments/r5_c1_hybrid_us_county_intervention_uscounty_graph_contiguous_confounding
2026-05-01 18:45:25 | INFO | Using truth artifact directory: /orcd/home/002/phevosp/MPLE-Causal-Inference/experiments/SyntheticHybridExperiments/r5_c1_hybrid_us_county_intervention_uscounty_graph_contiguous_confounding
2026-05-01 18:45:25 | INFO | Using loss mask artifact: /orcd/home/002/phevosp/MPLE-Causal-Inference/experiments/SyntheticHybridExperiments/r5_c1_hybrid_us_county_intervention_uscounty_graph_contiguous_confounding/cv_runs/alternating_uv_grid/candidates/alternating_uv_grid_candidate_0001/fold_6/loss_mask.npy
2026-05-01 18:45:25 | INFO | Configured optimizer mode: alternating_latent_rank
2026-05-01 18:45:25 | INFO | Configured latent rank: 5
2026-05-01 18:45:25 | INFO | Using a fixed known graph with scalar xi.
2026-05-01 18:45:25 | INFO | Fit-time hard bounds active: False
2026-05-01 18:45:25 | INFO | Fixed scalar parameters: {}
2026-05-01 18:45:25 | INFO | Warm-start fixed scalars: {} for 0 steps
2026-05-01 18:45:25 | INFO | Beta mask before s: True with s=55
2026-05-01 18:45:25 | INFO | Beta mask after e: True with e=120
2026-05-01 18:45:25 | INFO | Alternating V-column L2-ball constraint active with radius 1.0
2026-05-01 18:45:25 | INFO | Optimizer settings: steps=2000, tol=1e-07, n_starts=1, seed=0, lambda_nuclear=0.0, lambda_frobenius=0.0, lambda_uv_ridge=0.0005, v_column_l2_max=1.0, proximal_lr=1.0
2026-05-01 18:45:25 | INFO | Alternating low-rank start 1/1 | seed=0 | initial_loss=0.697866 | initial_penalized=0.697866
2026-05-01 18:45:25 | INFO | Alternating low-rank iter 0 | Loss: 0.594251 | Penalized: 0.594281
2026-05-01 18:45:38 | INFO | Alternating low-rank iter 100 | Loss: 0.545304 | Penalized: 0.545706
2026-05-01 18:45:52 | INFO | Alternating low-rank iter 200 | Loss: 0.544622 | Penalized: 0.545197
2026-05-01 18:46:05 | INFO | Alternating low-rank iter 300 | Loss: 0.544438 | Penalized: 0.545109
2026-05-01 18:46:19 | INFO | Alternating low-rank iter 400 | Loss: 0.544343 | Penalized: 0.545076
2026-05-01 18:46:32 | INFO | Alternating low-rank iter 500 | Loss: 0.544286 | Penalized: 0.545060
2026-05-01 18:46:37 | INFO | Done fitting.
2026-05-01 18:46:37 | INFO | Optimizer status: CONVERGED: alternating objective tolerance reached
2026-05-01 18:46:37 | INFO | Best optimizer start: 1 / 1
2026-05-01 18:46:37 | INFO | Final Loss: 0.544272
2026-05-01 18:46:37 | INFO | Estimated vs True Parameters:
2026-05-01 18:46:37 | INFO |   beta: -0.0819 (True: -0.3000) | SQE: 0.047579
2026-05-01 18:46:37 | INFO |   xi: 0.9289 (True: 0.8000) | SQE: 0.016628
2026-05-01 18:46:37 | INFO |   eta: 0.3132 (True: 0.3000) | SQE: 0.000174
2026-05-01 18:46:37 | INFO | Alternating low-rank optimizer diagnostics:
2026-05-01 18:46:37 | INFO |   penalized_objective: 0.545056
2026-05-01 18:46:37 | INFO |   mple_loss_without_penalty: 0.544272
2026-05-01 18:46:37 | INFO |   lambda_uv_ridge: 0.000500
2026-05-01 18:46:37 | INFO |   u_frobenius_norm: 705.039236
2026-05-01 18:46:37 | INFO |   v_frobenius_norm: 2.236068
2026-05-01 18:46:37 | INFO |   effective_rank: 5.000000
2026-05-01 18:46:37 | INFO | Field and interaction diagnostics:
2026-05-01 18:46:37 | INFO |   field_rmse: 1.322399
2026-05-01 18:46:37 | INFO |   interaction_fro_error: 1.219417
2026-05-01 18:46:37 | INFO |   estimated_field_max_abs_entry: 48.983484
2026-05-01 18:46:37 | INFO |   estimated_field_rank: 5.000000
2026-05-01 18:46:37 | INFO |   true_field_max_abs_entry: 2.906201
2026-05-01 18:46:37 | INFO |   true_field_rank: 5.000000
2026-05-01 18:46:37 | INFO | Saved summary table to /orcd/home/002/phevosp/MPLE-Causal-Inference/experiments/SyntheticHybridExperiments/r5_c1_hybrid_us_county_intervention_uscounty_graph_contiguous_confounding/cv_runs/alternating_uv_grid/candidates/alternating_uv_grid_candidate_0001/fold_6/mple_summary.csv
2026-05-01 18:46:37 | INFO | Log saved to /orcd/home/002/phevosp/MPLE-Causal-Inference/experiments/SyntheticHybridExperiments/r5_c1_hybrid_us_county_intervention_uscounty_graph_contiguous_confounding/cv_runs/alternating_uv_grid/candidates/alternating_uv_grid_candidate_0001/fold_6/mple.log
