2026-04-27 12:24:33 | INFO | Loading data...
2026-04-27 12:24:33 | INFO | Using panel artifact: /orcd/home/002/phevosp/MPLE-Causal-Inference/experiments/SyntheticHybridExperiments/hybrid_us_county_intervention_uscounty_graph_rank_20/panel_data.npz
2026-04-27 12:24:33 | INFO | Using x_0 artifact: /orcd/home/002/phevosp/MPLE-Causal-Inference/experiments/SyntheticHybridExperiments/hybrid_us_county_intervention_uscounty_graph_rank_20/x_0.npy
2026-04-27 12:24:33 | INFO | Using fit config: /orcd/home/002/phevosp/MPLE-Causal-Inference/experiments/SyntheticHybridExperiments/hybrid_us_county_intervention_uscounty_graph_rank_20/fits/alternating_rank_2_ws_xi_zero/fit_realized_config.yaml
2026-04-27 12:24:33 | INFO | Using model artifact directory: /orcd/home/002/phevosp/MPLE-Causal-Inference/experiments/SyntheticHybridExperiments/hybrid_us_county_intervention_uscounty_graph_rank_20
2026-04-27 12:24:33 | INFO | Using truth artifact directory: /orcd/home/002/phevosp/MPLE-Causal-Inference/experiments/SyntheticHybridExperiments/hybrid_us_county_intervention_uscounty_graph_rank_20
2026-04-27 12:24:33 | INFO | Configured optimizer mode: alternating_latent_rank
2026-04-27 12:24:33 | INFO | Configured latent rank: 2
2026-04-27 12:24:33 | INFO | Using a fixed known graph with scalar xi.
2026-04-27 12:24:33 | INFO | Fit-time hard bounds active: False
2026-04-27 12:24:33 | INFO | Fixed scalar parameters: {}
2026-04-27 12:24:33 | INFO | Warm-start fixed scalars: {'xi': 0.0} for 5000 steps
2026-04-27 12:24:33 | INFO | Beta mask before s: False with s=55
2026-04-27 12:24:33 | INFO | Beta mask after e: False with e=120
2026-04-27 12:24:33 | INFO | Optimizer settings: steps=20000, tol=1e-09, n_starts=1, seed=0, lambda_nuclear=0.0, lambda_frobenius=0.0, lambda_uv_ridge=10.0, proximal_lr=1.0
2026-04-27 12:24:33 | INFO | Alternating low-rank start 1/1 | seed=0 | initial_loss=0.683579 | initial_penalized=0.685303
2026-04-27 12:24:33 | INFO | Alternating low-rank iter 0 | Loss: 0.474324 | Penalized: 0.488425
2026-04-27 12:24:45 | INFO | Alternating low-rank iter 100 | Loss: 0.465249 | Penalized: 0.483496
2026-04-27 12:24:57 | INFO | Alternating low-rank iter 200 | Loss: 0.465155 | Penalized: 0.483432
2026-04-27 12:25:09 | INFO | Alternating low-rank iter 300 | Loss: 0.465121 | Penalized: 0.483412
2026-04-27 12:25:21 | INFO | Alternating low-rank iter 400 | Loss: 0.465112 | Penalized: 0.483408
2026-04-27 12:25:32 | INFO | Alternating low-rank iter 500 | Loss: 0.465110 | Penalized: 0.483407
2026-04-27 12:25:44 | INFO | Alternating low-rank start 1/1 | seed=0 | initial_loss=0.465109 | initial_penalized=0.483407
2026-04-27 12:25:44 | INFO | Alternating low-rank iter 0 | Loss: 0.464991 | Penalized: 0.483298
2026-04-27 12:25:54 | INFO | Alternating low-rank iter 100 | Loss: 0.460905 | Penalized: 0.479106
2026-04-27 12:26:04 | INFO | Alternating low-rank iter 200 | Loss: 0.460425 | Penalized: 0.478662
2026-04-27 12:26:14 | INFO | Alternating low-rank iter 300 | Loss: 0.460355 | Penalized: 0.478614
2026-04-27 12:26:24 | INFO | Alternating low-rank iter 400 | Loss: 0.460341 | Penalized: 0.478608
2026-04-27 12:26:33 | INFO | Alternating low-rank iter 500 | Loss: 0.460338 | Penalized: 0.478607
2026-04-27 12:26:42 | INFO | Done fitting.
2026-04-27 12:26:42 | INFO | Optimizer status: CONVERGED: alternating objective tolerance reached
2026-04-27 12:26:42 | INFO | Best optimizer start: 1 / 1
2026-04-27 12:26:42 | INFO | Final Loss: 0.460337
2026-04-27 12:26:42 | INFO | Estimated vs True Parameters:
2026-04-27 12:26:42 | INFO |   beta: -0.2850 (True: -0.3000) | SQE: 0.000225
2026-04-27 12:26:42 | INFO |   xi: 0.7859 (True: 0.8000) | SQE: 0.000200
2026-04-27 12:26:42 | INFO |   eta: 0.3126 (True: 0.3000) | SQE: 0.000159
2026-04-27 12:26:42 | INFO | Alternating low-rank optimizer diagnostics:
2026-04-27 12:26:42 | INFO |   penalized_objective: 0.478607
2026-04-27 12:26:42 | INFO |   mple_loss_without_penalty: 0.460337
2026-04-27 12:26:42 | INFO |   lambda_uv_ridge: 10.000000
2026-04-27 12:26:42 | INFO |   u_frobenius_norm: 18.161634
2026-04-27 12:26:42 | INFO |   v_frobenius_norm: 18.161632
2026-04-27 12:26:42 | INFO |   effective_rank: 2.000000
2026-04-27 12:26:42 | INFO | Field and interaction diagnostics:
2026-04-27 12:26:42 | INFO |   field_rmse: 0.160766
2026-04-27 12:26:42 | INFO |   interaction_fro_error: 0.133624
2026-04-27 12:26:42 | INFO |   estimated_field_max_abs_entry: 1.623262
2026-04-27 12:26:42 | INFO |   estimated_field_rank: 2.000000
2026-04-27 12:26:42 | INFO |   true_field_max_abs_entry: 2.000000
2026-04-27 12:26:42 | INFO |   true_field_rank: 20.000000
2026-04-27 12:26:42 | INFO | Saved summary table to /orcd/home/002/phevosp/MPLE-Causal-Inference/experiments/SyntheticHybridExperiments/hybrid_us_county_intervention_uscounty_graph_rank_20/fits/alternating_rank_2_ws_xi_zero/mple_summary.csv
2026-04-27 12:26:42 | INFO | Log saved to /orcd/home/002/phevosp/MPLE-Causal-Inference/experiments/SyntheticHybridExperiments/hybrid_us_county_intervention_uscounty_graph_rank_20/fits/alternating_rank_2_ws_xi_zero/mple.log
