2026-05-02 12:16:08 | INFO | Loading data...
2026-05-02 12:16:08 | INFO | Using panel artifact: /orcd/home/002/phevosp/MPLE-Causal-Inference/experiments/Synthetic/confounding_strong/panel_data.npz
2026-05-02 12:16:08 | INFO | Using x_0 artifact: /orcd/home/002/phevosp/MPLE-Causal-Inference/experiments/Synthetic/confounding_strong/x_0.npy
2026-05-02 12:16:08 | INFO | Using fit config: /orcd/home/002/phevosp/MPLE-Causal-Inference/experiments/Synthetic/confounding_strong/cv_runs/alternating_uv_grid/candidates/alternating_uv_grid_candidate_0002/fold_7/fit_realized_config.yaml
2026-05-02 12:16:08 | INFO | Using model artifact directory: /orcd/home/002/phevosp/MPLE-Causal-Inference/experiments/Synthetic/confounding_strong
2026-05-02 12:16:08 | INFO | Using truth artifact directory: /orcd/home/002/phevosp/MPLE-Causal-Inference/experiments/Synthetic/confounding_strong
2026-05-02 12:16:08 | INFO | Using loss mask artifact: /orcd/home/002/phevosp/MPLE-Causal-Inference/experiments/Synthetic/confounding_strong/cv_runs/alternating_uv_grid/candidates/alternating_uv_grid_candidate_0002/fold_7/loss_mask.npy
2026-05-02 12:16:08 | INFO | Configured optimizer mode: alternating_latent_rank
2026-05-02 12:16:08 | INFO | Configured latent rank: 3
2026-05-02 12:16:08 | INFO | Using a fixed known graph with scalar xi.
2026-05-02 12:16:08 | INFO | Fit-time hard bounds active: False
2026-05-02 12:16:08 | INFO | Fixed scalar parameters: {}
2026-05-02 12:16:08 | INFO | Warm-start fixed scalars: {} for 0 steps
2026-05-02 12:16:08 | INFO | Beta mask before s: False with s=0
2026-05-02 12:16:08 | INFO | Beta mask after e: False with e=11
2026-05-02 12:16:08 | INFO | Alternating V-column L2-ball constraint active with radius 1.0
2026-05-02 12:16:08 | INFO | Optimizer settings: steps=2000, tol=1e-07, n_starts=1, seed=0, lambda_nuclear=0.0, lambda_frobenius=0.0, lambda_uv_ridge=0.005, v_column_l2_max=1.0, proximal_lr=1.0
2026-05-02 12:16:08 | INFO | Alternating low-rank start 1/1 | seed=0 | initial_loss=0.812206 | initial_penalized=0.812207
2026-05-02 12:16:08 | INFO | Alternating low-rank iter 0 | Loss: 0.573604 | Penalized: 0.574380
2026-05-02 12:16:08 | INFO | Alternating low-rank iter 100 | Loss: 0.470577 | Penalized: 0.477404
2026-05-02 12:16:09 | INFO | Alternating low-rank iter 200 | Loss: 0.469671 | Penalized: 0.476526
2026-05-02 12:16:10 | INFO | Alternating low-rank iter 300 | Loss: 0.469448 | Penalized: 0.476323
2026-05-02 12:16:11 | INFO | Alternating low-rank iter 400 | Loss: 0.469388 | Penalized: 0.476273
2026-05-02 12:16:11 | INFO | Done fitting.
2026-05-02 12:16:11 | INFO | Optimizer status: CONVERGED: alternating objective tolerance reached
2026-05-02 12:16:11 | INFO | Best optimizer start: 1 / 1
2026-05-02 12:16:11 | INFO | Final Loss: 0.469370
2026-05-02 12:16:11 | INFO | Estimated vs True Parameters:
2026-05-02 12:16:11 | INFO |   beta: -0.3248 (True: -0.3000) | SQE: 0.000613
2026-05-02 12:16:11 | INFO |   xi: 0.8348 (True: 0.8000) | SQE: 0.001208
2026-05-02 12:16:11 | INFO |   eta: 0.3364 (True: 0.3000) | SQE: 0.001325
2026-05-02 12:16:11 | INFO | Alternating low-rank optimizer diagnostics:
2026-05-02 12:16:11 | INFO |   penalized_objective: 0.476260
2026-05-02 12:16:11 | INFO |   mple_loss_without_penalty: 0.469370
2026-05-02 12:16:11 | INFO |   lambda_uv_ridge: 0.005000
2026-05-02 12:16:11 | INFO |   u_frobenius_norm: 154.176464
2026-05-02 12:16:11 | INFO |   v_frobenius_norm: 1.732051
2026-05-02 12:16:11 | INFO |   effective_rank: 3.000000
2026-05-02 12:16:11 | INFO | Field and interaction diagnostics:
2026-05-02 12:16:11 | INFO |   field_rmse: 0.551107
2026-05-02 12:16:11 | INFO |   interaction_fro_error: 0.123118
2026-05-02 12:16:11 | INFO |   estimated_field_max_abs_entry: 7.692477
2026-05-02 12:16:11 | INFO |   estimated_field_rank: 3.000000
2026-05-02 12:16:11 | INFO |   true_field_max_abs_entry: 4.447602
2026-05-02 12:16:11 | INFO |   true_field_rank: 3.000000
2026-05-02 12:16:11 | INFO | Saved summary table to /orcd/home/002/phevosp/MPLE-Causal-Inference/experiments/Synthetic/confounding_strong/cv_runs/alternating_uv_grid/candidates/alternating_uv_grid_candidate_0002/fold_7/mple_summary.csv
2026-05-02 12:16:11 | INFO | Log saved to /orcd/home/002/phevosp/MPLE-Causal-Inference/experiments/Synthetic/confounding_strong/cv_runs/alternating_uv_grid/candidates/alternating_uv_grid_candidate_0002/fold_7/mple.log
