2026-05-01 08:42:07 | INFO | Loading data...
2026-05-01 08:42:07 | INFO | Using panel artifact: /orcd/home/002/phevosp/MPLE-Causal-Inference/experiments/SyntheticHybridExperiments/spectral_low_rank/panel_data.npz
2026-05-01 08:42:07 | INFO | Using x_0 artifact: /orcd/home/002/phevosp/MPLE-Causal-Inference/experiments/SyntheticHybridExperiments/spectral_low_rank/x_0.npy
2026-05-01 08:42:07 | INFO | Using fit config: /orcd/home/002/phevosp/MPLE-Causal-Inference/experiments/SyntheticHybridExperiments/spectral_low_rank/cv_runs/alternating_uv_grid/candidates/alternating_uv_grid_candidate_0006/fold_7/fit_realized_config.yaml
2026-05-01 08:42:07 | INFO | Using model artifact directory: /orcd/home/002/phevosp/MPLE-Causal-Inference/experiments/SyntheticHybridExperiments/spectral_low_rank
2026-05-01 08:42:07 | INFO | Using truth artifact directory: /orcd/home/002/phevosp/MPLE-Causal-Inference/experiments/SyntheticHybridExperiments/spectral_low_rank
2026-05-01 08:42:07 | INFO | Using loss mask artifact: /orcd/home/002/phevosp/MPLE-Causal-Inference/experiments/SyntheticHybridExperiments/spectral_low_rank/cv_runs/alternating_uv_grid/candidates/alternating_uv_grid_candidate_0006/fold_7/loss_mask.npy
2026-05-01 08:42:07 | INFO | Configured optimizer mode: alternating_latent_rank
2026-05-01 08:42:07 | INFO | Configured latent rank: 3
2026-05-01 08:42:07 | INFO | Using a fixed known graph with scalar xi.
2026-05-01 08:42:07 | INFO | Fit-time hard bounds active: False
2026-05-01 08:42:07 | INFO | Fixed scalar parameters: {}
2026-05-01 08:42:07 | INFO | Warm-start fixed scalars: {} for 0 steps
2026-05-01 08:42:07 | INFO | Beta mask before s: False with s=0
2026-05-01 08:42:07 | INFO | Beta mask after e: False with e=11
2026-05-01 08:42:07 | INFO | Alternating V-column L2-ball constraint active with radius 1.0
2026-05-01 08:42:07 | INFO | Optimizer settings: steps=2000, tol=1e-07, n_starts=1, seed=0, lambda_nuclear=0.0, lambda_frobenius=0.0, lambda_uv_ridge=0.5, v_column_l2_max=1.0, proximal_lr=1.0
2026-05-01 08:42:07 | INFO | Alternating low-rank start 1/1 | seed=0 | initial_loss=0.829773 | initial_penalized=0.830544
2026-05-01 08:42:07 | INFO | Alternating low-rank iter 0 | Loss: 0.713733 | Penalized: 0.738874
2026-05-01 08:42:08 | INFO | Alternating low-rank iter 100 | Loss: 0.555243 | Penalized: 0.586717
2026-05-01 08:42:09 | INFO | Alternating low-rank iter 200 | Loss: 0.554374 | Penalized: 0.585776
2026-05-01 08:42:09 | INFO | Alternating low-rank iter 300 | Loss: 0.553696 | Penalized: 0.585039
2026-05-01 08:42:10 | INFO | Alternating low-rank iter 400 | Loss: 0.553163 | Penalized: 0.584461
2026-05-01 08:42:11 | INFO | Alternating low-rank iter 500 | Loss: 0.552744 | Penalized: 0.584008
2026-05-01 08:42:11 | INFO | Alternating low-rank iter 600 | Loss: 0.552415 | Penalized: 0.583652
2026-05-01 08:42:12 | INFO | Alternating low-rank iter 700 | Loss: 0.552155 | Penalized: 0.583372
2026-05-01 08:42:13 | INFO | Alternating low-rank iter 800 | Loss: 0.551950 | Penalized: 0.583153
2026-05-01 08:42:13 | INFO | Alternating low-rank iter 900 | Loss: 0.551789 | Penalized: 0.582980
2026-05-01 08:42:14 | INFO | Alternating low-rank iter 1000 | Loss: 0.551661 | Penalized: 0.582845
2026-05-01 08:42:14 | INFO | Alternating low-rank iter 1100 | Loss: 0.551560 | Penalized: 0.582738
2026-05-01 08:42:15 | INFO | Alternating low-rank iter 1200 | Loss: 0.551480 | Penalized: 0.582654
2026-05-01 08:42:16 | INFO | Alternating low-rank iter 1300 | Loss: 0.551417 | Penalized: 0.582588
2026-05-01 08:42:16 | INFO | Alternating low-rank iter 1400 | Loss: 0.551367 | Penalized: 0.582536
2026-05-01 08:42:17 | INFO | Alternating low-rank iter 1500 | Loss: 0.551327 | Penalized: 0.582495
2026-05-01 08:42:18 | INFO | Alternating low-rank iter 1600 | Loss: 0.551295 | Penalized: 0.582462
2026-05-01 08:42:19 | INFO | Alternating low-rank iter 1700 | Loss: 0.551270 | Penalized: 0.582437
2026-05-01 08:42:19 | INFO | Alternating low-rank iter 1800 | Loss: 0.551250 | Penalized: 0.582417
2026-05-01 08:42:20 | INFO | Alternating low-rank iter 1900 | Loss: 0.551234 | Penalized: 0.582401
2026-05-01 08:42:20 | INFO | Done fitting.
2026-05-01 08:42:20 | INFO | Optimizer status: STOP: TOTAL NO. OF ITERATIONS REACHED LIMIT
2026-05-01 08:42:20 | INFO | Best optimizer start: 1 / 1
2026-05-01 08:42:20 | INFO | Final Loss: 0.551222
2026-05-01 08:42:20 | INFO | Estimated vs True Parameters:
2026-05-01 08:42:20 | INFO |   beta: -0.2941 (True: -0.3000) | SQE: 0.000035
2026-05-01 08:42:20 | INFO |   xi: 0.8343 (True: 0.8000) | SQE: 0.001177
2026-05-01 08:42:20 | INFO |   eta: 0.2822 (True: 0.3000) | SQE: 0.000316
2026-05-01 08:42:20 | INFO | Alternating low-rank optimizer diagnostics:
2026-05-01 08:42:20 | INFO |   penalized_objective: 0.582389
2026-05-01 08:42:20 | INFO |   mple_loss_without_penalty: 0.551222
2026-05-01 08:42:20 | INFO |   lambda_uv_ridge: 0.500000
2026-05-01 08:42:20 | INFO |   u_frobenius_norm: 13.481781
2026-05-01 08:42:20 | INFO |   v_frobenius_norm: 1.732051
2026-05-01 08:42:20 | INFO |   effective_rank: 3.000000
2026-05-01 08:42:20 | INFO | Field and interaction diagnostics:
2026-05-01 08:42:20 | INFO |   field_rmse: 0.390474
2026-05-01 08:42:20 | INFO |   interaction_fro_error: 0.090681
2026-05-01 08:42:20 | INFO |   estimated_field_max_abs_entry: 0.680108
2026-05-01 08:42:20 | INFO |   estimated_field_rank: 3.000000
2026-05-01 08:42:20 | INFO |   true_field_max_abs_entry: 2.857994
2026-05-01 08:42:20 | INFO |   true_field_rank: 3.000000
2026-05-01 08:42:21 | INFO | Saved summary table to /orcd/home/002/phevosp/MPLE-Causal-Inference/experiments/SyntheticHybridExperiments/spectral_low_rank/cv_runs/alternating_uv_grid/candidates/alternating_uv_grid_candidate_0006/fold_7/mple_summary.csv
2026-05-01 08:42:21 | INFO | Log saved to /orcd/home/002/phevosp/MPLE-Causal-Inference/experiments/SyntheticHybridExperiments/spectral_low_rank/cv_runs/alternating_uv_grid/candidates/alternating_uv_grid_candidate_0006/fold_7/mple.log
