2026-05-02 20:30:35 | INFO | Loading data...
2026-05-02 20:30:35 | INFO | Using panel artifact: /orcd/home/002/phevosp/MPLE-Causal-Inference/experiments/HybridExperiments_r5_c1_v2/r5_c1_hybrid_us_county_intervention_uscounty_graph_kernel_confounding/panel_data.npz
2026-05-02 20:30:35 | INFO | Using x_0 artifact: /orcd/home/002/phevosp/MPLE-Causal-Inference/experiments/HybridExperiments_r5_c1_v2/r5_c1_hybrid_us_county_intervention_uscounty_graph_kernel_confounding/x_0.npy
2026-05-02 20:30:35 | INFO | Using fit config: /orcd/home/002/phevosp/MPLE-Causal-Inference/experiments/HybridExperiments_r5_c1_v2/r5_c1_hybrid_us_county_intervention_uscounty_graph_kernel_confounding/cv_runs/alternating_uv_grid/candidates/alternating_uv_grid_candidate_0002/fold_3/fit_realized_config.yaml
2026-05-02 20:30:35 | INFO | Using model artifact directory: /orcd/home/002/phevosp/MPLE-Causal-Inference/experiments/HybridExperiments_r5_c1_v2/r5_c1_hybrid_us_county_intervention_uscounty_graph_kernel_confounding
2026-05-02 20:30:35 | INFO | Using truth artifact directory: /orcd/home/002/phevosp/MPLE-Causal-Inference/experiments/HybridExperiments_r5_c1_v2/r5_c1_hybrid_us_county_intervention_uscounty_graph_kernel_confounding
2026-05-02 20:30:35 | INFO | Using loss mask artifact: /orcd/home/002/phevosp/MPLE-Causal-Inference/experiments/HybridExperiments_r5_c1_v2/r5_c1_hybrid_us_county_intervention_uscounty_graph_kernel_confounding/cv_runs/alternating_uv_grid/candidates/alternating_uv_grid_candidate_0002/fold_3/loss_mask.npy
2026-05-02 20:30:35 | INFO | Configured optimizer mode: alternating_latent_rank
2026-05-02 20:30:35 | INFO | Configured latent rank: 5
2026-05-02 20:30:35 | INFO | Using a fixed known graph with scalar xi.
2026-05-02 20:30:35 | INFO | Fit-time hard bounds active: False
2026-05-02 20:30:35 | INFO | Fixed scalar parameters: {}
2026-05-02 20:30:35 | INFO | Warm-start fixed scalars: {} for 0 steps
2026-05-02 20:30:35 | INFO | Beta mask before s: True with s=50
2026-05-02 20:30:35 | INFO | Beta mask after e: True with e=115
2026-05-02 20:30:35 | INFO | Alternating V-column L2-ball constraint active with radius 1.0
2026-05-02 20:30:35 | INFO | Optimizer settings: steps=2000, tol=1e-07, n_starts=1, seed=0, lambda_nuclear=0.0, lambda_frobenius=0.0, lambda_uv_ridge=0.001, v_column_l2_max=1.0, proximal_lr=1.0
2026-05-02 20:30:35 | INFO | Alternating low-rank start 1/1 | seed=0 | initial_loss=0.773192 | initial_penalized=0.773192
2026-05-02 20:30:35 | INFO | Alternating low-rank iter 0 | Loss: 0.598229 | Penalized: 0.598294
2026-05-02 20:30:48 | INFO | Alternating low-rank iter 100 | Loss: 0.531736 | Penalized: 0.532477
2026-05-02 20:30:59 | INFO | Alternating low-rank iter 200 | Loss: 0.531340 | Penalized: 0.532252
2026-05-02 20:31:10 | INFO | Alternating low-rank iter 300 | Loss: 0.531235 | Penalized: 0.532218
2026-05-02 20:31:24 | INFO | Alternating low-rank iter 400 | Loss: 0.531185 | Penalized: 0.532204
2026-05-02 20:31:29 | INFO | Done fitting.
2026-05-02 20:31:29 | INFO | Optimizer status: CONVERGED: alternating objective tolerance reached
2026-05-02 20:31:29 | INFO | Best optimizer start: 1 / 1
2026-05-02 20:31:29 | INFO | Final Loss: 0.531175
2026-05-02 20:31:29 | INFO | Estimated vs True Parameters:
2026-05-02 20:31:29 | INFO |   beta: -0.0724 (True: -0.3000) | SQE: 0.051793
2026-05-02 20:31:29 | INFO |   xi: 0.9188 (True: 0.8000) | SQE: 0.014116
2026-05-02 20:31:29 | INFO |   eta: 0.3152 (True: 0.3000) | SQE: 0.000230
2026-05-02 20:31:29 | INFO | Alternating low-rank optimizer diagnostics:
2026-05-02 20:31:29 | INFO |   penalized_objective: 0.532201
2026-05-02 20:31:29 | INFO |   mple_loss_without_penalty: 0.531175
2026-05-02 20:31:29 | INFO |   lambda_uv_ridge: 0.001000
2026-05-02 20:31:29 | INFO |   u_frobenius_norm: 543.001586
2026-05-02 20:31:29 | INFO |   v_frobenius_norm: 2.236068
2026-05-02 20:31:29 | INFO |   effective_rank: 5.000000
2026-05-02 20:31:29 | INFO | Field and interaction diagnostics:
2026-05-02 20:31:29 | INFO |   field_rmse: 0.988335
2026-05-02 20:31:29 | INFO |   interaction_fro_error: 1.314538
2026-05-02 20:31:29 | INFO |   estimated_field_max_abs_entry: 47.959325
2026-05-02 20:31:29 | INFO |   estimated_field_rank: 5.000000
2026-05-02 20:31:29 | INFO |   true_field_max_abs_entry: 3.005890
2026-05-02 20:31:29 | INFO |   true_field_rank: 5.000000
2026-05-02 20:31:29 | INFO | Saved summary table to /orcd/home/002/phevosp/MPLE-Causal-Inference/experiments/HybridExperiments_r5_c1_v2/r5_c1_hybrid_us_county_intervention_uscounty_graph_kernel_confounding/cv_runs/alternating_uv_grid/candidates/alternating_uv_grid_candidate_0002/fold_3/mple_summary.csv
2026-05-02 20:31:29 | INFO | Log saved to /orcd/home/002/phevosp/MPLE-Causal-Inference/experiments/HybridExperiments_r5_c1_v2/r5_c1_hybrid_us_county_intervention_uscounty_graph_kernel_confounding/cv_runs/alternating_uv_grid/candidates/alternating_uv_grid_candidate_0002/fold_3/mple.log
