2026-05-01 20:52:53 | INFO | Loading data...
2026-05-01 20:52:53 | INFO | Using panel artifact: /orcd/home/002/phevosp/MPLE-Causal-Inference/experiments/SyntheticHybridExperimentsFinal/confounding_weak/panel_data.npz
2026-05-01 20:52:53 | INFO | Using x_0 artifact: /orcd/home/002/phevosp/MPLE-Causal-Inference/experiments/SyntheticHybridExperimentsFinal/confounding_weak/x_0.npy
2026-05-01 20:52:53 | INFO | Using fit config: /orcd/home/002/phevosp/MPLE-Causal-Inference/experiments/SyntheticHybridExperimentsFinal/confounding_weak/cv_runs/alternating_uv_grid/candidates/alternating_uv_grid_candidate_0008/fold_7/fit_realized_config.yaml
2026-05-01 20:52:53 | INFO | Using model artifact directory: /orcd/home/002/phevosp/MPLE-Causal-Inference/experiments/SyntheticHybridExperimentsFinal/confounding_weak
2026-05-01 20:52:53 | INFO | Using truth artifact directory: /orcd/home/002/phevosp/MPLE-Causal-Inference/experiments/SyntheticHybridExperimentsFinal/confounding_weak
2026-05-01 20:52:53 | INFO | Using loss mask artifact: /orcd/home/002/phevosp/MPLE-Causal-Inference/experiments/SyntheticHybridExperimentsFinal/confounding_weak/cv_runs/alternating_uv_grid/candidates/alternating_uv_grid_candidate_0008/fold_7/loss_mask.npy
2026-05-01 20:52:53 | INFO | Configured optimizer mode: alternating_latent_rank
2026-05-01 20:52:53 | INFO | Configured latent rank: 3
2026-05-01 20:52:53 | INFO | Using a fixed known graph with scalar xi.
2026-05-01 20:52:53 | INFO | Fit-time hard bounds active: False
2026-05-01 20:52:53 | INFO | Fixed scalar parameters: {}
2026-05-01 20:52:53 | INFO | Warm-start fixed scalars: {} for 0 steps
2026-05-01 20:52:53 | INFO | Beta mask before s: False with s=0
2026-05-01 20:52:53 | INFO | Beta mask after e: False with e=11
2026-05-01 20:52:53 | INFO | Alternating V-column L2-ball constraint active with radius 1.0
2026-05-01 20:52:53 | INFO | Optimizer settings: steps=2000, tol=1e-07, n_starts=1, seed=0, lambda_nuclear=0.0, lambda_frobenius=0.0, lambda_uv_ridge=1.5, v_column_l2_max=1.0, proximal_lr=1.0
2026-05-01 20:52:53 | INFO | Alternating low-rank start 1/1 | seed=0 | initial_loss=0.837467 | initial_penalized=0.837865
2026-05-01 20:52:53 | INFO | Alternating low-rank iter 0 | Loss: 0.630445 | Penalized: 0.638679
2026-05-01 20:52:54 | INFO | Alternating low-rank iter 100 | Loss: 0.594317 | Penalized: 0.604134
2026-05-01 20:52:55 | INFO | Alternating low-rank iter 200 | Loss: 0.593711 | Penalized: 0.603545
2026-05-01 20:52:56 | INFO | Done fitting.
2026-05-01 20:52:56 | INFO | Optimizer status: CONVERGED: alternating objective tolerance reached
2026-05-01 20:52:56 | INFO | Best optimizer start: 1 / 1
2026-05-01 20:52:56 | INFO | Final Loss: 0.593661
2026-05-01 20:52:56 | INFO | Estimated vs True Parameters:
2026-05-01 20:52:56 | INFO |   beta: -0.2836 (True: -0.3000) | SQE: 0.000270
2026-05-01 20:52:56 | INFO |   xi: 0.8505 (True: 0.8000) | SQE: 0.002548
2026-05-01 20:52:56 | INFO |   eta: 0.2968 (True: 0.3000) | SQE: 0.000010
2026-05-01 20:52:56 | INFO | Alternating low-rank optimizer diagnostics:
2026-05-01 20:52:56 | INFO |   penalized_objective: 0.603503
2026-05-01 20:52:56 | INFO |   mple_loss_without_penalty: 0.593661
2026-05-01 20:52:56 | INFO |   lambda_uv_ridge: 1.500000
2026-05-01 20:52:56 | INFO |   u_frobenius_norm: 10.497717
2026-05-01 20:52:56 | INFO |   v_frobenius_norm: 1.732051
2026-05-01 20:52:56 | INFO |   effective_rank: 3.000000
2026-05-01 20:52:56 | INFO | Field and interaction diagnostics:
2026-05-01 20:52:56 | INFO |   field_rmse: 0.144758
2026-05-01 20:52:56 | INFO |   interaction_fro_error: 0.178840
2026-05-01 20:52:56 | INFO |   estimated_field_max_abs_entry: 0.356222
2026-05-01 20:52:56 | INFO |   estimated_field_rank: 3.000000
2026-05-01 20:52:56 | INFO |   true_field_max_abs_entry: 1.115066
2026-05-01 20:52:56 | INFO |   true_field_rank: 3.000000
2026-05-01 20:52:56 | INFO | Saved summary table to /orcd/home/002/phevosp/MPLE-Causal-Inference/experiments/SyntheticHybridExperimentsFinal/confounding_weak/cv_runs/alternating_uv_grid/candidates/alternating_uv_grid_candidate_0008/fold_7/mple_summary.csv
2026-05-01 20:52:56 | INFO | Log saved to /orcd/home/002/phevosp/MPLE-Causal-Inference/experiments/SyntheticHybridExperimentsFinal/confounding_weak/cv_runs/alternating_uv_grid/candidates/alternating_uv_grid_candidate_0008/fold_7/mple.log
