2026-04-01 10:19:16 | INFO | Loading data...
2026-04-01 10:19:17 | INFO | Loaded 11 field templates and 1 interaction templates.
2026-04-01 10:19:17 | INFO | Running conditional-model MPLE on x with shape=(100, 1000)
2026-04-01 10:19:17 | INFO | Eval 0  |  Loss: 0.709803
2026-04-01 10:19:17 | INFO |   field::intercept: +0.0126,  field::linear::feature_1: -0.0132,  field::quadratic::feature_1: +0.0640,  field::linear::feature_2: +0.0105,  field::quadratic::feature_2: -0.0536,  field::linear::feature_3: +0.0362,  field::quadratic::feature_3: +0.1304,  field::linear::feature_4: +0.0947,  field::quadratic::feature_4: -0.0704,  field::linear::feature_5: -0.1265,  field::quadratic::feature_5: -0.0623,  beta: +0.0041,  interaction::adjacency: -0.2325,  eta: -0.0219,  zeta: -0.1246,  psi: -0.0732
2026-04-01 10:19:17 | INFO | Done fitting.
2026-04-01 10:19:17 | INFO | Optimizer status: CONVERGENCE: RELATIVE REDUCTION OF F <= FACTR*EPSMCH
2026-04-01 10:19:17 | INFO | Final Loss: 0.670887
2026-04-01 10:19:17 | INFO | Estimated vs True Parameters:
2026-04-01 10:19:17 | INFO |   field::intercept: 0.1801 (True: 0.1750)
2026-04-01 10:19:17 | INFO |   field::intercept SQE: 0.000026
2026-04-01 10:19:17 | INFO |   field::linear::feature_1: 0.1323 (True: 0.1400)
2026-04-01 10:19:17 | INFO |   field::linear::feature_1 SQE: 0.000060
2026-04-01 10:19:17 | INFO |   field::quadratic::feature_1: -0.1311 (True: -0.1250)
2026-04-01 10:19:17 | INFO |   field::quadratic::feature_1 SQE: 0.000038
2026-04-01 10:19:17 | INFO |   field::linear::feature_2: 0.0026 (True: 0.0070)
2026-04-01 10:19:17 | INFO |   field::linear::feature_2 SQE: 0.000020
2026-04-01 10:19:17 | INFO |   field::quadratic::feature_2: 0.0864 (True: 0.1250)
2026-04-01 10:19:17 | INFO |   field::quadratic::feature_2 SQE: 0.001491
2026-04-01 10:19:17 | INFO |   field::linear::feature_3: 0.1265 (True: 0.1400)
2026-04-01 10:19:17 | INFO |   field::linear::feature_3 SQE: 0.000182
2026-04-01 10:19:17 | INFO |   field::quadratic::feature_3: -0.1385 (True: -0.1250)
2026-04-01 10:19:17 | INFO |   field::quadratic::feature_3 SQE: 0.000182
2026-04-01 10:19:17 | INFO |   field::linear::feature_4: -0.0435 (True: -0.0400)
2026-04-01 10:19:17 | INFO |   field::linear::feature_4 SQE: 0.000013
2026-04-01 10:19:17 | INFO |   field::quadratic::feature_4: 0.1390 (True: 0.1250)
2026-04-01 10:19:17 | INFO |   field::quadratic::feature_4 SQE: 0.000196
2026-04-01 10:19:17 | INFO |   field::linear::feature_5: -0.1570 (True: -0.1800)
2026-04-01 10:19:17 | INFO |   field::linear::feature_5 SQE: 0.000530
2026-04-01 10:19:17 | INFO |   field::quadratic::feature_5: 0.1849 (True: 0.1850)
2026-04-01 10:19:17 | INFO |   field::quadratic::feature_5 SQE: 0.000000
2026-04-01 10:19:17 | INFO |   beta: 0.1155 (True: 0.1200)
2026-04-01 10:19:17 | INFO |   beta SQE: 0.000020
2026-04-01 10:19:17 | INFO |   interaction::adjacency: 0.1421 (True: 0.1500)
2026-04-01 10:19:17 | INFO |   interaction::adjacency SQE: 0.000063
2026-04-01 10:19:17 | INFO |   eta: 0.0047 (True: 0.0100)
2026-04-01 10:19:17 | INFO |   eta SQE: 0.000028
2026-04-01 10:19:17 | INFO |   zeta: -0.1490 (True: -0.1500)
2026-04-01 10:19:17 | INFO |   zeta SQE: 0.000001
2026-04-01 10:19:17 | INFO |   psi: 0.0520 (True: 0.0500)
2026-04-01 10:19:17 | INFO |   psi SQE: 0.000004
2026-04-01 10:19:17 | INFO | Saved summary tables to C:\Users\phevo\Documents\MIT\Code\MPLE-Causal-Inference\experiments\n1000_t100_high_temp_fro_large_shared_feature_field_known_graph_20260331_232112\mple_summary.csv and C:\Users\phevo\Documents\MIT\Code\MPLE-Causal-Inference\experiments\n1000_t100_high_temp_fro_large_shared_feature_field_known_graph_20260331_232112\mple_summary.md
2026-04-01 10:19:17 | INFO | Log saved to C:\Users\phevo\Documents\MIT\Code\MPLE-Causal-Inference\experiments\n1000_t100_high_temp_fro_large_shared_feature_field_known_graph_20260331_232112\mple.log
