2026-04-29 16:20:20 | INFO | Loading data...
2026-04-29 16:20:20 | INFO | Using panel artifact: /orcd/home/002/phevosp/MPLE-Causal-Inference/experiments/SyntheticHybridExperiments/hybrid_us_county_intervention_uscounty_graph_low_rank/panel_data.npz
2026-04-29 16:20:20 | INFO | Using x_0 artifact: /orcd/home/002/phevosp/MPLE-Causal-Inference/experiments/SyntheticHybridExperiments/hybrid_us_county_intervention_uscounty_graph_low_rank/x_0.npy
2026-04-29 16:20:20 | INFO | Using fit config: /orcd/home/002/phevosp/MPLE-Causal-Inference/experiments/SyntheticHybridExperiments/hybrid_us_county_intervention_uscounty_graph_low_rank/fits/alternating_rank_3_uv_1/fit_realized_config.yaml
2026-04-29 16:20:20 | INFO | Using model artifact directory: /orcd/home/002/phevosp/MPLE-Causal-Inference/experiments/SyntheticHybridExperiments/hybrid_us_county_intervention_uscounty_graph_low_rank
2026-04-29 16:20:20 | INFO | Using truth artifact directory: /orcd/home/002/phevosp/MPLE-Causal-Inference/experiments/SyntheticHybridExperiments/hybrid_us_county_intervention_uscounty_graph_low_rank
2026-04-29 16:20:20 | INFO | Configured optimizer mode: alternating_latent_rank
2026-04-29 16:20:20 | INFO | Configured latent rank: 3
2026-04-29 16:20:20 | INFO | Using a fixed known graph with scalar xi.
2026-04-29 16:20:20 | INFO | Fit-time hard bounds active: False
2026-04-29 16:20:20 | INFO | Fixed scalar parameters: {}
2026-04-29 16:20:20 | INFO | Warm-start fixed scalars: {} for 0 steps
2026-04-29 16:20:20 | INFO | Beta mask before s: False with s=55
2026-04-29 16:20:20 | INFO | Beta mask after e: False with e=120
2026-04-29 16:20:20 | INFO | Alternating V-column L2-ball constraint active with radius 1.0
2026-04-29 16:20:20 | INFO | Optimizer settings: steps=20000, tol=1e-09, n_starts=1, seed=0, lambda_nuclear=0.0, lambda_frobenius=0.0, lambda_uv_ridge=1.0, v_column_l2_max=1.0, proximal_lr=1.0
2026-04-29 16:20:20 | INFO | Alternating low-rank start 1/1 | seed=0 | initial_loss=0.683209 | initial_penalized=0.683228
2026-04-29 16:20:20 | INFO | Alternating low-rank iter 0 | Loss: 0.532360 | Penalized: 0.542030
2026-04-29 16:20:29 | INFO | Alternating low-rank iter 100 | Loss: 0.522560 | Penalized: 0.532747
2026-04-29 16:20:38 | INFO | Alternating low-rank iter 200 | Loss: 0.522342 | Penalized: 0.532516
2026-04-29 16:20:46 | INFO | Alternating low-rank iter 300 | Loss: 0.522332 | Penalized: 0.532505
2026-04-29 16:20:55 | INFO | Done fitting.
2026-04-29 16:20:55 | INFO | Optimizer status: CONVERGED: alternating objective tolerance reached
2026-04-29 16:20:55 | INFO | Best optimizer start: 1 / 1
2026-04-29 16:20:55 | INFO | Final Loss: 0.522332
2026-04-29 16:20:55 | INFO | Estimated vs True Parameters:
2026-04-29 16:20:55 | INFO |   beta: -0.2697 (True: -0.3000) | SQE: 0.000921
2026-04-29 16:20:55 | INFO |   xi: 0.7904 (True: 0.8000) | SQE: 0.000093
2026-04-29 16:20:55 | INFO |   eta: 0.2788 (True: 0.3000) | SQE: 0.000451
2026-04-29 16:20:55 | INFO | Alternating low-rank optimizer diagnostics:
2026-04-29 16:20:55 | INFO |   penalized_objective: 0.532505
2026-04-29 16:20:55 | INFO |   mple_loss_without_penalty: 0.522332
2026-04-29 16:20:55 | INFO |   lambda_uv_ridge: 1.000000
2026-04-29 16:20:55 | INFO |   u_frobenius_norm: 60.633070
2026-04-29 16:20:55 | INFO |   v_frobenius_norm: 1.732051
2026-04-29 16:20:55 | INFO |   effective_rank: 2.000000
2026-04-29 16:20:55 | INFO | Field and interaction diagnostics:
2026-04-29 16:20:55 | INFO |   field_rmse: 0.263130
2026-04-29 16:20:55 | INFO |   interaction_fro_error: 0.091035
2026-04-29 16:20:55 | INFO |   estimated_field_max_abs_entry: 1.262103
2026-04-29 16:20:55 | INFO |   estimated_field_rank: 2.000000
2026-04-29 16:20:55 | INFO |   true_field_max_abs_entry: 3.674771
2026-04-29 16:20:55 | INFO |   true_field_rank: 3.000000
2026-04-29 16:20:55 | INFO | Saved summary table to /orcd/home/002/phevosp/MPLE-Causal-Inference/experiments/SyntheticHybridExperiments/hybrid_us_county_intervention_uscounty_graph_low_rank/fits/alternating_rank_3_uv_1/mple_summary.csv
2026-04-29 16:20:55 | INFO | Log saved to /orcd/home/002/phevosp/MPLE-Causal-Inference/experiments/SyntheticHybridExperiments/hybrid_us_county_intervention_uscounty_graph_low_rank/fits/alternating_rank_3_uv_1/mple.log
