2026-04-07 11:37:19 | INFO | Loading data...
2026-04-07 11:37:19 | INFO | Loaded 6 field templates and 1 interaction templates.
2026-04-07 11:37:19 | INFO | Intervention-process model enabled: True
2026-04-07 11:37:19 | INFO | Tau zero-mean enabled: True
2026-04-07 11:37:19 | INFO | Tau smoothness lambda: 1.000000
2026-04-07 11:37:19 | INFO | Running conditional-model MPLE on x with shape=(70, 3203)
2026-04-07 11:37:19 | INFO | Eval 0  |  Loss: 0.672491
2026-04-07 11:37:19 | INFO |   field::log_population: +0.0126,  field::median_household_income: -0.0132,  field::poverty_rate: +0.0640,  field::pct_black: +0.0105,  field::pct_hispanic: -0.0536,  field::pct_in_labor_force: +0.0362,  tau block: mean=-0.0000, std=0.0990, min=-0.2421, max=+0.1864,  beta: -0.0662,  interaction::contiguity: +0.0935,  eta: +0.0049,  zeta: +0.2002,  psi: +0.0189
2026-04-07 11:37:23 | INFO | Done fitting.
2026-04-07 11:37:23 | INFO | Optimizer status: CONVERGENCE: RELATIVE REDUCTION OF F <= FACTR*EPSMCH
2026-04-07 11:37:23 | INFO | Final Loss: 0.157309
2026-04-07 11:37:23 | INFO | Estimated Parameters:
2026-04-07 11:37:23 | INFO |   field::log_population: 0.1813
2026-04-07 11:37:23 | INFO |   field::median_household_income: -0.2773
2026-04-07 11:37:23 | INFO |   field::poverty_rate: -0.0438
2026-04-07 11:37:23 | INFO |   field::pct_black: -0.1782
2026-04-07 11:37:23 | INFO |   field::pct_hispanic: -0.1018
2026-04-07 11:37:23 | INFO |   field::pct_in_labor_force: 0.0901
2026-04-07 11:37:23 | INFO |   tau::t_0: -0.1644
2026-04-07 11:37:23 | INFO |   tau::t_1: -0.1470
2026-04-07 11:37:23 | INFO |   tau::t_2: -0.1882
2026-04-07 11:37:23 | INFO |   tau::t_3: -0.2211
2026-04-07 11:37:23 | INFO |   tau::t_4: -0.2373
2026-04-07 11:37:23 | INFO |   tau::t_5: -0.3550
2026-04-07 11:37:23 | INFO |   tau::t_6: 0.0152
2026-04-07 11:37:23 | INFO |   tau::t_7: -0.1958
2026-04-07 11:37:23 | INFO |   tau::t_8: -0.0251
2026-04-07 11:37:23 | INFO |   tau::t_9: -0.0912
2026-04-07 11:37:23 | INFO |   tau::t_10: -0.0240
2026-04-07 11:37:23 | INFO |   tau::t_11: -0.1094
2026-04-07 11:37:23 | INFO |   tau::t_12: -0.0203
2026-04-07 11:37:23 | INFO |   tau::t_13: -0.0766
2026-04-07 11:37:23 | INFO |   tau::t_14: -0.2191
2026-04-07 11:37:23 | INFO |   tau::t_15: -0.2090
2026-04-07 11:37:23 | INFO |   tau::t_16: -0.2876
2026-04-07 11:37:23 | INFO |   tau::t_17: -0.3068
2026-04-07 11:37:23 | INFO |   tau::t_18: -0.4416
2026-04-07 11:37:23 | INFO |   tau::t_19: -0.3172
2026-04-07 11:37:23 | INFO |   tau::t_20: -0.5944
2026-04-07 11:37:23 | INFO |   tau::t_21: -0.3811
2026-04-07 11:37:23 | INFO |   tau::t_22: -0.5238
2026-04-07 11:37:23 | INFO |   tau::t_23: -0.4473
2026-04-07 11:37:23 | INFO |   tau::t_24: -0.4482
2026-04-07 11:37:23 | INFO |   tau::t_25: -0.2226
2026-04-07 11:37:23 | INFO |   tau::t_26: -0.1241
2026-04-07 11:37:23 | INFO |   tau::t_27: 0.1049
2026-04-07 11:37:23 | INFO |   tau::t_28: 0.2645
2026-04-07 11:37:23 | INFO |   tau::t_29: 0.2573
2026-04-07 11:37:23 | INFO |   tau::t_30: 0.2857
2026-04-07 11:37:23 | INFO |   tau::t_31: 0.2556
2026-04-07 11:37:23 | INFO |   tau::t_32: 0.2427
2026-04-07 11:37:23 | INFO |   tau::t_33: 0.2170
2026-04-07 11:37:23 | INFO |   tau::t_34: 0.0584
2026-04-07 11:37:23 | INFO |   tau::t_35: 0.1983
2026-04-07 11:37:23 | INFO |   tau::t_36: -0.0415
2026-04-07 11:37:23 | INFO |   tau::t_37: -0.0974
2026-04-07 11:37:23 | INFO |   tau::t_38: -0.1084
2026-04-07 11:37:23 | INFO |   tau::t_39: -0.1509
2026-04-07 11:37:23 | INFO |   tau::t_40: -0.1659
2026-04-07 11:37:23 | INFO |   tau::t_41: 0.0127
2026-04-07 11:37:23 | INFO |   tau::t_42: -0.0121
2026-04-07 11:37:23 | INFO |   tau::t_43: 0.0778
2026-04-07 11:37:23 | INFO |   tau::t_44: 0.1126
2026-04-07 11:37:23 | INFO |   tau::t_45: -0.2880
2026-04-07 11:37:23 | INFO |   tau::t_46: 0.3816
2026-04-07 11:37:23 | INFO |   tau::t_47: 0.0267
2026-04-07 11:37:23 | INFO |   tau::t_48: -0.0122
2026-04-07 11:37:23 | INFO |   tau::t_49: 0.0011
2026-04-07 11:37:23 | INFO |   tau::t_50: 0.5421
2026-04-07 11:37:23 | INFO |   tau::t_51: 0.9067
2026-04-07 11:37:23 | INFO |   tau::t_52: 1.1312
2026-04-07 11:37:23 | INFO |   tau::t_53: 2.0089
2026-04-07 11:37:23 | INFO |   tau::t_54: 1.9845
2026-04-07 11:37:23 | INFO |   tau::t_55: 0.4290
2026-04-07 11:37:23 | INFO |   tau::t_56: -0.1870
2026-04-07 11:37:23 | INFO |   tau::t_57: -0.3249
2026-04-07 11:37:23 | INFO |   tau::t_58: -0.3716
2026-04-07 11:37:23 | INFO |   tau::t_59: -0.1647
2026-04-07 11:37:23 | INFO |   tau::t_60: -0.1649
2026-04-07 11:37:23 | INFO |   tau::t_61: -0.1560
2026-04-07 11:37:23 | INFO |   tau::t_62: -0.2595
2026-04-07 11:37:23 | INFO |   tau::t_63: -0.3010
2026-04-07 11:37:23 | INFO |   tau::t_64: -0.2456
2026-04-07 11:37:23 | INFO |   tau::t_65: -0.1147
2026-04-07 11:37:23 | INFO |   tau::t_66: -0.0042
2026-04-07 11:37:23 | INFO |   tau::t_67: -0.0776
2026-04-07 11:37:23 | INFO |   tau::t_68: 0.0667
2026-04-07 11:37:23 | INFO |   tau::t_69: 0.0453
2026-04-07 11:37:23 | INFO |   beta: -0.0327
2026-04-07 11:37:23 | INFO |   interaction::contiguity: 2.6469
2026-04-07 11:37:23 | INFO |   eta: 0.5497
2026-04-07 11:37:23 | INFO |   zeta: -0.1585
2026-04-07 11:37:23 | INFO |   psi: 2.1343
2026-04-07 11:37:23 | INFO | Saved summary tables to C:\Users\phevo\Documents\MIT\Code\MPLE-Causal-Inference\experiments\USCountyVaccination_US_tau_zero_mean_smooth\outcome_case_rate_100k_ge_200__intervention_complete_cov_ge_30__lag_0w__contiguity\mple_summary.csv and C:\Users\phevo\Documents\MIT\Code\MPLE-Causal-Inference\experiments\USCountyVaccination_US_tau_zero_mean_smooth\outcome_case_rate_100k_ge_200__intervention_complete_cov_ge_30__lag_0w__contiguity\mple_summary.md
2026-04-07 11:37:23 | INFO | Log saved to C:\Users\phevo\Documents\MIT\Code\MPLE-Causal-Inference\experiments\USCountyVaccination_US_tau_zero_mean_smooth\outcome_case_rate_100k_ge_200__intervention_complete_cov_ge_30__lag_0w__contiguity\mple.log
