2026-05-02 21:51:10 | INFO | Loading data...
2026-05-02 21:51:10 | INFO | Using panel artifact: /orcd/home/002/phevosp/MPLE-Causal-Inference/experiments/HybridExperiments_r5_c1_v2/r5_c1_hybrid_us_county_intervention_uscounty_graph_kernel_confounding/panel_data.npz
2026-05-02 21:51:10 | INFO | Using x_0 artifact: /orcd/home/002/phevosp/MPLE-Causal-Inference/experiments/HybridExperiments_r5_c1_v2/r5_c1_hybrid_us_county_intervention_uscounty_graph_kernel_confounding/x_0.npy
2026-05-02 21:51:10 | INFO | Using fit config: /orcd/home/002/phevosp/MPLE-Causal-Inference/experiments/HybridExperiments_r5_c1_v2/r5_c1_hybrid_us_county_intervention_uscounty_graph_kernel_confounding/cv_runs/alternating_uv_grid/candidates/alternating_uv_grid_candidate_0005/fold_3/fit_realized_config.yaml
2026-05-02 21:51:10 | INFO | Using model artifact directory: /orcd/home/002/phevosp/MPLE-Causal-Inference/experiments/HybridExperiments_r5_c1_v2/r5_c1_hybrid_us_county_intervention_uscounty_graph_kernel_confounding
2026-05-02 21:51:10 | INFO | Using truth artifact directory: /orcd/home/002/phevosp/MPLE-Causal-Inference/experiments/HybridExperiments_r5_c1_v2/r5_c1_hybrid_us_county_intervention_uscounty_graph_kernel_confounding
2026-05-02 21:51:10 | INFO | Using loss mask artifact: /orcd/home/002/phevosp/MPLE-Causal-Inference/experiments/HybridExperiments_r5_c1_v2/r5_c1_hybrid_us_county_intervention_uscounty_graph_kernel_confounding/cv_runs/alternating_uv_grid/candidates/alternating_uv_grid_candidate_0005/fold_3/loss_mask.npy
2026-05-02 21:51:10 | INFO | Configured optimizer mode: alternating_latent_rank
2026-05-02 21:51:10 | INFO | Configured latent rank: 5
2026-05-02 21:51:10 | INFO | Using a fixed known graph with scalar xi.
2026-05-02 21:51:10 | INFO | Fit-time hard bounds active: False
2026-05-02 21:51:10 | INFO | Fixed scalar parameters: {}
2026-05-02 21:51:10 | INFO | Warm-start fixed scalars: {} for 0 steps
2026-05-02 21:51:10 | INFO | Beta mask before s: True with s=50
2026-05-02 21:51:10 | INFO | Beta mask after e: True with e=115
2026-05-02 21:51:10 | INFO | Alternating V-column L2-ball constraint active with radius 1.0
2026-05-02 21:51:10 | INFO | Optimizer settings: steps=2000, tol=1e-07, n_starts=1, seed=0, lambda_nuclear=0.0, lambda_frobenius=0.0, lambda_uv_ridge=0.05, v_column_l2_max=1.0, proximal_lr=1.0
2026-05-02 21:51:12 | INFO | Alternating low-rank start 1/1 | seed=0 | initial_loss=0.773192 | initial_penalized=0.773194
2026-05-02 21:51:12 | INFO | Alternating low-rank iter 0 | Loss: 0.600268 | Penalized: 0.603055
2026-05-02 21:51:24 | INFO | Alternating low-rank iter 100 | Loss: 0.537150 | Penalized: 0.548380
2026-05-02 21:51:35 | INFO | Alternating low-rank iter 200 | Loss: 0.537072 | Penalized: 0.548277
2026-05-02 21:51:37 | INFO | Done fitting.
2026-05-02 21:51:37 | INFO | Optimizer status: CONVERGED: alternating objective tolerance reached
2026-05-02 21:51:37 | INFO | Best optimizer start: 1 / 1
2026-05-02 21:51:37 | INFO | Final Loss: 0.537072
2026-05-02 21:51:37 | INFO | Estimated vs True Parameters:
2026-05-02 21:51:37 | INFO |   beta: -0.0835 (True: -0.3000) | SQE: 0.046878
2026-05-02 21:51:37 | INFO |   xi: 0.9181 (True: 0.8000) | SQE: 0.013945
2026-05-02 21:51:37 | INFO |   eta: 0.3051 (True: 0.3000) | SQE: 0.000026
2026-05-02 21:51:37 | INFO | Alternating low-rank optimizer diagnostics:
2026-05-02 21:51:37 | INFO |   penalized_objective: 0.548275
2026-05-02 21:51:37 | INFO |   mple_loss_without_penalty: 0.537072
2026-05-02 21:51:37 | INFO |   lambda_uv_ridge: 0.050000
2026-05-02 21:51:37 | INFO |   u_frobenius_norm: 253.822647
2026-05-02 21:51:37 | INFO |   v_frobenius_norm: 2.236068
2026-05-02 21:51:37 | INFO |   effective_rank: 5.000000
2026-05-02 21:51:37 | INFO | Field and interaction diagnostics:
2026-05-02 21:51:37 | INFO |   field_rmse: 0.370401
2026-05-02 21:51:37 | INFO |   interaction_fro_error: 1.306570
2026-05-02 21:51:37 | INFO |   estimated_field_max_abs_entry: 2.856931
2026-05-02 21:51:37 | INFO |   estimated_field_rank: 5.000000
2026-05-02 21:51:37 | INFO |   true_field_max_abs_entry: 3.005890
2026-05-02 21:51:37 | INFO |   true_field_rank: 5.000000
2026-05-02 21:51:38 | INFO | Saved summary table to /orcd/home/002/phevosp/MPLE-Causal-Inference/experiments/HybridExperiments_r5_c1_v2/r5_c1_hybrid_us_county_intervention_uscounty_graph_kernel_confounding/cv_runs/alternating_uv_grid/candidates/alternating_uv_grid_candidate_0005/fold_3/mple_summary.csv
2026-05-02 21:51:38 | INFO | Log saved to /orcd/home/002/phevosp/MPLE-Causal-Inference/experiments/HybridExperiments_r5_c1_v2/r5_c1_hybrid_us_county_intervention_uscounty_graph_kernel_confounding/cv_runs/alternating_uv_grid/candidates/alternating_uv_grid_candidate_0005/fold_3/mple.log
