2026-04-06 14:10:08 | INFO | Loading data...
2026-04-06 14:10:08 | INFO | Loaded 9 field templates and 1 interaction templates.
2026-04-06 14:10:08 | INFO | Intervention-process model enabled: True
2026-04-06 14:10:08 | INFO | Running conditional-model MPLE on x with shape=(15, 9642)
2026-04-06 14:10:08 | INFO | Eval 0  |  Loss: 0.703934
2026-04-06 14:10:08 | INFO |   field::intercept: +0.0126,  field::total_pop: -0.0132,  field::black_share: +0.0640,  field::hispanic_share: +0.0105,  field::male_1521_share: -0.0536,  field::family_household_share: +0.0362,  field::female_household_share: +0.1304,  field::renter_share: +0.0947,  field::vacant_share: -0.0704,  tau block: mean=-0.0323, std=0.0897, min=-0.2325, max=+0.1366,  beta: +0.0903,  interaction::centroid_distance_kernel_16: +0.0094,  eta: -0.0743,  zeta: -0.0922,  psi: -0.0458
2026-04-06 14:10:11 | INFO | Eval 100  |  Loss: 0.355638
2026-04-06 14:10:11 | INFO |   field::intercept: -0.0795,  field::total_pop: +4.4021,  field::black_share: +0.2540,  field::hispanic_share: +0.1793,  field::male_1521_share: -0.1964,  field::family_household_share: -0.2188,  field::female_household_share: +0.1831,  field::renter_share: +0.1501,  field::vacant_share: +0.7167,  tau block: mean=-0.0385, std=0.0507, min=-0.1618, max=+0.0229,  beta: +0.0632,  interaction::centroid_distance_kernel_16: +1.1109,  eta: +0.3830,  zeta: +0.5950,  psi: +3.5213
2026-04-06 14:10:13 | INFO | Done fitting.
2026-04-06 14:10:13 | INFO | Optimizer status: CONVERGENCE: RELATIVE REDUCTION OF F <= FACTR*EPSMCH
2026-04-06 14:10:13 | INFO | Final Loss: 0.355632
2026-04-06 14:10:13 | INFO | Estimated Parameters:
2026-04-06 14:10:13 | INFO |   field::intercept: -0.0794
2026-04-06 14:10:13 | INFO |   field::total_pop: 4.4125
2026-04-06 14:10:13 | INFO |   field::black_share: 0.2537
2026-04-06 14:10:13 | INFO |   field::hispanic_share: 0.1803
2026-04-06 14:10:13 | INFO |   field::male_1521_share: -0.1978
2026-04-06 14:10:13 | INFO |   field::family_household_share: -0.2200
2026-04-06 14:10:13 | INFO |   field::female_household_share: 0.1932
2026-04-06 14:10:13 | INFO |   field::renter_share: 0.1487
2026-04-06 14:10:13 | INFO |   field::vacant_share: 1.2149
2026-04-06 14:10:13 | INFO |   tau::t_0: -0.0954
2026-04-06 14:10:13 | INFO |   tau::t_1: 0.0199
2026-04-06 14:10:13 | INFO |   tau::t_2: -0.0316
2026-04-06 14:10:13 | INFO |   tau::t_3: -0.1032
2026-04-06 14:10:13 | INFO |   tau::t_4: -0.0657
2026-04-06 14:10:13 | INFO |   tau::t_5: -0.0292
2026-04-06 14:10:13 | INFO |   tau::t_6: -0.0304
2026-04-06 14:10:13 | INFO |   tau::t_7: -0.0703
2026-04-06 14:10:13 | INFO |   tau::t_8: -0.0286
2026-04-06 14:10:13 | INFO |   tau::t_9: 0.0200
2026-04-06 14:10:13 | INFO |   tau::t_10: -0.0147
2026-04-06 14:10:13 | INFO |   tau::t_11: -0.0226
2026-04-06 14:10:13 | INFO |   tau::t_12: 0.0115
2026-04-06 14:10:13 | INFO |   tau::t_13: 0.0240
2026-04-06 14:10:13 | INFO |   tau::t_14: -0.1607
2026-04-06 14:10:13 | INFO |   beta: 0.0633
2026-04-06 14:10:13 | INFO |   interaction::centroid_distance_kernel_16: 1.1110
2026-04-06 14:10:13 | INFO |   eta: 0.3830
2026-04-06 14:10:13 | INFO |   zeta: 0.6051
2026-04-06 14:10:13 | INFO |   psi: 3.5297
2026-04-06 14:10:13 | INFO | Saved summary tables to C:\Users\phevo\Documents\MIT\Code\MPLE-Causal-Inference\experiments\SeattleDMI\any_crime_gt_1_pm1__centroid_distance_kernel_16\mple_summary.csv and C:\Users\phevo\Documents\MIT\Code\MPLE-Causal-Inference\experiments\SeattleDMI\any_crime_gt_1_pm1__centroid_distance_kernel_16\mple_summary.md
2026-04-06 14:10:13 | INFO | Log saved to C:\Users\phevo\Documents\MIT\Code\MPLE-Causal-Inference\experiments\SeattleDMI\any_crime_gt_1_pm1__centroid_distance_kernel_16\mple.log
