2026-04-12 13:13:51 | INFO | Loading data...
2026-04-12 13:13:51 | INFO | Using panel artifact: C:\Users\phevo\Documents\MIT\Code\MPLE-Causal-Inference\experiments\SyntheticHybridExperiments\synthetic_rank_6_b1\panel_data.npz
2026-04-12 13:13:51 | INFO | Using x_0 artifact: C:\Users\phevo\Documents\MIT\Code\MPLE-Causal-Inference\experiments\SyntheticHybridExperiments\synthetic_rank_6_b1\x_0.npy
2026-04-12 13:13:51 | INFO | Using z_0 artifact: C:\Users\phevo\Documents\MIT\Code\MPLE-Causal-Inference\experiments\SyntheticHybridExperiments\synthetic_rank_6_b1\z_0.npy
2026-04-12 13:13:51 | INFO | Using fit config: C:\Users\phevo\Documents\MIT\Code\MPLE-Causal-Inference\experiments\SyntheticHybridExperiments\synthetic_rank_6_b1\fits\rank_40_b1\fit_realized_config.yaml
2026-04-12 13:13:51 | INFO | Using model artifact directory: C:\Users\phevo\Documents\MIT\Code\MPLE-Causal-Inference\experiments\SyntheticHybridExperiments\synthetic_rank_6_b1
2026-04-12 13:13:51 | INFO | Using truth artifact directory: C:\Users\phevo\Documents\MIT\Code\MPLE-Causal-Inference\experiments\SyntheticHybridExperiments\synthetic_rank_6_b1
2026-04-12 13:13:51 | INFO | Configured latent rank: 40
2026-04-12 13:13:51 | INFO | Using a fixed known graph with scalar xi.
2026-04-12 13:13:51 | INFO | Intervention-process model enabled: True
2026-04-12 13:13:51 | INFO | Global temperature bound B active: True
2026-04-12 13:13:51 | INFO | Effective xi bound from interaction constraint: 1.000000
2026-04-12 13:13:51 | INFO | Beta mask pre-intervention enabled: False
2026-04-12 13:13:51 | INFO | Beta mask rescale enabled: False
2026-04-12 13:13:51 | INFO | Fixed scalar parameters: {}
2026-04-12 13:13:51 | INFO | Eval 0  |  Loss: 0.711786
2026-04-12 13:13:51 | INFO |   beta: +0.0567,  xi: -0.0042,  eta: -0.0514,  zeta: -0.1078,  psi: -0.0864
2026-04-12 13:13:51 | INFO | Eval 100  |  Loss: 0.516289
2026-04-12 13:13:51 | INFO |   beta: +0.3564,  xi: +0.6759,  eta: +0.4836,  zeta: -0.5624,  psi: +0.8097
2026-04-12 13:13:52 | INFO | Eval 200  |  Loss: 0.516277
2026-04-12 13:13:52 | INFO |   beta: +0.3604,  xi: +0.6805,  eta: +0.4877,  zeta: -0.5626,  psi: +0.8092
2026-04-12 13:13:52 | INFO | Eval 300  |  Loss: 0.516276
2026-04-12 13:13:52 | INFO |   beta: +0.3570,  xi: +0.6629,  eta: +0.4837,  zeta: -0.5632,  psi: +0.8083
2026-04-12 13:13:53 | INFO | Eval 400  |  Loss: 0.516271
2026-04-12 13:13:53 | INFO |   beta: +0.3593,  xi: +0.5906,  eta: +0.4833,  zeta: -0.5632,  psi: +0.8080
2026-04-12 13:13:53 | INFO | Eval 500  |  Loss: 0.516092
2026-04-12 13:13:53 | INFO |   beta: +0.3628,  xi: +0.7018,  eta: +0.4882,  zeta: -0.5625,  psi: +0.8095
2026-04-12 13:13:53 | INFO | Done fitting.
2026-04-12 13:13:53 | INFO | Optimizer status: CONVERGENCE: RELATIVE REDUCTION OF F <= FACTR*EPSMCH
2026-04-12 13:13:53 | INFO | Final Loss: 0.516092
2026-04-12 13:13:53 | INFO | Estimated vs True Parameters:
2026-04-12 13:13:53 | INFO |   beta: 0.3628 (True: 0.3500) | SQE: 0.000164
2026-04-12 13:13:53 | INFO |   xi: 0.7018 (True: 0.7500) | SQE: 0.002319
2026-04-12 13:13:53 | INFO |   eta: 0.4882 (True: 0.4800) | SQE: 0.000067
2026-04-12 13:13:53 | INFO |   zeta: -0.5625 (True: -0.5500) | SQE: 0.000157
2026-04-12 13:13:53 | INFO |   psi: 0.8095 (True: 0.8000) | SQE: 0.000090
2026-04-12 13:13:54 | INFO | Field and interaction diagnostics:
2026-04-12 13:13:54 | INFO |   field_rmse: 0.002366
2026-04-12 13:13:54 | INFO |   interaction_fro_error: 0.128123
2026-04-12 13:13:54 | INFO |   estimated_field_inf_norm: 1.000000
2026-04-12 13:13:54 | INFO |   estimated_field_rank: 40.000000
2026-04-12 13:13:54 | INFO |   bound_B: 1.000000
2026-04-12 13:13:54 | INFO |   true_field_inf_norm: 1.000000
2026-04-12 13:13:54 | INFO |   true_field_rank: 6.000000
2026-04-12 13:13:54 | INFO | Saved summary tables to C:\Users\phevo\Documents\MIT\Code\MPLE-Causal-Inference\experiments\SyntheticHybridExperiments\synthetic_rank_6_b1\fits\rank_40_b1\mple_summary.csv and C:\Users\phevo\Documents\MIT\Code\MPLE-Causal-Inference\experiments\SyntheticHybridExperiments\synthetic_rank_6_b1\fits\rank_40_b1\mple_summary.md
2026-04-12 13:13:54 | INFO | Log saved to C:\Users\phevo\Documents\MIT\Code\MPLE-Causal-Inference\experiments\SyntheticHybridExperiments\synthetic_rank_6_b1\fits\rank_40_b1\mple.log
