2026-08-27 10:29:16 | INFO | Loading data...
2026-08-27 10:29:16 | INFO | Using panel artifact: /orcd/home/002/phevosp/MPLE-Causal-Inference/experiments/SyntheticSNN/no_interference_confounding_beta_015/panel_data.npz
2026-08-27 10:29:16 | INFO | Using x_0 artifact: /orcd/home/002/phevosp/MPLE-Causal-Inference/experiments/SyntheticSNN/no_interference_confounding_beta_015/x_0.npy
2026-08-27 10:29:16 | INFO | Using fit config: /orcd/home/002/phevosp/MPLE-Causal-Inference/experiments/SyntheticSNN/no_interference_confounding_beta_015/cv_runs/default/candidates/default_candidate_0005/fold_4/fit_realized_config.yaml
2026-08-27 10:29:16 | INFO | Using model artifact directory: /orcd/home/002/phevosp/MPLE-Causal-Inference/experiments/SyntheticSNN/no_interference_confounding_beta_015
2026-08-27 10:29:16 | INFO | Using truth artifact directory: /orcd/home/002/phevosp/MPLE-Causal-Inference/experiments/SyntheticSNN/no_interference_confounding_beta_015
2026-08-27 10:29:16 | INFO | Using loss mask artifact: /orcd/home/002/phevosp/MPLE-Causal-Inference/experiments/SyntheticSNN/no_interference_confounding_beta_015/cv_runs/default/candidates/default_candidate_0005/fold_4/loss_mask.npy
2026-08-27 10:29:16 | INFO | Configured optimizer mode: alternating_latent_rank
2026-08-27 10:29:16 | INFO | Configured latent rank: 3
2026-08-27 10:29:16 | INFO | Using a fixed known graph with scalar xi.
2026-08-27 10:29:16 | INFO | Fit-time hard bounds active: False
2026-08-27 10:29:16 | INFO | Fixed scalar parameters: {}
2026-08-27 10:29:16 | INFO | Warm-start fixed scalars: {} for 0 steps
2026-08-27 10:29:16 | INFO | Beta-gradient mask before s: True with s=0
2026-08-27 10:29:16 | INFO | Beta-gradient mask after e: True with e=12
2026-08-27 10:29:16 | INFO | Alternating V-column L2-ball constraint active with radius 1.0
2026-08-27 10:29:16 | INFO | Optimizer settings: steps=2000, tol=1e-07, n_starts=1, seed=0, lambda_nuclear=0.0, lambda_frobenius=0.0, lambda_uv_ridge=0.1, v_column_l2_max=1.0, proximal_lr=1.0
2026-08-27 10:29:16 | INFO | Alternating low-rank start 1/1 | seed=0 | initial_loss=0.740554 | initial_penalized=0.740586
2026-08-27 10:29:16 | INFO | Alternating low-rank iter 0 | Loss: 0.575250 | Penalized: 0.588384
2026-08-27 10:29:17 | INFO | Alternating low-rank iter 100 | Loss: 0.517899 | Penalized: 0.554016
2026-08-27 10:29:18 | INFO | Done fitting.
2026-08-27 10:29:18 | INFO | Optimizer status: CONVERGED: alternating objective tolerance reached
2026-08-27 10:29:18 | INFO | Best optimizer start: 1 / 1
2026-08-27 10:29:18 | INFO | Final Loss: 0.517890
2026-08-27 10:29:18 | INFO | Estimated vs True Parameters:
2026-08-27 10:29:18 | INFO |   beta: 0.1699 (True: 0.1500) | SQE: 0.000394
2026-08-27 10:29:18 | INFO |   xi: 0.0388 (True: 0.0000) | SQE: 0.001507
2026-08-27 10:29:18 | INFO |   eta: 0.0930 (True: 0.1000) | SQE: 0.000049
2026-08-27 10:29:18 | INFO | Alternating low-rank optimizer diagnostics:
2026-08-27 10:29:18 | INFO |   penalized_objective: 0.554002
2026-08-27 10:29:18 | INFO |   mple_loss_without_penalty: 0.517890
2026-08-27 10:29:18 | INFO |   lambda_uv_ridge: 0.100000
2026-08-27 10:29:18 | INFO |   u_frobenius_norm: 72.445958
2026-08-27 10:29:18 | INFO |   v_frobenius_norm: 1.732051
2026-08-27 10:29:18 | INFO |   effective_rank: 3.000000
2026-08-27 10:29:18 | INFO | Field and interaction diagnostics:
2026-08-27 10:29:18 | INFO |   field_rmse: 0.468272
2026-08-27 10:29:18 | INFO |   interaction_fro_error: 0.165677
2026-08-27 10:29:18 | INFO |   estimated_field_max_abs_entry: 1.791157
2026-08-27 10:29:18 | INFO |   estimated_field_rank: 3.000000
2026-08-27 10:29:18 | INFO |   true_field_max_abs_entry: 5.073226
2026-08-27 10:29:18 | INFO |   true_field_rank: 3.000000
2026-08-27 10:29:18 | INFO | Saved summary table to /orcd/home/002/phevosp/MPLE-Causal-Inference/experiments/SyntheticSNN/no_interference_confounding_beta_015/cv_runs/default/candidates/default_candidate_0005/fold_4/mple_summary.csv
2026-08-27 10:29:18 | INFO | Log saved to /orcd/home/002/phevosp/MPLE-Causal-Inference/experiments/SyntheticSNN/no_interference_confounding_beta_015/cv_runs/default/candidates/default_candidate_0005/fold_4/mple.log
