2026-05-03 13:17:56 | INFO | Loading data...
2026-05-03 13:17:56 | INFO | Using panel artifact: /orcd/home/002/phevosp/MPLE-Causal-Inference/experiments/USCountyVaccination/outcome_death_rate_100k_ge_2__intervention_complete_cov_ge_30__lag_2w__distance_kernel_8__start_2020_03_01/panel_data.npz
2026-05-03 13:17:56 | INFO | Using x_0 artifact: /orcd/home/002/phevosp/MPLE-Causal-Inference/experiments/USCountyVaccination/outcome_death_rate_100k_ge_2__intervention_complete_cov_ge_30__lag_2w__distance_kernel_8__start_2020_03_01/x_0.npy
2026-05-03 13:17:56 | INFO | Using fit config: /orcd/home/002/phevosp/MPLE-Causal-Inference/experiments/USCountyVaccination/outcome_death_rate_100k_ge_2__intervention_complete_cov_ge_30__lag_2w__distance_kernel_8__start_2020_03_01/cv_runs/alternating_uv_grid/candidates/alternating_uv_grid_candidate_0004/fold_7/fit_realized_config.yaml
2026-05-03 13:17:56 | INFO | Using model artifact directory: /orcd/home/002/phevosp/MPLE-Causal-Inference/experiments/USCountyVaccination/outcome_death_rate_100k_ge_2__intervention_complete_cov_ge_30__lag_2w__distance_kernel_8__start_2020_03_01
2026-05-03 13:17:56 | INFO | Using truth artifact directory: /orcd/home/002/phevosp/MPLE-Causal-Inference/experiments/USCountyVaccination/outcome_death_rate_100k_ge_2__intervention_complete_cov_ge_30__lag_2w__distance_kernel_8__start_2020_03_01
2026-05-03 13:17:56 | INFO | Using loss mask artifact: /orcd/home/002/phevosp/MPLE-Causal-Inference/experiments/USCountyVaccination/outcome_death_rate_100k_ge_2__intervention_complete_cov_ge_30__lag_2w__distance_kernel_8__start_2020_03_01/cv_runs/alternating_uv_grid/candidates/alternating_uv_grid_candidate_0004/fold_7/loss_mask.npy
2026-05-03 13:17:56 | INFO | Configured optimizer mode: alternating_latent_rank
2026-05-03 13:17:56 | INFO | Configured latent rank: 5
2026-05-03 13:17:56 | INFO | Using a fixed known graph with scalar xi.
2026-05-03 13:17:56 | INFO | Fit-time hard bounds active: False
2026-05-03 13:17:56 | INFO | Fixed scalar parameters: {}
2026-05-03 13:17:56 | INFO | Warm-start fixed scalars: {} for 0 steps
2026-05-03 13:17:56 | INFO | Beta mask before s: True with s=50
2026-05-03 13:17:56 | INFO | Beta mask after e: True with e=115
2026-05-03 13:17:56 | INFO | Alternating V-column L2-ball constraint active with radius 1.0
2026-05-03 13:17:56 | INFO | Optimizer settings: steps=2000, tol=1e-07, n_starts=1, seed=0, lambda_nuclear=0.0, lambda_frobenius=0.0, lambda_uv_ridge=0.1, v_column_l2_max=1.0, proximal_lr=1.0
2026-05-03 13:17:56 | INFO | Alternating low-rank start 1/1 | seed=0 | initial_loss=0.830260 | initial_penalized=0.830265
2026-05-03 13:17:56 | INFO | Alternating low-rank iter 0 | Loss: 0.498707 | Penalized: 0.507711
2026-05-03 13:18:08 | INFO | Alternating low-rank iter 100 | Loss: 0.413390 | Penalized: 0.432137
2026-05-03 13:18:19 | INFO | Alternating low-rank iter 200 | Loss: 0.413062 | Penalized: 0.431276
2026-05-03 13:18:30 | INFO | Alternating low-rank iter 300 | Loss: 0.413039 | Penalized: 0.431194
2026-05-03 13:18:33 | INFO | Done fitting.
2026-05-03 13:18:33 | INFO | Optimizer status: CONVERGED: alternating objective tolerance reached
2026-05-03 13:18:33 | INFO | Best optimizer start: 1 / 1
2026-05-03 13:18:33 | INFO | Final Loss: 0.413039
2026-05-03 13:18:33 | INFO | Estimated Parameters:
2026-05-03 13:18:33 | INFO |   beta: -0.0164
2026-05-03 13:18:33 | INFO |   xi: 1.5568
2026-05-03 13:18:33 | INFO |   eta: 0.1844
2026-05-03 13:18:33 | INFO | Alternating low-rank optimizer diagnostics:
2026-05-03 13:18:33 | INFO |   penalized_objective: 0.431190
2026-05-03 13:18:33 | INFO |   mple_loss_without_penalty: 0.413039
2026-05-03 13:18:33 | INFO |   lambda_uv_ridge: 0.100000
2026-05-03 13:18:33 | INFO |   u_frobenius_norm: 203.396306
2026-05-03 13:18:33 | INFO |   v_frobenius_norm: 2.236068
2026-05-03 13:18:33 | INFO |   effective_rank: 5.000000
2026-05-03 13:18:33 | INFO | Field and interaction diagnostics:
2026-05-03 13:18:33 | INFO |   estimated_field_max_abs_entry: 2.179079
2026-05-03 13:18:33 | INFO |   estimated_field_rank: 5.000000
2026-05-03 13:18:33 | INFO | Saved summary table to /orcd/home/002/phevosp/MPLE-Causal-Inference/experiments/USCountyVaccination/outcome_death_rate_100k_ge_2__intervention_complete_cov_ge_30__lag_2w__distance_kernel_8__start_2020_03_01/cv_runs/alternating_uv_grid/candidates/alternating_uv_grid_candidate_0004/fold_7/mple_summary.csv
2026-05-03 13:18:33 | INFO | Log saved to /orcd/home/002/phevosp/MPLE-Causal-Inference/experiments/USCountyVaccination/outcome_death_rate_100k_ge_2__intervention_complete_cov_ge_30__lag_2w__distance_kernel_8__start_2020_03_01/cv_runs/alternating_uv_grid/candidates/alternating_uv_grid_candidate_0004/fold_7/mple.log
