2026-04-08 11:41:01 | INFO | Loading data...
2026-04-08 11:41:01 | INFO | Loaded 6 field templates and 1 interaction templates.
2026-04-08 11:41:01 | INFO | Intervention-process model enabled: True
2026-04-08 11:41:01 | INFO | Tau zero-mean enabled: False
2026-04-08 11:41:01 | INFO | Tau smoothness lambda: 0.000000
2026-04-08 11:41:01 | INFO | Running conditional-model MPLE on x with shape=(67, 3203)
2026-04-08 11:41:01 | INFO | Eval 0  |  Loss: 0.670157
2026-04-08 11:41:01 | INFO |   field::population_density: +0.0126,  field::senior_population: -0.0132,  field::college_education: +0.0640,  field::poverty_rate: +0.0105,  field::log_population: -0.0536,  field::median_household_income: +0.0362,  tau block: mean=+0.0102, std=0.0970, min=-0.2325, max=+0.1960,  beta: -0.0618,  interaction::contiguity: +0.1822,  eta: -0.1320,  zeta: -0.0662,  psi: +0.0935
2026-04-08 11:41:04 | INFO | Done fitting.
2026-04-08 11:41:04 | INFO | Optimizer status: CONVERGENCE: RELATIVE REDUCTION OF F <= FACTR*EPSMCH
2026-04-08 11:41:04 | INFO | Final Loss: 0.151977
2026-04-08 11:41:04 | INFO | Estimated Parameters:
2026-04-08 11:41:04 | INFO |   field::population_density: -0.4337
2026-04-08 11:41:04 | INFO |   field::senior_population: -0.1935
2026-04-08 11:41:04 | INFO |   field::college_education: -0.2543
2026-04-08 11:41:04 | INFO |   field::poverty_rate: -0.2012
2026-04-08 11:41:04 | INFO |   field::log_population: 0.1427
2026-04-08 11:41:04 | INFO |   field::median_household_income: -0.0571
2026-04-08 11:41:04 | INFO |   tau::t_0: -0.2149
2026-04-08 11:41:04 | INFO |   tau::t_1: -0.2365
2026-04-08 11:41:04 | INFO |   tau::t_2: -0.3674
2026-04-08 11:41:04 | INFO |   tau::t_3: 0.0029
2026-04-08 11:41:04 | INFO |   tau::t_4: -0.2209
2026-04-08 11:41:04 | INFO |   tau::t_5: -0.0381
2026-04-08 11:41:04 | INFO |   tau::t_6: -0.1058
2026-04-08 11:41:04 | INFO |   tau::t_7: -0.0311
2026-04-08 11:41:04 | INFO |   tau::t_8: -0.1126
2026-04-08 11:41:04 | INFO |   tau::t_9: -0.0213
2026-04-08 11:41:04 | INFO |   tau::t_10: -0.0796
2026-04-08 11:41:04 | INFO |   tau::t_11: -0.2288
2026-04-08 11:41:04 | INFO |   tau::t_12: -0.2285
2026-04-08 11:41:04 | INFO |   tau::t_13: -0.3285
2026-04-08 11:41:04 | INFO |   tau::t_14: -0.3655
2026-04-08 11:41:04 | INFO |   tau::t_15: -0.5351
2026-04-08 11:41:04 | INFO |   tau::t_16: -0.3891
2026-04-08 11:41:04 | INFO |   tau::t_17: -0.7716
2026-04-08 11:41:04 | INFO |   tau::t_18: -0.4833
2026-04-08 11:41:04 | INFO |   tau::t_19: -0.6668
2026-04-08 11:41:04 | INFO |   tau::t_20: -0.5619
2026-04-08 11:41:04 | INFO |   tau::t_21: -0.5601
2026-04-08 11:41:04 | INFO |   tau::t_22: -0.2900
2026-04-08 11:41:04 | INFO |   tau::t_23: -0.1791
2026-04-08 11:41:04 | INFO |   tau::t_24: 0.0643
2026-04-08 11:41:04 | INFO |   tau::t_25: 0.2315
2026-04-08 11:41:04 | INFO |   tau::t_26: 0.2281
2026-04-08 11:41:04 | INFO |   tau::t_27: 0.2594
2026-04-08 11:41:04 | INFO |   tau::t_28: 0.2313
2026-04-08 11:41:04 | INFO |   tau::t_29: 0.2193
2026-04-08 11:41:04 | INFO |   tau::t_30: 0.1942
2026-04-08 11:41:04 | INFO |   tau::t_31: 0.0334
2026-04-08 11:41:04 | INFO |   tau::t_32: 0.1703
2026-04-08 11:41:04 | INFO |   tau::t_33: -0.0682
2026-04-08 11:41:04 | INFO |   tau::t_34: -0.1261
2026-04-08 11:41:04 | INFO |   tau::t_35: -0.1362
2026-04-08 11:41:04 | INFO |   tau::t_36: -0.1789
2026-04-08 11:41:04 | INFO |   tau::t_37: -0.1986
2026-04-08 11:41:04 | INFO |   tau::t_38: -0.0239
2026-04-08 11:41:04 | INFO |   tau::t_39: -0.0496
2026-04-08 11:41:04 | INFO |   tau::t_40: 0.0412
2026-04-08 11:41:04 | INFO |   tau::t_41: 0.0764
2026-04-08 11:41:04 | INFO |   tau::t_42: -0.3144
2026-04-08 11:41:04 | INFO |   tau::t_43: 0.3408
2026-04-08 11:41:04 | INFO |   tau::t_44: -0.0160
2026-04-08 11:41:04 | INFO |   tau::t_45: -0.0510
2026-04-08 11:41:04 | INFO |   tau::t_46: -0.0318
2026-04-08 11:41:04 | INFO |   tau::t_47: 0.4938
2026-04-08 11:41:04 | INFO |   tau::t_48: 0.8198
2026-04-08 11:41:04 | INFO |   tau::t_49: 0.8869
2026-04-08 11:41:04 | INFO |   tau::t_50: 1.2069
2026-04-08 11:41:04 | INFO |   tau::t_51: 1.1968
2026-04-08 11:41:04 | INFO |   tau::t_52: 0.3466
2026-04-08 11:41:04 | INFO |   tau::t_53: -0.2157
2026-04-08 11:41:04 | INFO |   tau::t_54: -0.3574
2026-04-08 11:41:04 | INFO |   tau::t_55: -0.4098
2026-04-08 11:41:04 | INFO |   tau::t_56: -0.2124
2026-04-08 11:41:04 | INFO |   tau::t_57: -0.2224
2026-04-08 11:41:04 | INFO |   tau::t_58: -0.2309
2026-04-08 11:41:04 | INFO |   tau::t_59: -0.3505
2026-04-08 11:41:04 | INFO |   tau::t_60: -0.3987
2026-04-08 11:41:04 | INFO |   tau::t_61: -0.3423
2026-04-08 11:41:04 | INFO |   tau::t_62: -0.1840
2026-04-08 11:41:04 | INFO |   tau::t_63: -0.0641
2026-04-08 11:41:04 | INFO |   tau::t_64: -0.1373
2026-04-08 11:41:04 | INFO |   tau::t_65: 0.0129
2026-04-08 11:41:04 | INFO |   tau::t_66: -0.0021
2026-04-08 11:41:04 | INFO |   beta: -0.0103
2026-04-08 11:41:04 | INFO |   interaction::contiguity: 2.6277
2026-04-08 11:41:04 | INFO |   eta: 0.5431
2026-04-08 11:41:04 | INFO |   zeta: -0.5177
2026-04-08 11:41:04 | INFO |   psi: 2.2748
2026-04-08 11:41:04 | INFO | Saved summary tables to C:\Users\phevo\Documents\MIT\Code\MPLE-Causal-Inference\experiments\USCountyVaccination_US_features_new\outcome_case_rate_100k_ge_200__intervention_complete_cov_ge_10__lag_3w__contiguity\mple_summary.csv and C:\Users\phevo\Documents\MIT\Code\MPLE-Causal-Inference\experiments\USCountyVaccination_US_features_new\outcome_case_rate_100k_ge_200__intervention_complete_cov_ge_10__lag_3w__contiguity\mple_summary.md
2026-04-08 11:41:04 | INFO | Log saved to C:\Users\phevo\Documents\MIT\Code\MPLE-Causal-Inference\experiments\USCountyVaccination_US_features_new\outcome_case_rate_100k_ge_200__intervention_complete_cov_ge_10__lag_3w__contiguity\mple.log
