2026-04-27 12:33:32 | INFO | Loading data...
2026-04-27 12:33:32 | INFO | Using panel artifact: /orcd/home/002/phevosp/MPLE-Causal-Inference/experiments/SyntheticHybridExperiments/hybrid_us_county_intervention_uscounty_graph_confounding/panel_data.npz
2026-04-27 12:33:32 | INFO | Using x_0 artifact: /orcd/home/002/phevosp/MPLE-Causal-Inference/experiments/SyntheticHybridExperiments/hybrid_us_county_intervention_uscounty_graph_confounding/x_0.npy
2026-04-27 12:33:32 | INFO | Using fit config: /orcd/home/002/phevosp/MPLE-Causal-Inference/experiments/SyntheticHybridExperiments/hybrid_us_county_intervention_uscounty_graph_confounding/fits/zero_external_field_ws_xi_zero/fit_realized_config.yaml
2026-04-27 12:33:32 | INFO | Using model artifact directory: /orcd/home/002/phevosp/MPLE-Causal-Inference/experiments/SyntheticHybridExperiments/hybrid_us_county_intervention_uscounty_graph_confounding
2026-04-27 12:33:32 | INFO | Using truth artifact directory: /orcd/home/002/phevosp/MPLE-Causal-Inference/experiments/SyntheticHybridExperiments/hybrid_us_county_intervention_uscounty_graph_confounding
2026-04-27 12:33:32 | INFO | Configured optimizer mode: no_external_field
2026-04-27 12:33:32 | INFO | Configured latent rank: 0
2026-04-27 12:33:32 | INFO | Using a fixed known graph with scalar xi.
2026-04-27 12:33:32 | INFO | Fit-time hard bounds active: False
2026-04-27 12:33:32 | INFO | Fixed scalar parameters: {}
2026-04-27 12:33:32 | INFO | Warm-start fixed scalars: {'xi': 0.0} for 5000 steps
2026-04-27 12:33:32 | INFO | Beta mask before s: False with s=55
2026-04-27 12:33:32 | INFO | Beta mask after e: False with e=120
2026-04-27 12:33:32 | INFO | Optimizer settings: steps=20000, tol=1e-09, n_starts=1, seed=0, lambda_nuclear=0.0, lambda_frobenius=0.0, lambda_uv_ridge=0.0, proximal_lr=1.0
2026-04-27 12:33:32 | INFO | Done fitting.
2026-04-27 12:33:32 | INFO | Optimizer status: Optimization terminated successfully.
2026-04-27 12:33:32 | INFO | Best optimizer start: 1 / 1
2026-04-27 12:33:32 | INFO | Final Loss: 0.561291
2026-04-27 12:33:32 | INFO | Estimated vs True Parameters:
2026-04-27 12:33:32 | INFO |   beta: -0.1323 (True: -0.3000) | SQE: 0.028121
2026-04-27 12:33:32 | INFO |   xi: 1.2726 (True: 0.8000) | SQE: 0.223312
2026-04-27 12:33:32 | INFO |   eta: 0.3164 (True: 0.3000) | SQE: 0.000270
2026-04-27 12:33:32 | INFO | Field and interaction diagnostics:
2026-04-27 12:33:32 | INFO |   field_rmse: 0.414612
2026-04-27 12:33:32 | INFO |   interaction_fro_error: 4.462708
2026-04-27 12:33:32 | INFO |   estimated_field_max_abs_entry: 0.000000
2026-04-27 12:33:32 | INFO |   estimated_field_rank: 0.000000
2026-04-27 12:33:32 | INFO |   true_field_max_abs_entry: 2.000000
2026-04-27 12:33:32 | INFO |   true_field_rank: 21.000000
2026-04-27 12:33:32 | INFO | Saved summary table to /orcd/home/002/phevosp/MPLE-Causal-Inference/experiments/SyntheticHybridExperiments/hybrid_us_county_intervention_uscounty_graph_confounding/fits/zero_external_field_ws_xi_zero/mple_summary.csv
2026-04-27 12:33:32 | INFO | Log saved to /orcd/home/002/phevosp/MPLE-Causal-Inference/experiments/SyntheticHybridExperiments/hybrid_us_county_intervention_uscounty_graph_confounding/fits/zero_external_field_ws_xi_zero/mple.log
