2026-04-12 13:27:31 | INFO | Loading data...
2026-04-12 13:27:31 | INFO | Using panel artifact: C:\Users\phevo\Documents\MIT\Code\MPLE-Causal-Inference\experiments\SyntheticHybridExperiments\hybrid_generated_intervention_uscounty_graph_rank_40\panel_data.npz
2026-04-12 13:27:31 | INFO | Using x_0 artifact: C:\Users\phevo\Documents\MIT\Code\MPLE-Causal-Inference\experiments\SyntheticHybridExperiments\hybrid_generated_intervention_uscounty_graph_rank_40\x_0.npy
2026-04-12 13:27:31 | INFO | Using z_0 artifact: C:\Users\phevo\Documents\MIT\Code\MPLE-Causal-Inference\experiments\SyntheticHybridExperiments\hybrid_generated_intervention_uscounty_graph_rank_40\z_0.npy
2026-04-12 13:27:31 | INFO | Using fit config: C:\Users\phevo\Documents\MIT\Code\MPLE-Causal-Inference\experiments\SyntheticHybridExperiments\hybrid_generated_intervention_uscounty_graph_rank_40\fits\rank_6_b6\fit_realized_config.yaml
2026-04-12 13:27:31 | INFO | Using model artifact directory: C:\Users\phevo\Documents\MIT\Code\MPLE-Causal-Inference\experiments\SyntheticHybridExperiments\hybrid_generated_intervention_uscounty_graph_rank_40
2026-04-12 13:27:31 | INFO | Using truth artifact directory: C:\Users\phevo\Documents\MIT\Code\MPLE-Causal-Inference\experiments\SyntheticHybridExperiments\hybrid_generated_intervention_uscounty_graph_rank_40
2026-04-12 13:27:31 | INFO | Configured latent rank: 6
2026-04-12 13:27:31 | INFO | Using a fixed known graph with scalar xi.
2026-04-12 13:27:31 | INFO | Intervention-process model enabled: True
2026-04-12 13:27:31 | INFO | Global temperature bound B active: True
2026-04-12 13:27:31 | INFO | Effective xi bound from interaction constraint: 6.000000
2026-04-12 13:27:31 | INFO | Beta mask pre-intervention enabled: False
2026-04-12 13:27:31 | INFO | Beta mask rescale enabled: False
2026-04-12 13:27:31 | INFO | Fixed scalar parameters: {}
2026-04-12 13:27:31 | INFO | Eval 0  |  Loss: 0.719572
2026-04-12 13:27:31 | INFO |   beta: -0.0150,  xi: -0.0239,  eta: -0.1255,  zeta: -0.0447,  psi: -0.0128
2026-04-12 13:27:39 | INFO | Eval 100  |  Loss: 0.533777
2026-04-12 13:27:39 | INFO |   beta: +0.3465,  xi: +0.8000,  eta: +0.4751,  zeta: -0.5399,  psi: +0.7914
2026-04-12 13:27:46 | INFO | Eval 200  |  Loss: 0.533793
2026-04-12 13:27:46 | INFO |   beta: +0.3477,  xi: +0.8730,  eta: +0.4774,  zeta: -0.5333,  psi: +0.7822
2026-04-12 13:27:51 | INFO | Done fitting.
2026-04-12 13:27:51 | INFO | Optimizer status: CONVERGENCE: RELATIVE REDUCTION OF F <= FACTR*EPSMCH
2026-04-12 13:27:51 | INFO | Final Loss: 0.533667
2026-04-12 13:27:51 | INFO | Estimated vs True Parameters:
2026-04-12 13:27:51 | INFO |   beta: 0.3474 (True: 0.3500) | SQE: 0.000007
2026-04-12 13:27:51 | INFO |   xi: 0.7652 (True: 0.7500) | SQE: 0.000231
2026-04-12 13:27:51 | INFO |   eta: 0.4790 (True: 0.4800) | SQE: 0.000001
2026-04-12 13:27:51 | INFO |   zeta: -0.5562 (True: -0.5500) | SQE: 0.000038
2026-04-12 13:27:51 | INFO |   psi: 0.8032 (True: 0.8000) | SQE: 0.000010
2026-04-12 13:27:51 | INFO | Field and interaction diagnostics:
2026-04-12 13:27:51 | INFO |   field_rmse: 0.002217
2026-04-12 13:27:51 | INFO |   interaction_fro_error: 0.143493
2026-04-12 13:27:51 | INFO |   estimated_field_inf_norm: 6.000000
2026-04-12 13:27:51 | INFO |   estimated_field_rank: 6.000000
2026-04-12 13:27:51 | INFO |   bound_B: 6.000000
2026-04-12 13:27:51 | INFO |   true_field_inf_norm: 5.000000
2026-04-12 13:27:51 | INFO |   true_field_rank: 40.000000
2026-04-12 13:27:51 | INFO | Saved summary tables to C:\Users\phevo\Documents\MIT\Code\MPLE-Causal-Inference\experiments\SyntheticHybridExperiments\hybrid_generated_intervention_uscounty_graph_rank_40\fits\rank_6_b6\mple_summary.csv and C:\Users\phevo\Documents\MIT\Code\MPLE-Causal-Inference\experiments\SyntheticHybridExperiments\hybrid_generated_intervention_uscounty_graph_rank_40\fits\rank_6_b6\mple_summary.md
2026-04-12 13:27:51 | INFO | Log saved to C:\Users\phevo\Documents\MIT\Code\MPLE-Causal-Inference\experiments\SyntheticHybridExperiments\hybrid_generated_intervention_uscounty_graph_rank_40\fits\rank_6_b6\mple.log
