2026-07-26 05:35:56 | INFO | Loading data...
2026-07-26 05:35:56 | INFO | Using panel artifact: /orcd/home/002/phevosp/MPLE-Causal-Inference/experiments/SyntheticNoInterference/synth_no_interference/panel_data.npz
2026-07-26 05:35:56 | INFO | Using x_0 artifact: /orcd/home/002/phevosp/MPLE-Causal-Inference/experiments/SyntheticNoInterference/synth_no_interference/x_0.npy
2026-07-26 05:35:56 | INFO | Using fit config: /orcd/home/002/phevosp/MPLE-Causal-Inference/experiments/SyntheticNoInterference/synth_no_interference/cv_runs_baselines/treatment_shared_unit/candidates/treatment_shared_unit_candidate_0002/fold_4/fit_realized_config.yaml
2026-07-26 05:35:56 | INFO | Using model artifact directory: /orcd/home/002/phevosp/MPLE-Causal-Inference/experiments/SyntheticNoInterference/synth_no_interference
2026-07-26 05:35:56 | INFO | Using truth artifact directory: /orcd/home/002/phevosp/MPLE-Causal-Inference/experiments/SyntheticNoInterference/synth_no_interference
2026-07-26 05:35:56 | INFO | Using loss mask artifact: /orcd/home/002/phevosp/MPLE-Causal-Inference/experiments/SyntheticNoInterference/synth_no_interference/cv_runs_baselines/treatment_shared_unit/candidates/treatment_shared_unit_candidate_0002/fold_4/loss_mask.npy
2026-07-26 05:35:56 | INFO | Configured optimizer mode: alternating_treatment_shared_unit_latent_rank
2026-07-26 05:35:56 | INFO | Configured latent rank: 1
2026-07-26 05:35:56 | INFO | Using a fixed known graph with scalar xi.
2026-07-26 05:35:56 | INFO | Fit-time hard bounds active: False
2026-07-26 05:35:56 | INFO | Fixed scalar parameters: {'beta': 0.0, 'xi': 0.0, 'eta': 0.0}
2026-07-26 05:35:56 | INFO | Warm-start fixed scalars: {} for 0 steps
2026-07-26 05:35:56 | INFO | Beta-gradient mask before s: False with s=0
2026-07-26 05:35:56 | INFO | Beta-gradient mask after e: False with e=11
2026-07-26 05:35:56 | INFO | Alternating V-column L2-ball constraint active with radius 1.0
2026-07-26 05:35:56 | INFO | Optimizer settings: steps=2000, tol=1e-07, n_starts=1, seed=0, lambda_nuclear=0.0, lambda_frobenius=0.0, lambda_uv_ridge=0.005, v_column_l2_max=1.0, proximal_lr=1.0
2026-07-26 05:35:56 | INFO | Treatment-shared-unit alternating low-rank start 1/1 | seed=0 | initial_loss=0.693139 | initial_penalized=0.693140
2026-07-26 05:35:56 | INFO | Treatment-shared-unit alternating low-rank iter 0 | Loss: 0.687766 | Penalized: 0.687783
2026-07-26 05:35:57 | INFO | Treatment-shared-unit alternating low-rank iter 100 | Loss: 0.617256 | Penalized: 0.621223
2026-07-26 05:35:58 | INFO | Treatment-shared-unit alternating low-rank iter 200 | Loss: 0.617266 | Penalized: 0.621230
2026-07-26 05:36:00 | INFO | Treatment-shared-unit alternating low-rank iter 300 | Loss: 0.617264 | Penalized: 0.621229
2026-07-26 05:36:01 | INFO | Treatment-shared-unit alternating low-rank iter 400 | Loss: 0.617248 | Penalized: 0.621217
2026-07-26 05:36:02 | INFO | Treatment-shared-unit alternating low-rank iter 500 | Loss: 0.617247 | Penalized: 0.621216
2026-07-26 05:36:03 | INFO | Treatment-shared-unit alternating low-rank iter 600 | Loss: 0.617247 | Penalized: 0.621216
2026-07-26 05:36:04 | INFO | Treatment-shared-unit alternating low-rank iter 700 | Loss: 0.617247 | Penalized: 0.621216
2026-07-26 05:36:05 | INFO | Treatment-shared-unit alternating low-rank iter 800 | Loss: 0.617247 | Penalized: 0.621216
2026-07-26 05:36:06 | INFO | Treatment-shared-unit alternating low-rank iter 900 | Loss: 0.617247 | Penalized: 0.621216
2026-07-26 05:36:07 | INFO | Treatment-shared-unit alternating low-rank iter 1000 | Loss: 0.617247 | Penalized: 0.621216
2026-07-26 05:36:08 | INFO | Treatment-shared-unit alternating low-rank iter 1100 | Loss: 0.617247 | Penalized: 0.621216
2026-07-26 05:36:09 | INFO | Treatment-shared-unit alternating low-rank iter 1200 | Loss: 0.617247 | Penalized: 0.621216
2026-07-26 05:36:11 | INFO | Treatment-shared-unit alternating low-rank iter 1300 | Loss: 0.617247 | Penalized: 0.621216
2026-07-26 05:36:12 | INFO | Treatment-shared-unit alternating low-rank iter 1400 | Loss: 0.617247 | Penalized: 0.621216
2026-07-26 05:36:13 | INFO | Treatment-shared-unit alternating low-rank iter 1500 | Loss: 0.617247 | Penalized: 0.621216
2026-07-26 05:36:14 | INFO | Treatment-shared-unit alternating low-rank iter 1600 | Loss: 0.617247 | Penalized: 0.621216
2026-07-26 05:36:15 | INFO | Treatment-shared-unit alternating low-rank iter 1700 | Loss: 0.617247 | Penalized: 0.621216
2026-07-26 05:36:16 | INFO | Treatment-shared-unit alternating low-rank iter 1800 | Loss: 0.617247 | Penalized: 0.621216
2026-07-26 05:36:17 | INFO | Treatment-shared-unit alternating low-rank iter 1900 | Loss: 0.617247 | Penalized: 0.621216
2026-07-26 05:36:18 | INFO | Done fitting.
2026-07-26 05:36:18 | INFO | Optimizer status: STOP: TOTAL NO. OF OUTER ITERATIONS REACHED LIMIT
2026-07-26 05:36:18 | INFO | Best optimizer start: 1 / 1
2026-07-26 05:36:18 | INFO | Final Loss: 0.617227
2026-07-26 05:36:18 | INFO | Estimated vs True Parameters:
2026-07-26 05:36:18 | INFO |   beta: 0.0000 (True: -0.3000) | SQE: 0.090000
2026-07-26 05:36:18 | INFO |   xi: 0.0000 (True: 0.0000) | SQE: 0.000000
2026-07-26 05:36:18 | INFO |   eta: 0.0000 (True: 0.3000) | SQE: 0.090000
2026-07-26 05:36:18 | INFO | Treatment-shared-unit alternating low-rank optimizer diagnostics:
2026-07-26 05:36:18 | INFO |   penalized_objective: 0.621191
2026-07-26 05:36:18 | INFO |   mple_loss_without_penalty: 0.617227
2026-07-26 05:36:18 | INFO |   lambda_uv_ridge: 0.005000
2026-07-26 05:36:18 | INFO |   u_frobenius_norm: 1.000000
2026-07-26 05:36:18 | INFO |   v_frobenius_norm: 109.152614
2026-07-26 05:36:18 | INFO |   effective_rank: 50.000000
2026-07-26 05:36:18 | INFO | Field and interaction diagnostics:
2026-07-26 05:36:18 | INFO |   field_rmse: 0.627706
2026-07-26 05:36:18 | INFO |   interaction_fro_error: 0.000000
2026-07-26 05:36:18 | INFO |   estimated_field_max_abs_entry: 4.472071
2026-07-26 05:36:18 | INFO |   estimated_field_rank: 50.000000
2026-07-26 05:36:18 | INFO |   true_field_max_abs_entry: 4.447602
2026-07-26 05:36:18 | INFO |   true_field_rank: 3.000000
2026-07-26 05:36:18 | INFO | Saved summary table to /orcd/home/002/phevosp/MPLE-Causal-Inference/experiments/SyntheticNoInterference/synth_no_interference/cv_runs_baselines/treatment_shared_unit/candidates/treatment_shared_unit_candidate_0002/fold_4/mple_summary.csv
2026-07-26 05:36:18 | INFO | Log saved to /orcd/home/002/phevosp/MPLE-Causal-Inference/experiments/SyntheticNoInterference/synth_no_interference/cv_runs_baselines/treatment_shared_unit/candidates/treatment_shared_unit_candidate_0002/fold_4/mple.log
