2026-04-07 13:33:06 | INFO | Loading data...
2026-04-07 13:33:07 | INFO | Loaded 6 field templates and 1 interaction templates.
2026-04-07 13:33:07 | INFO | Intervention-process model enabled: True
2026-04-07 13:33:07 | INFO | Tau zero-mean enabled: False
2026-04-07 13:33:07 | INFO | Tau smoothness lambda: 0.000000
2026-04-07 13:33:07 | INFO | Running conditional-model MPLE on x with shape=(66, 3203)
2026-04-07 13:33:07 | INFO | Eval 0  |  Loss: 0.703604
2026-04-07 13:33:07 | INFO |   field::log_population: +0.0126,  field::median_household_income: -0.0132,  field::poverty_rate: +0.0640,  field::pct_black: +0.0105,  field::pct_hispanic: -0.0536,  field::pct_in_labor_force: +0.0362,  tau block: mean=+0.0089, std=0.0971, min=-0.2325, max=+0.1960,  beta: +0.1004,  interaction::contiguity: -0.0618,  eta: +0.1822,  zeta: -0.1320,  psi: -0.0662
2026-04-07 13:33:11 | INFO | Done fitting.
2026-04-07 13:33:11 | INFO | Optimizer status: CONVERGENCE: RELATIVE REDUCTION OF F <= FACTR*EPSMCH
2026-04-07 13:33:11 | INFO | Final Loss: 0.273052
2026-04-07 13:33:11 | INFO | Estimated Parameters:
2026-04-07 13:33:11 | INFO |   field::log_population: 0.9584
2026-04-07 13:33:11 | INFO |   field::median_household_income: -1.2123
2026-04-07 13:33:11 | INFO |   field::poverty_rate: -0.6589
2026-04-07 13:33:11 | INFO |   field::pct_black: -0.0892
2026-04-07 13:33:11 | INFO |   field::pct_hispanic: -0.3666
2026-04-07 13:33:11 | INFO |   field::pct_in_labor_force: -0.0544
2026-04-07 13:33:11 | INFO |   tau::t_0: -0.0791
2026-04-07 13:33:11 | INFO |   tau::t_1: -0.1816
2026-04-07 13:33:11 | INFO |   tau::t_2: -0.1133
2026-04-07 13:33:11 | INFO |   tau::t_3: -0.1645
2026-04-07 13:33:11 | INFO |   tau::t_4: -0.2392
2026-04-07 13:33:11 | INFO |   tau::t_5: -0.3116
2026-04-07 13:33:11 | INFO |   tau::t_6: -0.3222
2026-04-07 13:33:11 | INFO |   tau::t_7: -0.3645
2026-04-07 13:33:11 | INFO |   tau::t_8: -0.3401
2026-04-07 13:33:11 | INFO |   tau::t_9: -0.3329
2026-04-07 13:33:11 | INFO |   tau::t_10: -0.3946
2026-04-07 13:33:11 | INFO |   tau::t_11: -0.4097
2026-04-07 13:33:11 | INFO |   tau::t_12: -0.3976
2026-04-07 13:33:11 | INFO |   tau::t_13: -0.4248
2026-04-07 13:33:11 | INFO |   tau::t_14: -0.4401
2026-04-07 13:33:11 | INFO |   tau::t_15: -0.3495
2026-04-07 13:33:11 | INFO |   tau::t_16: -0.5295
2026-04-07 13:33:11 | INFO |   tau::t_17: -0.4843
2026-04-07 13:33:11 | INFO |   tau::t_18: -0.6214
2026-04-07 13:33:11 | INFO |   tau::t_19: -0.6320
2026-04-07 13:33:11 | INFO |   tau::t_20: -0.6612
2026-04-07 13:33:11 | INFO |   tau::t_21: -0.7425
2026-04-07 13:33:11 | INFO |   tau::t_22: -0.6237
2026-04-07 13:33:11 | INFO |   tau::t_23: -0.6096
2026-04-07 13:33:11 | INFO |   tau::t_24: -0.5568
2026-04-07 13:33:11 | INFO |   tau::t_25: -0.4208
2026-04-07 13:33:11 | INFO |   tau::t_26: -0.3313
2026-04-07 13:33:11 | INFO |   tau::t_27: -0.2564
2026-04-07 13:33:11 | INFO |   tau::t_28: -0.2017
2026-04-07 13:33:11 | INFO |   tau::t_29: -0.1807
2026-04-07 13:33:11 | INFO |   tau::t_30: -0.1517
2026-04-07 13:33:11 | INFO |   tau::t_31: -0.0450
2026-04-07 13:33:11 | INFO |   tau::t_32: -0.0532
2026-04-07 13:33:11 | INFO |   tau::t_33: -0.0377
2026-04-07 13:33:11 | INFO |   tau::t_34: -0.0899
2026-04-07 13:33:11 | INFO |   tau::t_35: -0.0933
2026-04-07 13:33:11 | INFO |   tau::t_36: -0.0831
2026-04-07 13:33:11 | INFO |   tau::t_37: -0.1047
2026-04-07 13:33:11 | INFO |   tau::t_38: -0.1691
2026-04-07 13:33:11 | INFO |   tau::t_39: -0.1679
2026-04-07 13:33:11 | INFO |   tau::t_40: -0.1534
2026-04-07 13:33:11 | INFO |   tau::t_41: -0.3226
2026-04-07 13:33:11 | INFO |   tau::t_42: -0.0723
2026-04-07 13:33:11 | INFO |   tau::t_43: -0.1458
2026-04-07 13:33:11 | INFO |   tau::t_44: -0.1543
2026-04-07 13:33:11 | INFO |   tau::t_45: -0.2031
2026-04-07 13:33:11 | INFO |   tau::t_46: -0.1742
2026-04-07 13:33:11 | INFO |   tau::t_47: -0.0892
2026-04-07 13:33:11 | INFO |   tau::t_48: -0.0954
2026-04-07 13:33:11 | INFO |   tau::t_49: -0.0758
2026-04-07 13:33:11 | INFO |   tau::t_50: -0.0073
2026-04-07 13:33:11 | INFO |   tau::t_51: 0.0353
2026-04-07 13:33:11 | INFO |   tau::t_52: 0.0241
2026-04-07 13:33:11 | INFO |   tau::t_53: 0.0013
2026-04-07 13:33:11 | INFO |   tau::t_54: -0.0670
2026-04-07 13:33:11 | INFO |   tau::t_55: -0.1149
2026-04-07 13:33:11 | INFO |   tau::t_56: -0.1947
2026-04-07 13:33:11 | INFO |   tau::t_57: -0.2096
2026-04-07 13:33:11 | INFO |   tau::t_58: -0.2951
2026-04-07 13:33:11 | INFO |   tau::t_59: -0.3604
2026-04-07 13:33:11 | INFO |   tau::t_60: -0.4570
2026-04-07 13:33:11 | INFO |   tau::t_61: -0.4225
2026-04-07 13:33:11 | INFO |   tau::t_62: -0.5488
2026-04-07 13:33:11 | INFO |   tau::t_63: -0.5536
2026-04-07 13:33:11 | INFO |   tau::t_64: -0.4049
2026-04-07 13:33:11 | INFO |   tau::t_65: -0.6474
2026-04-07 13:33:11 | INFO |   beta: -0.0970
2026-04-07 13:33:11 | INFO |   interaction::contiguity: 1.3931
2026-04-07 13:33:11 | INFO |   eta: 0.2235
2026-04-07 13:33:11 | INFO |   zeta: -0.2495
2026-04-07 13:33:11 | INFO |   psi: 3.8184
2026-04-07 13:33:11 | INFO | Saved summary tables to C:\Users\phevo\Documents\MIT\Code\MPLE-Causal-Inference\experiments\USCountyVaccination_US\USCountyVaccination_US_tau_unrestricted\outcome_death_rate_100k_ge_2__intervention_complete_cov_ge_80__lag_4w__contiguity\mple_summary.csv and C:\Users\phevo\Documents\MIT\Code\MPLE-Causal-Inference\experiments\USCountyVaccination_US\USCountyVaccination_US_tau_unrestricted\outcome_death_rate_100k_ge_2__intervention_complete_cov_ge_80__lag_4w__contiguity\mple_summary.md
2026-04-07 13:33:11 | INFO | Log saved to C:\Users\phevo\Documents\MIT\Code\MPLE-Causal-Inference\experiments\USCountyVaccination_US\USCountyVaccination_US_tau_unrestricted\outcome_death_rate_100k_ge_2__intervention_complete_cov_ge_80__lag_4w__contiguity\mple.log
