2026-05-02 15:33:36 | INFO | Loading data...
2026-05-02 15:33:36 | INFO | Using panel artifact: /orcd/home/002/phevosp/MPLE-Causal-Inference/experiments/HybridExperiments_r1/r1_hybrid_us_county_intervention_uscounty_graph_contiguous_confounding/panel_data.npz
2026-05-02 15:33:36 | INFO | Using x_0 artifact: /orcd/home/002/phevosp/MPLE-Causal-Inference/experiments/HybridExperiments_r1/r1_hybrid_us_county_intervention_uscounty_graph_contiguous_confounding/x_0.npy
2026-05-02 15:33:36 | INFO | Using fit config: /orcd/home/002/phevosp/MPLE-Causal-Inference/experiments/HybridExperiments_r1/r1_hybrid_us_county_intervention_uscounty_graph_contiguous_confounding/cv_runs/alternating_uv_grid/candidates/alternating_uv_grid_candidate_0005/fold_4/fit_realized_config.yaml
2026-05-02 15:33:36 | INFO | Using model artifact directory: /orcd/home/002/phevosp/MPLE-Causal-Inference/experiments/HybridExperiments_r1/r1_hybrid_us_county_intervention_uscounty_graph_contiguous_confounding
2026-05-02 15:33:36 | INFO | Using truth artifact directory: /orcd/home/002/phevosp/MPLE-Causal-Inference/experiments/HybridExperiments_r1/r1_hybrid_us_county_intervention_uscounty_graph_contiguous_confounding
2026-05-02 15:33:36 | INFO | Using loss mask artifact: /orcd/home/002/phevosp/MPLE-Causal-Inference/experiments/HybridExperiments_r1/r1_hybrid_us_county_intervention_uscounty_graph_contiguous_confounding/cv_runs/alternating_uv_grid/candidates/alternating_uv_grid_candidate_0005/fold_4/loss_mask.npy
2026-05-02 15:33:36 | INFO | Configured optimizer mode: alternating_latent_rank
2026-05-02 15:33:36 | INFO | Configured latent rank: 1
2026-05-02 15:33:36 | INFO | Using a fixed known graph with scalar xi.
2026-05-02 15:33:36 | INFO | Fit-time hard bounds active: False
2026-05-02 15:33:36 | INFO | Fixed scalar parameters: {}
2026-05-02 15:33:36 | INFO | Warm-start fixed scalars: {} for 0 steps
2026-05-02 15:33:36 | INFO | Beta mask before s: True with s=50
2026-05-02 15:33:36 | INFO | Beta mask after e: True with e=109
2026-05-02 15:33:36 | INFO | Alternating V-column L2-ball constraint active with radius 1.0
2026-05-02 15:33:36 | INFO | Optimizer settings: steps=2000, tol=1e-07, n_starts=1, seed=0, lambda_nuclear=0.0, lambda_frobenius=0.0, lambda_uv_ridge=0.05, v_column_l2_max=1.0, proximal_lr=1.0
2026-05-02 15:33:36 | INFO | Alternating low-rank start 1/1 | seed=0 | initial_loss=0.696886 | initial_penalized=0.696887
2026-05-02 15:33:37 | INFO | Alternating low-rank iter 0 | Loss: 0.566854 | Penalized: 0.570078
2026-05-02 15:33:44 | INFO | Alternating low-rank iter 100 | Loss: 0.548284 | Penalized: 0.552097
2026-05-02 15:33:51 | INFO | Alternating low-rank iter 200 | Loss: 0.548479 | Penalized: 0.551901
2026-05-02 15:33:52 | INFO | Done fitting.
2026-05-02 15:33:52 | INFO | Optimizer status: CONVERGED: alternating objective tolerance reached
2026-05-02 15:33:52 | INFO | Best optimizer start: 1 / 1
2026-05-02 15:33:52 | INFO | Final Loss: 0.548492
2026-05-02 15:33:52 | INFO | Estimated vs True Parameters:
2026-05-02 15:33:52 | INFO |   beta: -0.1299 (True: -0.3000) | SQE: 0.028931
2026-05-02 15:33:52 | INFO |   xi: 1.0417 (True: 0.8000) | SQE: 0.058438
2026-05-02 15:33:52 | INFO |   eta: 0.3014 (True: 0.3000) | SQE: 0.000002
2026-05-02 15:33:52 | INFO | Alternating low-rank optimizer diagnostics:
2026-05-02 15:33:52 | INFO |   penalized_objective: 0.551899
2026-05-02 15:33:52 | INFO |   mple_loss_without_penalty: 0.548492
2026-05-02 15:33:52 | INFO |   lambda_uv_ridge: 0.050000
2026-05-02 15:33:52 | INFO |   u_frobenius_norm: 140.309537
2026-05-02 15:33:52 | INFO |   v_frobenius_norm: 1.000000
2026-05-02 15:33:52 | INFO |   effective_rank: 1.000000
2026-05-02 15:33:52 | INFO | Field and interaction diagnostics:
2026-05-02 15:33:52 | INFO |   field_rmse: 0.314823
2026-05-02 15:33:52 | INFO |   interaction_fro_error: 2.286044
2026-05-02 15:33:52 | INFO |   estimated_field_max_abs_entry: 1.085713
2026-05-02 15:33:52 | INFO |   estimated_field_rank: 1.000000
2026-05-02 15:33:52 | INFO |   true_field_max_abs_entry: 0.578902
2026-05-02 15:33:52 | INFO |   true_field_rank: 1.000000
2026-05-02 15:33:52 | INFO | Saved summary table to /orcd/home/002/phevosp/MPLE-Causal-Inference/experiments/HybridExperiments_r1/r1_hybrid_us_county_intervention_uscounty_graph_contiguous_confounding/cv_runs/alternating_uv_grid/candidates/alternating_uv_grid_candidate_0005/fold_4/mple_summary.csv
2026-05-02 15:33:52 | INFO | Log saved to /orcd/home/002/phevosp/MPLE-Causal-Inference/experiments/HybridExperiments_r1/r1_hybrid_us_county_intervention_uscounty_graph_contiguous_confounding/cv_runs/alternating_uv_grid/candidates/alternating_uv_grid_candidate_0005/fold_4/mple.log
