2026-04-08 12:23:55 | INFO | Loading data...
2026-04-08 12:23:55 | INFO | Loaded 6 field templates and 1 interaction templates.
2026-04-08 12:23:55 | INFO | Intervention-process model enabled: True
2026-04-08 12:23:55 | INFO | Tau zero-mean enabled: False
2026-04-08 12:23:55 | INFO | Tau smoothness lambda: 0.000000
2026-04-08 12:23:55 | INFO | Running conditional-model MPLE on x with shape=(66, 3137)
2026-04-08 12:23:55 | INFO | Eval 0  |  Loss: 0.707286
2026-04-08 12:23:55 | INFO |   field::population_density: +0.0126,  field::senior_population: -0.0132,  field::college_education: +0.0640,  field::poverty_rate: +0.0105,  field::log_population: -0.0536,  field::median_household_income: +0.0362,  tau block: mean=+0.0089, std=0.0971, min=-0.2325, max=+0.1960,  beta: +0.1004,  interaction::contiguity: -0.0618,  eta: +0.1822,  zeta: -0.1320,  psi: -0.0662
2026-04-08 12:23:58 | INFO | Done fitting.
2026-04-08 12:23:58 | INFO | Optimizer status: CONVERGENCE: RELATIVE REDUCTION OF F <= FACTR*EPSMCH
2026-04-08 12:23:58 | INFO | Final Loss: 0.287523
2026-04-08 12:23:58 | INFO | Estimated Parameters:
2026-04-08 12:23:58 | INFO |   field::population_density: -1.7376
2026-04-08 12:23:58 | INFO |   field::senior_population: -0.1073
2026-04-08 12:23:58 | INFO |   field::college_education: -0.8287
2026-04-08 12:23:58 | INFO |   field::poverty_rate: -0.7851
2026-04-08 12:23:58 | INFO |   field::log_population: 1.1717
2026-04-08 12:23:58 | INFO |   field::median_household_income: -0.7056
2026-04-08 12:23:58 | INFO |   tau::t_0: -0.0117
2026-04-08 12:23:58 | INFO |   tau::t_1: -0.1250
2026-04-08 12:23:58 | INFO |   tau::t_2: -0.0543
2026-04-08 12:23:58 | INFO |   tau::t_3: -0.1067
2026-04-08 12:23:58 | INFO |   tau::t_4: -0.1811
2026-04-08 12:23:58 | INFO |   tau::t_5: -0.2597
2026-04-08 12:23:58 | INFO |   tau::t_6: -0.2784
2026-04-08 12:23:58 | INFO |   tau::t_7: -0.3155
2026-04-08 12:23:58 | INFO |   tau::t_8: -0.2973
2026-04-08 12:23:58 | INFO |   tau::t_9: -0.2791
2026-04-08 12:23:58 | INFO |   tau::t_10: -0.3391
2026-04-08 12:23:58 | INFO |   tau::t_11: -0.3425
2026-04-08 12:23:58 | INFO |   tau::t_12: -0.3269
2026-04-08 12:23:58 | INFO |   tau::t_13: -0.3512
2026-04-08 12:23:58 | INFO |   tau::t_14: -0.3624
2026-04-08 12:23:58 | INFO |   tau::t_15: -0.2754
2026-04-08 12:23:58 | INFO |   tau::t_16: -0.4464
2026-04-08 12:23:58 | INFO |   tau::t_17: -0.4025
2026-04-08 12:23:58 | INFO |   tau::t_18: -0.5380
2026-04-08 12:23:58 | INFO |   tau::t_19: -0.5482
2026-04-08 12:23:58 | INFO |   tau::t_20: -0.5760
2026-04-08 12:23:58 | INFO |   tau::t_21: -0.6609
2026-04-08 12:23:58 | INFO |   tau::t_22: -0.5401
2026-04-08 12:23:58 | INFO |   tau::t_23: -0.5248
2026-04-08 12:23:58 | INFO |   tau::t_24: -0.4699
2026-04-08 12:23:58 | INFO |   tau::t_25: -0.3326
2026-04-08 12:23:58 | INFO |   tau::t_26: -0.2382
2026-04-08 12:23:58 | INFO |   tau::t_27: -0.1581
2026-04-08 12:23:58 | INFO |   tau::t_28: -0.0961
2026-04-08 12:23:58 | INFO |   tau::t_29: -0.0705
2026-04-08 12:23:58 | INFO |   tau::t_30: -0.0359
2026-04-08 12:23:58 | INFO |   tau::t_31: 0.0778
2026-04-08 12:23:58 | INFO |   tau::t_32: 0.0740
2026-04-08 12:23:58 | INFO |   tau::t_33: 0.0837
2026-04-08 12:23:58 | INFO |   tau::t_34: 0.0381
2026-04-08 12:23:58 | INFO |   tau::t_35: 0.0320
2026-04-08 12:23:58 | INFO |   tau::t_36: 0.0432
2026-04-08 12:23:58 | INFO |   tau::t_37: 0.0221
2026-04-08 12:23:58 | INFO |   tau::t_38: -0.0448
2026-04-08 12:23:58 | INFO |   tau::t_39: -0.0510
2026-04-08 12:23:58 | INFO |   tau::t_40: -0.0261
2026-04-08 12:23:58 | INFO |   tau::t_41: -0.2006
2026-04-08 12:23:58 | INFO |   tau::t_42: 0.0552
2026-04-08 12:23:58 | INFO |   tau::t_43: -0.0175
2026-04-08 12:23:58 | INFO |   tau::t_44: -0.0260
2026-04-08 12:23:58 | INFO |   tau::t_45: -0.0731
2026-04-08 12:23:58 | INFO |   tau::t_46: -0.0461
2026-04-08 12:23:58 | INFO |   tau::t_47: 0.0392
2026-04-08 12:23:58 | INFO |   tau::t_48: 0.0339
2026-04-08 12:23:58 | INFO |   tau::t_49: 0.0575
2026-04-08 12:23:58 | INFO |   tau::t_50: 0.1282
2026-04-08 12:23:58 | INFO |   tau::t_51: 0.1760
2026-04-08 12:23:58 | INFO |   tau::t_52: 0.1684
2026-04-08 12:23:58 | INFO |   tau::t_53: 0.1426
2026-04-08 12:23:58 | INFO |   tau::t_54: 0.0710
2026-04-08 12:23:58 | INFO |   tau::t_55: 0.0229
2026-04-08 12:23:58 | INFO |   tau::t_56: -0.0686
2026-04-08 12:23:58 | INFO |   tau::t_57: -0.0794
2026-04-08 12:23:58 | INFO |   tau::t_58: -0.1691
2026-04-08 12:23:58 | INFO |   tau::t_59: -0.2374
2026-04-08 12:23:58 | INFO |   tau::t_60: -0.3371
2026-04-08 12:23:58 | INFO |   tau::t_61: -0.3210
2026-04-08 12:23:58 | INFO |   tau::t_62: -0.4318
2026-04-08 12:23:58 | INFO |   tau::t_63: -0.4358
2026-04-08 12:23:58 | INFO |   tau::t_64: -0.2864
2026-04-08 12:23:58 | INFO |   tau::t_65: -0.5341
2026-04-08 12:23:58 | INFO |   beta: -0.0380
2026-04-08 12:23:58 | INFO |   interaction::contiguity: 1.3702
2026-04-08 12:23:58 | INFO |   eta: 0.2129
2026-04-08 12:23:58 | INFO |   zeta: -0.2077
2026-04-08 12:23:58 | INFO |   psi: 2.0771
2026-04-08 12:23:58 | INFO | Saved summary tables to C:\Users\phevo\Documents\MIT\Code\MPLE-Causal-Inference\experiments\USCountyVaccination_US_features_new\outcome_death_rate_100k_ge_2__intervention_partial_cov_ge_30__lag_4w__contiguity\mple_summary.csv and C:\Users\phevo\Documents\MIT\Code\MPLE-Causal-Inference\experiments\USCountyVaccination_US_features_new\outcome_death_rate_100k_ge_2__intervention_partial_cov_ge_30__lag_4w__contiguity\mple_summary.md
2026-04-08 12:23:58 | INFO | Log saved to C:\Users\phevo\Documents\MIT\Code\MPLE-Causal-Inference\experiments\USCountyVaccination_US_features_new\outcome_death_rate_100k_ge_2__intervention_partial_cov_ge_30__lag_4w__contiguity\mple.log
