2026-04-19 13:46:35 | INFO | Loading data...
2026-04-19 13:46:35 | INFO | Using panel artifact: C:\Users\phevo\Documents\MIT\Code\MPLE-Causal-Inference\experiments\USCountyVaccination_US_sensitivity\outcome_death_rate_100k_ge_2__intervention_complete_cov_ge_40__lag_2w__contiguity__start_2020_09_06\panel_data.npz
2026-04-19 13:46:35 | INFO | Using x_0 artifact: C:\Users\phevo\Documents\MIT\Code\MPLE-Causal-Inference\experiments\USCountyVaccination_US_sensitivity\outcome_death_rate_100k_ge_2__intervention_complete_cov_ge_40__lag_2w__contiguity__start_2020_09_06\x_0.npy
2026-04-19 13:46:35 | INFO | Using z_0 artifact: C:\Users\phevo\Documents\MIT\Code\MPLE-Causal-Inference\experiments\USCountyVaccination_US_sensitivity\outcome_death_rate_100k_ge_2__intervention_complete_cov_ge_40__lag_2w__contiguity__start_2020_09_06\z_0.npy
2026-04-19 13:46:35 | INFO | Using fit config: C:\Users\phevo\Documents\MIT\Code\MPLE-Causal-Inference\experiments\USCountyVaccination_US_sensitivity\outcome_death_rate_100k_ge_2__intervention_complete_cov_ge_40__lag_2w__contiguity__start_2020_09_06\fits\rank_20_b2\fit_realized_config.yaml
2026-04-19 13:46:35 | INFO | Using model artifact directory: C:\Users\phevo\Documents\MIT\Code\MPLE-Causal-Inference\experiments\USCountyVaccination_US_sensitivity\outcome_death_rate_100k_ge_2__intervention_complete_cov_ge_40__lag_2w__contiguity__start_2020_09_06
2026-04-19 13:46:35 | INFO | Using truth artifact directory: C:\Users\phevo\Documents\MIT\Code\MPLE-Causal-Inference\experiments\USCountyVaccination_US_sensitivity\outcome_death_rate_100k_ge_2__intervention_complete_cov_ge_40__lag_2w__contiguity__start_2020_09_06
2026-04-19 13:46:35 | INFO | Configured latent rank: 20
2026-04-19 13:46:35 | INFO | Using a fixed known graph with scalar xi.
2026-04-19 13:46:35 | INFO | Intervention-process model enabled: False
2026-04-19 13:46:35 | INFO | Global temperature bound B active: True
2026-04-19 13:46:35 | INFO | Effective xi bound from interaction constraint: 2.000000
2026-04-19 13:46:35 | INFO | Beta mask pre-intervention enabled: True
2026-04-19 13:46:35 | INFO | Fixed scalar parameters: {}
2026-04-19 13:46:35 | INFO | Optimizer settings: n_starts=5, lbfgs_steps=50000, tol=1e-09, adam_steps=1000, adam_lr=0.01, adam_device=cpu, seed=0
2026-04-19 13:46:35 | INFO | Optimizer start 1/5 | seed=0 | initial_loss=0.674506
2026-04-19 13:46:38 | INFO | Start 1 Adam step 0 | Loss: 0.674506
2026-04-19 13:46:39 | INFO | Start 1 Adam step 100 | Loss: 0.400613
2026-04-19 13:46:41 | INFO | Start 1 Adam step 200 | Loss: 0.405990
2026-04-19 13:46:42 | INFO | Start 1 Adam step 300 | Loss: 0.416371
2026-04-19 13:46:43 | INFO | Start 1 Adam step 400 | Loss: 0.410365
2026-04-19 13:46:45 | INFO | Start 1 Adam step 500 | Loss: 0.393455
2026-04-19 13:46:46 | INFO | Start 1 Adam step 600 | Loss: 0.397569
2026-04-19 13:46:48 | INFO | Start 1 Adam step 700 | Loss: 0.402402
2026-04-19 13:46:50 | INFO | Start 1 Adam step 800 | Loss: 0.393046
2026-04-19 13:46:52 | INFO | Start 1 Adam step 900 | Loss: 0.396673
2026-04-19 13:46:54 | INFO | Start 1 L-BFGS eval 0 | Loss: 0.395234
2026-04-19 13:46:54 | INFO |   beta: +0.0209,  xi: +1.7510,  eta: +0.2348
2026-04-19 13:46:58 | INFO | Start 1 L-BFGS eval 100 | Loss: 0.387588
2026-04-19 13:46:58 | INFO |   beta: +0.0239,  xi: +1.7266,  eta: +0.2373
2026-04-19 13:47:01 | INFO | Start 1 L-BFGS eval 200 | Loss: 0.387585
2026-04-19 13:47:01 | INFO |   beta: +0.0256,  xi: +1.7561,  eta: +0.2398
2026-04-19 13:47:04 | INFO | Start 1 L-BFGS eval 300 | Loss: 0.387545
2026-04-19 13:47:04 | INFO |   beta: +0.0212,  xi: +1.7563,  eta: +0.2248
2026-04-19 13:47:07 | INFO | Start 1 L-BFGS eval 400 | Loss: 0.387536
2026-04-19 13:47:07 | INFO |   beta: +0.0205,  xi: +1.7543,  eta: +0.2267
2026-04-19 13:47:10 | INFO | Optimizer start 1/5 complete | final_loss=0.377827 | status=CONVERGENCE: RELATIVE REDUCTION OF F <= FACTR*EPSMCH
2026-04-19 13:47:10 | INFO | Optimizer start 2/5 | seed=1 | initial_loss=0.639872
2026-04-19 13:47:10 | INFO | Start 2 Adam step 0 | Loss: 0.639872
2026-04-19 13:47:11 | INFO | Start 2 Adam step 100 | Loss: 0.403307
2026-04-19 13:47:12 | INFO | Start 2 Adam step 200 | Loss: 0.407826
2026-04-19 13:47:13 | INFO | Start 2 Adam step 300 | Loss: 0.425361
2026-04-19 13:47:15 | INFO | Start 2 Adam step 400 | Loss: 0.399447
2026-04-19 13:47:16 | INFO | Start 2 Adam step 500 | Loss: 0.392805
2026-04-19 13:47:17 | INFO | Start 2 Adam step 600 | Loss: 0.397955
2026-04-19 13:47:18 | INFO | Start 2 Adam step 700 | Loss: 0.401759
2026-04-19 13:47:20 | INFO | Start 2 Adam step 800 | Loss: 0.396695
2026-04-19 13:47:21 | INFO | Start 2 Adam step 900 | Loss: 0.396152
2026-04-19 13:47:22 | INFO | Start 2 L-BFGS eval 0 | Loss: 0.399067
2026-04-19 13:47:22 | INFO |   beta: +0.0251,  xi: +1.7567,  eta: +0.2396
2026-04-19 13:47:25 | INFO | Start 2 L-BFGS eval 100 | Loss: 0.394128
2026-04-19 13:47:25 | INFO |   beta: +0.0187,  xi: +1.7751,  eta: +0.2250
2026-04-19 13:47:29 | INFO | Start 2 L-BFGS eval 200 | Loss: 0.410717
2026-04-19 13:47:29 | INFO |   beta: -0.0156,  xi: +1.1724,  eta: +0.0895
2026-04-19 13:47:32 | INFO | Start 2 L-BFGS eval 300 | Loss: 0.383217
2026-04-19 13:47:32 | INFO |   beta: +0.0204,  xi: +1.7840,  eta: +0.2411
2026-04-19 13:47:35 | INFO | Start 2 L-BFGS eval 400 | Loss: 0.396029
2026-04-19 13:47:35 | INFO |   beta: -0.1846,  xi: +1.8046,  eta: +0.3976
2026-04-19 13:47:38 | INFO | Start 2 L-BFGS eval 500 | Loss: 0.383146
2026-04-19 13:47:38 | INFO |   beta: -0.0303,  xi: +1.7923,  eta: +0.2763
2026-04-19 13:47:41 | INFO | Start 2 L-BFGS eval 600 | Loss: 0.378568
2026-04-19 13:47:41 | INFO |   beta: +0.0080,  xi: +1.7700,  eta: +0.2375
2026-04-19 13:47:44 | INFO | Start 2 L-BFGS eval 700 | Loss: 0.381128
2026-04-19 13:47:44 | INFO |   beta: +0.0756,  xi: +1.7498,  eta: +0.3209
2026-04-19 13:47:47 | INFO | Start 2 L-BFGS eval 800 | Loss: 0.378545
2026-04-19 13:47:47 | INFO |   beta: +0.0205,  xi: +1.7667,  eta: +0.2464
2026-04-19 13:47:50 | INFO | Start 2 L-BFGS eval 900 | Loss: 0.378533
2026-04-19 13:47:50 | INFO |   beta: +0.0296,  xi: +1.7432,  eta: +0.2567
2026-04-19 13:47:53 | INFO | Start 2 L-BFGS eval 1000 | Loss: 0.377621
2026-04-19 13:47:53 | INFO |   beta: -0.0025,  xi: +1.8062,  eta: +0.2274
2026-04-19 13:47:56 | INFO | Start 2 L-BFGS eval 1100 | Loss: 0.377513
2026-04-19 13:47:56 | INFO |   beta: +0.0137,  xi: +1.7948,  eta: +0.2348
2026-04-19 13:47:59 | INFO | Start 2 L-BFGS eval 1200 | Loss: 0.377509
2026-04-19 13:47:59 | INFO |   beta: +0.0166,  xi: +1.7913,  eta: +0.2365
2026-04-19 13:48:02 | INFO | Start 2 L-BFGS eval 1300 | Loss: 0.377508
2026-04-19 13:48:02 | INFO |   beta: +0.0167,  xi: +1.7873,  eta: +0.2374
2026-04-19 13:48:03 | INFO | Optimizer start 2/5 complete | final_loss=0.377508 | status=ABNORMAL: 
2026-04-19 13:48:03 | INFO | Optimizer start 3/5 | seed=2 | initial_loss=0.641640
2026-04-19 13:48:03 | INFO | Start 3 Adam step 0 | Loss: 0.641640
2026-04-19 13:48:04 | INFO | Start 3 Adam step 100 | Loss: 0.406397
2026-04-19 13:48:06 | INFO | Start 3 Adam step 200 | Loss: 0.416488
2026-04-19 13:48:07 | INFO | Start 3 Adam step 300 | Loss: 0.428875
2026-04-19 13:48:08 | INFO | Start 3 Adam step 400 | Loss: 0.396751
2026-04-19 13:48:09 | INFO | Start 3 Adam step 500 | Loss: 0.399007
2026-04-19 13:48:11 | INFO | Start 3 Adam step 600 | Loss: 0.403746
2026-04-19 13:48:12 | INFO | Start 3 Adam step 700 | Loss: 0.401426
2026-04-19 13:48:13 | INFO | Start 3 Adam step 800 | Loss: 0.393397
2026-04-19 13:48:15 | INFO | Start 3 Adam step 900 | Loss: 0.399608
2026-04-19 13:48:16 | INFO | Start 3 L-BFGS eval 0 | Loss: 0.393273
2026-04-19 13:48:16 | INFO |   beta: +0.0174,  xi: +1.7525,  eta: +0.2453
2026-04-19 13:48:19 | INFO | Start 3 L-BFGS eval 100 | Loss: 0.389165
2026-04-19 13:48:19 | INFO |   beta: +0.0193,  xi: +1.7238,  eta: +0.2460
2026-04-19 13:48:22 | INFO | Start 3 L-BFGS eval 200 | Loss: 0.389135
2026-04-19 13:48:22 | INFO |   beta: +0.0198,  xi: +1.7429,  eta: +0.2515
2026-04-19 13:48:25 | INFO | Start 3 L-BFGS eval 300 | Loss: 0.388949
2026-04-19 13:48:25 | INFO |   beta: +0.0149,  xi: +1.8102,  eta: +0.2302
2026-04-19 13:48:28 | INFO | Start 3 L-BFGS eval 400 | Loss: 0.388910
2026-04-19 13:48:28 | INFO |   beta: +0.0185,  xi: +1.7776,  eta: +0.2519
2026-04-19 13:48:31 | INFO | Start 3 L-BFGS eval 500 | Loss: 0.388845
2026-04-19 13:48:31 | INFO |   beta: +0.0172,  xi: +1.7506,  eta: +0.2404
2026-04-19 13:48:34 | INFO | Start 3 L-BFGS eval 600 | Loss: 0.388844
2026-04-19 13:48:34 | INFO |   beta: +0.0167,  xi: +1.7500,  eta: +0.2375
2026-04-19 13:48:38 | INFO | Start 3 L-BFGS eval 700 | Loss: 0.377941
2026-04-19 13:48:38 | INFO |   beta: +0.0173,  xi: +2.0000,  eta: +0.2373
2026-04-19 13:48:40 | INFO | Start 3 L-BFGS eval 800 | Loss: 0.378125
2026-04-19 13:48:40 | INFO |   beta: +0.0302,  xi: +1.5760,  eta: +0.2773
2026-04-19 13:48:43 | INFO | Start 3 L-BFGS eval 900 | Loss: 0.377155
2026-04-19 13:48:43 | INFO |   beta: +0.0114,  xi: +1.7757,  eta: +0.2495
2026-04-19 13:48:46 | INFO | Start 3 L-BFGS eval 1000 | Loss: 0.377104
2026-04-19 13:48:46 | INFO |   beta: +0.0135,  xi: +1.8009,  eta: +0.2399
2026-04-19 13:48:49 | INFO | Start 3 L-BFGS eval 1100 | Loss: 0.377103
2026-04-19 13:48:49 | INFO |   beta: +0.0128,  xi: +1.7991,  eta: +0.2430
2026-04-19 13:48:52 | INFO | Start 3 L-BFGS eval 1200 | Loss: 0.377099
2026-04-19 13:48:52 | INFO |   beta: +0.0102,  xi: +1.7724,  eta: +0.2557
2026-04-19 13:48:56 | INFO | Start 3 L-BFGS eval 1300 | Loss: 0.376715
2026-04-19 13:48:56 | INFO |   beta: +0.0002,  xi: +1.4514,  eta: +0.2830
2026-04-19 13:48:59 | INFO | Start 3 L-BFGS eval 1400 | Loss: 0.374655
2026-04-19 13:48:59 | INFO |   beta: +0.0131,  xi: +1.8047,  eta: +0.2438
2026-04-19 13:49:02 | INFO | Start 3 L-BFGS eval 1500 | Loss: 0.374887
2026-04-19 13:49:02 | INFO |   beta: +0.0126,  xi: +1.6942,  eta: +0.2683
2026-04-19 13:49:05 | INFO | Start 3 L-BFGS eval 1600 | Loss: 0.374642
2026-04-19 13:49:05 | INFO |   beta: +0.0144,  xi: +1.7827,  eta: +0.2432
2026-04-19 13:49:08 | INFO | Start 3 L-BFGS eval 1700 | Loss: 0.374640
2026-04-19 13:49:08 | INFO |   beta: +0.0138,  xi: +1.7772,  eta: +0.2429
2026-04-19 13:49:11 | INFO | Start 3 L-BFGS eval 1800 | Loss: 0.374639
2026-04-19 13:49:11 | INFO |   beta: +0.0137,  xi: +1.7780,  eta: +0.2428
2026-04-19 13:49:11 | INFO | Optimizer start 3/5 complete | final_loss=0.374639 | status=CONVERGENCE: RELATIVE REDUCTION OF F <= FACTR*EPSMCH
2026-04-19 13:49:11 | INFO | Optimizer start 4/5 | seed=3 | initial_loss=0.666750
2026-04-19 13:49:11 | INFO | Start 4 Adam step 0 | Loss: 0.666750
2026-04-19 13:49:12 | INFO | Start 4 Adam step 100 | Loss: 0.413955
2026-04-19 13:49:13 | INFO | Start 4 Adam step 200 | Loss: 0.410681
2026-04-19 13:49:15 | INFO | Start 4 Adam step 300 | Loss: 0.416445
2026-04-19 13:49:16 | INFO | Start 4 Adam step 400 | Loss: 0.398235
2026-04-19 13:49:17 | INFO | Start 4 Adam step 500 | Loss: 0.399568
2026-04-19 13:49:18 | INFO | Start 4 Adam step 600 | Loss: 0.399607
2026-04-19 13:49:19 | INFO | Start 4 Adam step 700 | Loss: 0.394011
2026-04-19 13:49:21 | INFO | Start 4 Adam step 800 | Loss: 0.391045
2026-04-19 13:49:22 | INFO | Start 4 Adam step 900 | Loss: 0.396361
2026-04-19 13:49:23 | INFO | Start 4 L-BFGS eval 0 | Loss: 0.395142
2026-04-19 13:49:23 | INFO |   beta: +0.0215,  xi: +1.7563,  eta: +0.2436
2026-04-19 13:49:26 | INFO | Optimizer start 4/5 complete | final_loss=0.391105 | status=CONVERGENCE: RELATIVE REDUCTION OF F <= FACTR*EPSMCH
2026-04-19 13:49:26 | INFO | Optimizer start 5/5 | seed=4 | initial_loss=0.670371
2026-04-19 13:49:26 | INFO | Start 5 Adam step 0 | Loss: 0.670371
2026-04-19 13:49:27 | INFO | Start 5 Adam step 100 | Loss: 0.402152
2026-04-19 13:49:28 | INFO | Start 5 Adam step 200 | Loss: 0.409166
2026-04-19 13:49:29 | INFO | Start 5 Adam step 300 | Loss: 0.419636
2026-04-19 13:49:30 | INFO | Start 5 Adam step 400 | Loss: 0.397673
2026-04-19 13:49:32 | INFO | Start 5 Adam step 500 | Loss: 0.395985
2026-04-19 13:49:33 | INFO | Start 5 Adam step 600 | Loss: 0.399301
2026-04-19 13:49:34 | INFO | Start 5 Adam step 700 | Loss: 0.398060
2026-04-19 13:49:35 | INFO | Start 5 Adam step 800 | Loss: 0.393181
2026-04-19 13:49:36 | INFO | Start 5 Adam step 900 | Loss: 0.395364
2026-04-19 13:49:38 | INFO | Start 5 L-BFGS eval 0 | Loss: 0.394543
2026-04-19 13:49:38 | INFO |   beta: +0.0176,  xi: +1.7560,  eta: +0.2365
2026-04-19 13:49:41 | INFO | Optimizer start 5/5 complete | final_loss=0.391080 | status=ABNORMAL: 
2026-04-19 13:49:41 | INFO | Done fitting.
2026-04-19 13:49:41 | INFO | Optimizer status: CONVERGENCE: RELATIVE REDUCTION OF F <= FACTR*EPSMCH | best_start=3/5
2026-04-19 13:49:41 | INFO | Best optimizer start: 3 / 5
2026-04-19 13:49:41 | INFO | Final Loss: 0.374639
2026-04-19 13:49:41 | INFO | Estimated Parameters:
2026-04-19 13:49:41 | INFO |   beta: 0.0137
2026-04-19 13:49:41 | INFO |   xi: 1.7780
2026-04-19 13:49:41 | INFO |   eta: 0.2428
2026-04-19 13:49:41 | INFO | Field and interaction diagnostics:
2026-04-19 13:49:41 | INFO |   estimated_field_inf_norm: 2.000000
2026-04-19 13:49:41 | INFO |   estimated_field_rank: 20.000000
2026-04-19 13:49:41 | INFO |   bound_B: 2.000000
2026-04-19 13:49:41 | INFO | Saved summary tables to C:\Users\phevo\Documents\MIT\Code\MPLE-Causal-Inference\experiments\USCountyVaccination_US_sensitivity\outcome_death_rate_100k_ge_2__intervention_complete_cov_ge_40__lag_2w__contiguity__start_2020_09_06\fits\rank_20_b2\mple_summary.csv and C:\Users\phevo\Documents\MIT\Code\MPLE-Causal-Inference\experiments\USCountyVaccination_US_sensitivity\outcome_death_rate_100k_ge_2__intervention_complete_cov_ge_40__lag_2w__contiguity__start_2020_09_06\fits\rank_20_b2\mple_summary.md
2026-04-19 13:49:41 | INFO | Log saved to C:\Users\phevo\Documents\MIT\Code\MPLE-Causal-Inference\experiments\USCountyVaccination_US_sensitivity\outcome_death_rate_100k_ge_2__intervention_complete_cov_ge_40__lag_2w__contiguity__start_2020_09_06\fits\rank_20_b2\mple.log
