2026-04-29 15:04:39 | INFO | Loading data...
2026-04-29 15:04:39 | INFO | Using panel artifact: /orcd/home/002/phevosp/MPLE-Causal-Inference/experiments/SyntheticHybridExperiments/confounding_strong/panel_data.npz
2026-04-29 15:04:39 | INFO | Using x_0 artifact: /orcd/home/002/phevosp/MPLE-Causal-Inference/experiments/SyntheticHybridExperiments/confounding_strong/x_0.npy
2026-04-29 15:04:39 | INFO | Using fit config: /orcd/home/002/phevosp/MPLE-Causal-Inference/experiments/SyntheticHybridExperiments/confounding_strong/fits/alternating_rank_3_uv_1_e1_xi_zero/fit_realized_config.yaml
2026-04-29 15:04:39 | INFO | Using model artifact directory: /orcd/home/002/phevosp/MPLE-Causal-Inference/experiments/SyntheticHybridExperiments/confounding_strong
2026-04-29 15:04:39 | INFO | Using truth artifact directory: /orcd/home/002/phevosp/MPLE-Causal-Inference/experiments/SyntheticHybridExperiments/confounding_strong
2026-04-29 15:04:39 | INFO | Configured optimizer mode: alternating_latent_rank
2026-04-29 15:04:39 | INFO | Configured latent rank: 3
2026-04-29 15:04:39 | INFO | Using a fixed known graph with scalar xi.
2026-04-29 15:04:39 | INFO | Fit-time hard bounds active: False
2026-04-29 15:04:39 | INFO | Fixed scalar parameters: {'xi': 0.0}
2026-04-29 15:04:39 | INFO | Warm-start fixed scalars: {} for 0 steps
2026-04-29 15:04:39 | INFO | Beta mask before s: False with s=0
2026-04-29 15:04:39 | INFO | Beta mask after e: False with e=11
2026-04-29 15:04:39 | INFO | Alternating V-column L2-ball constraint active with radius 1.0
2026-04-29 15:04:39 | INFO | Optimizer settings: steps=20000, tol=1e-09, n_starts=1, seed=0, lambda_nuclear=0.0, lambda_frobenius=0.0, lambda_uv_ridge=0.1, v_column_l2_max=1.0, proximal_lr=1.0
2026-04-29 15:04:39 | INFO | Alternating low-rank start 1/1 | seed=0 | initial_loss=0.731637 | initial_penalized=0.731655
2026-04-29 15:04:39 | INFO | Alternating low-rank iter 0 | Loss: 0.512772 | Penalized: 0.529275
2026-04-29 15:04:40 | INFO | Alternating low-rank iter 100 | Loss: 0.437775 | Penalized: 0.483675
2026-04-29 15:04:41 | INFO | Alternating low-rank iter 200 | Loss: 0.437769 | Penalized: 0.483667
2026-04-29 15:04:41 | INFO | Done fitting.
2026-04-29 15:04:41 | INFO | Optimizer status: CONVERGED: alternating objective tolerance reached
2026-04-29 15:04:41 | INFO | Best optimizer start: 1 / 1
2026-04-29 15:04:41 | INFO | Final Loss: 0.437768
2026-04-29 15:04:41 | INFO | Estimated vs True Parameters:
2026-04-29 15:04:41 | INFO |   beta: -0.2063 (True: -0.3000) | SQE: 0.008789
2026-04-29 15:04:41 | INFO |   xi: 0.0000 (True: 0.8000) | SQE: 0.640000
2026-04-29 15:04:41 | INFO |   eta: 0.2549 (True: 0.3000) | SQE: 0.002034
2026-04-29 15:04:41 | INFO | Alternating low-rank optimizer diagnostics:
2026-04-29 15:04:41 | INFO |   penalized_objective: 0.483666
2026-04-29 15:04:41 | INFO |   mple_loss_without_penalty: 0.437768
2026-04-29 15:04:41 | INFO |   lambda_uv_ridge: 0.100000
2026-04-29 15:04:41 | INFO |   u_frobenius_norm: 107.104877
2026-04-29 15:04:41 | INFO |   v_frobenius_norm: 1.732051
2026-04-29 15:04:41 | INFO |   effective_rank: 3.000000
2026-04-29 15:04:41 | INFO | Field and interaction diagnostics:
2026-04-29 15:04:41 | INFO |   field_rmse: 0.664718
2026-04-29 15:04:41 | INFO |   interaction_fro_error: 2.114543
2026-04-29 15:04:41 | INFO |   estimated_field_max_abs_entry: 2.207372
2026-04-29 15:04:41 | INFO |   estimated_field_rank: 3.000000
2026-04-29 15:04:41 | INFO |   true_field_max_abs_entry: 7.412670
2026-04-29 15:04:41 | INFO |   true_field_rank: 3.000000
2026-04-29 15:04:41 | INFO | Saved summary table to /orcd/home/002/phevosp/MPLE-Causal-Inference/experiments/SyntheticHybridExperiments/confounding_strong/fits/alternating_rank_3_uv_1_e1_xi_zero/mple_summary.csv
2026-04-29 15:04:41 | INFO | Log saved to /orcd/home/002/phevosp/MPLE-Causal-Inference/experiments/SyntheticHybridExperiments/confounding_strong/fits/alternating_rank_3_uv_1_e1_xi_zero/mple.log
