2026-06-09 19:48:08 | INFO | Loading data...
2026-06-09 19:48:08 | INFO | Using panel artifact: /orcd/home/002/phevosp/MPLE-Causal-Inference/experiments/USCounty/outcome_death_rate_100k_ge_2__intervention_complete_cov_ge_30__lag_2w__distance_kernel_8__start_2020_03_01/panel_data.npz
2026-06-09 19:48:08 | INFO | Using x_0 artifact: /orcd/home/002/phevosp/MPLE-Causal-Inference/experiments/USCounty/outcome_death_rate_100k_ge_2__intervention_complete_cov_ge_30__lag_2w__distance_kernel_8__start_2020_03_01/x_0.npy
2026-06-09 19:48:08 | INFO | Using fit config: /orcd/home/002/phevosp/MPLE-Causal-Inference/experiments/USCounty/outcome_death_rate_100k_ge_2__intervention_complete_cov_ge_30__lag_2w__distance_kernel_8__start_2020_03_01/cv_runs/xi_zero/candidates/xi_zero_candidate_0014/fold_1/fit_realized_config.yaml
2026-06-09 19:48:08 | INFO | Using model artifact directory: /orcd/home/002/phevosp/MPLE-Causal-Inference/experiments/USCounty/outcome_death_rate_100k_ge_2__intervention_complete_cov_ge_30__lag_2w__distance_kernel_8__start_2020_03_01
2026-06-09 19:48:08 | INFO | Using truth artifact directory: /orcd/home/002/phevosp/MPLE-Causal-Inference/experiments/USCounty/outcome_death_rate_100k_ge_2__intervention_complete_cov_ge_30__lag_2w__distance_kernel_8__start_2020_03_01
2026-06-09 19:48:08 | INFO | Using loss mask artifact: /orcd/home/002/phevosp/MPLE-Causal-Inference/experiments/USCounty/outcome_death_rate_100k_ge_2__intervention_complete_cov_ge_30__lag_2w__distance_kernel_8__start_2020_03_01/cv_runs/xi_zero/candidates/xi_zero_candidate_0014/fold_1/loss_mask.npy
2026-06-09 19:48:08 | INFO | Configured optimizer mode: alternating_latent_rank
2026-06-09 19:48:08 | INFO | Configured latent rank: 8
2026-06-09 19:48:08 | INFO | Using a fixed known graph with scalar xi.
2026-06-09 19:48:08 | INFO | Fit-time hard bounds active: False
2026-06-09 19:48:08 | INFO | Fixed scalar parameters: {'xi': 0.0}
2026-06-09 19:48:08 | INFO | Warm-start fixed scalars: {} for 0 steps
2026-06-09 19:48:08 | INFO | Beta-gradient mask before s: True with s=50
2026-06-09 19:48:08 | INFO | Beta-gradient mask after e: True with e=115
2026-06-09 19:48:08 | INFO | Alternating V-column L2-ball constraint active with radius 1.0
2026-06-09 19:48:08 | INFO | Optimizer settings: steps=2000, tol=1e-07, n_starts=1, seed=0, lambda_nuclear=0.0, lambda_frobenius=0.0, lambda_uv_ridge=0.005, v_column_l2_max=1.0, proximal_lr=1.0
2026-06-09 19:48:08 | INFO | Alternating low-rank start 1/1 | seed=0 | initial_loss=0.692957 | initial_penalized=0.692957
2026-06-09 19:48:08 | INFO | Alternating low-rank iter 0 | Loss: 0.469736 | Penalized: 0.470210
2026-06-09 19:48:19 | INFO | Alternating low-rank iter 100 | Loss: 0.361666 | Penalized: 0.371230
2026-06-09 19:48:30 | INFO | Alternating low-rank iter 200 | Loss: 0.359826 | Penalized: 0.370107
2026-06-09 19:48:41 | INFO | Alternating low-rank iter 300 | Loss: 0.359149 | Penalized: 0.369654
2026-06-09 19:48:51 | INFO | Alternating low-rank iter 400 | Loss: 0.358811 | Penalized: 0.369423
2026-06-09 19:49:02 | INFO | Alternating low-rank iter 500 | Loss: 0.358549 | Penalized: 0.369243
2026-06-09 19:49:13 | INFO | Alternating low-rank iter 600 | Loss: 0.358307 | Penalized: 0.369084
2026-06-09 19:49:24 | INFO | Alternating low-rank iter 700 | Loss: 0.358039 | Penalized: 0.368907
2026-06-09 19:49:35 | INFO | Alternating low-rank iter 800 | Loss: 0.357794 | Penalized: 0.368747
2026-06-09 19:49:45 | INFO | Alternating low-rank iter 900 | Loss: 0.357675 | Penalized: 0.368673
2026-06-09 19:49:56 | INFO | Alternating low-rank iter 1000 | Loss: 0.357633 | Penalized: 0.368647
2026-06-09 19:50:03 | INFO | Done fitting.
2026-06-09 19:50:03 | INFO | Optimizer status: CONVERGED: alternating objective tolerance reached
2026-06-09 19:50:03 | INFO | Best optimizer start: 1 / 1
2026-06-09 19:50:03 | INFO | Final Loss: 0.357622
2026-06-09 19:50:03 | INFO | Estimated Parameters:
2026-06-09 19:50:03 | INFO |   beta: -0.0396
2026-06-09 19:50:03 | INFO |   xi: 0.0000
2026-06-09 19:50:03 | INFO |   eta: -0.0470
2026-06-09 19:50:03 | INFO | Alternating low-rank optimizer diagnostics:
2026-06-09 19:50:03 | INFO |   penalized_objective: 0.368639
2026-06-09 19:50:03 | INFO |   mple_loss_without_penalty: 0.357622
2026-06-09 19:50:03 | INFO |   lambda_uv_ridge: 0.005000
2026-06-09 19:50:03 | INFO |   u_frobenius_norm: 795.902647
2026-06-09 19:50:03 | INFO |   v_frobenius_norm: 2.828427
2026-06-09 19:50:03 | INFO |   effective_rank: 8.000000
2026-06-09 19:50:03 | INFO | Field and interaction diagnostics:
2026-06-09 19:50:03 | INFO |   estimated_field_max_abs_entry: 10.234521
2026-06-09 19:50:03 | INFO |   estimated_field_rank: 8.000000
2026-06-09 19:50:03 | INFO | Saved summary table to /orcd/home/002/phevosp/MPLE-Causal-Inference/experiments/USCounty/outcome_death_rate_100k_ge_2__intervention_complete_cov_ge_30__lag_2w__distance_kernel_8__start_2020_03_01/cv_runs/xi_zero/candidates/xi_zero_candidate_0014/fold_1/mple_summary.csv
2026-06-09 19:50:03 | INFO | Log saved to /orcd/home/002/phevosp/MPLE-Causal-Inference/experiments/USCounty/outcome_death_rate_100k_ge_2__intervention_complete_cov_ge_30__lag_2w__distance_kernel_8__start_2020_03_01/cv_runs/xi_zero/candidates/xi_zero_candidate_0014/fold_1/mple.log
