2026-05-06 06:20:07 | INFO | Loading data...
2026-05-06 06:20:07 | INFO | Using panel artifact: /orcd/home/002/phevosp/MPLE-Causal-Inference/experiments/FINAL/USCountyVaccination/outcome_death_rate_100k_ge_2__intervention_complete_cov_ge_30__lag_2w__distance_kernel_8__start_2020_03_01/panel_data.npz
2026-05-06 06:20:07 | INFO | Using x_0 artifact: /orcd/home/002/phevosp/MPLE-Causal-Inference/experiments/FINAL/USCountyVaccination/outcome_death_rate_100k_ge_2__intervention_complete_cov_ge_30__lag_2w__distance_kernel_8__start_2020_03_01/x_0.npy
2026-05-06 06:20:07 | INFO | Using fit config: /orcd/home/002/phevosp/MPLE-Causal-Inference/experiments/FINAL/USCountyVaccination/outcome_death_rate_100k_ge_2__intervention_complete_cov_ge_30__lag_2w__distance_kernel_8__start_2020_03_01/cv_runs/alternating_uv_grid/candidates/alternating_uv_grid_candidate_0016/fold_1/fit_realized_config.yaml
2026-05-06 06:20:07 | INFO | Using model artifact directory: /orcd/home/002/phevosp/MPLE-Causal-Inference/experiments/FINAL/USCountyVaccination/outcome_death_rate_100k_ge_2__intervention_complete_cov_ge_30__lag_2w__distance_kernel_8__start_2020_03_01
2026-05-06 06:20:07 | INFO | Using truth artifact directory: /orcd/home/002/phevosp/MPLE-Causal-Inference/experiments/FINAL/USCountyVaccination/outcome_death_rate_100k_ge_2__intervention_complete_cov_ge_30__lag_2w__distance_kernel_8__start_2020_03_01
2026-05-06 06:20:07 | INFO | Using loss mask artifact: /orcd/home/002/phevosp/MPLE-Causal-Inference/experiments/FINAL/USCountyVaccination/outcome_death_rate_100k_ge_2__intervention_complete_cov_ge_30__lag_2w__distance_kernel_8__start_2020_03_01/cv_runs/alternating_uv_grid/candidates/alternating_uv_grid_candidate_0016/fold_1/loss_mask.npy
2026-05-06 06:20:07 | INFO | Configured optimizer mode: alternating_latent_rank
2026-05-06 06:20:07 | INFO | Configured latent rank: 8
2026-05-06 06:20:07 | INFO | Using a fixed known graph with scalar xi.
2026-05-06 06:20:07 | INFO | Fit-time hard bounds active: False
2026-05-06 06:20:07 | INFO | Fixed scalar parameters: {}
2026-05-06 06:20:07 | INFO | Warm-start fixed scalars: {} for 0 steps
2026-05-06 06:20:07 | INFO | Beta mask before s: True with s=50
2026-05-06 06:20:07 | INFO | Beta mask after e: True with e=115
2026-05-06 06:20:07 | INFO | Alternating V-column L2-ball constraint active with radius 1.0
2026-05-06 06:20:07 | INFO | Optimizer settings: steps=2000, tol=1e-07, n_starts=1, seed=0, lambda_nuclear=0.0, lambda_frobenius=0.0, lambda_uv_ridge=0.05, v_column_l2_max=1.0, proximal_lr=1.0
2026-05-06 06:20:07 | INFO | Alternating low-rank start 1/1 | seed=0 | initial_loss=0.742869 | initial_penalized=0.742873
2026-05-06 06:20:07 | INFO | Alternating low-rank iter 0 | Loss: 0.469158 | Penalized: 0.472415
2026-05-06 06:20:17 | INFO | Alternating low-rank iter 100 | Loss: 0.368172 | Penalized: 0.391497
2026-05-06 06:20:26 | INFO | Alternating low-rank iter 200 | Loss: 0.367737 | Penalized: 0.389790
2026-05-06 06:20:35 | INFO | Alternating low-rank iter 300 | Loss: 0.367921 | Penalized: 0.389484
2026-05-06 06:20:45 | INFO | Alternating low-rank iter 400 | Loss: 0.368035 | Penalized: 0.389300
2026-05-06 06:20:54 | INFO | Alternating low-rank iter 500 | Loss: 0.368072 | Penalized: 0.389196
2026-05-06 06:21:04 | INFO | Alternating low-rank iter 600 | Loss: 0.368101 | Penalized: 0.389143
2026-05-06 06:21:13 | INFO | Alternating low-rank iter 700 | Loss: 0.368106 | Penalized: 0.389099
2026-05-06 06:21:23 | INFO | Alternating low-rank iter 800 | Loss: 0.368041 | Penalized: 0.389039
2026-05-06 06:21:32 | INFO | Alternating low-rank iter 900 | Loss: 0.367952 | Penalized: 0.388993
2026-05-06 06:21:37 | INFO | Done fitting.
2026-05-06 06:21:37 | INFO | Optimizer status: CONVERGED: alternating objective tolerance reached
2026-05-06 06:21:37 | INFO | Best optimizer start: 1 / 1
2026-05-06 06:21:37 | INFO | Final Loss: 0.367927
2026-05-06 06:21:37 | INFO | Estimated Parameters:
2026-05-06 06:21:37 | INFO |   beta: -0.0075
2026-05-06 06:21:37 | INFO |   xi: 1.6241
2026-05-06 06:21:37 | INFO |   eta: 0.2209
2026-05-06 06:21:37 | INFO | Alternating low-rank optimizer diagnostics:
2026-05-06 06:21:37 | INFO |   penalized_objective: 0.388985
2026-05-06 06:21:37 | INFO |   mple_loss_without_penalty: 0.367927
2026-05-06 06:21:37 | INFO |   lambda_uv_ridge: 0.050000
2026-05-06 06:21:37 | INFO |   u_frobenius_norm: 305.183554
2026-05-06 06:21:37 | INFO |   v_frobenius_norm: 2.828427
2026-05-06 06:21:37 | INFO |   effective_rank: 8.000000
2026-05-06 06:21:37 | INFO | Field and interaction diagnostics:
2026-05-06 06:21:37 | INFO |   estimated_field_max_abs_entry: 3.206717
2026-05-06 06:21:37 | INFO |   estimated_field_rank: 8.000000
2026-05-06 06:21:37 | INFO | Saved summary table to /orcd/home/002/phevosp/MPLE-Causal-Inference/experiments/FINAL/USCountyVaccination/outcome_death_rate_100k_ge_2__intervention_complete_cov_ge_30__lag_2w__distance_kernel_8__start_2020_03_01/cv_runs/alternating_uv_grid/candidates/alternating_uv_grid_candidate_0016/fold_1/mple_summary.csv
2026-05-06 06:21:37 | INFO | Log saved to /orcd/home/002/phevosp/MPLE-Causal-Inference/experiments/FINAL/USCountyVaccination/outcome_death_rate_100k_ge_2__intervention_complete_cov_ge_30__lag_2w__distance_kernel_8__start_2020_03_01/cv_runs/alternating_uv_grid/candidates/alternating_uv_grid_candidate_0016/fold_1/mple.log
