2026-05-06 00:46:53 | INFO | Loading data...
2026-05-06 00:46:53 | INFO | Using panel artifact: /orcd/home/002/phevosp/MPLE-Causal-Inference/experiments/FINAL/USCountyVaccination/outcome_death_rate_100k_ge_2__intervention_complete_cov_ge_30__lag_2w__distance_kernel_8__start_2020_03_01/panel_data.npz
2026-05-06 00:46:53 | INFO | Using x_0 artifact: /orcd/home/002/phevosp/MPLE-Causal-Inference/experiments/FINAL/USCountyVaccination/outcome_death_rate_100k_ge_2__intervention_complete_cov_ge_30__lag_2w__distance_kernel_8__start_2020_03_01/x_0.npy
2026-05-06 00:46:53 | INFO | Using fit config: /orcd/home/002/phevosp/MPLE-Causal-Inference/experiments/FINAL/USCountyVaccination/outcome_death_rate_100k_ge_2__intervention_complete_cov_ge_30__lag_2w__distance_kernel_8__start_2020_03_01/cv_runs/alternating_uv_grid_xi_zero/candidates/alternating_uv_grid_xi_zero_candidate_0002/fold_1/fit_realized_config.yaml
2026-05-06 00:46:53 | INFO | Using model artifact directory: /orcd/home/002/phevosp/MPLE-Causal-Inference/experiments/FINAL/USCountyVaccination/outcome_death_rate_100k_ge_2__intervention_complete_cov_ge_30__lag_2w__distance_kernel_8__start_2020_03_01
2026-05-06 00:46:53 | INFO | Using truth artifact directory: /orcd/home/002/phevosp/MPLE-Causal-Inference/experiments/FINAL/USCountyVaccination/outcome_death_rate_100k_ge_2__intervention_complete_cov_ge_30__lag_2w__distance_kernel_8__start_2020_03_01
2026-05-06 00:46:53 | INFO | Using loss mask artifact: /orcd/home/002/phevosp/MPLE-Causal-Inference/experiments/FINAL/USCountyVaccination/outcome_death_rate_100k_ge_2__intervention_complete_cov_ge_30__lag_2w__distance_kernel_8__start_2020_03_01/cv_runs/alternating_uv_grid_xi_zero/candidates/alternating_uv_grid_xi_zero_candidate_0002/fold_1/loss_mask.npy
2026-05-06 00:46:53 | INFO | Configured optimizer mode: alternating_latent_rank
2026-05-06 00:46:53 | INFO | Configured latent rank: 3
2026-05-06 00:46:53 | INFO | Using a fixed known graph with scalar xi.
2026-05-06 00:46:53 | INFO | Fit-time hard bounds active: False
2026-05-06 00:46:53 | INFO | Fixed scalar parameters: {'xi': 0.0}
2026-05-06 00:46:53 | INFO | Warm-start fixed scalars: {} for 0 steps
2026-05-06 00:46:53 | INFO | Beta mask before s: True with s=50
2026-05-06 00:46:53 | INFO | Beta mask after e: True with e=115
2026-05-06 00:46:53 | INFO | Alternating V-column L2-ball constraint active with radius 1.0
2026-05-06 00:46:53 | INFO | Optimizer settings: steps=2000, tol=1e-07, n_starts=1, seed=0, lambda_nuclear=0.0, lambda_frobenius=0.0, lambda_uv_ridge=0.005, v_column_l2_max=1.0, proximal_lr=1.0
2026-05-06 00:46:53 | INFO | Alternating low-rank start 1/1 | seed=0 | initial_loss=0.662668 | initial_penalized=0.662668
2026-05-06 00:46:53 | INFO | Alternating low-rank iter 0 | Loss: 0.495484 | Penalized: 0.496036
2026-05-06 00:47:05 | INFO | Alternating low-rank iter 100 | Loss: 0.427433 | Penalized: 0.434627
2026-05-06 00:47:18 | INFO | Alternating low-rank iter 200 | Loss: 0.425624 | Penalized: 0.433034
2026-05-06 00:47:31 | INFO | Alternating low-rank iter 300 | Loss: 0.424988 | Penalized: 0.432389
2026-05-06 00:47:44 | INFO | Alternating low-rank iter 400 | Loss: 0.424619 | Penalized: 0.432046
2026-05-06 00:47:57 | INFO | Alternating low-rank iter 500 | Loss: 0.424379 | Penalized: 0.431838
2026-05-06 00:48:10 | INFO | Alternating low-rank iter 600 | Loss: 0.423858 | Penalized: 0.431426
2026-05-06 00:48:23 | INFO | Done fitting.
2026-05-06 00:48:23 | INFO | Optimizer status: CONVERGED: alternating objective tolerance reached
2026-05-06 00:48:23 | INFO | Best optimizer start: 1 / 1
2026-05-06 00:48:23 | INFO | Final Loss: 0.423686
2026-05-06 00:48:23 | INFO | Estimated Parameters:
2026-05-06 00:48:23 | INFO |   beta: 0.0120
2026-05-06 00:48:23 | INFO |   xi: 0.0000
2026-05-06 00:48:23 | INFO |   eta: 0.1372
2026-05-06 00:48:23 | INFO | Alternating low-rank optimizer diagnostics:
2026-05-06 00:48:23 | INFO |   penalized_objective: 0.431346
2026-05-06 00:48:23 | INFO |   mple_loss_without_penalty: 0.423686
2026-05-06 00:48:23 | INFO |   lambda_uv_ridge: 0.005000
2026-05-06 00:48:23 | INFO |   u_frobenius_norm: 582.086966
2026-05-06 00:48:23 | INFO |   v_frobenius_norm: 1.732051
2026-05-06 00:48:23 | INFO |   effective_rank: 3.000000
2026-05-06 00:48:23 | INFO | Field and interaction diagnostics:
2026-05-06 00:48:23 | INFO |   estimated_field_max_abs_entry: 7.467959
2026-05-06 00:48:23 | INFO |   estimated_field_rank: 3.000000
2026-05-06 00:48:23 | INFO | Saved summary table to /orcd/home/002/phevosp/MPLE-Causal-Inference/experiments/FINAL/USCountyVaccination/outcome_death_rate_100k_ge_2__intervention_complete_cov_ge_30__lag_2w__distance_kernel_8__start_2020_03_01/cv_runs/alternating_uv_grid_xi_zero/candidates/alternating_uv_grid_xi_zero_candidate_0002/fold_1/mple_summary.csv
2026-05-06 00:48:23 | INFO | Log saved to /orcd/home/002/phevosp/MPLE-Causal-Inference/experiments/FINAL/USCountyVaccination/outcome_death_rate_100k_ge_2__intervention_complete_cov_ge_30__lag_2w__distance_kernel_8__start_2020_03_01/cv_runs/alternating_uv_grid_xi_zero/candidates/alternating_uv_grid_xi_zero_candidate_0002/fold_1/mple.log
