2026-04-07 11:39:41 | INFO | Loading data...
2026-04-07 11:39:41 | INFO | Loaded 6 field templates and 1 interaction templates.
2026-04-07 11:39:41 | INFO | Intervention-process model enabled: True
2026-04-07 11:39:41 | INFO | Tau zero-mean enabled: True
2026-04-07 11:39:41 | INFO | Tau smoothness lambda: 1.000000
2026-04-07 11:39:41 | INFO | Running conditional-model MPLE on x with shape=(69, 3203)
2026-04-07 11:39:42 | INFO | Eval 0  |  Loss: 0.594149
2026-04-07 11:39:42 | INFO |   field::log_population: +0.0126,  field::median_household_income: -0.0132,  field::poverty_rate: +0.0640,  field::pct_black: +0.0105,  field::pct_hispanic: -0.0536,  field::pct_in_labor_force: +0.0362,  tau block: mean=+0.0000, std=0.0982, min=-0.2442, max=+0.1843,  beta: -0.1320,  interaction::contiguity: -0.0662,  eta: +0.0935,  zeta: +0.0049,  psi: +0.2002
2026-04-07 11:39:44 | INFO | Done fitting.
2026-04-07 11:39:44 | INFO | Optimizer status: CONVERGENCE: RELATIVE REDUCTION OF F <= FACTR*EPSMCH
2026-04-07 11:39:44 | INFO | Final Loss: 0.289795
2026-04-07 11:39:44 | INFO | Estimated Parameters:
2026-04-07 11:39:44 | INFO |   field::log_population: 0.9392
2026-04-07 11:39:44 | INFO |   field::median_household_income: -1.1257
2026-04-07 11:39:44 | INFO |   field::poverty_rate: -0.5575
2026-04-07 11:39:44 | INFO |   field::pct_black: -0.1319
2026-04-07 11:39:44 | INFO |   field::pct_hispanic: -0.3118
2026-04-07 11:39:44 | INFO |   field::pct_in_labor_force: 0.0467
2026-04-07 11:39:44 | INFO |   tau::t_0: 0.0556
2026-04-07 11:39:44 | INFO |   tau::t_1: 0.0470
2026-04-07 11:39:44 | INFO |   tau::t_2: 0.0401
2026-04-07 11:39:44 | INFO |   tau::t_3: -0.0262
2026-04-07 11:39:44 | INFO |   tau::t_4: -0.1225
2026-04-07 11:39:44 | INFO |   tau::t_5: -0.0499
2026-04-07 11:39:44 | INFO |   tau::t_6: -0.0990
2026-04-07 11:39:44 | INFO |   tau::t_7: -0.1680
2026-04-07 11:39:44 | INFO |   tau::t_8: -0.2222
2026-04-07 11:39:44 | INFO |   tau::t_9: -0.2209
2026-04-07 11:39:44 | INFO |   tau::t_10: -0.2532
2026-04-07 11:39:44 | INFO |   tau::t_11: -0.2241
2026-04-07 11:39:44 | INFO |   tau::t_12: -0.2078
2026-04-07 11:39:44 | INFO |   tau::t_13: -0.2418
2026-04-07 11:39:44 | INFO |   tau::t_14: -0.2288
2026-04-07 11:39:44 | INFO |   tau::t_15: -0.1938
2026-04-07 11:39:44 | INFO |   tau::t_16: -0.1953
2026-04-07 11:39:44 | INFO |   tau::t_17: -0.1923
2026-04-07 11:39:44 | INFO |   tau::t_18: -0.1089
2026-04-07 11:39:44 | INFO |   tau::t_19: -0.2437
2026-04-07 11:39:44 | INFO |   tau::t_20: -0.1943
2026-04-07 11:39:44 | INFO |   tau::t_21: -0.2903
2026-04-07 11:39:44 | INFO |   tau::t_22: -0.2788
2026-04-07 11:39:44 | INFO |   tau::t_23: -0.2899
2026-04-07 11:39:44 | INFO |   tau::t_24: -0.3370
2026-04-07 11:39:44 | INFO |   tau::t_25: -0.2527
2026-04-07 11:39:44 | INFO |   tau::t_26: -0.2462
2026-04-07 11:39:44 | INFO |   tau::t_27: -0.2105
2026-04-07 11:39:44 | INFO |   tau::t_28: -0.1108
2026-04-07 11:39:44 | INFO |   tau::t_29: -0.0438
2026-04-07 11:39:44 | INFO |   tau::t_30: 0.0169
2026-04-07 11:39:44 | INFO |   tau::t_31: 0.0644
2026-04-07 11:39:44 | INFO |   tau::t_32: 0.0821
2026-04-07 11:39:44 | INFO |   tau::t_33: 0.1129
2026-04-07 11:39:44 | INFO |   tau::t_34: 0.2159
2026-04-07 11:39:44 | INFO |   tau::t_35: 0.2103
2026-04-07 11:39:44 | INFO |   tau::t_36: 0.2363
2026-04-07 11:39:44 | INFO |   tau::t_37: 0.1838
2026-04-07 11:39:44 | INFO |   tau::t_38: 0.1813
2026-04-07 11:39:44 | INFO |   tau::t_39: 0.1952
2026-04-07 11:39:44 | INFO |   tau::t_40: 0.1934
2026-04-07 11:39:44 | INFO |   tau::t_41: 0.1320
2026-04-07 11:39:44 | INFO |   tau::t_42: 0.1376
2026-04-07 11:39:44 | INFO |   tau::t_43: 0.1534
2026-04-07 11:39:44 | INFO |   tau::t_44: 0.0040
2026-04-07 11:39:44 | INFO |   tau::t_45: 0.2379
2026-04-07 11:39:44 | INFO |   tau::t_46: 0.1618
2026-04-07 11:39:44 | INFO |   tau::t_47: 0.1581
2026-04-07 11:39:44 | INFO |   tau::t_48: 0.1157
2026-04-07 11:39:44 | INFO |   tau::t_49: 0.1463
2026-04-07 11:39:44 | INFO |   tau::t_50: 0.2221
2026-04-07 11:39:44 | INFO |   tau::t_51: 0.2122
2026-04-07 11:39:44 | INFO |   tau::t_52: 0.2314
2026-04-07 11:39:44 | INFO |   tau::t_53: 0.3043
2026-04-07 11:39:44 | INFO |   tau::t_54: 0.3434
2026-04-07 11:39:44 | INFO |   tau::t_55: 0.3299
2026-04-07 11:39:44 | INFO |   tau::t_56: 0.3048
2026-04-07 11:39:44 | INFO |   tau::t_57: 0.2378
2026-04-07 11:39:44 | INFO |   tau::t_58: 0.1953
2026-04-07 11:39:44 | INFO |   tau::t_59: 0.1252
2026-04-07 11:39:44 | INFO |   tau::t_60: 0.1190
2026-04-07 11:39:44 | INFO |   tau::t_61: 0.0484
2026-04-07 11:39:44 | INFO |   tau::t_62: 0.0015
2026-04-07 11:39:44 | INFO |   tau::t_63: -0.0626
2026-04-07 11:39:44 | INFO |   tau::t_64: -0.0249
2026-04-07 11:39:44 | INFO |   tau::t_65: -0.1190
2026-04-07 11:39:44 | INFO |   tau::t_66: -0.1091
2026-04-07 11:39:44 | INFO |   tau::t_67: -0.0020
2026-04-07 11:39:44 | INFO |   tau::t_68: -0.1869
2026-04-07 11:39:44 | INFO |   beta: -0.1336
2026-04-07 11:39:44 | INFO |   interaction::contiguity: 1.6026
2026-04-07 11:39:44 | INFO |   eta: 0.2438
2026-04-07 11:39:44 | INFO |   zeta: -0.2180
2026-04-07 11:39:44 | INFO |   psi: 2.1264
2026-04-07 11:39:44 | INFO | Saved summary tables to C:\Users\phevo\Documents\MIT\Code\MPLE-Causal-Inference\experiments\USCountyVaccination_US_tau_zero_mean_smooth\outcome_death_rate_100k_ge_2__intervention_complete_cov_ge_30__lag_1w__contiguity\mple_summary.csv and C:\Users\phevo\Documents\MIT\Code\MPLE-Causal-Inference\experiments\USCountyVaccination_US_tau_zero_mean_smooth\outcome_death_rate_100k_ge_2__intervention_complete_cov_ge_30__lag_1w__contiguity\mple_summary.md
2026-04-07 11:39:44 | INFO | Log saved to C:\Users\phevo\Documents\MIT\Code\MPLE-Causal-Inference\experiments\USCountyVaccination_US_tau_zero_mean_smooth\outcome_death_rate_100k_ge_2__intervention_complete_cov_ge_30__lag_1w__contiguity\mple.log
