2026-05-02 00:40:39 | INFO | Loading data...
2026-05-02 00:40:39 | INFO | Using panel artifact: /orcd/home/002/phevosp/MPLE-Causal-Inference/experiments/SyntheticHybridExperimentsFinal/r5_c1_hybrid_us_county_intervention_generated_graph_confounding/panel_data.npz
2026-05-02 00:40:39 | INFO | Using x_0 artifact: /orcd/home/002/phevosp/MPLE-Causal-Inference/experiments/SyntheticHybridExperimentsFinal/r5_c1_hybrid_us_county_intervention_generated_graph_confounding/x_0.npy
2026-05-02 00:40:39 | INFO | Using fit config: /orcd/home/002/phevosp/MPLE-Causal-Inference/experiments/SyntheticHybridExperimentsFinal/r5_c1_hybrid_us_county_intervention_generated_graph_confounding/fits/base_beta_mask/fit_realized_config.yaml
2026-05-02 00:40:39 | INFO | Using model artifact directory: /orcd/home/002/phevosp/MPLE-Causal-Inference/experiments/SyntheticHybridExperimentsFinal/r5_c1_hybrid_us_county_intervention_generated_graph_confounding
2026-05-02 00:40:39 | INFO | Using truth artifact directory: /orcd/home/002/phevosp/MPLE-Causal-Inference/experiments/SyntheticHybridExperimentsFinal/r5_c1_hybrid_us_county_intervention_generated_graph_confounding
2026-05-02 00:40:39 | INFO | Configured optimizer mode: no_external_field
2026-05-02 00:40:39 | INFO | Configured latent rank: 0
2026-05-02 00:40:39 | INFO | Using a fixed known graph with scalar xi.
2026-05-02 00:40:39 | INFO | Fit-time hard bounds active: False
2026-05-02 00:40:39 | INFO | Fixed scalar parameters: {}
2026-05-02 00:40:39 | INFO | Warm-start fixed scalars: {} for 0 steps
2026-05-02 00:40:39 | INFO | Beta mask before s: True with s=55
2026-05-02 00:40:39 | INFO | Beta mask after e: True with e=114
2026-05-02 00:40:39 | INFO | Ignoring v_column_l2_max=1.0 for optimizer_mode=no_external_field
2026-05-02 00:40:39 | INFO | Optimizer settings: steps=20000, tol=1e-09, n_starts=1, seed=0, lambda_nuclear=0.0, lambda_frobenius=0.0, lambda_uv_ridge=0.0, v_column_l2_max=1.0, proximal_lr=1.0
2026-05-02 00:40:40 | INFO | Done fitting.
2026-05-02 00:40:40 | INFO | Optimizer status: Optimization terminated successfully.
2026-05-02 00:40:40 | INFO | Best optimizer start: 1 / 1
2026-05-02 00:40:40 | INFO | Final Loss: 0.579911
2026-05-02 00:40:40 | INFO | Estimated vs True Parameters:
2026-05-02 00:40:40 | INFO |   beta: -0.1477 (True: -0.3000) | SQE: 0.023209
2026-05-02 00:40:40 | INFO |   xi: 1.0582 (True: 0.8000) | SQE: 0.066656
2026-05-02 00:40:40 | INFO |   eta: 0.3017 (True: 0.3000) | SQE: 0.000003
2026-05-02 00:40:40 | INFO | Field and interaction diagnostics:
2026-05-02 00:40:40 | INFO |   field_rmse: 0.250000
2026-05-02 00:40:40 | INFO |   interaction_fro_error: 1.615123
2026-05-02 00:40:40 | INFO |   estimated_field_max_abs_entry: 0.000000
2026-05-02 00:40:40 | INFO |   estimated_field_rank: 0.000000
2026-05-02 00:40:40 | INFO |   true_field_max_abs_entry: 1.442488
2026-05-02 00:40:40 | INFO |   true_field_rank: 5.000000
2026-05-02 00:40:40 | INFO | Saved summary table to /orcd/home/002/phevosp/MPLE-Causal-Inference/experiments/SyntheticHybridExperimentsFinal/r5_c1_hybrid_us_county_intervention_generated_graph_confounding/fits/base_beta_mask/mple_summary.csv
2026-05-02 00:40:40 | INFO | Log saved to /orcd/home/002/phevosp/MPLE-Causal-Inference/experiments/SyntheticHybridExperimentsFinal/r5_c1_hybrid_us_county_intervention_generated_graph_confounding/fits/base_beta_mask/mple.log
