2026-07-26 06:06:49 | INFO | Loading data...
2026-07-26 06:06:49 | INFO | Using panel artifact: /orcd/home/002/phevosp/MPLE-Causal-Inference/experiments/SyntheticNoInterference/synth_no_interference/panel_data.npz
2026-07-26 06:06:49 | INFO | Using x_0 artifact: /orcd/home/002/phevosp/MPLE-Causal-Inference/experiments/SyntheticNoInterference/synth_no_interference/x_0.npy
2026-07-26 06:06:49 | INFO | Using fit config: /orcd/home/002/phevosp/MPLE-Causal-Inference/experiments/SyntheticNoInterference/synth_no_interference/cv_runs_baselines/treatment_split/candidates/treatment_split_candidate_0012/fold_2/fit_realized_config.yaml
2026-07-26 06:06:49 | INFO | Using model artifact directory: /orcd/home/002/phevosp/MPLE-Causal-Inference/experiments/SyntheticNoInterference/synth_no_interference
2026-07-26 06:06:49 | INFO | Using truth artifact directory: /orcd/home/002/phevosp/MPLE-Causal-Inference/experiments/SyntheticNoInterference/synth_no_interference
2026-07-26 06:06:49 | INFO | Using loss mask artifact: /orcd/home/002/phevosp/MPLE-Causal-Inference/experiments/SyntheticNoInterference/synth_no_interference/cv_runs_baselines/treatment_split/candidates/treatment_split_candidate_0012/fold_2/loss_mask.npy
2026-07-26 06:06:49 | INFO | Configured optimizer mode: alternating_treatment_split_latent_rank
2026-07-26 06:06:49 | INFO | Configured latent rank: 3
2026-07-26 06:06:49 | INFO | Using a fixed known graph with scalar xi.
2026-07-26 06:06:49 | INFO | Fit-time hard bounds active: False
2026-07-26 06:06:49 | INFO | Fixed scalar parameters: {'beta': 0.0, 'xi': 0.0, 'eta': 0.0}
2026-07-26 06:06:49 | INFO | Warm-start fixed scalars: {} for 0 steps
2026-07-26 06:06:49 | INFO | Beta-gradient mask before s: False with s=0
2026-07-26 06:06:49 | INFO | Beta-gradient mask after e: False with e=11
2026-07-26 06:06:49 | INFO | Alternating V-column L2-ball constraint active with radius 1.0
2026-07-26 06:06:49 | INFO | Optimizer settings: steps=2000, tol=1e-07, n_starts=1, seed=0, lambda_nuclear=0.0, lambda_frobenius=0.0, lambda_uv_ridge=0.5, v_column_l2_max=1.0, proximal_lr=1.0
2026-07-26 06:06:49 | INFO | Treatment-split alternating low-rank start 1/1 | seed=0 | initial_loss=0.693176 | initial_penalized=0.693479
2026-07-26 06:06:49 | INFO | Treatment-split alternating low-rank iter 0 | Loss: 0.689189 | Penalized: 0.689521
2026-07-26 06:06:52 | INFO | Treatment-split alternating low-rank iter 100 | Loss: 0.608650 | Penalized: 0.644052
2026-07-26 06:06:55 | INFO | Treatment-split alternating low-rank iter 200 | Loss: 0.608419 | Penalized: 0.643888
2026-07-26 06:06:56 | INFO | Treatment-split alternating low-rank iter 300 | Loss: 0.608347 | Penalized: 0.643812
2026-07-26 06:06:56 | INFO | Done fitting.
2026-07-26 06:06:56 | INFO | Optimizer status: CONVERGED: alternating treatment objective tolerance reached
2026-07-26 06:06:56 | INFO | Best optimizer start: 1 / 1
2026-07-26 06:06:56 | INFO | Final Loss: 0.608347
2026-07-26 06:06:56 | INFO | Estimated vs True Parameters:
2026-07-26 06:06:56 | INFO |   beta: 0.0000 (True: -0.3000) | SQE: 0.090000
2026-07-26 06:06:56 | INFO |   xi: 0.0000 (True: 0.0000) | SQE: 0.000000
2026-07-26 06:06:56 | INFO |   eta: 0.0000 (True: 0.3000) | SQE: 0.090000
2026-07-26 06:06:56 | INFO | Treatment-split alternating low-rank optimizer diagnostics:
2026-07-26 06:06:56 | INFO |   penalized_objective: 0.643811
2026-07-26 06:06:56 | INFO |   mple_loss_without_penalty: 0.608347
2026-07-26 06:06:56 | INFO |   lambda_uv_ridge: 0.500000
2026-07-26 06:06:56 | INFO |   u_frobenius_norm: 2.449490
2026-07-26 06:06:56 | INFO |   v_frobenius_norm: 32.525903
2026-07-26 06:06:56 | INFO |   effective_rank: 50.000000
2026-07-26 06:06:56 | INFO | Field and interaction diagnostics:
2026-07-26 06:06:56 | INFO |   field_rmse: 0.671443
2026-07-26 06:06:56 | INFO |   interaction_fro_error: 0.000000
2026-07-26 06:06:56 | INFO |   estimated_field_max_abs_entry: 0.674074
2026-07-26 06:06:56 | INFO |   estimated_field_rank: 50.000000
2026-07-26 06:06:56 | INFO |   true_field_max_abs_entry: 4.447602
2026-07-26 06:06:56 | INFO |   true_field_rank: 3.000000
2026-07-26 06:06:57 | INFO | Saved summary table to /orcd/home/002/phevosp/MPLE-Causal-Inference/experiments/SyntheticNoInterference/synth_no_interference/cv_runs_baselines/treatment_split/candidates/treatment_split_candidate_0012/fold_2/mple_summary.csv
2026-07-26 06:06:57 | INFO | Log saved to /orcd/home/002/phevosp/MPLE-Causal-Inference/experiments/SyntheticNoInterference/synth_no_interference/cv_runs_baselines/treatment_split/candidates/treatment_split_candidate_0012/fold_2/mple.log
