2026-04-08 12:00:27 | INFO | Loading data...
2026-04-08 12:00:27 | INFO | Loaded 6 field templates and 1 interaction templates.
2026-04-08 12:00:27 | INFO | Intervention-process model enabled: True
2026-04-08 12:00:27 | INFO | Tau zero-mean enabled: False
2026-04-08 12:00:27 | INFO | Tau smoothness lambda: 0.000000
2026-04-08 12:00:27 | INFO | Running conditional-model MPLE on x with shape=(68, 3203)
2026-04-08 12:00:27 | INFO | Eval 0  |  Loss: 0.728037
2026-04-08 12:00:27 | INFO |   field::population_density: +0.0126,  field::senior_population: -0.0132,  field::college_education: +0.0640,  field::poverty_rate: +0.0105,  field::log_population: -0.0536,  field::median_household_income: +0.0362,  tau block: mean=+0.0092, std=0.0967, min=-0.2325, max=+0.1960,  beta: +0.1822,  interaction::contiguity: -0.1320,  eta: -0.0662,  zeta: +0.0935,  psi: +0.0049
2026-04-08 12:00:31 | INFO | Done fitting.
2026-04-08 12:00:31 | INFO | Optimizer status: CONVERGENCE: RELATIVE REDUCTION OF F <= FACTR*EPSMCH
2026-04-08 12:00:31 | INFO | Final Loss: 0.156100
2026-04-08 12:00:31 | INFO | Estimated Parameters:
2026-04-08 12:00:31 | INFO |   field::population_density: -0.4314
2026-04-08 12:00:31 | INFO |   field::senior_population: -0.2126
2026-04-08 12:00:31 | INFO |   field::college_education: -0.2386
2026-04-08 12:00:31 | INFO |   field::poverty_rate: -0.2091
2026-04-08 12:00:31 | INFO |   field::log_population: 0.1401
2026-04-08 12:00:31 | INFO |   field::median_household_income: -0.0695
2026-04-08 12:00:31 | INFO |   tau::t_0: -0.1677
2026-04-08 12:00:31 | INFO |   tau::t_1: -0.2044
2026-04-08 12:00:31 | INFO |   tau::t_2: -0.2280
2026-04-08 12:00:31 | INFO |   tau::t_3: -0.3599
2026-04-08 12:00:31 | INFO |   tau::t_4: 0.0096
2026-04-08 12:00:31 | INFO |   tau::t_5: -0.2157
2026-04-08 12:00:31 | INFO |   tau::t_6: -0.0323
2026-04-08 12:00:31 | INFO |   tau::t_7: -0.1021
2026-04-08 12:00:31 | INFO |   tau::t_8: -0.0305
2026-04-08 12:00:31 | INFO |   tau::t_9: -0.1169
2026-04-08 12:00:31 | INFO |   tau::t_10: -0.0274
2026-04-08 12:00:31 | INFO |   tau::t_11: -0.0872
2026-04-08 12:00:31 | INFO |   tau::t_12: -0.2381
2026-04-08 12:00:31 | INFO |   tau::t_13: -0.2384
2026-04-08 12:00:31 | INFO |   tau::t_14: -0.3363
2026-04-08 12:00:31 | INFO |   tau::t_15: -0.3760
2026-04-08 12:00:31 | INFO |   tau::t_16: -0.5478
2026-04-08 12:00:31 | INFO |   tau::t_17: -0.4011
2026-04-08 12:00:31 | INFO |   tau::t_18: -0.7789
2026-04-08 12:00:31 | INFO |   tau::t_19: -0.4952
2026-04-08 12:00:31 | INFO |   tau::t_20: -0.6764
2026-04-08 12:00:31 | INFO |   tau::t_21: -0.5716
2026-04-08 12:00:31 | INFO |   tau::t_22: -0.5697
2026-04-08 12:00:31 | INFO |   tau::t_23: -0.3018
2026-04-08 12:00:31 | INFO |   tau::t_24: -0.1910
2026-04-08 12:00:31 | INFO |   tau::t_25: 0.0545
2026-04-08 12:00:31 | INFO |   tau::t_26: 0.2240
2026-04-08 12:00:31 | INFO |   tau::t_27: 0.2207
2026-04-08 12:00:31 | INFO |   tau::t_28: 0.2516
2026-04-08 12:00:31 | INFO |   tau::t_29: 0.2237
2026-04-08 12:00:31 | INFO |   tau::t_30: 0.2116
2026-04-08 12:00:31 | INFO |   tau::t_31: 0.1870
2026-04-08 12:00:31 | INFO |   tau::t_32: 0.0268
2026-04-08 12:00:31 | INFO |   tau::t_33: 0.1642
2026-04-08 12:00:31 | INFO |   tau::t_34: -0.0744
2026-04-08 12:00:31 | INFO |   tau::t_35: -0.1327
2026-04-08 12:00:31 | INFO |   tau::t_36: -0.1423
2026-04-08 12:00:31 | INFO |   tau::t_37: -0.1861
2026-04-08 12:00:31 | INFO |   tau::t_38: -0.2073
2026-04-08 12:00:31 | INFO |   tau::t_39: -0.0325
2026-04-08 12:00:31 | INFO |   tau::t_40: -0.0583
2026-04-08 12:00:31 | INFO |   tau::t_41: 0.0307
2026-04-08 12:00:31 | INFO |   tau::t_42: 0.0661
2026-04-08 12:00:31 | INFO |   tau::t_43: -0.3251
2026-04-08 12:00:31 | INFO |   tau::t_44: 0.3312
2026-04-08 12:00:31 | INFO |   tau::t_45: -0.0255
2026-04-08 12:00:31 | INFO |   tau::t_46: -0.0604
2026-04-08 12:00:31 | INFO |   tau::t_47: -0.0418
2026-04-08 12:00:31 | INFO |   tau::t_48: 0.4855
2026-04-08 12:00:31 | INFO |   tau::t_49: 0.8119
2026-04-08 12:00:31 | INFO |   tau::t_50: 0.8828
2026-04-08 12:00:31 | INFO |   tau::t_51: 1.1995
2026-04-08 12:00:31 | INFO |   tau::t_52: 1.1959
2026-04-08 12:00:31 | INFO |   tau::t_53: 0.3402
2026-04-08 12:00:31 | INFO |   tau::t_54: -0.2229
2026-04-08 12:00:31 | INFO |   tau::t_55: -0.3668
2026-04-08 12:00:31 | INFO |   tau::t_56: -0.4216
2026-04-08 12:00:31 | INFO |   tau::t_57: -0.2241
2026-04-08 12:00:31 | INFO |   tau::t_58: -0.2355
2026-04-08 12:00:31 | INFO |   tau::t_59: -0.2444
2026-04-08 12:00:31 | INFO |   tau::t_60: -0.3646
2026-04-08 12:00:31 | INFO |   tau::t_61: -0.4118
2026-04-08 12:00:31 | INFO |   tau::t_62: -0.3560
2026-04-08 12:00:31 | INFO |   tau::t_63: -0.1990
2026-04-08 12:00:31 | INFO |   tau::t_64: -0.0778
2026-04-08 12:00:31 | INFO |   tau::t_65: -0.1511
2026-04-08 12:00:31 | INFO |   tau::t_66: 0.0001
2026-04-08 12:00:31 | INFO |   tau::t_67: -0.0148
2026-04-08 12:00:31 | INFO |   beta: -0.0002
2026-04-08 12:00:31 | INFO |   interaction::contiguity: 2.6129
2026-04-08 12:00:31 | INFO |   eta: 0.5431
2026-04-08 12:00:31 | INFO |   zeta: -0.0049
2026-04-08 12:00:31 | INFO |   psi: 2.1350
2026-04-08 12:00:31 | INFO | Saved summary tables to C:\Users\phevo\Documents\MIT\Code\MPLE-Causal-Inference\experiments\USCountyVaccination_US_features_new\outcome_case_rate_100k_ge_200__intervention_complete_cov_ge_40__lag_2w__contiguity\mple_summary.csv and C:\Users\phevo\Documents\MIT\Code\MPLE-Causal-Inference\experiments\USCountyVaccination_US_features_new\outcome_case_rate_100k_ge_200__intervention_complete_cov_ge_40__lag_2w__contiguity\mple_summary.md
2026-04-08 12:00:31 | INFO | Log saved to C:\Users\phevo\Documents\MIT\Code\MPLE-Causal-Inference\experiments\USCountyVaccination_US_features_new\outcome_case_rate_100k_ge_200__intervention_complete_cov_ge_40__lag_2w__contiguity\mple.log
