2026-04-11 12:51:25 | INFO | Loading data...
2026-04-11 12:51:25 | INFO | Using panel artifact: C:\Users\phevo\Documents\MIT\Code\MPLE-Causal-Inference\experiments\SyntheticExperimentsGrid\fixed_z_complete_cov_ge_30_lag2w_trimmed_uniform_zero_xi0p25_20260411_123842\panel_data.npz
2026-04-11 12:51:25 | INFO | Using x_0 artifact: C:\Users\phevo\Documents\MIT\Code\MPLE-Causal-Inference\experiments\SyntheticExperimentsGrid\fixed_z_complete_cov_ge_30_lag2w_trimmed_uniform_zero_xi0p25_20260411_123842\x_0.npy
2026-04-11 12:51:25 | INFO | Using z_0 artifact: C:\Users\phevo\Documents\MIT\Code\MPLE-Causal-Inference\experiments\SyntheticExperimentsGrid\fixed_z_complete_cov_ge_30_lag2w_trimmed_uniform_zero_xi0p25_20260411_123842\z_0.npy
2026-04-11 12:51:25 | INFO | Loaded field mode: uniform
2026-04-11 12:51:25 | INFO | Using a fixed known graph with scalar xi.
2026-04-11 12:51:25 | INFO | Intervention-process model enabled: False
2026-04-11 12:51:25 | INFO | Eval 0  |  Loss: 0.660328
2026-04-11 12:51:25 | INFO |   beta: +0.0788,  xi: +0.0844,  eta: +0.0076
2026-04-11 12:51:26 | INFO | Done fitting.
2026-04-11 12:51:26 | INFO | Optimizer status: CONVERGENCE: RELATIVE REDUCTION OF F <= FACTR*EPSMCH
2026-04-11 12:51:26 | INFO | Final Loss: 0.601234
2026-04-11 12:51:26 | INFO | Estimated vs True Parameters:
2026-04-11 12:51:26 | INFO |   beta: 0.3501 (True: 0.3500) | SQE: 0.000000
2026-04-11 12:51:26 | INFO |   xi: 0.2225 (True: 0.2500) | SQE: 0.000758
2026-04-11 12:51:26 | INFO |   eta: 0.0794 (True: 0.0800) | SQE: 0.000000
2026-04-11 12:51:26 | INFO | Field and interaction diagnostics:
2026-04-11 12:51:26 | INFO |   field_rmse: 0.020123
2026-04-11 12:51:26 | INFO |   static_field_rmse: 0.000000
2026-04-11 12:51:26 | INFO |   interaction_fro_error: 0.093938
2026-04-11 12:51:26 | INFO |   tau_rmse: 0.020123
2026-04-11 12:51:27 | INFO | Saved summary tables to C:\Users\phevo\Documents\MIT\Code\MPLE-Causal-Inference\experiments\SyntheticExperimentsGrid\fixed_z_complete_cov_ge_30_lag2w_trimmed_uniform_zero_xi0p25_20260411_123842\mple_summary.csv and C:\Users\phevo\Documents\MIT\Code\MPLE-Causal-Inference\experiments\SyntheticExperimentsGrid\fixed_z_complete_cov_ge_30_lag2w_trimmed_uniform_zero_xi0p25_20260411_123842\mple_summary.md
2026-04-11 12:51:27 | INFO | Log saved to C:\Users\phevo\Documents\MIT\Code\MPLE-Causal-Inference\experiments\SyntheticExperimentsGrid\fixed_z_complete_cov_ge_30_lag2w_trimmed_uniform_zero_xi0p25_20260411_123842\mple.log
