2026-05-01 20:41:44 | INFO | Loading data...
2026-05-01 20:41:44 | INFO | Using panel artifact: /orcd/home/002/phevosp/MPLE-Causal-Inference/experiments/SyntheticHybridExperimentsFinal/base/panel_data.npz
2026-05-01 20:41:44 | INFO | Using x_0 artifact: /orcd/home/002/phevosp/MPLE-Causal-Inference/experiments/SyntheticHybridExperimentsFinal/base/x_0.npy
2026-05-01 20:41:44 | INFO | Using fit config: /orcd/home/002/phevosp/MPLE-Causal-Inference/experiments/SyntheticHybridExperimentsFinal/base/cv_runs/alternating_uv_grid/candidates/alternating_uv_grid_candidate_0001/fold_2/fit_realized_config.yaml
2026-05-01 20:41:44 | INFO | Using model artifact directory: /orcd/home/002/phevosp/MPLE-Causal-Inference/experiments/SyntheticHybridExperimentsFinal/base
2026-05-01 20:41:44 | INFO | Using truth artifact directory: /orcd/home/002/phevosp/MPLE-Causal-Inference/experiments/SyntheticHybridExperimentsFinal/base
2026-05-01 20:41:44 | INFO | Using loss mask artifact: /orcd/home/002/phevosp/MPLE-Causal-Inference/experiments/SyntheticHybridExperimentsFinal/base/cv_runs/alternating_uv_grid/candidates/alternating_uv_grid_candidate_0001/fold_2/loss_mask.npy
2026-05-01 20:41:44 | INFO | Configured optimizer mode: alternating_latent_rank
2026-05-01 20:41:44 | INFO | Configured latent rank: 3
2026-05-01 20:41:44 | INFO | Using a fixed known graph with scalar xi.
2026-05-01 20:41:44 | INFO | Fit-time hard bounds active: False
2026-05-01 20:41:44 | INFO | Fixed scalar parameters: {}
2026-05-01 20:41:44 | INFO | Warm-start fixed scalars: {} for 0 steps
2026-05-01 20:41:44 | INFO | Beta mask before s: False with s=0
2026-05-01 20:41:44 | INFO | Beta mask after e: False with e=11
2026-05-01 20:41:44 | INFO | Alternating V-column L2-ball constraint active with radius 1.0
2026-05-01 20:41:44 | INFO | Optimizer settings: steps=2000, tol=1e-07, n_starts=1, seed=0, lambda_nuclear=0.0, lambda_frobenius=0.0, lambda_uv_ridge=0.001, v_column_l2_max=1.0, proximal_lr=1.0
2026-05-01 20:41:44 | INFO | Alternating low-rank start 1/1 | seed=0 | initial_loss=0.840900 | initial_penalized=0.840901
2026-05-01 20:41:44 | INFO | Alternating low-rank iter 0 | Loss: 0.585879 | Penalized: 0.585983
2026-05-01 20:41:45 | INFO | Alternating low-rank iter 100 | Loss: 0.519849 | Penalized: 0.522844
2026-05-01 20:41:46 | INFO | Alternating low-rank iter 200 | Loss: 0.516853 | Penalized: 0.521033
2026-05-01 20:41:47 | INFO | Alternating low-rank iter 300 | Loss: 0.515970 | Penalized: 0.520586
2026-05-01 20:41:47 | INFO | Alternating low-rank iter 400 | Loss: 0.515661 | Penalized: 0.520431
2026-05-01 20:41:48 | INFO | Alternating low-rank iter 500 | Loss: 0.515537 | Penalized: 0.520368
2026-05-01 20:41:49 | INFO | Alternating low-rank iter 600 | Loss: 0.515475 | Penalized: 0.520335
2026-05-01 20:41:50 | INFO | Alternating low-rank iter 700 | Loss: 0.515432 | Penalized: 0.520309
2026-05-01 20:41:51 | INFO | Alternating low-rank iter 800 | Loss: 0.515392 | Penalized: 0.520285
2026-05-01 20:41:52 | INFO | Alternating low-rank iter 900 | Loss: 0.515355 | Penalized: 0.520263
2026-05-01 20:41:53 | INFO | Alternating low-rank iter 1000 | Loss: 0.515327 | Penalized: 0.520244
2026-05-01 20:41:54 | INFO | Alternating low-rank iter 1100 | Loss: 0.515308 | Penalized: 0.520229
2026-05-01 20:41:55 | INFO | Alternating low-rank iter 1200 | Loss: 0.515297 | Penalized: 0.520217
2026-05-01 20:41:55 | INFO | Done fitting.
2026-05-01 20:41:55 | INFO | Optimizer status: CONVERGED: alternating objective tolerance reached
2026-05-01 20:41:55 | INFO | Best optimizer start: 1 / 1
2026-05-01 20:41:55 | INFO | Final Loss: 0.515296
2026-05-01 20:41:55 | INFO | Estimated vs True Parameters:
2026-05-01 20:41:55 | INFO |   beta: -0.3519 (True: -0.3000) | SQE: 0.002696
2026-05-01 20:41:55 | INFO |   xi: 0.7317 (True: 0.8000) | SQE: 0.004659
2026-05-01 20:41:55 | INFO |   eta: 0.3086 (True: 0.3000) | SQE: 0.000073
2026-05-01 20:41:55 | INFO | Alternating low-rank optimizer diagnostics:
2026-05-01 20:41:55 | INFO |   penalized_objective: 0.520217
2026-05-01 20:41:55 | INFO |   mple_loss_without_penalty: 0.515296
2026-05-01 20:41:55 | INFO |   lambda_uv_ridge: 0.001000
2026-05-01 20:41:55 | INFO |   u_frobenius_norm: 291.280771
2026-05-01 20:41:55 | INFO |   v_frobenius_norm: 1.732051
2026-05-01 20:41:55 | INFO |   effective_rank: 3.000000
2026-05-01 20:41:55 | INFO | Field and interaction diagnostics:
2026-05-01 20:41:55 | INFO |   field_rmse: 1.851138
2026-05-01 20:41:55 | INFO |   interaction_fro_error: 0.241818
2026-05-01 20:41:55 | INFO |   estimated_field_max_abs_entry: 34.832613
2026-05-01 20:41:55 | INFO |   estimated_field_rank: 3.000000
2026-05-01 20:41:55 | INFO |   true_field_max_abs_entry: 0.000000
2026-05-01 20:41:55 | INFO |   true_field_rank: 0.000000
2026-05-01 20:41:55 | INFO | Saved summary table to /orcd/home/002/phevosp/MPLE-Causal-Inference/experiments/SyntheticHybridExperimentsFinal/base/cv_runs/alternating_uv_grid/candidates/alternating_uv_grid_candidate_0001/fold_2/mple_summary.csv
2026-05-01 20:41:55 | INFO | Log saved to /orcd/home/002/phevosp/MPLE-Causal-Inference/experiments/SyntheticHybridExperimentsFinal/base/cv_runs/alternating_uv_grid/candidates/alternating_uv_grid_candidate_0001/fold_2/mple.log
