2026-04-07 11:40:50 | INFO | Loading data...
2026-04-07 11:40:50 | INFO | Loaded 6 field templates and 1 interaction templates.
2026-04-07 11:40:50 | INFO | Intervention-process model enabled: True
2026-04-07 11:40:50 | INFO | Tau zero-mean enabled: True
2026-04-07 11:40:50 | INFO | Tau smoothness lambda: 1.000000
2026-04-07 11:40:50 | INFO | Running conditional-model MPLE on x with shape=(66, 3203)
2026-04-07 11:40:50 | INFO | Eval 0  |  Loss: 0.704141
2026-04-07 11:40:50 | INFO |   field::log_population: +0.0126,  field::median_household_income: -0.0132,  field::poverty_rate: +0.0640,  field::pct_black: +0.0105,  field::pct_hispanic: -0.0536,  field::pct_in_labor_force: +0.0362,  tau block: mean=+0.0000, std=0.0971, min=-0.2414, max=+0.1872,  beta: +0.1004,  interaction::contiguity: -0.0618,  eta: +0.1822,  zeta: -0.1320,  psi: -0.0662
2026-04-07 11:40:52 | INFO | Done fitting.
2026-04-07 11:40:52 | INFO | Optimizer status: CONVERGENCE: RELATIVE REDUCTION OF F <= FACTR*EPSMCH
2026-04-07 11:40:52 | INFO | Final Loss: 0.291838
2026-04-07 11:40:52 | INFO | Estimated Parameters:
2026-04-07 11:40:52 | INFO |   field::log_population: 0.8968
2026-04-07 11:40:52 | INFO |   field::median_household_income: -1.1221
2026-04-07 11:40:52 | INFO |   field::poverty_rate: -0.5410
2026-04-07 11:40:52 | INFO |   field::pct_black: -0.1451
2026-04-07 11:40:52 | INFO |   field::pct_hispanic: -0.3131
2026-04-07 11:40:52 | INFO |   field::pct_in_labor_force: 0.0589
2026-04-07 11:40:52 | INFO |   tau::t_0: -0.0115
2026-04-07 11:40:52 | INFO |   tau::t_1: -0.1053
2026-04-07 11:40:52 | INFO |   tau::t_2: -0.0336
2026-04-07 11:40:52 | INFO |   tau::t_3: -0.0817
2026-04-07 11:40:52 | INFO |   tau::t_4: -0.1490
2026-04-07 11:40:52 | INFO |   tau::t_5: -0.2006
2026-04-07 11:40:52 | INFO |   tau::t_6: -0.1990
2026-04-07 11:40:52 | INFO |   tau::t_7: -0.2305
2026-04-07 11:40:52 | INFO |   tau::t_8: -0.2030
2026-04-07 11:40:52 | INFO |   tau::t_9: -0.1950
2026-04-07 11:40:52 | INFO |   tau::t_10: -0.2405
2026-04-07 11:40:52 | INFO |   tau::t_11: -0.2467
2026-04-07 11:40:52 | INFO |   tau::t_12: -0.2251
2026-04-07 11:40:52 | INFO |   tau::t_13: -0.2321
2026-04-07 11:40:52 | INFO |   tau::t_14: -0.2237
2026-04-07 11:40:52 | INFO |   tau::t_15: -0.1329
2026-04-07 11:40:52 | INFO |   tau::t_16: -0.2524
2026-04-07 11:40:52 | INFO |   tau::t_17: -0.1941
2026-04-07 11:40:52 | INFO |   tau::t_18: -0.2820
2026-04-07 11:40:52 | INFO |   tau::t_19: -0.2691
2026-04-07 11:40:52 | INFO |   tau::t_20: -0.2785
2026-04-07 11:40:52 | INFO |   tau::t_21: -0.3206
2026-04-07 11:40:52 | INFO |   tau::t_22: -0.2373
2026-04-07 11:40:52 | INFO |   tau::t_23: -0.2301
2026-04-07 11:40:52 | INFO |   tau::t_24: -0.1952
2026-04-07 11:40:52 | INFO |   tau::t_25: -0.0997
2026-04-07 11:40:52 | INFO |   tau::t_26: -0.0387
2026-04-07 11:40:52 | INFO |   tau::t_27: 0.0184
2026-04-07 11:40:52 | INFO |   tau::t_28: 0.0625
2026-04-07 11:40:52 | INFO |   tau::t_29: 0.0785
2026-04-07 11:40:52 | INFO |   tau::t_30: 0.1062
2026-04-07 11:40:52 | INFO |   tau::t_31: 0.2089
2026-04-07 11:40:52 | INFO |   tau::t_32: 0.2022
2026-04-07 11:40:52 | INFO |   tau::t_33: 0.2205
2026-04-07 11:40:52 | INFO |   tau::t_34: 0.1702
2026-04-07 11:40:52 | INFO |   tau::t_35: 0.1723
2026-04-07 11:40:52 | INFO |   tau::t_36: 0.1959
2026-04-07 11:40:52 | INFO |   tau::t_37: 0.1728
2026-04-07 11:40:52 | INFO |   tau::t_38: 0.1134
2026-04-07 11:40:52 | INFO |   tau::t_39: 0.1197
2026-04-07 11:40:52 | INFO |   tau::t_40: 0.1562
2026-04-07 11:40:52 | INFO |   tau::t_41: 0.0112
2026-04-07 11:40:52 | INFO |   tau::t_42: 0.2409
2026-04-07 11:40:52 | INFO |   tau::t_43: 0.1648
2026-04-07 11:40:52 | INFO |   tau::t_44: 0.1591
2026-04-07 11:40:52 | INFO |   tau::t_45: 0.1188
2026-04-07 11:40:52 | INFO |   tau::t_46: 0.1500
2026-04-07 11:40:52 | INFO |   tau::t_47: 0.2256
2026-04-07 11:40:52 | INFO |   tau::t_48: 0.2141
2026-04-07 11:40:52 | INFO |   tau::t_49: 0.2330
2026-04-07 11:40:52 | INFO |   tau::t_50: 0.2950
2026-04-07 11:40:52 | INFO |   tau::t_51: 0.3326
2026-04-07 11:40:52 | INFO |   tau::t_52: 0.3196
2026-04-07 11:40:52 | INFO |   tau::t_53: 0.3036
2026-04-07 11:40:52 | INFO |   tau::t_54: 0.2379
2026-04-07 11:40:52 | INFO |   tau::t_55: 0.1967
2026-04-07 11:40:52 | INFO |   tau::t_56: 0.1295
2026-04-07 11:40:52 | INFO |   tau::t_57: 0.1239
2026-04-07 11:40:52 | INFO |   tau::t_58: 0.0543
2026-04-07 11:40:52 | INFO |   tau::t_59: 0.0096
2026-04-07 11:40:52 | INFO |   tau::t_60: -0.0512
2026-04-07 11:40:52 | INFO |   tau::t_61: -0.0118
2026-04-07 11:40:52 | INFO |   tau::t_62: -0.1019
2026-04-07 11:40:52 | INFO |   tau::t_63: -0.0902
2026-04-07 11:40:52 | INFO |   tau::t_64: 0.0117
2026-04-07 11:40:52 | INFO |   tau::t_65: -0.1664
2026-04-07 11:40:52 | INFO |   beta: -0.1266
2026-04-07 11:40:52 | INFO |   interaction::contiguity: 1.6406
2026-04-07 11:40:52 | INFO |   eta: 0.2443
2026-04-07 11:40:52 | INFO |   zeta: -0.1998
2026-04-07 11:40:52 | INFO |   psi: 2.1035
2026-04-07 11:40:52 | INFO | Saved summary tables to C:\Users\phevo\Documents\MIT\Code\MPLE-Causal-Inference\experiments\USCountyVaccination_US_tau_zero_mean_smooth\outcome_death_rate_100k_ge_2__intervention_complete_cov_ge_30__lag_4w__contiguity\mple_summary.csv and C:\Users\phevo\Documents\MIT\Code\MPLE-Causal-Inference\experiments\USCountyVaccination_US_tau_zero_mean_smooth\outcome_death_rate_100k_ge_2__intervention_complete_cov_ge_30__lag_4w__contiguity\mple_summary.md
2026-04-07 11:40:52 | INFO | Log saved to C:\Users\phevo\Documents\MIT\Code\MPLE-Causal-Inference\experiments\USCountyVaccination_US_tau_zero_mean_smooth\outcome_death_rate_100k_ge_2__intervention_complete_cov_ge_30__lag_4w__contiguity\mple.log
