2026-05-03 22:49:01 | INFO | Loading data...
2026-05-03 22:49:01 | INFO | Using panel artifact: /orcd/home/002/phevosp/MPLE-Causal-Inference/experiments/Synthetic/confounding_strong/panel_data.npz
2026-05-03 22:49:01 | INFO | Using x_0 artifact: /orcd/home/002/phevosp/MPLE-Causal-Inference/experiments/Synthetic/confounding_strong/x_0.npy
2026-05-03 22:49:01 | INFO | Using fit config: /orcd/home/002/phevosp/MPLE-Causal-Inference/experiments/Synthetic/confounding_strong/cv_runs/xi_zero_grid/candidates/xi_zero_grid_candidate_0006/fold_1/fit_realized_config.yaml
2026-05-03 22:49:01 | INFO | Using model artifact directory: /orcd/home/002/phevosp/MPLE-Causal-Inference/experiments/Synthetic/confounding_strong
2026-05-03 22:49:01 | INFO | Using truth artifact directory: /orcd/home/002/phevosp/MPLE-Causal-Inference/experiments/Synthetic/confounding_strong
2026-05-03 22:49:01 | INFO | Using loss mask artifact: /orcd/home/002/phevosp/MPLE-Causal-Inference/experiments/Synthetic/confounding_strong/cv_runs/xi_zero_grid/candidates/xi_zero_grid_candidate_0006/fold_1/loss_mask.npy
2026-05-03 22:49:01 | INFO | Configured optimizer mode: alternating_latent_rank
2026-05-03 22:49:01 | INFO | Configured latent rank: 3
2026-05-03 22:49:01 | INFO | Using a fixed known graph with scalar xi.
2026-05-03 22:49:01 | INFO | Fit-time hard bounds active: False
2026-05-03 22:49:01 | INFO | Fixed scalar parameters: {'xi': 0.0}
2026-05-03 22:49:01 | INFO | Warm-start fixed scalars: {} for 0 steps
2026-05-03 22:49:01 | INFO | Beta mask before s: False with s=0
2026-05-03 22:49:01 | INFO | Beta mask after e: False with e=11
2026-05-03 22:49:01 | INFO | Alternating V-column L2-ball constraint active with radius 1.0
2026-05-03 22:49:01 | INFO | Optimizer settings: steps=2000, tol=1e-07, n_starts=1, seed=0, lambda_nuclear=0.0, lambda_frobenius=0.0, lambda_uv_ridge=0.5, v_column_l2_max=1.0, proximal_lr=1.0
2026-05-03 22:49:01 | INFO | Alternating low-rank start 1/1 | seed=0 | initial_loss=0.742690 | initial_penalized=0.742823
2026-05-03 22:49:01 | INFO | Alternating low-rank iter 0 | Loss: 0.597453 | Penalized: 0.619087
2026-05-03 22:49:01 | INFO | Done fitting.
2026-05-03 22:49:01 | INFO | Optimizer status: CONVERGED: alternating objective tolerance reached
2026-05-03 22:49:01 | INFO | Best optimizer start: 1 / 1
2026-05-03 22:49:01 | INFO | Final Loss: 0.561989
2026-05-03 22:49:01 | INFO | Estimated vs True Parameters:
2026-05-03 22:49:01 | INFO |   beta: -0.1909 (True: -0.3000) | SQE: 0.011901
2026-05-03 22:49:01 | INFO |   xi: 0.0000 (True: 0.8000) | SQE: 0.640000
2026-05-03 22:49:01 | INFO |   eta: 0.2308 (True: 0.3000) | SQE: 0.004791
2026-05-03 22:49:01 | INFO | Alternating low-rank optimizer diagnostics:
2026-05-03 22:49:01 | INFO |   penalized_objective: 0.598674
2026-05-03 22:49:01 | INFO |   mple_loss_without_penalty: 0.561989
2026-05-03 22:49:01 | INFO |   lambda_uv_ridge: 0.500000
2026-05-03 22:49:01 | INFO |   u_frobenius_norm: 35.543133
2026-05-03 22:49:01 | INFO |   v_frobenius_norm: 1.732051
2026-05-03 22:49:01 | INFO |   effective_rank: 3.000000
2026-05-03 22:49:01 | INFO | Field and interaction diagnostics:
2026-05-03 22:49:01 | INFO |   field_rmse: 0.565160
2026-05-03 22:49:01 | INFO |   interaction_fro_error: 2.834194
2026-05-03 22:49:01 | INFO |   estimated_field_max_abs_entry: 1.036766
2026-05-03 22:49:01 | INFO |   estimated_field_rank: 3.000000
2026-05-03 22:49:01 | INFO |   true_field_max_abs_entry: 4.447602
2026-05-03 22:49:01 | INFO |   true_field_rank: 3.000000
2026-05-03 22:49:01 | INFO | Saved summary table to /orcd/home/002/phevosp/MPLE-Causal-Inference/experiments/Synthetic/confounding_strong/cv_runs/xi_zero_grid/candidates/xi_zero_grid_candidate_0006/fold_1/mple_summary.csv
2026-05-03 22:49:01 | INFO | Log saved to /orcd/home/002/phevosp/MPLE-Causal-Inference/experiments/Synthetic/confounding_strong/cv_runs/xi_zero_grid/candidates/xi_zero_grid_candidate_0006/fold_1/mple.log
