2026-06-09 18:11:35 | INFO | Loading data...
2026-06-09 18:11:35 | INFO | Using panel artifact: /orcd/home/002/phevosp/MPLE-Causal-Inference/experiments/USCounty/outcome_death_rate_100k_ge_2__intervention_complete_cov_ge_30__lag_2w__distance_kernel_8__start_2020_03_01/panel_data.npz
2026-06-09 18:11:35 | INFO | Using x_0 artifact: /orcd/home/002/phevosp/MPLE-Causal-Inference/experiments/USCounty/outcome_death_rate_100k_ge_2__intervention_complete_cov_ge_30__lag_2w__distance_kernel_8__start_2020_03_01/x_0.npy
2026-06-09 18:11:35 | INFO | Using fit config: /orcd/home/002/phevosp/MPLE-Causal-Inference/experiments/USCounty/outcome_death_rate_100k_ge_2__intervention_complete_cov_ge_30__lag_2w__distance_kernel_8__start_2020_03_01/cv_runs/default/candidates/default_candidate_0005/fold_2/fit_realized_config.yaml
2026-06-09 18:11:35 | INFO | Using model artifact directory: /orcd/home/002/phevosp/MPLE-Causal-Inference/experiments/USCounty/outcome_death_rate_100k_ge_2__intervention_complete_cov_ge_30__lag_2w__distance_kernel_8__start_2020_03_01
2026-06-09 18:11:35 | INFO | Using truth artifact directory: /orcd/home/002/phevosp/MPLE-Causal-Inference/experiments/USCounty/outcome_death_rate_100k_ge_2__intervention_complete_cov_ge_30__lag_2w__distance_kernel_8__start_2020_03_01
2026-06-09 18:11:35 | INFO | Using loss mask artifact: /orcd/home/002/phevosp/MPLE-Causal-Inference/experiments/USCounty/outcome_death_rate_100k_ge_2__intervention_complete_cov_ge_30__lag_2w__distance_kernel_8__start_2020_03_01/cv_runs/default/candidates/default_candidate_0005/fold_2/loss_mask.npy
2026-06-09 18:11:35 | INFO | Configured optimizer mode: alternating_latent_rank
2026-06-09 18:11:35 | INFO | Configured latent rank: 3
2026-06-09 18:11:35 | INFO | Using a fixed known graph with scalar xi.
2026-06-09 18:11:35 | INFO | Fit-time hard bounds active: False
2026-06-09 18:11:35 | INFO | Fixed scalar parameters: {}
2026-06-09 18:11:35 | INFO | Warm-start fixed scalars: {} for 0 steps
2026-06-09 18:11:35 | INFO | Beta-gradient mask before s: True with s=50
2026-06-09 18:11:35 | INFO | Beta-gradient mask after e: True with e=115
2026-06-09 18:11:35 | INFO | Alternating V-column L2-ball constraint active with radius 1.0
2026-06-09 18:11:35 | INFO | Optimizer settings: steps=2000, tol=1e-07, n_starts=1, seed=0, lambda_nuclear=0.0, lambda_frobenius=0.0, lambda_uv_ridge=0.1, v_column_l2_max=1.0, proximal_lr=1.0
2026-06-09 18:11:35 | INFO | Alternating low-rank start 1/1 | seed=0 | initial_loss=0.675831 | initial_penalized=0.675834
2026-06-09 18:11:36 | INFO | Alternating low-rank iter 0 | Loss: 0.463128 | Penalized: 0.466774
2026-06-09 18:11:49 | INFO | Alternating low-rank iter 100 | Loss: 0.429862 | Penalized: 0.442297
2026-06-09 18:11:57 | INFO | Done fitting.
2026-06-09 18:11:57 | INFO | Optimizer status: CONVERGED: alternating objective tolerance reached
2026-06-09 18:11:57 | INFO | Best optimizer start: 1 / 1
2026-06-09 18:11:57 | INFO | Final Loss: 0.429745
2026-06-09 18:11:57 | INFO | Estimated Parameters:
2026-06-09 18:11:57 | INFO |   beta: -0.0097
2026-06-09 18:11:57 | INFO |   xi: 1.5325
2026-06-09 18:11:57 | INFO |   eta: 0.1797
2026-06-09 18:11:57 | INFO | Alternating low-rank optimizer diagnostics:
2026-06-09 18:11:57 | INFO |   penalized_objective: 0.442261
2026-06-09 18:11:57 | INFO |   mple_loss_without_penalty: 0.429745
2026-06-09 18:11:57 | INFO |   lambda_uv_ridge: 0.100000
2026-06-09 18:11:57 | INFO |   u_frobenius_norm: 189.689774
2026-06-09 18:11:57 | INFO |   v_frobenius_norm: 1.732051
2026-06-09 18:11:57 | INFO |   effective_rank: 3.000000
2026-06-09 18:11:57 | INFO | Field and interaction diagnostics:
2026-06-09 18:11:57 | INFO |   estimated_field_max_abs_entry: 1.533106
2026-06-09 18:11:57 | INFO |   estimated_field_rank: 3.000000
2026-06-09 18:11:57 | INFO | Saved summary table to /orcd/home/002/phevosp/MPLE-Causal-Inference/experiments/USCounty/outcome_death_rate_100k_ge_2__intervention_complete_cov_ge_30__lag_2w__distance_kernel_8__start_2020_03_01/cv_runs/default/candidates/default_candidate_0005/fold_2/mple_summary.csv
2026-06-09 18:11:57 | INFO | Log saved to /orcd/home/002/phevosp/MPLE-Causal-Inference/experiments/USCounty/outcome_death_rate_100k_ge_2__intervention_complete_cov_ge_30__lag_2w__distance_kernel_8__start_2020_03_01/cv_runs/default/candidates/default_candidate_0005/fold_2/mple.log
