2026-05-01 20:41:34 | INFO | Loading data...
2026-05-01 20:41:34 | INFO | Using panel artifact: /orcd/home/002/phevosp/MPLE-Causal-Inference/experiments/SyntheticHybridExperimentsFinal/confounding_strong/panel_data.npz
2026-05-01 20:41:34 | INFO | Using x_0 artifact: /orcd/home/002/phevosp/MPLE-Causal-Inference/experiments/SyntheticHybridExperimentsFinal/confounding_strong/x_0.npy
2026-05-01 20:41:34 | INFO | Using fit config: /orcd/home/002/phevosp/MPLE-Causal-Inference/experiments/SyntheticHybridExperimentsFinal/confounding_strong/cv_runs/alternating_uv_grid/candidates/alternating_uv_grid_candidate_0001/fold_1/fit_realized_config.yaml
2026-05-01 20:41:34 | INFO | Using model artifact directory: /orcd/home/002/phevosp/MPLE-Causal-Inference/experiments/SyntheticHybridExperimentsFinal/confounding_strong
2026-05-01 20:41:34 | INFO | Using truth artifact directory: /orcd/home/002/phevosp/MPLE-Causal-Inference/experiments/SyntheticHybridExperimentsFinal/confounding_strong
2026-05-01 20:41:34 | INFO | Using loss mask artifact: /orcd/home/002/phevosp/MPLE-Causal-Inference/experiments/SyntheticHybridExperimentsFinal/confounding_strong/cv_runs/alternating_uv_grid/candidates/alternating_uv_grid_candidate_0001/fold_1/loss_mask.npy
2026-05-01 20:41:34 | INFO | Configured optimizer mode: alternating_latent_rank
2026-05-01 20:41:34 | INFO | Configured latent rank: 3
2026-05-01 20:41:34 | INFO | Using a fixed known graph with scalar xi.
2026-05-01 20:41:34 | INFO | Fit-time hard bounds active: False
2026-05-01 20:41:34 | INFO | Fixed scalar parameters: {}
2026-05-01 20:41:34 | INFO | Warm-start fixed scalars: {} for 0 steps
2026-05-01 20:41:34 | INFO | Beta mask before s: False with s=0
2026-05-01 20:41:34 | INFO | Beta mask after e: False with e=11
2026-05-01 20:41:34 | INFO | Alternating V-column L2-ball constraint active with radius 1.0
2026-05-01 20:41:34 | INFO | Optimizer settings: steps=2000, tol=1e-07, n_starts=1, seed=0, lambda_nuclear=0.0, lambda_frobenius=0.0, lambda_uv_ridge=0.001, v_column_l2_max=1.0, proximal_lr=1.0
2026-05-01 20:41:34 | INFO | Alternating low-rank start 1/1 | seed=0 | initial_loss=0.791675 | initial_penalized=0.791675
2026-05-01 20:41:34 | INFO | Alternating low-rank iter 0 | Loss: 0.529330 | Penalized: 0.529556
2026-05-01 20:41:35 | INFO | Alternating low-rank iter 100 | Loss: 0.378524 | Penalized: 0.383217
2026-05-01 20:41:35 | INFO | Alternating low-rank iter 200 | Loss: 0.377294 | Penalized: 0.382357
2026-05-01 20:41:36 | INFO | Alternating low-rank iter 300 | Loss: 0.376911 | Penalized: 0.382063
2026-05-01 20:41:37 | INFO | Alternating low-rank iter 400 | Loss: 0.376775 | Penalized: 0.381957
2026-05-01 20:41:37 | INFO | Alternating low-rank iter 500 | Loss: 0.376725 | Penalized: 0.381918
2026-05-01 20:41:38 | INFO | Done fitting.
2026-05-01 20:41:38 | INFO | Optimizer status: CONVERGED: alternating objective tolerance reached
2026-05-01 20:41:38 | INFO | Best optimizer start: 1 / 1
2026-05-01 20:41:38 | INFO | Final Loss: 0.376707
2026-05-01 20:41:38 | INFO | Estimated vs True Parameters:
2026-05-01 20:41:38 | INFO |   beta: -0.3297 (True: -0.3000) | SQE: 0.000879
2026-05-01 20:41:38 | INFO |   xi: 0.8017 (True: 0.8000) | SQE: 0.000003
2026-05-01 20:41:38 | INFO |   eta: 0.3299 (True: 0.3000) | SQE: 0.000894
2026-05-01 20:41:38 | INFO | Alternating low-rank optimizer diagnostics:
2026-05-01 20:41:38 | INFO |   penalized_objective: 0.381905
2026-05-01 20:41:38 | INFO |   mple_loss_without_penalty: 0.376707
2026-05-01 20:41:38 | INFO |   lambda_uv_ridge: 0.001000
2026-05-01 20:41:38 | INFO |   u_frobenius_norm: 299.520371
2026-05-01 20:41:38 | INFO |   v_frobenius_norm: 1.732051
2026-05-01 20:41:38 | INFO |   effective_rank: 3.000000
2026-05-01 20:41:38 | INFO | Field and interaction diagnostics:
2026-05-01 20:41:38 | INFO |   field_rmse: 1.040359
2026-05-01 20:41:38 | INFO |   interaction_fro_error: 0.006131
2026-05-01 20:41:38 | INFO |   estimated_field_max_abs_entry: 16.562918
2026-05-01 20:41:38 | INFO |   estimated_field_rank: 3.000000
2026-05-01 20:41:38 | INFO |   true_field_max_abs_entry: 7.412670
2026-05-01 20:41:38 | INFO |   true_field_rank: 3.000000
2026-05-01 20:41:38 | INFO | Saved summary table to /orcd/home/002/phevosp/MPLE-Causal-Inference/experiments/SyntheticHybridExperimentsFinal/confounding_strong/cv_runs/alternating_uv_grid/candidates/alternating_uv_grid_candidate_0001/fold_1/mple_summary.csv
2026-05-01 20:41:38 | INFO | Log saved to /orcd/home/002/phevosp/MPLE-Causal-Inference/experiments/SyntheticHybridExperimentsFinal/confounding_strong/cv_runs/alternating_uv_grid/candidates/alternating_uv_grid_candidate_0001/fold_1/mple.log
