2026-04-07 11:52:07 | INFO | Loading data...
2026-04-07 11:52:07 | INFO | Loaded 6 field templates and 1 interaction templates.
2026-04-07 11:52:07 | INFO | Intervention-process model enabled: True
2026-04-07 11:52:07 | INFO | Tau zero-mean enabled: True
2026-04-07 11:52:07 | INFO | Tau smoothness lambda: 1.000000
2026-04-07 11:52:07 | INFO | Running conditional-model MPLE on x with shape=(67, 3137)
2026-04-07 11:52:07 | INFO | Eval 0  |  Loss: 0.656532
2026-04-07 11:52:07 | INFO |   field::log_population: +0.0126,  field::median_household_income: -0.0132,  field::poverty_rate: +0.0640,  field::pct_black: +0.0105,  field::pct_hispanic: -0.0536,  field::pct_in_labor_force: +0.0362,  tau block: mean=-0.0000, std=0.0970, min=-0.2427, max=+0.1858,  beta: -0.0618,  interaction::contiguity: +0.1822,  eta: -0.1320,  zeta: -0.0662,  psi: +0.0935
2026-04-07 11:52:09 | INFO | Done fitting.
2026-04-07 11:52:09 | INFO | Optimizer status: CONVERGENCE: RELATIVE REDUCTION OF F <= FACTR*EPSMCH
2026-04-07 11:52:09 | INFO | Final Loss: 0.290159
2026-04-07 11:52:09 | INFO | Estimated Parameters:
2026-04-07 11:52:09 | INFO |   field::log_population: 0.9866
2026-04-07 11:52:09 | INFO |   field::median_household_income: -1.2168
2026-04-07 11:52:09 | INFO |   field::poverty_rate: -0.5705
2026-04-07 11:52:09 | INFO |   field::pct_black: -0.1340
2026-04-07 11:52:09 | INFO |   field::pct_hispanic: -0.4793
2026-04-07 11:52:09 | INFO |   field::pct_in_labor_force: -0.0243
2026-04-07 11:52:09 | INFO |   tau::t_0: -0.0422
2026-04-07 11:52:09 | INFO |   tau::t_1: -0.1043
2026-04-07 11:52:09 | INFO |   tau::t_2: -0.1803
2026-04-07 11:52:09 | INFO |   tau::t_3: -0.0492
2026-04-07 11:52:09 | INFO |   tau::t_4: -0.0268
2026-04-07 11:52:09 | INFO |   tau::t_5: -0.0660
2026-04-07 11:52:09 | INFO |   tau::t_6: -0.1003
2026-04-07 11:52:09 | INFO |   tau::t_7: -0.0894
2026-04-07 11:52:09 | INFO |   tau::t_8: -0.1100
2026-04-07 11:52:09 | INFO |   tau::t_9: -0.0824
2026-04-07 11:52:09 | INFO |   tau::t_10: -0.0641
2026-04-07 11:52:09 | INFO |   tau::t_11: -0.1225
2026-04-07 11:52:09 | INFO |   tau::t_12: -0.1266
2026-04-07 11:52:09 | INFO |   tau::t_13: -0.1185
2026-04-07 11:52:09 | INFO |   tau::t_14: -0.1459
2026-04-07 11:52:09 | INFO |   tau::t_15: -0.1574
2026-04-07 11:52:09 | INFO |   tau::t_16: -0.0819
2026-04-07 11:52:09 | INFO |   tau::t_17: -0.2425
2026-04-07 11:52:09 | INFO |   tau::t_18: -0.1973
2026-04-07 11:52:09 | INFO |   tau::t_19: -0.3170
2026-04-07 11:52:09 | INFO |   tau::t_20: -0.3217
2026-04-07 11:52:09 | INFO |   tau::t_21: -0.3441
2026-04-07 11:52:09 | INFO |   tau::t_22: -0.4173
2026-04-07 11:52:09 | INFO |   tau::t_23: -0.3152
2026-04-07 11:52:09 | INFO |   tau::t_24: -0.3076
2026-04-07 11:52:09 | INFO |   tau::t_25: -0.2604
2026-04-07 11:52:09 | INFO |   tau::t_26: -0.1410
2026-04-07 11:52:09 | INFO |   tau::t_27: -0.0600
2026-04-07 11:52:09 | INFO |   tau::t_28: 0.0109
2026-04-07 11:52:09 | INFO |   tau::t_29: 0.0696
2026-04-07 11:52:09 | INFO |   tau::t_30: 0.0902
2026-04-07 11:52:09 | INFO |   tau::t_31: 0.1239
2026-04-07 11:52:09 | INFO |   tau::t_32: 0.2313
2026-04-07 11:52:09 | INFO |   tau::t_33: 0.2236
2026-04-07 11:52:09 | INFO |   tau::t_34: 0.2317
2026-04-07 11:52:09 | INFO |   tau::t_35: 0.1887
2026-04-07 11:52:09 | INFO |   tau::t_36: 0.1872
2026-04-07 11:52:09 | INFO |   tau::t_37: 0.1967
2026-04-07 11:52:09 | INFO |   tau::t_38: 0.1759
2026-04-07 11:52:09 | INFO |   tau::t_39: 0.1102
2026-04-07 11:52:09 | INFO |   tau::t_40: 0.1376
2026-04-07 11:52:09 | INFO |   tau::t_41: 0.1589
2026-04-07 11:52:09 | INFO |   tau::t_42: -0.0096
2026-04-07 11:52:09 | INFO |   tau::t_43: 0.2429
2026-04-07 11:52:09 | INFO |   tau::t_44: 0.1671
2026-04-07 11:52:09 | INFO |   tau::t_45: 0.1579
2026-04-07 11:52:09 | INFO |   tau::t_46: 0.1138
2026-04-07 11:52:09 | INFO |   tau::t_47: 0.1422
2026-04-07 11:52:09 | INFO |   tau::t_48: 0.2226
2026-04-07 11:52:09 | INFO |   tau::t_49: 0.2141
2026-04-07 11:52:09 | INFO |   tau::t_50: 0.2373
2026-04-07 11:52:09 | INFO |   tau::t_51: 0.3052
2026-04-07 11:52:09 | INFO |   tau::t_52: 0.3492
2026-04-07 11:52:09 | INFO |   tau::t_53: 0.3406
2026-04-07 11:52:09 | INFO |   tau::t_54: 0.3122
2026-04-07 11:52:09 | INFO |   tau::t_55: 0.2429
2026-04-07 11:52:09 | INFO |   tau::t_56: 0.1983
2026-04-07 11:52:09 | INFO |   tau::t_57: 0.1129
2026-04-07 11:52:09 | INFO |   tau::t_58: 0.1057
2026-04-07 11:52:09 | INFO |   tau::t_59: 0.0210
2026-04-07 11:52:09 | INFO |   tau::t_60: -0.0393
2026-04-07 11:52:09 | INFO |   tau::t_61: -0.1218
2026-04-07 11:52:09 | INFO |   tau::t_62: -0.1029
2026-04-07 11:52:09 | INFO |   tau::t_63: -0.2016
2026-04-07 11:52:09 | INFO |   tau::t_64: -0.1971
2026-04-07 11:52:09 | INFO |   tau::t_65: -0.0686
2026-04-07 11:52:09 | INFO |   tau::t_66: -0.2896
2026-04-07 11:52:09 | INFO |   beta: -0.1754
2026-04-07 11:52:09 | INFO |   interaction::contiguity: 1.4425
2026-04-07 11:52:09 | INFO |   eta: 0.2299
2026-04-07 11:52:09 | INFO |   zeta: -0.1586
2026-04-07 11:52:09 | INFO |   psi: 2.0164
2026-04-07 11:52:09 | INFO | Saved summary tables to C:\Users\phevo\Documents\MIT\Code\MPLE-Causal-Inference\experiments\USCountyVaccination_US_tau_zero_mean_smooth\outcome_death_rate_100k_ge_2__intervention_partial_cov_ge_10__lag_3w__contiguity\mple_summary.csv and C:\Users\phevo\Documents\MIT\Code\MPLE-Causal-Inference\experiments\USCountyVaccination_US_tau_zero_mean_smooth\outcome_death_rate_100k_ge_2__intervention_partial_cov_ge_10__lag_3w__contiguity\mple_summary.md
2026-04-07 11:52:09 | INFO | Log saved to C:\Users\phevo\Documents\MIT\Code\MPLE-Causal-Inference\experiments\USCountyVaccination_US_tau_zero_mean_smooth\outcome_death_rate_100k_ge_2__intervention_partial_cov_ge_10__lag_3w__contiguity\mple.log
