2026-05-01 20:42:26 | INFO | Loading data...
2026-05-01 20:42:26 | INFO | Using panel artifact: /orcd/home/002/phevosp/MPLE-Causal-Inference/experiments/SyntheticHybridExperimentsFinal/confounding_strong/panel_data.npz
2026-05-01 20:42:26 | INFO | Using x_0 artifact: /orcd/home/002/phevosp/MPLE-Causal-Inference/experiments/SyntheticHybridExperimentsFinal/confounding_strong/x_0.npy
2026-05-01 20:42:26 | INFO | Using fit config: /orcd/home/002/phevosp/MPLE-Causal-Inference/experiments/SyntheticHybridExperimentsFinal/confounding_strong/cv_runs/alternating_uv_grid/candidates/alternating_uv_grid_candidate_0001/fold_8/fit_realized_config.yaml
2026-05-01 20:42:26 | INFO | Using model artifact directory: /orcd/home/002/phevosp/MPLE-Causal-Inference/experiments/SyntheticHybridExperimentsFinal/confounding_strong
2026-05-01 20:42:26 | INFO | Using truth artifact directory: /orcd/home/002/phevosp/MPLE-Causal-Inference/experiments/SyntheticHybridExperimentsFinal/confounding_strong
2026-05-01 20:42:26 | INFO | Using loss mask artifact: /orcd/home/002/phevosp/MPLE-Causal-Inference/experiments/SyntheticHybridExperimentsFinal/confounding_strong/cv_runs/alternating_uv_grid/candidates/alternating_uv_grid_candidate_0001/fold_8/loss_mask.npy
2026-05-01 20:42:26 | INFO | Configured optimizer mode: alternating_latent_rank
2026-05-01 20:42:26 | INFO | Configured latent rank: 3
2026-05-01 20:42:26 | INFO | Using a fixed known graph with scalar xi.
2026-05-01 20:42:26 | INFO | Fit-time hard bounds active: False
2026-05-01 20:42:26 | INFO | Fixed scalar parameters: {}
2026-05-01 20:42:26 | INFO | Warm-start fixed scalars: {} for 0 steps
2026-05-01 20:42:26 | INFO | Beta mask before s: False with s=0
2026-05-01 20:42:26 | INFO | Beta mask after e: False with e=11
2026-05-01 20:42:26 | INFO | Alternating V-column L2-ball constraint active with radius 1.0
2026-05-01 20:42:26 | INFO | Optimizer settings: steps=2000, tol=1e-07, n_starts=1, seed=0, lambda_nuclear=0.0, lambda_frobenius=0.0, lambda_uv_ridge=0.001, v_column_l2_max=1.0, proximal_lr=1.0
2026-05-01 20:42:26 | INFO | Alternating low-rank start 1/1 | seed=0 | initial_loss=0.793344 | initial_penalized=0.793344
2026-05-01 20:42:26 | INFO | Alternating low-rank iter 0 | Loss: 0.527895 | Penalized: 0.528133
2026-05-01 20:42:27 | INFO | Alternating low-rank iter 100 | Loss: 0.380718 | Penalized: 0.385206
2026-05-01 20:42:28 | INFO | Alternating low-rank iter 200 | Loss: 0.379579 | Penalized: 0.384406
2026-05-01 20:42:28 | INFO | Alternating low-rank iter 300 | Loss: 0.379212 | Penalized: 0.384130
2026-05-01 20:42:29 | INFO | Alternating low-rank iter 400 | Loss: 0.379080 | Penalized: 0.384028
2026-05-01 20:42:30 | INFO | Alternating low-rank iter 500 | Loss: 0.379029 | Penalized: 0.383990
2026-05-01 20:42:31 | INFO | Done fitting.
2026-05-01 20:42:31 | INFO | Optimizer status: CONVERGED: alternating objective tolerance reached
2026-05-01 20:42:31 | INFO | Best optimizer start: 1 / 1
2026-05-01 20:42:31 | INFO | Final Loss: 0.379008
2026-05-01 20:42:31 | INFO | Estimated vs True Parameters:
2026-05-01 20:42:31 | INFO |   beta: -0.3228 (True: -0.3000) | SQE: 0.000521
2026-05-01 20:42:31 | INFO |   xi: 0.7744 (True: 0.8000) | SQE: 0.000655
2026-05-01 20:42:31 | INFO |   eta: 0.3522 (True: 0.3000) | SQE: 0.002722
2026-05-01 20:42:31 | INFO | Alternating low-rank optimizer diagnostics:
2026-05-01 20:42:31 | INFO |   penalized_objective: 0.383976
2026-05-01 20:42:31 | INFO |   mple_loss_without_penalty: 0.379008
2026-05-01 20:42:31 | INFO |   lambda_uv_ridge: 0.001000
2026-05-01 20:42:31 | INFO |   u_frobenius_norm: 292.733498
2026-05-01 20:42:31 | INFO |   v_frobenius_norm: 1.732051
2026-05-01 20:42:31 | INFO |   effective_rank: 3.000000
2026-05-01 20:42:31 | INFO | Field and interaction diagnostics:
2026-05-01 20:42:31 | INFO |   field_rmse: 1.017013
2026-05-01 20:42:31 | INFO |   interaction_fro_error: 0.090702
2026-05-01 20:42:31 | INFO |   estimated_field_max_abs_entry: 16.536041
2026-05-01 20:42:31 | INFO |   estimated_field_rank: 3.000000
2026-05-01 20:42:31 | INFO |   true_field_max_abs_entry: 7.412670
2026-05-01 20:42:31 | INFO |   true_field_rank: 3.000000
2026-05-01 20:42:31 | INFO | Saved summary table to /orcd/home/002/phevosp/MPLE-Causal-Inference/experiments/SyntheticHybridExperimentsFinal/confounding_strong/cv_runs/alternating_uv_grid/candidates/alternating_uv_grid_candidate_0001/fold_8/mple_summary.csv
2026-05-01 20:42:31 | INFO | Log saved to /orcd/home/002/phevosp/MPLE-Causal-Inference/experiments/SyntheticHybridExperimentsFinal/confounding_strong/cv_runs/alternating_uv_grid/candidates/alternating_uv_grid_candidate_0001/fold_8/mple.log
