2026-05-01 20:47:46 | INFO | Loading data...
2026-05-01 20:47:46 | INFO | Using panel artifact: /orcd/home/002/phevosp/MPLE-Causal-Inference/experiments/SyntheticHybridExperimentsFinal/confounding_moderate/panel_data.npz
2026-05-01 20:47:46 | INFO | Using x_0 artifact: /orcd/home/002/phevosp/MPLE-Causal-Inference/experiments/SyntheticHybridExperimentsFinal/confounding_moderate/x_0.npy
2026-05-01 20:47:46 | INFO | Using fit config: /orcd/home/002/phevosp/MPLE-Causal-Inference/experiments/SyntheticHybridExperimentsFinal/confounding_moderate/cv_runs/alternating_uv_grid/candidates/alternating_uv_grid_candidate_0005/fold_10/fit_realized_config.yaml
2026-05-01 20:47:46 | INFO | Using model artifact directory: /orcd/home/002/phevosp/MPLE-Causal-Inference/experiments/SyntheticHybridExperimentsFinal/confounding_moderate
2026-05-01 20:47:46 | INFO | Using truth artifact directory: /orcd/home/002/phevosp/MPLE-Causal-Inference/experiments/SyntheticHybridExperimentsFinal/confounding_moderate
2026-05-01 20:47:46 | INFO | Using loss mask artifact: /orcd/home/002/phevosp/MPLE-Causal-Inference/experiments/SyntheticHybridExperimentsFinal/confounding_moderate/cv_runs/alternating_uv_grid/candidates/alternating_uv_grid_candidate_0005/fold_10/loss_mask.npy
2026-05-01 20:47:46 | INFO | Configured optimizer mode: alternating_latent_rank
2026-05-01 20:47:46 | INFO | Configured latent rank: 3
2026-05-01 20:47:46 | INFO | Using a fixed known graph with scalar xi.
2026-05-01 20:47:46 | INFO | Fit-time hard bounds active: False
2026-05-01 20:47:46 | INFO | Fixed scalar parameters: {}
2026-05-01 20:47:46 | INFO | Warm-start fixed scalars: {} for 0 steps
2026-05-01 20:47:46 | INFO | Beta mask before s: False with s=0
2026-05-01 20:47:46 | INFO | Beta mask after e: False with e=11
2026-05-01 20:47:46 | INFO | Alternating V-column L2-ball constraint active with radius 1.0
2026-05-01 20:47:46 | INFO | Optimizer settings: steps=2000, tol=1e-07, n_starts=1, seed=0, lambda_nuclear=0.0, lambda_frobenius=0.0, lambda_uv_ridge=0.1, v_column_l2_max=1.0, proximal_lr=1.0
2026-05-01 20:47:46 | INFO | Alternating low-rank start 1/1 | seed=0 | initial_loss=0.823603 | initial_penalized=0.823629
2026-05-01 20:47:46 | INFO | Alternating low-rank iter 0 | Loss: 0.584398 | Penalized: 0.595712
2026-05-01 20:47:47 | INFO | Alternating low-rank iter 100 | Loss: 0.524407 | Penalized: 0.549037
2026-05-01 20:47:48 | INFO | Alternating low-rank iter 200 | Loss: 0.523552 | Penalized: 0.548348
2026-05-01 20:47:49 | INFO | Alternating low-rank iter 300 | Loss: 0.523389 | Penalized: 0.548263
2026-05-01 20:47:49 | INFO | Done fitting.
2026-05-01 20:47:49 | INFO | Optimizer status: CONVERGED: alternating objective tolerance reached
2026-05-01 20:47:49 | INFO | Best optimizer start: 1 / 1
2026-05-01 20:47:49 | INFO | Final Loss: 0.523365
2026-05-01 20:47:49 | INFO | Estimated vs True Parameters:
2026-05-01 20:47:49 | INFO |   beta: -0.2716 (True: -0.3000) | SQE: 0.000806
2026-05-01 20:47:49 | INFO |   xi: 0.7976 (True: 0.8000) | SQE: 0.000006
2026-05-01 20:47:49 | INFO |   eta: 0.2899 (True: 0.3000) | SQE: 0.000102
2026-05-01 20:47:49 | INFO | Alternating low-rank optimizer diagnostics:
2026-05-01 20:47:49 | INFO |   penalized_objective: 0.548255
2026-05-01 20:47:49 | INFO |   mple_loss_without_penalty: 0.523365
2026-05-01 20:47:49 | INFO |   lambda_uv_ridge: 0.100000
2026-05-01 20:47:49 | INFO |   u_frobenius_norm: 65.512219
2026-05-01 20:47:49 | INFO |   v_frobenius_norm: 1.732051
2026-05-01 20:47:49 | INFO |   effective_rank: 3.000000
2026-05-01 20:47:49 | INFO | Field and interaction diagnostics:
2026-05-01 20:47:49 | INFO |   field_rmse: 0.336395
2026-05-01 20:47:49 | INFO |   interaction_fro_error: 0.008587
2026-05-01 20:47:49 | INFO |   estimated_field_max_abs_entry: 2.010320
2026-05-01 20:47:49 | INFO |   estimated_field_rank: 3.000000
2026-05-01 20:47:49 | INFO |   true_field_max_abs_entry: 3.479714
2026-05-01 20:47:49 | INFO |   true_field_rank: 3.000000
2026-05-01 20:47:49 | INFO | Saved summary table to /orcd/home/002/phevosp/MPLE-Causal-Inference/experiments/SyntheticHybridExperimentsFinal/confounding_moderate/cv_runs/alternating_uv_grid/candidates/alternating_uv_grid_candidate_0005/fold_10/mple_summary.csv
2026-05-01 20:47:49 | INFO | Log saved to /orcd/home/002/phevosp/MPLE-Causal-Inference/experiments/SyntheticHybridExperimentsFinal/confounding_moderate/cv_runs/alternating_uv_grid/candidates/alternating_uv_grid_candidate_0005/fold_10/mple.log
