2026-05-01 08:45:59 | INFO | Loading data...
2026-05-01 08:45:59 | INFO | Using panel artifact: /orcd/home/002/phevosp/MPLE-Causal-Inference/experiments/SyntheticHybridExperiments/confounding_moderate/panel_data.npz
2026-05-01 08:45:59 | INFO | Using x_0 artifact: /orcd/home/002/phevosp/MPLE-Causal-Inference/experiments/SyntheticHybridExperiments/confounding_moderate/x_0.npy
2026-05-01 08:45:59 | INFO | Using fit config: /orcd/home/002/phevosp/MPLE-Causal-Inference/experiments/SyntheticHybridExperiments/confounding_moderate/cv_runs/alternating_uv_grid/candidates/alternating_uv_grid_candidate_0007/fold_3/fit_realized_config.yaml
2026-05-01 08:45:59 | INFO | Using model artifact directory: /orcd/home/002/phevosp/MPLE-Causal-Inference/experiments/SyntheticHybridExperiments/confounding_moderate
2026-05-01 08:45:59 | INFO | Using truth artifact directory: /orcd/home/002/phevosp/MPLE-Causal-Inference/experiments/SyntheticHybridExperiments/confounding_moderate
2026-05-01 08:45:59 | INFO | Using loss mask artifact: /orcd/home/002/phevosp/MPLE-Causal-Inference/experiments/SyntheticHybridExperiments/confounding_moderate/cv_runs/alternating_uv_grid/candidates/alternating_uv_grid_candidate_0007/fold_3/loss_mask.npy
2026-05-01 08:45:59 | INFO | Configured optimizer mode: alternating_latent_rank
2026-05-01 08:45:59 | INFO | Configured latent rank: 3
2026-05-01 08:45:59 | INFO | Using a fixed known graph with scalar xi.
2026-05-01 08:45:59 | INFO | Fit-time hard bounds active: False
2026-05-01 08:45:59 | INFO | Fixed scalar parameters: {}
2026-05-01 08:45:59 | INFO | Warm-start fixed scalars: {} for 0 steps
2026-05-01 08:45:59 | INFO | Beta mask before s: False with s=0
2026-05-01 08:45:59 | INFO | Beta mask after e: False with e=11
2026-05-01 08:45:59 | INFO | Alternating V-column L2-ball constraint active with radius 1.0
2026-05-01 08:45:59 | INFO | Optimizer settings: steps=2000, tol=1e-07, n_starts=1, seed=0, lambda_nuclear=0.0, lambda_frobenius=0.0, lambda_uv_ridge=1.0, v_column_l2_max=1.0, proximal_lr=1.0
2026-05-01 08:45:59 | INFO | Alternating low-rank start 1/1 | seed=0 | initial_loss=0.836185 | initial_penalized=0.837724
2026-05-01 08:45:59 | INFO | Alternating low-rank iter 0 | Loss: 0.737438 | Penalized: 0.760413
2026-05-01 08:46:00 | INFO | Alternating low-rank iter 100 | Loss: 0.591018 | Penalized: 0.611823
2026-05-01 08:46:01 | INFO | Alternating low-rank iter 200 | Loss: 0.590501 | Penalized: 0.611277
2026-05-01 08:46:02 | INFO | Alternating low-rank iter 300 | Loss: 0.590109 | Penalized: 0.610862
2026-05-01 08:46:03 | INFO | Alternating low-rank iter 400 | Loss: 0.589811 | Penalized: 0.610548
2026-05-01 08:46:04 | INFO | Alternating low-rank iter 500 | Loss: 0.589584 | Penalized: 0.610310
2026-05-01 08:46:05 | INFO | Alternating low-rank iter 600 | Loss: 0.589412 | Penalized: 0.610129
2026-05-01 08:46:05 | INFO | Alternating low-rank iter 700 | Loss: 0.589282 | Penalized: 0.609992
2026-05-01 08:46:06 | INFO | Alternating low-rank iter 800 | Loss: 0.589182 | Penalized: 0.609888
2026-05-01 08:46:07 | INFO | Alternating low-rank iter 900 | Loss: 0.589106 | Penalized: 0.609809
2026-05-01 08:46:08 | INFO | Alternating low-rank iter 1000 | Loss: 0.589049 | Penalized: 0.609749
2026-05-01 08:46:08 | INFO | Alternating low-rank iter 1100 | Loss: 0.589005 | Penalized: 0.609703
2026-05-01 08:46:09 | INFO | Alternating low-rank iter 1200 | Loss: 0.588971 | Penalized: 0.609668
2026-05-01 08:46:10 | INFO | Alternating low-rank iter 1300 | Loss: 0.588946 | Penalized: 0.609642
2026-05-01 08:46:11 | INFO | Alternating low-rank iter 1400 | Loss: 0.588926 | Penalized: 0.609622
2026-05-01 08:46:11 | INFO | Alternating low-rank iter 1500 | Loss: 0.588911 | Penalized: 0.609607
2026-05-01 08:46:12 | INFO | Alternating low-rank iter 1600 | Loss: 0.588900 | Penalized: 0.609595
2026-05-01 08:46:12 | INFO | Done fitting.
2026-05-01 08:46:12 | INFO | Optimizer status: CONVERGED: alternating objective tolerance reached
2026-05-01 08:46:12 | INFO | Best optimizer start: 1 / 1
2026-05-01 08:46:12 | INFO | Final Loss: 0.588900
2026-05-01 08:46:12 | INFO | Estimated vs True Parameters:
2026-05-01 08:46:12 | INFO |   beta: -0.2148 (True: -0.3000) | SQE: 0.007256
2026-05-01 08:46:12 | INFO |   xi: 0.5237 (True: 0.8000) | SQE: 0.076344
2026-05-01 08:46:12 | INFO |   eta: 0.2924 (True: 0.3000) | SQE: 0.000058
2026-05-01 08:46:12 | INFO | Alternating low-rank optimizer diagnostics:
2026-05-01 08:46:12 | INFO |   penalized_objective: 0.609595
2026-05-01 08:46:12 | INFO |   mple_loss_without_penalty: 0.588900
2026-05-01 08:46:12 | INFO |   lambda_uv_ridge: 1.000000
2026-05-01 08:46:12 | INFO |   u_frobenius_norm: 7.648918
2026-05-01 08:46:12 | INFO |   v_frobenius_norm: 1.732051
2026-05-01 08:46:12 | INFO |   effective_rank: 3.000000
2026-05-01 08:46:12 | INFO | Field and interaction diagnostics:
2026-05-01 08:46:12 | INFO |   field_rmse: 0.483913
2026-05-01 08:46:12 | INFO |   interaction_fro_error: 0.730323
2026-05-01 08:46:12 | INFO |   estimated_field_max_abs_entry: 0.427776
2026-05-01 08:46:12 | INFO |   estimated_field_rank: 3.000000
2026-05-01 08:46:12 | INFO |   true_field_max_abs_entry: 3.479714
2026-05-01 08:46:12 | INFO |   true_field_rank: 3.000000
2026-05-01 08:46:12 | INFO | Saved summary table to /orcd/home/002/phevosp/MPLE-Causal-Inference/experiments/SyntheticHybridExperiments/confounding_moderate/cv_runs/alternating_uv_grid/candidates/alternating_uv_grid_candidate_0007/fold_3/mple_summary.csv
2026-05-01 08:46:12 | INFO | Log saved to /orcd/home/002/phevosp/MPLE-Causal-Inference/experiments/SyntheticHybridExperiments/confounding_moderate/cv_runs/alternating_uv_grid/candidates/alternating_uv_grid_candidate_0007/fold_3/mple.log
