2026-04-07 11:38:24 | INFO | Loading data...
2026-04-07 11:38:24 | INFO | Loaded 6 field templates and 1 interaction templates.
2026-04-07 11:38:24 | INFO | Intervention-process model enabled: True
2026-04-07 11:38:24 | INFO | Tau zero-mean enabled: True
2026-04-07 11:38:24 | INFO | Tau smoothness lambda: 0.000000
2026-04-07 11:38:24 | INFO | Running conditional-model MPLE on x with shape=(67, 3203)
2026-04-07 11:38:24 | INFO | Eval 0  |  Loss: 0.682275
2026-04-07 11:38:24 | INFO |   field::log_population: +0.0126,  field::median_household_income: -0.0132,  field::poverty_rate: +0.0640,  field::pct_black: +0.0105,  field::pct_hispanic: -0.0536,  field::pct_in_labor_force: +0.0362,  tau block: mean=-0.0000, std=0.0970, min=-0.2427, max=+0.1858,  beta: -0.0618,  interaction::contiguity: +0.1822,  eta: -0.1320,  zeta: -0.0662,  psi: +0.0935
2026-04-07 11:38:29 | INFO | Done fitting.
2026-04-07 11:38:29 | INFO | Optimizer status: CONVERGENCE: RELATIVE REDUCTION OF F <= FACTR*EPSMCH
2026-04-07 11:38:29 | INFO | Final Loss: 0.156185
2026-04-07 11:38:29 | INFO | Estimated Parameters:
2026-04-07 11:38:29 | INFO |   field::log_population: 0.1690
2026-04-07 11:38:29 | INFO |   field::median_household_income: -0.2794
2026-04-07 11:38:29 | INFO |   field::poverty_rate: -0.0441
2026-04-07 11:38:29 | INFO |   field::pct_black: -0.2217
2026-04-07 11:38:29 | INFO |   field::pct_hispanic: -0.1067
2026-04-07 11:38:29 | INFO |   field::pct_in_labor_force: 0.0769
2026-04-07 11:38:29 | INFO |   tau::t_0: -0.2195
2026-04-07 11:38:29 | INFO |   tau::t_1: -0.2344
2026-04-07 11:38:29 | INFO |   tau::t_2: -0.3534
2026-04-07 11:38:29 | INFO |   tau::t_3: 0.0186
2026-04-07 11:38:29 | INFO |   tau::t_4: -0.1941
2026-04-07 11:38:29 | INFO |   tau::t_5: -0.0233
2026-04-07 11:38:29 | INFO |   tau::t_6: -0.0907
2026-04-07 11:38:29 | INFO |   tau::t_7: -0.0228
2026-04-07 11:38:29 | INFO |   tau::t_8: -0.1111
2026-04-07 11:38:29 | INFO |   tau::t_9: -0.0237
2026-04-07 11:38:29 | INFO |   tau::t_10: -0.0850
2026-04-07 11:38:29 | INFO |   tau::t_11: -0.2324
2026-04-07 11:38:29 | INFO |   tau::t_12: -0.2247
2026-04-07 11:38:29 | INFO |   tau::t_13: -0.3086
2026-04-07 11:38:29 | INFO |   tau::t_14: -0.3279
2026-04-07 11:38:29 | INFO |   tau::t_15: -0.4607
2026-04-07 11:38:29 | INFO |   tau::t_16: -0.3319
2026-04-07 11:38:29 | INFO |   tau::t_17: -0.6268
2026-04-07 11:38:29 | INFO |   tau::t_18: -0.3939
2026-04-07 11:38:29 | INFO |   tau::t_19: -0.5460
2026-04-07 11:38:29 | INFO |   tau::t_20: -0.4621
2026-04-07 11:38:29 | INFO |   tau::t_21: -0.4650
2026-04-07 11:38:29 | INFO |   tau::t_22: -0.2291
2026-04-07 11:38:29 | INFO |   tau::t_23: -0.1275
2026-04-07 11:38:29 | INFO |   tau::t_24: 0.1030
2026-04-07 11:38:29 | INFO |   tau::t_25: 0.2619
2026-04-07 11:38:29 | INFO |   tau::t_26: 0.2523
2026-04-07 11:38:29 | INFO |   tau::t_27: 0.2793
2026-04-07 11:38:29 | INFO |   tau::t_28: 0.2475
2026-04-07 11:38:29 | INFO |   tau::t_29: 0.2351
2026-04-07 11:38:29 | INFO |   tau::t_30: 0.2090
2026-04-07 11:38:29 | INFO |   tau::t_31: 0.0497
2026-04-07 11:38:29 | INFO |   tau::t_32: 0.1906
2026-04-07 11:38:29 | INFO |   tau::t_33: -0.0511
2026-04-07 11:38:29 | INFO |   tau::t_34: -0.1051
2026-04-07 11:38:29 | INFO |   tau::t_35: -0.1146
2026-04-07 11:38:29 | INFO |   tau::t_36: -0.1556
2026-04-07 11:38:29 | INFO |   tau::t_37: -0.1769
2026-04-07 11:38:29 | INFO |   tau::t_38: 0.0026
2026-04-07 11:38:29 | INFO |   tau::t_39: -0.0229
2026-04-07 11:38:29 | INFO |   tau::t_40: 0.0714
2026-04-07 11:38:29 | INFO |   tau::t_41: 0.1068
2026-04-07 11:38:29 | INFO |   tau::t_42: -0.2971
2026-04-07 11:38:29 | INFO |   tau::t_43: 0.3778
2026-04-07 11:38:29 | INFO |   tau::t_44: 0.0194
2026-04-07 11:38:29 | INFO |   tau::t_45: -0.0189
2026-04-07 11:38:29 | INFO |   tau::t_46: -0.0049
2026-04-07 11:38:29 | INFO |   tau::t_47: 0.5355
2026-04-07 11:38:29 | INFO |   tau::t_48: 0.8939
2026-04-07 11:38:29 | INFO |   tau::t_49: 1.0818
2026-04-07 11:38:29 | INFO |   tau::t_50: 1.9999
2026-04-07 11:38:29 | INFO |   tau::t_51: 2.0337
2026-04-07 11:38:29 | INFO |   tau::t_52: 0.4150
2026-04-07 11:38:29 | INFO |   tau::t_53: -0.1934
2026-04-07 11:38:29 | INFO |   tau::t_54: -0.3319
2026-04-07 11:38:29 | INFO |   tau::t_55: -0.3757
2026-04-07 11:38:29 | INFO |   tau::t_56: -0.1703
2026-04-07 11:38:29 | INFO |   tau::t_57: -0.1699
2026-04-07 11:38:29 | INFO |   tau::t_58: -0.1623
2026-04-07 11:38:29 | INFO |   tau::t_59: -0.2704
2026-04-07 11:38:29 | INFO |   tau::t_60: -0.3088
2026-04-07 11:38:29 | INFO |   tau::t_61: -0.2542
2026-04-07 11:38:29 | INFO |   tau::t_62: -0.1199
2026-04-07 11:38:29 | INFO |   tau::t_63: -0.0095
2026-04-07 11:38:29 | INFO |   tau::t_64: -0.0822
2026-04-07 11:38:29 | INFO |   tau::t_65: 0.0633
2026-04-07 11:38:29 | INFO |   tau::t_66: 0.0422
2026-04-07 11:38:29 | INFO |   beta: -0.0295
2026-04-07 11:38:29 | INFO |   interaction::contiguity: 2.6535
2026-04-07 11:38:29 | INFO |   eta: 0.5494
2026-04-07 11:38:29 | INFO |   zeta: -0.1933
2026-04-07 11:38:29 | INFO |   psi: 2.1324
2026-04-07 11:38:29 | INFO | Saved summary tables to C:\Users\phevo\Documents\MIT\Code\MPLE-Causal-Inference\experiments\USCountyVaccination_US_tau_zero_mean\outcome_case_rate_100k_ge_200__intervention_complete_cov_ge_30__lag_3w__contiguity\mple_summary.csv and C:\Users\phevo\Documents\MIT\Code\MPLE-Causal-Inference\experiments\USCountyVaccination_US_tau_zero_mean\outcome_case_rate_100k_ge_200__intervention_complete_cov_ge_30__lag_3w__contiguity\mple_summary.md
2026-04-07 11:38:29 | INFO | Log saved to C:\Users\phevo\Documents\MIT\Code\MPLE-Causal-Inference\experiments\USCountyVaccination_US_tau_zero_mean\outcome_case_rate_100k_ge_200__intervention_complete_cov_ge_30__lag_3w__contiguity\mple.log
