2026-05-02 03:19:07 | INFO | Loading data...
2026-05-02 03:19:07 | INFO | Using panel artifact: /orcd/home/002/phevosp/MPLE-Causal-Inference/experiments/SyntheticHybridExperimentsFinal/r5_c1_hybrid_us_county_intervention_generated_graph_confounding/panel_data.npz
2026-05-02 03:19:07 | INFO | Using x_0 artifact: /orcd/home/002/phevosp/MPLE-Causal-Inference/experiments/SyntheticHybridExperimentsFinal/r5_c1_hybrid_us_county_intervention_generated_graph_confounding/x_0.npy
2026-05-02 03:19:07 | INFO | Using fit config: /orcd/home/002/phevosp/MPLE-Causal-Inference/experiments/SyntheticHybridExperimentsFinal/r5_c1_hybrid_us_county_intervention_generated_graph_confounding/cv_runs/alternating_uv_grid/candidates/alternating_uv_grid_candidate_0008/fold_4/fit_realized_config.yaml
2026-05-02 03:19:07 | INFO | Using model artifact directory: /orcd/home/002/phevosp/MPLE-Causal-Inference/experiments/SyntheticHybridExperimentsFinal/r5_c1_hybrid_us_county_intervention_generated_graph_confounding
2026-05-02 03:19:07 | INFO | Using truth artifact directory: /orcd/home/002/phevosp/MPLE-Causal-Inference/experiments/SyntheticHybridExperimentsFinal/r5_c1_hybrid_us_county_intervention_generated_graph_confounding
2026-05-02 03:19:07 | INFO | Using loss mask artifact: /orcd/home/002/phevosp/MPLE-Causal-Inference/experiments/SyntheticHybridExperimentsFinal/r5_c1_hybrid_us_county_intervention_generated_graph_confounding/cv_runs/alternating_uv_grid/candidates/alternating_uv_grid_candidate_0008/fold_4/loss_mask.npy
2026-05-02 03:19:07 | INFO | Configured optimizer mode: alternating_latent_rank
2026-05-02 03:19:07 | INFO | Configured latent rank: 5
2026-05-02 03:19:07 | INFO | Using a fixed known graph with scalar xi.
2026-05-02 03:19:07 | INFO | Fit-time hard bounds active: False
2026-05-02 03:19:07 | INFO | Fixed scalar parameters: {}
2026-05-02 03:19:07 | INFO | Warm-start fixed scalars: {} for 0 steps
2026-05-02 03:19:07 | INFO | Beta mask before s: True with s=55
2026-05-02 03:19:07 | INFO | Beta mask after e: True with e=114
2026-05-02 03:19:07 | INFO | Alternating V-column L2-ball constraint active with radius 1.0
2026-05-02 03:19:07 | INFO | Optimizer settings: steps=2000, tol=1e-07, n_starts=1, seed=0, lambda_nuclear=0.0, lambda_frobenius=0.0, lambda_uv_ridge=1.0, v_column_l2_max=1.0, proximal_lr=1.0
2026-05-02 03:19:07 | INFO | Alternating low-rank start 1/1 | seed=0 | initial_loss=0.694067 | initial_penalized=0.694473
2026-05-02 03:19:07 | INFO | Alternating low-rank iter 0 | Loss: 0.647140 | Penalized: 0.660950
2026-05-02 03:19:20 | INFO | Alternating low-rank iter 100 | Loss: 0.576311 | Penalized: 0.588240
2026-05-02 03:19:33 | INFO | Alternating low-rank iter 200 | Loss: 0.572670 | Penalized: 0.584380
2026-05-02 03:19:47 | INFO | Alternating low-rank iter 300 | Loss: 0.570276 | Penalized: 0.581860
2026-05-02 03:20:00 | INFO | Alternating low-rank iter 400 | Loss: 0.568730 | Penalized: 0.580240
2026-05-02 03:20:13 | INFO | Alternating low-rank iter 500 | Loss: 0.567739 | Penalized: 0.579210
2026-05-02 03:20:26 | INFO | Alternating low-rank iter 600 | Loss: 0.567102 | Penalized: 0.578558
2026-05-02 03:20:40 | INFO | Alternating low-rank iter 700 | Loss: 0.566701 | Penalized: 0.578148
2026-05-02 03:20:53 | INFO | Alternating low-rank iter 800 | Loss: 0.566447 | Penalized: 0.577889
2026-05-02 03:21:06 | INFO | Alternating low-rank iter 900 | Loss: 0.566285 | Penalized: 0.577726
2026-05-02 03:21:19 | INFO | Alternating low-rank iter 1000 | Loss: 0.566182 | Penalized: 0.577623
2026-05-02 03:21:32 | INFO | Alternating low-rank iter 1100 | Loss: 0.566116 | Penalized: 0.577557
2026-05-02 03:21:45 | INFO | Alternating low-rank iter 1200 | Loss: 0.566074 | Penalized: 0.577516
2026-05-02 03:21:58 | INFO | Alternating low-rank iter 1300 | Loss: 0.566047 | Penalized: 0.577489
2026-05-02 03:22:11 | INFO | Alternating low-rank iter 1400 | Loss: 0.566029 | Penalized: 0.577473
2026-05-02 03:22:19 | INFO | Done fitting.
2026-05-02 03:22:19 | INFO | Optimizer status: CONVERGED: alternating objective tolerance reached
2026-05-02 03:22:19 | INFO | Best optimizer start: 1 / 1
2026-05-02 03:22:19 | INFO | Final Loss: 0.566021
2026-05-02 03:22:19 | INFO | Estimated vs True Parameters:
2026-05-02 03:22:19 | INFO |   beta: -0.1490 (True: -0.3000) | SQE: 0.022794
2026-05-02 03:22:19 | INFO |   xi: 1.0164 (True: 0.8000) | SQE: 0.046839
2026-05-02 03:22:19 | INFO |   eta: 0.3005 (True: 0.3000) | SQE: 0.000000
2026-05-02 03:22:19 | INFO | Alternating low-rank optimizer diagnostics:
2026-05-02 03:22:19 | INFO |   penalized_objective: 0.577465
2026-05-02 03:22:19 | INFO |   mple_loss_without_penalty: 0.566021
2026-05-02 03:22:19 | INFO |   lambda_uv_ridge: 1.000000
2026-05-02 03:22:19 | INFO |   u_frobenius_norm: 17.069252
2026-05-02 03:22:19 | INFO |   v_frobenius_norm: 2.236068
2026-05-02 03:22:19 | INFO |   effective_rank: 5.000000
2026-05-02 03:22:19 | INFO | Field and interaction diagnostics:
2026-05-02 03:22:19 | INFO |   field_rmse: 0.250344
2026-05-02 03:22:19 | INFO |   interaction_fro_error: 1.353913
2026-05-02 03:22:19 | INFO |   estimated_field_max_abs_entry: 0.463210
2026-05-02 03:22:19 | INFO |   estimated_field_rank: 5.000000
2026-05-02 03:22:19 | INFO |   true_field_max_abs_entry: 1.442488
2026-05-02 03:22:19 | INFO |   true_field_rank: 5.000000
2026-05-02 03:22:19 | INFO | Saved summary table to /orcd/home/002/phevosp/MPLE-Causal-Inference/experiments/SyntheticHybridExperimentsFinal/r5_c1_hybrid_us_county_intervention_generated_graph_confounding/cv_runs/alternating_uv_grid/candidates/alternating_uv_grid_candidate_0008/fold_4/mple_summary.csv
2026-05-02 03:22:19 | INFO | Log saved to /orcd/home/002/phevosp/MPLE-Causal-Inference/experiments/SyntheticHybridExperimentsFinal/r5_c1_hybrid_us_county_intervention_generated_graph_confounding/cv_runs/alternating_uv_grid/candidates/alternating_uv_grid_candidate_0008/fold_4/mple.log
