2026-04-19 12:05:18 | INFO | Loading data...
2026-04-19 12:05:18 | INFO | Using panel artifact: C:\Users\phevo\Documents\MIT\Code\MPLE-Causal-Inference\experiments\USCountyVaccination_US_sensitivity\outcome_death_rate_100k_ge_2__intervention_complete_cov_ge_40__lag_2w__contiguity__start_2020_03_01\panel_data.npz
2026-04-19 12:05:18 | INFO | Using x_0 artifact: C:\Users\phevo\Documents\MIT\Code\MPLE-Causal-Inference\experiments\USCountyVaccination_US_sensitivity\outcome_death_rate_100k_ge_2__intervention_complete_cov_ge_40__lag_2w__contiguity__start_2020_03_01\x_0.npy
2026-04-19 12:05:18 | INFO | Using z_0 artifact: C:\Users\phevo\Documents\MIT\Code\MPLE-Causal-Inference\experiments\USCountyVaccination_US_sensitivity\outcome_death_rate_100k_ge_2__intervention_complete_cov_ge_40__lag_2w__contiguity__start_2020_03_01\z_0.npy
2026-04-19 12:05:18 | INFO | Using fit config: C:\Users\phevo\Documents\MIT\Code\MPLE-Causal-Inference\experiments\USCountyVaccination_US_sensitivity\outcome_death_rate_100k_ge_2__intervention_complete_cov_ge_40__lag_2w__contiguity__start_2020_03_01\fits\rank_20_b2\fit_realized_config.yaml
2026-04-19 12:05:18 | INFO | Using model artifact directory: C:\Users\phevo\Documents\MIT\Code\MPLE-Causal-Inference\experiments\USCountyVaccination_US_sensitivity\outcome_death_rate_100k_ge_2__intervention_complete_cov_ge_40__lag_2w__contiguity__start_2020_03_01
2026-04-19 12:05:18 | INFO | Using truth artifact directory: C:\Users\phevo\Documents\MIT\Code\MPLE-Causal-Inference\experiments\USCountyVaccination_US_sensitivity\outcome_death_rate_100k_ge_2__intervention_complete_cov_ge_40__lag_2w__contiguity__start_2020_03_01
2026-04-19 12:05:18 | INFO | Configured latent rank: 20
2026-04-19 12:05:18 | INFO | Using a fixed known graph with scalar xi.
2026-04-19 12:05:18 | INFO | Intervention-process model enabled: False
2026-04-19 12:05:18 | INFO | Global temperature bound B active: True
2026-04-19 12:05:18 | INFO | Effective xi bound from interaction constraint: 2.000000
2026-04-19 12:05:18 | INFO | Beta mask pre-intervention enabled: True
2026-04-19 12:05:18 | INFO | Fixed scalar parameters: {}
2026-04-19 12:05:18 | INFO | Optimizer settings: n_starts=5, lbfgs_steps=50000, tol=1e-09, adam_steps=1000, adam_lr=0.01, adam_device=cpu, seed=0
2026-04-19 12:05:18 | INFO | Optimizer start 1/5 | seed=0 | initial_loss=0.691955
2026-04-19 12:05:20 | INFO | Start 1 Adam step 0 | Loss: 0.691955
2026-04-19 12:05:22 | INFO | Start 1 Adam step 100 | Loss: 0.385129
2026-04-19 12:05:23 | INFO | Start 1 Adam step 200 | Loss: 0.388272
2026-04-19 12:05:25 | INFO | Start 1 Adam step 300 | Loss: 0.392398
2026-04-19 12:05:27 | INFO | Start 1 Adam step 400 | Loss: 0.390852
2026-04-19 12:05:28 | INFO | Start 1 Adam step 500 | Loss: 0.376329
2026-04-19 12:05:30 | INFO | Start 1 Adam step 600 | Loss: 0.377136
2026-04-19 12:05:31 | INFO | Start 1 Adam step 700 | Loss: 0.379093
2026-04-19 12:05:33 | INFO | Start 1 Adam step 800 | Loss: 0.373721
2026-04-19 12:05:34 | INFO | Start 1 Adam step 900 | Loss: 0.371056
2026-04-19 12:05:36 | INFO | Start 1 L-BFGS eval 0 | Loss: 0.370594
2026-04-19 12:05:36 | INFO |   beta: +0.0084,  xi: +1.8505,  eta: +0.2751
2026-04-19 12:05:38 | INFO | Optimizer start 1/5 complete | final_loss=0.370376 | status=ABNORMAL: 
2026-04-19 12:05:38 | INFO | Optimizer start 2/5 | seed=1 | initial_loss=0.698206
2026-04-19 12:05:38 | INFO | Start 2 Adam step 0 | Loss: 0.698206
2026-04-19 12:05:40 | INFO | Start 2 Adam step 100 | Loss: 0.380675
2026-04-19 12:05:41 | INFO | Start 2 Adam step 200 | Loss: 0.383835
2026-04-19 12:05:43 | INFO | Start 2 Adam step 300 | Loss: 0.393178
2026-04-19 12:05:44 | INFO | Start 2 Adam step 400 | Loss: 0.391834
2026-04-19 12:05:46 | INFO | Start 2 Adam step 500 | Loss: 0.371812
2026-04-19 12:05:48 | INFO | Start 2 Adam step 600 | Loss: 0.372829
2026-04-19 12:05:49 | INFO | Start 2 Adam step 700 | Loss: 0.379852
2026-04-19 12:05:51 | INFO | Start 2 Adam step 800 | Loss: 0.377192
2026-04-19 12:05:52 | INFO | Start 2 Adam step 900 | Loss: 0.375327
2026-04-19 12:05:54 | INFO | Start 2 L-BFGS eval 0 | Loss: 0.369989
2026-04-19 12:05:54 | INFO |   beta: +0.0093,  xi: +1.8561,  eta: +0.2713
2026-04-19 12:05:58 | INFO | Start 2 L-BFGS eval 100 | Loss: 0.365274
2026-04-19 12:05:58 | INFO |   beta: +0.0086,  xi: +1.8484,  eta: +0.2686
2026-04-19 12:06:02 | INFO | Start 2 L-BFGS eval 200 | Loss: 0.365262
2026-04-19 12:06:02 | INFO |   beta: +0.0091,  xi: +1.8482,  eta: +0.2743
2026-04-19 12:06:06 | INFO | Start 2 L-BFGS eval 300 | Loss: 0.365171
2026-04-19 12:06:06 | INFO |   beta: +0.0050,  xi: +1.8519,  eta: +0.2690
2026-04-19 12:06:08 | INFO | Optimizer start 2/5 complete | final_loss=0.365171 | status=CONVERGENCE: RELATIVE REDUCTION OF F <= FACTR*EPSMCH
2026-04-19 12:06:08 | INFO | Optimizer start 3/5 | seed=2 | initial_loss=0.741820
2026-04-19 12:06:08 | INFO | Start 3 Adam step 0 | Loss: 0.741820
2026-04-19 12:06:10 | INFO | Start 3 Adam step 100 | Loss: 0.387021
2026-04-19 12:06:11 | INFO | Start 3 Adam step 200 | Loss: 0.382735
2026-04-19 12:06:13 | INFO | Start 3 Adam step 300 | Loss: 0.388309
2026-04-19 12:06:14 | INFO | Start 3 Adam step 400 | Loss: 0.386554
2026-04-19 12:06:16 | INFO | Start 3 Adam step 500 | Loss: 0.373272
2026-04-19 12:06:18 | INFO | Start 3 Adam step 600 | Loss: 0.371641
2026-04-19 12:06:19 | INFO | Start 3 Adam step 700 | Loss: 0.373574
2026-04-19 12:06:21 | INFO | Start 3 Adam step 800 | Loss: 0.376102
2026-04-19 12:06:22 | INFO | Start 3 Adam step 900 | Loss: 0.370755
2026-04-19 12:06:24 | INFO | Start 3 L-BFGS eval 0 | Loss: 0.372642
2026-04-19 12:06:24 | INFO |   beta: +0.0049,  xi: +1.8437,  eta: +0.2706
2026-04-19 12:06:28 | INFO | Start 3 L-BFGS eval 100 | Loss: 0.368303
2026-04-19 12:06:28 | INFO |   beta: +0.0056,  xi: +1.8478,  eta: +0.2633
2026-04-19 12:06:32 | INFO | Start 3 L-BFGS eval 200 | Loss: 0.368295
2026-04-19 12:06:32 | INFO |   beta: +0.0064,  xi: +1.8452,  eta: +0.2689
2026-04-19 12:06:36 | INFO | Start 3 L-BFGS eval 300 | Loss: 0.368290
2026-04-19 12:06:36 | INFO |   beta: +0.0073,  xi: +1.8342,  eta: +0.2789
2026-04-19 12:06:40 | INFO | Start 3 L-BFGS eval 400 | Loss: 0.360845
2026-04-19 12:06:40 | INFO |   beta: +0.0390,  xi: +1.7646,  eta: +0.2601
2026-04-19 12:06:44 | INFO | Start 3 L-BFGS eval 500 | Loss: 0.360188
2026-04-19 12:06:44 | INFO |   beta: +0.0209,  xi: +1.8858,  eta: +0.2579
2026-04-19 12:06:48 | INFO | Start 3 L-BFGS eval 600 | Loss: 0.360177
2026-04-19 12:06:48 | INFO |   beta: +0.0331,  xi: +1.8303,  eta: +0.2567
2026-04-19 12:06:52 | INFO | Start 3 L-BFGS eval 700 | Loss: 0.359874
2026-04-19 12:06:52 | INFO |   beta: +0.0070,  xi: +1.9025,  eta: +0.2638
2026-04-19 12:06:56 | INFO | Start 3 L-BFGS eval 800 | Loss: 0.366405
2026-04-19 12:06:56 | INFO |   beta: +0.1122,  xi: +1.7327,  eta: +0.1449
2026-04-19 12:07:00 | INFO | Start 3 L-BFGS eval 900 | Loss: 0.359834
2026-04-19 12:07:00 | INFO |   beta: +0.0255,  xi: +1.8345,  eta: +0.2474
2026-04-19 12:07:04 | INFO | Start 3 L-BFGS eval 1000 | Loss: 0.357246
2026-04-19 12:07:04 | INFO |   beta: -0.0109,  xi: +1.9056,  eta: +0.2688
2026-04-19 12:07:08 | INFO | Start 3 L-BFGS eval 1100 | Loss: 0.357215
2026-04-19 12:07:08 | INFO |   beta: +0.0046,  xi: +1.8927,  eta: +0.2694
2026-04-19 12:07:12 | INFO | Start 3 L-BFGS eval 1200 | Loss: 0.357220
2026-04-19 12:07:12 | INFO |   beta: +0.0118,  xi: +1.8694,  eta: +0.2696
2026-04-19 12:07:17 | INFO | Start 3 L-BFGS eval 1300 | Loss: 0.357214
2026-04-19 12:07:17 | INFO |   beta: +0.0102,  xi: +1.8657,  eta: +0.2706
2026-04-19 12:07:21 | INFO | Start 3 L-BFGS eval 1400 | Loss: 0.357199
2026-04-19 12:07:21 | INFO |   beta: +0.0067,  xi: +1.8825,  eta: +0.2701
2026-04-19 12:07:25 | INFO | Start 3 L-BFGS eval 1500 | Loss: 0.357189
2026-04-19 12:07:25 | INFO |   beta: +0.0106,  xi: +1.9168,  eta: +0.2677
2026-04-19 12:07:29 | INFO | Start 3 L-BFGS eval 1600 | Loss: 0.357153
2026-04-19 12:07:29 | INFO |   beta: -0.0078,  xi: +1.8892,  eta: +0.2711
2026-04-19 12:07:33 | INFO | Start 3 L-BFGS eval 1700 | Loss: 0.357139
2026-04-19 12:07:33 | INFO |   beta: +0.0034,  xi: +1.8842,  eta: +0.2695
2026-04-19 12:07:37 | INFO | Start 3 L-BFGS eval 1800 | Loss: 0.357138
2026-04-19 12:07:37 | INFO |   beta: +0.0062,  xi: +1.8756,  eta: +0.2696
2026-04-19 12:07:41 | INFO | Start 3 L-BFGS eval 1900 | Loss: 0.357133
2026-04-19 12:07:41 | INFO |   beta: -0.0016,  xi: +1.8682,  eta: +0.2717
2026-04-19 12:07:44 | INFO | Start 3 L-BFGS eval 2000 | Loss: 0.357131
2026-04-19 12:07:44 | INFO |   beta: +0.0009,  xi: +1.8700,  eta: +0.2717
2026-04-19 12:07:49 | INFO | Start 3 L-BFGS eval 2100 | Loss: 0.357131
2026-04-19 12:07:49 | INFO |   beta: -0.0003,  xi: +1.8720,  eta: +0.2722
2026-04-19 12:07:52 | INFO | Start 3 L-BFGS eval 2200 | Loss: 0.357129
2026-04-19 12:07:52 | INFO |   beta: -0.0047,  xi: +1.8951,  eta: +0.2728
2026-04-19 12:07:56 | INFO | Start 3 L-BFGS eval 2300 | Loss: 0.357123
2026-04-19 12:07:56 | INFO |   beta: +0.0012,  xi: +1.8784,  eta: +0.2692
2026-04-19 12:08:01 | INFO | Start 3 L-BFGS eval 2400 | Loss: 0.357123
2026-04-19 12:08:01 | INFO |   beta: +0.0008,  xi: +1.8744,  eta: +0.2684
2026-04-19 12:08:04 | INFO | Start 3 L-BFGS eval 2500 | Loss: 0.357117
2026-04-19 12:08:04 | INFO |   beta: +0.0019,  xi: +1.8597,  eta: +0.2726
2026-04-19 12:08:09 | INFO | Start 3 L-BFGS eval 2600 | Loss: 0.360027
2026-04-19 12:08:09 | INFO |   beta: +0.0258,  xi: +2.0000,  eta: +0.3605
2026-04-19 12:08:12 | INFO | Start 3 L-BFGS eval 2700 | Loss: 0.357117
2026-04-19 12:08:12 | INFO |   beta: +0.0024,  xi: +1.8747,  eta: +0.2745
2026-04-19 12:08:16 | INFO | Start 3 L-BFGS eval 2800 | Loss: 0.357112
2026-04-19 12:08:16 | INFO |   beta: +0.0015,  xi: +1.8740,  eta: +0.2716
2026-04-19 12:08:21 | INFO | Start 3 L-BFGS eval 2900 | Loss: 0.357351
2026-04-19 12:08:21 | INFO |   beta: -0.0014,  xi: +1.8241,  eta: +0.3066
2026-04-19 12:08:25 | INFO | Start 3 L-BFGS eval 3000 | Loss: 0.357597
2026-04-19 12:08:25 | INFO |   beta: +0.0066,  xi: +2.0000,  eta: +0.2154
2026-04-19 12:08:26 | INFO | Optimizer start 3/5 complete | final_loss=0.356826 | status=CONVERGENCE: RELATIVE REDUCTION OF F <= FACTR*EPSMCH
2026-04-19 12:08:26 | INFO | Optimizer start 4/5 | seed=3 | initial_loss=0.804851
2026-04-19 12:08:26 | INFO | Start 4 Adam step 0 | Loss: 0.804851
2026-04-19 12:08:28 | INFO | Start 4 Adam step 100 | Loss: 0.394524
2026-04-19 12:08:29 | INFO | Start 4 Adam step 200 | Loss: 0.386550
2026-04-19 12:08:31 | INFO | Start 4 Adam step 300 | Loss: 0.392568
2026-04-19 12:08:32 | INFO | Start 4 Adam step 400 | Loss: 0.387602
2026-04-19 12:08:34 | INFO | Start 4 Adam step 500 | Loss: 0.380179
2026-04-19 12:08:35 | INFO | Start 4 Adam step 600 | Loss: 0.376181
2026-04-19 12:08:37 | INFO | Start 4 Adam step 700 | Loss: 0.375307
2026-04-19 12:08:38 | INFO | Start 4 Adam step 800 | Loss: 0.379446
2026-04-19 12:08:40 | INFO | Start 4 Adam step 900 | Loss: 0.377147
2026-04-19 12:08:42 | INFO | Start 4 L-BFGS eval 0 | Loss: 0.376315
2026-04-19 12:08:42 | INFO |   beta: +0.0053,  xi: +1.8346,  eta: +0.2595
2026-04-19 12:08:46 | INFO | Start 4 L-BFGS eval 100 | Loss: 0.369060
2026-04-19 12:08:46 | INFO |   beta: +0.0051,  xi: +1.8489,  eta: +0.2441
2026-04-19 12:08:50 | INFO | Start 4 L-BFGS eval 200 | Loss: 0.369051
2026-04-19 12:08:50 | INFO |   beta: +0.0062,  xi: +1.8385,  eta: +0.2292
2026-04-19 12:08:54 | INFO | Start 4 L-BFGS eval 300 | Loss: 0.368697
2026-04-19 12:08:54 | INFO |   beta: -0.0002,  xi: +1.8545,  eta: +0.2803
2026-04-19 12:08:58 | INFO | Start 4 L-BFGS eval 400 | Loss: 0.367237
2026-04-19 12:08:58 | INFO |   beta: +0.0032,  xi: +2.0000,  eta: +0.2416
2026-04-19 12:09:02 | INFO | Start 4 L-BFGS eval 500 | Loss: 0.370138
2026-04-19 12:09:02 | INFO |   beta: +0.0182,  xi: +1.4494,  eta: +0.3376
2026-04-19 12:09:06 | INFO | Start 4 L-BFGS eval 600 | Loss: 0.366930
2026-04-19 12:09:06 | INFO |   beta: -0.0259,  xi: +1.9365,  eta: +0.2588
2026-04-19 12:09:10 | INFO | Start 4 L-BFGS eval 700 | Loss: 0.366658
2026-04-19 12:09:10 | INFO |   beta: +0.0064,  xi: +1.8621,  eta: +0.2457
2026-04-19 12:09:14 | INFO | Start 4 L-BFGS eval 800 | Loss: 0.383333
2026-04-19 12:09:14 | INFO |   beta: +0.1174,  xi: +1.2416,  eta: +0.1227
2026-04-19 12:09:18 | INFO | Start 4 L-BFGS eval 900 | Loss: 0.366469
2026-04-19 12:09:18 | INFO |   beta: +0.0150,  xi: +1.6434,  eta: +0.2483
2026-04-19 12:09:22 | INFO | Start 4 L-BFGS eval 1000 | Loss: 0.365526
2026-04-19 12:09:22 | INFO |   beta: -0.0049,  xi: +1.8686,  eta: +0.2519
2026-04-19 12:09:26 | INFO | Start 4 L-BFGS eval 1100 | Loss: 0.377527
2026-04-19 12:09:26 | INFO |   beta: -0.0766,  xi: +1.0787,  eta: +0.2724
2026-04-19 12:09:30 | INFO | Start 4 L-BFGS eval 1200 | Loss: 0.365502
2026-04-19 12:09:30 | INFO |   beta: -0.0115,  xi: +1.7384,  eta: +0.2618
2026-04-19 12:09:34 | INFO | Start 4 L-BFGS eval 1300 | Loss: 0.365347
2026-04-19 12:09:34 | INFO |   beta: -0.0250,  xi: +1.8445,  eta: +0.2605
2026-04-19 12:09:38 | INFO | Start 4 L-BFGS eval 1400 | Loss: 0.365228
2026-04-19 12:09:38 | INFO |   beta: -0.0072,  xi: +1.8460,  eta: +0.2572
2026-04-19 12:09:42 | INFO | Start 4 L-BFGS eval 1500 | Loss: 0.365197
2026-04-19 12:09:42 | INFO |   beta: -0.0139,  xi: +1.7517,  eta: +0.2641
2026-04-19 12:09:46 | INFO | Start 4 L-BFGS eval 1600 | Loss: 0.365061
2026-04-19 12:09:46 | INFO |   beta: -0.0036,  xi: +1.8531,  eta: +0.2727
2026-04-19 12:09:50 | INFO | Start 4 L-BFGS eval 1700 | Loss: 0.364947
2026-04-19 12:09:50 | INFO |   beta: +0.0015,  xi: +1.8570,  eta: +0.2564
2026-04-19 12:09:54 | INFO | Start 4 L-BFGS eval 1800 | Loss: 0.364926
2026-04-19 12:09:54 | INFO |   beta: -0.0024,  xi: +1.7203,  eta: +0.2812
2026-04-19 12:09:58 | INFO | Start 4 L-BFGS eval 1900 | Loss: 0.364127
2026-04-19 12:09:58 | INFO |   beta: -0.0139,  xi: +1.8600,  eta: +0.2565
2026-04-19 12:10:02 | INFO | Start 4 L-BFGS eval 2000 | Loss: 0.364071
2026-04-19 12:10:02 | INFO |   beta: +0.0051,  xi: +1.8599,  eta: +0.2490
2026-04-19 12:10:06 | INFO | Start 4 L-BFGS eval 2100 | Loss: 0.364067
2026-04-19 12:10:06 | INFO |   beta: +0.0038,  xi: +1.8579,  eta: +0.2473
2026-04-19 12:10:10 | INFO | Start 4 L-BFGS eval 2200 | Loss: 0.364956
2026-04-19 12:10:10 | INFO |   beta: +0.0390,  xi: +1.7800,  eta: +0.1978
2026-04-19 12:10:14 | INFO | Start 4 L-BFGS eval 2300 | Loss: 0.363985
2026-04-19 12:10:14 | INFO |   beta: +0.0340,  xi: +1.6679,  eta: +0.2251
2026-04-19 12:10:16 | INFO | Optimizer start 4/5 complete | final_loss=0.360059 | status=CONVERGENCE: RELATIVE REDUCTION OF F <= FACTR*EPSMCH
2026-04-19 12:10:16 | INFO | Optimizer start 5/5 | seed=4 | initial_loss=0.681169
2026-04-19 12:10:16 | INFO | Start 5 Adam step 0 | Loss: 0.681169
2026-04-19 12:10:18 | INFO | Start 5 Adam step 100 | Loss: 0.382717
2026-04-19 12:10:19 | INFO | Start 5 Adam step 200 | Loss: 0.384685
2026-04-19 12:10:21 | INFO | Start 5 Adam step 300 | Loss: 0.389396
2026-04-19 12:10:23 | INFO | Start 5 Adam step 400 | Loss: 0.391717
2026-04-19 12:10:24 | INFO | Start 5 Adam step 500 | Loss: 0.372786
2026-04-19 12:10:26 | INFO | Start 5 Adam step 600 | Loss: 0.374824
2026-04-19 12:10:27 | INFO | Start 5 Adam step 700 | Loss: 0.378548
2026-04-19 12:10:29 | INFO | Start 5 Adam step 800 | Loss: 0.377080
2026-04-19 12:10:30 | INFO | Start 5 Adam step 900 | Loss: 0.375242
2026-04-19 12:10:32 | INFO | Start 5 L-BFGS eval 0 | Loss: 0.372545
2026-04-19 12:10:32 | INFO |   beta: +0.0112,  xi: +1.8461,  eta: +0.2615
2026-04-19 12:10:34 | INFO | Optimizer start 5/5 complete | final_loss=0.368643 | status=CONVERGENCE: RELATIVE REDUCTION OF F <= FACTR*EPSMCH
2026-04-19 12:10:34 | INFO | Done fitting.
2026-04-19 12:10:34 | INFO | Optimizer status: CONVERGENCE: RELATIVE REDUCTION OF F <= FACTR*EPSMCH | best_start=3/5
2026-04-19 12:10:34 | INFO | Best optimizer start: 3 / 5
2026-04-19 12:10:34 | INFO | Final Loss: 0.356826
2026-04-19 12:10:34 | INFO | Estimated Parameters:
2026-04-19 12:10:34 | INFO |   beta: 0.0028
2026-04-19 12:10:34 | INFO |   xi: 1.8677
2026-04-19 12:10:34 | INFO |   eta: 0.2736
2026-04-19 12:10:34 | INFO | Field and interaction diagnostics:
2026-04-19 12:10:34 | INFO |   estimated_field_inf_norm: 2.000000
2026-04-19 12:10:34 | INFO |   estimated_field_rank: 20.000000
2026-04-19 12:10:34 | INFO |   bound_B: 2.000000
2026-04-19 12:10:34 | INFO | Saved summary tables to C:\Users\phevo\Documents\MIT\Code\MPLE-Causal-Inference\experiments\USCountyVaccination_US_sensitivity\outcome_death_rate_100k_ge_2__intervention_complete_cov_ge_40__lag_2w__contiguity__start_2020_03_01\fits\rank_20_b2\mple_summary.csv and C:\Users\phevo\Documents\MIT\Code\MPLE-Causal-Inference\experiments\USCountyVaccination_US_sensitivity\outcome_death_rate_100k_ge_2__intervention_complete_cov_ge_40__lag_2w__contiguity__start_2020_03_01\fits\rank_20_b2\mple_summary.md
2026-04-19 12:10:34 | INFO | Log saved to C:\Users\phevo\Documents\MIT\Code\MPLE-Causal-Inference\experiments\USCountyVaccination_US_sensitivity\outcome_death_rate_100k_ge_2__intervention_complete_cov_ge_40__lag_2w__contiguity__start_2020_03_01\fits\rank_20_b2\mple.log
