2026-05-02 12:15:00 | INFO | Loading data...
2026-05-02 12:15:00 | INFO | Using panel artifact: /orcd/home/002/phevosp/MPLE-Causal-Inference/experiments/Synthetic/confounding_moderate/panel_data.npz
2026-05-02 12:15:00 | INFO | Using x_0 artifact: /orcd/home/002/phevosp/MPLE-Causal-Inference/experiments/Synthetic/confounding_moderate/x_0.npy
2026-05-02 12:15:00 | INFO | Using fit config: /orcd/home/002/phevosp/MPLE-Causal-Inference/experiments/Synthetic/confounding_moderate/cv_runs/alternating_uv_grid/candidates/alternating_uv_grid_candidate_0001/fold_7/fit_realized_config.yaml
2026-05-02 12:15:00 | INFO | Using model artifact directory: /orcd/home/002/phevosp/MPLE-Causal-Inference/experiments/Synthetic/confounding_moderate
2026-05-02 12:15:00 | INFO | Using truth artifact directory: /orcd/home/002/phevosp/MPLE-Causal-Inference/experiments/Synthetic/confounding_moderate
2026-05-02 12:15:00 | INFO | Using loss mask artifact: /orcd/home/002/phevosp/MPLE-Causal-Inference/experiments/Synthetic/confounding_moderate/cv_runs/alternating_uv_grid/candidates/alternating_uv_grid_candidate_0001/fold_7/loss_mask.npy
2026-05-02 12:15:00 | INFO | Configured optimizer mode: alternating_latent_rank
2026-05-02 12:15:00 | INFO | Configured latent rank: 3
2026-05-02 12:15:00 | INFO | Using a fixed known graph with scalar xi.
2026-05-02 12:15:00 | INFO | Fit-time hard bounds active: False
2026-05-02 12:15:00 | INFO | Fixed scalar parameters: {}
2026-05-02 12:15:00 | INFO | Warm-start fixed scalars: {} for 0 steps
2026-05-02 12:15:00 | INFO | Beta mask before s: False with s=0
2026-05-02 12:15:00 | INFO | Beta mask after e: False with e=11
2026-05-02 12:15:00 | INFO | Alternating V-column L2-ball constraint active with radius 1.0
2026-05-02 12:15:00 | INFO | Optimizer settings: steps=2000, tol=1e-07, n_starts=1, seed=0, lambda_nuclear=0.0, lambda_frobenius=0.0, lambda_uv_ridge=0.001, v_column_l2_max=1.0, proximal_lr=1.0
2026-05-02 12:15:00 | INFO | Alternating low-rank start 1/1 | seed=0 | initial_loss=0.820249 | initial_penalized=0.820249
2026-05-02 12:15:00 | INFO | Alternating low-rank iter 0 | Loss: 0.567716 | Penalized: 0.567880
2026-05-02 12:15:02 | INFO | Alternating low-rank iter 100 | Loss: 0.484050 | Penalized: 0.486311
2026-05-02 12:15:03 | INFO | Alternating low-rank iter 200 | Loss: 0.481445 | Penalized: 0.484518
2026-05-02 12:15:05 | INFO | Alternating low-rank iter 300 | Loss: 0.480692 | Penalized: 0.484124
2026-05-02 12:15:06 | INFO | Alternating low-rank iter 400 | Loss: 0.480348 | Penalized: 0.483976
2026-05-02 12:15:07 | INFO | Alternating low-rank iter 500 | Loss: 0.480136 | Penalized: 0.483896
2026-05-02 12:15:07 | INFO | Alternating low-rank iter 600 | Loss: 0.480013 | Penalized: 0.483857
2026-05-02 12:15:08 | INFO | Alternating low-rank iter 700 | Loss: 0.479952 | Penalized: 0.483841
2026-05-02 12:15:08 | INFO | Done fitting.
2026-05-02 12:15:08 | INFO | Optimizer status: CONVERGED: alternating objective tolerance reached
2026-05-02 12:15:08 | INFO | Best optimizer start: 1 / 1
2026-05-02 12:15:08 | INFO | Final Loss: 0.479952
2026-05-02 12:15:08 | INFO | Estimated vs True Parameters:
2026-05-02 12:15:08 | INFO |   beta: -0.3284 (True: -0.3000) | SQE: 0.000808
2026-05-02 12:15:08 | INFO |   xi: 0.9622 (True: 0.8000) | SQE: 0.026323
2026-05-02 12:15:08 | INFO |   eta: 0.3458 (True: 0.3000) | SQE: 0.002100
2026-05-02 12:15:08 | INFO | Alternating low-rank optimizer diagnostics:
2026-05-02 12:15:08 | INFO |   penalized_objective: 0.483841
2026-05-02 12:15:08 | INFO |   mple_loss_without_penalty: 0.479952
2026-05-02 12:15:08 | INFO |   lambda_uv_ridge: 0.001000
2026-05-02 12:15:08 | INFO |   u_frobenius_norm: 259.035151
2026-05-02 12:15:08 | INFO |   v_frobenius_norm: 1.732051
2026-05-02 12:15:08 | INFO |   effective_rank: 3.000000
2026-05-02 12:15:08 | INFO | Field and interaction diagnostics:
2026-05-02 12:15:08 | INFO |   field_rmse: 1.470089
2026-05-02 12:15:08 | INFO |   interaction_fro_error: 0.574790
2026-05-02 12:15:08 | INFO |   estimated_field_max_abs_entry: 32.240581
2026-05-02 12:15:08 | INFO |   estimated_field_rank: 3.000000
2026-05-02 12:15:08 | INFO |   true_field_max_abs_entry: 4.175656
2026-05-02 12:15:08 | INFO |   true_field_rank: 3.000000
2026-05-02 12:15:08 | INFO | Saved summary table to /orcd/home/002/phevosp/MPLE-Causal-Inference/experiments/Synthetic/confounding_moderate/cv_runs/alternating_uv_grid/candidates/alternating_uv_grid_candidate_0001/fold_7/mple_summary.csv
2026-05-02 12:15:08 | INFO | Log saved to /orcd/home/002/phevosp/MPLE-Causal-Inference/experiments/Synthetic/confounding_moderate/cv_runs/alternating_uv_grid/candidates/alternating_uv_grid_candidate_0001/fold_7/mple.log
