2026-06-12 15:09:14 | INFO | Loading data...
2026-06-12 15:09:14 | INFO | Using panel artifact: /orcd/home/002/phevosp/MPLE-Causal-Inference/experiments/HybridAlt2/partial_confounding_7/panel_data.npz
2026-06-12 15:09:14 | INFO | Using x_0 artifact: /orcd/home/002/phevosp/MPLE-Causal-Inference/experiments/HybridAlt2/partial_confounding_7/x_0.npy
2026-06-12 15:09:14 | INFO | Using fit config: /orcd/home/002/phevosp/MPLE-Causal-Inference/experiments/HybridAlt2/partial_confounding_7/fits/alternating_rank_8_uv_5_e3_beta_mask/fit_realized_config.yaml
2026-06-12 15:09:14 | INFO | Using model artifact directory: /orcd/home/002/phevosp/MPLE-Causal-Inference/experiments/HybridAlt2/partial_confounding_7
2026-06-12 15:09:14 | INFO | Using truth artifact directory: /orcd/home/002/phevosp/MPLE-Causal-Inference/experiments/HybridAlt2/partial_confounding_7
2026-06-12 15:09:14 | INFO | Configured optimizer mode: alternating_latent_rank
2026-06-12 15:09:14 | INFO | Configured latent rank: 8
2026-06-12 15:09:14 | INFO | Using a fixed known graph with scalar xi.
2026-06-12 15:09:14 | INFO | Fit-time hard bounds active: False
2026-06-12 15:09:14 | INFO | Fixed scalar parameters: {}
2026-06-12 15:09:14 | INFO | Warm-start fixed scalars: {} for 0 steps
2026-06-12 15:09:14 | INFO | Beta-gradient mask before s: True with s=50
2026-06-12 15:09:14 | INFO | Beta-gradient mask after e: True with e=115
2026-06-12 15:09:14 | INFO | Alternating V-column L2-ball constraint active with radius 1.0
2026-06-12 15:09:14 | INFO | Optimizer settings: steps=20000, tol=1e-09, n_starts=1, seed=0, lambda_nuclear=0.0, lambda_frobenius=0.0, lambda_uv_ridge=0.005, v_column_l2_max=1.0, proximal_lr=1.0
2026-06-12 15:09:14 | INFO | Alternating low-rank start 1/1 | seed=0 | initial_loss=0.713695 | initial_penalized=0.713695
2026-06-12 15:09:14 | INFO | Alternating low-rank iter 0 | Loss: 0.565309 | Penalized: 0.565759
2026-06-12 15:09:29 | INFO | Alternating low-rank iter 100 | Loss: 0.520902 | Penalized: 0.523349
2026-06-12 15:09:45 | INFO | Alternating low-rank iter 200 | Loss: 0.520886 | Penalized: 0.523345
2026-06-12 15:09:59 | INFO | Alternating low-rank iter 300 | Loss: 0.520882 | Penalized: 0.523343
2026-06-12 15:10:16 | INFO | Alternating low-rank iter 400 | Loss: 0.520879 | Penalized: 0.523341
2026-06-12 15:10:32 | INFO | Alternating low-rank iter 500 | Loss: 0.520876 | Penalized: 0.523339
2026-06-12 15:10:47 | INFO | Alternating low-rank iter 600 | Loss: 0.520873 | Penalized: 0.523337
2026-06-12 15:11:03 | INFO | Alternating low-rank iter 700 | Loss: 0.520871 | Penalized: 0.523336
2026-06-12 15:11:18 | INFO | Alternating low-rank iter 800 | Loss: 0.520869 | Penalized: 0.523335
2026-06-12 15:11:33 | INFO | Alternating low-rank iter 900 | Loss: 0.520868 | Penalized: 0.523334
2026-06-12 15:11:48 | INFO | Alternating low-rank iter 1000 | Loss: 0.520867 | Penalized: 0.523334
2026-06-12 15:12:04 | INFO | Alternating low-rank iter 1100 | Loss: 0.520866 | Penalized: 0.523333
2026-06-12 15:12:19 | INFO | Alternating low-rank iter 1200 | Loss: 0.520865 | Penalized: 0.523333
2026-06-12 15:12:35 | INFO | Alternating low-rank iter 1300 | Loss: 0.520865 | Penalized: 0.523333
2026-06-12 15:12:53 | INFO | Alternating low-rank iter 1400 | Loss: 0.520864 | Penalized: 0.523333
2026-06-12 15:13:07 | INFO | Alternating low-rank iter 1500 | Loss: 0.520864 | Penalized: 0.523332
2026-06-12 15:13:19 | INFO | Alternating low-rank iter 1600 | Loss: 0.520864 | Penalized: 0.523332
2026-06-12 15:13:31 | INFO | Alternating low-rank iter 1700 | Loss: 0.520863 | Penalized: 0.523332
2026-06-12 15:13:32 | INFO | Done fitting.
2026-06-12 15:13:32 | INFO | Optimizer status: CONVERGED: alternating objective tolerance reached
2026-06-12 15:13:32 | INFO | Best optimizer start: 1 / 1
2026-06-12 15:13:32 | INFO | Final Loss: 0.520863
2026-06-12 15:13:32 | INFO | Estimated vs True Parameters:
2026-06-12 15:13:32 | INFO |   beta: -0.3072 (True: -0.3000) | SQE: 0.000052
2026-06-12 15:13:32 | INFO |   xi: 0.8703 (True: 0.8000) | SQE: 0.004948
2026-06-12 15:13:32 | INFO |   eta: 0.3034 (True: 0.3000) | SQE: 0.000012
2026-06-12 15:13:32 | INFO | Alternating low-rank optimizer diagnostics:
2026-06-12 15:13:32 | INFO |   penalized_objective: 0.523332
2026-06-12 15:13:32 | INFO |   mple_loss_without_penalty: 0.520863
2026-06-12 15:13:32 | INFO |   lambda_uv_ridge: 0.005000
2026-06-12 15:13:32 | INFO |   u_frobenius_norm: 413.683390
2026-06-12 15:13:32 | INFO |   v_frobenius_norm: 2.828427
2026-06-12 15:13:32 | INFO |   effective_rank: 8.000000
2026-06-12 15:13:32 | INFO | Field and interaction diagnostics:
2026-06-12 15:13:32 | INFO |   field_rmse: 0.491692
2026-06-12 15:13:32 | INFO |   interaction_fro_error: 0.778235
2026-06-12 15:13:32 | INFO |   estimated_field_max_abs_entry: 20.287256
2026-06-12 15:13:32 | INFO |   estimated_field_rank: 8.000000
2026-06-12 15:13:32 | INFO |   true_field_max_abs_entry: 3.265069
2026-06-12 15:13:32 | INFO |   true_field_rank: 8.000000
2026-06-12 15:13:32 | INFO | Saved summary table to /orcd/home/002/phevosp/MPLE-Causal-Inference/experiments/HybridAlt2/partial_confounding_7/fits/alternating_rank_8_uv_5_e3_beta_mask/mple_summary.csv
2026-06-12 15:13:32 | INFO | Log saved to /orcd/home/002/phevosp/MPLE-Causal-Inference/experiments/HybridAlt2/partial_confounding_7/fits/alternating_rank_8_uv_5_e3_beta_mask/mple.log
