2026-04-30 09:18:22 | INFO | Loading data...
2026-04-30 09:18:22 | INFO | Using panel artifact: /orcd/home/002/phevosp/MPLE-Causal-Inference/experiments/SyntheticHybridExperiments/r3_hybrid_us_county_intervention_generated_graph_confounding/panel_data.npz
2026-04-30 09:18:22 | INFO | Using x_0 artifact: /orcd/home/002/phevosp/MPLE-Causal-Inference/experiments/SyntheticHybridExperiments/r3_hybrid_us_county_intervention_generated_graph_confounding/x_0.npy
2026-04-30 09:18:22 | INFO | Using fit config: /orcd/home/002/phevosp/MPLE-Causal-Inference/experiments/SyntheticHybridExperiments/r3_hybrid_us_county_intervention_generated_graph_confounding/fits/alternating_rank_3_uv_5_e1/fit_realized_config.yaml
2026-04-30 09:18:22 | INFO | Using model artifact directory: /orcd/home/002/phevosp/MPLE-Causal-Inference/experiments/SyntheticHybridExperiments/r3_hybrid_us_county_intervention_generated_graph_confounding
2026-04-30 09:18:22 | INFO | Using truth artifact directory: /orcd/home/002/phevosp/MPLE-Causal-Inference/experiments/SyntheticHybridExperiments/r3_hybrid_us_county_intervention_generated_graph_confounding
2026-04-30 09:18:22 | INFO | Configured optimizer mode: alternating_latent_rank
2026-04-30 09:18:22 | INFO | Configured latent rank: 3
2026-04-30 09:18:22 | INFO | Using a fixed known graph with scalar xi.
2026-04-30 09:18:22 | INFO | Fit-time hard bounds active: False
2026-04-30 09:18:22 | INFO | Fixed scalar parameters: {}
2026-04-30 09:18:22 | INFO | Warm-start fixed scalars: {} for 0 steps
2026-04-30 09:18:22 | INFO | Beta mask before s: False with s=55
2026-04-30 09:18:22 | INFO | Beta mask after e: False with e=120
2026-04-30 09:18:22 | INFO | Alternating V-column L2-ball constraint active with radius 1.0
2026-04-30 09:18:22 | INFO | Optimizer settings: steps=20000, tol=1e-09, n_starts=1, seed=0, lambda_nuclear=0.0, lambda_frobenius=0.0, lambda_uv_ridge=0.5, v_column_l2_max=1.0, proximal_lr=1.0
2026-04-30 09:18:22 | INFO | Alternating low-rank start 1/1 | seed=0 | initial_loss=0.685466 | initial_penalized=0.685475
2026-04-30 09:18:22 | INFO | Alternating low-rank iter 0 | Loss: 0.601764 | Penalized: 0.606467
2026-04-30 09:18:33 | INFO | Alternating low-rank iter 100 | Loss: 0.594550 | Penalized: 0.601678
2026-04-30 09:18:44 | INFO | Alternating low-rank iter 200 | Loss: 0.594151 | Penalized: 0.601414
2026-04-30 09:18:56 | INFO | Alternating low-rank iter 300 | Loss: 0.594057 | Penalized: 0.601375
2026-04-30 09:19:07 | INFO | Alternating low-rank iter 400 | Loss: 0.594029 | Penalized: 0.601369
2026-04-30 09:19:18 | INFO | Alternating low-rank iter 500 | Loss: 0.594020 | Penalized: 0.601368
2026-04-30 09:19:24 | INFO | Done fitting.
2026-04-30 09:19:24 | INFO | Optimizer status: CONVERGED: alternating objective tolerance reached
2026-04-30 09:19:24 | INFO | Best optimizer start: 1 / 1
2026-04-30 09:19:24 | INFO | Final Loss: 0.594017
2026-04-30 09:19:24 | INFO | Estimated vs True Parameters:
2026-04-30 09:19:24 | INFO |   beta: 0.0861 (True: -0.3000) | SQE: 0.149079
2026-04-30 09:19:24 | INFO |   xi: 0.6359 (True: 0.8000) | SQE: 0.026937
2026-04-30 09:19:24 | INFO |   eta: 0.3186 (True: 0.3000) | SQE: 0.000346
2026-04-30 09:19:24 | INFO | Alternating low-rank optimizer diagnostics:
2026-04-30 09:19:24 | INFO |   penalized_objective: 0.601368
2026-04-30 09:19:24 | INFO |   mple_loss_without_penalty: 0.594017
2026-04-30 09:19:24 | INFO |   lambda_uv_ridge: 0.500000
2026-04-30 09:19:24 | INFO |   u_frobenius_norm: 72.900301
2026-04-30 09:19:24 | INFO |   v_frobenius_norm: 1.732051
2026-04-30 09:19:24 | INFO |   effective_rank: 3.000000
2026-04-30 09:19:24 | INFO | Field and interaction diagnostics:
2026-04-30 09:19:24 | INFO |   field_rmse: 0.434795
2026-04-30 09:19:24 | INFO |   interaction_fro_error: 1.026745
2026-04-30 09:19:24 | INFO |   estimated_field_max_abs_entry: 0.723708
2026-04-30 09:19:24 | INFO |   estimated_field_rank: 3.000000
2026-04-30 09:19:24 | INFO |   true_field_max_abs_entry: 2.169749
2026-04-30 09:19:24 | INFO |   true_field_rank: 3.000000
2026-04-30 09:19:25 | INFO | Saved summary table to /orcd/home/002/phevosp/MPLE-Causal-Inference/experiments/SyntheticHybridExperiments/r3_hybrid_us_county_intervention_generated_graph_confounding/fits/alternating_rank_3_uv_5_e1/mple_summary.csv
2026-04-30 09:19:25 | INFO | Log saved to /orcd/home/002/phevosp/MPLE-Causal-Inference/experiments/SyntheticHybridExperiments/r3_hybrid_us_county_intervention_generated_graph_confounding/fits/alternating_rank_3_uv_5_e1/mple.log
