2026-04-07 13:29:37 | INFO | Loading data...
2026-04-07 13:29:37 | INFO | Loaded 6 field templates and 1 interaction templates.
2026-04-07 13:29:37 | INFO | Intervention-process model enabled: True
2026-04-07 13:29:37 | INFO | Tau zero-mean enabled: False
2026-04-07 13:29:37 | INFO | Tau smoothness lambda: 0.000000
2026-04-07 13:29:37 | INFO | Running conditional-model MPLE on x with shape=(68, 3203)
2026-04-07 13:29:37 | INFO | Eval 0  |  Loss: 0.711860
2026-04-07 13:29:37 | INFO |   field::log_population: +0.0126,  field::median_household_income: -0.0132,  field::poverty_rate: +0.0640,  field::pct_black: +0.0105,  field::pct_hispanic: -0.0536,  field::pct_in_labor_force: +0.0362,  tau block: mean=+0.0092, std=0.0967, min=-0.2325, max=+0.1960,  beta: +0.1822,  interaction::contiguity: -0.1320,  eta: -0.0662,  zeta: +0.0935,  psi: +0.0049
2026-04-07 13:29:42 | INFO | Done fitting.
2026-04-07 13:29:42 | INFO | Optimizer status: CONVERGENCE: RELATIVE REDUCTION OF F <= FACTR*EPSMCH
2026-04-07 13:29:42 | INFO | Final Loss: 0.130526
2026-04-07 13:29:42 | INFO | Estimated Parameters:
2026-04-07 13:29:42 | INFO |   field::log_population: 0.1513
2026-04-07 13:29:42 | INFO |   field::median_household_income: -0.2940
2026-04-07 13:29:42 | INFO |   field::poverty_rate: -0.0805
2026-04-07 13:29:42 | INFO |   field::pct_black: -0.2065
2026-04-07 13:29:42 | INFO |   field::pct_hispanic: -0.1057
2026-04-07 13:29:42 | INFO |   field::pct_in_labor_force: 0.0762
2026-04-07 13:29:42 | INFO |   tau::t_0: -0.0320
2026-04-07 13:29:42 | INFO |   tau::t_1: -0.0652
2026-04-07 13:29:42 | INFO |   tau::t_2: -0.0818
2026-04-07 13:29:42 | INFO |   tau::t_3: -0.2164
2026-04-07 13:29:42 | INFO |   tau::t_4: 0.1517
2026-04-07 13:29:42 | INFO |   tau::t_5: -0.0737
2026-04-07 13:29:42 | INFO |   tau::t_6: 0.1029
2026-04-07 13:29:42 | INFO |   tau::t_7: 0.0312
2026-04-07 13:29:42 | INFO |   tau::t_8: 0.1024
2026-04-07 13:29:42 | INFO |   tau::t_9: 0.0118
2026-04-07 13:29:42 | INFO |   tau::t_10: 0.1032
2026-04-07 13:29:42 | INFO |   tau::t_11: 0.0433
2026-04-07 13:29:42 | INFO |   tau::t_12: -0.1116
2026-04-07 13:29:42 | INFO |   tau::t_13: -0.1134
2026-04-07 13:29:42 | INFO |   tau::t_14: -0.2105
2026-04-07 13:29:42 | INFO |   tau::t_15: -0.2470
2026-04-07 13:29:42 | INFO |   tau::t_16: -0.4218
2026-04-07 13:29:42 | INFO |   tau::t_17: -0.2735
2026-04-07 13:29:42 | INFO |   tau::t_18: -0.6417
2026-04-07 13:29:42 | INFO |   tau::t_19: -0.3649
2026-04-07 13:29:42 | INFO |   tau::t_20: -0.5451
2026-04-07 13:29:42 | INFO |   tau::t_21: -0.4424
2026-04-07 13:29:42 | INFO |   tau::t_22: -0.4428
2026-04-07 13:29:42 | INFO |   tau::t_23: -0.1672
2026-04-07 13:29:42 | INFO |   tau::t_24: -0.0525
2026-04-07 13:29:42 | INFO |   tau::t_25: 0.1995
2026-04-07 13:29:42 | INFO |   tau::t_26: 0.3689
2026-04-07 13:29:42 | INFO |   tau::t_27: 0.3613
2026-04-07 13:29:42 | INFO |   tau::t_28: 0.3856
2026-04-07 13:29:42 | INFO |   tau::t_29: 0.3553
2026-04-07 13:29:42 | INFO |   tau::t_30: 0.3398
2026-04-07 13:29:42 | INFO |   tau::t_31: 0.3129
2026-04-07 13:29:42 | INFO |   tau::t_32: 0.1577
2026-04-07 13:29:42 | INFO |   tau::t_33: 0.2952
2026-04-07 13:29:42 | INFO |   tau::t_34: 0.0643
2026-04-07 13:29:42 | INFO |   tau::t_35: 0.0109
2026-04-07 13:29:42 | INFO |   tau::t_36: -0.0007
2026-04-07 13:29:42 | INFO |   tau::t_37: -0.0483
2026-04-07 13:29:42 | INFO |   tau::t_38: -0.0748
2026-04-07 13:29:42 | INFO |   tau::t_39: 0.0995
2026-04-07 13:29:42 | INFO |   tau::t_40: 0.0731
2026-04-07 13:29:42 | INFO |   tau::t_41: 0.1636
2026-04-07 13:29:42 | INFO |   tau::t_42: 0.1988
2026-04-07 13:29:42 | INFO |   tau::t_43: -0.2019
2026-04-07 13:29:42 | INFO |   tau::t_44: 0.4691
2026-04-07 13:29:42 | INFO |   tau::t_45: 0.1097
2026-04-07 13:29:42 | INFO |   tau::t_46: 0.0720
2026-04-07 13:29:42 | INFO |   tau::t_47: 0.0897
2026-04-07 13:29:42 | INFO |   tau::t_48: 0.6298
2026-04-07 13:29:42 | INFO |   tau::t_49: 0.9385
2026-04-07 13:29:42 | INFO |   tau::t_50: 0.9924
2026-04-07 13:29:42 | INFO |   tau::t_51: 1.3373
2026-04-07 13:29:42 | INFO |   tau::t_52: 1.3394
2026-04-07 13:29:42 | INFO |   tau::t_53: 0.4675
2026-04-07 13:29:42 | INFO |   tau::t_54: -0.0940
2026-04-07 13:29:42 | INFO |   tau::t_55: -0.2330
2026-04-07 13:29:42 | INFO |   tau::t_56: -0.2922
2026-04-07 13:29:42 | INFO |   tau::t_57: -0.0983
2026-04-07 13:29:42 | INFO |   tau::t_58: -0.1129
2026-04-07 13:29:42 | INFO |   tau::t_59: -0.1149
2026-04-07 13:29:42 | INFO |   tau::t_60: -0.2374
2026-04-07 13:29:42 | INFO |   tau::t_61: -0.2880
2026-04-07 13:29:42 | INFO |   tau::t_62: -0.2341
2026-04-07 13:29:42 | INFO |   tau::t_63: -0.0898
2026-04-07 13:29:42 | INFO |   tau::t_64: 0.0346
2026-04-07 13:29:42 | INFO |   tau::t_65: -0.0409
2026-04-07 13:29:42 | INFO |   tau::t_66: 0.1169
2026-04-07 13:29:42 | INFO |   tau::t_67: 0.1011
2026-04-07 13:29:42 | INFO |   beta: 0.1383
2026-04-07 13:29:42 | INFO |   interaction::contiguity: 2.5989
2026-04-07 13:29:42 | INFO |   eta: 0.5445
2026-04-07 13:29:42 | INFO |   zeta: 0.0657
2026-04-07 13:29:42 | INFO |   psi: 3.6983
2026-04-07 13:29:42 | INFO | Saved summary tables to C:\Users\phevo\Documents\MIT\Code\MPLE-Causal-Inference\experiments\USCountyVaccination_US\USCountyVaccination_US_tau_unrestricted\outcome_case_rate_100k_ge_200__intervention_complete_cov_ge_80__lag_2w__contiguity\mple_summary.csv and C:\Users\phevo\Documents\MIT\Code\MPLE-Causal-Inference\experiments\USCountyVaccination_US\USCountyVaccination_US_tau_unrestricted\outcome_case_rate_100k_ge_200__intervention_complete_cov_ge_80__lag_2w__contiguity\mple_summary.md
2026-04-07 13:29:42 | INFO | Log saved to C:\Users\phevo\Documents\MIT\Code\MPLE-Causal-Inference\experiments\USCountyVaccination_US\USCountyVaccination_US_tau_unrestricted\outcome_case_rate_100k_ge_200__intervention_complete_cov_ge_80__lag_2w__contiguity\mple.log
