2026-03-17 12:07:12 | INFO | Loading data...
2026-03-17 12:07:13 | INFO | Loaded gamma_matrix with shape=(5000, 5000)
2026-03-17 12:07:13 | INFO | Running Stage 1 MPLE on x with shape=(10, 5000)
2026-03-17 12:07:13 | INFO | Eval 0  |  Loss: 0.618735
2026-03-17 12:07:13 | INFO |   alpha: +0.0126,  beta: -0.0132,  xi: +0.0640,  eta: +0.0105,  zeta: -0.0536,  psi: +0.0362
2026-03-17 12:07:13 | INFO | Running Stage 2 MPLE (conditioning on all z's and even x's)...
2026-03-17 12:07:13 | INFO | Eval 0  |  Loss: 0.599510
2026-03-17 12:07:13 | INFO |   alpha: +0.0126,  beta: -0.0132,  xi: +0.0640,  eta: +0.0105,  zeta: -0.0536,  psi: +0.0362
2026-03-17 12:07:13 | INFO | Done fitting.
2026-03-17 12:07:13 | INFO | Final Loss (Unconditioned): 0.298659
2026-03-17 12:07:13 | INFO | Estimated vs True Parameters (Unconditioned):
2026-03-17 12:07:13 | INFO |   alpha: 0.1322 (True: 1.0000)
2026-03-17 12:07:13 | INFO |   alpha SQE: 0.753144
2026-03-17 12:07:13 | INFO |   beta: -0.2105 (True: -1.0000)
2026-03-17 12:07:13 | INFO |   beta SQE: 0.623276
2026-03-17 12:07:13 | INFO |   xi: 0.8968 (True: 1.0000)
2026-03-17 12:07:13 | INFO |   xi SQE: 0.010644
2026-03-17 12:07:13 | INFO |   eta: 0.5598 (True: 0.5000)
2026-03-17 12:07:13 | INFO |   eta SQE: 0.003577
2026-03-17 12:07:13 | INFO |   zeta: -0.1145 (True: -0.3000)
2026-03-17 12:07:13 | INFO |   zeta SQE: 0.034407
2026-03-17 12:07:13 | INFO |   psi: 0.4970 (True: 0.5000)
2026-03-17 12:07:13 | INFO |   psi SQE: 0.000009
2026-03-17 12:07:13 | INFO | =================================================
2026-03-17 12:07:13 | INFO | Final Loss (Conditioned): 0.142679
2026-03-17 12:07:13 | INFO | Estimated vs True Parameters (Conditioned):
2026-03-17 12:07:13 | INFO |   alpha: 0.5637 (True: 1.0000)
2026-03-17 12:07:13 | INFO |   alpha SQE: 0.190398
2026-03-17 12:07:13 | INFO |   beta: -0.8216 (True: -1.0000)
2026-03-17 12:07:13 | INFO |   beta SQE: 0.031838
2026-03-17 12:07:13 | INFO |   xi: 0.9878 (True: 1.0000)
2026-03-17 12:07:13 | INFO |   xi SQE: 0.000148
2026-03-17 12:07:13 | INFO |   eta: 0.4846 (True: 0.5000)
2026-03-17 12:07:13 | INFO |   eta SQE: 0.000238
2026-03-17 12:07:13 | INFO |   zeta: -0.2276 (True: -0.3000)
2026-03-17 12:07:13 | INFO |   zeta SQE: 0.005243
2026-03-17 12:07:13 | INFO |   psi: 0.0362 (True: 0.5000)
2026-03-17 12:07:13 | INFO |   psi SQE: 0.215148
2026-03-17 12:07:13 | INFO | =================================================
2026-03-17 12:07:13 | INFO | Final Parameters:
2026-03-17 12:07:13 | INFO |   alpha: 0.5637 (True: 1.0000)
2026-03-17 12:07:13 | INFO |   alpha SQE: 0.190398
2026-03-17 12:07:13 | INFO |   beta: -0.2105 (True: -1.0000)
2026-03-17 12:07:13 | INFO |   beta SQE: 0.623276
2026-03-17 12:07:13 | INFO |   xi: 0.8968 (True: 1.0000)
2026-03-17 12:07:13 | INFO |   xi SQE: 0.010644
2026-03-17 12:07:13 | INFO |   eta: 0.5598 (True: 0.5000)
2026-03-17 12:07:13 | INFO |   eta SQE: 0.003577
2026-03-17 12:07:13 | INFO |   zeta: -0.1145 (True: -0.3000)
2026-03-17 12:07:13 | INFO |   zeta SQE: 0.034407
2026-03-17 12:07:13 | INFO |   psi: 0.4970 (True: 0.5000)
2026-03-17 12:07:13 | INFO |   psi SQE: 0.000009
2026-03-17 12:07:13 | INFO | Log saved to experiments\synthetic_data_20260317_115604\mple_full.log
