2026-04-19 11:44:15 | INFO | Loading data...
2026-04-19 11:44:15 | INFO | Using panel artifact: C:\Users\phevo\Documents\MIT\Code\MPLE-Causal-Inference\experiments\USCountyVaccination_US_sensitivity\outcome_death_rate_100k_ge_2__intervention_complete_cov_ge_40__lag_2w__contiguity__start_2020_03_01\panel_data.npz
2026-04-19 11:44:15 | INFO | Using x_0 artifact: C:\Users\phevo\Documents\MIT\Code\MPLE-Causal-Inference\experiments\USCountyVaccination_US_sensitivity\outcome_death_rate_100k_ge_2__intervention_complete_cov_ge_40__lag_2w__contiguity__start_2020_03_01\x_0.npy
2026-04-19 11:44:15 | INFO | Using z_0 artifact: C:\Users\phevo\Documents\MIT\Code\MPLE-Causal-Inference\experiments\USCountyVaccination_US_sensitivity\outcome_death_rate_100k_ge_2__intervention_complete_cov_ge_40__lag_2w__contiguity__start_2020_03_01\z_0.npy
2026-04-19 11:44:15 | INFO | Using fit config: C:\Users\phevo\Documents\MIT\Code\MPLE-Causal-Inference\experiments\USCountyVaccination_US_sensitivity\outcome_death_rate_100k_ge_2__intervention_complete_cov_ge_40__lag_2w__contiguity__start_2020_03_01\fits\rank_0_b5\fit_realized_config.yaml
2026-04-19 11:44:15 | INFO | Using model artifact directory: C:\Users\phevo\Documents\MIT\Code\MPLE-Causal-Inference\experiments\USCountyVaccination_US_sensitivity\outcome_death_rate_100k_ge_2__intervention_complete_cov_ge_40__lag_2w__contiguity__start_2020_03_01
2026-04-19 11:44:15 | INFO | Using truth artifact directory: C:\Users\phevo\Documents\MIT\Code\MPLE-Causal-Inference\experiments\USCountyVaccination_US_sensitivity\outcome_death_rate_100k_ge_2__intervention_complete_cov_ge_40__lag_2w__contiguity__start_2020_03_01
2026-04-19 11:44:15 | INFO | Configured latent rank: 0
2026-04-19 11:44:15 | INFO | Using a fixed known graph with scalar xi.
2026-04-19 11:44:15 | INFO | Intervention-process model enabled: False
2026-04-19 11:44:15 | INFO | Global temperature bound B active: True
2026-04-19 11:44:15 | INFO | Effective xi bound from interaction constraint: 5.000000
2026-04-19 11:44:15 | INFO | Beta mask pre-intervention enabled: True
2026-04-19 11:44:15 | INFO | Fixed scalar parameters: {}
2026-04-19 11:44:15 | INFO | Optimizer settings: n_starts=5, lbfgs_steps=50000, tol=1e-09, adam_steps=1000, adam_lr=0.01, adam_device=cpu, seed=0
2026-04-19 11:44:15 | INFO | Optimizer start 1/5 | seed=0 | initial_loss=0.665869
2026-04-19 11:44:17 | INFO | Start 1 Adam step 0 | Loss: 0.665869
2026-04-19 11:44:18 | INFO | Start 1 Adam step 100 | Loss: 0.519141
2026-04-19 11:44:19 | INFO | Start 1 Adam step 200 | Loss: 0.499332
2026-04-19 11:44:20 | INFO | Start 1 Adam step 300 | Loss: 0.493250
2026-04-19 11:44:22 | INFO | Start 1 Adam step 400 | Loss: 0.491820
2026-04-19 11:44:23 | INFO | Start 1 Adam step 500 | Loss: 0.491556
2026-04-19 11:44:24 | INFO | Start 1 Adam step 600 | Loss: 0.491519
2026-04-19 11:44:25 | INFO | Start 1 Adam step 700 | Loss: 0.491515
2026-04-19 11:44:26 | INFO | Start 1 Adam step 800 | Loss: 0.491515
2026-04-19 11:44:27 | INFO | Start 1 Adam step 900 | Loss: 0.491515
2026-04-19 11:44:28 | INFO | Start 1 L-BFGS eval 0 | Loss: 0.491515
2026-04-19 11:44:28 | INFO |   beta: +0.0198,  xi: +1.9166,  eta: +0.3294
2026-04-19 11:44:28 | INFO | Optimizer start 1/5 complete | final_loss=0.491515 | status=CONVERGENCE: RELATIVE REDUCTION OF F <= FACTR*EPSMCH
2026-04-19 11:44:28 | INFO | Optimizer start 2/5 | seed=1 | initial_loss=0.664130
2026-04-19 11:44:28 | INFO | Start 2 Adam step 0 | Loss: 0.664130
2026-04-19 11:44:29 | INFO | Start 2 Adam step 100 | Loss: 0.515055
2026-04-19 11:44:31 | INFO | Start 2 Adam step 200 | Loss: 0.497873
2026-04-19 11:44:32 | INFO | Start 2 Adam step 300 | Loss: 0.492834
2026-04-19 11:44:33 | INFO | Start 2 Adam step 400 | Loss: 0.491727
2026-04-19 11:44:34 | INFO | Start 2 Adam step 500 | Loss: 0.491541
2026-04-19 11:44:35 | INFO | Start 2 Adam step 600 | Loss: 0.491517
2026-04-19 11:44:36 | INFO | Start 2 Adam step 700 | Loss: 0.491515
2026-04-19 11:44:37 | INFO | Start 2 Adam step 800 | Loss: 0.491515
2026-04-19 11:44:38 | INFO | Start 2 Adam step 900 | Loss: 0.491515
2026-04-19 11:44:39 | INFO | Start 2 L-BFGS eval 0 | Loss: 0.491515
2026-04-19 11:44:39 | INFO |   beta: +0.0198,  xi: +1.9166,  eta: +0.3294
2026-04-19 11:44:39 | INFO | Optimizer start 2/5 complete | final_loss=0.491515 | status=CONVERGENCE: RELATIVE REDUCTION OF F <= FACTR*EPSMCH
2026-04-19 11:44:39 | INFO | Optimizer start 3/5 | seed=2 | initial_loss=0.721909
2026-04-19 11:44:39 | INFO | Start 3 Adam step 0 | Loss: 0.721909
2026-04-19 11:44:41 | INFO | Start 3 Adam step 100 | Loss: 0.521430
2026-04-19 11:44:42 | INFO | Start 3 Adam step 200 | Loss: 0.501336
2026-04-19 11:44:43 | INFO | Start 3 Adam step 300 | Loss: 0.494091
2026-04-19 11:44:44 | INFO | Start 3 Adam step 400 | Loss: 0.492067
2026-04-19 11:44:45 | INFO | Start 3 Adam step 500 | Loss: 0.491611
2026-04-19 11:44:46 | INFO | Start 3 Adam step 600 | Loss: 0.491528
2026-04-19 11:44:47 | INFO | Start 3 Adam step 700 | Loss: 0.491516
2026-04-19 11:44:48 | INFO | Start 3 Adam step 800 | Loss: 0.491515
2026-04-19 11:44:49 | INFO | Start 3 Adam step 900 | Loss: 0.491515
2026-04-19 11:44:50 | INFO | Start 3 L-BFGS eval 0 | Loss: 0.491515
2026-04-19 11:44:50 | INFO |   beta: +0.0198,  xi: +1.9165,  eta: +0.3294
2026-04-19 11:44:51 | INFO | Optimizer start 3/5 complete | final_loss=0.491515 | status=CONVERGENCE: RELATIVE REDUCTION OF F <= FACTR*EPSMCH
2026-04-19 11:44:51 | INFO | Optimizer start 4/5 | seed=3 | initial_loss=0.717466
2026-04-19 11:44:51 | INFO | Start 4 Adam step 0 | Loss: 0.717466
2026-04-19 11:44:52 | INFO | Start 4 Adam step 100 | Loss: 0.531952
2026-04-19 11:44:53 | INFO | Start 4 Adam step 200 | Loss: 0.505433
2026-04-19 11:44:54 | INFO | Start 4 Adam step 300 | Loss: 0.495450
2026-04-19 11:44:55 | INFO | Start 4 Adam step 400 | Loss: 0.492450
2026-04-19 11:44:56 | INFO | Start 4 Adam step 500 | Loss: 0.491700
2026-04-19 11:44:57 | INFO | Start 4 Adam step 600 | Loss: 0.491545
2026-04-19 11:44:58 | INFO | Start 4 Adam step 700 | Loss: 0.491519
2026-04-19 11:45:00 | INFO | Start 4 Adam step 800 | Loss: 0.491515
2026-04-19 11:45:01 | INFO | Start 4 Adam step 900 | Loss: 0.491515
2026-04-19 11:45:02 | INFO | Start 4 L-BFGS eval 0 | Loss: 0.491515
2026-04-19 11:45:02 | INFO |   beta: +0.0198,  xi: +1.9163,  eta: +0.3295
2026-04-19 11:45:02 | INFO | Optimizer start 4/5 complete | final_loss=0.491515 | status=CONVERGENCE: RELATIVE REDUCTION OF F <= FACTR*EPSMCH
2026-04-19 11:45:02 | INFO | Optimizer start 5/5 | seed=4 | initial_loss=0.632799
2026-04-19 11:45:02 | INFO | Start 5 Adam step 0 | Loss: 0.632799
2026-04-19 11:45:03 | INFO | Start 5 Adam step 100 | Loss: 0.518294
2026-04-19 11:45:04 | INFO | Start 5 Adam step 200 | Loss: 0.498310
2026-04-19 11:45:05 | INFO | Start 5 Adam step 300 | Loss: 0.492853
2026-04-19 11:45:06 | INFO | Start 5 Adam step 400 | Loss: 0.491718
2026-04-19 11:45:07 | INFO | Start 5 Adam step 500 | Loss: 0.491538
2026-04-19 11:45:09 | INFO | Start 5 Adam step 600 | Loss: 0.491517
2026-04-19 11:45:10 | INFO | Start 5 Adam step 700 | Loss: 0.491515
2026-04-19 11:45:11 | INFO | Start 5 Adam step 800 | Loss: 0.491515
2026-04-19 11:45:12 | INFO | Start 5 Adam step 900 | Loss: 0.491515
2026-04-19 11:45:13 | INFO | Start 5 L-BFGS eval 0 | Loss: 0.491515
2026-04-19 11:45:13 | INFO |   beta: +0.0198,  xi: +1.9166,  eta: +0.3294
2026-04-19 11:45:13 | INFO | Optimizer start 5/5 complete | final_loss=0.491515 | status=CONVERGENCE: RELATIVE REDUCTION OF F <= FACTR*EPSMCH
2026-04-19 11:45:13 | INFO | Done fitting.
2026-04-19 11:45:13 | INFO | Optimizer status: CONVERGENCE: RELATIVE REDUCTION OF F <= FACTR*EPSMCH | best_start=5/5
2026-04-19 11:45:13 | INFO | Best optimizer start: 5 / 5
2026-04-19 11:45:13 | INFO | Final Loss: 0.491515
2026-04-19 11:45:13 | INFO | Estimated Parameters:
2026-04-19 11:45:13 | INFO |   beta: 0.0198
2026-04-19 11:45:13 | INFO |   xi: 1.9166
2026-04-19 11:45:13 | INFO |   eta: 0.3294
2026-04-19 11:45:13 | INFO | Field and interaction diagnostics:
2026-04-19 11:45:13 | INFO |   estimated_field_inf_norm: 0.000000
2026-04-19 11:45:13 | INFO |   estimated_field_rank: 0.000000
2026-04-19 11:45:13 | INFO |   bound_B: 5.000000
2026-04-19 11:45:13 | INFO | Saved summary tables to C:\Users\phevo\Documents\MIT\Code\MPLE-Causal-Inference\experiments\USCountyVaccination_US_sensitivity\outcome_death_rate_100k_ge_2__intervention_complete_cov_ge_40__lag_2w__contiguity__start_2020_03_01\fits\rank_0_b5\mple_summary.csv and C:\Users\phevo\Documents\MIT\Code\MPLE-Causal-Inference\experiments\USCountyVaccination_US_sensitivity\outcome_death_rate_100k_ge_2__intervention_complete_cov_ge_40__lag_2w__contiguity__start_2020_03_01\fits\rank_0_b5\mple_summary.md
2026-04-19 11:45:13 | INFO | Log saved to C:\Users\phevo\Documents\MIT\Code\MPLE-Causal-Inference\experiments\USCountyVaccination_US_sensitivity\outcome_death_rate_100k_ge_2__intervention_complete_cov_ge_40__lag_2w__contiguity__start_2020_03_01\fits\rank_0_b5\mple.log
