2026-05-01 23:15:02 | INFO | Loading data...
2026-05-01 23:15:02 | INFO | Using panel artifact: /orcd/home/002/phevosp/MPLE-Causal-Inference/experiments/SyntheticHybridExperimentsFinal/r5_c1_hybrid_us_county_intervention_generated_graph_confounding/panel_data.npz
2026-05-01 23:15:02 | INFO | Using x_0 artifact: /orcd/home/002/phevosp/MPLE-Causal-Inference/experiments/SyntheticHybridExperimentsFinal/r5_c1_hybrid_us_county_intervention_generated_graph_confounding/x_0.npy
2026-05-01 23:15:02 | INFO | Using fit config: /orcd/home/002/phevosp/MPLE-Causal-Inference/experiments/SyntheticHybridExperimentsFinal/r5_c1_hybrid_us_county_intervention_generated_graph_confounding/cv_runs/alternating_uv_grid/candidates/alternating_uv_grid_candidate_0002/fold_5/fit_realized_config.yaml
2026-05-01 23:15:02 | INFO | Using model artifact directory: /orcd/home/002/phevosp/MPLE-Causal-Inference/experiments/SyntheticHybridExperimentsFinal/r5_c1_hybrid_us_county_intervention_generated_graph_confounding
2026-05-01 23:15:02 | INFO | Using truth artifact directory: /orcd/home/002/phevosp/MPLE-Causal-Inference/experiments/SyntheticHybridExperimentsFinal/r5_c1_hybrid_us_county_intervention_generated_graph_confounding
2026-05-01 23:15:02 | INFO | Using loss mask artifact: /orcd/home/002/phevosp/MPLE-Causal-Inference/experiments/SyntheticHybridExperimentsFinal/r5_c1_hybrid_us_county_intervention_generated_graph_confounding/cv_runs/alternating_uv_grid/candidates/alternating_uv_grid_candidate_0002/fold_5/loss_mask.npy
2026-05-01 23:15:02 | INFO | Configured optimizer mode: alternating_latent_rank
2026-05-01 23:15:02 | INFO | Configured latent rank: 5
2026-05-01 23:15:02 | INFO | Using a fixed known graph with scalar xi.
2026-05-01 23:15:02 | INFO | Fit-time hard bounds active: False
2026-05-01 23:15:02 | INFO | Fixed scalar parameters: {}
2026-05-01 23:15:02 | INFO | Warm-start fixed scalars: {} for 0 steps
2026-05-01 23:15:02 | INFO | Beta mask before s: True with s=55
2026-05-01 23:15:02 | INFO | Beta mask after e: True with e=114
2026-05-01 23:15:02 | INFO | Alternating V-column L2-ball constraint active with radius 1.0
2026-05-01 23:15:02 | INFO | Optimizer settings: steps=2000, tol=1e-07, n_starts=1, seed=0, lambda_nuclear=0.0, lambda_frobenius=0.0, lambda_uv_ridge=0.001, v_column_l2_max=1.0, proximal_lr=1.0
2026-05-01 23:15:02 | INFO | Alternating low-rank start 1/1 | seed=0 | initial_loss=0.693913 | initial_penalized=0.693913
2026-05-01 23:15:02 | INFO | Alternating low-rank iter 0 | Loss: 0.594342 | Penalized: 0.594470
2026-05-01 23:15:17 | INFO | Alternating low-rank iter 100 | Loss: 0.312768 | Penalized: 0.333479
2026-05-01 23:15:32 | INFO | Alternating low-rank iter 200 | Loss: 0.299641 | Penalized: 0.325373
2026-05-01 23:15:48 | INFO | Alternating low-rank iter 300 | Loss: 0.293883 | Penalized: 0.321265
2026-05-01 23:16:02 | INFO | Alternating low-rank iter 400 | Loss: 0.290506 | Penalized: 0.318538
2026-05-01 23:16:16 | INFO | Alternating low-rank iter 500 | Loss: 0.288342 | Penalized: 0.316618
2026-05-01 23:16:28 | INFO | Alternating low-rank iter 600 | Loss: 0.286855 | Penalized: 0.315192
2026-05-01 23:16:40 | INFO | Alternating low-rank iter 700 | Loss: 0.285695 | Penalized: 0.314031
2026-05-01 23:16:51 | INFO | Alternating low-rank iter 800 | Loss: 0.284623 | Penalized: 0.312968
2026-05-01 23:17:03 | INFO | Alternating low-rank iter 900 | Loss: 0.283564 | Penalized: 0.311960
2026-05-01 23:17:15 | INFO | Alternating low-rank iter 1000 | Loss: 0.282601 | Penalized: 0.311068
2026-05-01 23:17:27 | INFO | Alternating low-rank iter 1100 | Loss: 0.281760 | Penalized: 0.310296
2026-05-01 23:17:39 | INFO | Alternating low-rank iter 1200 | Loss: 0.281026 | Penalized: 0.309623
2026-05-01 23:17:51 | INFO | Alternating low-rank iter 1300 | Loss: 0.280377 | Penalized: 0.309029
2026-05-01 23:18:02 | INFO | Alternating low-rank iter 1400 | Loss: 0.279795 | Penalized: 0.308495
2026-05-01 23:18:15 | INFO | Alternating low-rank iter 1500 | Loss: 0.279259 | Penalized: 0.308005
2026-05-01 23:18:29 | INFO | Alternating low-rank iter 1600 | Loss: 0.278763 | Penalized: 0.307556
2026-05-01 23:18:43 | INFO | Alternating low-rank iter 1700 | Loss: 0.278298 | Penalized: 0.307142
2026-05-01 23:18:57 | INFO | Alternating low-rank iter 1800 | Loss: 0.277855 | Penalized: 0.306751
2026-05-01 23:19:09 | INFO | Alternating low-rank iter 1900 | Loss: 0.277437 | Penalized: 0.306384
2026-05-01 23:19:20 | INFO | Done fitting.
2026-05-01 23:19:20 | INFO | Optimizer status: STOP: TOTAL NO. OF ITERATIONS REACHED LIMIT
2026-05-01 23:19:20 | INFO | Best optimizer start: 1 / 1
2026-05-01 23:19:20 | INFO | Final Loss: 0.277060
2026-05-01 23:19:20 | INFO | Estimated vs True Parameters:
2026-05-01 23:19:20 | INFO |   beta: -0.6264 (True: -0.3000) | SQE: 0.106541
2026-05-01 23:19:20 | INFO |   xi: 0.7918 (True: 0.8000) | SQE: 0.000068
2026-05-01 23:19:20 | INFO |   eta: -0.0969 (True: 0.3000) | SQE: 0.157494
2026-05-01 23:19:20 | INFO | Alternating low-rank optimizer diagnostics:
2026-05-01 23:19:20 | INFO |   penalized_objective: 0.306051
2026-05-01 23:19:20 | INFO |   mple_loss_without_penalty: 0.277060
2026-05-01 23:19:20 | INFO |   lambda_uv_ridge: 0.001000
2026-05-01 23:19:20 | INFO |   u_frobenius_norm: 866.353471
2026-05-01 23:19:20 | INFO |   v_frobenius_norm: 2.236068
2026-05-01 23:19:20 | INFO |   effective_rank: 5.000000
2026-05-01 23:19:20 | INFO | Field and interaction diagnostics:
2026-05-01 23:19:20 | INFO |   field_rmse: 1.464975
2026-05-01 23:19:20 | INFO |   interaction_fro_error: 0.051427
2026-05-01 23:19:21 | INFO |   estimated_field_max_abs_entry: 10.034985
2026-05-01 23:19:21 | INFO |   estimated_field_rank: 5.000000
2026-05-01 23:19:21 | INFO |   true_field_max_abs_entry: 1.442488
2026-05-01 23:19:21 | INFO |   true_field_rank: 5.000000
2026-05-01 23:19:21 | INFO | Saved summary table to /orcd/home/002/phevosp/MPLE-Causal-Inference/experiments/SyntheticHybridExperimentsFinal/r5_c1_hybrid_us_county_intervention_generated_graph_confounding/cv_runs/alternating_uv_grid/candidates/alternating_uv_grid_candidate_0002/fold_5/mple_summary.csv
2026-05-01 23:19:21 | INFO | Log saved to /orcd/home/002/phevosp/MPLE-Causal-Inference/experiments/SyntheticHybridExperimentsFinal/r5_c1_hybrid_us_county_intervention_generated_graph_confounding/cv_runs/alternating_uv_grid/candidates/alternating_uv_grid_candidate_0002/fold_5/mple.log
