2026-04-07 11:49:24 | INFO | Loading data...
2026-04-07 11:49:25 | INFO | Loaded 6 field templates and 1 interaction templates.
2026-04-07 11:49:25 | INFO | Intervention-process model enabled: True
2026-04-07 11:49:25 | INFO | Tau zero-mean enabled: True
2026-04-07 11:49:25 | INFO | Tau smoothness lambda: 1.000000
2026-04-07 11:49:25 | INFO | Running conditional-model MPLE on x with shape=(69, 3135)
2026-04-07 11:49:25 | INFO | Eval 0  |  Loss: 0.574124
2026-04-07 11:49:25 | INFO |   field::log_population: +0.0126,  field::median_household_income: -0.0132,  field::poverty_rate: +0.0640,  field::pct_black: +0.0105,  field::pct_hispanic: -0.0536,  field::pct_in_labor_force: +0.0362,  tau block: mean=+0.0000, std=0.0982, min=-0.2442, max=+0.1843,  beta: -0.1320,  interaction::contiguity: -0.0662,  eta: +0.0935,  zeta: +0.0049,  psi: +0.2002
2026-04-07 11:49:29 | INFO | Done fitting.
2026-04-07 11:49:29 | INFO | Optimizer status: CONVERGENCE: RELATIVE REDUCTION OF F <= FACTR*EPSMCH
2026-04-07 11:49:29 | INFO | Final Loss: 0.157226
2026-04-07 11:49:29 | INFO | Estimated Parameters:
2026-04-07 11:49:29 | INFO |   field::log_population: 0.1765
2026-04-07 11:49:29 | INFO |   field::median_household_income: -0.2662
2026-04-07 11:49:29 | INFO |   field::poverty_rate: -0.0259
2026-04-07 11:49:29 | INFO |   field::pct_black: -0.1907
2026-04-07 11:49:29 | INFO |   field::pct_hispanic: -0.1257
2026-04-07 11:49:29 | INFO |   field::pct_in_labor_force: 0.0677
2026-04-07 11:49:29 | INFO |   tau::t_0: -0.1717
2026-04-07 11:49:29 | INFO |   tau::t_1: -0.2172
2026-04-07 11:49:29 | INFO |   tau::t_2: -0.2429
2026-04-07 11:49:29 | INFO |   tau::t_3: -0.2453
2026-04-07 11:49:29 | INFO |   tau::t_4: -0.3539
2026-04-07 11:49:29 | INFO |   tau::t_5: 0.0375
2026-04-07 11:49:29 | INFO |   tau::t_6: -0.1836
2026-04-07 11:49:29 | INFO |   tau::t_7: 0.0113
2026-04-07 11:49:29 | INFO |   tau::t_8: -0.0583
2026-04-07 11:49:29 | INFO |   tau::t_9: 0.0121
2026-04-07 11:49:29 | INFO |   tau::t_10: -0.0703
2026-04-07 11:49:29 | INFO |   tau::t_11: 0.0284
2026-04-07 11:49:29 | INFO |   tau::t_12: -0.0332
2026-04-07 11:49:29 | INFO |   tau::t_13: -0.1840
2026-04-07 11:49:29 | INFO |   tau::t_14: -0.1830
2026-04-07 11:49:29 | INFO |   tau::t_15: -0.2826
2026-04-07 11:49:29 | INFO |   tau::t_16: -0.3059
2026-04-07 11:49:29 | INFO |   tau::t_17: -0.4615
2026-04-07 11:49:29 | INFO |   tau::t_18: -0.4206
2026-04-07 11:49:29 | INFO |   tau::t_19: -0.6160
2026-04-07 11:49:29 | INFO |   tau::t_20: -0.4009
2026-04-07 11:49:29 | INFO |   tau::t_21: -0.5457
2026-04-07 11:49:29 | INFO |   tau::t_22: -0.4886
2026-04-07 11:49:29 | INFO |   tau::t_23: -0.4652
2026-04-07 11:49:29 | INFO |   tau::t_24: -0.2243
2026-04-07 11:49:29 | INFO |   tau::t_25: -0.1270
2026-04-07 11:49:29 | INFO |   tau::t_26: 0.1208
2026-04-07 11:49:29 | INFO |   tau::t_27: 0.2792
2026-04-07 11:49:29 | INFO |   tau::t_28: 0.2712
2026-04-07 11:49:29 | INFO |   tau::t_29: 0.3004
2026-04-07 11:49:29 | INFO |   tau::t_30: 0.2665
2026-04-07 11:49:29 | INFO |   tau::t_31: 0.2508
2026-04-07 11:49:29 | INFO |   tau::t_32: 0.2258
2026-04-07 11:49:29 | INFO |   tau::t_33: 0.0611
2026-04-07 11:49:29 | INFO |   tau::t_34: 0.2028
2026-04-07 11:49:29 | INFO |   tau::t_35: -0.0514
2026-04-07 11:49:29 | INFO |   tau::t_36: -0.0737
2026-04-07 11:49:29 | INFO |   tau::t_37: -0.1000
2026-04-07 11:49:29 | INFO |   tau::t_38: -0.1335
2026-04-07 11:49:29 | INFO |   tau::t_39: -0.1663
2026-04-07 11:49:29 | INFO |   tau::t_40: 0.0280
2026-04-07 11:49:29 | INFO |   tau::t_41: 0.0098
2026-04-07 11:49:29 | INFO |   tau::t_42: 0.0932
2026-04-07 11:49:29 | INFO |   tau::t_43: 0.1420
2026-04-07 11:49:29 | INFO |   tau::t_44: -0.2752
2026-04-07 11:49:29 | INFO |   tau::t_45: 0.4010
2026-04-07 11:49:29 | INFO |   tau::t_46: 0.0532
2026-04-07 11:49:29 | INFO |   tau::t_47: 0.0147
2026-04-07 11:49:29 | INFO |   tau::t_48: 0.0129
2026-04-07 11:49:29 | INFO |   tau::t_49: 0.5743
2026-04-07 11:49:29 | INFO |   tau::t_50: 0.9670
2026-04-07 11:49:29 | INFO |   tau::t_51: 1.1336
2026-04-07 11:49:29 | INFO |   tau::t_52: 1.6941
2026-04-07 11:49:29 | INFO |   tau::t_53: 1.7805
2026-04-07 11:49:29 | INFO |   tau::t_54: 0.4795
2026-04-07 11:49:29 | INFO |   tau::t_55: -0.1672
2026-04-07 11:49:29 | INFO |   tau::t_56: -0.3219
2026-04-07 11:49:29 | INFO |   tau::t_57: -0.3778
2026-04-07 11:49:29 | INFO |   tau::t_58: -0.1934
2026-04-07 11:49:29 | INFO |   tau::t_59: -0.1627
2026-04-07 11:49:29 | INFO |   tau::t_60: -0.1669
2026-04-07 11:49:29 | INFO |   tau::t_61: -0.2694
2026-04-07 11:49:29 | INFO |   tau::t_62: -0.3120
2026-04-07 11:49:29 | INFO |   tau::t_63: -0.2603
2026-04-07 11:49:29 | INFO |   tau::t_64: -0.1188
2026-04-07 11:49:29 | INFO |   tau::t_65: -0.0496
2026-04-07 11:49:29 | INFO |   tau::t_66: -0.0758
2026-04-07 11:49:29 | INFO |   tau::t_67: 0.0684
2026-04-07 11:49:29 | INFO |   tau::t_68: 0.0374
2026-04-07 11:49:29 | INFO |   beta: -0.0493
2026-04-07 11:49:29 | INFO |   interaction::contiguity: 2.6263
2026-04-07 11:49:29 | INFO |   eta: 0.5542
2026-04-07 11:49:29 | INFO |   zeta: -0.2757
2026-04-07 11:49:29 | INFO |   psi: 2.0623
2026-04-07 11:49:29 | INFO | Saved summary tables to C:\Users\phevo\Documents\MIT\Code\MPLE-Causal-Inference\experiments\USCountyVaccination_US_tau_zero_mean_smooth\outcome_case_rate_100k_ge_200__intervention_partial_cov_ge_10__lag_1w__contiguity\mple_summary.csv and C:\Users\phevo\Documents\MIT\Code\MPLE-Causal-Inference\experiments\USCountyVaccination_US_tau_zero_mean_smooth\outcome_case_rate_100k_ge_200__intervention_partial_cov_ge_10__lag_1w__contiguity\mple_summary.md
2026-04-07 11:49:29 | INFO | Log saved to C:\Users\phevo\Documents\MIT\Code\MPLE-Causal-Inference\experiments\USCountyVaccination_US_tau_zero_mean_smooth\outcome_case_rate_100k_ge_200__intervention_partial_cov_ge_10__lag_1w__contiguity\mple.log
