2026-04-30 00:24:16 | INFO | Loading data...
2026-04-30 00:24:16 | INFO | Using panel artifact: /orcd/home/002/phevosp/MPLE-Causal-Inference/experiments/SyntheticHybridExperiments/hybrid_us_county_intervention_uscounty_graph_low_rank/panel_data.npz
2026-04-30 00:24:16 | INFO | Using x_0 artifact: /orcd/home/002/phevosp/MPLE-Causal-Inference/experiments/SyntheticHybridExperiments/hybrid_us_county_intervention_uscounty_graph_low_rank/x_0.npy
2026-04-30 00:24:16 | INFO | Using fit config: /orcd/home/002/phevosp/MPLE-Causal-Inference/experiments/SyntheticHybridExperiments/hybrid_us_county_intervention_uscounty_graph_low_rank/fits/alternating_rank_3_uv_1_e1_beta_mask/fit_realized_config.yaml
2026-04-30 00:24:16 | INFO | Using model artifact directory: /orcd/home/002/phevosp/MPLE-Causal-Inference/experiments/SyntheticHybridExperiments/hybrid_us_county_intervention_uscounty_graph_low_rank
2026-04-30 00:24:16 | INFO | Using truth artifact directory: /orcd/home/002/phevosp/MPLE-Causal-Inference/experiments/SyntheticHybridExperiments/hybrid_us_county_intervention_uscounty_graph_low_rank
2026-04-30 00:24:16 | INFO | Configured optimizer mode: alternating_latent_rank
2026-04-30 00:24:16 | INFO | Configured latent rank: 3
2026-04-30 00:24:16 | INFO | Using a fixed known graph with scalar xi.
2026-04-30 00:24:16 | INFO | Fit-time hard bounds active: False
2026-04-30 00:24:16 | INFO | Fixed scalar parameters: {}
2026-04-30 00:24:16 | INFO | Warm-start fixed scalars: {} for 0 steps
2026-04-30 00:24:16 | INFO | Beta mask before s: True with s=55
2026-04-30 00:24:16 | INFO | Beta mask after e: True with e=120
2026-04-30 00:24:16 | INFO | Alternating V-column L2-ball constraint active with radius 1.0
2026-04-30 00:24:16 | INFO | Optimizer settings: steps=20000, tol=1e-09, n_starts=1, seed=0, lambda_nuclear=0.0, lambda_frobenius=0.0, lambda_uv_ridge=0.1, v_column_l2_max=1.0, proximal_lr=1.0
2026-04-30 00:24:16 | INFO | Alternating low-rank start 1/1 | seed=0 | initial_loss=0.682990 | initial_penalized=0.682992
2026-04-30 00:24:16 | INFO | Alternating low-rank iter 0 | Loss: 0.525365 | Penalized: 0.532430
2026-04-30 00:24:29 | INFO | Alternating low-rank iter 100 | Loss: 0.501252 | Penalized: 0.512158
2026-04-30 00:24:41 | INFO | Alternating low-rank iter 200 | Loss: 0.501349 | Penalized: 0.511959
2026-04-30 00:24:52 | INFO | Alternating low-rank iter 300 | Loss: 0.501389 | Penalized: 0.511954
2026-04-30 00:24:58 | INFO | Done fitting.
2026-04-30 00:24:58 | INFO | Optimizer status: CONVERGED: alternating objective tolerance reached
2026-04-30 00:24:58 | INFO | Best optimizer start: 1 / 1
2026-04-30 00:24:58 | INFO | Final Loss: 0.501394
2026-04-30 00:24:58 | INFO | Estimated vs True Parameters:
2026-04-30 00:24:58 | INFO |   beta: -0.2681 (True: -0.3000) | SQE: 0.001020
2026-04-30 00:24:58 | INFO |   xi: 1.0036 (True: 0.8000) | SQE: 0.041440
2026-04-30 00:24:58 | INFO |   eta: 0.2955 (True: 0.3000) | SQE: 0.000021
2026-04-30 00:24:58 | INFO | Alternating low-rank optimizer diagnostics:
2026-04-30 00:24:58 | INFO |   penalized_objective: 0.511954
2026-04-30 00:24:58 | INFO |   mple_loss_without_penalty: 0.501394
2026-04-30 00:24:58 | INFO |   lambda_uv_ridge: 0.100000
2026-04-30 00:24:58 | INFO |   u_frobenius_norm: 195.425176
2026-04-30 00:24:58 | INFO |   v_frobenius_norm: 1.732051
2026-04-30 00:24:58 | INFO |   effective_rank: 3.000000
2026-04-30 00:24:58 | INFO | Field and interaction diagnostics:
2026-04-30 00:24:58 | INFO |   field_rmse: 0.236760
2026-04-30 00:24:58 | INFO |   interaction_fro_error: 1.925084
2026-04-30 00:24:58 | INFO |   estimated_field_max_abs_entry: 2.646424
2026-04-30 00:24:58 | INFO |   estimated_field_rank: 3.000000
2026-04-30 00:24:58 | INFO |   true_field_max_abs_entry: 3.674771
2026-04-30 00:24:58 | INFO |   true_field_rank: 3.000000
2026-04-30 00:24:58 | INFO | Saved summary table to /orcd/home/002/phevosp/MPLE-Causal-Inference/experiments/SyntheticHybridExperiments/hybrid_us_county_intervention_uscounty_graph_low_rank/fits/alternating_rank_3_uv_1_e1_beta_mask/mple_summary.csv
2026-04-30 00:24:58 | INFO | Log saved to /orcd/home/002/phevosp/MPLE-Causal-Inference/experiments/SyntheticHybridExperiments/hybrid_us_county_intervention_uscounty_graph_low_rank/fits/alternating_rank_3_uv_1_e1_beta_mask/mple.log
