2026-04-07 11:38:28 | INFO | Loading data...
2026-04-07 11:38:28 | INFO | Loaded 6 field templates and 1 interaction templates.
2026-04-07 11:38:28 | INFO | Intervention-process model enabled: True
2026-04-07 11:38:28 | INFO | Tau zero-mean enabled: False
2026-04-07 11:38:28 | INFO | Tau smoothness lambda: 0.000000
2026-04-07 11:38:28 | INFO | Running conditional-model MPLE on x with shape=(67, 3203)
2026-04-07 11:38:28 | INFO | Eval 0  |  Loss: 0.683898
2026-04-07 11:38:28 | INFO |   field::log_population: +0.0126,  field::median_household_income: -0.0132,  field::poverty_rate: +0.0640,  field::pct_black: +0.0105,  field::pct_hispanic: -0.0536,  field::pct_in_labor_force: +0.0362,  tau block: mean=+0.0102, std=0.0970, min=-0.2325, max=+0.1960,  beta: -0.0618,  interaction::contiguity: +0.1822,  eta: -0.1320,  zeta: -0.0662,  psi: +0.0935
2026-04-07 11:38:32 | INFO | Done fitting.
2026-04-07 11:38:32 | INFO | Optimizer status: CONVERGENCE: RELATIVE REDUCTION OF F <= FACTR*EPSMCH
2026-04-07 11:38:32 | INFO | Final Loss: 0.156042
2026-04-07 11:38:32 | INFO | Estimated Parameters:
2026-04-07 11:38:32 | INFO |   field::log_population: 0.1519
2026-04-07 11:38:32 | INFO |   field::median_household_income: -0.2710
2026-04-07 11:38:32 | INFO |   field::poverty_rate: -0.0429
2026-04-07 11:38:32 | INFO |   field::pct_black: -0.2278
2026-04-07 11:38:32 | INFO |   field::pct_hispanic: -0.1008
2026-04-07 11:38:32 | INFO |   field::pct_in_labor_force: 0.0737
2026-04-07 11:38:32 | INFO |   tau::t_0: -0.2158
2026-04-07 11:38:32 | INFO |   tau::t_1: -0.2336
2026-04-07 11:38:32 | INFO |   tau::t_2: -0.3654
2026-04-07 11:38:32 | INFO |   tau::t_3: 0.0036
2026-04-07 11:38:32 | INFO |   tau::t_4: -0.2217
2026-04-07 11:38:32 | INFO |   tau::t_5: -0.0457
2026-04-07 11:38:32 | INFO |   tau::t_6: -0.1164
2026-04-07 11:38:32 | INFO |   tau::t_7: -0.0462
2026-04-07 11:38:32 | INFO |   tau::t_8: -0.1370
2026-04-07 11:38:32 | INFO |   tau::t_9: -0.0457
2026-04-07 11:38:32 | INFO |   tau::t_10: -0.1063
2026-04-07 11:38:32 | INFO |   tau::t_11: -0.2608
2026-04-07 11:38:32 | INFO |   tau::t_12: -0.2602
2026-04-07 11:38:32 | INFO |   tau::t_13: -0.3537
2026-04-07 11:38:32 | INFO |   tau::t_14: -0.3885
2026-04-07 11:38:32 | INFO |   tau::t_15: -0.5558
2026-04-07 11:38:32 | INFO |   tau::t_16: -0.4111
2026-04-07 11:38:32 | INFO |   tau::t_17: -0.7813
2026-04-07 11:38:32 | INFO |   tau::t_18: -0.4957
2026-04-07 11:38:32 | INFO |   tau::t_19: -0.6753
2026-04-07 11:38:32 | INFO |   tau::t_20: -0.5724
2026-04-07 11:38:32 | INFO |   tau::t_21: -0.5716
2026-04-07 11:38:32 | INFO |   tau::t_22: -0.3015
2026-04-07 11:38:32 | INFO |   tau::t_23: -0.1872
2026-04-07 11:38:32 | INFO |   tau::t_24: 0.0655
2026-04-07 11:38:32 | INFO |   tau::t_25: 0.2340
2026-04-07 11:38:32 | INFO |   tau::t_26: 0.2262
2026-04-07 11:38:32 | INFO |   tau::t_27: 0.2511
2026-04-07 11:38:32 | INFO |   tau::t_28: 0.2206
2026-04-07 11:38:32 | INFO |   tau::t_29: 0.2068
2026-04-07 11:38:32 | INFO |   tau::t_30: 0.1804
2026-04-07 11:38:32 | INFO |   tau::t_31: 0.0247
2026-04-07 11:38:32 | INFO |   tau::t_32: 0.1625
2026-04-07 11:38:32 | INFO |   tau::t_33: -0.0696
2026-04-07 11:38:32 | INFO |   tau::t_34: -0.1224
2026-04-07 11:38:32 | INFO |   tau::t_35: -0.1331
2026-04-07 11:38:32 | INFO |   tau::t_36: -0.1785
2026-04-07 11:38:32 | INFO |   tau::t_37: -0.2036
2026-04-07 11:38:32 | INFO |   tau::t_38: -0.0285
2026-04-07 11:38:32 | INFO |   tau::t_39: -0.0554
2026-04-07 11:38:32 | INFO |   tau::t_40: 0.0367
2026-04-07 11:38:32 | INFO |   tau::t_41: 0.0720
2026-04-07 11:38:32 | INFO |   tau::t_42: -0.3291
2026-04-07 11:38:32 | INFO |   tau::t_43: 0.3427
2026-04-07 11:38:32 | INFO |   tau::t_44: -0.0165
2026-04-07 11:38:32 | INFO |   tau::t_45: -0.0543
2026-04-07 11:38:32 | INFO |   tau::t_46: -0.0358
2026-04-07 11:38:32 | INFO |   tau::t_47: 0.5024
2026-04-07 11:38:32 | INFO |   tau::t_48: 0.8140
2026-04-07 11:38:32 | INFO |   tau::t_49: 0.8782
2026-04-07 11:38:32 | INFO |   tau::t_50: 1.1939
2026-04-07 11:38:32 | INFO |   tau::t_51: 1.1870
2026-04-07 11:38:32 | INFO |   tau::t_52: 0.3422
2026-04-07 11:38:32 | INFO |   tau::t_53: -0.2171
2026-04-07 11:38:32 | INFO |   tau::t_54: -0.3552
2026-04-07 11:38:32 | INFO |   tau::t_55: -0.4107
2026-04-07 11:38:32 | INFO |   tau::t_56: -0.2167
2026-04-07 11:38:32 | INFO |   tau::t_57: -0.2279
2026-04-07 11:38:32 | INFO |   tau::t_58: -0.2307
2026-04-07 11:38:32 | INFO |   tau::t_59: -0.3517
2026-04-07 11:38:32 | INFO |   tau::t_60: -0.4008
2026-04-07 11:38:32 | INFO |   tau::t_61: -0.3452
2026-04-07 11:38:32 | INFO |   tau::t_62: -0.1946
2026-04-07 11:38:32 | INFO |   tau::t_63: -0.0754
2026-04-07 11:38:32 | INFO |   tau::t_64: -0.1503
2026-04-07 11:38:32 | INFO |   tau::t_65: 0.0055
2026-04-07 11:38:32 | INFO |   tau::t_66: -0.0101
2026-04-07 11:38:32 | INFO |   beta: -0.0129
2026-04-07 11:38:32 | INFO |   interaction::contiguity: 2.6108
2026-04-07 11:38:32 | INFO |   eta: 0.5449
2026-04-07 11:38:32 | INFO |   zeta: -0.1936
2026-04-07 11:38:32 | INFO |   psi: 2.1329
2026-04-07 11:38:32 | INFO | Saved summary tables to C:\Users\phevo\Documents\MIT\Code\MPLE-Causal-Inference\experiments\USCountyVaccination_US_tau_unrestricted\outcome_case_rate_100k_ge_200__intervention_complete_cov_ge_30__lag_3w__contiguity\mple_summary.csv and C:\Users\phevo\Documents\MIT\Code\MPLE-Causal-Inference\experiments\USCountyVaccination_US_tau_unrestricted\outcome_case_rate_100k_ge_200__intervention_complete_cov_ge_30__lag_3w__contiguity\mple_summary.md
2026-04-07 11:38:32 | INFO | Log saved to C:\Users\phevo\Documents\MIT\Code\MPLE-Causal-Inference\experiments\USCountyVaccination_US_tau_unrestricted\outcome_case_rate_100k_ge_200__intervention_complete_cov_ge_30__lag_3w__contiguity\mple.log
