2026-04-08 12:26:09 | INFO | Loading data...
2026-04-08 12:26:10 | INFO | Loaded 6 field templates and 1 interaction templates.
2026-04-08 12:26:10 | INFO | Intervention-process model enabled: True
2026-04-08 12:26:10 | INFO | Tau zero-mean enabled: False
2026-04-08 12:26:10 | INFO | Tau smoothness lambda: 0.000000
2026-04-08 12:26:10 | INFO | Running conditional-model MPLE on x with shape=(66, 3137)
2026-04-08 12:26:10 | INFO | Eval 0  |  Loss: 0.687169
2026-04-08 12:26:10 | INFO |   field::population_density: +0.0126,  field::senior_population: -0.0132,  field::college_education: +0.0640,  field::poverty_rate: +0.0105,  field::log_population: -0.0536,  field::median_household_income: +0.0362,  tau block: mean=+0.0089, std=0.0971, min=-0.2325, max=+0.1960,  beta: +0.1004,  interaction::contiguity: -0.0618,  eta: +0.1822,  zeta: -0.1320,  psi: -0.0662
2026-04-08 12:26:14 | INFO | Done fitting.
2026-04-08 12:26:14 | INFO | Optimizer status: CONVERGENCE: RELATIVE REDUCTION OF F <= FACTR*EPSMCH
2026-04-08 12:26:14 | INFO | Final Loss: 0.178432
2026-04-08 12:26:14 | INFO | Estimated Parameters:
2026-04-08 12:26:14 | INFO |   field::population_density: -0.3359
2026-04-08 12:26:14 | INFO |   field::senior_population: -0.2811
2026-04-08 12:26:14 | INFO |   field::college_education: -0.0123
2026-04-08 12:26:14 | INFO |   field::poverty_rate: -0.2810
2026-04-08 12:26:14 | INFO |   field::log_population: 0.2694
2026-04-08 12:26:14 | INFO |   field::median_household_income: -0.2264
2026-04-08 12:26:14 | INFO |   tau::t_0: -0.1281
2026-04-08 12:26:14 | INFO |   tau::t_1: -0.2635
2026-04-08 12:26:14 | INFO |   tau::t_2: 0.0233
2026-04-08 12:26:14 | INFO |   tau::t_3: -0.1840
2026-04-08 12:26:14 | INFO |   tau::t_4: -0.0455
2026-04-08 12:26:14 | INFO |   tau::t_5: -0.0378
2026-04-08 12:26:14 | INFO |   tau::t_6: 0.0489
2026-04-08 12:26:14 | INFO |   tau::t_7: -0.0338
2026-04-08 12:26:14 | INFO |   tau::t_8: 0.1064
2026-04-08 12:26:14 | INFO |   tau::t_9: 0.0228
2026-04-08 12:26:14 | INFO |   tau::t_10: -0.0748
2026-04-08 12:26:14 | INFO |   tau::t_11: -0.0339
2026-04-08 12:26:14 | INFO |   tau::t_12: -0.1254
2026-04-08 12:26:14 | INFO |   tau::t_13: -0.1895
2026-04-08 12:26:14 | INFO |   tau::t_14: -0.2143
2026-04-08 12:26:14 | INFO |   tau::t_15: -0.1983
2026-04-08 12:26:14 | INFO |   tau::t_16: -0.3616
2026-04-08 12:26:14 | INFO |   tau::t_17: -0.1719
2026-04-08 12:26:14 | INFO |   tau::t_18: -0.3541
2026-04-08 12:26:14 | INFO |   tau::t_19: -0.3074
2026-04-08 12:26:14 | INFO |   tau::t_20: -0.2431
2026-04-08 12:26:14 | INFO |   tau::t_21: -0.0458
2026-04-08 12:26:14 | INFO |   tau::t_22: 0.0532
2026-04-08 12:26:14 | INFO |   tau::t_23: 0.2199
2026-04-08 12:26:14 | INFO |   tau::t_24: 0.2788
2026-04-08 12:26:14 | INFO |   tau::t_25: 0.3232
2026-04-08 12:26:14 | INFO |   tau::t_26: 0.3793
2026-04-08 12:26:14 | INFO |   tau::t_27: 0.2975
2026-04-08 12:26:14 | INFO |   tau::t_28: 0.3976
2026-04-08 12:26:14 | INFO |   tau::t_29: 0.3902
2026-04-08 12:26:14 | INFO |   tau::t_30: 0.2666
2026-04-08 12:26:14 | INFO |   tau::t_31: 0.4311
2026-04-08 12:26:14 | INFO |   tau::t_32: 0.3596
2026-04-08 12:26:14 | INFO |   tau::t_33: 0.2116
2026-04-08 12:26:14 | INFO |   tau::t_34: 0.0716
2026-04-08 12:26:14 | INFO |   tau::t_35: -0.0544
2026-04-08 12:26:14 | INFO |   tau::t_36: -0.0094
2026-04-08 12:26:14 | INFO |   tau::t_37: -0.0559
2026-04-08 12:26:14 | INFO |   tau::t_38: -0.0024
2026-04-08 12:26:14 | INFO |   tau::t_39: 0.0795
2026-04-08 12:26:14 | INFO |   tau::t_40: 0.1255
2026-04-08 12:26:14 | INFO |   tau::t_41: -0.2036
2026-04-08 12:26:14 | INFO |   tau::t_42: 0.4443
2026-04-08 12:26:14 | INFO |   tau::t_43: 0.1283
2026-04-08 12:26:14 | INFO |   tau::t_44: 0.1060
2026-04-08 12:26:14 | INFO |   tau::t_45: 0.1395
2026-04-08 12:26:14 | INFO |   tau::t_46: 0.6202
2026-04-08 12:26:14 | INFO |   tau::t_47: 1.2171
2026-04-08 12:26:14 | INFO |   tau::t_48: 1.2751
2026-04-08 12:26:14 | INFO |   tau::t_49: 2.0418
2026-04-08 12:26:14 | INFO |   tau::t_50: 2.0174
2026-04-08 12:26:14 | INFO |   tau::t_51: 1.1716
2026-04-08 12:26:14 | INFO |   tau::t_52: 0.3991
2026-04-08 12:26:14 | INFO |   tau::t_53: -0.0354
2026-04-08 12:26:14 | INFO |   tau::t_54: -0.3252
2026-04-08 12:26:14 | INFO |   tau::t_55: -0.2744
2026-04-08 12:26:14 | INFO |   tau::t_56: -0.2358
2026-04-08 12:26:14 | INFO |   tau::t_57: -0.1684
2026-04-08 12:26:14 | INFO |   tau::t_58: -0.1342
2026-04-08 12:26:14 | INFO |   tau::t_59: -0.1888
2026-04-08 12:26:14 | INFO |   tau::t_60: -0.0741
2026-04-08 12:26:14 | INFO |   tau::t_61: -0.1083
2026-04-08 12:26:14 | INFO |   tau::t_62: 0.0892
2026-04-08 12:26:14 | INFO |   tau::t_63: 0.0299
2026-04-08 12:26:14 | INFO |   tau::t_64: 0.1225
2026-04-08 12:26:14 | INFO |   tau::t_65: 0.1275
2026-04-08 12:26:14 | INFO |   beta: -0.0054
2026-04-08 12:26:14 | INFO |   interaction::contiguity: 2.4715
2026-04-08 12:26:14 | INFO |   eta: 0.5114
2026-04-08 12:26:14 | INFO |   zeta: 0.1478
2026-04-08 12:26:14 | INFO |   psi: 2.0683
2026-04-08 12:26:14 | INFO | Saved summary tables to C:\Users\phevo\Documents\MIT\Code\MPLE-Causal-Inference\experiments\USCountyVaccination_US_features_new\outcome_case_rate_100k_ge_100__intervention_partial_cov_ge_40__lag_4w__contiguity\mple_summary.csv and C:\Users\phevo\Documents\MIT\Code\MPLE-Causal-Inference\experiments\USCountyVaccination_US_features_new\outcome_case_rate_100k_ge_100__intervention_partial_cov_ge_40__lag_4w__contiguity\mple_summary.md
2026-04-08 12:26:14 | INFO | Log saved to C:\Users\phevo\Documents\MIT\Code\MPLE-Causal-Inference\experiments\USCountyVaccination_US_features_new\outcome_case_rate_100k_ge_100__intervention_partial_cov_ge_40__lag_4w__contiguity\mple.log
