2026-04-07 11:51:13 | INFO | Loading data...
2026-04-07 11:51:13 | INFO | Loaded 6 field templates and 1 interaction templates.
2026-04-07 11:51:13 | INFO | Intervention-process model enabled: True
2026-04-07 11:51:13 | INFO | Tau zero-mean enabled: False
2026-04-07 11:51:13 | INFO | Tau smoothness lambda: 0.000000
2026-04-07 11:51:13 | INFO | Running conditional-model MPLE on x with shape=(70, 3135)
2026-04-07 11:51:13 | INFO | Eval 0  |  Loss: 0.702085
2026-04-07 11:51:13 | INFO |   field::log_population: +0.0126,  field::median_household_income: -0.0132,  field::poverty_rate: +0.0640,  field::pct_black: +0.0105,  field::pct_hispanic: -0.0536,  field::pct_in_labor_force: +0.0362,  tau block: mean=+0.0096, std=0.0990, min=-0.2325, max=+0.1960,  beta: -0.0662,  interaction::contiguity: +0.0935,  eta: +0.0049,  zeta: +0.2002,  psi: +0.0189
2026-04-07 11:51:15 | INFO | Done fitting.
2026-04-07 11:51:15 | INFO | Optimizer status: CONVERGENCE: RELATIVE REDUCTION OF F <= FACTR*EPSMCH
2026-04-07 11:51:15 | INFO | Final Loss: 0.288008
2026-04-07 11:51:15 | INFO | Estimated Parameters:
2026-04-07 11:51:15 | INFO |   field::log_population: 1.0088
2026-04-07 11:51:15 | INFO |   field::median_household_income: -1.2277
2026-04-07 11:51:15 | INFO |   field::poverty_rate: -0.6696
2026-04-07 11:51:15 | INFO |   field::pct_black: -0.0822
2026-04-07 11:51:15 | INFO |   field::pct_hispanic: -0.4184
2026-04-07 11:51:15 | INFO |   field::pct_in_labor_force: -0.0573
2026-04-07 11:51:15 | INFO |   tau::t_0: 0.0583
2026-04-07 11:51:15 | INFO |   tau::t_1: 0.0455
2026-04-07 11:51:15 | INFO |   tau::t_2: 0.0466
2026-04-07 11:51:15 | INFO |   tau::t_3: 0.0637
2026-04-07 11:51:15 | INFO |   tau::t_4: 0.0239
2026-04-07 11:51:15 | INFO |   tau::t_5: -0.0714
2026-04-07 11:51:15 | INFO |   tau::t_6: 0.0165
2026-04-07 11:51:15 | INFO |   tau::t_7: -0.0273
2026-04-07 11:51:15 | INFO |   tau::t_8: -0.0954
2026-04-07 11:51:15 | INFO |   tau::t_9: -0.1690
2026-04-07 11:51:15 | INFO |   tau::t_10: -0.1844
2026-04-07 11:51:15 | INFO |   tau::t_11: -0.2193
2026-04-07 11:51:15 | INFO |   tau::t_12: -0.1996
2026-04-07 11:51:15 | INFO |   tau::t_13: -0.1865
2026-04-07 11:51:15 | INFO |   tau::t_14: -0.2546
2026-04-07 11:51:15 | INFO |   tau::t_15: -0.2641
2026-04-07 11:51:15 | INFO |   tau::t_16: -0.2556
2026-04-07 11:51:15 | INFO |   tau::t_17: -0.2868
2026-04-07 11:51:15 | INFO |   tau::t_18: -0.2997
2026-04-07 11:51:15 | INFO |   tau::t_19: -0.2137
2026-04-07 11:51:15 | INFO |   tau::t_20: -0.3899
2026-04-07 11:51:15 | INFO |   tau::t_21: -0.3439
2026-04-07 11:51:15 | INFO |   tau::t_22: -0.4832
2026-04-07 11:51:15 | INFO |   tau::t_23: -0.4930
2026-04-07 11:51:15 | INFO |   tau::t_24: -0.5210
2026-04-07 11:51:15 | INFO |   tau::t_25: -0.6102
2026-04-07 11:51:15 | INFO |   tau::t_26: -0.4845
2026-04-07 11:51:15 | INFO |   tau::t_27: -0.4709
2026-04-07 11:51:15 | INFO |   tau::t_28: -0.4147
2026-04-07 11:51:15 | INFO |   tau::t_29: -0.2756
2026-04-07 11:51:15 | INFO |   tau::t_30: -0.1808
2026-04-07 11:51:15 | INFO |   tau::t_31: -0.1033
2026-04-07 11:51:15 | INFO |   tau::t_32: -0.0447
2026-04-07 11:51:15 | INFO |   tau::t_33: -0.0241
2026-04-07 11:51:15 | INFO |   tau::t_34: 0.0074
2026-04-07 11:51:15 | INFO |   tau::t_35: 0.1197
2026-04-07 11:51:15 | INFO |   tau::t_36: 0.1144
2026-04-07 11:51:15 | INFO |   tau::t_37: 0.1213
2026-04-07 11:51:15 | INFO |   tau::t_38: 0.0774
2026-04-07 11:51:15 | INFO |   tau::t_39: 0.0704
2026-04-07 11:51:15 | INFO |   tau::t_40: 0.0935
2026-04-07 11:51:15 | INFO |   tau::t_41: 0.0731
2026-04-07 11:51:15 | INFO |   tau::t_42: 0.0044
2026-04-07 11:51:15 | INFO |   tau::t_43: 0.0009
2026-04-07 11:51:15 | INFO |   tau::t_44: 0.0204
2026-04-07 11:51:15 | INFO |   tau::t_45: -0.1574
2026-04-07 11:51:15 | INFO |   tau::t_46: 0.1049
2026-04-07 11:51:15 | INFO |   tau::t_47: 0.0278
2026-04-07 11:51:15 | INFO |   tau::t_48: 0.0169
2026-04-07 11:51:15 | INFO |   tau::t_49: -0.0303
2026-04-07 11:51:15 | INFO |   tau::t_50: -0.0021
2026-04-07 11:51:15 | INFO |   tau::t_51: 0.0843
2026-04-07 11:51:15 | INFO |   tau::t_52: 0.0770
2026-04-07 11:51:15 | INFO |   tau::t_53: 0.1017
2026-04-07 11:51:15 | INFO |   tau::t_54: 0.1711
2026-04-07 11:51:15 | INFO |   tau::t_55: 0.2155
2026-04-07 11:51:15 | INFO |   tau::t_56: 0.2070
2026-04-07 11:51:15 | INFO |   tau::t_57: 0.1785
2026-04-07 11:51:15 | INFO |   tau::t_58: 0.1086
2026-04-07 11:51:15 | INFO |   tau::t_59: 0.0617
2026-04-07 11:51:15 | INFO |   tau::t_60: -0.0267
2026-04-07 11:51:15 | INFO |   tau::t_61: -0.0353
2026-04-07 11:51:15 | INFO |   tau::t_62: -0.1266
2026-04-07 11:51:15 | INFO |   tau::t_63: -0.1930
2026-04-07 11:51:15 | INFO |   tau::t_64: -0.2916
2026-04-07 11:51:15 | INFO |   tau::t_65: -0.2753
2026-04-07 11:51:15 | INFO |   tau::t_66: -0.3884
2026-04-07 11:51:15 | INFO |   tau::t_67: -0.3892
2026-04-07 11:51:15 | INFO |   tau::t_68: -0.2413
2026-04-07 11:51:15 | INFO |   tau::t_69: -0.4926
2026-04-07 11:51:15 | INFO |   beta: -0.0758
2026-04-07 11:51:15 | INFO |   interaction::contiguity: 1.3568
2026-04-07 11:51:15 | INFO |   eta: 0.2272
2026-04-07 11:51:15 | INFO |   zeta: -0.0725
2026-04-07 11:51:15 | INFO |   psi: 2.0399
2026-04-07 11:51:15 | INFO | Saved summary tables to C:\Users\phevo\Documents\MIT\Code\MPLE-Causal-Inference\experiments\USCountyVaccination_US_tau_unrestricted\outcome_death_rate_100k_ge_2__intervention_partial_cov_ge_10__lag_0w__contiguity\mple_summary.csv and C:\Users\phevo\Documents\MIT\Code\MPLE-Causal-Inference\experiments\USCountyVaccination_US_tau_unrestricted\outcome_death_rate_100k_ge_2__intervention_partial_cov_ge_10__lag_0w__contiguity\mple_summary.md
2026-04-07 11:51:15 | INFO | Log saved to C:\Users\phevo\Documents\MIT\Code\MPLE-Causal-Inference\experiments\USCountyVaccination_US_tau_unrestricted\outcome_death_rate_100k_ge_2__intervention_partial_cov_ge_10__lag_0w__contiguity\mple.log
