2026-04-07 13:27:48 | INFO | Loading data...
2026-04-07 13:27:48 | INFO | Loaded 6 field templates and 1 interaction templates.
2026-04-07 13:27:48 | INFO | Intervention-process model enabled: True
2026-04-07 13:27:48 | INFO | Tau zero-mean enabled: True
2026-04-07 13:27:48 | INFO | Tau smoothness lambda: 0.000000
2026-04-07 13:27:48 | INFO | Running conditional-model MPLE on x with shape=(68, 3203)
2026-04-07 13:27:48 | INFO | Eval 0  |  Loss: 0.705894
2026-04-07 13:27:48 | INFO |   field::log_population: +0.0126,  field::median_household_income: -0.0132,  field::poverty_rate: +0.0640,  field::pct_black: +0.0105,  field::pct_hispanic: -0.0536,  field::pct_in_labor_force: +0.0362,  tau block: mean=-0.0000, std=0.0967, min=-0.2417, max=+0.1869,  beta: +0.1822,  interaction::contiguity: -0.1320,  eta: -0.0662,  zeta: +0.0935,  psi: +0.0049
2026-04-07 13:27:50 | INFO | Done fitting.
2026-04-07 13:27:50 | INFO | Optimizer status: CONVERGENCE: RELATIVE REDUCTION OF F <= FACTR*EPSMCH
2026-04-07 13:27:50 | INFO | Final Loss: 0.285155
2026-04-07 13:27:50 | INFO | Estimated Parameters:
2026-04-07 13:27:50 | INFO |   field::log_population: 0.8291
2026-04-07 13:27:50 | INFO |   field::median_household_income: -1.1788
2026-04-07 13:27:50 | INFO |   field::poverty_rate: -0.6081
2026-04-07 13:27:50 | INFO |   field::pct_black: -0.0777
2026-04-07 13:27:50 | INFO |   field::pct_hispanic: -0.2975
2026-04-07 13:27:50 | INFO |   field::pct_in_labor_force: 0.0370
2026-04-07 13:27:50 | INFO |   tau::t_0: 0.2254
2026-04-07 13:27:50 | INFO |   tau::t_1: 0.2196
2026-04-07 13:27:50 | INFO |   tau::t_2: 0.1547
2026-04-07 13:27:50 | INFO |   tau::t_3: 0.0627
2026-04-07 13:27:50 | INFO |   tau::t_4: 0.1360
2026-04-07 13:27:50 | INFO |   tau::t_5: 0.0881
2026-04-07 13:27:50 | INFO |   tau::t_6: 0.0219
2026-04-07 13:27:50 | INFO |   tau::t_7: -0.0296
2026-04-07 13:27:50 | INFO |   tau::t_8: -0.0261
2026-04-07 13:27:50 | INFO |   tau::t_9: -0.0582
2026-04-07 13:27:50 | INFO |   tau::t_10: -0.0302
2026-04-07 13:27:50 | INFO |   tau::t_11: -0.0227
2026-04-07 13:27:50 | INFO |   tau::t_12: -0.0692
2026-04-07 13:27:50 | INFO |   tau::t_13: -0.0771
2026-04-07 13:27:50 | INFO |   tau::t_14: -0.0639
2026-04-07 13:27:50 | INFO |   tau::t_15: -0.0851
2026-04-07 13:27:50 | INFO |   tau::t_16: -0.0969
2026-04-07 13:27:50 | INFO |   tau::t_17: -0.0282
2026-04-07 13:27:50 | INFO |   tau::t_18: -0.1679
2026-04-07 13:27:50 | INFO |   tau::t_19: -0.1228
2026-04-07 13:27:50 | INFO |   tau::t_20: -0.2202
2026-04-07 13:27:50 | INFO |   tau::t_21: -0.2171
2026-04-07 13:27:50 | INFO |   tau::t_22: -0.2351
2026-04-07 13:27:50 | INFO |   tau::t_23: -0.2863
2026-04-07 13:27:50 | INFO |   tau::t_24: -0.2057
2026-04-07 13:27:50 | INFO |   tau::t_25: -0.2045
2026-04-07 13:27:50 | INFO |   tau::t_26: -0.1723
2026-04-07 13:27:50 | INFO |   tau::t_27: -0.0773
2026-04-07 13:27:50 | INFO |   tau::t_28: -0.0224
2026-04-07 13:27:50 | INFO |   tau::t_29: 0.0264
2026-04-07 13:27:50 | INFO |   tau::t_30: 0.0616
2026-04-07 13:27:50 | INFO |   tau::t_31: 0.0672
2026-04-07 13:27:50 | INFO |   tau::t_32: 0.0880
2026-04-07 13:27:50 | INFO |   tau::t_33: 0.1791
2026-04-07 13:27:50 | INFO |   tau::t_34: 0.1628
2026-04-07 13:27:50 | INFO |   tau::t_35: 0.1741
2026-04-07 13:27:50 | INFO |   tau::t_36: 0.1207
2026-04-07 13:27:50 | INFO |   tau::t_37: 0.1177
2026-04-07 13:27:50 | INFO |   tau::t_38: 0.1296
2026-04-07 13:27:50 | INFO |   tau::t_39: 0.1054
2026-04-07 13:27:50 | INFO |   tau::t_40: 0.0443
2026-04-07 13:27:50 | INFO |   tau::t_41: 0.0499
2026-04-07 13:27:50 | INFO |   tau::t_42: 0.0649
2026-04-07 13:27:50 | INFO |   tau::t_43: -0.0804
2026-04-07 13:27:50 | INFO |   tau::t_44: 0.1474
2026-04-07 13:27:50 | INFO |   tau::t_45: 0.0697
2026-04-07 13:27:50 | INFO |   tau::t_46: 0.0626
2026-04-07 13:27:50 | INFO |   tau::t_47: 0.0196
2026-04-07 13:27:50 | INFO |   tau::t_48: 0.0485
2026-04-07 13:27:50 | INFO |   tau::t_49: 0.1220
2026-04-07 13:27:50 | INFO |   tau::t_50: 0.1094
2026-04-07 13:27:50 | INFO |   tau::t_51: 0.1251
2026-04-07 13:27:50 | INFO |   tau::t_52: 0.1846
2026-04-07 13:27:50 | INFO |   tau::t_53: 0.2185
2026-04-07 13:27:50 | INFO |   tau::t_54: 0.2019
2026-04-07 13:27:50 | INFO |   tau::t_55: 0.1760
2026-04-07 13:27:50 | INFO |   tau::t_56: 0.1089
2026-04-07 13:27:50 | INFO |   tau::t_57: 0.0683
2026-04-07 13:27:50 | INFO |   tau::t_58: 0.0023
2026-04-07 13:27:50 | INFO |   tau::t_59: -0.0023
2026-04-07 13:27:50 | INFO |   tau::t_60: -0.0717
2026-04-07 13:27:50 | INFO |   tau::t_61: -0.1158
2026-04-07 13:27:50 | INFO |   tau::t_62: -0.1761
2026-04-07 13:27:50 | INFO |   tau::t_63: -0.1380
2026-04-07 13:27:50 | INFO |   tau::t_64: -0.2296
2026-04-07 13:27:50 | INFO |   tau::t_65: -0.2189
2026-04-07 13:27:50 | INFO |   tau::t_66: -0.1146
2026-04-07 13:27:50 | INFO |   tau::t_67: -0.2986
2026-04-07 13:27:50 | INFO |   beta: 0.0499
2026-04-07 13:27:50 | INFO |   interaction::contiguity: 1.6510
2026-04-07 13:27:50 | INFO |   eta: 0.2493
2026-04-07 13:27:50 | INFO |   zeta: -0.0335
2026-04-07 13:27:50 | INFO |   psi: 2.3623
2026-04-07 13:27:50 | INFO | Saved summary tables to C:\Users\phevo\Documents\MIT\Code\MPLE-Causal-Inference\experiments\USCountyVaccination_US\USCountyVaccination_US_tau_zero_mean\outcome_death_rate_100k_ge_2__intervention_complete_cov_ge_50__lag_2w__contiguity\mple_summary.csv and C:\Users\phevo\Documents\MIT\Code\MPLE-Causal-Inference\experiments\USCountyVaccination_US\USCountyVaccination_US_tau_zero_mean\outcome_death_rate_100k_ge_2__intervention_complete_cov_ge_50__lag_2w__contiguity\mple_summary.md
2026-04-07 13:27:50 | INFO | Log saved to C:\Users\phevo\Documents\MIT\Code\MPLE-Causal-Inference\experiments\USCountyVaccination_US\USCountyVaccination_US_tau_zero_mean\outcome_death_rate_100k_ge_2__intervention_complete_cov_ge_50__lag_2w__contiguity\mple.log
