2026-08-27 10:26:11 | INFO | Loading data...
2026-08-27 10:26:11 | INFO | Using panel artifact: /orcd/home/002/phevosp/MPLE-Causal-Inference/experiments/SyntheticSNN/interference_confounding_beta_010_xi_080/panel_data.npz
2026-08-27 10:26:11 | INFO | Using x_0 artifact: /orcd/home/002/phevosp/MPLE-Causal-Inference/experiments/SyntheticSNN/interference_confounding_beta_010_xi_080/x_0.npy
2026-08-27 10:26:11 | INFO | Using fit config: /orcd/home/002/phevosp/MPLE-Causal-Inference/experiments/SyntheticSNN/interference_confounding_beta_010_xi_080/cv_runs/default/candidates/default_candidate_0004/fold_2/fit_realized_config.yaml
2026-08-27 10:26:11 | INFO | Using model artifact directory: /orcd/home/002/phevosp/MPLE-Causal-Inference/experiments/SyntheticSNN/interference_confounding_beta_010_xi_080
2026-08-27 10:26:11 | INFO | Using truth artifact directory: /orcd/home/002/phevosp/MPLE-Causal-Inference/experiments/SyntheticSNN/interference_confounding_beta_010_xi_080
2026-08-27 10:26:11 | INFO | Using loss mask artifact: /orcd/home/002/phevosp/MPLE-Causal-Inference/experiments/SyntheticSNN/interference_confounding_beta_010_xi_080/cv_runs/default/candidates/default_candidate_0004/fold_2/loss_mask.npy
2026-08-27 10:26:11 | INFO | Configured optimizer mode: alternating_latent_rank
2026-08-27 10:26:11 | INFO | Configured latent rank: 3
2026-08-27 10:26:11 | INFO | Using a fixed known graph with scalar xi.
2026-08-27 10:26:11 | INFO | Fit-time hard bounds active: False
2026-08-27 10:26:11 | INFO | Fixed scalar parameters: {}
2026-08-27 10:26:11 | INFO | Warm-start fixed scalars: {} for 0 steps
2026-08-27 10:26:11 | INFO | Beta-gradient mask before s: True with s=0
2026-08-27 10:26:11 | INFO | Beta-gradient mask after e: True with e=12
2026-08-27 10:26:11 | INFO | Alternating V-column L2-ball constraint active with radius 1.0
2026-08-27 10:26:11 | INFO | Optimizer settings: steps=2000, tol=1e-07, n_starts=1, seed=0, lambda_nuclear=0.0, lambda_frobenius=0.0, lambda_uv_ridge=0.05, v_column_l2_max=1.0, proximal_lr=1.0
2026-08-27 10:26:11 | INFO | Alternating low-rank start 1/1 | seed=0 | initial_loss=0.751269 | initial_penalized=0.751285
2026-08-27 10:26:11 | INFO | Alternating low-rank iter 0 | Loss: 0.560862 | Penalized: 0.569713
2026-08-27 10:26:12 | INFO | Alternating low-rank iter 100 | Loss: 0.499655 | Penalized: 0.528937
2026-08-27 10:26:13 | INFO | Alternating low-rank iter 200 | Loss: 0.499611 | Penalized: 0.528854
2026-08-27 10:26:13 | INFO | Alternating low-rank iter 300 | Loss: 0.499592 | Penalized: 0.528820
2026-08-27 10:26:14 | INFO | Alternating low-rank iter 400 | Loss: 0.499584 | Penalized: 0.528805
2026-08-27 10:26:14 | INFO | Done fitting.
2026-08-27 10:26:14 | INFO | Optimizer status: CONVERGED: alternating objective tolerance reached
2026-08-27 10:26:14 | INFO | Best optimizer start: 1 / 1
2026-08-27 10:26:14 | INFO | Final Loss: 0.499584
2026-08-27 10:26:14 | INFO | Estimated vs True Parameters:
2026-08-27 10:26:14 | INFO |   beta: 0.1056 (True: 0.1000) | SQE: 0.000032
2026-08-27 10:26:14 | INFO |   xi: 0.8359 (True: 0.8000) | SQE: 0.001292
2026-08-27 10:26:14 | INFO |   eta: 0.1131 (True: 0.1000) | SQE: 0.000171
2026-08-27 10:26:14 | INFO | Alternating low-rank optimizer diagnostics:
2026-08-27 10:26:14 | INFO |   penalized_objective: 0.528805
2026-08-27 10:26:14 | INFO |   mple_loss_without_penalty: 0.499584
2026-08-27 10:26:14 | INFO |   lambda_uv_ridge: 0.050000
2026-08-27 10:26:14 | INFO |   u_frobenius_norm: 92.153963
2026-08-27 10:26:14 | INFO |   v_frobenius_norm: 1.732051
2026-08-27 10:26:14 | INFO |   effective_rank: 3.000000
2026-08-27 10:26:14 | INFO | Field and interaction diagnostics:
2026-08-27 10:26:14 | INFO |   field_rmse: 0.433914
2026-08-27 10:26:14 | INFO |   interaction_fro_error: 0.153371
2026-08-27 10:26:14 | INFO |   estimated_field_max_abs_entry: 2.647128
2026-08-27 10:26:14 | INFO |   estimated_field_rank: 3.000000
2026-08-27 10:26:14 | INFO |   true_field_max_abs_entry: 5.073226
2026-08-27 10:26:14 | INFO |   true_field_rank: 3.000000
2026-08-27 10:26:14 | INFO | Saved summary table to /orcd/home/002/phevosp/MPLE-Causal-Inference/experiments/SyntheticSNN/interference_confounding_beta_010_xi_080/cv_runs/default/candidates/default_candidate_0004/fold_2/mple_summary.csv
2026-08-27 10:26:14 | INFO | Log saved to /orcd/home/002/phevosp/MPLE-Causal-Inference/experiments/SyntheticSNN/interference_confounding_beta_010_xi_080/cv_runs/default/candidates/default_candidate_0004/fold_2/mple.log
