2026-05-02 12:17:26 | INFO | Loading data...
2026-05-02 12:17:26 | INFO | Using panel artifact: /orcd/home/002/phevosp/MPLE-Causal-Inference/experiments/Synthetic/spectral_low_rank/panel_data.npz
2026-05-02 12:17:26 | INFO | Using x_0 artifact: /orcd/home/002/phevosp/MPLE-Causal-Inference/experiments/Synthetic/spectral_low_rank/x_0.npy
2026-05-02 12:17:26 | INFO | Using fit config: /orcd/home/002/phevosp/MPLE-Causal-Inference/experiments/Synthetic/spectral_low_rank/cv_runs/alternating_uv_grid/candidates/alternating_uv_grid_candidate_0003/fold_4/fit_realized_config.yaml
2026-05-02 12:17:26 | INFO | Using model artifact directory: /orcd/home/002/phevosp/MPLE-Causal-Inference/experiments/Synthetic/spectral_low_rank
2026-05-02 12:17:26 | INFO | Using truth artifact directory: /orcd/home/002/phevosp/MPLE-Causal-Inference/experiments/Synthetic/spectral_low_rank
2026-05-02 12:17:26 | INFO | Using loss mask artifact: /orcd/home/002/phevosp/MPLE-Causal-Inference/experiments/Synthetic/spectral_low_rank/cv_runs/alternating_uv_grid/candidates/alternating_uv_grid_candidate_0003/fold_4/loss_mask.npy
2026-05-02 12:17:26 | INFO | Configured optimizer mode: alternating_latent_rank
2026-05-02 12:17:26 | INFO | Configured latent rank: 3
2026-05-02 12:17:26 | INFO | Using a fixed known graph with scalar xi.
2026-05-02 12:17:26 | INFO | Fit-time hard bounds active: False
2026-05-02 12:17:26 | INFO | Fixed scalar parameters: {}
2026-05-02 12:17:26 | INFO | Warm-start fixed scalars: {} for 0 steps
2026-05-02 12:17:26 | INFO | Beta mask before s: False with s=0
2026-05-02 12:17:26 | INFO | Beta mask after e: False with e=11
2026-05-02 12:17:26 | INFO | Alternating V-column L2-ball constraint active with radius 1.0
2026-05-02 12:17:26 | INFO | Optimizer settings: steps=2000, tol=1e-07, n_starts=1, seed=0, lambda_nuclear=0.0, lambda_frobenius=0.0, lambda_uv_ridge=0.01, v_column_l2_max=1.0, proximal_lr=1.0
2026-05-02 12:17:26 | INFO | Alternating low-rank start 1/1 | seed=0 | initial_loss=0.832001 | initial_penalized=0.832004
2026-05-02 12:17:26 | INFO | Alternating low-rank iter 0 | Loss: 0.575617 | Penalized: 0.576939
2026-05-02 12:17:27 | INFO | Alternating low-rank iter 100 | Loss: 0.509627 | Penalized: 0.517658
2026-05-02 12:17:28 | INFO | Alternating low-rank iter 200 | Loss: 0.508570 | Penalized: 0.516834
2026-05-02 12:17:29 | INFO | Alternating low-rank iter 300 | Loss: 0.508432 | Penalized: 0.516702
2026-05-02 12:17:30 | INFO | Alternating low-rank iter 400 | Loss: 0.508404 | Penalized: 0.516672
2026-05-02 12:17:30 | INFO | Done fitting.
2026-05-02 12:17:30 | INFO | Optimizer status: CONVERGED: alternating objective tolerance reached
2026-05-02 12:17:30 | INFO | Best optimizer start: 1 / 1
2026-05-02 12:17:30 | INFO | Final Loss: 0.508399
2026-05-02 12:17:30 | INFO | Estimated vs True Parameters:
2026-05-02 12:17:30 | INFO |   beta: -0.3344 (True: -0.3000) | SQE: 0.001181
2026-05-02 12:17:30 | INFO |   xi: 0.7246 (True: 0.8000) | SQE: 0.005692
2026-05-02 12:17:30 | INFO |   eta: 0.3052 (True: 0.3000) | SQE: 0.000027
2026-05-02 12:17:30 | INFO | Alternating low-rank optimizer diagnostics:
2026-05-02 12:17:30 | INFO |   penalized_objective: 0.516666
2026-05-02 12:17:30 | INFO |   mple_loss_without_penalty: 0.508399
2026-05-02 12:17:30 | INFO |   lambda_uv_ridge: 0.010000
2026-05-02 12:17:30 | INFO |   u_frobenius_norm: 119.417779
2026-05-02 12:17:30 | INFO |   v_frobenius_norm: 1.732051
2026-05-02 12:17:30 | INFO |   effective_rank: 3.000000
2026-05-02 12:17:30 | INFO | Field and interaction diagnostics:
2026-05-02 12:17:30 | INFO |   field_rmse: 0.645333
2026-05-02 12:17:30 | INFO |   interaction_fro_error: 0.267288
2026-05-02 12:17:30 | INFO |   estimated_field_max_abs_entry: 9.716622
2026-05-02 12:17:30 | INFO |   estimated_field_rank: 3.000000
2026-05-02 12:17:30 | INFO |   true_field_max_abs_entry: 2.857994
2026-05-02 12:17:30 | INFO |   true_field_rank: 3.000000
2026-05-02 12:17:31 | INFO | Saved summary table to /orcd/home/002/phevosp/MPLE-Causal-Inference/experiments/Synthetic/spectral_low_rank/cv_runs/alternating_uv_grid/candidates/alternating_uv_grid_candidate_0003/fold_4/mple_summary.csv
2026-05-02 12:17:31 | INFO | Log saved to /orcd/home/002/phevosp/MPLE-Causal-Inference/experiments/Synthetic/spectral_low_rank/cv_runs/alternating_uv_grid/candidates/alternating_uv_grid_candidate_0003/fold_4/mple.log
