2026-04-01 10:19:57 | INFO | Loading data...
2026-04-01 10:19:57 | INFO | Loaded 11 field templates and 1 interaction templates.
2026-04-01 10:19:57 | INFO | Running conditional-model MPLE on x with shape=(100, 1000)
2026-04-01 10:19:57 | INFO | Eval 0  |  Loss: 0.731841
2026-04-01 10:19:57 | INFO |   field::intercept: +0.0126,  field::linear::feature_1: -0.0132,  field::quadratic::feature_1: +0.0640,  field::linear::feature_2: +0.0105,  field::quadratic::feature_2: -0.0536,  field::linear::feature_3: +0.0362,  field::quadratic::feature_3: +0.1304,  field::linear::feature_4: +0.0947,  field::quadratic::feature_4: -0.0704,  field::linear::feature_5: -0.1265,  field::quadratic::feature_5: -0.0623,  beta: +0.0041,  interaction::adjacency: -0.2325,  eta: -0.0219,  zeta: -0.1246,  psi: -0.0732
2026-04-01 10:19:58 | INFO | Done fitting.
2026-04-01 10:19:58 | INFO | Optimizer status: CONVERGENCE: RELATIVE REDUCTION OF F <= FACTR*EPSMCH
2026-04-01 10:19:58 | INFO | Final Loss: 0.551759
2026-04-01 10:19:58 | INFO | Estimated vs True Parameters:
2026-04-01 10:19:58 | INFO |   field::intercept: 0.3085 (True: 0.3150)
2026-04-01 10:19:58 | INFO |   field::intercept SQE: 0.000043
2026-04-01 10:19:58 | INFO |   field::linear::feature_1: 0.2908 (True: 0.3080)
2026-04-01 10:19:58 | INFO |   field::linear::feature_1 SQE: 0.000297
2026-04-01 10:19:58 | INFO |   field::quadratic::feature_1: 0.3097 (True: 0.3500)
2026-04-01 10:19:58 | INFO |   field::quadratic::feature_1 SQE: 0.001622
2026-04-01 10:19:58 | INFO |   field::linear::feature_2: -0.5697 (True: -0.5800)
2026-04-01 10:19:58 | INFO |   field::linear::feature_2 SQE: 0.000107
2026-04-01 10:19:58 | INFO |   field::quadratic::feature_2: 0.5216 (True: 0.5000)
2026-04-01 10:19:58 | INFO |   field::quadratic::feature_2 SQE: 0.000465
2026-04-01 10:19:58 | INFO |   field::linear::feature_3: -0.5911 (True: -0.6000)
2026-04-01 10:19:58 | INFO |   field::linear::feature_3 SQE: 0.000080
2026-04-01 10:19:58 | INFO |   field::quadratic::feature_3: -0.0328 (True: -0.0500)
2026-04-01 10:19:58 | INFO |   field::quadratic::feature_3 SQE: 0.000295
2026-04-01 10:19:58 | INFO |   field::linear::feature_4: 0.0729 (True: 0.0800)
2026-04-01 10:19:58 | INFO |   field::linear::feature_4 SQE: 0.000050
2026-04-01 10:19:58 | INFO |   field::quadratic::feature_4: 0.1060 (True: 0.1000)
2026-04-01 10:19:58 | INFO |   field::quadratic::feature_4 SQE: 0.000037
2026-04-01 10:19:58 | INFO |   field::linear::feature_5: 0.2832 (True: 0.3000)
2026-04-01 10:19:58 | INFO |   field::linear::feature_5 SQE: 0.000283
2026-04-01 10:19:58 | INFO |   field::quadratic::feature_5: 0.3498 (True: 0.4000)
2026-04-01 10:19:58 | INFO |   field::quadratic::feature_5 SQE: 0.002518
2026-04-01 10:19:58 | INFO |   beta: 0.3968 (True: 0.4000)
2026-04-01 10:19:58 | INFO |   beta SQE: 0.000010
2026-04-01 10:19:58 | INFO |   interaction::adjacency: 0.4984 (True: 0.5000)
2026-04-01 10:19:58 | INFO |   interaction::adjacency SQE: 0.000003
2026-04-01 10:19:58 | INFO |   eta: 0.0966 (True: 0.1000)
2026-04-01 10:19:58 | INFO |   eta SQE: 0.000011
2026-04-01 10:19:58 | INFO |   zeta: -0.5015 (True: -0.5000)
2026-04-01 10:19:58 | INFO |   zeta SQE: 0.000002
2026-04-01 10:19:58 | INFO |   psi: 0.3983 (True: 0.4000)
2026-04-01 10:19:58 | INFO |   psi SQE: 0.000003
2026-04-01 10:19:58 | INFO | Saved summary tables to C:\Users\phevo\Documents\MIT\Code\MPLE-Causal-Inference\experiments\n1000_t100_baseline_temp_fro_large_shared_feature_field_known_graph_20260331_233523\mple_summary.csv and C:\Users\phevo\Documents\MIT\Code\MPLE-Causal-Inference\experiments\n1000_t100_baseline_temp_fro_large_shared_feature_field_known_graph_20260331_233523\mple_summary.md
2026-04-01 10:19:58 | INFO | Log saved to C:\Users\phevo\Documents\MIT\Code\MPLE-Causal-Inference\experiments\n1000_t100_baseline_temp_fro_large_shared_feature_field_known_graph_20260331_233523\mple.log
