2026-04-07 13:17:24 | INFO | Loading data...
2026-04-07 13:17:25 | INFO | Loaded 6 field templates and 1 interaction templates.
2026-04-07 13:17:25 | INFO | Intervention-process model enabled: True
2026-04-07 13:17:25 | INFO | Tau zero-mean enabled: False
2026-04-07 13:17:25 | INFO | Tau smoothness lambda: 0.000000
2026-04-07 13:17:25 | INFO | Running conditional-model MPLE on x with shape=(69, 3203)
2026-04-07 13:17:25 | INFO | Eval 0  |  Loss: 0.616549
2026-04-07 13:17:25 | INFO |   field::log_population: +0.0126,  field::median_household_income: -0.0132,  field::poverty_rate: +0.0640,  field::pct_black: +0.0105,  field::pct_hispanic: -0.0536,  field::pct_in_labor_force: +0.0362,  tau block: mean=+0.0117, std=0.0982, min=-0.2325, max=+0.1960,  beta: -0.1320,  interaction::contiguity: -0.0662,  eta: +0.0935,  zeta: +0.0049,  psi: +0.2002
2026-04-07 13:17:27 | INFO | Done fitting.
2026-04-07 13:17:27 | INFO | Optimizer status: CONVERGENCE: RELATIVE REDUCTION OF F <= FACTR*EPSMCH
2026-04-07 13:17:27 | INFO | Final Loss: 0.275864
2026-04-07 13:17:27 | INFO | Estimated Parameters:
2026-04-07 13:17:27 | INFO |   field::log_population: 1.0287
2026-04-07 13:17:27 | INFO |   field::median_household_income: -1.0616
2026-04-07 13:17:27 | INFO |   field::poverty_rate: -0.5654
2026-04-07 13:17:27 | INFO |   field::pct_black: -0.0927
2026-04-07 13:17:27 | INFO |   field::pct_hispanic: -0.3198
2026-04-07 13:17:27 | INFO |   field::pct_in_labor_force: -0.0759
2026-04-07 13:17:27 | INFO |   tau::t_0: -0.0128
2026-04-07 13:17:27 | INFO |   tau::t_1: -0.0235
2026-04-07 13:17:27 | INFO |   tau::t_2: -0.0345
2026-04-07 13:17:27 | INFO |   tau::t_3: -0.1023
2026-04-07 13:17:27 | INFO |   tau::t_4: -0.2067
2026-04-07 13:17:27 | INFO |   tau::t_5: -0.1379
2026-04-07 13:17:27 | INFO |   tau::t_6: -0.1899
2026-04-07 13:17:27 | INFO |   tau::t_7: -0.2661
2026-04-07 13:17:27 | INFO |   tau::t_8: -0.3401
2026-04-07 13:17:27 | INFO |   tau::t_9: -0.3509
2026-04-07 13:17:27 | INFO |   tau::t_10: -0.3935
2026-04-07 13:17:27 | INFO |   tau::t_11: -0.3694
2026-04-07 13:17:27 | INFO |   tau::t_12: -0.3617
2026-04-07 13:17:27 | INFO |   tau::t_13: -0.4240
2026-04-07 13:17:27 | INFO |   tau::t_14: -0.4401
2026-04-07 13:17:27 | INFO |   tau::t_15: -0.4274
2026-04-07 13:17:27 | INFO |   tau::t_16: -0.4549
2026-04-07 13:17:27 | INFO |   tau::t_17: -0.4699
2026-04-07 13:17:27 | INFO |   tau::t_18: -0.3778
2026-04-07 13:17:27 | INFO |   tau::t_19: -0.5589
2026-04-07 13:17:27 | INFO |   tau::t_20: -0.5133
2026-04-07 13:17:27 | INFO |   tau::t_21: -0.6504
2026-04-07 13:17:27 | INFO |   tau::t_22: -0.6600
2026-04-07 13:17:27 | INFO |   tau::t_23: -0.6885
2026-04-07 13:17:27 | INFO |   tau::t_24: -0.7726
2026-04-07 13:17:27 | INFO |   tau::t_25: -0.6495
2026-04-07 13:17:27 | INFO |   tau::t_26: -0.6344
2026-04-07 13:17:27 | INFO |   tau::t_27: -0.5814
2026-04-07 13:17:27 | INFO |   tau::t_28: -0.4450
2026-04-07 13:17:27 | INFO |   tau::t_29: -0.3527
2026-04-07 13:17:27 | INFO |   tau::t_30: -0.2760
2026-04-07 13:17:27 | INFO |   tau::t_31: -0.2192
2026-04-07 13:17:27 | INFO |   tau::t_32: -0.1951
2026-04-07 13:17:27 | INFO |   tau::t_33: -0.1644
2026-04-07 13:17:27 | INFO |   tau::t_34: -0.0539
2026-04-07 13:17:27 | INFO |   tau::t_35: -0.0593
2026-04-07 13:17:27 | INFO |   tau::t_36: -0.0414
2026-04-07 13:17:27 | INFO |   tau::t_37: -0.0939
2026-04-07 13:17:27 | INFO |   tau::t_38: -0.0960
2026-04-07 13:17:27 | INFO |   tau::t_39: -0.0848
2026-04-07 13:17:27 | INFO |   tau::t_40: -0.1058
2026-04-07 13:17:27 | INFO |   tau::t_41: -0.1701
2026-04-07 13:17:27 | INFO |   tau::t_42: -0.1683
2026-04-07 13:17:27 | INFO |   tau::t_43: -0.1526
2026-04-07 13:17:27 | INFO |   tau::t_44: -0.3237
2026-04-07 13:17:27 | INFO |   tau::t_45: -0.0690
2026-04-07 13:17:27 | INFO |   tau::t_46: -0.1407
2026-04-07 13:17:27 | INFO |   tau::t_47: -0.1453
2026-04-07 13:17:27 | INFO |   tau::t_48: -0.1918
2026-04-07 13:17:27 | INFO |   tau::t_49: -0.1641
2026-04-07 13:17:27 | INFO |   tau::t_50: -0.0771
2026-04-07 13:17:27 | INFO |   tau::t_51: -0.0821
2026-04-07 13:17:27 | INFO |   tau::t_52: -0.0603
2026-04-07 13:17:27 | INFO |   tau::t_53: 0.0122
2026-04-07 13:17:27 | INFO |   tau::t_54: 0.0572
2026-04-07 13:17:27 | INFO |   tau::t_55: 0.0487
2026-04-07 13:17:27 | INFO |   tau::t_56: 0.0266
2026-04-07 13:17:27 | INFO |   tau::t_57: -0.0422
2026-04-07 13:17:27 | INFO |   tau::t_58: -0.0906
2026-04-07 13:17:27 | INFO |   tau::t_59: -0.1740
2026-04-07 13:17:27 | INFO |   tau::t_60: -0.1903
2026-04-07 13:17:27 | INFO |   tau::t_61: -0.2777
2026-04-07 13:17:27 | INFO |   tau::t_62: -0.3440
2026-04-07 13:17:27 | INFO |   tau::t_63: -0.4416
2026-04-07 13:17:27 | INFO |   tau::t_64: -0.4059
2026-04-07 13:17:27 | INFO |   tau::t_65: -0.5349
2026-04-07 13:17:27 | INFO |   tau::t_66: -0.5380
2026-04-07 13:17:27 | INFO |   tau::t_67: -0.3865
2026-04-07 13:17:27 | INFO |   tau::t_68: -0.6290
2026-04-07 13:17:27 | INFO |   beta: -0.1221
2026-04-07 13:17:27 | INFO |   interaction::contiguity: 1.3816
2026-04-07 13:17:27 | INFO |   eta: 0.2230
2026-04-07 13:17:27 | INFO |   zeta: -0.0170
2026-04-07 13:17:27 | INFO |   psi: 2.7139
2026-04-07 13:17:27 | INFO | Saved summary tables to C:\Users\phevo\Documents\MIT\Code\MPLE-Causal-Inference\experiments\USCountyVaccination_US\USCountyVaccination_US_tau_unrestricted\outcome_death_rate_100k_ge_2__intervention_complete_cov_ge_60__lag_1w__contiguity\mple_summary.csv and C:\Users\phevo\Documents\MIT\Code\MPLE-Causal-Inference\experiments\USCountyVaccination_US\USCountyVaccination_US_tau_unrestricted\outcome_death_rate_100k_ge_2__intervention_complete_cov_ge_60__lag_1w__contiguity\mple_summary.md
2026-04-07 13:17:27 | INFO | Log saved to C:\Users\phevo\Documents\MIT\Code\MPLE-Causal-Inference\experiments\USCountyVaccination_US\USCountyVaccination_US_tau_unrestricted\outcome_death_rate_100k_ge_2__intervention_complete_cov_ge_60__lag_1w__contiguity\mple.log
