2026-04-12 13:13:13 | INFO | Loading data...
2026-04-12 13:13:13 | INFO | Using panel artifact: C:\Users\phevo\Documents\MIT\Code\MPLE-Causal-Inference\experiments\SyntheticHybridExperiments\synthetic_rank_0\panel_data.npz
2026-04-12 13:13:13 | INFO | Using x_0 artifact: C:\Users\phevo\Documents\MIT\Code\MPLE-Causal-Inference\experiments\SyntheticHybridExperiments\synthetic_rank_0\x_0.npy
2026-04-12 13:13:13 | INFO | Using z_0 artifact: C:\Users\phevo\Documents\MIT\Code\MPLE-Causal-Inference\experiments\SyntheticHybridExperiments\synthetic_rank_0\z_0.npy
2026-04-12 13:13:13 | INFO | Using fit config: C:\Users\phevo\Documents\MIT\Code\MPLE-Causal-Inference\experiments\SyntheticHybridExperiments\synthetic_rank_0\fits\rank_0\fit_realized_config.yaml
2026-04-12 13:13:13 | INFO | Using model artifact directory: C:\Users\phevo\Documents\MIT\Code\MPLE-Causal-Inference\experiments\SyntheticHybridExperiments\synthetic_rank_0
2026-04-12 13:13:13 | INFO | Using truth artifact directory: C:\Users\phevo\Documents\MIT\Code\MPLE-Causal-Inference\experiments\SyntheticHybridExperiments\synthetic_rank_0
2026-04-12 13:13:13 | INFO | Configured latent rank: 0
2026-04-12 13:13:13 | INFO | Using a fixed known graph with scalar xi.
2026-04-12 13:13:13 | INFO | Intervention-process model enabled: True
2026-04-12 13:13:13 | INFO | Global temperature bound B active: True
2026-04-12 13:13:13 | INFO | Effective xi bound from interaction constraint: 1.000000
2026-04-12 13:13:13 | INFO | Beta mask pre-intervention enabled: False
2026-04-12 13:13:13 | INFO | Beta mask rescale enabled: False
2026-04-12 13:13:13 | INFO | Fixed scalar parameters: {}
2026-04-12 13:13:13 | INFO | Eval 0  |  Loss: 0.691429
2026-04-12 13:13:13 | INFO |   beta: +0.0126,  xi: -0.0132,  eta: +0.0640,  zeta: +0.0105,  psi: -0.0536
2026-04-12 13:13:13 | INFO | Done fitting.
2026-04-12 13:13:13 | INFO | Optimizer status: CONVERGENCE: RELATIVE REDUCTION OF F <= FACTR*EPSMCH
2026-04-12 13:13:13 | INFO | Final Loss: 0.522480
2026-04-12 13:13:13 | INFO | Estimated vs True Parameters:
2026-04-12 13:13:13 | INFO |   beta: 0.3506 (True: 0.3500) | SQE: 0.000000
2026-04-12 13:13:13 | INFO |   xi: 0.6818 (True: 0.7500) | SQE: 0.004656
2026-04-12 13:13:13 | INFO |   eta: 0.4862 (True: 0.4800) | SQE: 0.000039
2026-04-12 13:13:13 | INFO |   zeta: -0.5500 (True: -0.5500) | SQE: 0.000000
2026-04-12 13:13:13 | INFO |   psi: 0.7896 (True: 0.8000) | SQE: 0.000107
2026-04-12 13:13:13 | INFO | Field and interaction diagnostics:
2026-04-12 13:13:13 | INFO |   field_rmse: 0.000000
2026-04-12 13:13:13 | INFO |   interaction_fro_error: 0.180355
2026-04-12 13:13:13 | INFO |   estimated_field_inf_norm: 0.000000
2026-04-12 13:13:13 | INFO |   estimated_field_rank: 0.000000
2026-04-12 13:13:13 | INFO |   bound_B: 1.000000
2026-04-12 13:13:13 | INFO |   true_field_inf_norm: 0.000000
2026-04-12 13:13:13 | INFO |   true_field_rank: 0.000000
2026-04-12 13:13:13 | INFO | Saved summary tables to C:\Users\phevo\Documents\MIT\Code\MPLE-Causal-Inference\experiments\SyntheticHybridExperiments\synthetic_rank_0\fits\rank_0\mple_summary.csv and C:\Users\phevo\Documents\MIT\Code\MPLE-Causal-Inference\experiments\SyntheticHybridExperiments\synthetic_rank_0\fits\rank_0\mple_summary.md
2026-04-12 13:13:13 | INFO | Log saved to C:\Users\phevo\Documents\MIT\Code\MPLE-Causal-Inference\experiments\SyntheticHybridExperiments\synthetic_rank_0\fits\rank_0\mple.log
