2026-05-05 00:34:48 | INFO | Loading data...
2026-05-05 00:34:48 | INFO | Using panel artifact: /orcd/home/002/phevosp/MPLE-Causal-Inference/experiments/USCountyVaccination/outcome_death_rate_100k_ge_2__intervention_complete_cov_ge_30__lag_2w__distance_kernel_8__start_2020_03_01/panel_data.npz
2026-05-05 00:34:48 | INFO | Using x_0 artifact: /orcd/home/002/phevosp/MPLE-Causal-Inference/experiments/USCountyVaccination/outcome_death_rate_100k_ge_2__intervention_complete_cov_ge_30__lag_2w__distance_kernel_8__start_2020_03_01/x_0.npy
2026-05-05 00:34:48 | INFO | Using fit config: /orcd/home/002/phevosp/MPLE-Causal-Inference/experiments/USCountyVaccination/outcome_death_rate_100k_ge_2__intervention_complete_cov_ge_30__lag_2w__distance_kernel_8__start_2020_03_01/cv_runs/xi_zero/candidates/xi_zero_candidate_0004/fold_1/fit_realized_config.yaml
2026-05-05 00:34:48 | INFO | Using model artifact directory: /orcd/home/002/phevosp/MPLE-Causal-Inference/experiments/USCountyVaccination/outcome_death_rate_100k_ge_2__intervention_complete_cov_ge_30__lag_2w__distance_kernel_8__start_2020_03_01
2026-05-05 00:34:48 | INFO | Using truth artifact directory: /orcd/home/002/phevosp/MPLE-Causal-Inference/experiments/USCountyVaccination/outcome_death_rate_100k_ge_2__intervention_complete_cov_ge_30__lag_2w__distance_kernel_8__start_2020_03_01
2026-05-05 00:34:48 | INFO | Using loss mask artifact: /orcd/home/002/phevosp/MPLE-Causal-Inference/experiments/USCountyVaccination/outcome_death_rate_100k_ge_2__intervention_complete_cov_ge_30__lag_2w__distance_kernel_8__start_2020_03_01/cv_runs/xi_zero/candidates/xi_zero_candidate_0004/fold_1/loss_mask.npy
2026-05-05 00:34:48 | INFO | Configured optimizer mode: alternating_latent_rank
2026-05-05 00:34:48 | INFO | Configured latent rank: 5
2026-05-05 00:34:48 | INFO | Using a fixed known graph with scalar xi.
2026-05-05 00:34:48 | INFO | Fit-time hard bounds active: False
2026-05-05 00:34:48 | INFO | Fixed scalar parameters: {'xi': 0.0}
2026-05-05 00:34:48 | INFO | Warm-start fixed scalars: {} for 0 steps
2026-05-05 00:34:48 | INFO | Beta mask before s: True with s=50
2026-05-05 00:34:48 | INFO | Beta mask after e: True with e=115
2026-05-05 00:34:48 | INFO | Alternating V-column L2-ball constraint active with radius 1.0
2026-05-05 00:34:48 | INFO | Optimizer settings: steps=2000, tol=1e-07, n_starts=1, seed=0, lambda_nuclear=0.0, lambda_frobenius=0.0, lambda_uv_ridge=0.05, v_column_l2_max=1.0, proximal_lr=1.0
2026-05-05 00:34:48 | INFO | Alternating low-rank start 1/1 | seed=0 | initial_loss=0.773180 | initial_penalized=0.773183
2026-05-05 00:34:48 | INFO | Alternating low-rank iter 0 | Loss: 0.497977 | Penalized: 0.502197
2026-05-05 00:35:02 | INFO | Alternating low-rank iter 100 | Loss: 0.412526 | Penalized: 0.442754
2026-05-05 00:35:16 | INFO | Alternating low-rank iter 200 | Loss: 0.412409 | Penalized: 0.442586
2026-05-05 00:35:19 | INFO | Done fitting.
2026-05-05 00:35:19 | INFO | Optimizer status: CONVERGED: alternating objective tolerance reached
2026-05-05 00:35:19 | INFO | Best optimizer start: 1 / 1
2026-05-05 00:35:19 | INFO | Final Loss: 0.412412
2026-05-05 00:35:19 | INFO | Estimated Parameters:
2026-05-05 00:35:19 | INFO |   beta: -0.0140
2026-05-05 00:35:19 | INFO |   xi: 0.0000
2026-05-05 00:35:19 | INFO |   eta: 0.1654
2026-05-05 00:35:19 | INFO | Alternating low-rank optimizer diagnostics:
2026-05-05 00:35:19 | INFO |   penalized_objective: 0.442583
2026-05-05 00:35:19 | INFO |   mple_loss_without_penalty: 0.412412
2026-05-05 00:35:19 | INFO |   lambda_uv_ridge: 0.050000
2026-05-05 00:35:19 | INFO |   u_frobenius_norm: 365.311075
2026-05-05 00:35:19 | INFO |   v_frobenius_norm: 2.236068
2026-05-05 00:35:19 | INFO |   effective_rank: 5.000000
2026-05-05 00:35:19 | INFO | Field and interaction diagnostics:
2026-05-05 00:35:19 | INFO |   estimated_field_max_abs_entry: 2.906971
2026-05-05 00:35:19 | INFO |   estimated_field_rank: 5.000000
2026-05-05 00:35:19 | INFO | Saved summary table to /orcd/home/002/phevosp/MPLE-Causal-Inference/experiments/USCountyVaccination/outcome_death_rate_100k_ge_2__intervention_complete_cov_ge_30__lag_2w__distance_kernel_8__start_2020_03_01/cv_runs/xi_zero/candidates/xi_zero_candidate_0004/fold_1/mple_summary.csv
2026-05-05 00:35:19 | INFO | Log saved to /orcd/home/002/phevosp/MPLE-Causal-Inference/experiments/USCountyVaccination/outcome_death_rate_100k_ge_2__intervention_complete_cov_ge_30__lag_2w__distance_kernel_8__start_2020_03_01/cv_runs/xi_zero/candidates/xi_zero_candidate_0004/fold_1/mple.log
