2026-05-03 09:54:45 | INFO | Loading data...
2026-05-03 09:54:45 | INFO | Using panel artifact: /orcd/home/002/phevosp/MPLE-Causal-Inference/experiments/USCountyVaccination/outcome_death_rate_100k_ge_2__intervention_complete_cov_ge_30__lag_2w__contiguity__start_2020_06_07/panel_data.npz
2026-05-03 09:54:45 | INFO | Using x_0 artifact: /orcd/home/002/phevosp/MPLE-Causal-Inference/experiments/USCountyVaccination/outcome_death_rate_100k_ge_2__intervention_complete_cov_ge_30__lag_2w__contiguity__start_2020_06_07/x_0.npy
2026-05-03 09:54:45 | INFO | Using fit config: /orcd/home/002/phevosp/MPLE-Causal-Inference/experiments/USCountyVaccination/outcome_death_rate_100k_ge_2__intervention_complete_cov_ge_30__lag_2w__contiguity__start_2020_06_07/fits/alternating_rank_5_uv_5_e1_beta_mask/fit_realized_config.yaml
2026-05-03 09:54:45 | INFO | Using model artifact directory: /orcd/home/002/phevosp/MPLE-Causal-Inference/experiments/USCountyVaccination/outcome_death_rate_100k_ge_2__intervention_complete_cov_ge_30__lag_2w__contiguity__start_2020_06_07
2026-05-03 09:54:45 | INFO | Using truth artifact directory: /orcd/home/002/phevosp/MPLE-Causal-Inference/experiments/USCountyVaccination/outcome_death_rate_100k_ge_2__intervention_complete_cov_ge_30__lag_2w__contiguity__start_2020_06_07
2026-05-03 09:54:46 | INFO | Configured optimizer mode: alternating_latent_rank
2026-05-03 09:54:46 | INFO | Configured latent rank: 5
2026-05-03 09:54:46 | INFO | Using a fixed known graph with scalar xi.
2026-05-03 09:54:46 | INFO | Fit-time hard bounds active: False
2026-05-03 09:54:46 | INFO | Fixed scalar parameters: {}
2026-05-03 09:54:46 | INFO | Warm-start fixed scalars: {} for 0 steps
2026-05-03 09:54:46 | INFO | Beta mask before s: True with s=36
2026-05-03 09:54:46 | INFO | Beta mask after e: True with e=101
2026-05-03 09:54:46 | INFO | Alternating V-column L2-ball constraint active with radius 1.0
2026-05-03 09:54:46 | INFO | Optimizer settings: steps=20000, tol=1e-09, n_starts=1, seed=0, lambda_nuclear=0.0, lambda_frobenius=0.0, lambda_uv_ridge=0.5, v_column_l2_max=1.0, proximal_lr=1.0
2026-05-03 09:54:46 | INFO | Alternating low-rank start 1/1 | seed=0 | initial_loss=0.655824 | initial_penalized=0.655840
2026-05-03 09:54:46 | INFO | Alternating low-rank iter 0 | Loss: 0.520745 | Penalized: 0.534495
2026-05-03 09:54:54 | INFO | Alternating low-rank iter 100 | Loss: 0.470179 | Penalized: 0.486620
2026-05-03 09:55:02 | INFO | Alternating low-rank iter 200 | Loss: 0.470226 | Penalized: 0.486466
2026-05-03 09:55:10 | INFO | Alternating low-rank iter 300 | Loss: 0.470244 | Penalized: 0.486464
2026-05-03 09:55:12 | INFO | Done fitting.
2026-05-03 09:55:12 | INFO | Optimizer status: CONVERGED: alternating objective tolerance reached
2026-05-03 09:55:12 | INFO | Best optimizer start: 1 / 1
2026-05-03 09:55:12 | INFO | Final Loss: 0.470245
2026-05-03 09:55:12 | INFO | Estimated Parameters:
2026-05-03 09:55:12 | INFO |   beta: -0.0079
2026-05-03 09:55:12 | INFO |   xi: 1.8281
2026-05-03 09:55:12 | INFO |   eta: 0.2236
2026-05-03 09:55:12 | INFO | Alternating low-rank optimizer diagnostics:
2026-05-03 09:55:12 | INFO |   penalized_objective: 0.486464
2026-05-03 09:55:12 | INFO |   mple_loss_without_penalty: 0.470245
2026-05-03 09:55:12 | INFO |   lambda_uv_ridge: 0.500000
2026-05-03 09:55:12 | INFO |   u_frobenius_norm: 99.345468
2026-05-03 09:55:12 | INFO |   v_frobenius_norm: 2.236068
2026-05-03 09:55:12 | INFO |   effective_rank: 5.000000
2026-05-03 09:55:12 | INFO | Field and interaction diagnostics:
2026-05-03 09:55:12 | INFO |   estimated_field_max_abs_entry: 0.945143
2026-05-03 09:55:12 | INFO |   estimated_field_rank: 5.000000
2026-05-03 09:55:12 | INFO | Saved summary table to /orcd/home/002/phevosp/MPLE-Causal-Inference/experiments/USCountyVaccination/outcome_death_rate_100k_ge_2__intervention_complete_cov_ge_30__lag_2w__contiguity__start_2020_06_07/fits/alternating_rank_5_uv_5_e1_beta_mask/mple_summary.csv
2026-05-03 09:55:12 | INFO | Log saved to /orcd/home/002/phevosp/MPLE-Causal-Inference/experiments/USCountyVaccination/outcome_death_rate_100k_ge_2__intervention_complete_cov_ge_30__lag_2w__contiguity__start_2020_06_07/fits/alternating_rank_5_uv_5_e1_beta_mask/mple.log
