2026-05-02 19:06:43 | INFO | Loading data...
2026-05-02 19:06:43 | INFO | Using panel artifact: /orcd/home/002/phevosp/MPLE-Causal-Inference/experiments/HybridExperiments_r5_c1_v2/r5_c1_hybrid_us_county_intervention_uscounty_graph_contiguous_confounding/panel_data.npz
2026-05-02 19:06:43 | INFO | Using x_0 artifact: /orcd/home/002/phevosp/MPLE-Causal-Inference/experiments/HybridExperiments_r5_c1_v2/r5_c1_hybrid_us_county_intervention_uscounty_graph_contiguous_confounding/x_0.npy
2026-05-02 19:06:43 | INFO | Using fit config: /orcd/home/002/phevosp/MPLE-Causal-Inference/experiments/HybridExperiments_r5_c1_v2/r5_c1_hybrid_us_county_intervention_uscounty_graph_contiguous_confounding/fits/alternating_rank_5_uv_5_e2_beta_mask/fit_realized_config.yaml
2026-05-02 19:06:43 | INFO | Using model artifact directory: /orcd/home/002/phevosp/MPLE-Causal-Inference/experiments/HybridExperiments_r5_c1_v2/r5_c1_hybrid_us_county_intervention_uscounty_graph_contiguous_confounding
2026-05-02 19:06:43 | INFO | Using truth artifact directory: /orcd/home/002/phevosp/MPLE-Causal-Inference/experiments/HybridExperiments_r5_c1_v2/r5_c1_hybrid_us_county_intervention_uscounty_graph_contiguous_confounding
2026-05-02 19:06:43 | INFO | Configured optimizer mode: alternating_latent_rank
2026-05-02 19:06:43 | INFO | Configured latent rank: 5
2026-05-02 19:06:43 | INFO | Using a fixed known graph with scalar xi.
2026-05-02 19:06:43 | INFO | Fit-time hard bounds active: False
2026-05-02 19:06:43 | INFO | Fixed scalar parameters: {}
2026-05-02 19:06:43 | INFO | Warm-start fixed scalars: {} for 0 steps
2026-05-02 19:06:43 | INFO | Beta mask before s: True with s=50
2026-05-02 19:06:43 | INFO | Beta mask after e: True with e=115
2026-05-02 19:06:43 | INFO | Alternating V-column L2-ball constraint active with radius 1.0
2026-05-02 19:06:43 | INFO | Optimizer settings: steps=20000, tol=1e-09, n_starts=5, seed=0, lambda_nuclear=0.0, lambda_frobenius=0.0, lambda_uv_ridge=0.05, v_column_l2_max=1.0, proximal_lr=1.0
2026-05-02 19:06:43 | INFO | Alternating low-rank start 1/5 | seed=0 | initial_loss=0.766714 | initial_penalized=0.766715
2026-05-02 19:06:43 | INFO | Alternating low-rank iter 0 | Loss: 0.598027 | Penalized: 0.600880
2026-05-02 19:06:53 | INFO | Alternating low-rank iter 100 | Loss: 0.551760 | Penalized: 0.561026
2026-05-02 19:07:06 | INFO | Alternating low-rank iter 200 | Loss: 0.551638 | Penalized: 0.560893
2026-05-02 19:07:15 | INFO | Alternating low-rank iter 300 | Loss: 0.551636 | Penalized: 0.560890
2026-05-02 19:07:25 | INFO | Alternating low-rank iter 400 | Loss: 0.551636 | Penalized: 0.560890
2026-05-02 19:07:26 | INFO | Alternating low-rank start 2/5 | seed=1 | initial_loss=0.682893 | initial_penalized=0.682895
2026-05-02 19:07:26 | INFO | Alternating low-rank iter 0 | Loss: 0.593732 | Penalized: 0.596491
2026-05-02 19:07:37 | INFO | Alternating low-rank iter 100 | Loss: 0.551747 | Penalized: 0.561008
2026-05-02 19:07:48 | INFO | Alternating low-rank iter 200 | Loss: 0.551638 | Penalized: 0.560892
2026-05-02 19:07:59 | INFO | Alternating low-rank iter 300 | Loss: 0.551636 | Penalized: 0.560890
2026-05-02 19:08:02 | INFO | Alternating low-rank start 3/5 | seed=2 | initial_loss=0.704945 | initial_penalized=0.704947
2026-05-02 19:08:02 | INFO | Alternating low-rank iter 0 | Loss: 0.585369 | Penalized: 0.589030
2026-05-02 19:08:11 | INFO | Alternating low-rank iter 100 | Loss: 0.551728 | Penalized: 0.560989
2026-05-02 19:08:21 | INFO | Alternating low-rank iter 200 | Loss: 0.551637 | Penalized: 0.560892
2026-05-02 19:08:30 | INFO | Alternating low-rank iter 300 | Loss: 0.551635 | Penalized: 0.560890
2026-05-02 19:08:32 | INFO | Alternating low-rank start 4/5 | seed=3 | initial_loss=0.657538 | initial_penalized=0.657540
2026-05-02 19:08:32 | INFO | Alternating low-rank iter 0 | Loss: 0.579483 | Penalized: 0.583736
2026-05-02 19:08:42 | INFO | Alternating low-rank iter 100 | Loss: 0.551708 | Penalized: 0.560969
2026-05-02 19:08:51 | INFO | Alternating low-rank iter 200 | Loss: 0.551637 | Penalized: 0.560892
2026-05-02 19:09:01 | INFO | Alternating low-rank iter 300 | Loss: 0.551636 | Penalized: 0.560890
2026-05-02 19:09:10 | INFO | Alternating low-rank iter 400 | Loss: 0.551636 | Penalized: 0.560890
2026-05-02 19:09:11 | INFO | Alternating low-rank start 5/5 | seed=4 | initial_loss=0.717616 | initial_penalized=0.717618
2026-05-02 19:09:11 | INFO | Alternating low-rank iter 0 | Loss: 0.594095 | Penalized: 0.597790
2026-05-02 19:09:21 | INFO | Alternating low-rank iter 100 | Loss: 0.549995 | Penalized: 0.559943
2026-05-02 19:09:31 | INFO | Alternating low-rank iter 200 | Loss: 0.549901 | Penalized: 0.559817
2026-05-02 19:09:40 | INFO | Alternating low-rank iter 300 | Loss: 0.549902 | Penalized: 0.559816
2026-05-02 19:09:41 | INFO | Done fitting.
2026-05-02 19:09:41 | INFO | Optimizer status: CONVERGED: alternating objective tolerance reached
2026-05-02 19:09:41 | INFO | Best optimizer start: 5 / 5
2026-05-02 19:09:41 | INFO | Final Loss: 0.549902
2026-05-02 19:09:41 | INFO | Estimated vs True Parameters:
2026-05-02 19:09:41 | INFO |   beta: -0.2276 (True: -0.3000) | SQE: 0.005247
2026-05-02 19:09:41 | INFO |   xi: 0.8654 (True: 0.8000) | SQE: 0.004277
2026-05-02 19:09:41 | INFO |   eta: 0.2936 (True: 0.3000) | SQE: 0.000041
2026-05-02 19:09:41 | INFO | Alternating low-rank optimizer diagnostics:
2026-05-02 19:09:41 | INFO |   penalized_objective: 0.559816
2026-05-02 19:09:41 | INFO |   mple_loss_without_penalty: 0.549902
2026-05-02 19:09:41 | INFO |   lambda_uv_ridge: 0.050000
2026-05-02 19:09:41 | INFO |   u_frobenius_norm: 262.142369
2026-05-02 19:09:41 | INFO |   v_frobenius_norm: 2.236068
2026-05-02 19:09:41 | INFO |   effective_rank: 5.000000
2026-05-02 19:09:41 | INFO | Field and interaction diagnostics:
2026-05-02 19:09:41 | INFO |   field_rmse: 0.306436
2026-05-02 19:09:41 | INFO |   interaction_fro_error: 0.618479
2026-05-02 19:09:41 | INFO |   estimated_field_max_abs_entry: 2.858835
2026-05-02 19:09:41 | INFO |   estimated_field_rank: 5.000000
2026-05-02 19:09:41 | INFO |   true_field_max_abs_entry: 3.005890
2026-05-02 19:09:41 | INFO |   true_field_rank: 5.000000
2026-05-02 19:09:41 | INFO | Saved summary table to /orcd/home/002/phevosp/MPLE-Causal-Inference/experiments/HybridExperiments_r5_c1_v2/r5_c1_hybrid_us_county_intervention_uscounty_graph_contiguous_confounding/fits/alternating_rank_5_uv_5_e2_beta_mask/mple_summary.csv
2026-05-02 19:09:41 | INFO | Log saved to /orcd/home/002/phevosp/MPLE-Causal-Inference/experiments/HybridExperiments_r5_c1_v2/r5_c1_hybrid_us_county_intervention_uscounty_graph_contiguous_confounding/fits/alternating_rank_5_uv_5_e2_beta_mask/mple.log
