2026-04-08 12:08:44 | INFO | Loading data...
2026-04-08 12:08:44 | INFO | Loaded 6 field templates and 1 interaction templates.
2026-04-08 12:08:44 | INFO | Intervention-process model enabled: True
2026-04-08 12:08:44 | INFO | Tau zero-mean enabled: False
2026-04-08 12:08:44 | INFO | Tau smoothness lambda: 0.000000
2026-04-08 12:08:44 | INFO | Running conditional-model MPLE on x with shape=(70, 3135)
2026-04-08 12:08:45 | INFO | Eval 0  |  Loss: 0.704359
2026-04-08 12:08:45 | INFO |   field::population_density: +0.0126,  field::senior_population: -0.0132,  field::college_education: +0.0640,  field::poverty_rate: +0.0105,  field::log_population: -0.0536,  field::median_household_income: +0.0362,  tau block: mean=+0.0096, std=0.0990, min=-0.2325, max=+0.1960,  beta: -0.0662,  interaction::contiguity: +0.0935,  eta: +0.0049,  zeta: +0.2002,  psi: +0.0189
2026-04-08 12:08:48 | INFO | Done fitting.
2026-04-08 12:08:48 | INFO | Optimizer status: CONVERGENCE: RELATIVE REDUCTION OF F <= FACTR*EPSMCH
2026-04-08 12:08:48 | INFO | Final Loss: 0.286501
2026-04-08 12:08:48 | INFO | Estimated Parameters:
2026-04-08 12:08:48 | INFO |   field::population_density: -1.5722
2026-04-08 12:08:48 | INFO |   field::senior_population: -0.1294
2026-04-08 12:08:48 | INFO |   field::college_education: -0.8341
2026-04-08 12:08:48 | INFO |   field::poverty_rate: -0.7868
2026-04-08 12:08:48 | INFO |   field::log_population: 1.1958
2026-04-08 12:08:48 | INFO |   field::median_household_income: -0.7042
2026-04-08 12:08:48 | INFO |   tau::t_0: 0.0946
2026-04-08 12:08:48 | INFO |   tau::t_1: 0.0816
2026-04-08 12:08:48 | INFO |   tau::t_2: 0.0747
2026-04-08 12:08:48 | INFO |   tau::t_3: 0.0802
2026-04-08 12:08:48 | INFO |   tau::t_4: 0.0264
2026-04-08 12:08:48 | INFO |   tau::t_5: -0.0800
2026-04-08 12:08:48 | INFO |   tau::t_6: 0.0020
2026-04-08 12:08:48 | INFO |   tau::t_7: -0.0466
2026-04-08 12:08:48 | INFO |   tau::t_8: -0.1189
2026-04-08 12:08:48 | INFO |   tau::t_9: -0.1960
2026-04-08 12:08:48 | INFO |   tau::t_10: -0.2134
2026-04-08 12:08:48 | INFO |   tau::t_11: -0.2503
2026-04-08 12:08:48 | INFO |   tau::t_12: -0.2321
2026-04-08 12:08:48 | INFO |   tau::t_13: -0.2168
2026-04-08 12:08:48 | INFO |   tau::t_14: -0.2837
2026-04-08 12:08:48 | INFO |   tau::t_15: -0.2949
2026-04-08 12:08:48 | INFO |   tau::t_16: -0.2871
2026-04-08 12:08:48 | INFO |   tau::t_17: -0.3176
2026-04-08 12:08:48 | INFO |   tau::t_18: -0.3318
2026-04-08 12:08:48 | INFO |   tau::t_19: -0.2468
2026-04-08 12:08:48 | INFO |   tau::t_20: -0.4211
2026-04-08 12:08:48 | INFO |   tau::t_21: -0.3767
2026-04-08 12:08:48 | INFO |   tau::t_22: -0.5163
2026-04-08 12:08:48 | INFO |   tau::t_23: -0.5271
2026-04-08 12:08:48 | INFO |   tau::t_24: -0.5554
2026-04-08 12:08:48 | INFO |   tau::t_25: -0.6448
2026-04-08 12:08:48 | INFO |   tau::t_26: -0.5195
2026-04-08 12:08:48 | INFO |   tau::t_27: -0.5050
2026-04-08 12:08:48 | INFO |   tau::t_28: -0.4504
2026-04-08 12:08:48 | INFO |   tau::t_29: -0.3138
2026-04-08 12:08:48 | INFO |   tau::t_30: -0.2184
2026-04-08 12:08:48 | INFO |   tau::t_31: -0.1390
2026-04-08 12:08:48 | INFO |   tau::t_32: -0.0783
2026-04-08 12:08:48 | INFO |   tau::t_33: -0.0556
2026-04-08 12:08:48 | INFO |   tau::t_34: -0.0217
2026-04-08 12:08:48 | INFO |   tau::t_35: 0.0916
2026-04-08 12:08:48 | INFO |   tau::t_36: 0.0877
2026-04-08 12:08:48 | INFO |   tau::t_37: 0.0957
2026-04-08 12:08:48 | INFO |   tau::t_38: 0.0508
2026-04-08 12:08:48 | INFO |   tau::t_39: 0.0432
2026-04-08 12:08:48 | INFO |   tau::t_40: 0.0595
2026-04-08 12:08:48 | INFO |   tau::t_41: 0.0386
2026-04-08 12:08:48 | INFO |   tau::t_42: -0.0293
2026-04-08 12:08:48 | INFO |   tau::t_43: -0.0351
2026-04-08 12:08:48 | INFO |   tau::t_44: -0.0155
2026-04-08 12:08:48 | INFO |   tau::t_45: -0.1921
2026-04-08 12:08:48 | INFO |   tau::t_46: 0.0671
2026-04-08 12:08:48 | INFO |   tau::t_47: -0.0076
2026-04-08 12:08:48 | INFO |   tau::t_48: -0.0171
2026-04-08 12:08:48 | INFO |   tau::t_49: -0.0647
2026-04-08 12:08:48 | INFO |   tau::t_50: -0.0381
2026-04-08 12:08:48 | INFO |   tau::t_51: 0.0480
2026-04-08 12:08:48 | INFO |   tau::t_52: 0.0425
2026-04-08 12:08:48 | INFO |   tau::t_53: 0.0672
2026-04-08 12:08:48 | INFO |   tau::t_54: 0.1376
2026-04-08 12:08:48 | INFO |   tau::t_55: 0.1848
2026-04-08 12:08:48 | INFO |   tau::t_56: 0.1780
2026-04-08 12:08:48 | INFO |   tau::t_57: 0.1488
2026-04-08 12:08:48 | INFO |   tau::t_58: 0.0761
2026-04-08 12:08:48 | INFO |   tau::t_59: 0.0277
2026-04-08 12:08:48 | INFO |   tau::t_60: -0.0635
2026-04-08 12:08:48 | INFO |   tau::t_61: -0.0736
2026-04-08 12:08:48 | INFO |   tau::t_62: -0.1645
2026-04-08 12:08:48 | INFO |   tau::t_63: -0.2317
2026-04-08 12:08:48 | INFO |   tau::t_64: -0.3318
2026-04-08 12:08:48 | INFO |   tau::t_65: -0.3153
2026-04-08 12:08:48 | INFO |   tau::t_66: -0.4268
2026-04-08 12:08:48 | INFO |   tau::t_67: -0.4298
2026-04-08 12:08:48 | INFO |   tau::t_68: -0.2804
2026-04-08 12:08:48 | INFO |   tau::t_69: -0.5307
2026-04-08 12:08:48 | INFO |   beta: -0.0426
2026-04-08 12:08:48 | INFO |   interaction::contiguity: 1.3686
2026-04-08 12:08:48 | INFO |   eta: 0.2174
2026-04-08 12:08:48 | INFO |   zeta: -0.0722
2026-04-08 12:08:48 | INFO |   psi: 2.0400
2026-04-08 12:08:48 | INFO | Saved summary tables to C:\Users\phevo\Documents\MIT\Code\MPLE-Causal-Inference\experiments\USCountyVaccination_US_features_new\outcome_death_rate_100k_ge_2__intervention_partial_cov_ge_10__lag_0w__contiguity\mple_summary.csv and C:\Users\phevo\Documents\MIT\Code\MPLE-Causal-Inference\experiments\USCountyVaccination_US_features_new\outcome_death_rate_100k_ge_2__intervention_partial_cov_ge_10__lag_0w__contiguity\mple_summary.md
2026-04-08 12:08:48 | INFO | Log saved to C:\Users\phevo\Documents\MIT\Code\MPLE-Causal-Inference\experiments\USCountyVaccination_US_features_new\outcome_death_rate_100k_ge_2__intervention_partial_cov_ge_10__lag_0w__contiguity\mple.log
