2026-04-08 11:58:43 | INFO | Loading data...
2026-04-08 11:58:44 | INFO | Loaded 6 field templates and 1 interaction templates.
2026-04-08 11:58:44 | INFO | Intervention-process model enabled: True
2026-04-08 11:58:44 | INFO | Tau zero-mean enabled: False
2026-04-08 11:58:44 | INFO | Tau smoothness lambda: 0.000000
2026-04-08 11:58:44 | INFO | Running conditional-model MPLE on x with shape=(67, 3203)
2026-04-08 11:58:44 | INFO | Eval 0  |  Loss: 0.684938
2026-04-08 11:58:44 | INFO |   field::population_density: +0.0126,  field::senior_population: -0.0132,  field::college_education: +0.0640,  field::poverty_rate: +0.0105,  field::log_population: -0.0536,  field::median_household_income: +0.0362,  tau block: mean=+0.0102, std=0.0970, min=-0.2325, max=+0.1960,  beta: -0.0618,  interaction::contiguity: +0.1822,  eta: -0.1320,  zeta: -0.0662,  psi: +0.0935
2026-04-08 11:58:48 | INFO | Eval 100  |  Loss: 0.178569
2026-04-08 11:58:48 | INFO |   field::population_density: -0.3213,  field::senior_population: -0.2902,  field::college_education: -0.0119,  field::poverty_rate: -0.2922,  field::log_population: +0.2607,  field::median_household_income: -0.2336,  tau block: mean=+0.1294, std=0.4363, min=-0.3552, max=+1.8851,  beta: +0.0066,  interaction::contiguity: +2.4710,  eta: +0.5060,  zeta: +0.1022,  psi: +2.1226
2026-04-08 11:58:48 | INFO | Done fitting.
2026-04-08 11:58:48 | INFO | Optimizer status: CONVERGENCE: RELATIVE REDUCTION OF F <= FACTR*EPSMCH
2026-04-08 11:58:48 | INFO | Final Loss: 0.178569
2026-04-08 11:58:48 | INFO | Estimated Parameters:
2026-04-08 11:58:48 | INFO |   field::population_density: -0.3213
2026-04-08 11:58:48 | INFO |   field::senior_population: -0.2902
2026-04-08 11:58:48 | INFO |   field::college_education: -0.0119
2026-04-08 11:58:48 | INFO |   field::poverty_rate: -0.2922
2026-04-08 11:58:48 | INFO |   field::log_population: 0.2607
2026-04-08 11:58:48 | INFO |   field::median_household_income: -0.2336
2026-04-08 11:58:48 | INFO |   tau::t_0: -0.0097
2026-04-08 11:58:48 | INFO |   tau::t_1: -0.1115
2026-04-08 11:58:48 | INFO |   tau::t_2: -0.2400
2026-04-08 11:58:48 | INFO |   tau::t_3: 0.0403
2026-04-08 11:58:48 | INFO |   tau::t_4: -0.1593
2026-04-08 11:58:48 | INFO |   tau::t_5: -0.0272
2026-04-08 11:58:48 | INFO |   tau::t_6: -0.0228
2026-04-08 11:58:48 | INFO |   tau::t_7: 0.0653
2026-04-08 11:58:48 | INFO |   tau::t_8: -0.0180
2026-04-08 11:58:48 | INFO |   tau::t_9: 0.1120
2026-04-08 11:58:48 | INFO |   tau::t_10: 0.0385
2026-04-08 11:58:48 | INFO |   tau::t_11: -0.0575
2026-04-08 11:58:48 | INFO |   tau::t_12: -0.0165
2026-04-08 11:58:48 | INFO |   tau::t_13: -0.1049
2026-04-08 11:58:48 | INFO |   tau::t_14: -0.1708
2026-04-08 11:58:48 | INFO |   tau::t_15: -0.1982
2026-04-08 11:58:48 | INFO |   tau::t_16: -0.1548
2026-04-08 11:58:48 | INFO |   tau::t_17: -0.3552
2026-04-08 11:58:48 | INFO |   tau::t_18: -0.1657
2026-04-08 11:58:48 | INFO |   tau::t_19: -0.3481
2026-04-08 11:58:48 | INFO |   tau::t_20: -0.2921
2026-04-08 11:58:48 | INFO |   tau::t_21: -0.2384
2026-04-08 11:58:48 | INFO |   tau::t_22: -0.0446
2026-04-08 11:58:48 | INFO |   tau::t_23: 0.0627
2026-04-08 11:58:48 | INFO |   tau::t_24: 0.2174
2026-04-08 11:58:48 | INFO |   tau::t_25: 0.2811
2026-04-08 11:58:48 | INFO |   tau::t_26: 0.3227
2026-04-08 11:58:48 | INFO |   tau::t_27: 0.3790
2026-04-08 11:58:48 | INFO |   tau::t_28: 0.2963
2026-04-08 11:58:48 | INFO |   tau::t_29: 0.3981
2026-04-08 11:58:48 | INFO |   tau::t_30: 0.3871
2026-04-08 11:58:48 | INFO |   tau::t_31: 0.2727
2026-04-08 11:58:48 | INFO |   tau::t_32: 0.4309
2026-04-08 11:58:48 | INFO |   tau::t_33: 0.3738
2026-04-08 11:58:48 | INFO |   tau::t_34: 0.1894
2026-04-08 11:58:48 | INFO |   tau::t_35: 0.0722
2026-04-08 11:58:48 | INFO |   tau::t_36: -0.0606
2026-04-08 11:58:48 | INFO |   tau::t_37: -0.0185
2026-04-08 11:58:48 | INFO |   tau::t_38: -0.0579
2026-04-08 11:58:48 | INFO |   tau::t_39: -0.0129
2026-04-08 11:58:48 | INFO |   tau::t_40: 0.0740
2026-04-08 11:58:48 | INFO |   tau::t_41: 0.1135
2026-04-08 11:58:48 | INFO |   tau::t_42: -0.2096
2026-04-08 11:58:48 | INFO |   tau::t_43: 0.4341
2026-04-08 11:58:48 | INFO |   tau::t_44: 0.1161
2026-04-08 11:58:48 | INFO |   tau::t_45: 0.0902
2026-04-08 11:58:48 | INFO |   tau::t_46: 0.1234
2026-04-08 11:58:48 | INFO |   tau::t_47: 0.5860
2026-04-08 11:58:48 | INFO |   tau::t_48: 1.1275
2026-04-08 11:58:48 | INFO |   tau::t_49: 1.1865
2026-04-08 11:58:48 | INFO |   tau::t_50: 1.8851
2026-04-08 11:58:48 | INFO |   tau::t_51: 1.8618
2026-04-08 11:58:48 | INFO |   tau::t_52: 1.0827
2026-04-08 11:58:48 | INFO |   tau::t_53: 0.3629
2026-04-08 11:58:48 | INFO |   tau::t_54: -0.0567
2026-04-08 11:58:48 | INFO |   tau::t_55: -0.3262
2026-04-08 11:58:48 | INFO |   tau::t_56: -0.2651
2026-04-08 11:58:48 | INFO |   tau::t_57: -0.2395
2026-04-08 11:58:48 | INFO |   tau::t_58: -0.1692
2026-04-08 11:58:48 | INFO |   tau::t_59: -0.1405
2026-04-08 11:58:48 | INFO |   tau::t_60: -0.1851
2026-04-08 11:58:48 | INFO |   tau::t_61: -0.0846
2026-04-08 11:58:48 | INFO |   tau::t_62: -0.1055
2026-04-08 11:58:48 | INFO |   tau::t_63: 0.0939
2026-04-08 11:58:48 | INFO |   tau::t_64: 0.0245
2026-04-08 11:58:48 | INFO |   tau::t_65: 0.1086
2026-04-08 11:58:48 | INFO |   tau::t_66: 0.1257
2026-04-08 11:58:48 | INFO |   beta: 0.0066
2026-04-08 11:58:48 | INFO |   interaction::contiguity: 2.4710
2026-04-08 11:58:48 | INFO |   eta: 0.5060
2026-04-08 11:58:48 | INFO |   zeta: 0.1022
2026-04-08 11:58:48 | INFO |   psi: 2.1226
2026-04-08 11:58:48 | INFO | Saved summary tables to C:\Users\phevo\Documents\MIT\Code\MPLE-Causal-Inference\experiments\USCountyVaccination_US_features_new\outcome_case_rate_100k_ge_100__intervention_complete_cov_ge_40__lag_3w__contiguity\mple_summary.csv and C:\Users\phevo\Documents\MIT\Code\MPLE-Causal-Inference\experiments\USCountyVaccination_US_features_new\outcome_case_rate_100k_ge_100__intervention_complete_cov_ge_40__lag_3w__contiguity\mple_summary.md
2026-04-08 11:58:48 | INFO | Log saved to C:\Users\phevo\Documents\MIT\Code\MPLE-Causal-Inference\experiments\USCountyVaccination_US_features_new\outcome_case_rate_100k_ge_100__intervention_complete_cov_ge_40__lag_3w__contiguity\mple.log
