2026-04-11 12:51:35 | INFO | Loading data...
2026-04-11 12:51:35 | INFO | Using panel artifact: C:\Users\phevo\Documents\MIT\Code\MPLE-Causal-Inference\experiments\SyntheticExperimentsGrid\fixed_z_complete_cov_ge_40_lag2w_trimmed_uniform_uniform025_xi0p25_20260411_124732\panel_data.npz
2026-04-11 12:51:35 | INFO | Using x_0 artifact: C:\Users\phevo\Documents\MIT\Code\MPLE-Causal-Inference\experiments\SyntheticExperimentsGrid\fixed_z_complete_cov_ge_40_lag2w_trimmed_uniform_uniform025_xi0p25_20260411_124732\x_0.npy
2026-04-11 12:51:35 | INFO | Using z_0 artifact: C:\Users\phevo\Documents\MIT\Code\MPLE-Causal-Inference\experiments\SyntheticExperimentsGrid\fixed_z_complete_cov_ge_40_lag2w_trimmed_uniform_uniform025_xi0p25_20260411_124732\z_0.npy
2026-04-11 12:51:36 | INFO | Loaded field mode: uniform
2026-04-11 12:51:36 | INFO | Using a fixed known graph with scalar xi.
2026-04-11 12:51:36 | INFO | Intervention-process model enabled: False
2026-04-11 12:51:36 | INFO | Eval 0  |  Loss: 0.676813
2026-04-11 12:51:36 | INFO |   beta: +0.0788,  xi: +0.0844,  eta: +0.0076
2026-04-11 12:51:37 | INFO | Done fitting.
2026-04-11 12:51:37 | INFO | Optimizer status: CONVERGENCE: RELATIVE REDUCTION OF F <= FACTR*EPSMCH
2026-04-11 12:51:37 | INFO | Final Loss: 0.634040
2026-04-11 12:51:37 | INFO | Estimated vs True Parameters:
2026-04-11 12:51:37 | INFO |   beta: 0.3500 (True: 0.3500) | SQE: 0.000000
2026-04-11 12:51:37 | INFO |   xi: 0.2160 (True: 0.2500) | SQE: 0.001158
2026-04-11 12:51:37 | INFO |   eta: 0.0790 (True: 0.0800) | SQE: 0.000001
2026-04-11 12:51:37 | INFO | Field and interaction diagnostics:
2026-04-11 12:51:37 | INFO |   field_rmse: 0.018768
2026-04-11 12:51:37 | INFO |   static_field_rmse: 0.000000
2026-04-11 12:51:37 | INFO |   interaction_fro_error: 0.115013
2026-04-11 12:51:37 | INFO |   tau_rmse: 0.018768
2026-04-11 12:51:38 | INFO | Saved summary tables to C:\Users\phevo\Documents\MIT\Code\MPLE-Causal-Inference\experiments\SyntheticExperimentsGrid\fixed_z_complete_cov_ge_40_lag2w_trimmed_uniform_uniform025_xi0p25_20260411_124732\mple_summary.csv and C:\Users\phevo\Documents\MIT\Code\MPLE-Causal-Inference\experiments\SyntheticExperimentsGrid\fixed_z_complete_cov_ge_40_lag2w_trimmed_uniform_uniform025_xi0p25_20260411_124732\mple_summary.md
2026-04-11 12:51:38 | INFO | Log saved to C:\Users\phevo\Documents\MIT\Code\MPLE-Causal-Inference\experiments\SyntheticExperimentsGrid\fixed_z_complete_cov_ge_40_lag2w_trimmed_uniform_uniform025_xi0p25_20260411_124732\mple.log
