2026-05-02 12:16:03 | INFO | Loading data...
2026-05-02 12:16:03 | INFO | Using panel artifact: /orcd/home/002/phevosp/MPLE-Causal-Inference/experiments/Synthetic/spectral_low_rank/panel_data.npz
2026-05-02 12:16:03 | INFO | Using x_0 artifact: /orcd/home/002/phevosp/MPLE-Causal-Inference/experiments/Synthetic/spectral_low_rank/x_0.npy
2026-05-02 12:16:03 | INFO | Using fit config: /orcd/home/002/phevosp/MPLE-Causal-Inference/experiments/Synthetic/spectral_low_rank/cv_runs/alternating_uv_grid/candidates/alternating_uv_grid_candidate_0002/fold_4/fit_realized_config.yaml
2026-05-02 12:16:03 | INFO | Using model artifact directory: /orcd/home/002/phevosp/MPLE-Causal-Inference/experiments/Synthetic/spectral_low_rank
2026-05-02 12:16:03 | INFO | Using truth artifact directory: /orcd/home/002/phevosp/MPLE-Causal-Inference/experiments/Synthetic/spectral_low_rank
2026-05-02 12:16:03 | INFO | Using loss mask artifact: /orcd/home/002/phevosp/MPLE-Causal-Inference/experiments/Synthetic/spectral_low_rank/cv_runs/alternating_uv_grid/candidates/alternating_uv_grid_candidate_0002/fold_4/loss_mask.npy
2026-05-02 12:16:03 | INFO | Configured optimizer mode: alternating_latent_rank
2026-05-02 12:16:03 | INFO | Configured latent rank: 3
2026-05-02 12:16:03 | INFO | Using a fixed known graph with scalar xi.
2026-05-02 12:16:03 | INFO | Fit-time hard bounds active: False
2026-05-02 12:16:03 | INFO | Fixed scalar parameters: {}
2026-05-02 12:16:03 | INFO | Warm-start fixed scalars: {} for 0 steps
2026-05-02 12:16:03 | INFO | Beta mask before s: False with s=0
2026-05-02 12:16:03 | INFO | Beta mask after e: False with e=11
2026-05-02 12:16:03 | INFO | Alternating V-column L2-ball constraint active with radius 1.0
2026-05-02 12:16:03 | INFO | Optimizer settings: steps=2000, tol=1e-07, n_starts=1, seed=0, lambda_nuclear=0.0, lambda_frobenius=0.0, lambda_uv_ridge=0.005, v_column_l2_max=1.0, proximal_lr=1.0
2026-05-02 12:16:03 | INFO | Alternating low-rank start 1/1 | seed=0 | initial_loss=0.832001 | initial_penalized=0.832002
2026-05-02 12:16:03 | INFO | Alternating low-rank iter 0 | Loss: 0.575260 | Penalized: 0.575935
2026-05-02 12:16:04 | INFO | Alternating low-rank iter 100 | Loss: 0.507892 | Penalized: 0.513905
2026-05-02 12:16:05 | INFO | Alternating low-rank iter 200 | Loss: 0.506221 | Penalized: 0.512553
2026-05-02 12:16:05 | INFO | Alternating low-rank iter 300 | Loss: 0.505986 | Penalized: 0.512322
2026-05-02 12:16:06 | INFO | Alternating low-rank iter 400 | Loss: 0.505819 | Penalized: 0.512122
2026-05-02 12:16:07 | INFO | Alternating low-rank iter 500 | Loss: 0.505655 | Penalized: 0.511981
2026-05-02 12:16:08 | INFO | Alternating low-rank iter 600 | Loss: 0.505529 | Penalized: 0.511912
2026-05-02 12:16:08 | INFO | Alternating low-rank iter 700 | Loss: 0.505475 | Penalized: 0.511877
2026-05-02 12:16:09 | INFO | Alternating low-rank iter 800 | Loss: 0.505382 | Penalized: 0.511769
2026-05-02 12:16:10 | INFO | Alternating low-rank iter 900 | Loss: 0.504961 | Penalized: 0.511460
2026-05-02 12:16:11 | INFO | Alternating low-rank iter 1000 | Loss: 0.504921 | Penalized: 0.511438
2026-05-02 12:16:11 | INFO | Done fitting.
2026-05-02 12:16:11 | INFO | Optimizer status: CONVERGED: alternating objective tolerance reached
2026-05-02 12:16:11 | INFO | Best optimizer start: 1 / 1
2026-05-02 12:16:11 | INFO | Final Loss: 0.504915
2026-05-02 12:16:11 | INFO | Estimated vs True Parameters:
2026-05-02 12:16:11 | INFO |   beta: -0.3377 (True: -0.3000) | SQE: 0.001418
2026-05-02 12:16:11 | INFO |   xi: 0.7279 (True: 0.8000) | SQE: 0.005199
2026-05-02 12:16:11 | INFO |   eta: 0.2966 (True: 0.3000) | SQE: 0.000012
2026-05-02 12:16:11 | INFO | Alternating low-rank optimizer diagnostics:
2026-05-02 12:16:11 | INFO |   penalized_objective: 0.511435
2026-05-02 12:16:11 | INFO |   mple_loss_without_penalty: 0.504915
2026-05-02 12:16:11 | INFO |   lambda_uv_ridge: 0.005000
2026-05-02 12:16:11 | INFO |   u_frobenius_norm: 149.989825
2026-05-02 12:16:11 | INFO |   v_frobenius_norm: 1.732051
2026-05-02 12:16:11 | INFO |   effective_rank: 3.000000
2026-05-02 12:16:11 | INFO | Field and interaction diagnostics:
2026-05-02 12:16:11 | INFO |   field_rmse: 0.839164
2026-05-02 12:16:11 | INFO |   interaction_fro_error: 0.255449
2026-05-02 12:16:11 | INFO |   estimated_field_max_abs_entry: 14.599056
2026-05-02 12:16:11 | INFO |   estimated_field_rank: 3.000000
2026-05-02 12:16:11 | INFO |   true_field_max_abs_entry: 2.857994
2026-05-02 12:16:11 | INFO |   true_field_rank: 3.000000
2026-05-02 12:16:11 | INFO | Saved summary table to /orcd/home/002/phevosp/MPLE-Causal-Inference/experiments/Synthetic/spectral_low_rank/cv_runs/alternating_uv_grid/candidates/alternating_uv_grid_candidate_0002/fold_4/mple_summary.csv
2026-05-02 12:16:11 | INFO | Log saved to /orcd/home/002/phevosp/MPLE-Causal-Inference/experiments/Synthetic/spectral_low_rank/cv_runs/alternating_uv_grid/candidates/alternating_uv_grid_candidate_0002/fold_4/mple.log
