2026-04-25 14:38:23 | INFO | Loading data...
2026-04-25 14:38:23 | INFO | Using panel artifact: /orcd/home/002/phevosp/MPLE-Causal-Inference/experiments/USCountyVaccination_US_trimmed/outcome_death_rate_100k_ge_2__intervention_complete_cov_ge_20__lag_2w__contiguity__start_2020_06_07/panel_data.npz
2026-04-25 14:38:23 | INFO | Using x_0 artifact: /orcd/home/002/phevosp/MPLE-Causal-Inference/experiments/USCountyVaccination_US_trimmed/outcome_death_rate_100k_ge_2__intervention_complete_cov_ge_20__lag_2w__contiguity__start_2020_06_07/x_0.npy
2026-04-25 14:38:23 | INFO | Using fit config: /orcd/home/002/phevosp/MPLE-Causal-Inference/experiments/USCountyVaccination_US_trimmed/outcome_death_rate_100k_ge_2__intervention_complete_cov_ge_20__lag_2w__contiguity__start_2020_06_07/fits/alternating_rank_20_lambda_25_beta_mask/fit_realized_config.yaml
2026-04-25 14:38:23 | INFO | Using model artifact directory: /orcd/home/002/phevosp/MPLE-Causal-Inference/experiments/USCountyVaccination_US_trimmed/outcome_death_rate_100k_ge_2__intervention_complete_cov_ge_20__lag_2w__contiguity__start_2020_06_07
2026-04-25 14:38:23 | INFO | Using truth artifact directory: /orcd/home/002/phevosp/MPLE-Causal-Inference/experiments/USCountyVaccination_US_trimmed/outcome_death_rate_100k_ge_2__intervention_complete_cov_ge_20__lag_2w__contiguity__start_2020_06_07
2026-04-25 14:38:23 | INFO | Configured optimizer mode: alternating_latent_rank
2026-04-25 14:38:23 | INFO | Configured latent rank: 20
2026-04-25 14:38:23 | INFO | Using a fixed known graph with scalar xi.
2026-04-25 14:38:23 | INFO | Fit-time hard bounds active: False
2026-04-25 14:38:23 | INFO | Fixed scalar parameters: {}
2026-04-25 14:38:23 | INFO | Beta mask before s: True
2026-04-25 14:38:23 | INFO | Optimizer settings: steps=20000, tol=1e-09, n_starts=1, seed=0, lambda_nuclear=0.0, lambda_frobenius=0.0, lambda_uv_ridge=25.0, proximal_lr=1.0
2026-04-25 14:38:23 | INFO | Alternating low-rank start 1/1 | seed=0 | initial_loss=0.657249 | initial_penalized=0.708379
2026-04-25 14:38:23 | INFO | Alternating low-rank iter 0 | Loss: 0.532263 | Penalized: 0.555957
2026-04-25 14:38:31 | INFO | Alternating low-rank iter 100 | Loss: 0.466356 | Penalized: 0.506287
2026-04-25 14:38:39 | INFO | Alternating low-rank iter 200 | Loss: 0.466721 | Penalized: 0.506111
2026-04-25 14:38:48 | INFO | Alternating low-rank iter 300 | Loss: 0.466741 | Penalized: 0.506109
2026-04-25 14:38:55 | INFO | Done fitting.
2026-04-25 14:38:55 | INFO | Optimizer status: CONVERGED: alternating objective tolerance reached
2026-04-25 14:38:55 | INFO | Best optimizer start: 1 / 1
2026-04-25 14:38:55 | INFO | Final Loss: 0.466735
2026-04-25 14:38:55 | INFO | Estimated Parameters:
2026-04-25 14:38:55 | INFO |   beta: -0.0310
2026-04-25 14:38:55 | INFO |   xi: 1.8339
2026-04-25 14:38:55 | INFO |   eta: 0.2365
2026-04-25 14:38:55 | INFO | Alternating low-rank optimizer diagnostics:
2026-04-25 14:38:55 | INFO |   penalized_objective: 0.506109
2026-04-25 14:38:55 | INFO |   mple_loss_without_penalty: 0.466735
2026-04-25 14:38:55 | INFO |   lambda_uv_ridge: 25.000000
2026-04-25 14:38:55 | INFO |   u_frobenius_norm: 15.470101
2026-04-25 14:38:55 | INFO |   v_frobenius_norm: 15.470102
2026-04-25 14:38:55 | INFO |   effective_rank: 20.000000
2026-04-25 14:38:55 | INFO | Field and interaction diagnostics:
2026-04-25 14:38:55 | INFO |   estimated_field_max_abs_entry: 0.890019
2026-04-25 14:38:55 | INFO |   estimated_field_rank: 20.000000
2026-04-25 14:38:55 | INFO | Saved summary tables to /orcd/home/002/phevosp/MPLE-Causal-Inference/experiments/USCountyVaccination_US_trimmed/outcome_death_rate_100k_ge_2__intervention_complete_cov_ge_20__lag_2w__contiguity__start_2020_06_07/fits/alternating_rank_20_lambda_25_beta_mask/mple_summary.csv and /orcd/home/002/phevosp/MPLE-Causal-Inference/experiments/USCountyVaccination_US_trimmed/outcome_death_rate_100k_ge_2__intervention_complete_cov_ge_20__lag_2w__contiguity__start_2020_06_07/fits/alternating_rank_20_lambda_25_beta_mask/mple_summary.md
2026-04-25 14:38:55 | INFO | Log saved to /orcd/home/002/phevosp/MPLE-Causal-Inference/experiments/USCountyVaccination_US_trimmed/outcome_death_rate_100k_ge_2__intervention_complete_cov_ge_20__lag_2w__contiguity__start_2020_06_07/fits/alternating_rank_20_lambda_25_beta_mask/mple.log
