2026-04-07 11:54:20 | INFO | Loading data...
2026-04-07 11:54:20 | INFO | Loaded 6 field templates and 1 interaction templates.
2026-04-07 11:54:20 | INFO | Intervention-process model enabled: True
2026-04-07 11:54:20 | INFO | Tau zero-mean enabled: True
2026-04-07 11:54:20 | INFO | Tau smoothness lambda: 0.000000
2026-04-07 11:54:20 | INFO | Running conditional-model MPLE on x with shape=(66, 3137)
2026-04-07 11:54:20 | INFO | Eval 0  |  Loss: 0.687981
2026-04-07 11:54:20 | INFO |   field::log_population: +0.0126,  field::median_household_income: -0.0132,  field::poverty_rate: +0.0640,  field::pct_black: +0.0105,  field::pct_hispanic: -0.0536,  field::pct_in_labor_force: +0.0362,  tau block: mean=+0.0000, std=0.0971, min=-0.2414, max=+0.1872,  beta: +0.1004,  interaction::contiguity: -0.0618,  eta: +0.1822,  zeta: -0.1320,  psi: -0.0662
2026-04-07 11:54:23 | INFO | Done fitting.
2026-04-07 11:54:23 | INFO | Optimizer status: CONVERGENCE: RELATIVE REDUCTION OF F <= FACTR*EPSMCH
2026-04-07 11:54:23 | INFO | Final Loss: 0.179282
2026-04-07 11:54:23 | INFO | Estimated Parameters:
2026-04-07 11:54:23 | INFO |   field::log_population: 0.2648
2026-04-07 11:54:23 | INFO |   field::median_household_income: -0.1832
2026-04-07 11:54:23 | INFO |   field::poverty_rate: -0.0213
2026-04-07 11:54:23 | INFO |   field::pct_black: -0.1539
2026-04-07 11:54:23 | INFO |   field::pct_hispanic: -0.0927
2026-04-07 11:54:23 | INFO |   field::pct_in_labor_force: 0.0866
2026-04-07 11:54:23 | INFO |   tau::t_0: -0.1526
2026-04-07 11:54:23 | INFO |   tau::t_1: -0.2697
2026-04-07 11:54:23 | INFO |   tau::t_2: 0.0173
2026-04-07 11:54:23 | INFO |   tau::t_3: -0.1893
2026-04-07 11:54:23 | INFO |   tau::t_4: -0.0501
2026-04-07 11:54:23 | INFO |   tau::t_5: -0.0479
2026-04-07 11:54:23 | INFO |   tau::t_6: 0.0402
2026-04-07 11:54:23 | INFO |   tau::t_7: -0.0516
2026-04-07 11:54:23 | INFO |   tau::t_8: 0.0917
2026-04-07 11:54:23 | INFO |   tau::t_9: 0.0017
2026-04-07 11:54:23 | INFO |   tau::t_10: -0.1018
2026-04-07 11:54:23 | INFO |   tau::t_11: -0.0660
2026-04-07 11:54:23 | INFO |   tau::t_12: -0.1709
2026-04-07 11:54:23 | INFO |   tau::t_13: -0.2450
2026-04-07 11:54:23 | INFO |   tau::t_14: -0.2828
2026-04-07 11:54:23 | INFO |   tau::t_15: -0.2820
2026-04-07 11:54:23 | INFO |   tau::t_16: -0.4955
2026-04-07 11:54:23 | INFO |   tau::t_17: -0.2669
2026-04-07 11:54:23 | INFO |   tau::t_18: -0.4944
2026-04-07 11:54:23 | INFO |   tau::t_19: -0.4501
2026-04-07 11:54:23 | INFO |   tau::t_20: -0.3644
2026-04-07 11:54:23 | INFO |   tau::t_21: -0.1218
2026-04-07 11:54:23 | INFO |   tau::t_22: -0.0006
2026-04-07 11:54:23 | INFO |   tau::t_23: 0.1813
2026-04-07 11:54:23 | INFO |   tau::t_24: 0.2272
2026-04-07 11:54:23 | INFO |   tau::t_25: 0.2579
2026-04-07 11:54:23 | INFO |   tau::t_26: 0.2949
2026-04-07 11:54:23 | INFO |   tau::t_27: 0.1919
2026-04-07 11:54:23 | INFO |   tau::t_28: 0.2618
2026-04-07 11:54:23 | INFO |   tau::t_29: 0.2330
2026-04-07 11:54:23 | INFO |   tau::t_30: 0.1260
2026-04-07 11:54:23 | INFO |   tau::t_31: 0.2595
2026-04-07 11:54:23 | INFO |   tau::t_32: 0.2003
2026-04-07 11:54:23 | INFO |   tau::t_33: 0.0848
2026-04-07 11:54:23 | INFO |   tau::t_34: -0.0247
2026-04-07 11:54:23 | INFO |   tau::t_35: -0.1240
2026-04-07 11:54:23 | INFO |   tau::t_36: -0.0778
2026-04-07 11:54:23 | INFO |   tau::t_37: -0.1228
2026-04-07 11:54:23 | INFO |   tau::t_38: -0.0713
2026-04-07 11:54:23 | INFO |   tau::t_39: 0.0073
2026-04-07 11:54:23 | INFO |   tau::t_40: 0.0426
2026-04-07 11:54:23 | INFO |   tau::t_41: -0.2866
2026-04-07 11:54:23 | INFO |   tau::t_42: 0.3703
2026-04-07 11:54:23 | INFO |   tau::t_43: 0.0408
2026-04-07 11:54:23 | INFO |   tau::t_44: 0.0219
2026-04-07 11:54:23 | INFO |   tau::t_45: 0.0588
2026-04-07 11:54:23 | INFO |   tau::t_46: 0.4854
2026-04-07 11:54:23 | INFO |   tau::t_47: 0.7411
2026-04-07 11:54:23 | INFO |   tau::t_48: 0.6413
2026-04-07 11:54:23 | INFO |   tau::t_49: 0.7549
2026-04-07 11:54:23 | INFO |   tau::t_50: 0.7359
2026-04-07 11:54:23 | INFO |   tau::t_51: 0.5906
2026-04-07 11:54:23 | INFO |   tau::t_52: 0.1995
2026-04-07 11:54:23 | INFO |   tau::t_53: -0.1389
2026-04-07 11:54:23 | INFO |   tau::t_54: -0.3958
2026-04-07 11:54:23 | INFO |   tau::t_55: -0.3463
2026-04-07 11:54:23 | INFO |   tau::t_56: -0.3154
2026-04-07 11:54:23 | INFO |   tau::t_57: -0.2563
2026-04-07 11:54:23 | INFO |   tau::t_58: -0.2304
2026-04-07 11:54:23 | INFO |   tau::t_59: -0.2982
2026-04-07 11:54:23 | INFO |   tau::t_60: -0.1771
2026-04-07 11:54:23 | INFO |   tau::t_61: -0.2234
2026-04-07 11:54:23 | INFO |   tau::t_62: 0.0013
2026-04-07 11:54:23 | INFO |   tau::t_63: -0.0597
2026-04-07 11:54:23 | INFO |   tau::t_64: 0.0418
2026-04-07 11:54:23 | INFO |   tau::t_65: 0.0494
2026-04-07 11:54:23 | INFO |   beta: 0.0266
2026-04-07 11:54:23 | INFO |   interaction::contiguity: 2.4798
2026-04-07 11:54:23 | INFO |   eta: 0.5175
2026-04-07 11:54:23 | INFO |   zeta: 0.0843
2026-04-07 11:54:23 | INFO |   psi: 2.0413
2026-04-07 11:54:23 | INFO | Saved summary tables to C:\Users\phevo\Documents\MIT\Code\MPLE-Causal-Inference\experiments\USCountyVaccination_US_tau_zero_mean\outcome_case_rate_100k_ge_100__intervention_partial_cov_ge_30__lag_4w__contiguity\mple_summary.csv and C:\Users\phevo\Documents\MIT\Code\MPLE-Causal-Inference\experiments\USCountyVaccination_US_tau_zero_mean\outcome_case_rate_100k_ge_100__intervention_partial_cov_ge_30__lag_4w__contiguity\mple_summary.md
2026-04-07 11:54:23 | INFO | Log saved to C:\Users\phevo\Documents\MIT\Code\MPLE-Causal-Inference\experiments\USCountyVaccination_US_tau_zero_mean\outcome_case_rate_100k_ge_100__intervention_partial_cov_ge_30__lag_4w__contiguity\mple.log
