2026-05-01 20:52:18 | INFO | Loading data...
2026-05-01 20:52:18 | INFO | Using panel artifact: /orcd/home/002/phevosp/MPLE-Causal-Inference/experiments/SyntheticHybridExperimentsFinal/base/panel_data.npz
2026-05-01 20:52:18 | INFO | Using x_0 artifact: /orcd/home/002/phevosp/MPLE-Causal-Inference/experiments/SyntheticHybridExperimentsFinal/base/x_0.npy
2026-05-01 20:52:18 | INFO | Using fit config: /orcd/home/002/phevosp/MPLE-Causal-Inference/experiments/SyntheticHybridExperimentsFinal/base/cv_runs/alternating_uv_grid/candidates/alternating_uv_grid_candidate_0008/fold_8/fit_realized_config.yaml
2026-05-01 20:52:18 | INFO | Using model artifact directory: /orcd/home/002/phevosp/MPLE-Causal-Inference/experiments/SyntheticHybridExperimentsFinal/base
2026-05-01 20:52:18 | INFO | Using truth artifact directory: /orcd/home/002/phevosp/MPLE-Causal-Inference/experiments/SyntheticHybridExperimentsFinal/base
2026-05-01 20:52:18 | INFO | Using loss mask artifact: /orcd/home/002/phevosp/MPLE-Causal-Inference/experiments/SyntheticHybridExperimentsFinal/base/cv_runs/alternating_uv_grid/candidates/alternating_uv_grid_candidate_0008/fold_8/loss_mask.npy
2026-05-01 20:52:18 | INFO | Configured optimizer mode: alternating_latent_rank
2026-05-01 20:52:18 | INFO | Configured latent rank: 3
2026-05-01 20:52:18 | INFO | Using a fixed known graph with scalar xi.
2026-05-01 20:52:18 | INFO | Fit-time hard bounds active: False
2026-05-01 20:52:18 | INFO | Fixed scalar parameters: {}
2026-05-01 20:52:18 | INFO | Warm-start fixed scalars: {} for 0 steps
2026-05-01 20:52:18 | INFO | Beta mask before s: False with s=0
2026-05-01 20:52:18 | INFO | Beta mask after e: False with e=11
2026-05-01 20:52:18 | INFO | Alternating V-column L2-ball constraint active with radius 1.0
2026-05-01 20:52:18 | INFO | Optimizer settings: steps=2000, tol=1e-07, n_starts=1, seed=0, lambda_nuclear=0.0, lambda_frobenius=0.0, lambda_uv_ridge=1.5, v_column_l2_max=1.0, proximal_lr=1.0
2026-05-01 20:52:18 | INFO | Alternating low-rank start 1/1 | seed=0 | initial_loss=0.839148 | initial_penalized=0.839545
2026-05-01 20:52:18 | INFO | Alternating low-rank iter 0 | Loss: 0.625925 | Penalized: 0.634056
2026-05-01 20:52:19 | INFO | Alternating low-rank iter 100 | Loss: 0.589635 | Penalized: 0.599225
2026-05-01 20:52:21 | INFO | Alternating low-rank iter 200 | Loss: 0.589094 | Penalized: 0.598711
2026-05-01 20:52:22 | INFO | Done fitting.
2026-05-01 20:52:22 | INFO | Optimizer status: CONVERGED: alternating objective tolerance reached
2026-05-01 20:52:22 | INFO | Best optimizer start: 1 / 1
2026-05-01 20:52:22 | INFO | Final Loss: 0.589049
2026-05-01 20:52:22 | INFO | Estimated vs True Parameters:
2026-05-01 20:52:22 | INFO |   beta: -0.3071 (True: -0.3000) | SQE: 0.000051
2026-05-01 20:52:22 | INFO |   xi: 0.7885 (True: 0.8000) | SQE: 0.000133
2026-05-01 20:52:22 | INFO |   eta: 0.3017 (True: 0.3000) | SQE: 0.000003
2026-05-01 20:52:22 | INFO | Alternating low-rank optimizer diagnostics:
2026-05-01 20:52:22 | INFO |   penalized_objective: 0.598675
2026-05-01 20:52:22 | INFO |   mple_loss_without_penalty: 0.589049
2026-05-01 20:52:22 | INFO |   lambda_uv_ridge: 1.500000
2026-05-01 20:52:22 | INFO |   u_frobenius_norm: 10.378766
2026-05-01 20:52:22 | INFO |   v_frobenius_norm: 1.732051
2026-05-01 20:52:22 | INFO |   effective_rank: 3.000000
2026-05-01 20:52:22 | INFO | Field and interaction diagnostics:
2026-05-01 20:52:22 | INFO |   field_rmse: 0.065787
2026-05-01 20:52:22 | INFO |   interaction_fro_error: 0.040863
2026-05-01 20:52:22 | INFO |   estimated_field_max_abs_entry: 0.399285
2026-05-01 20:52:22 | INFO |   estimated_field_rank: 3.000000
2026-05-01 20:52:22 | INFO |   true_field_max_abs_entry: 0.000000
2026-05-01 20:52:22 | INFO |   true_field_rank: 0.000000
2026-05-01 20:52:22 | INFO | Saved summary table to /orcd/home/002/phevosp/MPLE-Causal-Inference/experiments/SyntheticHybridExperimentsFinal/base/cv_runs/alternating_uv_grid/candidates/alternating_uv_grid_candidate_0008/fold_8/mple_summary.csv
2026-05-01 20:52:22 | INFO | Log saved to /orcd/home/002/phevosp/MPLE-Causal-Inference/experiments/SyntheticHybridExperimentsFinal/base/cv_runs/alternating_uv_grid/candidates/alternating_uv_grid_candidate_0008/fold_8/mple.log
