2026-05-02 12:15:04 | INFO | Loading data...
2026-05-02 12:15:04 | INFO | Using panel artifact: /orcd/home/002/phevosp/MPLE-Causal-Inference/experiments/Synthetic/confounding_strong/panel_data.npz
2026-05-02 12:15:04 | INFO | Using x_0 artifact: /orcd/home/002/phevosp/MPLE-Causal-Inference/experiments/Synthetic/confounding_strong/x_0.npy
2026-05-02 12:15:04 | INFO | Using fit config: /orcd/home/002/phevosp/MPLE-Causal-Inference/experiments/Synthetic/confounding_strong/cv_runs/alternating_uv_grid/candidates/alternating_uv_grid_candidate_0001/fold_9/fit_realized_config.yaml
2026-05-02 12:15:04 | INFO | Using model artifact directory: /orcd/home/002/phevosp/MPLE-Causal-Inference/experiments/Synthetic/confounding_strong
2026-05-02 12:15:04 | INFO | Using truth artifact directory: /orcd/home/002/phevosp/MPLE-Causal-Inference/experiments/Synthetic/confounding_strong
2026-05-02 12:15:04 | INFO | Using loss mask artifact: /orcd/home/002/phevosp/MPLE-Causal-Inference/experiments/Synthetic/confounding_strong/cv_runs/alternating_uv_grid/candidates/alternating_uv_grid_candidate_0001/fold_9/loss_mask.npy
2026-05-02 12:15:04 | INFO | Configured optimizer mode: alternating_latent_rank
2026-05-02 12:15:04 | INFO | Configured latent rank: 3
2026-05-02 12:15:04 | INFO | Using a fixed known graph with scalar xi.
2026-05-02 12:15:04 | INFO | Fit-time hard bounds active: False
2026-05-02 12:15:04 | INFO | Fixed scalar parameters: {}
2026-05-02 12:15:04 | INFO | Warm-start fixed scalars: {} for 0 steps
2026-05-02 12:15:04 | INFO | Beta mask before s: False with s=0
2026-05-02 12:15:04 | INFO | Beta mask after e: False with e=11
2026-05-02 12:15:04 | INFO | Alternating V-column L2-ball constraint active with radius 1.0
2026-05-02 12:15:04 | INFO | Optimizer settings: steps=2000, tol=1e-07, n_starts=1, seed=0, lambda_nuclear=0.0, lambda_frobenius=0.0, lambda_uv_ridge=0.001, v_column_l2_max=1.0, proximal_lr=1.0
2026-05-02 12:15:04 | INFO | Alternating low-rank start 1/1 | seed=0 | initial_loss=0.810610 | initial_penalized=0.810610
2026-05-02 12:15:04 | INFO | Alternating low-rank iter 0 | Loss: 0.578718 | Penalized: 0.578861
2026-05-02 12:15:05 | INFO | Alternating low-rank iter 100 | Loss: 0.466545 | Penalized: 0.468803
2026-05-02 12:15:06 | INFO | Alternating low-rank iter 200 | Loss: 0.465574 | Penalized: 0.468022
2026-05-02 12:15:06 | INFO | Alternating low-rank iter 300 | Loss: 0.465281 | Penalized: 0.467819
2026-05-02 12:15:07 | INFO | Alternating low-rank iter 400 | Loss: 0.465147 | Penalized: 0.467759
2026-05-02 12:15:08 | INFO | Done fitting.
2026-05-02 12:15:08 | INFO | Optimizer status: CONVERGED: alternating objective tolerance reached
2026-05-02 12:15:08 | INFO | Best optimizer start: 1 / 1
2026-05-02 12:15:08 | INFO | Final Loss: 0.465075
2026-05-02 12:15:08 | INFO | Estimated vs True Parameters:
2026-05-02 12:15:08 | INFO |   beta: -0.3277 (True: -0.3000) | SQE: 0.000766
2026-05-02 12:15:08 | INFO |   xi: 0.7555 (True: 0.8000) | SQE: 0.001983
2026-05-02 12:15:08 | INFO |   eta: 0.3311 (True: 0.3000) | SQE: 0.000968
2026-05-02 12:15:08 | INFO | Alternating low-rank optimizer diagnostics:
2026-05-02 12:15:08 | INFO |   penalized_objective: 0.467741
2026-05-02 12:15:08 | INFO |   mple_loss_without_penalty: 0.465075
2026-05-02 12:15:08 | INFO |   lambda_uv_ridge: 0.001000
2026-05-02 12:15:08 | INFO |   u_frobenius_norm: 214.445482
2026-05-02 12:15:08 | INFO |   v_frobenius_norm: 1.732051
2026-05-02 12:15:08 | INFO |   effective_rank: 3.000000
2026-05-02 12:15:08 | INFO | Field and interaction diagnostics:
2026-05-02 12:15:08 | INFO |   field_rmse: 0.944407
2026-05-02 12:15:08 | INFO |   interaction_fro_error: 0.157761
2026-05-02 12:15:08 | INFO |   estimated_field_max_abs_entry: 21.683329
2026-05-02 12:15:08 | INFO |   estimated_field_rank: 3.000000
2026-05-02 12:15:08 | INFO |   true_field_max_abs_entry: 4.447602
2026-05-02 12:15:08 | INFO |   true_field_rank: 3.000000
2026-05-02 12:15:08 | INFO | Saved summary table to /orcd/home/002/phevosp/MPLE-Causal-Inference/experiments/Synthetic/confounding_strong/cv_runs/alternating_uv_grid/candidates/alternating_uv_grid_candidate_0001/fold_9/mple_summary.csv
2026-05-02 12:15:08 | INFO | Log saved to /orcd/home/002/phevosp/MPLE-Causal-Inference/experiments/Synthetic/confounding_strong/cv_runs/alternating_uv_grid/candidates/alternating_uv_grid_candidate_0001/fold_9/mple.log
