2026-07-26 06:13:28 | INFO | Loading data...
2026-07-26 06:13:28 | INFO | Using panel artifact: /orcd/home/002/phevosp/MPLE-Causal-Inference/experiments/Synthetic/confounding_strong/panel_data.npz
2026-07-26 06:13:28 | INFO | Using x_0 artifact: /orcd/home/002/phevosp/MPLE-Causal-Inference/experiments/Synthetic/confounding_strong/x_0.npy
2026-07-26 06:13:28 | INFO | Using fit config: /orcd/home/002/phevosp/MPLE-Causal-Inference/experiments/Synthetic/confounding_strong/cv_runs_baselines/treatment_shared_unit/candidates/treatment_shared_unit_candidate_0014/fold_7/fit_realized_config.yaml
2026-07-26 06:13:28 | INFO | Using model artifact directory: /orcd/home/002/phevosp/MPLE-Causal-Inference/experiments/Synthetic/confounding_strong
2026-07-26 06:13:28 | INFO | Using truth artifact directory: /orcd/home/002/phevosp/MPLE-Causal-Inference/experiments/Synthetic/confounding_strong
2026-07-26 06:13:28 | INFO | Using loss mask artifact: /orcd/home/002/phevosp/MPLE-Causal-Inference/experiments/Synthetic/confounding_strong/cv_runs_baselines/treatment_shared_unit/candidates/treatment_shared_unit_candidate_0014/fold_7/loss_mask.npy
2026-07-26 06:13:28 | INFO | Configured optimizer mode: alternating_treatment_shared_unit_latent_rank
2026-07-26 06:13:28 | INFO | Configured latent rank: 5
2026-07-26 06:13:28 | INFO | Using a fixed known graph with scalar xi.
2026-07-26 06:13:28 | INFO | Fit-time hard bounds active: False
2026-07-26 06:13:28 | INFO | Fixed scalar parameters: {'beta': 0.0, 'xi': 0.0, 'eta': 0.0}
2026-07-26 06:13:28 | INFO | Warm-start fixed scalars: {} for 0 steps
2026-07-26 06:13:28 | INFO | Beta-gradient mask before s: False with s=0
2026-07-26 06:13:28 | INFO | Beta-gradient mask after e: False with e=11
2026-07-26 06:13:28 | INFO | Alternating V-column L2-ball constraint active with radius 1.0
2026-07-26 06:13:28 | INFO | Optimizer settings: steps=2000, tol=1e-07, n_starts=1, seed=0, lambda_nuclear=0.0, lambda_frobenius=0.0, lambda_uv_ridge=0.005, v_column_l2_max=1.0, proximal_lr=1.0
2026-07-26 06:13:28 | INFO | Treatment-shared-unit alternating low-rank start 1/1 | seed=0 | initial_loss=0.693195 | initial_penalized=0.693198
2026-07-26 06:13:28 | INFO | Treatment-shared-unit alternating low-rank iter 0 | Loss: 0.678998 | Penalized: 0.679017
2026-07-26 06:13:30 | INFO | Treatment-shared-unit alternating low-rank iter 100 | Loss: 0.415638 | Penalized: 0.438279
2026-07-26 06:13:33 | INFO | Treatment-shared-unit alternating low-rank iter 200 | Loss: 0.414142 | Penalized: 0.437530
2026-07-26 06:13:35 | INFO | Treatment-shared-unit alternating low-rank iter 300 | Loss: 0.413740 | Penalized: 0.437280
2026-07-26 06:13:37 | INFO | Treatment-shared-unit alternating low-rank iter 400 | Loss: 0.413601 | Penalized: 0.437206
2026-07-26 06:13:39 | INFO | Treatment-shared-unit alternating low-rank iter 500 | Loss: 0.413574 | Penalized: 0.437189
2026-07-26 06:13:42 | INFO | Treatment-shared-unit alternating low-rank iter 600 | Loss: 0.413571 | Penalized: 0.437181
2026-07-26 06:13:44 | INFO | Treatment-shared-unit alternating low-rank iter 700 | Loss: 0.413573 | Penalized: 0.437175
2026-07-26 06:13:46 | INFO | Treatment-shared-unit alternating low-rank iter 800 | Loss: 0.413575 | Penalized: 0.437170
2026-07-26 06:13:49 | INFO | Treatment-shared-unit alternating low-rank iter 900 | Loss: 0.413578 | Penalized: 0.437165
2026-07-26 06:13:51 | INFO | Treatment-shared-unit alternating low-rank iter 1000 | Loss: 0.413580 | Penalized: 0.437160
2026-07-26 06:13:53 | INFO | Treatment-shared-unit alternating low-rank iter 1100 | Loss: 0.413583 | Penalized: 0.437156
2026-07-26 06:13:55 | INFO | Treatment-shared-unit alternating low-rank iter 1200 | Loss: 0.413585 | Penalized: 0.437152
2026-07-26 06:13:58 | INFO | Treatment-shared-unit alternating low-rank iter 1300 | Loss: 0.413587 | Penalized: 0.437147
2026-07-26 06:14:00 | INFO | Treatment-shared-unit alternating low-rank iter 1400 | Loss: 0.413590 | Penalized: 0.437143
2026-07-26 06:14:02 | INFO | Treatment-shared-unit alternating low-rank iter 1500 | Loss: 0.413592 | Penalized: 0.437139
2026-07-26 06:14:05 | INFO | Treatment-shared-unit alternating low-rank iter 1600 | Loss: 0.413595 | Penalized: 0.437136
2026-07-26 06:14:07 | INFO | Treatment-shared-unit alternating low-rank iter 1700 | Loss: 0.413598 | Penalized: 0.437132
2026-07-26 06:14:09 | INFO | Treatment-shared-unit alternating low-rank iter 1800 | Loss: 0.413602 | Penalized: 0.437129
2026-07-26 06:14:11 | INFO | Treatment-shared-unit alternating low-rank iter 1900 | Loss: 0.413606 | Penalized: 0.437126
2026-07-26 06:14:14 | INFO | Done fitting.
2026-07-26 06:14:14 | INFO | Optimizer status: STOP: TOTAL NO. OF OUTER ITERATIONS REACHED LIMIT
2026-07-26 06:14:14 | INFO | Best optimizer start: 1 / 1
2026-07-26 06:14:14 | INFO | Final Loss: 0.413434
2026-07-26 06:14:14 | INFO | Estimated vs True Parameters:
2026-07-26 06:14:14 | INFO |   beta: 0.0000 (True: -0.3000) | SQE: 0.090000
2026-07-26 06:14:14 | INFO |   xi: 0.0000 (True: 0.8000) | SQE: 0.640000
2026-07-26 06:14:14 | INFO |   eta: 0.0000 (True: 0.3000) | SQE: 0.090000
2026-07-26 06:14:14 | INFO | Treatment-shared-unit alternating low-rank optimizer diagnostics:
2026-07-26 06:14:14 | INFO |   penalized_objective: 0.436938
2026-07-26 06:14:14 | INFO |   mple_loss_without_penalty: 0.413434
2026-07-26 06:14:14 | INFO |   lambda_uv_ridge: 0.005000
2026-07-26 06:14:14 | INFO |   u_frobenius_norm: 2.236068
2026-07-26 06:14:14 | INFO |   v_frobenius_norm: 265.762094
2026-07-26 06:14:14 | INFO |   effective_rank: 50.000000
2026-07-26 06:14:14 | INFO | Field and interaction diagnostics:
2026-07-26 06:14:14 | INFO |   field_rmse: 0.946841
2026-07-26 06:14:14 | INFO |   interaction_fro_error: 2.834194
2026-07-26 06:14:14 | INFO |   estimated_field_max_abs_entry: 6.436169
2026-07-26 06:14:14 | INFO |   estimated_field_rank: 50.000000
2026-07-26 06:14:14 | INFO |   true_field_max_abs_entry: 4.447602
2026-07-26 06:14:14 | INFO |   true_field_rank: 3.000000
2026-07-26 06:14:14 | INFO | Saved summary table to /orcd/home/002/phevosp/MPLE-Causal-Inference/experiments/Synthetic/confounding_strong/cv_runs_baselines/treatment_shared_unit/candidates/treatment_shared_unit_candidate_0014/fold_7/mple_summary.csv
2026-07-26 06:14:14 | INFO | Log saved to /orcd/home/002/phevosp/MPLE-Causal-Inference/experiments/Synthetic/confounding_strong/cv_runs_baselines/treatment_shared_unit/candidates/treatment_shared_unit_candidate_0014/fold_7/mple.log
