2026-05-05 00:51:21 | INFO | Loading data...
2026-05-05 00:51:21 | INFO | Using panel artifact: /orcd/home/002/phevosp/MPLE-Causal-Inference/experiments/USCountyVaccination/outcome_death_rate_100k_ge_2__intervention_complete_cov_ge_30__lag_2w__distance_kernel_8__start_2020_03_01/panel_data.npz
2026-05-05 00:51:21 | INFO | Using x_0 artifact: /orcd/home/002/phevosp/MPLE-Causal-Inference/experiments/USCountyVaccination/outcome_death_rate_100k_ge_2__intervention_complete_cov_ge_30__lag_2w__distance_kernel_8__start_2020_03_01/x_0.npy
2026-05-05 00:51:21 | INFO | Using fit config: /orcd/home/002/phevosp/MPLE-Causal-Inference/experiments/USCountyVaccination/outcome_death_rate_100k_ge_2__intervention_complete_cov_ge_30__lag_2w__distance_kernel_8__start_2020_03_01/cv_runs/xi_zero/candidates/xi_zero_candidate_0005/fold_1/fit_realized_config.yaml
2026-05-05 00:51:21 | INFO | Using model artifact directory: /orcd/home/002/phevosp/MPLE-Causal-Inference/experiments/USCountyVaccination/outcome_death_rate_100k_ge_2__intervention_complete_cov_ge_30__lag_2w__distance_kernel_8__start_2020_03_01
2026-05-05 00:51:21 | INFO | Using truth artifact directory: /orcd/home/002/phevosp/MPLE-Causal-Inference/experiments/USCountyVaccination/outcome_death_rate_100k_ge_2__intervention_complete_cov_ge_30__lag_2w__distance_kernel_8__start_2020_03_01
2026-05-05 00:51:21 | INFO | Using loss mask artifact: /orcd/home/002/phevosp/MPLE-Causal-Inference/experiments/USCountyVaccination/outcome_death_rate_100k_ge_2__intervention_complete_cov_ge_30__lag_2w__distance_kernel_8__start_2020_03_01/cv_runs/xi_zero/candidates/xi_zero_candidate_0005/fold_1/loss_mask.npy
2026-05-05 00:51:21 | INFO | Configured optimizer mode: alternating_latent_rank
2026-05-05 00:51:21 | INFO | Configured latent rank: 5
2026-05-05 00:51:21 | INFO | Using a fixed known graph with scalar xi.
2026-05-05 00:51:21 | INFO | Fit-time hard bounds active: False
2026-05-05 00:51:21 | INFO | Fixed scalar parameters: {'xi': 0.0}
2026-05-05 00:51:21 | INFO | Warm-start fixed scalars: {} for 0 steps
2026-05-05 00:51:21 | INFO | Beta mask before s: True with s=50
2026-05-05 00:51:21 | INFO | Beta mask after e: True with e=115
2026-05-05 00:51:21 | INFO | Alternating V-column L2-ball constraint active with radius 1.0
2026-05-05 00:51:21 | INFO | Optimizer settings: steps=2000, tol=1e-07, n_starts=1, seed=0, lambda_nuclear=0.0, lambda_frobenius=0.0, lambda_uv_ridge=0.1, v_column_l2_max=1.0, proximal_lr=1.0
2026-05-05 00:51:21 | INFO | Alternating low-rank start 1/1 | seed=0 | initial_loss=0.773180 | initial_penalized=0.773185
2026-05-05 00:51:21 | INFO | Alternating low-rank iter 0 | Loss: 0.500651 | Penalized: 0.508196
2026-05-05 00:52:14 | INFO | Alternating low-rank iter 100 | Loss: 0.431479 | Penalized: 0.465363
2026-05-05 00:52:54 | INFO | Alternating low-rank iter 200 | Loss: 0.431206 | Penalized: 0.465304
2026-05-05 00:53:16 | INFO | Alternating low-rank iter 300 | Loss: 0.431033 | Penalized: 0.465280
2026-05-05 00:53:38 | INFO | Alternating low-rank iter 400 | Loss: 0.430816 | Penalized: 0.465191
2026-05-05 00:53:59 | INFO | Alternating low-rank iter 500 | Loss: 0.430796 | Penalized: 0.465127
2026-05-05 00:53:59 | INFO | Done fitting.
2026-05-05 00:53:59 | INFO | Optimizer status: CONVERGED: alternating objective tolerance reached
2026-05-05 00:53:59 | INFO | Best optimizer start: 1 / 1
2026-05-05 00:53:59 | INFO | Final Loss: 0.430797
2026-05-05 00:53:59 | INFO | Estimated Parameters:
2026-05-05 00:53:59 | INFO |   beta: -0.0142
2026-05-05 00:53:59 | INFO |   xi: 0.0000
2026-05-05 00:53:59 | INFO |   eta: 0.2310
2026-05-05 00:53:59 | INFO | Alternating low-rank optimizer diagnostics:
2026-05-05 00:53:59 | INFO |   penalized_objective: 0.465127
2026-05-05 00:53:59 | INFO |   mple_loss_without_penalty: 0.430797
2026-05-05 00:53:59 | INFO |   lambda_uv_ridge: 0.100000
2026-05-05 00:53:59 | INFO |   u_frobenius_norm: 275.538702
2026-05-05 00:53:59 | INFO |   v_frobenius_norm: 2.236068
2026-05-05 00:53:59 | INFO |   effective_rank: 5.000000
2026-05-05 00:53:59 | INFO | Field and interaction diagnostics:
2026-05-05 00:53:59 | INFO |   estimated_field_max_abs_entry: 2.068678
2026-05-05 00:53:59 | INFO |   estimated_field_rank: 5.000000
2026-05-05 00:53:59 | INFO | Saved summary table to /orcd/home/002/phevosp/MPLE-Causal-Inference/experiments/USCountyVaccination/outcome_death_rate_100k_ge_2__intervention_complete_cov_ge_30__lag_2w__distance_kernel_8__start_2020_03_01/cv_runs/xi_zero/candidates/xi_zero_candidate_0005/fold_1/mple_summary.csv
2026-05-05 00:53:59 | INFO | Log saved to /orcd/home/002/phevosp/MPLE-Causal-Inference/experiments/USCountyVaccination/outcome_death_rate_100k_ge_2__intervention_complete_cov_ge_30__lag_2w__distance_kernel_8__start_2020_03_01/cv_runs/xi_zero/candidates/xi_zero_candidate_0005/fold_1/mple.log
