2026-04-08 12:03:42 | INFO | Loading data...
2026-04-08 12:03:42 | INFO | Loaded 6 field templates and 1 interaction templates.
2026-04-08 12:03:42 | INFO | Intervention-process model enabled: True
2026-04-08 12:03:42 | INFO | Tau zero-mean enabled: False
2026-04-08 12:03:42 | INFO | Tau smoothness lambda: 0.000000
2026-04-08 12:03:42 | INFO | Running conditional-model MPLE on x with shape=(66, 3203)
2026-04-08 12:03:42 | INFO | Eval 0  |  Loss: 0.708458
2026-04-08 12:03:42 | INFO |   field::population_density: +0.0126,  field::senior_population: -0.0132,  field::college_education: +0.0640,  field::poverty_rate: +0.0105,  field::log_population: -0.0536,  field::median_household_income: +0.0362,  tau block: mean=+0.0089, std=0.0971, min=-0.2325, max=+0.1960,  beta: +0.1004,  interaction::contiguity: -0.0618,  eta: +0.1822,  zeta: -0.1320,  psi: -0.0662
2026-04-08 12:03:46 | INFO | Done fitting.
2026-04-08 12:03:46 | INFO | Optimizer status: CONVERGENCE: RELATIVE REDUCTION OF F <= FACTR*EPSMCH
2026-04-08 12:03:46 | INFO | Final Loss: 0.289315
2026-04-08 12:03:46 | INFO | Estimated Parameters:
2026-04-08 12:03:46 | INFO |   field::population_density: -1.7974
2026-04-08 12:03:46 | INFO |   field::senior_population: -0.0935
2026-04-08 12:03:46 | INFO |   field::college_education: -0.8036
2026-04-08 12:03:46 | INFO |   field::poverty_rate: -0.7456
2026-04-08 12:03:46 | INFO |   field::log_population: 1.1951
2026-04-08 12:03:46 | INFO |   field::median_household_income: -0.6750
2026-04-08 12:03:46 | INFO |   tau::t_0: -0.0203
2026-04-08 12:03:46 | INFO |   tau::t_1: -0.1299
2026-04-08 12:03:46 | INFO |   tau::t_2: -0.0609
2026-04-08 12:03:46 | INFO |   tau::t_3: -0.1126
2026-04-08 12:03:46 | INFO |   tau::t_4: -0.1911
2026-04-08 12:03:46 | INFO |   tau::t_5: -0.2675
2026-04-08 12:03:46 | INFO |   tau::t_6: -0.2796
2026-04-08 12:03:46 | INFO |   tau::t_7: -0.3244
2026-04-08 12:03:46 | INFO |   tau::t_8: -0.3007
2026-04-08 12:03:46 | INFO |   tau::t_9: -0.2914
2026-04-08 12:03:46 | INFO |   tau::t_10: -0.3526
2026-04-08 12:03:46 | INFO |   tau::t_11: -0.3696
2026-04-08 12:03:46 | INFO |   tau::t_12: -0.3584
2026-04-08 12:03:46 | INFO |   tau::t_13: -0.3849
2026-04-08 12:03:46 | INFO |   tau::t_14: -0.4009
2026-04-08 12:03:46 | INFO |   tau::t_15: -0.3088
2026-04-08 12:03:46 | INFO |   tau::t_16: -0.4864
2026-04-08 12:03:46 | INFO |   tau::t_17: -0.4406
2026-04-08 12:03:46 | INFO |   tau::t_18: -0.5763
2026-04-08 12:03:46 | INFO |   tau::t_19: -0.5853
2026-04-08 12:03:46 | INFO |   tau::t_20: -0.6125
2026-04-08 12:03:46 | INFO |   tau::t_21: -0.6914
2026-04-08 12:03:46 | INFO |   tau::t_22: -0.5718
2026-04-08 12:03:46 | INFO |   tau::t_23: -0.5555
2026-04-08 12:03:46 | INFO |   tau::t_24: -0.5025
2026-04-08 12:03:46 | INFO |   tau::t_25: -0.3673
2026-04-08 12:03:46 | INFO |   tau::t_26: -0.2747
2026-04-08 12:03:46 | INFO |   tau::t_27: -0.1946
2026-04-08 12:03:46 | INFO |   tau::t_28: -0.1337
2026-04-08 12:03:46 | INFO |   tau::t_29: -0.1070
2026-04-08 12:03:46 | INFO |   tau::t_30: -0.0737
2026-04-08 12:03:46 | INFO |   tau::t_31: 0.0393
2026-04-08 12:03:46 | INFO |   tau::t_32: 0.0364
2026-04-08 12:03:46 | INFO |   tau::t_33: 0.0551
2026-04-08 12:03:46 | INFO |   tau::t_34: 0.0027
2026-04-08 12:03:46 | INFO |   tau::t_35: 0.0006
2026-04-08 12:03:46 | INFO |   tau::t_36: 0.0136
2026-04-08 12:03:46 | INFO |   tau::t_37: -0.0070
2026-04-08 12:03:46 | INFO |   tau::t_38: -0.0707
2026-04-08 12:03:46 | INFO |   tau::t_39: -0.0719
2026-04-08 12:03:46 | INFO |   tau::t_40: -0.0531
2026-04-08 12:03:46 | INFO |   tau::t_41: -0.2225
2026-04-08 12:03:46 | INFO |   tau::t_42: 0.0278
2026-04-08 12:03:46 | INFO |   tau::t_43: -0.0422
2026-04-08 12:03:46 | INFO |   tau::t_44: -0.0488
2026-04-08 12:03:46 | INFO |   tau::t_45: -0.0982
2026-04-08 12:03:46 | INFO |   tau::t_46: -0.0699
2026-04-08 12:03:46 | INFO |   tau::t_47: 0.0175
2026-04-08 12:03:46 | INFO |   tau::t_48: 0.0146
2026-04-08 12:03:46 | INFO |   tau::t_49: 0.0353
2026-04-08 12:03:46 | INFO |   tau::t_50: 0.1062
2026-04-08 12:03:46 | INFO |   tau::t_51: 0.1538
2026-04-08 12:03:46 | INFO |   tau::t_52: 0.1450
2026-04-08 12:03:46 | INFO |   tau::t_53: 0.1241
2026-04-08 12:03:46 | INFO |   tau::t_54: 0.0534
2026-04-08 12:03:46 | INFO |   tau::t_55: 0.0022
2026-04-08 12:03:46 | INFO |   tau::t_56: -0.0816
2026-04-08 12:03:46 | INFO |   tau::t_57: -0.0984
2026-04-08 12:03:46 | INFO |   tau::t_58: -0.1851
2026-04-08 12:03:46 | INFO |   tau::t_59: -0.2525
2026-04-08 12:03:46 | INFO |   tau::t_60: -0.3522
2026-04-08 12:03:46 | INFO |   tau::t_61: -0.3170
2026-04-08 12:03:46 | INFO |   tau::t_62: -0.4434
2026-04-08 12:03:46 | INFO |   tau::t_63: -0.4514
2026-04-08 12:03:46 | INFO |   tau::t_64: -0.2996
2026-04-08 12:03:46 | INFO |   tau::t_65: -0.5437
2026-04-08 12:03:46 | INFO |   beta: -0.0409
2026-04-08 12:03:46 | INFO |   interaction::contiguity: 1.3831
2026-04-08 12:03:46 | INFO |   eta: 0.2115
2026-04-08 12:03:46 | INFO |   zeta: -0.0768
2026-04-08 12:03:46 | INFO |   psi: 2.1322
2026-04-08 12:03:46 | INFO | Saved summary tables to C:\Users\phevo\Documents\MIT\Code\MPLE-Causal-Inference\experiments\USCountyVaccination_US_features_new\outcome_death_rate_100k_ge_2__intervention_complete_cov_ge_40__lag_4w__contiguity\mple_summary.csv and C:\Users\phevo\Documents\MIT\Code\MPLE-Causal-Inference\experiments\USCountyVaccination_US_features_new\outcome_death_rate_100k_ge_2__intervention_complete_cov_ge_40__lag_4w__contiguity\mple_summary.md
2026-04-08 12:03:46 | INFO | Log saved to C:\Users\phevo\Documents\MIT\Code\MPLE-Causal-Inference\experiments\USCountyVaccination_US_features_new\outcome_death_rate_100k_ge_2__intervention_complete_cov_ge_40__lag_4w__contiguity\mple.log
