2026-06-11 22:48:36 | INFO | Loading data...
2026-06-11 22:48:36 | INFO | Using panel artifact: /orcd/home/002/phevosp/MPLE-Causal-Inference/experiments/SyntheticNoInterference/synth_no_interference/panel_data.npz
2026-06-11 22:48:36 | INFO | Using x_0 artifact: /orcd/home/002/phevosp/MPLE-Causal-Inference/experiments/SyntheticNoInterference/synth_no_interference/x_0.npy
2026-06-11 22:48:36 | INFO | Using fit config: /orcd/home/002/phevosp/MPLE-Causal-Inference/experiments/SyntheticNoInterference/synth_no_interference/cv_runs/default/candidates/default_candidate_0004/fold_6/fit_realized_config.yaml
2026-06-11 22:48:36 | INFO | Using model artifact directory: /orcd/home/002/phevosp/MPLE-Causal-Inference/experiments/SyntheticNoInterference/synth_no_interference
2026-06-11 22:48:36 | INFO | Using truth artifact directory: /orcd/home/002/phevosp/MPLE-Causal-Inference/experiments/SyntheticNoInterference/synth_no_interference
2026-06-11 22:48:36 | INFO | Using loss mask artifact: /orcd/home/002/phevosp/MPLE-Causal-Inference/experiments/SyntheticNoInterference/synth_no_interference/cv_runs/default/candidates/default_candidate_0004/fold_6/loss_mask.npy
2026-06-11 22:48:36 | INFO | Configured optimizer mode: alternating_latent_rank
2026-06-11 22:48:36 | INFO | Configured latent rank: 3
2026-06-11 22:48:36 | INFO | Using a fixed known graph with scalar xi.
2026-06-11 22:48:36 | INFO | Fit-time hard bounds active: False
2026-06-11 22:48:36 | INFO | Fixed scalar parameters: {}
2026-06-11 22:48:36 | INFO | Warm-start fixed scalars: {} for 0 steps
2026-06-11 22:48:36 | INFO | Beta-gradient mask before s: True with s=0
2026-06-11 22:48:36 | INFO | Beta-gradient mask after e: True with e=11
2026-06-11 22:48:36 | INFO | Alternating V-column L2-ball constraint active with radius 1.0
2026-06-11 22:48:36 | INFO | Optimizer settings: steps=2000, tol=1e-07, n_starts=1, seed=0, lambda_nuclear=0.0, lambda_frobenius=0.0, lambda_uv_ridge=0.05, v_column_l2_max=1.0, proximal_lr=1.0
2026-06-11 22:48:36 | INFO | Alternating low-rank start 1/1 | seed=0 | initial_loss=0.810156 | initial_penalized=0.810171
2026-06-11 22:48:36 | INFO | Alternating low-rank iter 0 | Loss: 0.557703 | Penalized: 0.563933
2026-06-11 22:48:36 | INFO | Done fitting.
2026-06-11 22:48:36 | INFO | Optimizer status: CONVERGED: alternating objective tolerance reached
2026-06-11 22:48:36 | INFO | Best optimizer start: 1 / 1
2026-06-11 22:48:36 | INFO | Final Loss: 0.481930
2026-06-11 22:48:36 | INFO | Estimated vs True Parameters:
2026-06-11 22:48:36 | INFO |   beta: -0.2483 (True: -0.3000) | SQE: 0.002674
2026-06-11 22:48:36 | INFO |   xi: -0.1230 (True: 0.0000) | SQE: 0.015130
2026-06-11 22:48:36 | INFO |   eta: 0.2891 (True: 0.3000) | SQE: 0.000119
2026-06-11 22:48:36 | INFO | Alternating low-rank optimizer diagnostics:
2026-06-11 22:48:36 | INFO |   penalized_objective: 0.511444
2026-06-11 22:48:36 | INFO |   mple_loss_without_penalty: 0.481930
2026-06-11 22:48:36 | INFO |   lambda_uv_ridge: 0.050000
2026-06-11 22:48:36 | INFO |   u_frobenius_norm: 94.163357
2026-06-11 22:48:36 | INFO |   v_frobenius_norm: 1.732051
2026-06-11 22:48:36 | INFO |   effective_rank: 3.000000
2026-06-11 22:48:36 | INFO | Field and interaction diagnostics:
2026-06-11 22:48:36 | INFO |   field_rmse: 0.433329
2026-06-11 22:48:36 | INFO |   interaction_fro_error: 0.435775
2026-06-11 22:48:36 | INFO |   estimated_field_max_abs_entry: 3.021927
2026-06-11 22:48:36 | INFO |   estimated_field_rank: 3.000000
2026-06-11 22:48:36 | INFO |   true_field_max_abs_entry: 4.447602
2026-06-11 22:48:36 | INFO |   true_field_rank: 3.000000
2026-06-11 22:48:36 | INFO | Saved summary table to /orcd/home/002/phevosp/MPLE-Causal-Inference/experiments/SyntheticNoInterference/synth_no_interference/cv_runs/default/candidates/default_candidate_0004/fold_6/mple_summary.csv
2026-06-11 22:48:36 | INFO | Log saved to /orcd/home/002/phevosp/MPLE-Causal-Inference/experiments/SyntheticNoInterference/synth_no_interference/cv_runs/default/candidates/default_candidate_0004/fold_6/mple.log
