2026-05-01 18:53:47 | INFO | Loading data...
2026-05-01 18:53:47 | INFO | Using panel artifact: /orcd/home/002/phevosp/MPLE-Causal-Inference/experiments/SyntheticHybridExperiments/r5_c1_hybrid_us_county_intervention_uscounty_graph_contiguous_confounding/panel_data.npz
2026-05-01 18:53:47 | INFO | Using x_0 artifact: /orcd/home/002/phevosp/MPLE-Causal-Inference/experiments/SyntheticHybridExperiments/r5_c1_hybrid_us_county_intervention_uscounty_graph_contiguous_confounding/x_0.npy
2026-05-01 18:53:47 | INFO | Using fit config: /orcd/home/002/phevosp/MPLE-Causal-Inference/experiments/SyntheticHybridExperiments/r5_c1_hybrid_us_county_intervention_uscounty_graph_contiguous_confounding/cv_runs/alternating_uv_grid/candidates/alternating_uv_grid_candidate_0002/fold_3/fit_realized_config.yaml
2026-05-01 18:53:47 | INFO | Using model artifact directory: /orcd/home/002/phevosp/MPLE-Causal-Inference/experiments/SyntheticHybridExperiments/r5_c1_hybrid_us_county_intervention_uscounty_graph_contiguous_confounding
2026-05-01 18:53:47 | INFO | Using truth artifact directory: /orcd/home/002/phevosp/MPLE-Causal-Inference/experiments/SyntheticHybridExperiments/r5_c1_hybrid_us_county_intervention_uscounty_graph_contiguous_confounding
2026-05-01 18:53:47 | INFO | Using loss mask artifact: /orcd/home/002/phevosp/MPLE-Causal-Inference/experiments/SyntheticHybridExperiments/r5_c1_hybrid_us_county_intervention_uscounty_graph_contiguous_confounding/cv_runs/alternating_uv_grid/candidates/alternating_uv_grid_candidate_0002/fold_3/loss_mask.npy
2026-05-01 18:53:47 | INFO | Configured optimizer mode: alternating_latent_rank
2026-05-01 18:53:47 | INFO | Configured latent rank: 5
2026-05-01 18:53:47 | INFO | Using a fixed known graph with scalar xi.
2026-05-01 18:53:47 | INFO | Fit-time hard bounds active: False
2026-05-01 18:53:47 | INFO | Fixed scalar parameters: {}
2026-05-01 18:53:47 | INFO | Warm-start fixed scalars: {} for 0 steps
2026-05-01 18:53:47 | INFO | Beta mask before s: True with s=55
2026-05-01 18:53:47 | INFO | Beta mask after e: True with e=120
2026-05-01 18:53:47 | INFO | Alternating V-column L2-ball constraint active with radius 1.0
2026-05-01 18:53:47 | INFO | Optimizer settings: steps=2000, tol=1e-07, n_starts=1, seed=0, lambda_nuclear=0.0, lambda_frobenius=0.0, lambda_uv_ridge=0.001, v_column_l2_max=1.0, proximal_lr=1.0
2026-05-01 18:53:47 | INFO | Alternating low-rank start 1/1 | seed=0 | initial_loss=0.697794 | initial_penalized=0.697794
2026-05-01 18:53:47 | INFO | Alternating low-rank iter 0 | Loss: 0.592374 | Penalized: 0.592437
2026-05-01 18:54:04 | INFO | Alternating low-rank iter 100 | Loss: 0.545392 | Penalized: 0.545762
2026-05-01 18:54:20 | INFO | Alternating low-rank iter 200 | Loss: 0.545260 | Penalized: 0.545629
2026-05-01 18:54:22 | INFO | Done fitting.
2026-05-01 18:54:22 | INFO | Optimizer status: CONVERGED: alternating objective tolerance reached
2026-05-01 18:54:22 | INFO | Best optimizer start: 1 / 1
2026-05-01 18:54:22 | INFO | Final Loss: 0.545259
2026-05-01 18:54:22 | INFO | Estimated vs True Parameters:
2026-05-01 18:54:22 | INFO |   beta: -0.3076 (True: -0.3000) | SQE: 0.000058
2026-05-01 18:54:22 | INFO |   xi: 0.8733 (True: 0.8000) | SQE: 0.005366
2026-05-01 18:54:22 | INFO |   eta: 0.2972 (True: 0.3000) | SQE: 0.000008
2026-05-01 18:54:22 | INFO | Alternating low-rank optimizer diagnostics:
2026-05-01 18:54:22 | INFO |   penalized_objective: 0.545628
2026-05-01 18:54:22 | INFO |   mple_loss_without_penalty: 0.545259
2026-05-01 18:54:22 | INFO |   lambda_uv_ridge: 0.001000
2026-05-01 18:54:22 | INFO |   u_frobenius_norm: 342.007307
2026-05-01 18:54:22 | INFO |   v_frobenius_norm: 2.236068
2026-05-01 18:54:22 | INFO |   effective_rank: 5.000000
2026-05-01 18:54:22 | INFO | Field and interaction diagnostics:
2026-05-01 18:54:22 | INFO |   field_rmse: 0.362162
2026-05-01 18:54:22 | INFO |   interaction_fro_error: 0.692736
2026-05-01 18:54:22 | INFO |   estimated_field_max_abs_entry: 4.502210
2026-05-01 18:54:22 | INFO |   estimated_field_rank: 5.000000
2026-05-01 18:54:22 | INFO |   true_field_max_abs_entry: 2.906201
2026-05-01 18:54:22 | INFO |   true_field_rank: 5.000000
2026-05-01 18:54:22 | INFO | Saved summary table to /orcd/home/002/phevosp/MPLE-Causal-Inference/experiments/SyntheticHybridExperiments/r5_c1_hybrid_us_county_intervention_uscounty_graph_contiguous_confounding/cv_runs/alternating_uv_grid/candidates/alternating_uv_grid_candidate_0002/fold_3/mple_summary.csv
2026-05-01 18:54:22 | INFO | Log saved to /orcd/home/002/phevosp/MPLE-Causal-Inference/experiments/SyntheticHybridExperiments/r5_c1_hybrid_us_county_intervention_uscounty_graph_contiguous_confounding/cv_runs/alternating_uv_grid/candidates/alternating_uv_grid_candidate_0002/fold_3/mple.log
