2026-06-09 16:32:14 | INFO | Loading data...
2026-06-09 16:32:14 | INFO | Using panel artifact: /orcd/home/002/phevosp/MPLE-Causal-Inference/experiments/USCounty/outcome_death_rate_100k_ge_2__intervention_complete_cov_ge_30__lag_2w__distance_kernel_8__start_2020_03_01/panel_data.npz
2026-06-09 16:32:14 | INFO | Using x_0 artifact: /orcd/home/002/phevosp/MPLE-Causal-Inference/experiments/USCounty/outcome_death_rate_100k_ge_2__intervention_complete_cov_ge_30__lag_2w__distance_kernel_8__start_2020_03_01/x_0.npy
2026-06-09 16:32:14 | INFO | Using fit config: /orcd/home/002/phevosp/MPLE-Causal-Inference/experiments/USCounty/outcome_death_rate_100k_ge_2__intervention_complete_cov_ge_30__lag_2w__distance_kernel_8__start_2020_03_01/cv_runs/xi_zero/candidates/xi_zero_candidate_0001/fold_5/fit_realized_config.yaml
2026-06-09 16:32:14 | INFO | Using model artifact directory: /orcd/home/002/phevosp/MPLE-Causal-Inference/experiments/USCounty/outcome_death_rate_100k_ge_2__intervention_complete_cov_ge_30__lag_2w__distance_kernel_8__start_2020_03_01
2026-06-09 16:32:14 | INFO | Using truth artifact directory: /orcd/home/002/phevosp/MPLE-Causal-Inference/experiments/USCounty/outcome_death_rate_100k_ge_2__intervention_complete_cov_ge_30__lag_2w__distance_kernel_8__start_2020_03_01
2026-06-09 16:32:14 | INFO | Using loss mask artifact: /orcd/home/002/phevosp/MPLE-Causal-Inference/experiments/USCounty/outcome_death_rate_100k_ge_2__intervention_complete_cov_ge_30__lag_2w__distance_kernel_8__start_2020_03_01/cv_runs/xi_zero/candidates/xi_zero_candidate_0001/fold_5/loss_mask.npy
2026-06-09 16:32:14 | INFO | Configured optimizer mode: alternating_latent_rank
2026-06-09 16:32:14 | INFO | Configured latent rank: 3
2026-06-09 16:32:14 | INFO | Using a fixed known graph with scalar xi.
2026-06-09 16:32:14 | INFO | Fit-time hard bounds active: False
2026-06-09 16:32:14 | INFO | Fixed scalar parameters: {'xi': 0.0}
2026-06-09 16:32:14 | INFO | Warm-start fixed scalars: {} for 0 steps
2026-06-09 16:32:14 | INFO | Beta-gradient mask before s: True with s=50
2026-06-09 16:32:14 | INFO | Beta-gradient mask after e: True with e=115
2026-06-09 16:32:14 | INFO | Alternating V-column L2-ball constraint active with radius 1.0
2026-06-09 16:32:14 | INFO | Optimizer settings: steps=2000, tol=1e-07, n_starts=1, seed=0, lambda_nuclear=0.0, lambda_frobenius=0.0, lambda_uv_ridge=0.001, v_column_l2_max=1.0, proximal_lr=1.0
2026-06-09 16:32:14 | INFO | Alternating low-rank start 1/1 | seed=0 | initial_loss=0.656080 | initial_penalized=0.656080
2026-06-09 16:32:14 | INFO | Alternating low-rank iter 0 | Loss: 0.506869 | Penalized: 0.506951
2026-06-09 16:32:28 | INFO | Alternating low-rank iter 100 | Loss: 0.434550 | Penalized: 0.436280
2026-06-09 16:32:41 | INFO | Alternating low-rank iter 200 | Loss: 0.434330 | Penalized: 0.436221
2026-06-09 16:32:44 | INFO | Done fitting.
2026-06-09 16:32:44 | INFO | Optimizer status: CONVERGED: alternating objective tolerance reached
2026-06-09 16:32:44 | INFO | Best optimizer start: 1 / 1
2026-06-09 16:32:44 | INFO | Final Loss: 0.434313
2026-06-09 16:32:44 | INFO | Estimated Parameters:
2026-06-09 16:32:44 | INFO |   beta: -0.0670
2026-06-09 16:32:44 | INFO |   xi: 0.0000
2026-06-09 16:32:44 | INFO |   eta: 0.1517
2026-06-09 16:32:44 | INFO | Alternating low-rank optimizer diagnostics:
2026-06-09 16:32:44 | INFO |   penalized_objective: 0.436218
2026-06-09 16:32:44 | INFO |   mple_loss_without_penalty: 0.434313
2026-06-09 16:32:44 | INFO |   lambda_uv_ridge: 0.001000
2026-06-09 16:32:44 | INFO |   u_frobenius_norm: 740.194849
2026-06-09 16:32:44 | INFO |   v_frobenius_norm: 1.732051
2026-06-09 16:32:44 | INFO |   effective_rank: 3.000000
2026-06-09 16:32:44 | INFO | Field and interaction diagnostics:
2026-06-09 16:32:44 | INFO |   estimated_field_max_abs_entry: 17.630368
2026-06-09 16:32:44 | INFO |   estimated_field_rank: 3.000000
2026-06-09 16:32:44 | INFO | Saved summary table to /orcd/home/002/phevosp/MPLE-Causal-Inference/experiments/USCounty/outcome_death_rate_100k_ge_2__intervention_complete_cov_ge_30__lag_2w__distance_kernel_8__start_2020_03_01/cv_runs/xi_zero/candidates/xi_zero_candidate_0001/fold_5/mple_summary.csv
2026-06-09 16:32:44 | INFO | Log saved to /orcd/home/002/phevosp/MPLE-Causal-Inference/experiments/USCounty/outcome_death_rate_100k_ge_2__intervention_complete_cov_ge_30__lag_2w__distance_kernel_8__start_2020_03_01/cv_runs/xi_zero/candidates/xi_zero_candidate_0001/fold_5/mple.log
