2026-05-01 08:28:30 | INFO | Loading data...
2026-05-01 08:28:30 | INFO | Using panel artifact: /orcd/home/002/phevosp/MPLE-Causal-Inference/experiments/SyntheticHybridExperiments/confounding_strong/panel_data.npz
2026-05-01 08:28:30 | INFO | Using x_0 artifact: /orcd/home/002/phevosp/MPLE-Causal-Inference/experiments/SyntheticHybridExperiments/confounding_strong/x_0.npy
2026-05-01 08:28:30 | INFO | Using fit config: /orcd/home/002/phevosp/MPLE-Causal-Inference/experiments/SyntheticHybridExperiments/confounding_strong/cv_runs/alternating_uv_grid/candidates/alternating_uv_grid_candidate_0002/fold_1/fit_realized_config.yaml
2026-05-01 08:28:30 | INFO | Using model artifact directory: /orcd/home/002/phevosp/MPLE-Causal-Inference/experiments/SyntheticHybridExperiments/confounding_strong
2026-05-01 08:28:30 | INFO | Using truth artifact directory: /orcd/home/002/phevosp/MPLE-Causal-Inference/experiments/SyntheticHybridExperiments/confounding_strong
2026-05-01 08:28:30 | INFO | Using loss mask artifact: /orcd/home/002/phevosp/MPLE-Causal-Inference/experiments/SyntheticHybridExperiments/confounding_strong/cv_runs/alternating_uv_grid/candidates/alternating_uv_grid_candidate_0002/fold_1/loss_mask.npy
2026-05-01 08:28:30 | INFO | Configured optimizer mode: alternating_latent_rank
2026-05-01 08:28:30 | INFO | Configured latent rank: 3
2026-05-01 08:28:30 | INFO | Using a fixed known graph with scalar xi.
2026-05-01 08:28:30 | INFO | Fit-time hard bounds active: False
2026-05-01 08:28:30 | INFO | Fixed scalar parameters: {}
2026-05-01 08:28:30 | INFO | Warm-start fixed scalars: {} for 0 steps
2026-05-01 08:28:30 | INFO | Beta mask before s: False with s=0
2026-05-01 08:28:30 | INFO | Beta mask after e: False with e=11
2026-05-01 08:28:30 | INFO | Alternating V-column L2-ball constraint active with radius 1.0
2026-05-01 08:28:30 | INFO | Optimizer settings: steps=2000, tol=1e-07, n_starts=1, seed=0, lambda_nuclear=0.0, lambda_frobenius=0.0, lambda_uv_ridge=0.005, v_column_l2_max=1.0, proximal_lr=1.0
2026-05-01 08:28:30 | INFO | Alternating low-rank start 1/1 | seed=0 | initial_loss=0.788055 | initial_penalized=0.788063
2026-05-01 08:28:30 | INFO | Alternating low-rank iter 0 | Loss: 0.620639 | Penalized: 0.621959
2026-05-01 08:28:31 | INFO | Alternating low-rank iter 100 | Loss: 0.285359 | Penalized: 0.335668
2026-05-01 08:28:32 | INFO | Alternating low-rank iter 200 | Loss: 0.266853 | Penalized: 0.319280
2026-05-01 08:28:33 | INFO | Alternating low-rank iter 300 | Loss: 0.255903 | Penalized: 0.309233
2026-05-01 08:28:34 | INFO | Alternating low-rank iter 400 | Loss: 0.252446 | Penalized: 0.306117
2026-05-01 08:28:35 | INFO | Alternating low-rank iter 500 | Loss: 0.250721 | Penalized: 0.304597
2026-05-01 08:28:36 | INFO | Alternating low-rank iter 600 | Loss: 0.249567 | Penalized: 0.303423
2026-05-01 08:28:37 | INFO | Alternating low-rank iter 700 | Loss: 0.246583 | Penalized: 0.300761
2026-05-01 08:28:38 | INFO | Alternating low-rank iter 800 | Loss: 0.244334 | Penalized: 0.299045
2026-05-01 08:28:39 | INFO | Alternating low-rank iter 900 | Loss: 0.243054 | Penalized: 0.298233
2026-05-01 08:28:40 | INFO | Alternating low-rank iter 1000 | Loss: 0.242272 | Penalized: 0.297851
2026-05-01 08:28:41 | INFO | Alternating low-rank iter 1100 | Loss: 0.241887 | Penalized: 0.297666
2026-05-01 08:28:41 | INFO | Alternating low-rank iter 1200 | Loss: 0.241645 | Penalized: 0.297541
2026-05-01 08:28:42 | INFO | Alternating low-rank iter 1300 | Loss: 0.241470 | Penalized: 0.297440
2026-05-01 08:28:43 | INFO | Alternating low-rank iter 1400 | Loss: 0.241336 | Penalized: 0.297352
2026-05-01 08:28:44 | INFO | Alternating low-rank iter 1500 | Loss: 0.241228 | Penalized: 0.297271
2026-05-01 08:28:45 | INFO | Alternating low-rank iter 1600 | Loss: 0.241136 | Penalized: 0.297195
2026-05-01 08:28:46 | INFO | Alternating low-rank iter 1700 | Loss: 0.241053 | Penalized: 0.297123
2026-05-01 08:28:47 | INFO | Alternating low-rank iter 1800 | Loss: 0.240976 | Penalized: 0.297055
2026-05-01 08:28:48 | INFO | Alternating low-rank iter 1900 | Loss: 0.240903 | Penalized: 0.296991
2026-05-01 08:28:49 | INFO | Done fitting.
2026-05-01 08:28:49 | INFO | Optimizer status: STOP: TOTAL NO. OF ITERATIONS REACHED LIMIT
2026-05-01 08:28:49 | INFO | Best optimizer start: 1 / 1
2026-05-01 08:28:49 | INFO | Final Loss: 0.240835
2026-05-01 08:28:49 | INFO | Estimated vs True Parameters:
2026-05-01 08:28:49 | INFO |   beta: -0.3640 (True: -0.3000) | SQE: 0.004101
2026-05-01 08:28:49 | INFO |   xi: 0.5736 (True: 0.8000) | SQE: 0.051265
2026-05-01 08:28:49 | INFO |   eta: 0.4627 (True: 0.3000) | SQE: 0.026469
2026-05-01 08:28:49 | INFO | Alternating low-rank optimizer diagnostics:
2026-05-01 08:28:49 | INFO |   penalized_objective: 0.296931
2026-05-01 08:28:49 | INFO |   mple_loss_without_penalty: 0.240835
2026-05-01 08:28:49 | INFO |   lambda_uv_ridge: 0.005000
2026-05-01 08:28:49 | INFO |   u_frobenius_norm: 182.470835
2026-05-01 08:28:49 | INFO |   v_frobenius_norm: 1.732051
2026-05-01 08:28:49 | INFO |   effective_rank: 3.000000
2026-05-01 08:28:49 | INFO | Field and interaction diagnostics:
2026-05-01 08:28:49 | INFO |   field_rmse: 1.232879
2026-05-01 08:28:49 | INFO |   interaction_fro_error: 0.598465
2026-05-01 08:28:49 | INFO |   estimated_field_max_abs_entry: 5.028238
2026-05-01 08:28:49 | INFO |   estimated_field_rank: 3.000000
2026-05-01 08:28:49 | INFO |   true_field_max_abs_entry: 7.412670
2026-05-01 08:28:49 | INFO |   true_field_rank: 3.000000
2026-05-01 08:28:49 | INFO | Saved summary table to /orcd/home/002/phevosp/MPLE-Causal-Inference/experiments/SyntheticHybridExperiments/confounding_strong/cv_runs/alternating_uv_grid/candidates/alternating_uv_grid_candidate_0002/fold_1/mple_summary.csv
2026-05-01 08:28:49 | INFO | Log saved to /orcd/home/002/phevosp/MPLE-Causal-Inference/experiments/SyntheticHybridExperiments/confounding_strong/cv_runs/alternating_uv_grid/candidates/alternating_uv_grid_candidate_0002/fold_1/mple.log
