2026-07-26 06:13:45 | INFO | Loading data...
2026-07-26 06:13:45 | INFO | Using panel artifact: /orcd/home/002/phevosp/MPLE-Causal-Inference/experiments/SyntheticNoInterference/synth_no_interference/panel_data.npz
2026-07-26 06:13:45 | INFO | Using x_0 artifact: /orcd/home/002/phevosp/MPLE-Causal-Inference/experiments/SyntheticNoInterference/synth_no_interference/x_0.npy
2026-07-26 06:13:45 | INFO | Using fit config: /orcd/home/002/phevosp/MPLE-Causal-Inference/experiments/SyntheticNoInterference/synth_no_interference/cv_runs_baselines/treatment_shared_unit/candidates/treatment_shared_unit_candidate_0015/fold_6/fit_realized_config.yaml
2026-07-26 06:13:45 | INFO | Using model artifact directory: /orcd/home/002/phevosp/MPLE-Causal-Inference/experiments/SyntheticNoInterference/synth_no_interference
2026-07-26 06:13:45 | INFO | Using truth artifact directory: /orcd/home/002/phevosp/MPLE-Causal-Inference/experiments/SyntheticNoInterference/synth_no_interference
2026-07-26 06:13:45 | INFO | Using loss mask artifact: /orcd/home/002/phevosp/MPLE-Causal-Inference/experiments/SyntheticNoInterference/synth_no_interference/cv_runs_baselines/treatment_shared_unit/candidates/treatment_shared_unit_candidate_0015/fold_6/loss_mask.npy
2026-07-26 06:13:45 | INFO | Configured optimizer mode: alternating_treatment_shared_unit_latent_rank
2026-07-26 06:13:45 | INFO | Configured latent rank: 5
2026-07-26 06:13:45 | INFO | Using a fixed known graph with scalar xi.
2026-07-26 06:13:45 | INFO | Fit-time hard bounds active: False
2026-07-26 06:13:45 | INFO | Fixed scalar parameters: {'beta': 0.0, 'xi': 0.0, 'eta': 0.0}
2026-07-26 06:13:45 | INFO | Warm-start fixed scalars: {} for 0 steps
2026-07-26 06:13:45 | INFO | Beta-gradient mask before s: False with s=0
2026-07-26 06:13:45 | INFO | Beta-gradient mask after e: False with e=11
2026-07-26 06:13:45 | INFO | Alternating V-column L2-ball constraint active with radius 1.0
2026-07-26 06:13:45 | INFO | Optimizer settings: steps=2000, tol=1e-07, n_starts=1, seed=0, lambda_nuclear=0.0, lambda_frobenius=0.0, lambda_uv_ridge=0.01, v_column_l2_max=1.0, proximal_lr=1.0
2026-07-26 06:13:45 | INFO | Treatment-shared-unit alternating low-rank start 1/1 | seed=0 | initial_loss=0.693078 | initial_penalized=0.693085
2026-07-26 06:13:45 | INFO | Treatment-shared-unit alternating low-rank iter 0 | Loss: 0.678677 | Penalized: 0.678718
2026-07-26 06:13:47 | INFO | Treatment-shared-unit alternating low-rank iter 100 | Loss: 0.447696 | Penalized: 0.471820
2026-07-26 06:13:49 | INFO | Treatment-shared-unit alternating low-rank iter 200 | Loss: 0.447359 | Penalized: 0.471628
2026-07-26 06:13:51 | INFO | Treatment-shared-unit alternating low-rank iter 300 | Loss: 0.447290 | Penalized: 0.471583
2026-07-26 06:13:53 | INFO | Treatment-shared-unit alternating low-rank iter 400 | Loss: 0.447262 | Penalized: 0.471562
2026-07-26 06:13:54 | INFO | Treatment-shared-unit alternating low-rank iter 500 | Loss: 0.447245 | Penalized: 0.471548
2026-07-26 06:13:56 | INFO | Treatment-shared-unit alternating low-rank iter 600 | Loss: 0.447235 | Penalized: 0.471538
2026-07-26 06:13:58 | INFO | Treatment-shared-unit alternating low-rank iter 700 | Loss: 0.447230 | Penalized: 0.471532
2026-07-26 06:13:59 | INFO | Treatment-shared-unit alternating low-rank iter 800 | Loss: 0.447229 | Penalized: 0.471527
2026-07-26 06:14:01 | INFO | Treatment-shared-unit alternating low-rank iter 900 | Loss: 0.447227 | Penalized: 0.471522
2026-07-26 06:14:03 | INFO | Treatment-shared-unit alternating low-rank iter 1000 | Loss: 0.447227 | Penalized: 0.471518
2026-07-26 06:14:05 | INFO | Treatment-shared-unit alternating low-rank iter 1100 | Loss: 0.447226 | Penalized: 0.471513
2026-07-26 06:14:07 | INFO | Treatment-shared-unit alternating low-rank iter 1200 | Loss: 0.447225 | Penalized: 0.471508
2026-07-26 06:14:08 | INFO | Treatment-shared-unit alternating low-rank iter 1300 | Loss: 0.447224 | Penalized: 0.471503
2026-07-26 06:14:10 | INFO | Treatment-shared-unit alternating low-rank iter 1400 | Loss: 0.447222 | Penalized: 0.471498
2026-07-26 06:14:12 | INFO | Treatment-shared-unit alternating low-rank iter 1500 | Loss: 0.447224 | Penalized: 0.471497
2026-07-26 06:14:14 | INFO | Treatment-shared-unit alternating low-rank iter 1600 | Loss: 0.447203 | Penalized: 0.471474
2026-07-26 06:14:15 | INFO | Treatment-shared-unit alternating low-rank iter 1700 | Loss: 0.447196 | Penalized: 0.471466
2026-07-26 06:14:17 | INFO | Treatment-shared-unit alternating low-rank iter 1800 | Loss: 0.447187 | Penalized: 0.471458
2026-07-26 06:14:19 | INFO | Treatment-shared-unit alternating low-rank iter 1900 | Loss: 0.447175 | Penalized: 0.471448
2026-07-26 06:14:21 | INFO | Done fitting.
2026-07-26 06:14:21 | INFO | Optimizer status: STOP: TOTAL NO. OF OUTER ITERATIONS REACHED LIMIT
2026-07-26 06:14:21 | INFO | Best optimizer start: 1 / 1
2026-07-26 06:14:21 | INFO | Final Loss: 0.446963
2026-07-26 06:14:21 | INFO | Estimated vs True Parameters:
2026-07-26 06:14:21 | INFO |   beta: 0.0000 (True: -0.3000) | SQE: 0.090000
2026-07-26 06:14:21 | INFO |   xi: 0.0000 (True: 0.0000) | SQE: 0.000000
2026-07-26 06:14:21 | INFO |   eta: 0.0000 (True: 0.3000) | SQE: 0.090000
2026-07-26 06:14:21 | INFO | Treatment-shared-unit alternating low-rank optimizer diagnostics:
2026-07-26 06:14:21 | INFO |   penalized_objective: 0.471241
2026-07-26 06:14:21 | INFO |   mple_loss_without_penalty: 0.446963
2026-07-26 06:14:21 | INFO |   lambda_uv_ridge: 0.010000
2026-07-26 06:14:21 | INFO |   u_frobenius_norm: 2.236068
2026-07-26 06:14:21 | INFO |   v_frobenius_norm: 190.984760
2026-07-26 06:14:21 | INFO |   effective_rank: 50.000000
2026-07-26 06:14:21 | INFO | Field and interaction diagnostics:
2026-07-26 06:14:21 | INFO |   field_rmse: 0.734932
2026-07-26 06:14:21 | INFO |   interaction_fro_error: 0.000000
2026-07-26 06:14:21 | INFO |   estimated_field_max_abs_entry: 3.821765
2026-07-26 06:14:21 | INFO |   estimated_field_rank: 50.000000
2026-07-26 06:14:21 | INFO |   true_field_max_abs_entry: 4.447602
2026-07-26 06:14:21 | INFO |   true_field_rank: 3.000000
2026-07-26 06:14:21 | INFO | Saved summary table to /orcd/home/002/phevosp/MPLE-Causal-Inference/experiments/SyntheticNoInterference/synth_no_interference/cv_runs_baselines/treatment_shared_unit/candidates/treatment_shared_unit_candidate_0015/fold_6/mple_summary.csv
2026-07-26 06:14:21 | INFO | Log saved to /orcd/home/002/phevosp/MPLE-Causal-Inference/experiments/SyntheticNoInterference/synth_no_interference/cv_runs_baselines/treatment_shared_unit/candidates/treatment_shared_unit_candidate_0015/fold_6/mple.log
