2026-04-19 14:15:00 | INFO | Loading data...
2026-04-19 14:15:00 | INFO | Using panel artifact: C:\Users\phevo\Documents\MIT\Code\MPLE-Causal-Inference\experiments\USCountyVaccination_US_sensitivity\outcome_death_rate_100k_ge_2__intervention_complete_cov_ge_40__lag_2w__contiguity__start_2021_01_03\panel_data.npz
2026-04-19 14:15:00 | INFO | Using x_0 artifact: C:\Users\phevo\Documents\MIT\Code\MPLE-Causal-Inference\experiments\USCountyVaccination_US_sensitivity\outcome_death_rate_100k_ge_2__intervention_complete_cov_ge_40__lag_2w__contiguity__start_2021_01_03\x_0.npy
2026-04-19 14:15:00 | INFO | Using z_0 artifact: C:\Users\phevo\Documents\MIT\Code\MPLE-Causal-Inference\experiments\USCountyVaccination_US_sensitivity\outcome_death_rate_100k_ge_2__intervention_complete_cov_ge_40__lag_2w__contiguity__start_2021_01_03\z_0.npy
2026-04-19 14:15:00 | INFO | Using fit config: C:\Users\phevo\Documents\MIT\Code\MPLE-Causal-Inference\experiments\USCountyVaccination_US_sensitivity\outcome_death_rate_100k_ge_2__intervention_complete_cov_ge_40__lag_2w__contiguity__start_2021_01_03\fits\rank_20_b1\fit_realized_config.yaml
2026-04-19 14:15:00 | INFO | Using model artifact directory: C:\Users\phevo\Documents\MIT\Code\MPLE-Causal-Inference\experiments\USCountyVaccination_US_sensitivity\outcome_death_rate_100k_ge_2__intervention_complete_cov_ge_40__lag_2w__contiguity__start_2021_01_03
2026-04-19 14:15:00 | INFO | Using truth artifact directory: C:\Users\phevo\Documents\MIT\Code\MPLE-Causal-Inference\experiments\USCountyVaccination_US_sensitivity\outcome_death_rate_100k_ge_2__intervention_complete_cov_ge_40__lag_2w__contiguity__start_2021_01_03
2026-04-19 14:15:00 | INFO | Configured latent rank: 20
2026-04-19 14:15:00 | INFO | Using a fixed known graph with scalar xi.
2026-04-19 14:15:00 | INFO | Intervention-process model enabled: False
2026-04-19 14:15:00 | INFO | Global temperature bound B active: True
2026-04-19 14:15:00 | INFO | Effective xi bound from interaction constraint: 1.000000
2026-04-19 14:15:00 | INFO | Beta mask pre-intervention enabled: True
2026-04-19 14:15:00 | INFO | Fixed scalar parameters: {}
2026-04-19 14:15:00 | INFO | Optimizer settings: n_starts=5, lbfgs_steps=50000, tol=1e-09, adam_steps=1000, adam_lr=0.01, adam_device=cpu, seed=0
2026-04-19 14:15:00 | INFO | Optimizer start 1/5 | seed=0 | initial_loss=0.651214
2026-04-19 14:15:02 | INFO | Start 1 Adam step 0 | Loss: 0.651214
2026-04-19 14:15:03 | INFO | Start 1 Adam step 100 | Loss: 0.460923
2026-04-19 14:15:04 | INFO | Start 1 Adam step 200 | Loss: 0.474443
2026-04-19 14:15:05 | INFO | Start 1 Adam step 300 | Loss: 0.452082
2026-04-19 14:15:07 | INFO | Start 1 Adam step 400 | Loss: 0.447075
2026-04-19 14:15:08 | INFO | Start 1 Adam step 500 | Loss: 0.451787
2026-04-19 14:15:09 | INFO | Start 1 Adam step 600 | Loss: 0.439333
2026-04-19 14:15:10 | INFO | Start 1 Adam step 700 | Loss: 0.448433
2026-04-19 14:15:11 | INFO | Start 1 Adam step 800 | Loss: 0.442864
2026-04-19 14:15:12 | INFO | Start 1 Adam step 900 | Loss: 0.448845
2026-04-19 14:15:13 | INFO | Start 1 L-BFGS eval 0 | Loss: 0.440355
2026-04-19 14:15:13 | INFO |   beta: +0.0291,  xi: +1.0000,  eta: +0.2607
2026-04-19 14:15:15 | INFO | Start 1 L-BFGS eval 100 | Loss: 0.433987
2026-04-19 14:15:15 | INFO |   beta: +0.0335,  xi: +1.0000,  eta: +0.2522
2026-04-19 14:15:18 | INFO | Start 1 L-BFGS eval 200 | Loss: 0.433958
2026-04-19 14:15:18 | INFO |   beta: +0.0079,  xi: +1.0000,  eta: +0.2635
2026-04-19 14:15:20 | INFO | Start 1 L-BFGS eval 300 | Loss: 0.433129
2026-04-19 14:15:20 | INFO |   beta: +0.0283,  xi: +1.0000,  eta: +0.2539
2026-04-19 14:15:21 | INFO | Optimizer start 1/5 complete | final_loss=0.433129 | status=ABNORMAL: 
2026-04-19 14:15:21 | INFO | Optimizer start 2/5 | seed=1 | initial_loss=0.623187
2026-04-19 14:15:21 | INFO | Start 2 Adam step 0 | Loss: 0.623187
2026-04-19 14:15:22 | INFO | Start 2 Adam step 100 | Loss: 0.457102
2026-04-19 14:15:23 | INFO | Start 2 Adam step 200 | Loss: 0.469881
2026-04-19 14:15:24 | INFO | Start 2 Adam step 300 | Loss: 0.443295
2026-04-19 14:15:25 | INFO | Start 2 Adam step 400 | Loss: 0.449558
2026-04-19 14:15:26 | INFO | Start 2 Adam step 500 | Loss: 0.451035
2026-04-19 14:15:27 | INFO | Start 2 Adam step 600 | Loss: 0.444886
2026-04-19 14:15:28 | INFO | Start 2 Adam step 700 | Loss: 0.450414
2026-04-19 14:15:29 | INFO | Start 2 Adam step 800 | Loss: 0.449128
2026-04-19 14:15:30 | INFO | Start 2 Adam step 900 | Loss: 0.445743
2026-04-19 14:15:31 | INFO | Start 2 L-BFGS eval 0 | Loss: 0.445805
2026-04-19 14:15:31 | INFO |   beta: +0.0346,  xi: +1.0000,  eta: +0.2679
2026-04-19 14:15:34 | INFO | Start 2 L-BFGS eval 100 | Loss: 0.444428
2026-04-19 14:15:34 | INFO |   beta: +0.0673,  xi: +1.0000,  eta: +0.4196
2026-04-19 14:15:36 | INFO | Start 2 L-BFGS eval 200 | Loss: 0.434842
2026-04-19 14:15:36 | INFO |   beta: +0.0316,  xi: +1.0000,  eta: +0.2079
2026-04-19 14:15:39 | INFO | Start 2 L-BFGS eval 300 | Loss: 0.434099
2026-04-19 14:15:39 | INFO |   beta: +0.0317,  xi: +1.0000,  eta: +0.2520
2026-04-19 14:15:41 | INFO | Start 2 L-BFGS eval 400 | Loss: 0.434104
2026-04-19 14:15:41 | INFO |   beta: +0.0318,  xi: +1.0000,  eta: +0.2474
2026-04-19 14:15:44 | INFO | Start 2 L-BFGS eval 500 | Loss: 0.434099
2026-04-19 14:15:44 | INFO |   beta: +0.0317,  xi: +1.0000,  eta: +0.2515
2026-04-19 14:15:44 | INFO | Optimizer start 2/5 complete | final_loss=0.434099 | status=CONVERGENCE: RELATIVE REDUCTION OF F <= FACTR*EPSMCH
2026-04-19 14:15:44 | INFO | Optimizer start 3/5 | seed=2 | initial_loss=0.651541
2026-04-19 14:15:44 | INFO | Start 3 Adam step 0 | Loss: 0.651541
2026-04-19 14:15:45 | INFO | Start 3 Adam step 100 | Loss: 0.464158
2026-04-19 14:15:47 | INFO | Start 3 Adam step 200 | Loss: 0.474433
2026-04-19 14:15:48 | INFO | Start 3 Adam step 300 | Loss: 0.440780
2026-04-19 14:15:49 | INFO | Start 3 Adam step 400 | Loss: 0.448287
2026-04-19 14:15:50 | INFO | Start 3 Adam step 500 | Loss: 0.449087
2026-04-19 14:15:51 | INFO | Start 3 Adam step 600 | Loss: 0.443145
2026-04-19 14:15:52 | INFO | Start 3 Adam step 700 | Loss: 0.447219
2026-04-19 14:15:53 | INFO | Start 3 Adam step 800 | Loss: 0.445042
2026-04-19 14:15:54 | INFO | Start 3 Adam step 900 | Loss: 0.447917
2026-04-19 14:15:55 | INFO | Start 3 L-BFGS eval 0 | Loss: 0.443858
2026-04-19 14:15:55 | INFO |   beta: +0.0369,  xi: +1.0000,  eta: +0.2740
2026-04-19 14:15:57 | INFO | Start 3 L-BFGS eval 100 | Loss: 0.436721
2026-04-19 14:15:57 | INFO |   beta: +0.0376,  xi: +1.0000,  eta: +0.2710
2026-04-19 14:16:00 | INFO | Start 3 L-BFGS eval 200 | Loss: 0.435121
2026-04-19 14:16:00 | INFO |   beta: +0.0332,  xi: +1.0000,  eta: +0.2625
2026-04-19 14:16:02 | INFO | Start 3 L-BFGS eval 300 | Loss: 0.435064
2026-04-19 14:16:02 | INFO |   beta: +0.0332,  xi: +1.0000,  eta: +0.2619
2026-04-19 14:16:05 | INFO | Start 3 L-BFGS eval 400 | Loss: 0.431645
2026-04-19 14:16:05 | INFO |   beta: +0.0407,  xi: +1.0000,  eta: +0.2631
2026-04-19 14:16:07 | INFO | Start 3 L-BFGS eval 500 | Loss: 0.431615
2026-04-19 14:16:07 | INFO |   beta: +0.0338,  xi: +1.0000,  eta: +0.2582
2026-04-19 14:16:10 | INFO | Start 3 L-BFGS eval 600 | Loss: 0.431582
2026-04-19 14:16:10 | INFO |   beta: +0.0339,  xi: +1.0000,  eta: +0.2587
2026-04-19 14:16:12 | INFO | Start 3 L-BFGS eval 700 | Loss: 0.431560
2026-04-19 14:16:12 | INFO |   beta: +0.0339,  xi: +1.0000,  eta: +0.2584
2026-04-19 14:16:15 | INFO | Start 3 L-BFGS eval 800 | Loss: 0.433756
2026-04-19 14:16:15 | INFO |   beta: +0.0092,  xi: +1.0000,  eta: +0.1818
2026-04-19 14:16:17 | INFO | Start 3 L-BFGS eval 900 | Loss: 0.431524
2026-04-19 14:16:17 | INFO |   beta: +0.0358,  xi: +1.0000,  eta: +0.2643
2026-04-19 14:16:20 | INFO | Start 3 L-BFGS eval 1000 | Loss: 0.431474
2026-04-19 14:16:20 | INFO |   beta: +0.0333,  xi: +1.0000,  eta: +0.2566
2026-04-19 14:16:22 | INFO | Start 3 L-BFGS eval 1100 | Loss: 0.431456
2026-04-19 14:16:22 | INFO |   beta: +0.0340,  xi: +1.0000,  eta: +0.2587
2026-04-19 14:16:25 | INFO | Start 3 L-BFGS eval 1200 | Loss: 0.431443
2026-04-19 14:16:25 | INFO |   beta: +0.0338,  xi: +1.0000,  eta: +0.2583
2026-04-19 14:16:27 | INFO | Start 3 L-BFGS eval 1300 | Loss: 0.431423
2026-04-19 14:16:27 | INFO |   beta: +0.0327,  xi: +1.0000,  eta: +0.2547
2026-04-19 14:16:30 | INFO | Start 3 L-BFGS eval 1400 | Loss: 0.431410
2026-04-19 14:16:30 | INFO |   beta: +0.0350,  xi: +1.0000,  eta: +0.2617
2026-04-19 14:16:32 | INFO | Start 3 L-BFGS eval 1500 | Loss: 0.431392
2026-04-19 14:16:32 | INFO |   beta: +0.0338,  xi: +1.0000,  eta: +0.2582
2026-04-19 14:16:35 | INFO | Start 3 L-BFGS eval 1600 | Loss: 0.431375
2026-04-19 14:16:35 | INFO |   beta: +0.0339,  xi: +1.0000,  eta: +0.2584
2026-04-19 14:16:37 | INFO | Start 3 L-BFGS eval 1700 | Loss: 0.431363
2026-04-19 14:16:37 | INFO |   beta: +0.0338,  xi: +1.0000,  eta: +0.2582
2026-04-19 14:16:40 | INFO | Start 3 L-BFGS eval 1800 | Loss: 0.431346
2026-04-19 14:16:40 | INFO |   beta: +0.0339,  xi: +1.0000,  eta: +0.2583
2026-04-19 14:16:42 | INFO | Start 3 L-BFGS eval 1900 | Loss: 0.431330
2026-04-19 14:16:42 | INFO |   beta: +0.0330,  xi: +1.0000,  eta: +0.2555
2026-04-19 14:16:45 | INFO | Start 3 L-BFGS eval 2000 | Loss: 0.431319
2026-04-19 14:16:45 | INFO |   beta: +0.0338,  xi: +1.0000,  eta: +0.2582
2026-04-19 14:16:47 | INFO | Start 3 L-BFGS eval 2100 | Loss: 0.431301
2026-04-19 14:16:47 | INFO |   beta: +0.0338,  xi: +1.0000,  eta: +0.2580
2026-04-19 14:16:50 | INFO | Start 3 L-BFGS eval 2200 | Loss: 0.431291
2026-04-19 14:16:50 | INFO |   beta: +0.0339,  xi: +1.0000,  eta: +0.2582
2026-04-19 14:16:52 | INFO | Start 3 L-BFGS eval 2300 | Loss: 0.431274
2026-04-19 14:16:52 | INFO |   beta: +0.0339,  xi: +1.0000,  eta: +0.2582
2026-04-19 14:16:55 | INFO | Start 3 L-BFGS eval 2400 | Loss: 0.431259
2026-04-19 14:16:55 | INFO |   beta: +0.0328,  xi: +1.0000,  eta: +0.2550
2026-04-19 14:16:57 | INFO | Start 3 L-BFGS eval 2500 | Loss: 0.431245
2026-04-19 14:16:57 | INFO |   beta: +0.0339,  xi: +1.0000,  eta: +0.2582
2026-04-19 14:17:00 | INFO | Start 3 L-BFGS eval 2600 | Loss: 0.431231
2026-04-19 14:17:00 | INFO |   beta: +0.0339,  xi: +1.0000,  eta: +0.2582
2026-04-19 14:17:02 | INFO | Start 3 L-BFGS eval 2700 | Loss: 0.431221
2026-04-19 14:17:02 | INFO |   beta: +0.0339,  xi: +1.0000,  eta: +0.2581
2026-04-19 14:17:05 | INFO | Start 3 L-BFGS eval 2800 | Loss: 0.431206
2026-04-19 14:17:05 | INFO |   beta: +0.0339,  xi: +1.0000,  eta: +0.2581
2026-04-19 14:17:07 | INFO | Start 3 L-BFGS eval 2900 | Loss: 0.431196
2026-04-19 14:17:07 | INFO |   beta: +0.0339,  xi: +1.0000,  eta: +0.2582
2026-04-19 14:17:10 | INFO | Start 3 L-BFGS eval 3000 | Loss: 0.431183
2026-04-19 14:17:10 | INFO |   beta: +0.0339,  xi: +1.0000,  eta: +0.2583
2026-04-19 14:17:12 | INFO | Start 3 L-BFGS eval 3100 | Loss: 0.431604
2026-04-19 14:17:12 | INFO |   beta: +0.0230,  xi: +1.0000,  eta: +0.2244
2026-04-19 14:17:15 | INFO | Start 3 L-BFGS eval 3200 | Loss: 0.431160
2026-04-19 14:17:15 | INFO |   beta: +0.0338,  xi: +1.0000,  eta: +0.2580
2026-04-19 14:17:17 | INFO | Start 3 L-BFGS eval 3300 | Loss: 0.451352
2026-04-19 14:17:17 | INFO |   beta: -0.0373,  xi: +1.0000,  eta: +0.0375
2026-04-19 14:17:20 | INFO | Start 3 L-BFGS eval 3400 | Loss: 0.431136
2026-04-19 14:17:20 | INFO |   beta: +0.0347,  xi: +1.0000,  eta: +0.2607
2026-04-19 14:17:22 | INFO | Start 3 L-BFGS eval 3500 | Loss: 0.431123
2026-04-19 14:17:22 | INFO |   beta: +0.0338,  xi: +1.0000,  eta: +0.2581
2026-04-19 14:17:25 | INFO | Start 3 L-BFGS eval 3600 | Loss: 0.431110
2026-04-19 14:17:25 | INFO |   beta: +0.0341,  xi: +1.0000,  eta: +0.2587
2026-04-19 14:17:27 | INFO | Start 3 L-BFGS eval 3700 | Loss: 0.431101
2026-04-19 14:17:27 | INFO |   beta: +0.0339,  xi: +1.0000,  eta: +0.2581
2026-04-19 14:17:30 | INFO | Start 3 L-BFGS eval 3800 | Loss: 0.431088
2026-04-19 14:17:30 | INFO |   beta: +0.0339,  xi: +1.0000,  eta: +0.2581
2026-04-19 14:17:32 | INFO | Start 3 L-BFGS eval 3900 | Loss: 0.431075
2026-04-19 14:17:32 | INFO |   beta: +0.0339,  xi: +1.0000,  eta: +0.2583
2026-04-19 14:17:35 | INFO | Start 3 L-BFGS eval 4000 | Loss: 0.431065
2026-04-19 14:17:35 | INFO |   beta: +0.0341,  xi: +1.0000,  eta: +0.2589
2026-04-19 14:17:37 | INFO | Start 3 L-BFGS eval 4100 | Loss: 0.431054
2026-04-19 14:17:37 | INFO |   beta: +0.0339,  xi: +1.0000,  eta: +0.2581
2026-04-19 14:17:40 | INFO | Start 3 L-BFGS eval 4200 | Loss: 0.431053
2026-04-19 14:17:40 | INFO |   beta: +0.0319,  xi: +1.0000,  eta: +0.2519
2026-04-19 14:17:42 | INFO | Start 3 L-BFGS eval 4300 | Loss: 0.431032
2026-04-19 14:17:42 | INFO |   beta: +0.0339,  xi: +1.0000,  eta: +0.2580
2026-04-19 14:17:45 | INFO | Start 3 L-BFGS eval 4400 | Loss: 0.431019
2026-04-19 14:17:45 | INFO |   beta: +0.0338,  xi: +1.0000,  eta: +0.2580
2026-04-19 14:17:47 | INFO | Start 3 L-BFGS eval 4500 | Loss: 0.459904
2026-04-19 14:17:47 | INFO |   beta: -0.0507,  xi: +1.0000,  eta: -0.0043
2026-04-19 14:17:50 | INFO | Start 3 L-BFGS eval 4600 | Loss: 0.430998
2026-04-19 14:17:50 | INFO |   beta: +0.0338,  xi: +1.0000,  eta: +0.2580
2026-04-19 14:17:52 | INFO | Start 3 L-BFGS eval 4700 | Loss: 0.431006
2026-04-19 14:17:52 | INFO |   beta: +0.0313,  xi: +1.0000,  eta: +0.2501
2026-04-19 14:17:55 | INFO | Start 3 L-BFGS eval 4800 | Loss: 0.430975
2026-04-19 14:17:55 | INFO |   beta: +0.0346,  xi: +1.0000,  eta: +0.2604
2026-04-19 14:17:57 | INFO | Start 3 L-BFGS eval 4900 | Loss: 0.430965
2026-04-19 14:17:57 | INFO |   beta: +0.0338,  xi: +1.0000,  eta: +0.2580
2026-04-19 14:18:00 | INFO | Start 3 L-BFGS eval 5000 | Loss: 0.430952
2026-04-19 14:18:00 | INFO |   beta: +0.0338,  xi: +1.0000,  eta: +0.2577
2026-04-19 14:18:02 | INFO | Start 3 L-BFGS eval 5100 | Loss: 0.430943
2026-04-19 14:18:02 | INFO |   beta: +0.0349,  xi: +1.0000,  eta: +0.2611
2026-04-19 14:18:05 | INFO | Start 3 L-BFGS eval 5200 | Loss: 0.430932
2026-04-19 14:18:05 | INFO |   beta: +0.0338,  xi: +1.0000,  eta: +0.2577
2026-04-19 14:18:07 | INFO | Start 3 L-BFGS eval 5300 | Loss: 0.430918
2026-04-19 14:18:07 | INFO |   beta: +0.0336,  xi: +1.0000,  eta: +0.2570
2026-04-19 14:18:10 | INFO | Start 3 L-BFGS eval 5400 | Loss: 0.430910
2026-04-19 14:18:10 | INFO |   beta: +0.0339,  xi: +1.0000,  eta: +0.2580
2026-04-19 14:18:12 | INFO | Start 3 L-BFGS eval 5500 | Loss: 0.430898
2026-04-19 14:18:12 | INFO |   beta: +0.0338,  xi: +1.0000,  eta: +0.2577
2026-04-19 14:18:14 | INFO | Start 3 L-BFGS eval 5600 | Loss: 0.450975
2026-04-19 14:18:14 | INFO |   beta: -0.0371,  xi: +1.0000,  eta: +0.0379
2026-04-19 14:18:17 | INFO | Start 3 L-BFGS eval 5700 | Loss: 0.430877
2026-04-19 14:18:17 | INFO |   beta: +0.0338,  xi: +1.0000,  eta: +0.2579
2026-04-19 14:18:19 | INFO | Start 3 L-BFGS eval 5800 | Loss: 0.430865
2026-04-19 14:18:19 | INFO |   beta: +0.0335,  xi: +1.0000,  eta: +0.2569
2026-04-19 14:18:22 | INFO | Start 3 L-BFGS eval 5900 | Loss: 0.430857
2026-04-19 14:18:22 | INFO |   beta: +0.0338,  xi: +1.0000,  eta: +0.2578
2026-04-19 14:18:24 | INFO | Start 3 L-BFGS eval 6000 | Loss: 0.430845
2026-04-19 14:18:24 | INFO |   beta: +0.0338,  xi: +1.0000,  eta: +0.2578
2026-04-19 14:18:27 | INFO | Start 3 L-BFGS eval 6100 | Loss: 0.430845
2026-04-19 14:18:27 | INFO |   beta: +0.0318,  xi: +1.0000,  eta: +0.2516
2026-04-19 14:18:29 | INFO | Start 3 L-BFGS eval 6200 | Loss: 0.430825
2026-04-19 14:18:29 | INFO |   beta: +0.0338,  xi: +1.0000,  eta: +0.2579
2026-04-19 14:18:32 | INFO | Start 3 L-BFGS eval 6300 | Loss: 0.430813
2026-04-19 14:18:32 | INFO |   beta: +0.0339,  xi: +1.0000,  eta: +0.2579
2026-04-19 14:18:34 | INFO | Start 3 L-BFGS eval 6400 | Loss: 0.430804
2026-04-19 14:18:34 | INFO |   beta: +0.0347,  xi: +1.0000,  eta: +0.2606
2026-04-19 14:18:37 | INFO | Start 3 L-BFGS eval 6500 | Loss: 0.430793
2026-04-19 14:18:37 | INFO |   beta: +0.0338,  xi: +1.0000,  eta: +0.2578
2026-04-19 14:18:39 | INFO | Start 3 L-BFGS eval 6600 | Loss: 0.431325
2026-04-19 14:18:39 | INFO |   beta: +0.0217,  xi: +1.0000,  eta: +0.2202
2026-04-19 14:18:42 | INFO | Start 3 L-BFGS eval 6700 | Loss: 0.430773
2026-04-19 14:18:42 | INFO |   beta: +0.0339,  xi: +1.0000,  eta: +0.2579
2026-04-19 14:18:44 | INFO | Start 3 L-BFGS eval 6800 | Loss: 0.430779
2026-04-19 14:18:44 | INFO |   beta: +0.0315,  xi: +1.0000,  eta: +0.2506
2026-04-19 14:18:47 | INFO | Start 3 L-BFGS eval 6900 | Loss: 0.430754
2026-04-19 14:18:47 | INFO |   beta: +0.0338,  xi: +1.0000,  eta: +0.2578
2026-04-19 14:18:49 | INFO | Start 3 L-BFGS eval 7000 | Loss: 0.430742
2026-04-19 14:18:49 | INFO |   beta: +0.0334,  xi: +1.0000,  eta: +0.2565
2026-04-19 14:18:52 | INFO | Start 3 L-BFGS eval 7100 | Loss: 0.430734
2026-04-19 14:18:52 | INFO |   beta: +0.0339,  xi: +1.0000,  eta: +0.2579
2026-04-19 14:18:54 | INFO | Start 3 L-BFGS eval 7200 | Loss: 0.430723
2026-04-19 14:18:54 | INFO |   beta: +0.0335,  xi: +1.0000,  eta: +0.2567
2026-04-19 14:18:57 | INFO | Start 3 L-BFGS eval 7300 | Loss: 0.430716
2026-04-19 14:18:57 | INFO |   beta: +0.0338,  xi: +1.0000,  eta: +0.2577
2026-04-19 14:18:59 | INFO | Start 3 L-BFGS eval 7400 | Loss: 0.430704
2026-04-19 14:18:59 | INFO |   beta: +0.0338,  xi: +1.0000,  eta: +0.2578
2026-04-19 14:19:02 | INFO | Start 3 L-BFGS eval 7500 | Loss: 0.430696
2026-04-19 14:19:02 | INFO |   beta: +0.0338,  xi: +1.0000,  eta: +0.2577
2026-04-19 14:19:04 | INFO | Start 3 L-BFGS eval 7600 | Loss: 0.431370
2026-04-19 14:19:04 | INFO |   beta: +0.0203,  xi: +1.0000,  eta: +0.2157
2026-04-19 14:19:07 | INFO | Start 3 L-BFGS eval 7700 | Loss: 0.430676
2026-04-19 14:19:07 | INFO |   beta: +0.0343,  xi: +1.0000,  eta: +0.2590
2026-04-19 14:19:10 | INFO | Start 3 L-BFGS eval 7800 | Loss: 0.430696
2026-04-19 14:19:10 | INFO |   beta: +0.0308,  xi: +1.0000,  eta: +0.2484
2026-04-19 14:19:12 | INFO | Start 3 L-BFGS eval 7900 | Loss: 0.430657
2026-04-19 14:19:12 | INFO |   beta: +0.0344,  xi: +1.0000,  eta: +0.2594
2026-04-19 14:19:15 | INFO | Start 3 L-BFGS eval 8000 | Loss: 0.430647
2026-04-19 14:19:15 | INFO |   beta: +0.0338,  xi: +1.0000,  eta: +0.2577
2026-04-19 14:19:18 | INFO | Start 3 L-BFGS eval 8100 | Loss: 0.430640
2026-04-19 14:19:18 | INFO |   beta: +0.0338,  xi: +1.0000,  eta: +0.2577
2026-04-19 14:19:20 | INFO | Start 3 L-BFGS eval 8200 | Loss: 0.430631
2026-04-19 14:19:20 | INFO |   beta: +0.0345,  xi: +1.0000,  eta: +0.2598
2026-04-19 14:19:23 | INFO | Start 3 L-BFGS eval 8300 | Loss: 0.430623
2026-04-19 14:19:23 | INFO |   beta: +0.0341,  xi: +1.0000,  eta: +0.2585
2026-04-19 14:19:26 | INFO | Start 3 L-BFGS eval 8400 | Loss: 0.430616
2026-04-19 14:19:26 | INFO |   beta: +0.0332,  xi: +1.0000,  eta: +0.2556
2026-04-19 14:19:29 | INFO | Start 3 L-BFGS eval 8500 | Loss: 0.430608
2026-04-19 14:19:29 | INFO |   beta: +0.0338,  xi: +1.0000,  eta: +0.2577
2026-04-19 14:19:32 | INFO | Start 3 L-BFGS eval 8600 | Loss: 0.430600
2026-04-19 14:19:32 | INFO |   beta: +0.0347,  xi: +1.0000,  eta: +0.2603
2026-04-19 14:19:34 | INFO | Start 3 L-BFGS eval 8700 | Loss: 0.431456
2026-04-19 14:19:34 | INFO |   beta: +0.0187,  xi: +1.0000,  eta: +0.2107
2026-04-19 14:19:37 | INFO | Start 3 L-BFGS eval 8800 | Loss: 0.430584
2026-04-19 14:19:37 | INFO |   beta: +0.0338,  xi: +1.0000,  eta: +0.2576
2026-04-19 14:19:40 | INFO | Start 3 L-BFGS eval 8900 | Loss: 0.430577
2026-04-19 14:19:40 | INFO |   beta: +0.0338,  xi: +1.0000,  eta: +0.2577
2026-04-19 14:19:43 | INFO | Start 3 L-BFGS eval 9000 | Loss: 0.430570
2026-04-19 14:19:43 | INFO |   beta: +0.0338,  xi: +1.0000,  eta: +0.2577
2026-04-19 14:19:46 | INFO | Start 3 L-BFGS eval 9100 | Loss: 0.430562
2026-04-19 14:19:46 | INFO |   beta: +0.0344,  xi: +1.0000,  eta: +0.2596
2026-04-19 14:19:48 | INFO | Start 3 L-BFGS eval 9200 | Loss: 0.430553
2026-04-19 14:19:48 | INFO |   beta: +0.0340,  xi: +1.0000,  eta: +0.2581
2026-04-19 14:19:51 | INFO | Start 3 L-BFGS eval 9300 | Loss: 0.430546
2026-04-19 14:19:51 | INFO |   beta: +0.0338,  xi: +1.0000,  eta: +0.2576
2026-04-19 14:19:54 | INFO | Start 3 L-BFGS eval 9400 | Loss: 0.430540
2026-04-19 14:19:54 | INFO |   beta: +0.0338,  xi: +1.0000,  eta: +0.2576
2026-04-19 14:19:57 | INFO | Start 3 L-BFGS eval 9500 | Loss: 0.430531
2026-04-19 14:19:57 | INFO |   beta: +0.0346,  xi: +1.0000,  eta: +0.2599
2026-04-19 14:20:00 | INFO | Start 3 L-BFGS eval 9600 | Loss: 0.430523
2026-04-19 14:20:00 | INFO |   beta: +0.0340,  xi: +1.0000,  eta: +0.2581
2026-04-19 14:20:02 | INFO | Start 3 L-BFGS eval 9700 | Loss: 0.430517
2026-04-19 14:20:02 | INFO |   beta: +0.0339,  xi: +1.0000,  eta: +0.2578
2026-04-19 14:20:05 | INFO | Start 3 L-BFGS eval 9800 | Loss: 0.430510
2026-04-19 14:20:05 | INFO |   beta: +0.0343,  xi: +1.0000,  eta: +0.2591
2026-04-19 14:20:08 | INFO | Start 3 L-BFGS eval 9900 | Loss: 0.431865
2026-04-19 14:20:08 | INFO |   beta: +0.0149,  xi: +1.0000,  eta: +0.1991
2026-04-19 14:20:11 | INFO | Start 3 L-BFGS eval 10000 | Loss: 0.430498
2026-04-19 14:20:11 | INFO |   beta: +0.0339,  xi: +1.0000,  eta: +0.2578
2026-04-19 14:20:14 | INFO | Start 3 L-BFGS eval 10100 | Loss: 0.430527
2026-04-19 14:20:14 | INFO |   beta: +0.0306,  xi: +1.0000,  eta: +0.2476
2026-04-19 14:20:17 | INFO | Start 3 L-BFGS eval 10200 | Loss: 0.430485
2026-04-19 14:20:17 | INFO |   beta: +0.0339,  xi: +1.0000,  eta: +0.2578
2026-04-19 14:20:19 | INFO | Start 3 L-BFGS eval 10300 | Loss: 0.430478
2026-04-19 14:20:19 | INFO |   beta: +0.0347,  xi: +1.0000,  eta: +0.2602
2026-04-19 14:20:22 | INFO | Start 3 L-BFGS eval 10400 | Loss: 0.430472
2026-04-19 14:20:22 | INFO |   beta: +0.0341,  xi: +1.0000,  eta: +0.2586
2026-04-19 14:20:25 | INFO | Start 3 L-BFGS eval 10500 | Loss: 0.430466
2026-04-19 14:20:25 | INFO |   beta: +0.0339,  xi: +1.0000,  eta: +0.2577
2026-04-19 14:20:28 | INFO | Start 3 L-BFGS eval 10600 | Loss: 0.430460
2026-04-19 14:20:28 | INFO |   beta: +0.0340,  xi: +1.0000,  eta: +0.2582
2026-04-19 14:20:31 | INFO | Start 3 L-BFGS eval 10700 | Loss: 0.430453
2026-04-19 14:20:31 | INFO |   beta: +0.0335,  xi: +1.0000,  eta: +0.2566
2026-04-19 14:20:33 | INFO | Start 3 L-BFGS eval 10800 | Loss: 0.430448
2026-04-19 14:20:33 | INFO |   beta: +0.0339,  xi: +1.0000,  eta: +0.2579
2026-04-19 14:20:36 | INFO | Start 3 L-BFGS eval 10900 | Loss: 0.430442
2026-04-19 14:20:36 | INFO |   beta: +0.0342,  xi: +1.0000,  eta: +0.2588
2026-04-19 14:20:39 | INFO | Start 3 L-BFGS eval 11000 | Loss: 0.430437
2026-04-19 14:20:39 | INFO |   beta: +0.0339,  xi: +1.0000,  eta: +0.2580
2026-04-19 14:20:42 | INFO | Start 3 L-BFGS eval 11100 | Loss: 0.430433
2026-04-19 14:20:42 | INFO |   beta: +0.0340,  xi: +1.0000,  eta: +0.2580
2026-04-19 14:20:45 | INFO | Start 3 L-BFGS eval 11200 | Loss: 0.430427
2026-04-19 14:20:45 | INFO |   beta: +0.0339,  xi: +1.0000,  eta: +0.2579
2026-04-19 14:20:47 | INFO | Start 3 L-BFGS eval 11300 | Loss: 0.430423
2026-04-19 14:20:47 | INFO |   beta: +0.0340,  xi: +1.0000,  eta: +0.2580
2026-04-19 14:20:50 | INFO | Start 3 L-BFGS eval 11400 | Loss: 0.430417
2026-04-19 14:20:50 | INFO |   beta: +0.0338,  xi: +1.0000,  eta: +0.2575
2026-04-19 14:20:53 | INFO | Start 3 L-BFGS eval 11500 | Loss: 0.430417
2026-04-19 14:20:53 | INFO |   beta: +0.0328,  xi: +1.0000,  eta: +0.2542
2026-04-19 14:20:56 | INFO | Start 3 L-BFGS eval 11600 | Loss: 0.430410
2026-04-19 14:20:56 | INFO |   beta: +0.0340,  xi: +1.0000,  eta: +0.2580
2026-04-19 14:20:58 | INFO | Start 3 L-BFGS eval 11700 | Loss: 0.430406
2026-04-19 14:20:58 | INFO |   beta: +0.0341,  xi: +1.0000,  eta: +0.2583
2026-04-19 14:21:01 | INFO | Start 3 L-BFGS eval 11800 | Loss: 0.430406
2026-04-19 14:21:01 | INFO |   beta: +0.0326,  xi: +1.0000,  eta: +0.2537
2026-04-19 14:21:04 | INFO | Start 3 L-BFGS eval 11900 | Loss: 0.430397
2026-04-19 14:21:04 | INFO |   beta: +0.0337,  xi: +1.0000,  eta: +0.2570
2026-04-19 14:21:07 | INFO | Start 3 L-BFGS eval 12000 | Loss: 0.430394
2026-04-19 14:21:07 | INFO |   beta: +0.0340,  xi: +1.0000,  eta: +0.2581
2026-04-19 14:21:10 | INFO | Start 3 L-BFGS eval 12100 | Loss: 0.430397
2026-04-19 14:21:10 | INFO |   beta: +0.0323,  xi: +1.0000,  eta: +0.2528
2026-04-19 14:21:13 | INFO | Start 3 L-BFGS eval 12200 | Loss: 0.430385
2026-04-19 14:21:13 | INFO |   beta: +0.0340,  xi: +1.0000,  eta: +0.2581
2026-04-19 14:21:15 | INFO | Start 3 L-BFGS eval 12300 | Loss: 0.430380
2026-04-19 14:21:15 | INFO |   beta: +0.0341,  xi: +1.0000,  eta: +0.2584
2026-04-19 14:21:18 | INFO | Start 3 L-BFGS eval 12400 | Loss: 0.445571
2026-04-19 14:21:18 | INFO |   beta: -0.0279,  xi: +1.0000,  eta: +0.0663
2026-04-19 14:21:21 | INFO | Start 3 L-BFGS eval 12500 | Loss: 0.430373
2026-04-19 14:21:21 | INFO |   beta: +0.0340,  xi: +1.0000,  eta: +0.2581
2026-04-19 14:21:24 | INFO | Start 3 L-BFGS eval 12600 | Loss: 0.430370
2026-04-19 14:21:24 | INFO |   beta: +0.0340,  xi: +1.0000,  eta: +0.2580
2026-04-19 14:21:26 | INFO | Start 3 L-BFGS eval 12700 | Loss: 0.430366
2026-04-19 14:21:26 | INFO |   beta: +0.0340,  xi: +1.0000,  eta: +0.2581
2026-04-19 14:21:29 | INFO | Start 3 L-BFGS eval 12800 | Loss: 0.430361
2026-04-19 14:21:29 | INFO |   beta: +0.0342,  xi: +1.0000,  eta: +0.2586
2026-04-19 14:21:32 | INFO | Start 3 L-BFGS eval 12900 | Loss: 0.430358
2026-04-19 14:21:32 | INFO |   beta: +0.0337,  xi: +1.0000,  eta: +0.2572
2026-04-19 14:21:35 | INFO | Start 3 L-BFGS eval 13000 | Loss: 1.418157
2026-04-19 14:21:35 | INFO |   beta: -1.0000,  xi: +1.0000,  eta: -1.0000
2026-04-19 14:21:37 | INFO | Start 3 L-BFGS eval 13100 | Loss: 0.430351
2026-04-19 14:21:37 | INFO |   beta: +0.0340,  xi: +1.0000,  eta: +0.2581
2026-04-19 14:21:40 | INFO | Start 3 L-BFGS eval 13200 | Loss: 0.430348
2026-04-19 14:21:40 | INFO |   beta: +0.0341,  xi: +1.0000,  eta: +0.2582
2026-04-19 14:21:43 | INFO | Start 3 L-BFGS eval 13300 | Loss: 0.430344
2026-04-19 14:21:43 | INFO |   beta: +0.0340,  xi: +1.0000,  eta: +0.2582
2026-04-19 14:21:46 | INFO | Start 3 L-BFGS eval 13400 | Loss: 0.430342
2026-04-19 14:21:46 | INFO |   beta: +0.0341,  xi: +1.0000,  eta: +0.2583
2026-04-19 14:21:47 | INFO | Optimizer start 3/5 complete | final_loss=0.430342 | status=ABNORMAL: 
2026-04-19 14:21:47 | INFO | Optimizer start 4/5 | seed=3 | initial_loss=0.690597
2026-04-19 14:21:47 | INFO | Start 4 Adam step 0 | Loss: 0.690597
2026-04-19 14:21:48 | INFO | Start 4 Adam step 100 | Loss: 0.463635
2026-04-19 14:21:49 | INFO | Start 4 Adam step 200 | Loss: 0.474055
2026-04-19 14:21:50 | INFO | Start 4 Adam step 300 | Loss: 0.448241
2026-04-19 14:21:51 | INFO | Start 4 Adam step 400 | Loss: 0.445199
2026-04-19 14:21:52 | INFO | Start 4 Adam step 500 | Loss: 0.449876
2026-04-19 14:21:53 | INFO | Start 4 Adam step 600 | Loss: 0.442328
2026-04-19 14:21:54 | INFO | Start 4 Adam step 700 | Loss: 0.443086
2026-04-19 14:21:55 | INFO | Start 4 Adam step 800 | Loss: 0.447827
2026-04-19 14:21:56 | INFO | Start 4 Adam step 900 | Loss: 0.447553
2026-04-19 14:21:57 | INFO | Start 4 L-BFGS eval 0 | Loss: 0.443348
2026-04-19 14:21:57 | INFO |   beta: +0.0343,  xi: +1.0000,  eta: +0.2625
2026-04-19 14:22:00 | INFO | Start 4 L-BFGS eval 100 | Loss: 0.435235
2026-04-19 14:22:00 | INFO |   beta: +0.0318,  xi: +1.0000,  eta: +0.2525
2026-04-19 14:22:02 | INFO | Optimizer start 4/5 complete | final_loss=0.435234 | status=ABNORMAL: 
2026-04-19 14:22:02 | INFO | Optimizer start 5/5 | seed=4 | initial_loss=0.691483
2026-04-19 14:22:02 | INFO | Start 5 Adam step 0 | Loss: 0.691483
2026-04-19 14:22:03 | INFO | Start 5 Adam step 100 | Loss: 0.455717
2026-04-19 14:22:04 | INFO | Start 5 Adam step 200 | Loss: 0.473319
2026-04-19 14:22:05 | INFO | Start 5 Adam step 300 | Loss: 0.448723
2026-04-19 14:22:06 | INFO | Start 5 Adam step 400 | Loss: 0.450084
2026-04-19 14:22:07 | INFO | Start 5 Adam step 500 | Loss: 0.442957
2026-04-19 14:22:08 | INFO | Start 5 Adam step 600 | Loss: 0.443601
2026-04-19 14:22:09 | INFO | Start 5 Adam step 700 | Loss: 0.443979
2026-04-19 14:22:10 | INFO | Start 5 Adam step 800 | Loss: 0.440790
2026-04-19 14:22:12 | INFO | Start 5 Adam step 900 | Loss: 0.442791
2026-04-19 14:22:13 | INFO | Start 5 L-BFGS eval 0 | Loss: 0.442091
2026-04-19 14:22:13 | INFO |   beta: +0.0391,  xi: +1.0000,  eta: +0.2639
2026-04-19 14:22:15 | INFO | Start 5 L-BFGS eval 100 | Loss: 0.433585
2026-04-19 14:22:15 | INFO |   beta: +0.0237,  xi: +1.0000,  eta: +0.2408
2026-04-19 14:22:18 | INFO | Start 5 L-BFGS eval 200 | Loss: 0.433467
2026-04-19 14:22:18 | INFO |   beta: +0.0344,  xi: +1.0000,  eta: +0.2575
2026-04-19 14:22:20 | INFO | Start 5 L-BFGS eval 300 | Loss: 0.433434
2026-04-19 14:22:20 | INFO |   beta: +0.0326,  xi: +1.0000,  eta: +0.2524
2026-04-19 14:22:23 | INFO | Start 5 L-BFGS eval 400 | Loss: 0.433358
2026-04-19 14:22:23 | INFO |   beta: +0.0334,  xi: +1.0000,  eta: +0.2547
2026-04-19 14:22:25 | INFO | Start 5 L-BFGS eval 500 | Loss: 0.432087
2026-04-19 14:22:25 | INFO |   beta: +0.0343,  xi: +1.0000,  eta: +0.2573
2026-04-19 14:22:28 | INFO | Start 5 L-BFGS eval 600 | Loss: 0.431804
2026-04-19 14:22:28 | INFO |   beta: +0.0333,  xi: +1.0000,  eta: +0.2470
2026-04-19 14:22:30 | INFO | Start 5 L-BFGS eval 700 | Loss: 0.431769
2026-04-19 14:22:30 | INFO |   beta: +0.0322,  xi: +1.0000,  eta: +0.2499
2026-04-19 14:22:33 | INFO | Start 5 L-BFGS eval 800 | Loss: 0.431736
2026-04-19 14:22:33 | INFO |   beta: +0.0322,  xi: +1.0000,  eta: +0.2502
2026-04-19 14:22:35 | INFO | Start 5 L-BFGS eval 900 | Loss: 0.431695
2026-04-19 14:22:35 | INFO |   beta: +0.0321,  xi: +1.0000,  eta: +0.2498
2026-04-19 14:22:38 | INFO | Start 5 L-BFGS eval 1000 | Loss: 0.431660
2026-04-19 14:22:38 | INFO |   beta: +0.0341,  xi: +1.0000,  eta: +0.2559
2026-04-19 14:22:40 | INFO | Start 5 L-BFGS eval 1100 | Loss: 0.431622
2026-04-19 14:22:40 | INFO |   beta: +0.0316,  xi: +1.0000,  eta: +0.2481
2026-04-19 14:22:42 | INFO | Start 5 L-BFGS eval 1200 | Loss: 0.431586
2026-04-19 14:22:42 | INFO |   beta: +0.0341,  xi: +1.0000,  eta: +0.2558
2026-04-19 14:22:45 | INFO | Start 5 L-BFGS eval 1300 | Loss: 0.431560
2026-04-19 14:22:45 | INFO |   beta: +0.0304,  xi: +1.0000,  eta: +0.2445
2026-04-19 14:22:47 | INFO | Start 5 L-BFGS eval 1400 | Loss: 0.431591
2026-04-19 14:22:47 | INFO |   beta: +0.0387,  xi: +1.0000,  eta: +0.2698
2026-04-19 14:22:50 | INFO | Start 5 L-BFGS eval 1500 | Loss: 0.431481
2026-04-19 14:22:50 | INFO |   beta: +0.0343,  xi: +1.0000,  eta: +0.2563
2026-04-19 14:22:52 | INFO | Start 5 L-BFGS eval 1600 | Loss: 0.431461
2026-04-19 14:22:52 | INFO |   beta: +0.0361,  xi: +1.0000,  eta: +0.2619
2026-04-19 14:22:55 | INFO | Start 5 L-BFGS eval 1700 | Loss: 0.431353
2026-04-19 14:22:55 | INFO |   beta: +0.0341,  xi: +1.0000,  eta: +0.2557
2026-04-19 14:22:57 | INFO | Start 5 L-BFGS eval 1800 | Loss: 0.431300
2026-04-19 14:22:57 | INFO |   beta: +0.0310,  xi: +1.0000,  eta: +0.2459
2026-04-19 14:23:00 | INFO | Start 5 L-BFGS eval 1900 | Loss: 0.431252
2026-04-19 14:23:00 | INFO |   beta: +0.0337,  xi: +1.0000,  eta: +0.2543
2026-04-19 14:23:02 | INFO | Start 5 L-BFGS eval 2000 | Loss: 0.431108
2026-04-19 14:23:02 | INFO |   beta: +0.0337,  xi: +1.0000,  eta: +0.2541
2026-04-19 14:23:05 | INFO | Start 5 L-BFGS eval 2100 | Loss: 0.432553
2026-04-19 14:23:05 | INFO |   beta: +0.0544,  xi: +1.0000,  eta: +0.3170
2026-04-19 14:23:07 | INFO | Start 5 L-BFGS eval 2200 | Loss: 0.430957
2026-04-19 14:23:07 | INFO |   beta: +0.0296,  xi: +1.0000,  eta: +0.2406
2026-04-19 14:23:10 | INFO | Start 5 L-BFGS eval 2300 | Loss: 0.436961
2026-04-19 14:23:10 | INFO |   beta: -0.0081,  xi: +1.0000,  eta: +0.1271
2026-04-19 14:23:13 | INFO | Start 5 L-BFGS eval 2400 | Loss: 0.430834
2026-04-19 14:23:13 | INFO |   beta: +0.0332,  xi: +1.0000,  eta: +0.2525
2026-04-19 14:23:15 | INFO | Start 5 L-BFGS eval 2500 | Loss: 0.430659
2026-04-19 14:23:15 | INFO |   beta: +0.0341,  xi: +1.0000,  eta: +0.2549
2026-04-19 14:23:18 | INFO | Start 5 L-BFGS eval 2600 | Loss: 0.430602
2026-04-19 14:23:18 | INFO |   beta: +0.0314,  xi: +1.0000,  eta: +0.2468
2026-04-19 14:23:20 | INFO | Start 5 L-BFGS eval 2700 | Loss: 0.428915
2026-04-19 14:23:20 | INFO |   beta: +0.0444,  xi: +1.0000,  eta: +0.2792
2026-04-19 14:23:22 | INFO | Start 5 L-BFGS eval 2800 | Loss: 0.428506
2026-04-19 14:23:22 | INFO |   beta: +0.0322,  xi: +1.0000,  eta: +0.2481
2026-04-19 14:23:25 | INFO | Start 5 L-BFGS eval 2900 | Loss: 0.428454
2026-04-19 14:23:25 | INFO |   beta: +0.0334,  xi: +1.0000,  eta: +0.2513
2026-04-19 14:23:28 | INFO | Start 5 L-BFGS eval 3000 | Loss: 0.428394
2026-04-19 14:23:28 | INFO |   beta: +0.0347,  xi: +1.0000,  eta: +0.2553
2026-04-19 14:23:30 | INFO | Start 5 L-BFGS eval 3100 | Loss: 0.428368
2026-04-19 14:23:30 | INFO |   beta: +0.0336,  xi: +1.0000,  eta: +0.2521
2026-04-19 14:23:33 | INFO | Start 5 L-BFGS eval 3200 | Loss: 0.428315
2026-04-19 14:23:33 | INFO |   beta: +0.0327,  xi: +1.0000,  eta: +0.2492
2026-04-19 14:23:35 | INFO | Start 5 L-BFGS eval 3300 | Loss: 0.427649
2026-04-19 14:23:35 | INFO |   beta: +0.0290,  xi: +1.0000,  eta: +0.2278
2026-04-19 14:23:38 | INFO | Start 5 L-BFGS eval 3400 | Loss: 0.427487
2026-04-19 14:23:38 | INFO |   beta: +0.0368,  xi: +1.0000,  eta: +0.2610
2026-04-19 14:23:40 | INFO | Start 5 L-BFGS eval 3500 | Loss: 0.427396
2026-04-19 14:23:40 | INFO |   beta: +0.0318,  xi: +1.0000,  eta: +0.2461
2026-04-19 14:23:43 | INFO | Start 5 L-BFGS eval 3600 | Loss: 0.427529
2026-04-19 14:23:43 | INFO |   beta: +0.0419,  xi: +1.0000,  eta: +0.2771
2026-04-19 14:23:48 | INFO | Start 5 L-BFGS eval 3700 | Loss: 0.427326
2026-04-19 14:23:48 | INFO |   beta: +0.0322,  xi: +1.0000,  eta: +0.2471
2026-04-19 14:23:52 | INFO | Start 5 L-BFGS eval 3800 | Loss: 0.427282
2026-04-19 14:23:52 | INFO |   beta: +0.0322,  xi: +1.0000,  eta: +0.2474
2026-04-19 14:23:55 | INFO | Start 5 L-BFGS eval 3900 | Loss: 0.427200
2026-04-19 14:23:55 | INFO |   beta: +0.0325,  xi: +1.0000,  eta: +0.2482
2026-04-19 14:23:58 | INFO | Start 5 L-BFGS eval 4000 | Loss: 0.427160
2026-04-19 14:23:58 | INFO |   beta: +0.0337,  xi: +1.0000,  eta: +0.2518
2026-04-19 14:24:01 | INFO | Start 5 L-BFGS eval 4100 | Loss: 0.426590
2026-04-19 14:24:01 | INFO |   beta: +0.0340,  xi: +1.0000,  eta: +0.2463
2026-04-19 14:24:04 | INFO | Start 5 L-BFGS eval 4200 | Loss: 0.426551
2026-04-19 14:24:04 | INFO |   beta: +0.0358,  xi: +1.0000,  eta: +0.2469
2026-04-19 14:24:07 | INFO | Start 5 L-BFGS eval 4300 | Loss: 0.426504
2026-04-19 14:24:07 | INFO |   beta: +0.0347,  xi: +1.0000,  eta: +0.2498
2026-04-19 14:24:09 | INFO | Start 5 L-BFGS eval 4400 | Loss: 0.426473
2026-04-19 14:24:09 | INFO |   beta: +0.0295,  xi: +1.0000,  eta: +0.2437
2026-04-19 14:24:13 | INFO | Start 5 L-BFGS eval 4500 | Loss: 0.426083
2026-04-19 14:24:13 | INFO |   beta: +0.0441,  xi: +1.0000,  eta: +0.2721
2026-04-19 14:24:16 | INFO | Start 5 L-BFGS eval 4600 | Loss: 0.425981
2026-04-19 14:24:16 | INFO |   beta: +0.0363,  xi: +1.0000,  eta: +0.2494
2026-04-19 14:24:19 | INFO | Start 5 L-BFGS eval 4700 | Loss: 0.425952
2026-04-19 14:24:19 | INFO |   beta: +0.0315,  xi: +1.0000,  eta: +0.2456
2026-04-19 14:24:22 | INFO | Start 5 L-BFGS eval 4800 | Loss: 0.424151
2026-04-19 14:24:22 | INFO |   beta: +0.0372,  xi: +1.0000,  eta: +0.2521
2026-04-19 14:24:25 | INFO | Start 5 L-BFGS eval 4900 | Loss: 0.424086
2026-04-19 14:24:25 | INFO |   beta: +0.0340,  xi: +1.0000,  eta: +0.2477
2026-04-19 14:24:28 | INFO | Start 5 L-BFGS eval 5000 | Loss: 0.424069
2026-04-19 14:24:28 | INFO |   beta: +0.0319,  xi: +1.0000,  eta: +0.2452
2026-04-19 14:24:31 | INFO | Start 5 L-BFGS eval 5100 | Loss: 0.424043
2026-04-19 14:24:31 | INFO |   beta: +0.0319,  xi: +1.0000,  eta: +0.2456
2026-04-19 14:24:34 | INFO | Start 5 L-BFGS eval 5200 | Loss: 0.424031
2026-04-19 14:24:34 | INFO |   beta: +0.0333,  xi: +1.0000,  eta: +0.2500
2026-04-19 14:24:37 | INFO | Start 5 L-BFGS eval 5300 | Loss: 0.423994
2026-04-19 14:24:37 | INFO |   beta: +0.0314,  xi: +1.0000,  eta: +0.2443
2026-04-19 14:24:39 | INFO | Start 5 L-BFGS eval 5400 | Loss: 0.423979
2026-04-19 14:24:39 | INFO |   beta: +0.0318,  xi: +1.0000,  eta: +0.2455
2026-04-19 14:24:42 | INFO | Start 5 L-BFGS eval 5500 | Loss: 0.423963
2026-04-19 14:24:42 | INFO |   beta: +0.0318,  xi: +1.0000,  eta: +0.2453
2026-04-19 14:24:44 | INFO | Start 5 L-BFGS eval 5600 | Loss: 0.423928
2026-04-19 14:24:44 | INFO |   beta: +0.0322,  xi: +1.0000,  eta: +0.2467
2026-04-19 14:24:46 | INFO | Start 5 L-BFGS eval 5700 | Loss: 0.423912
2026-04-19 14:24:46 | INFO |   beta: +0.0321,  xi: +1.0000,  eta: +0.2463
2026-04-19 14:24:49 | INFO | Start 5 L-BFGS eval 5800 | Loss: 0.423889
2026-04-19 14:24:49 | INFO |   beta: +0.0337,  xi: +1.0000,  eta: +0.2511
2026-04-19 14:24:52 | INFO | Start 5 L-BFGS eval 5900 | Loss: 1.199711
2026-04-19 14:24:52 | INFO |   beta: +1.0000,  xi: +1.0000,  eta: -1.0000
2026-04-19 14:24:56 | INFO | Start 5 L-BFGS eval 6000 | Loss: 0.423789
2026-04-19 14:24:56 | INFO |   beta: +0.0325,  xi: +1.0000,  eta: +0.2472
2026-04-19 14:25:01 | INFO | Start 5 L-BFGS eval 6100 | Loss: 0.423773
2026-04-19 14:25:01 | INFO |   beta: +0.0318,  xi: +1.0000,  eta: +0.2454
2026-04-19 14:25:05 | INFO | Start 5 L-BFGS eval 6200 | Loss: 0.423757
2026-04-19 14:25:05 | INFO |   beta: +0.0322,  xi: +1.0000,  eta: +0.2466
2026-04-19 14:25:09 | INFO | Start 5 L-BFGS eval 6300 | Loss: 0.423744
2026-04-19 14:25:09 | INFO |   beta: +0.0318,  xi: +1.0000,  eta: +0.2453
2026-04-19 14:25:13 | INFO | Start 5 L-BFGS eval 6400 | Loss: 0.423726
2026-04-19 14:25:13 | INFO |   beta: +0.0315,  xi: +1.0000,  eta: +0.2444
2026-04-19 14:25:16 | INFO | Start 5 L-BFGS eval 6500 | Loss: 0.423713
2026-04-19 14:25:16 | INFO |   beta: +0.0325,  xi: +1.0000,  eta: +0.2476
2026-04-19 14:25:20 | INFO | Start 5 L-BFGS eval 6600 | Loss: 0.423696
2026-04-19 14:25:20 | INFO |   beta: +0.0318,  xi: +1.0000,  eta: +0.2454
2026-04-19 14:25:23 | INFO | Start 5 L-BFGS eval 6700 | Loss: 0.423678
2026-04-19 14:25:23 | INFO |   beta: +0.0319,  xi: +1.0000,  eta: +0.2456
2026-04-19 14:25:26 | INFO | Start 5 L-BFGS eval 6800 | Loss: 0.423667
2026-04-19 14:25:26 | INFO |   beta: +0.0319,  xi: +1.0000,  eta: +0.2456
2026-04-19 14:25:30 | INFO | Start 5 L-BFGS eval 6900 | Loss: 0.424001
2026-04-19 14:25:30 | INFO |   beta: +0.0218,  xi: +1.0000,  eta: +0.2151
2026-04-19 14:25:33 | INFO | Start 5 L-BFGS eval 7000 | Loss: 0.423646
2026-04-19 14:25:33 | INFO |   beta: +0.0333,  xi: +1.0000,  eta: +0.2499
2026-04-19 14:25:36 | INFO | Start 5 L-BFGS eval 7100 | Loss: 0.423631
2026-04-19 14:25:36 | INFO |   beta: +0.0317,  xi: +1.0000,  eta: +0.2452
2026-04-19 14:25:39 | INFO | Start 5 L-BFGS eval 7200 | Loss: 0.423619
2026-04-19 14:25:39 | INFO |   beta: +0.0325,  xi: +1.0000,  eta: +0.2475
2026-04-19 14:25:43 | INFO | Start 5 L-BFGS eval 7300 | Loss: 0.423606
2026-04-19 14:25:43 | INFO |   beta: +0.0318,  xi: +1.0000,  eta: +0.2455
2026-04-19 14:25:46 | INFO | Start 5 L-BFGS eval 7400 | Loss: 0.423981
2026-04-19 14:25:46 | INFO |   beta: +0.0212,  xi: +1.0000,  eta: +0.2135
2026-04-19 14:25:51 | INFO | Start 5 L-BFGS eval 7500 | Loss: 0.423585
2026-04-19 14:25:51 | INFO |   beta: +0.0333,  xi: +1.0000,  eta: +0.2500
2026-04-19 14:25:55 | INFO | Start 5 L-BFGS eval 7600 | Loss: 0.423570
2026-04-19 14:25:55 | INFO |   beta: +0.0319,  xi: +1.0000,  eta: +0.2456
2026-04-19 14:25:59 | INFO | Start 5 L-BFGS eval 7700 | Loss: 0.423556
2026-04-19 14:25:59 | INFO |   beta: +0.0318,  xi: +1.0000,  eta: +0.2455
2026-04-19 14:26:02 | INFO | Start 5 L-BFGS eval 7800 | Loss: 0.423545
2026-04-19 14:26:02 | INFO |   beta: +0.0318,  xi: +1.0000,  eta: +0.2454
2026-04-19 14:26:05 | INFO | Start 5 L-BFGS eval 7900 | Loss: 0.423530
2026-04-19 14:26:05 | INFO |   beta: +0.0318,  xi: +1.0000,  eta: +0.2455
2026-04-19 14:26:09 | INFO | Start 5 L-BFGS eval 8000 | Loss: 0.423905
2026-04-19 14:26:09 | INFO |   beta: +0.0213,  xi: +1.0000,  eta: +0.2136
2026-04-19 14:26:12 | INFO | Start 5 L-BFGS eval 8100 | Loss: 0.423510
2026-04-19 14:26:12 | INFO |   beta: +0.0318,  xi: +1.0000,  eta: +0.2455
2026-04-19 14:26:15 | INFO | Start 5 L-BFGS eval 8200 | Loss: 0.423499
2026-04-19 14:26:15 | INFO |   beta: +0.0313,  xi: +1.0000,  eta: +0.2438
2026-04-19 14:26:18 | INFO | Start 5 L-BFGS eval 8300 | Loss: 0.423489
2026-04-19 14:26:18 | INFO |   beta: +0.0325,  xi: +1.0000,  eta: +0.2476
2026-04-19 14:26:22 | INFO | Start 5 L-BFGS eval 8400 | Loss: 0.423478
2026-04-19 14:26:22 | INFO |   beta: +0.0318,  xi: +1.0000,  eta: +0.2454
2026-04-19 14:26:25 | INFO | Start 5 L-BFGS eval 8500 | Loss: 0.423465
2026-04-19 14:26:25 | INFO |   beta: +0.0316,  xi: +1.0000,  eta: +0.2449
2026-04-19 14:26:29 | INFO | Start 5 L-BFGS eval 8600 | Loss: 0.423456
2026-04-19 14:26:29 | INFO |   beta: +0.0318,  xi: +1.0000,  eta: +0.2454
2026-04-19 14:26:32 | INFO | Start 5 L-BFGS eval 8700 | Loss: 0.423443
2026-04-19 14:26:32 | INFO |   beta: +0.0318,  xi: +1.0000,  eta: +0.2455
2026-04-19 14:26:36 | INFO | Start 5 L-BFGS eval 8800 | Loss: 0.423433
2026-04-19 14:26:36 | INFO |   beta: +0.0321,  xi: +1.0000,  eta: +0.2463
2026-04-19 14:26:39 | INFO | Start 5 L-BFGS eval 8900 | Loss: 0.423422
2026-04-19 14:26:39 | INFO |   beta: +0.0318,  xi: +1.0000,  eta: +0.2454
2026-04-19 14:26:42 | INFO | Start 5 L-BFGS eval 9000 | Loss: 0.440489
2026-04-19 14:26:42 | INFO |   beta: -0.0355,  xi: +1.0000,  eta: +0.0418
2026-04-19 14:26:46 | INFO | Start 5 L-BFGS eval 9100 | Loss: 0.423402
2026-04-19 14:26:46 | INFO |   beta: +0.0318,  xi: +1.0000,  eta: +0.2455
2026-04-19 14:26:49 | INFO | Start 5 L-BFGS eval 9200 | Loss: 0.424039
2026-04-19 14:26:49 | INFO |   beta: +0.0183,  xi: +1.0000,  eta: +0.2046
2026-04-19 14:26:53 | INFO | Start 5 L-BFGS eval 9300 | Loss: 0.423381
2026-04-19 14:26:53 | INFO |   beta: +0.0327,  xi: +1.0000,  eta: +0.2482
2026-04-19 14:26:56 | INFO | Start 5 L-BFGS eval 9400 | Loss: 0.423370
2026-04-19 14:26:56 | INFO |   beta: +0.0318,  xi: +1.0000,  eta: +0.2454
2026-04-19 14:26:59 | INFO | Start 5 L-BFGS eval 9500 | Loss: 0.423358
2026-04-19 14:26:59 | INFO |   beta: +0.0318,  xi: +1.0000,  eta: +0.2456
2026-04-19 14:27:03 | INFO | Start 5 L-BFGS eval 9600 | Loss: 0.423350
2026-04-19 14:27:03 | INFO |   beta: +0.0330,  xi: +1.0000,  eta: +0.2493
2026-04-19 14:27:07 | INFO | Start 5 L-BFGS eval 9700 | Loss: 0.423339
2026-04-19 14:27:07 | INFO |   beta: +0.0318,  xi: +1.0000,  eta: +0.2454
2026-04-19 14:27:10 | INFO | Start 5 L-BFGS eval 9800 | Loss: 0.423327
2026-04-19 14:27:10 | INFO |   beta: +0.0319,  xi: +1.0000,  eta: +0.2458
2026-04-19 14:27:13 | INFO | Start 5 L-BFGS eval 9900 | Loss: 0.423319
2026-04-19 14:27:13 | INFO |   beta: +0.0318,  xi: +1.0000,  eta: +0.2455
2026-04-19 14:27:17 | INFO | Start 5 L-BFGS eval 10000 | Loss: 0.423308
2026-04-19 14:27:17 | INFO |   beta: +0.0318,  xi: +1.0000,  eta: +0.2453
2026-04-19 14:27:20 | INFO | Start 5 L-BFGS eval 10100 | Loss: 0.423670
2026-04-19 14:27:20 | INFO |   beta: +0.0214,  xi: +1.0000,  eta: +0.2140
2026-04-19 14:27:23 | INFO | Start 5 L-BFGS eval 10200 | Loss: 0.423288
2026-04-19 14:27:23 | INFO |   beta: +0.0318,  xi: +1.0000,  eta: +0.2455
2026-04-19 14:27:27 | INFO | Start 5 L-BFGS eval 10300 | Loss: 0.423785
2026-04-19 14:27:27 | INFO |   beta: +0.0197,  xi: +1.0000,  eta: +0.2090
2026-04-19 14:27:30 | INFO | Start 5 L-BFGS eval 10400 | Loss: 0.423267
2026-04-19 14:27:30 | INFO |   beta: +0.0327,  xi: +1.0000,  eta: +0.2481
2026-04-19 14:27:33 | INFO | Start 5 L-BFGS eval 10500 | Loss: 0.423257
2026-04-19 14:27:33 | INFO |   beta: +0.0318,  xi: +1.0000,  eta: +0.2456
2026-04-19 14:27:37 | INFO | Start 5 L-BFGS eval 10600 | Loss: 0.423245
2026-04-19 14:27:37 | INFO |   beta: +0.0317,  xi: +1.0000,  eta: +0.2453
2026-04-19 14:27:40 | INFO | Start 5 L-BFGS eval 10700 | Loss: 0.423237
2026-04-19 14:27:40 | INFO |   beta: +0.0317,  xi: +1.0000,  eta: +0.2453
2026-04-19 14:27:43 | INFO | Start 5 L-BFGS eval 10800 | Loss: 0.423225
2026-04-19 14:27:43 | INFO |   beta: +0.0313,  xi: +1.0000,  eta: +0.2439
2026-04-19 14:27:47 | INFO | Start 5 L-BFGS eval 10900 | Loss: 0.423216
2026-04-19 14:27:47 | INFO |   beta: +0.0326,  xi: +1.0000,  eta: +0.2480
2026-04-19 14:27:50 | INFO | Start 5 L-BFGS eval 11000 | Loss: 0.423206
2026-04-19 14:27:50 | INFO |   beta: +0.0318,  xi: +1.0000,  eta: +0.2454
2026-04-19 14:27:53 | INFO | Start 5 L-BFGS eval 11100 | Loss: 0.423194
2026-04-19 14:27:53 | INFO |   beta: +0.0315,  xi: +1.0000,  eta: +0.2447
2026-04-19 14:27:57 | INFO | Start 5 L-BFGS eval 11200 | Loss: 0.423186
2026-04-19 14:27:57 | INFO |   beta: +0.0318,  xi: +1.0000,  eta: +0.2454
2026-04-19 14:28:00 | INFO | Start 5 L-BFGS eval 11300 | Loss: 0.423175
2026-04-19 14:28:00 | INFO |   beta: +0.0317,  xi: +1.0000,  eta: +0.2453
2026-04-19 14:28:03 | INFO | Start 5 L-BFGS eval 11400 | Loss: 0.423166
2026-04-19 14:28:03 | INFO |   beta: +0.0324,  xi: +1.0000,  eta: +0.2474
2026-04-19 14:28:07 | INFO | Start 5 L-BFGS eval 11500 | Loss: 0.423156
2026-04-19 14:28:07 | INFO |   beta: +0.0317,  xi: +1.0000,  eta: +0.2454
2026-04-19 14:28:10 | INFO | Start 5 L-BFGS eval 11600 | Loss: 0.423144
2026-04-19 14:28:10 | INFO |   beta: +0.0318,  xi: +1.0000,  eta: +0.2455
2026-04-19 14:28:14 | INFO | Start 5 L-BFGS eval 11700 | Loss: 0.423136
2026-04-19 14:28:14 | INFO |   beta: +0.0320,  xi: +1.0000,  eta: +0.2462
2026-04-19 14:28:17 | INFO | Start 5 L-BFGS eval 11800 | Loss: 0.423126
2026-04-19 14:28:17 | INFO |   beta: +0.0316,  xi: +1.0000,  eta: +0.2450
2026-04-19 14:28:20 | INFO | Start 5 L-BFGS eval 11900 | Loss: 0.441992
2026-04-19 14:28:20 | INFO |   beta: -0.0389,  xi: +1.0000,  eta: +0.0316
2026-04-19 14:28:24 | INFO | Start 5 L-BFGS eval 12000 | Loss: 0.423107
2026-04-19 14:28:24 | INFO |   beta: +0.0318,  xi: +1.0000,  eta: +0.2455
2026-04-19 14:28:27 | INFO | Start 5 L-BFGS eval 12100 | Loss: 0.423124
2026-04-19 14:28:27 | INFO |   beta: +0.0288,  xi: +1.0000,  eta: +0.2365
2026-04-19 14:28:30 | INFO | Start 5 L-BFGS eval 12200 | Loss: 0.423087
2026-04-19 14:28:30 | INFO |   beta: +0.0324,  xi: +1.0000,  eta: +0.2472
2026-04-19 14:28:33 | INFO | Start 5 L-BFGS eval 12300 | Loss: 0.423078
2026-04-19 14:28:33 | INFO |   beta: +0.0317,  xi: +1.0000,  eta: +0.2453
2026-04-19 14:28:36 | INFO | Start 5 L-BFGS eval 12400 | Loss: 0.423066
2026-04-19 14:28:36 | INFO |   beta: +0.0314,  xi: +1.0000,  eta: +0.2445
2026-04-19 14:28:39 | INFO | Start 5 L-BFGS eval 12500 | Loss: 0.423059
2026-04-19 14:28:39 | INFO |   beta: +0.0318,  xi: +1.0000,  eta: +0.2454
2026-04-19 14:28:42 | INFO | Start 5 L-BFGS eval 12600 | Loss: 0.459719
2026-04-19 14:28:42 | INFO |   beta: -0.0658,  xi: +1.0000,  eta: -0.0496
2026-04-19 14:28:46 | INFO | Start 5 L-BFGS eval 12700 | Loss: 0.423040
2026-04-19 14:28:46 | INFO |   beta: +0.0329,  xi: +1.0000,  eta: +0.2490
2026-04-19 14:28:50 | INFO | Start 5 L-BFGS eval 12800 | Loss: 0.423030
2026-04-19 14:28:50 | INFO |   beta: +0.0316,  xi: +1.0000,  eta: +0.2451
2026-04-19 14:28:53 | INFO | Start 5 L-BFGS eval 12900 | Loss: 0.423022
2026-04-19 14:28:53 | INFO |   beta: +0.0327,  xi: +1.0000,  eta: +0.2484
2026-04-19 14:28:56 | INFO | Start 5 L-BFGS eval 13000 | Loss: 0.423012
2026-04-19 14:28:56 | INFO |   beta: +0.0316,  xi: +1.0000,  eta: +0.2449
2026-04-19 14:28:59 | INFO | Start 5 L-BFGS eval 13100 | Loss: 0.423003
2026-04-19 14:28:59 | INFO |   beta: +0.0323,  xi: +1.0000,  eta: +0.2472
2026-04-19 14:29:02 | INFO | Start 5 L-BFGS eval 13200 | Loss: 0.422994
2026-04-19 14:29:02 | INFO |   beta: +0.0317,  xi: +1.0000,  eta: +0.2452
2026-04-19 14:29:05 | INFO | Start 5 L-BFGS eval 13300 | Loss: 0.422982
2026-04-19 14:29:05 | INFO |   beta: +0.0314,  xi: +1.0000,  eta: +0.2443
2026-04-19 14:29:08 | INFO | Start 5 L-BFGS eval 13400 | Loss: 0.422975
2026-04-19 14:29:08 | INFO |   beta: +0.0317,  xi: +1.0000,  eta: +0.2453
2026-04-19 14:29:11 | INFO | Start 5 L-BFGS eval 13500 | Loss: 0.422964
2026-04-19 14:29:11 | INFO |   beta: +0.0317,  xi: +1.0000,  eta: +0.2453
2026-04-19 14:29:14 | INFO | Start 5 L-BFGS eval 13600 | Loss: 0.422956
2026-04-19 14:29:14 | INFO |   beta: +0.0323,  xi: +1.0000,  eta: +0.2472
2026-04-19 14:29:18 | INFO | Start 5 L-BFGS eval 13700 | Loss: 0.422946
2026-04-19 14:29:18 | INFO |   beta: +0.0317,  xi: +1.0000,  eta: +0.2453
2026-04-19 14:29:21 | INFO | Start 5 L-BFGS eval 13800 | Loss: 0.422935
2026-04-19 14:29:21 | INFO |   beta: +0.0317,  xi: +1.0000,  eta: +0.2453
2026-04-19 14:29:24 | INFO | Start 5 L-BFGS eval 13900 | Loss: 0.422927
2026-04-19 14:29:24 | INFO |   beta: +0.0320,  xi: +1.0000,  eta: +0.2461
2026-04-19 14:29:27 | INFO | Start 5 L-BFGS eval 14000 | Loss: 0.422917
2026-04-19 14:29:27 | INFO |   beta: +0.0317,  xi: +1.0000,  eta: +0.2452
2026-04-19 14:29:30 | INFO | Start 5 L-BFGS eval 14100 | Loss: 0.422908
2026-04-19 14:29:30 | INFO |   beta: +0.0323,  xi: +1.0000,  eta: +0.2471
2026-04-19 14:29:33 | INFO | Start 5 L-BFGS eval 14200 | Loss: 0.422899
2026-04-19 14:29:33 | INFO |   beta: +0.0317,  xi: +1.0000,  eta: +0.2451
2026-04-19 14:29:36 | INFO | Start 5 L-BFGS eval 14300 | Loss: 0.422888
2026-04-19 14:29:36 | INFO |   beta: +0.0313,  xi: +1.0000,  eta: +0.2442
2026-04-19 14:29:39 | INFO | Start 5 L-BFGS eval 14400 | Loss: 0.422881
2026-04-19 14:29:39 | INFO |   beta: +0.0317,  xi: +1.0000,  eta: +0.2454
2026-04-19 14:29:42 | INFO | Start 5 L-BFGS eval 14500 | Loss: 0.422870
2026-04-19 14:29:42 | INFO |   beta: +0.0316,  xi: +1.0000,  eta: +0.2449
2026-04-19 14:29:45 | INFO | Start 5 L-BFGS eval 14600 | Loss: 0.422861
2026-04-19 14:29:45 | INFO |   beta: +0.0323,  xi: +1.0000,  eta: +0.2471
2026-04-19 14:29:48 | INFO | Start 5 L-BFGS eval 14700 | Loss: 0.422852
2026-04-19 14:29:48 | INFO |   beta: +0.0317,  xi: +1.0000,  eta: +0.2454
2026-04-19 14:29:51 | INFO | Start 5 L-BFGS eval 14800 | Loss: 0.422861
2026-04-19 14:29:51 | INFO |   beta: +0.0292,  xi: +1.0000,  eta: +0.2378
2026-04-19 14:29:55 | INFO | Start 5 L-BFGS eval 14900 | Loss: 0.422835
2026-04-19 14:29:55 | INFO |   beta: +0.0317,  xi: +1.0000,  eta: +0.2453
2026-04-19 14:29:58 | INFO | Start 5 L-BFGS eval 15000 | Loss: 0.422824
2026-04-19 14:29:58 | INFO |   beta: +0.0317,  xi: +1.0000,  eta: +0.2454
2026-04-19 14:29:59 | INFO | Optimizer start 5/5 complete | final_loss=0.422823 | status=STOP: TOTAL NO. OF F,G EVALUATIONS EXCEEDS LIMIT
2026-04-19 14:29:59 | INFO | Done fitting.
2026-04-19 14:29:59 | INFO | Optimizer status: STOP: TOTAL NO. OF F,G EVALUATIONS EXCEEDS LIMIT | best_start=5/5
2026-04-19 14:29:59 | INFO | Best optimizer start: 5 / 5
2026-04-19 14:29:59 | INFO | Final Loss: 0.422823
2026-04-19 14:29:59 | INFO | Estimated Parameters:
2026-04-19 14:29:59 | INFO |   beta: 0.0323
2026-04-19 14:29:59 | INFO |   xi: 1.0000
2026-04-19 14:29:59 | INFO |   eta: 0.2473
2026-04-19 14:29:59 | INFO | Field and interaction diagnostics:
2026-04-19 14:29:59 | INFO |   estimated_field_inf_norm: 1.000000
2026-04-19 14:29:59 | INFO |   estimated_field_rank: 20.000000
2026-04-19 14:29:59 | INFO |   bound_B: 1.000000
2026-04-19 14:29:59 | INFO | Saved summary tables to C:\Users\phevo\Documents\MIT\Code\MPLE-Causal-Inference\experiments\USCountyVaccination_US_sensitivity\outcome_death_rate_100k_ge_2__intervention_complete_cov_ge_40__lag_2w__contiguity__start_2021_01_03\fits\rank_20_b1\mple_summary.csv and C:\Users\phevo\Documents\MIT\Code\MPLE-Causal-Inference\experiments\USCountyVaccination_US_sensitivity\outcome_death_rate_100k_ge_2__intervention_complete_cov_ge_40__lag_2w__contiguity__start_2021_01_03\fits\rank_20_b1\mple_summary.md
2026-04-19 14:29:59 | INFO | Log saved to C:\Users\phevo\Documents\MIT\Code\MPLE-Causal-Inference\experiments\USCountyVaccination_US_sensitivity\outcome_death_rate_100k_ge_2__intervention_complete_cov_ge_40__lag_2w__contiguity__start_2021_01_03\fits\rank_20_b1\mple.log
