2026-04-25 14:40:26 | INFO | Loading data...
2026-04-25 14:40:26 | INFO | Using panel artifact: /orcd/home/002/phevosp/MPLE-Causal-Inference/experiments/USCountyVaccination_US_trimmed/outcome_death_rate_100k_ge_2__intervention_complete_cov_ge_20__lag_2w__contiguity__start_2020_06_07/panel_data.npz
2026-04-25 14:40:26 | INFO | Using x_0 artifact: /orcd/home/002/phevosp/MPLE-Causal-Inference/experiments/USCountyVaccination_US_trimmed/outcome_death_rate_100k_ge_2__intervention_complete_cov_ge_20__lag_2w__contiguity__start_2020_06_07/x_0.npy
2026-04-25 14:40:26 | INFO | Using fit config: /orcd/home/002/phevosp/MPLE-Causal-Inference/experiments/USCountyVaccination_US_trimmed/outcome_death_rate_100k_ge_2__intervention_complete_cov_ge_20__lag_2w__contiguity__start_2020_06_07/fits/alternating_rank_5_lambda_10_beta_mask/fit_realized_config.yaml
2026-04-25 14:40:26 | INFO | Using model artifact directory: /orcd/home/002/phevosp/MPLE-Causal-Inference/experiments/USCountyVaccination_US_trimmed/outcome_death_rate_100k_ge_2__intervention_complete_cov_ge_20__lag_2w__contiguity__start_2020_06_07
2026-04-25 14:40:26 | INFO | Using truth artifact directory: /orcd/home/002/phevosp/MPLE-Causal-Inference/experiments/USCountyVaccination_US_trimmed/outcome_death_rate_100k_ge_2__intervention_complete_cov_ge_20__lag_2w__contiguity__start_2020_06_07
2026-04-25 14:40:26 | INFO | Configured optimizer mode: alternating_latent_rank
2026-04-25 14:40:26 | INFO | Configured latent rank: 5
2026-04-25 14:40:26 | INFO | Using a fixed known graph with scalar xi.
2026-04-25 14:40:26 | INFO | Fit-time hard bounds active: False
2026-04-25 14:40:26 | INFO | Fixed scalar parameters: {}
2026-04-25 14:40:26 | INFO | Beta mask before s: True
2026-04-25 14:40:26 | INFO | Optimizer settings: steps=20000, tol=1e-09, n_starts=1, seed=0, lambda_nuclear=0.0, lambda_frobenius=0.0, lambda_uv_ridge=10.0, proximal_lr=1.0
2026-04-25 14:40:26 | INFO | Alternating low-rank start 1/1 | seed=0 | initial_loss=0.812245 | initial_penalized=0.817344
2026-04-25 14:40:26 | INFO | Alternating low-rank iter 0 | Loss: 0.519089 | Penalized: 0.537874
2026-04-25 14:40:34 | INFO | Alternating low-rank iter 100 | Loss: 0.439056 | Penalized: 0.475135
2026-04-25 14:40:43 | INFO | Alternating low-rank iter 200 | Loss: 0.439836 | Penalized: 0.474518
2026-04-25 14:40:51 | INFO | Alternating low-rank iter 300 | Loss: 0.440047 | Penalized: 0.474497
2026-04-25 14:40:59 | INFO | Alternating low-rank iter 400 | Loss: 0.440089 | Penalized: 0.474496
2026-04-25 14:40:59 | INFO | Done fitting.
2026-04-25 14:40:59 | INFO | Optimizer status: CONVERGED: alternating objective tolerance reached
2026-04-25 14:40:59 | INFO | Best optimizer start: 1 / 1
2026-04-25 14:40:59 | INFO | Final Loss: 0.440089
2026-04-25 14:40:59 | INFO | Estimated Parameters:
2026-04-25 14:40:59 | INFO |   beta: -0.0461
2026-04-25 14:40:59 | INFO |   xi: 1.6169
2026-04-25 14:40:59 | INFO |   eta: 0.1189
2026-04-25 14:40:59 | INFO | Alternating low-rank optimizer diagnostics:
2026-04-25 14:40:59 | INFO |   penalized_objective: 0.474496
2026-04-25 14:40:59 | INFO |   mple_loss_without_penalty: 0.440089
2026-04-25 14:40:59 | INFO |   lambda_uv_ridge: 10.000000
2026-04-25 14:40:59 | INFO |   u_frobenius_norm: 22.865418
2026-04-25 14:40:59 | INFO |   v_frobenius_norm: 22.865428
2026-04-25 14:40:59 | INFO |   effective_rank: 5.000000
2026-04-25 14:40:59 | INFO | Field and interaction diagnostics:
2026-04-25 14:40:59 | INFO |   estimated_field_max_abs_entry: 1.869908
2026-04-25 14:40:59 | INFO |   estimated_field_rank: 5.000000
2026-04-25 14:40:59 | INFO | Saved summary tables to /orcd/home/002/phevosp/MPLE-Causal-Inference/experiments/USCountyVaccination_US_trimmed/outcome_death_rate_100k_ge_2__intervention_complete_cov_ge_20__lag_2w__contiguity__start_2020_06_07/fits/alternating_rank_5_lambda_10_beta_mask/mple_summary.csv and /orcd/home/002/phevosp/MPLE-Causal-Inference/experiments/USCountyVaccination_US_trimmed/outcome_death_rate_100k_ge_2__intervention_complete_cov_ge_20__lag_2w__contiguity__start_2020_06_07/fits/alternating_rank_5_lambda_10_beta_mask/mple_summary.md
2026-04-25 14:40:59 | INFO | Log saved to /orcd/home/002/phevosp/MPLE-Causal-Inference/experiments/USCountyVaccination_US_trimmed/outcome_death_rate_100k_ge_2__intervention_complete_cov_ge_20__lag_2w__contiguity__start_2020_06_07/fits/alternating_rank_5_lambda_10_beta_mask/mple.log
