2026-04-01 10:16:43 | INFO | Loading data...
2026-04-01 10:16:43 | INFO | Loaded 1 field templates and 11 interaction templates.
2026-04-01 10:16:43 | INFO | Running conditional-model MPLE on x with shape=(100, 100)
2026-04-01 10:16:43 | INFO | Eval 0  |  Loss: 0.688210
2026-04-01 10:16:43 | INFO |   field::intercept: +0.0126,  beta: -0.0132,  interaction::adjacency: +0.0640,  interaction::distance_kernel::feature_1: +0.0105,  interaction::cross_similarity::feature_1: -0.0536,  interaction::distance_kernel::feature_2: +0.0362,  interaction::cross_similarity::feature_2: +0.1304,  interaction::distance_kernel::feature_3: +0.0947,  interaction::cross_similarity::feature_3: -0.0704,  interaction::distance_kernel::feature_4: -0.1265,  interaction::cross_similarity::feature_4: -0.0623,  interaction::distance_kernel::feature_5: +0.0041,  interaction::cross_similarity::feature_5: -0.2325,  eta: -0.0219,  zeta: -0.1246,  psi: -0.0732
2026-04-01 10:16:44 | INFO | Done fitting.
2026-04-01 10:16:44 | INFO | Optimizer status: CONVERGENCE: RELATIVE REDUCTION OF F <= FACTR*EPSMCH
2026-04-01 10:16:44 | INFO | Final Loss: 0.668260
2026-04-01 10:16:44 | INFO | Estimated vs True Parameters:
2026-04-01 10:16:44 | INFO |   field::intercept: 0.1923 (True: 0.1800)
2026-04-01 10:16:44 | INFO |   field::intercept SQE: 0.000152
2026-04-01 10:16:44 | INFO |   beta: 0.1214 (True: 0.1200)
2026-04-01 10:16:44 | INFO |   beta SQE: 0.000002
2026-04-01 10:16:44 | INFO |   interaction::adjacency: 0.1653 (True: 0.1250)
2026-04-01 10:16:44 | INFO |   interaction::adjacency SQE: 0.001624
2026-04-01 10:16:44 | INFO |   interaction::distance_kernel::feature_1: 0.3547 (True: 0.0400)
2026-04-01 10:16:44 | INFO |   interaction::distance_kernel::feature_1 SQE: 0.099028
2026-04-01 10:16:44 | INFO |   interaction::cross_similarity::feature_1: -0.3051 (True: 0.0200)
2026-04-01 10:16:44 | INFO |   interaction::cross_similarity::feature_1 SQE: 0.105671
2026-04-01 10:16:44 | INFO |   interaction::distance_kernel::feature_2: -0.0171 (True: 0.0400)
2026-04-01 10:16:44 | INFO |   interaction::distance_kernel::feature_2 SQE: 0.003257
2026-04-01 10:16:44 | INFO |   interaction::cross_similarity::feature_2: 0.1206 (True: 0.0200)
2026-04-01 10:16:44 | INFO |   interaction::cross_similarity::feature_2 SQE: 0.010122
2026-04-01 10:16:44 | INFO |   interaction::distance_kernel::feature_3: -0.1302 (True: 0.0400)
2026-04-01 10:16:44 | INFO |   interaction::distance_kernel::feature_3 SQE: 0.028959
2026-04-01 10:16:44 | INFO |   interaction::cross_similarity::feature_3: -0.1940 (True: 0.0200)
2026-04-01 10:16:44 | INFO |   interaction::cross_similarity::feature_3 SQE: 0.045802
2026-04-01 10:16:44 | INFO |   interaction::distance_kernel::feature_4: -0.2453 (True: 0.0400)
2026-04-01 10:16:44 | INFO |   interaction::distance_kernel::feature_4 SQE: 0.081383
2026-04-01 10:16:44 | INFO |   interaction::cross_similarity::feature_4: 0.5668 (True: 0.0200)
2026-04-01 10:16:44 | INFO |   interaction::cross_similarity::feature_4 SQE: 0.298993
2026-04-01 10:16:44 | INFO |   interaction::distance_kernel::feature_5: 0.1164 (True: 0.0650)
2026-04-01 10:16:44 | INFO |   interaction::distance_kernel::feature_5 SQE: 0.002646
2026-04-01 10:16:44 | INFO |   interaction::cross_similarity::feature_5: 0.0608 (True: 0.0700)
2026-04-01 10:16:44 | INFO |   interaction::cross_similarity::feature_5 SQE: 0.000085
2026-04-01 10:16:44 | INFO |   eta: 0.0183 (True: 0.0100)
2026-04-01 10:16:44 | INFO |   eta SQE: 0.000068
2026-04-01 10:16:44 | INFO |   zeta: -0.1352 (True: -0.1500)
2026-04-01 10:16:44 | INFO |   zeta SQE: 0.000219
2026-04-01 10:16:44 | INFO |   psi: 0.0505 (True: 0.0500)
2026-04-01 10:16:44 | INFO |   psi SQE: 0.000000
2026-04-01 10:16:44 | INFO | Saved summary tables to C:\Users\phevo\Documents\MIT\Code\MPLE-Causal-Inference\experiments\n100_t100_high_temp_fro_large_uniform_shared_feature_interactions_20260331_230031\mple_summary.csv and C:\Users\phevo\Documents\MIT\Code\MPLE-Causal-Inference\experiments\n100_t100_high_temp_fro_large_uniform_shared_feature_interactions_20260331_230031\mple_summary.md
2026-04-01 10:16:44 | INFO | Log saved to C:\Users\phevo\Documents\MIT\Code\MPLE-Causal-Inference\experiments\n100_t100_high_temp_fro_large_uniform_shared_feature_interactions_20260331_230031\mple.log
