2026-05-02 23:05:03 | INFO | Loading data...
2026-05-02 23:05:03 | INFO | Using panel artifact: /orcd/home/002/phevosp/MPLE-Causal-Inference/experiments/HybridExperiments_r5_c1_v2/r5_c1_hybrid_us_county_intervention_generated_graph_confounding/panel_data.npz
2026-05-02 23:05:03 | INFO | Using x_0 artifact: /orcd/home/002/phevosp/MPLE-Causal-Inference/experiments/HybridExperiments_r5_c1_v2/r5_c1_hybrid_us_county_intervention_generated_graph_confounding/x_0.npy
2026-05-02 23:05:03 | INFO | Using fit config: /orcd/home/002/phevosp/MPLE-Causal-Inference/experiments/HybridExperiments_r5_c1_v2/r5_c1_hybrid_us_county_intervention_generated_graph_confounding/cv_runs/alternating_uv_grid/candidates/alternating_uv_grid_candidate_0008/fold_6/fit_realized_config.yaml
2026-05-02 23:05:03 | INFO | Using model artifact directory: /orcd/home/002/phevosp/MPLE-Causal-Inference/experiments/HybridExperiments_r5_c1_v2/r5_c1_hybrid_us_county_intervention_generated_graph_confounding
2026-05-02 23:05:03 | INFO | Using truth artifact directory: /orcd/home/002/phevosp/MPLE-Causal-Inference/experiments/HybridExperiments_r5_c1_v2/r5_c1_hybrid_us_county_intervention_generated_graph_confounding
2026-05-02 23:05:03 | INFO | Using loss mask artifact: /orcd/home/002/phevosp/MPLE-Causal-Inference/experiments/HybridExperiments_r5_c1_v2/r5_c1_hybrid_us_county_intervention_generated_graph_confounding/cv_runs/alternating_uv_grid/candidates/alternating_uv_grid_candidate_0008/fold_6/loss_mask.npy
2026-05-02 23:05:03 | INFO | Configured optimizer mode: alternating_latent_rank
2026-05-02 23:05:03 | INFO | Configured latent rank: 5
2026-05-02 23:05:03 | INFO | Using a fixed known graph with scalar xi.
2026-05-02 23:05:03 | INFO | Fit-time hard bounds active: False
2026-05-02 23:05:03 | INFO | Fixed scalar parameters: {}
2026-05-02 23:05:03 | INFO | Warm-start fixed scalars: {} for 0 steps
2026-05-02 23:05:03 | INFO | Beta mask before s: True with s=50
2026-05-02 23:05:03 | INFO | Beta mask after e: True with e=115
2026-05-02 23:05:03 | INFO | Alternating V-column L2-ball constraint active with radius 1.0
2026-05-02 23:05:03 | INFO | Optimizer settings: steps=2000, tol=1e-07, n_starts=1, seed=0, lambda_nuclear=0.0, lambda_frobenius=0.0, lambda_uv_ridge=1.0, v_column_l2_max=1.0, proximal_lr=1.0
2026-05-02 23:05:03 | INFO | Alternating low-rank start 1/1 | seed=0 | initial_loss=0.760483 | initial_penalized=0.760597
2026-05-02 23:05:03 | INFO | Alternating low-rank iter 0 | Loss: 0.682796 | Penalized: 0.694863
2026-05-02 23:05:16 | INFO | Alternating low-rank iter 100 | Loss: 0.618165 | Penalized: 0.632877
2026-05-02 23:05:28 | INFO | Alternating low-rank iter 200 | Loss: 0.616690 | Penalized: 0.631347
2026-05-02 23:05:41 | INFO | Alternating low-rank iter 300 | Loss: 0.616008 | Penalized: 0.630640
2026-05-02 23:05:54 | INFO | Alternating low-rank iter 400 | Loss: 0.615692 | Penalized: 0.630313
2026-05-02 23:06:06 | INFO | Alternating low-rank iter 500 | Loss: 0.615544 | Penalized: 0.630161
2026-05-02 23:06:19 | INFO | Alternating low-rank iter 600 | Loss: 0.615475 | Penalized: 0.630091
2026-05-02 23:06:32 | INFO | Alternating low-rank iter 700 | Loss: 0.615443 | Penalized: 0.630057
2026-05-02 23:06:44 | INFO | Alternating low-rank iter 800 | Loss: 0.615428 | Penalized: 0.630042
2026-05-02 23:06:45 | INFO | Done fitting.
2026-05-02 23:06:45 | INFO | Optimizer status: CONVERGED: alternating objective tolerance reached
2026-05-02 23:06:45 | INFO | Best optimizer start: 1 / 1
2026-05-02 23:06:45 | INFO | Final Loss: 0.615427
2026-05-02 23:06:45 | INFO | Estimated vs True Parameters:
2026-05-02 23:06:45 | INFO |   beta: -0.0999 (True: -0.3000) | SQE: 0.040032
2026-05-02 23:06:45 | INFO |   xi: 0.7350 (True: 0.8000) | SQE: 0.004219
2026-05-02 23:06:45 | INFO |   eta: 0.2747 (True: 0.3000) | SQE: 0.000639
2026-05-02 23:06:45 | INFO | Alternating low-rank optimizer diagnostics:
2026-05-02 23:06:45 | INFO |   penalized_objective: 0.630041
2026-05-02 23:06:45 | INFO |   mple_loss_without_penalty: 0.615427
2026-05-02 23:06:45 | INFO |   lambda_uv_ridge: 1.000000
2026-05-02 23:06:45 | INFO |   u_frobenius_norm: 36.278465
2026-05-02 23:06:45 | INFO |   v_frobenius_norm: 2.236068
2026-05-02 23:06:45 | INFO |   effective_rank: 4.000000
2026-05-02 23:06:45 | INFO | Field and interaction diagnostics:
2026-05-02 23:06:45 | INFO |   field_rmse: 0.465647
2026-05-02 23:06:45 | INFO |   interaction_fro_error: 0.492162
2026-05-02 23:06:45 | INFO |   estimated_field_max_abs_entry: 0.605760
2026-05-02 23:06:45 | INFO |   estimated_field_rank: 4.000000
2026-05-02 23:06:45 | INFO |   true_field_max_abs_entry: 3.005890
2026-05-02 23:06:45 | INFO |   true_field_rank: 5.000000
2026-05-02 23:06:45 | INFO | Saved summary table to /orcd/home/002/phevosp/MPLE-Causal-Inference/experiments/HybridExperiments_r5_c1_v2/r5_c1_hybrid_us_county_intervention_generated_graph_confounding/cv_runs/alternating_uv_grid/candidates/alternating_uv_grid_candidate_0008/fold_6/mple_summary.csv
2026-05-02 23:06:45 | INFO | Log saved to /orcd/home/002/phevosp/MPLE-Causal-Inference/experiments/HybridExperiments_r5_c1_v2/r5_c1_hybrid_us_county_intervention_generated_graph_confounding/cv_runs/alternating_uv_grid/candidates/alternating_uv_grid_candidate_0008/fold_6/mple.log
