2026-04-06 17:41:43 | INFO | Loading data...
2026-04-06 17:41:43 | INFO | Loaded 8 field templates and 1 interaction templates.
2026-04-06 17:41:43 | INFO | Intervention-process model enabled: False
2026-04-06 17:41:43 | INFO | Running conditional-model MPLE on x with shape=(15, 9642)
2026-04-06 17:41:43 | INFO | Eval 0  |  Loss: 0.675633
2026-04-06 17:41:43 | INFO |   field::total_pop: +0.0126,  field::black_share: -0.0132,  field::hispanic_share: +0.0640,  field::male_1521_share: +0.0105,  field::family_household_share: -0.0536,  field::female_household_share: +0.0362,  field::renter_share: +0.1304,  field::vacant_share: +0.0947,  tau block: mean=-0.0394, std=0.0882, min=-0.2325, max=+0.1366,  beta: +0.0352,  interaction::centroid_distance_kernel_16: +0.0903,  eta: +0.0094
2026-04-06 17:41:44 | INFO | Eval 100  |  Loss: 0.609245
2026-04-06 17:41:44 | INFO |   field::total_pop: +6.0963,  field::black_share: +0.2012,  field::hispanic_share: +0.0738,  field::male_1521_share: -0.0167,  field::family_household_share: -0.1446,  field::female_household_share: +0.0795,  field::renter_share: +0.1164,  field::vacant_share: +0.9810,  tau block: mean=+0.1500, std=0.0334, min=+0.0806, max=+0.1959,  beta: +0.1428,  interaction::centroid_distance_kernel_16: +0.8630,  eta: +0.2353
2026-04-06 17:41:45 | INFO | Done fitting.
2026-04-06 17:41:45 | INFO | Optimizer status: CONVERGENCE: RELATIVE REDUCTION OF F <= FACTR*EPSMCH
2026-04-06 17:41:45 | INFO | Final Loss: 0.609243
2026-04-06 17:41:45 | INFO | Estimated Parameters:
2026-04-06 17:41:45 | INFO |   field::total_pop: 6.1181
2026-04-06 17:41:45 | INFO |   field::black_share: 0.2013
2026-04-06 17:41:45 | INFO |   field::hispanic_share: 0.0760
2026-04-06 17:41:45 | INFO |   field::male_1521_share: -0.0098
2026-04-06 17:41:45 | INFO |   field::family_household_share: -0.1454
2026-04-06 17:41:45 | INFO |   field::female_household_share: 0.0826
2026-04-06 17:41:45 | INFO |   field::renter_share: 0.1147
2026-04-06 17:41:45 | INFO |   field::vacant_share: 1.2107
2026-04-06 17:41:45 | INFO |   tau::t_0: 0.1005
2026-04-06 17:41:45 | INFO |   tau::t_1: 0.1810
2026-04-06 17:41:45 | INFO |   tau::t_2: 0.1433
2026-04-06 17:41:45 | INFO |   tau::t_3: 0.0832
2026-04-06 17:41:45 | INFO |   tau::t_4: 0.1186
2026-04-06 17:41:45 | INFO |   tau::t_5: 0.1280
2026-04-06 17:41:45 | INFO |   tau::t_6: 0.1375
2026-04-06 17:41:45 | INFO |   tau::t_7: 0.1176
2026-04-06 17:41:45 | INFO |   tau::t_8: 0.1471
2026-04-06 17:41:45 | INFO |   tau::t_9: 0.1829
2026-04-06 17:41:45 | INFO |   tau::t_10: 0.1625
2026-04-06 17:41:45 | INFO |   tau::t_11: 0.1583
2026-04-06 17:41:45 | INFO |   tau::t_12: 0.1651
2026-04-06 17:41:45 | INFO |   tau::t_13: 0.1647
2026-04-06 17:41:45 | INFO |   tau::t_14: 0.0680
2026-04-06 17:41:45 | INFO |   beta: 0.1298
2026-04-06 17:41:45 | INFO |   interaction::centroid_distance_kernel_16: 0.8637
2026-04-06 17:41:45 | INFO |   eta: 0.2352
2026-04-06 17:41:45 | INFO | Saved summary tables to C:\Users\phevo\Documents\MIT\Code\MPLE-Causal-Inference\experiments\SeattleDMI\outcome_only\any_crime_gt_0_pm1__centroid_distance_kernel_16\mple_summary.csv and C:\Users\phevo\Documents\MIT\Code\MPLE-Causal-Inference\experiments\SeattleDMI\outcome_only\any_crime_gt_0_pm1__centroid_distance_kernel_16\mple_summary.md
2026-04-06 17:41:45 | INFO | Log saved to C:\Users\phevo\Documents\MIT\Code\MPLE-Causal-Inference\experiments\SeattleDMI\outcome_only\any_crime_gt_0_pm1__centroid_distance_kernel_16\mple.log
