2026-05-02 20:47:11 | INFO | Loading data...
2026-05-02 20:47:11 | INFO | Using panel artifact: /orcd/home/002/phevosp/MPLE-Causal-Inference/experiments/HybridExperiments_r5_c1_v2/r5_c1_hybrid_us_county_intervention_uscounty_graph_kernel_confounding/panel_data.npz
2026-05-02 20:47:11 | INFO | Using x_0 artifact: /orcd/home/002/phevosp/MPLE-Causal-Inference/experiments/HybridExperiments_r5_c1_v2/r5_c1_hybrid_us_county_intervention_uscounty_graph_kernel_confounding/x_0.npy
2026-05-02 20:47:11 | INFO | Using fit config: /orcd/home/002/phevosp/MPLE-Causal-Inference/experiments/HybridExperiments_r5_c1_v2/r5_c1_hybrid_us_county_intervention_uscounty_graph_kernel_confounding/cv_runs/alternating_uv_grid/candidates/alternating_uv_grid_candidate_0002/fold_7/fit_realized_config.yaml
2026-05-02 20:47:11 | INFO | Using model artifact directory: /orcd/home/002/phevosp/MPLE-Causal-Inference/experiments/HybridExperiments_r5_c1_v2/r5_c1_hybrid_us_county_intervention_uscounty_graph_kernel_confounding
2026-05-02 20:47:11 | INFO | Using truth artifact directory: /orcd/home/002/phevosp/MPLE-Causal-Inference/experiments/HybridExperiments_r5_c1_v2/r5_c1_hybrid_us_county_intervention_uscounty_graph_kernel_confounding
2026-05-02 20:47:11 | INFO | Using loss mask artifact: /orcd/home/002/phevosp/MPLE-Causal-Inference/experiments/HybridExperiments_r5_c1_v2/r5_c1_hybrid_us_county_intervention_uscounty_graph_kernel_confounding/cv_runs/alternating_uv_grid/candidates/alternating_uv_grid_candidate_0002/fold_7/loss_mask.npy
2026-05-02 20:47:11 | INFO | Configured optimizer mode: alternating_latent_rank
2026-05-02 20:47:11 | INFO | Configured latent rank: 5
2026-05-02 20:47:11 | INFO | Using a fixed known graph with scalar xi.
2026-05-02 20:47:11 | INFO | Fit-time hard bounds active: False
2026-05-02 20:47:11 | INFO | Fixed scalar parameters: {}
2026-05-02 20:47:11 | INFO | Warm-start fixed scalars: {} for 0 steps
2026-05-02 20:47:11 | INFO | Beta mask before s: True with s=50
2026-05-02 20:47:11 | INFO | Beta mask after e: True with e=115
2026-05-02 20:47:11 | INFO | Alternating V-column L2-ball constraint active with radius 1.0
2026-05-02 20:47:11 | INFO | Optimizer settings: steps=2000, tol=1e-07, n_starts=1, seed=0, lambda_nuclear=0.0, lambda_frobenius=0.0, lambda_uv_ridge=0.001, v_column_l2_max=1.0, proximal_lr=1.0
2026-05-02 20:47:11 | INFO | Alternating low-rank start 1/1 | seed=0 | initial_loss=0.772658 | initial_penalized=0.772658
2026-05-02 20:47:11 | INFO | Alternating low-rank iter 0 | Loss: 0.601259 | Penalized: 0.601320
2026-05-02 20:47:30 | INFO | Alternating low-rank iter 100 | Loss: 0.532932 | Penalized: 0.533644
2026-05-02 20:47:45 | INFO | Alternating low-rank iter 200 | Loss: 0.532450 | Penalized: 0.533353
2026-05-02 20:48:00 | INFO | Alternating low-rank iter 300 | Loss: 0.532302 | Penalized: 0.533296
2026-05-02 20:48:15 | INFO | Alternating low-rank iter 400 | Loss: 0.532210 | Penalized: 0.533262
2026-05-02 20:48:28 | INFO | Alternating low-rank iter 500 | Loss: 0.532142 | Penalized: 0.533236
2026-05-02 20:48:40 | INFO | Alternating low-rank iter 600 | Loss: 0.532090 | Penalized: 0.533218
2026-05-02 20:48:46 | INFO | Done fitting.
2026-05-02 20:48:46 | INFO | Optimizer status: CONVERGED: alternating objective tolerance reached
2026-05-02 20:48:46 | INFO | Best optimizer start: 1 / 1
2026-05-02 20:48:46 | INFO | Final Loss: 0.532067
2026-05-02 20:48:46 | INFO | Estimated vs True Parameters:
2026-05-02 20:48:46 | INFO |   beta: -0.0674 (True: -0.3000) | SQE: 0.054105
2026-05-02 20:48:46 | INFO |   xi: 0.9082 (True: 0.8000) | SQE: 0.011702
2026-05-02 20:48:46 | INFO |   eta: 0.3137 (True: 0.3000) | SQE: 0.000188
2026-05-02 20:48:46 | INFO | Alternating low-rank optimizer diagnostics:
2026-05-02 20:48:46 | INFO |   penalized_objective: 0.533211
2026-05-02 20:48:46 | INFO |   mple_loss_without_penalty: 0.532067
2026-05-02 20:48:46 | INFO |   lambda_uv_ridge: 0.001000
2026-05-02 20:48:46 | INFO |   u_frobenius_norm: 573.443564
2026-05-02 20:48:46 | INFO |   v_frobenius_norm: 2.236068
2026-05-02 20:48:46 | INFO |   effective_rank: 5.000000
2026-05-02 20:48:46 | INFO | Field and interaction diagnostics:
2026-05-02 20:48:46 | INFO |   field_rmse: 1.065989
2026-05-02 20:48:46 | INFO |   interaction_fro_error: 1.196876
2026-05-02 20:48:46 | INFO |   estimated_field_max_abs_entry: 53.561377
2026-05-02 20:48:46 | INFO |   estimated_field_rank: 5.000000
2026-05-02 20:48:46 | INFO |   true_field_max_abs_entry: 3.005890
2026-05-02 20:48:46 | INFO |   true_field_rank: 5.000000
2026-05-02 20:48:46 | INFO | Saved summary table to /orcd/home/002/phevosp/MPLE-Causal-Inference/experiments/HybridExperiments_r5_c1_v2/r5_c1_hybrid_us_county_intervention_uscounty_graph_kernel_confounding/cv_runs/alternating_uv_grid/candidates/alternating_uv_grid_candidate_0002/fold_7/mple_summary.csv
2026-05-02 20:48:46 | INFO | Log saved to /orcd/home/002/phevosp/MPLE-Causal-Inference/experiments/HybridExperiments_r5_c1_v2/r5_c1_hybrid_us_county_intervention_uscounty_graph_kernel_confounding/cv_runs/alternating_uv_grid/candidates/alternating_uv_grid_candidate_0002/fold_7/mple.log
