2026-05-01 20:48:55 | INFO | Loading data...
2026-05-01 20:48:55 | INFO | Using panel artifact: /orcd/home/002/phevosp/MPLE-Causal-Inference/experiments/SyntheticHybridExperimentsFinal/confounding_strong/panel_data.npz
2026-05-01 20:48:55 | INFO | Using x_0 artifact: /orcd/home/002/phevosp/MPLE-Causal-Inference/experiments/SyntheticHybridExperimentsFinal/confounding_strong/x_0.npy
2026-05-01 20:48:55 | INFO | Using fit config: /orcd/home/002/phevosp/MPLE-Causal-Inference/experiments/SyntheticHybridExperimentsFinal/confounding_strong/cv_runs/alternating_uv_grid/candidates/alternating_uv_grid_candidate_0008/fold_1/fit_realized_config.yaml
2026-05-01 20:48:55 | INFO | Using model artifact directory: /orcd/home/002/phevosp/MPLE-Causal-Inference/experiments/SyntheticHybridExperimentsFinal/confounding_strong
2026-05-01 20:48:55 | INFO | Using truth artifact directory: /orcd/home/002/phevosp/MPLE-Causal-Inference/experiments/SyntheticHybridExperimentsFinal/confounding_strong
2026-05-01 20:48:55 | INFO | Using loss mask artifact: /orcd/home/002/phevosp/MPLE-Causal-Inference/experiments/SyntheticHybridExperimentsFinal/confounding_strong/cv_runs/alternating_uv_grid/candidates/alternating_uv_grid_candidate_0008/fold_1/loss_mask.npy
2026-05-01 20:48:55 | INFO | Configured optimizer mode: alternating_latent_rank
2026-05-01 20:48:55 | INFO | Configured latent rank: 3
2026-05-01 20:48:55 | INFO | Using a fixed known graph with scalar xi.
2026-05-01 20:48:55 | INFO | Fit-time hard bounds active: False
2026-05-01 20:48:55 | INFO | Fixed scalar parameters: {}
2026-05-01 20:48:55 | INFO | Warm-start fixed scalars: {} for 0 steps
2026-05-01 20:48:55 | INFO | Beta mask before s: False with s=0
2026-05-01 20:48:55 | INFO | Beta mask after e: False with e=11
2026-05-01 20:48:55 | INFO | Alternating V-column L2-ball constraint active with radius 1.0
2026-05-01 20:48:55 | INFO | Optimizer settings: steps=2000, tol=1e-07, n_starts=1, seed=0, lambda_nuclear=0.0, lambda_frobenius=0.0, lambda_uv_ridge=1.5, v_column_l2_max=1.0, proximal_lr=1.0
2026-05-01 20:48:55 | INFO | Alternating low-rank start 1/1 | seed=0 | initial_loss=0.791675 | initial_penalized=0.792072
2026-05-01 20:48:55 | INFO | Alternating low-rank iter 0 | Loss: 0.621668 | Penalized: 0.648744
2026-05-01 20:48:56 | INFO | Alternating low-rank iter 100 | Loss: 0.598785 | Penalized: 0.631607
2026-05-01 20:48:57 | INFO | Alternating low-rank iter 200 | Loss: 0.598620 | Penalized: 0.631463
2026-05-01 20:48:57 | INFO | Done fitting.
2026-05-01 20:48:57 | INFO | Optimizer status: CONVERGED: alternating objective tolerance reached
2026-05-01 20:48:57 | INFO | Best optimizer start: 1 / 1
2026-05-01 20:48:57 | INFO | Final Loss: 0.598610
2026-05-01 20:48:57 | INFO | Estimated vs True Parameters:
2026-05-01 20:48:57 | INFO |   beta: -0.1033 (True: -0.3000) | SQE: 0.038699
2026-05-01 20:48:57 | INFO |   xi: 0.3694 (True: 0.8000) | SQE: 0.185410
2026-05-01 20:48:57 | INFO |   eta: 0.1743 (True: 0.3000) | SQE: 0.015807
2026-05-01 20:48:57 | INFO | Alternating low-rank optimizer diagnostics:
2026-05-01 20:48:57 | INFO |   penalized_objective: 0.631457
2026-05-01 20:48:57 | INFO |   mple_loss_without_penalty: 0.598610
2026-05-01 20:48:57 | INFO |   lambda_uv_ridge: 1.500000
2026-05-01 20:48:57 | INFO |   u_frobenius_norm: 19.363035
2026-05-01 20:48:57 | INFO |   v_frobenius_norm: 1.732051
2026-05-01 20:48:57 | INFO |   effective_rank: 3.000000
2026-05-01 20:48:57 | INFO | Field and interaction diagnostics:
2026-05-01 20:48:57 | INFO |   field_rmse: 1.132096
2026-05-01 20:48:57 | INFO |   interaction_fro_error: 1.525480
2026-05-01 20:48:57 | INFO |   estimated_field_max_abs_entry: 0.550816
2026-05-01 20:48:57 | INFO |   estimated_field_rank: 3.000000
2026-05-01 20:48:57 | INFO |   true_field_max_abs_entry: 7.412670
2026-05-01 20:48:57 | INFO |   true_field_rank: 3.000000
2026-05-01 20:48:57 | INFO | Saved summary table to /orcd/home/002/phevosp/MPLE-Causal-Inference/experiments/SyntheticHybridExperimentsFinal/confounding_strong/cv_runs/alternating_uv_grid/candidates/alternating_uv_grid_candidate_0008/fold_1/mple_summary.csv
2026-05-01 20:48:57 | INFO | Log saved to /orcd/home/002/phevosp/MPLE-Causal-Inference/experiments/SyntheticHybridExperimentsFinal/confounding_strong/cv_runs/alternating_uv_grid/candidates/alternating_uv_grid_candidate_0008/fold_1/mple.log
