2026-05-06 13:52:03 | INFO | Loading data...
2026-05-06 13:52:03 | INFO | Using panel artifact: /orcd/home/002/phevosp/MPLE-Causal-Inference/experiments/HybridExperiments_r5_c1_v2/r5_c1_hybrid_us_county_intervention_uscounty_graph_kernel_confounding/panel_data.npz
2026-05-06 13:52:03 | INFO | Using x_0 artifact: /orcd/home/002/phevosp/MPLE-Causal-Inference/experiments/HybridExperiments_r5_c1_v2/r5_c1_hybrid_us_county_intervention_uscounty_graph_kernel_confounding/x_0.npy
2026-05-06 13:52:03 | INFO | Using fit config: /orcd/home/002/phevosp/MPLE-Causal-Inference/experiments/HybridExperiments_r5_c1_v2/r5_c1_hybrid_us_county_intervention_uscounty_graph_kernel_confounding/cv_runs/xi_zero/candidates/xi_zero_candidate_0001/fold_2/fit_realized_config.yaml
2026-05-06 13:52:03 | INFO | Using model artifact directory: /orcd/home/002/phevosp/MPLE-Causal-Inference/experiments/HybridExperiments_r5_c1_v2/r5_c1_hybrid_us_county_intervention_uscounty_graph_kernel_confounding
2026-05-06 13:52:03 | INFO | Using truth artifact directory: /orcd/home/002/phevosp/MPLE-Causal-Inference/experiments/HybridExperiments_r5_c1_v2/r5_c1_hybrid_us_county_intervention_uscounty_graph_kernel_confounding
2026-05-06 13:52:03 | INFO | Using loss mask artifact: /orcd/home/002/phevosp/MPLE-Causal-Inference/experiments/HybridExperiments_r5_c1_v2/r5_c1_hybrid_us_county_intervention_uscounty_graph_kernel_confounding/cv_runs/xi_zero/candidates/xi_zero_candidate_0001/fold_2/loss_mask.npy
2026-05-06 13:52:03 | INFO | Configured optimizer mode: alternating_latent_rank
2026-05-06 13:52:03 | INFO | Configured latent rank: 5
2026-05-06 13:52:03 | INFO | Using a fixed known graph with scalar xi.
2026-05-06 13:52:03 | INFO | Fit-time hard bounds active: False
2026-05-06 13:52:03 | INFO | Fixed scalar parameters: {'xi': 0.0}
2026-05-06 13:52:03 | INFO | Warm-start fixed scalars: {} for 0 steps
2026-05-06 13:52:03 | INFO | Beta mask before s: True with s=50
2026-05-06 13:52:03 | INFO | Beta mask after e: True with e=115
2026-05-06 13:52:03 | INFO | Alternating V-column L2-ball constraint active with radius 1.0
2026-05-06 13:52:03 | INFO | Optimizer settings: steps=2000, tol=1e-07, n_starts=1, seed=0, lambda_nuclear=0.0, lambda_frobenius=0.0, lambda_uv_ridge=0.0005, v_column_l2_max=1.0, proximal_lr=1.0
2026-05-06 13:52:03 | INFO | Alternating low-rank start 1/1 | seed=0 | initial_loss=0.748695 | initial_penalized=0.748695
2026-05-06 13:52:03 | INFO | Alternating low-rank iter 0 | Loss: 0.594420 | Penalized: 0.594452
2026-05-06 13:52:16 | INFO | Alternating low-rank iter 100 | Loss: 0.546683 | Penalized: 0.546933
2026-05-06 13:52:28 | INFO | Alternating low-rank iter 200 | Loss: 0.545754 | Penalized: 0.546163
2026-05-06 13:52:40 | INFO | Alternating low-rank iter 300 | Loss: 0.545515 | Penalized: 0.546021
2026-05-06 13:52:52 | INFO | Alternating low-rank iter 400 | Loss: 0.545347 | Penalized: 0.545927
2026-05-06 13:53:05 | INFO | Alternating low-rank iter 500 | Loss: 0.545226 | Penalized: 0.545867
2026-05-06 13:53:17 | INFO | Alternating low-rank iter 600 | Loss: 0.545130 | Penalized: 0.545820
2026-05-06 13:53:29 | INFO | Alternating low-rank iter 700 | Loss: 0.545037 | Penalized: 0.545770
2026-05-06 13:53:41 | INFO | Alternating low-rank iter 800 | Loss: 0.544942 | Penalized: 0.545716
2026-05-06 13:53:53 | INFO | Alternating low-rank iter 900 | Loss: 0.544858 | Penalized: 0.545670
2026-05-06 13:54:06 | INFO | Alternating low-rank iter 1000 | Loss: 0.544792 | Penalized: 0.545637
2026-05-06 13:54:18 | INFO | Alternating low-rank iter 1100 | Loss: 0.544743 | Penalized: 0.545616
2026-05-06 13:54:30 | INFO | Alternating low-rank iter 1200 | Loss: 0.544707 | Penalized: 0.545601
2026-05-06 13:54:36 | INFO | Done fitting.
2026-05-06 13:54:36 | INFO | Optimizer status: CONVERGED: alternating objective tolerance reached
2026-05-06 13:54:36 | INFO | Best optimizer start: 1 / 1
2026-05-06 13:54:36 | INFO | Final Loss: 0.544694
2026-05-06 13:54:36 | INFO | Estimated vs True Parameters:
2026-05-06 13:54:36 | INFO |   beta: -0.0806 (True: -0.3000) | SQE: 0.048124
2026-05-06 13:54:36 | INFO |   xi: 0.0000 (True: 0.8000) | SQE: 0.640000
2026-05-06 13:54:36 | INFO |   eta: 0.3234 (True: 0.3000) | SQE: 0.000546
2026-05-06 13:54:36 | INFO | Alternating low-rank optimizer diagnostics:
2026-05-06 13:54:36 | INFO |   penalized_objective: 0.545597
2026-05-06 13:54:36 | INFO |   mple_loss_without_penalty: 0.544694
2026-05-06 13:54:36 | INFO |   lambda_uv_ridge: 0.000500
2026-05-06 13:54:36 | INFO |   u_frobenius_norm: 720.313531
2026-05-06 13:54:36 | INFO |   v_frobenius_norm: 2.236068
2026-05-06 13:54:36 | INFO |   effective_rank: 5.000000
2026-05-06 13:54:36 | INFO | Field and interaction diagnostics:
2026-05-06 13:54:36 | INFO |   field_rmse: 1.458379
2026-05-06 13:54:36 | INFO |   interaction_fro_error: 8.851317
2026-05-06 13:54:36 | INFO |   estimated_field_max_abs_entry: 61.744884
2026-05-06 13:54:36 | INFO |   estimated_field_rank: 5.000000
2026-05-06 13:54:36 | INFO |   true_field_max_abs_entry: 3.005890
2026-05-06 13:54:36 | INFO |   true_field_rank: 5.000000
2026-05-06 13:54:36 | INFO | Saved summary table to /orcd/home/002/phevosp/MPLE-Causal-Inference/experiments/HybridExperiments_r5_c1_v2/r5_c1_hybrid_us_county_intervention_uscounty_graph_kernel_confounding/cv_runs/xi_zero/candidates/xi_zero_candidate_0001/fold_2/mple_summary.csv
2026-05-06 13:54:36 | INFO | Log saved to /orcd/home/002/phevosp/MPLE-Causal-Inference/experiments/HybridExperiments_r5_c1_v2/r5_c1_hybrid_us_county_intervention_uscounty_graph_kernel_confounding/cv_runs/xi_zero/candidates/xi_zero_candidate_0001/fold_2/mple.log
