2026-05-03 01:12:35 | INFO | Loading data...
2026-05-03 01:12:35 | INFO | Using panel artifact: /orcd/home/002/phevosp/MPLE-Causal-Inference/experiments/HybridExperiments_r1_v2/r1_hybrid_us_county_intervention_uscounty_graph_contiguous_confounding/panel_data.npz
2026-05-03 01:12:35 | INFO | Using x_0 artifact: /orcd/home/002/phevosp/MPLE-Causal-Inference/experiments/HybridExperiments_r1_v2/r1_hybrid_us_county_intervention_uscounty_graph_contiguous_confounding/x_0.npy
2026-05-03 01:12:35 | INFO | Using fit config: /orcd/home/002/phevosp/MPLE-Causal-Inference/experiments/HybridExperiments_r1_v2/r1_hybrid_us_county_intervention_uscounty_graph_contiguous_confounding/cv_runs/alternating_uv_grid/candidates/alternating_uv_grid_candidate_0007/fold_6/fit_realized_config.yaml
2026-05-03 01:12:35 | INFO | Using model artifact directory: /orcd/home/002/phevosp/MPLE-Causal-Inference/experiments/HybridExperiments_r1_v2/r1_hybrid_us_county_intervention_uscounty_graph_contiguous_confounding
2026-05-03 01:12:35 | INFO | Using truth artifact directory: /orcd/home/002/phevosp/MPLE-Causal-Inference/experiments/HybridExperiments_r1_v2/r1_hybrid_us_county_intervention_uscounty_graph_contiguous_confounding
2026-05-03 01:12:35 | INFO | Using loss mask artifact: /orcd/home/002/phevosp/MPLE-Causal-Inference/experiments/HybridExperiments_r1_v2/r1_hybrid_us_county_intervention_uscounty_graph_contiguous_confounding/cv_runs/alternating_uv_grid/candidates/alternating_uv_grid_candidate_0007/fold_6/loss_mask.npy
2026-05-03 01:12:35 | INFO | Configured optimizer mode: alternating_latent_rank
2026-05-03 01:12:35 | INFO | Configured latent rank: 1
2026-05-03 01:12:35 | INFO | Using a fixed known graph with scalar xi.
2026-05-03 01:12:35 | INFO | Fit-time hard bounds active: False
2026-05-03 01:12:35 | INFO | Fixed scalar parameters: {}
2026-05-03 01:12:35 | INFO | Warm-start fixed scalars: {} for 0 steps
2026-05-03 01:12:35 | INFO | Beta mask before s: True with s=50
2026-05-03 01:12:35 | INFO | Beta mask after e: True with e=115
2026-05-03 01:12:35 | INFO | Alternating V-column L2-ball constraint active with radius 1.0
2026-05-03 01:12:35 | INFO | Optimizer settings: steps=2000, tol=1e-07, n_starts=1, seed=0, lambda_nuclear=0.0, lambda_frobenius=0.0, lambda_uv_ridge=0.1, v_column_l2_max=1.0, proximal_lr=1.0
2026-05-03 01:12:35 | INFO | Alternating low-rank start 1/1 | seed=0 | initial_loss=0.698373 | initial_penalized=0.698374
2026-05-03 01:12:35 | INFO | Alternating low-rank iter 0 | Loss: 0.562266 | Penalized: 0.567816
2026-05-03 01:12:42 | INFO | Alternating low-rank iter 100 | Loss: 0.539565 | Penalized: 0.544479
2026-05-03 01:12:49 | INFO | Alternating low-rank iter 200 | Loss: 0.539865 | Penalized: 0.544285
2026-05-03 01:12:49 | INFO | Done fitting.
2026-05-03 01:12:49 | INFO | Optimizer status: CONVERGED: alternating objective tolerance reached
2026-05-03 01:12:49 | INFO | Best optimizer start: 1 / 1
2026-05-03 01:12:49 | INFO | Final Loss: 0.539871
2026-05-03 01:12:49 | INFO | Estimated vs True Parameters:
2026-05-03 01:12:49 | INFO |   beta: -0.1183 (True: -0.3000) | SQE: 0.033014
2026-05-03 01:12:49 | INFO |   xi: 1.1898 (True: 0.8000) | SQE: 0.151980
2026-05-03 01:12:49 | INFO |   eta: 0.3123 (True: 0.3000) | SQE: 0.000151
2026-05-03 01:12:49 | INFO | Alternating low-rank optimizer diagnostics:
2026-05-03 01:12:49 | INFO |   penalized_objective: 0.544284
2026-05-03 01:12:49 | INFO |   mple_loss_without_penalty: 0.539871
2026-05-03 01:12:49 | INFO |   lambda_uv_ridge: 0.100000
2026-05-03 01:12:49 | INFO |   u_frobenius_norm: 112.908034
2026-05-03 01:12:49 | INFO |   v_frobenius_norm: 1.000000
2026-05-03 01:12:49 | INFO |   effective_rank: 1.000000
2026-05-03 01:12:49 | INFO | Field and interaction diagnostics:
2026-05-03 01:12:49 | INFO |   field_rmse: 0.350629
2026-05-03 01:12:49 | INFO |   interaction_fro_error: 3.686643
2026-05-03 01:12:49 | INFO |   estimated_field_max_abs_entry: 0.711099
2026-05-03 01:12:49 | INFO |   estimated_field_rank: 1.000000
2026-05-03 01:12:49 | INFO |   true_field_max_abs_entry: 0.609457
2026-05-03 01:12:49 | INFO |   true_field_rank: 1.000000
2026-05-03 01:12:50 | INFO | Saved summary table to /orcd/home/002/phevosp/MPLE-Causal-Inference/experiments/HybridExperiments_r1_v2/r1_hybrid_us_county_intervention_uscounty_graph_contiguous_confounding/cv_runs/alternating_uv_grid/candidates/alternating_uv_grid_candidate_0007/fold_6/mple_summary.csv
2026-05-03 01:12:50 | INFO | Log saved to /orcd/home/002/phevosp/MPLE-Causal-Inference/experiments/HybridExperiments_r1_v2/r1_hybrid_us_county_intervention_uscounty_graph_contiguous_confounding/cv_runs/alternating_uv_grid/candidates/alternating_uv_grid_candidate_0007/fold_6/mple.log
