2026-04-01 10:28:57 | INFO | Loading data...
2026-04-01 10:29:02 | INFO | Loaded 11 field templates and 11 interaction templates.
2026-04-01 10:29:02 | INFO | Running conditional-model MPLE on x with shape=(100, 5000)
2026-04-01 10:29:03 | INFO | Eval 0  |  Loss: 0.719220
2026-04-01 10:29:03 | INFO |   field::intercept: +0.0126,  field::linear::feature_1: -0.0132,  field::quadratic::feature_1: +0.0640,  field::linear::feature_2: +0.0105,  field::quadratic::feature_2: -0.0536,  field::linear::feature_3: +0.0362,  field::quadratic::feature_3: +0.1304,  field::linear::feature_4: +0.0947,  field::quadratic::feature_4: -0.0704,  field::linear::feature_5: -0.1265,  field::quadratic::feature_5: -0.0623,  beta: +0.0041,  interaction::adjacency: -0.2325,  interaction::distance_kernel::feature_1: -0.0219,  interaction::cross_similarity::feature_1: -0.1246,  interaction::distance_kernel::feature_2: -0.0732,  interaction::cross_similarity::feature_2: -0.0544,  interaction::distance_kernel::feature_3: -0.0316,  interaction::cross_similarity::feature_3: +0.0412,  interaction::distance_kernel::feature_4: +0.1043,  interaction::cross_similarity::feature_4: -0.0129,  interaction::distance_kernel::feature_5: +0.1366,  interaction::cross_similarity::feature_5: -0.0665,  eta: +0.0352,  zeta: +0.0903,  psi: +0.0094
2026-04-01 10:29:17 | INFO | Eval 100  |  Loss: 0.554931
2026-04-01 10:29:17 | INFO |   field::intercept: +0.3142,  field::linear::feature_1: +0.3289,  field::quadratic::feature_1: +0.3029,  field::linear::feature_2: -0.5970,  field::quadratic::feature_2: +0.4922,  field::linear::feature_3: -0.6028,  field::quadratic::feature_3: -0.0589,  field::linear::feature_4: +0.0865,  field::quadratic::feature_4: +0.0895,  field::linear::feature_5: +0.3035,  field::quadratic::feature_5: +0.3783,  beta: +0.3991,  interaction::adjacency: +0.3699,  interaction::distance_kernel::feature_1: +0.0282,  interaction::cross_similarity::feature_1: -0.0952,  interaction::distance_kernel::feature_2: +0.0706,  interaction::cross_similarity::feature_2: -0.0235,  interaction::distance_kernel::feature_3: +0.0631,  interaction::cross_similarity::feature_3: +0.0633,  interaction::distance_kernel::feature_4: +0.0615,  interaction::cross_similarity::feature_4: -0.0362,  interaction::distance_kernel::feature_5: +0.0864,  interaction::cross_similarity::feature_5: +0.0434,  eta: +0.0992,  zeta: -0.4993,  psi: +0.4013
2026-04-01 10:29:25 | INFO | Done fitting.
2026-04-01 10:29:25 | INFO | Optimizer status: CONVERGENCE: RELATIVE REDUCTION OF F <= FACTR*EPSMCH
2026-04-01 10:29:25 | INFO | Final Loss: 0.554931
2026-04-01 10:29:25 | INFO | Estimated vs True Parameters:
2026-04-01 10:29:25 | INFO |   field::intercept: 0.3131 (True: 0.3150)
2026-04-01 10:29:25 | INFO |   field::intercept SQE: 0.000004
2026-04-01 10:29:25 | INFO |   field::linear::feature_1: 0.3295 (True: 0.3080)
2026-04-01 10:29:25 | INFO |   field::linear::feature_1 SQE: 0.000464
2026-04-01 10:29:25 | INFO |   field::quadratic::feature_1: 0.2873 (True: 0.3500)
2026-04-01 10:29:25 | INFO |   field::quadratic::feature_1 SQE: 0.003934
2026-04-01 10:29:25 | INFO |   field::linear::feature_2: -0.6043 (True: -0.5800)
2026-04-01 10:29:25 | INFO |   field::linear::feature_2 SQE: 0.000590
2026-04-01 10:29:25 | INFO |   field::quadratic::feature_2: 0.4697 (True: 0.5000)
2026-04-01 10:29:25 | INFO |   field::quadratic::feature_2 SQE: 0.000917
2026-04-01 10:29:25 | INFO |   field::linear::feature_3: -0.6123 (True: -0.6000)
2026-04-01 10:29:25 | INFO |   field::linear::feature_3 SQE: 0.000151
2026-04-01 10:29:25 | INFO |   field::quadratic::feature_3: -0.0747 (True: -0.0500)
2026-04-01 10:29:25 | INFO |   field::quadratic::feature_3 SQE: 0.000609
2026-04-01 10:29:25 | INFO |   field::linear::feature_4: 0.0864 (True: 0.0800)
2026-04-01 10:29:25 | INFO |   field::linear::feature_4 SQE: 0.000040
2026-04-01 10:29:25 | INFO |   field::quadratic::feature_4: 0.0987 (True: 0.1000)
2026-04-01 10:29:25 | INFO |   field::quadratic::feature_4 SQE: 0.000002
2026-04-01 10:29:25 | INFO |   field::linear::feature_5: 0.2991 (True: 0.3000)
2026-04-01 10:29:25 | INFO |   field::linear::feature_5 SQE: 0.000001
2026-04-01 10:29:25 | INFO |   field::quadratic::feature_5: 0.3797 (True: 0.4000)
2026-04-01 10:29:25 | INFO |   field::quadratic::feature_5 SQE: 0.000412
2026-04-01 10:29:25 | INFO |   beta: 0.3990 (True: 0.4000)
2026-04-01 10:29:25 | INFO |   beta SQE: 0.000001
2026-04-01 10:29:25 | INFO |   interaction::adjacency: 0.4259 (True: 0.2500)
2026-04-01 10:29:25 | INFO |   interaction::adjacency SQE: 0.030952
2026-04-01 10:29:25 | INFO |   interaction::distance_kernel::feature_1: 0.0073 (True: 0.0800)
2026-04-01 10:29:25 | INFO |   interaction::distance_kernel::feature_1 SQE: 0.005285
2026-04-01 10:29:25 | INFO |   interaction::cross_similarity::feature_1: -0.0869 (True: 0.0400)
2026-04-01 10:29:25 | INFO |   interaction::cross_similarity::feature_1 SQE: 0.016094
2026-04-01 10:29:25 | INFO |   interaction::distance_kernel::feature_2: 0.0372 (True: 0.0800)
2026-04-01 10:29:25 | INFO |   interaction::distance_kernel::feature_2 SQE: 0.001832
2026-04-01 10:29:25 | INFO |   interaction::cross_similarity::feature_2: -0.0631 (True: 0.0400)
2026-04-01 10:29:25 | INFO |   interaction::cross_similarity::feature_2 SQE: 0.010622
2026-04-01 10:29:25 | INFO |   interaction::distance_kernel::feature_3: 0.0391 (True: 0.0800)
2026-04-01 10:29:25 | INFO |   interaction::distance_kernel::feature_3 SQE: 0.001673
2026-04-01 10:29:25 | INFO |   interaction::cross_similarity::feature_3: 0.0154 (True: 0.0400)
2026-04-01 10:29:25 | INFO |   interaction::cross_similarity::feature_3 SQE: 0.000604
2026-04-01 10:29:25 | INFO |   interaction::distance_kernel::feature_4: 0.0763 (True: 0.0800)
2026-04-01 10:29:25 | INFO |   interaction::distance_kernel::feature_4 SQE: 0.000014
2026-04-01 10:29:25 | INFO |   interaction::cross_similarity::feature_4: -0.0509 (True: 0.0400)
2026-04-01 10:29:25 | INFO |   interaction::cross_similarity::feature_4 SQE: 0.008269
2026-04-01 10:29:25 | INFO |   interaction::distance_kernel::feature_5: 0.0856 (True: 0.1300)
2026-04-01 10:29:25 | INFO |   interaction::distance_kernel::feature_5 SQE: 0.001972
2026-04-01 10:29:25 | INFO |   interaction::cross_similarity::feature_5: 0.1131 (True: 0.1400)
2026-04-01 10:29:25 | INFO |   interaction::cross_similarity::feature_5 SQE: 0.000722
2026-04-01 10:29:25 | INFO |   eta: 0.0992 (True: 0.1000)
2026-04-01 10:29:25 | INFO |   eta SQE: 0.000001
2026-04-01 10:29:25 | INFO |   zeta: -0.4994 (True: -0.5000)
2026-04-01 10:29:25 | INFO |   zeta SQE: 0.000000
2026-04-01 10:29:25 | INFO |   psi: 0.4013 (True: 0.4000)
2026-04-01 10:29:25 | INFO |   psi SQE: 0.000002
2026-04-01 10:29:26 | INFO | Saved summary tables to C:\Users\phevo\Documents\MIT\Code\MPLE-Causal-Inference\experiments\n5000_t100_baseline_temp_fro_small_shared_feature_field_shared_feature_interactions_20260401_032518\mple_summary.csv and C:\Users\phevo\Documents\MIT\Code\MPLE-Causal-Inference\experiments\n5000_t100_baseline_temp_fro_small_shared_feature_field_shared_feature_interactions_20260401_032518\mple_summary.md
2026-04-01 10:29:26 | INFO | Log saved to C:\Users\phevo\Documents\MIT\Code\MPLE-Causal-Inference\experiments\n5000_t100_baseline_temp_fro_small_shared_feature_field_shared_feature_interactions_20260401_032518\mple.log
