2026-04-07 13:35:01 | INFO | Loading data...
2026-04-07 13:35:01 | INFO | Loaded 6 field templates and 1 interaction templates.
2026-04-07 13:35:01 | INFO | Intervention-process model enabled: True
2026-04-07 13:35:01 | INFO | Tau zero-mean enabled: True
2026-04-07 13:35:01 | INFO | Tau smoothness lambda: 1.000000
2026-04-07 13:35:01 | INFO | Running conditional-model MPLE on x with shape=(70, 3203)
2026-04-07 13:35:01 | INFO | Eval 0  |  Loss: 0.672117
2026-04-07 13:35:01 | INFO |   field::log_population: +0.0126,  field::median_household_income: -0.0132,  field::poverty_rate: +0.0640,  field::pct_black: +0.0105,  field::pct_hispanic: -0.0536,  field::pct_in_labor_force: +0.0362,  tau block: mean=-0.0000, std=0.0990, min=-0.2421, max=+0.1864,  beta: -0.0662,  interaction::contiguity: +0.0935,  eta: +0.0049,  zeta: +0.2002,  psi: +0.0189
2026-04-07 13:35:03 | INFO | Done fitting.
2026-04-07 13:35:03 | INFO | Optimizer status: CONVERGENCE: RELATIVE REDUCTION OF F <= FACTR*EPSMCH
2026-04-07 13:35:03 | INFO | Final Loss: 0.278551
2026-04-07 13:35:03 | INFO | Estimated Parameters:
2026-04-07 13:35:03 | INFO |   field::log_population: 0.8906
2026-04-07 13:35:03 | INFO |   field::median_household_income: -1.2716
2026-04-07 13:35:03 | INFO |   field::poverty_rate: -0.7048
2026-04-07 13:35:03 | INFO |   field::pct_black: -0.0585
2026-04-07 13:35:03 | INFO |   field::pct_hispanic: -0.3474
2026-04-07 13:35:03 | INFO |   field::pct_in_labor_force: 0.0150
2026-04-07 13:35:03 | INFO |   tau::t_0: 0.2669
2026-04-07 13:35:03 | INFO |   tau::t_1: 0.2469
2026-04-07 13:35:03 | INFO |   tau::t_2: 0.2383
2026-04-07 13:35:03 | INFO |   tau::t_3: 0.2308
2026-04-07 13:35:03 | INFO |   tau::t_4: 0.1645
2026-04-07 13:35:03 | INFO |   tau::t_5: 0.0681
2026-04-07 13:35:03 | INFO |   tau::t_6: 0.1406
2026-04-07 13:35:03 | INFO |   tau::t_7: 0.0907
2026-04-07 13:35:03 | INFO |   tau::t_8: 0.0210
2026-04-07 13:35:03 | INFO |   tau::t_9: -0.0385
2026-04-07 13:35:03 | INFO |   tau::t_10: -0.0400
2026-04-07 13:35:03 | INFO |   tau::t_11: -0.0757
2026-04-07 13:35:03 | INFO |   tau::t_12: -0.0487
2026-04-07 13:35:03 | INFO |   tau::t_13: -0.0414
2026-04-07 13:35:03 | INFO |   tau::t_14: -0.0938
2026-04-07 13:35:03 | INFO |   tau::t_15: -0.1042
2026-04-07 13:35:03 | INFO |   tau::t_16: -0.0912
2026-04-07 13:35:03 | INFO |   tau::t_17: -0.1148
2026-04-07 13:35:03 | INFO |   tau::t_18: -0.1276
2026-04-07 13:35:03 | INFO |   tau::t_19: -0.0507
2026-04-07 13:35:03 | INFO |   tau::t_20: -0.2060
2026-04-07 13:35:03 | INFO |   tau::t_21: -0.1600
2026-04-07 13:35:03 | INFO |   tau::t_22: -0.2716
2026-04-07 13:35:03 | INFO |   tau::t_23: -0.2719
2026-04-07 13:35:03 | INFO |   tau::t_24: -0.2936
2026-04-07 13:35:03 | INFO |   tau::t_25: -0.3552
2026-04-07 13:35:03 | INFO |   tau::t_26: -0.2606
2026-04-07 13:35:03 | INFO |   tau::t_27: -0.2549
2026-04-07 13:35:03 | INFO |   tau::t_28: -0.2159
2026-04-07 13:35:03 | INFO |   tau::t_29: -0.1072
2026-04-07 13:35:03 | INFO |   tau::t_30: -0.0401
2026-04-07 13:35:03 | INFO |   tau::t_31: 0.0182
2026-04-07 13:35:03 | INFO |   tau::t_32: 0.0597
2026-04-07 13:35:03 | INFO |   tau::t_33: 0.0709
2026-04-07 13:35:03 | INFO |   tau::t_34: 0.0948
2026-04-07 13:35:03 | INFO |   tau::t_35: 0.1912
2026-04-07 13:35:03 | INFO |   tau::t_36: 0.1772
2026-04-07 13:35:03 | INFO |   tau::t_37: 0.1896
2026-04-07 13:35:03 | INFO |   tau::t_38: 0.1362
2026-04-07 13:35:03 | INFO |   tau::t_39: 0.1335
2026-04-07 13:35:03 | INFO |   tau::t_40: 0.1442
2026-04-07 13:35:03 | INFO |   tau::t_41: 0.1207
2026-04-07 13:35:03 | INFO |   tau::t_42: 0.0583
2026-04-07 13:35:03 | INFO |   tau::t_43: 0.0636
2026-04-07 13:35:03 | INFO |   tau::t_44: 0.0779
2026-04-07 13:35:03 | INFO |   tau::t_45: -0.0761
2026-04-07 13:35:03 | INFO |   tau::t_46: 0.1598
2026-04-07 13:35:03 | INFO |   tau::t_47: 0.0801
2026-04-07 13:35:03 | INFO |   tau::t_48: 0.0716
2026-04-07 13:35:03 | INFO |   tau::t_49: 0.0272
2026-04-07 13:35:03 | INFO |   tau::t_50: 0.0562
2026-04-07 13:35:03 | INFO |   tau::t_51: 0.1351
2026-04-07 13:35:03 | INFO |   tau::t_52: 0.1243
2026-04-07 13:35:03 | INFO |   tau::t_53: 0.1391
2026-04-07 13:35:03 | INFO |   tau::t_54: 0.2024
2026-04-07 13:35:03 | INFO |   tau::t_55: 0.2407
2026-04-07 13:35:03 | INFO |   tau::t_56: 0.2236
2026-04-07 13:35:03 | INFO |   tau::t_57: 0.1982
2026-04-07 13:35:03 | INFO |   tau::t_58: 0.1298
2026-04-07 13:35:03 | INFO |   tau::t_59: 0.0856
2026-04-07 13:35:03 | INFO |   tau::t_60: 0.0145
2026-04-07 13:35:03 | INFO |   tau::t_61: 0.0066
2026-04-07 13:35:03 | INFO |   tau::t_62: -0.0694
2026-04-07 13:35:03 | INFO |   tau::t_63: -0.1216
2026-04-07 13:35:03 | INFO |   tau::t_64: -0.1966
2026-04-07 13:35:03 | INFO |   tau::t_65: -0.1596
2026-04-07 13:35:03 | INFO |   tau::t_66: -0.2648
2026-04-07 13:35:03 | INFO |   tau::t_67: -0.2603
2026-04-07 13:35:03 | INFO |   tau::t_68: -0.1401
2026-04-07 13:35:03 | INFO |   tau::t_69: -0.3467
2026-04-07 13:35:03 | INFO |   beta: 0.0957
2026-04-07 13:35:03 | INFO |   interaction::contiguity: 1.5441
2026-04-07 13:35:03 | INFO |   eta: 0.2437
2026-04-07 13:35:03 | INFO |   zeta: -0.0543
2026-04-07 13:35:03 | INFO |   psi: 2.7300
2026-04-07 13:35:03 | INFO | Saved summary tables to C:\Users\phevo\Documents\MIT\Code\MPLE-Causal-Inference\experiments\USCountyVaccination_US\USCountyVaccination_US_tau_zero_mean_smooth\outcome_death_rate_100k_ge_2__intervention_complete_cov_ge_60__lag_0w__contiguity\mple_summary.csv and C:\Users\phevo\Documents\MIT\Code\MPLE-Causal-Inference\experiments\USCountyVaccination_US\USCountyVaccination_US_tau_zero_mean_smooth\outcome_death_rate_100k_ge_2__intervention_complete_cov_ge_60__lag_0w__contiguity\mple_summary.md
2026-04-07 13:35:03 | INFO | Log saved to C:\Users\phevo\Documents\MIT\Code\MPLE-Causal-Inference\experiments\USCountyVaccination_US\USCountyVaccination_US_tau_zero_mean_smooth\outcome_death_rate_100k_ge_2__intervention_complete_cov_ge_60__lag_0w__contiguity\mple.log
