2026-04-07 11:56:00 | INFO | Loading data...
2026-04-07 11:56:00 | INFO | Loaded 6 field templates and 1 interaction templates.
2026-04-07 11:56:00 | INFO | Intervention-process model enabled: True
2026-04-07 11:56:00 | INFO | Tau zero-mean enabled: True
2026-04-07 11:56:00 | INFO | Tau smoothness lambda: 1.000000
2026-04-07 11:56:00 | INFO | Running conditional-model MPLE on x with shape=(67, 3137)
2026-04-07 11:56:01 | INFO | Eval 0  |  Loss: 0.678552
2026-04-07 11:56:01 | INFO |   field::log_population: +0.0126,  field::median_household_income: -0.0132,  field::poverty_rate: +0.0640,  field::pct_black: +0.0105,  field::pct_hispanic: -0.0536,  field::pct_in_labor_force: +0.0362,  tau block: mean=-0.0000, std=0.0970, min=-0.2427, max=+0.1858,  beta: -0.0618,  interaction::contiguity: +0.1822,  eta: -0.1320,  zeta: -0.0662,  psi: +0.0935
2026-04-07 11:56:05 | INFO | Done fitting.
2026-04-07 11:56:05 | INFO | Optimizer status: CONVERGENCE: RELATIVE REDUCTION OF F <= FACTR*EPSMCH
2026-04-07 11:56:05 | INFO | Final Loss: 0.155946
2026-04-07 11:56:05 | INFO | Estimated Parameters:
2026-04-07 11:56:05 | INFO |   field::log_population: 0.1753
2026-04-07 11:56:05 | INFO |   field::median_household_income: -0.2613
2026-04-07 11:56:05 | INFO |   field::poverty_rate: -0.0292
2026-04-07 11:56:05 | INFO |   field::pct_black: -0.2142
2026-04-07 11:56:05 | INFO |   field::pct_hispanic: -0.1156
2026-04-07 11:56:05 | INFO |   field::pct_in_labor_force: 0.0557
2026-04-07 11:56:05 | INFO |   tau::t_0: -0.2376
2026-04-07 11:56:05 | INFO |   tau::t_1: -0.2550
2026-04-07 11:56:05 | INFO |   tau::t_2: -0.3727
2026-04-07 11:56:05 | INFO |   tau::t_3: 0.0090
2026-04-07 11:56:05 | INFO |   tau::t_4: -0.2172
2026-04-07 11:56:05 | INFO |   tau::t_5: -0.0354
2026-04-07 11:56:05 | INFO |   tau::t_6: -0.1096
2026-04-07 11:56:05 | INFO |   tau::t_7: -0.0394
2026-04-07 11:56:05 | INFO |   tau::t_8: -0.1233
2026-04-07 11:56:05 | INFO |   tau::t_9: -0.0205
2026-04-07 11:56:05 | INFO |   tau::t_10: -0.0767
2026-04-07 11:56:05 | INFO |   tau::t_11: -0.2184
2026-04-07 11:56:05 | INFO |   tau::t_12: -0.2099
2026-04-07 11:56:05 | INFO |   tau::t_13: -0.3030
2026-04-07 11:56:05 | INFO |   tau::t_14: -0.3195
2026-04-07 11:56:05 | INFO |   tau::t_15: -0.4647
2026-04-07 11:56:05 | INFO |   tau::t_16: -0.4226
2026-04-07 11:56:05 | INFO |   tau::t_17: -0.6116
2026-04-07 11:56:05 | INFO |   tau::t_18: -0.4008
2026-04-07 11:56:05 | INFO |   tau::t_19: -0.5419
2026-04-07 11:56:05 | INFO |   tau::t_20: -0.4838
2026-04-07 11:56:05 | INFO |   tau::t_21: -0.4607
2026-04-07 11:56:05 | INFO |   tau::t_22: -0.2298
2026-04-07 11:56:05 | INFO |   tau::t_23: -0.1359
2026-04-07 11:56:05 | INFO |   tau::t_24: 0.1085
2026-04-07 11:56:05 | INFO |   tau::t_25: 0.2669
2026-04-07 11:56:05 | INFO |   tau::t_26: 0.2569
2026-04-07 11:56:05 | INFO |   tau::t_27: 0.2850
2026-04-07 11:56:05 | INFO |   tau::t_28: 0.2493
2026-04-07 11:56:05 | INFO |   tau::t_29: 0.2357
2026-04-07 11:56:05 | INFO |   tau::t_30: 0.2118
2026-04-07 11:56:05 | INFO |   tau::t_31: 0.0468
2026-04-07 11:56:05 | INFO |   tau::t_32: 0.1885
2026-04-07 11:56:05 | INFO |   tau::t_33: -0.0652
2026-04-07 11:56:05 | INFO |   tau::t_34: -0.0898
2026-04-07 11:56:05 | INFO |   tau::t_35: -0.1149
2026-04-07 11:56:05 | INFO |   tau::t_36: -0.1463
2026-04-07 11:56:05 | INFO |   tau::t_37: -0.1785
2026-04-07 11:56:05 | INFO |   tau::t_38: 0.0105
2026-04-07 11:56:05 | INFO |   tau::t_39: -0.0092
2026-04-07 11:56:05 | INFO |   tau::t_40: 0.0804
2026-04-07 11:56:05 | INFO |   tau::t_41: 0.1277
2026-04-07 11:56:05 | INFO |   tau::t_42: -0.2899
2026-04-07 11:56:05 | INFO |   tau::t_43: 0.3891
2026-04-07 11:56:05 | INFO |   tau::t_44: 0.0386
2026-04-07 11:56:05 | INFO |   tau::t_45: 0.0028
2026-04-07 11:56:05 | INFO |   tau::t_46: -0.0028
2026-04-07 11:56:05 | INFO |   tau::t_47: 0.5606
2026-04-07 11:56:05 | INFO |   tau::t_48: 0.9546
2026-04-07 11:56:05 | INFO |   tau::t_49: 1.1506
2026-04-07 11:56:05 | INFO |   tau::t_50: 1.9275
2026-04-07 11:56:05 | INFO |   tau::t_51: 2.0399
2026-04-07 11:56:05 | INFO |   tau::t_52: 0.4677
2026-04-07 11:56:05 | INFO |   tau::t_53: -0.1840
2026-04-07 11:56:05 | INFO |   tau::t_54: -0.3367
2026-04-07 11:56:05 | INFO |   tau::t_55: -0.3877
2026-04-07 11:56:05 | INFO |   tau::t_56: -0.1976
2026-04-07 11:56:05 | INFO |   tau::t_57: -0.1675
2026-04-07 11:56:05 | INFO |   tau::t_58: -0.1677
2026-04-07 11:56:05 | INFO |   tau::t_59: -0.2705
2026-04-07 11:56:05 | INFO |   tau::t_60: -0.3077
2026-04-07 11:56:05 | INFO |   tau::t_61: -0.2532
2026-04-07 11:56:05 | INFO |   tau::t_62: -0.1193
2026-04-07 11:56:05 | INFO |   tau::t_63: -0.0494
2026-04-07 11:56:05 | INFO |   tau::t_64: -0.0766
2026-04-07 11:56:05 | INFO |   tau::t_65: 0.0641
2026-04-07 11:56:05 | INFO |   tau::t_66: 0.0326
2026-04-07 11:56:05 | INFO |   beta: -0.0350
2026-04-07 11:56:05 | INFO |   interaction::contiguity: 2.6490
2026-04-07 11:56:05 | INFO |   eta: 0.5566
2026-04-07 11:56:05 | INFO |   zeta: -0.1640
2026-04-07 11:56:05 | INFO |   psi: 2.0913
2026-04-07 11:56:05 | INFO | Saved summary tables to C:\Users\phevo\Documents\MIT\Code\MPLE-Causal-Inference\experiments\USCountyVaccination_US_tau_zero_mean_smooth\outcome_case_rate_100k_ge_200__intervention_partial_cov_ge_30__lag_3w__contiguity\mple_summary.csv and C:\Users\phevo\Documents\MIT\Code\MPLE-Causal-Inference\experiments\USCountyVaccination_US_tau_zero_mean_smooth\outcome_case_rate_100k_ge_200__intervention_partial_cov_ge_30__lag_3w__contiguity\mple_summary.md
2026-04-07 11:56:05 | INFO | Log saved to C:\Users\phevo\Documents\MIT\Code\MPLE-Causal-Inference\experiments\USCountyVaccination_US_tau_zero_mean_smooth\outcome_case_rate_100k_ge_200__intervention_partial_cov_ge_30__lag_3w__contiguity\mple.log
