2026-06-09 19:24:21 | INFO | Loading data...
2026-06-09 19:24:21 | INFO | Using panel artifact: /orcd/home/002/phevosp/MPLE-Causal-Inference/experiments/USCounty/outcome_death_rate_100k_ge_2__intervention_complete_cov_ge_30__lag_2w__distance_kernel_8__start_2020_03_01/panel_data.npz
2026-06-09 19:24:21 | INFO | Using x_0 artifact: /orcd/home/002/phevosp/MPLE-Causal-Inference/experiments/USCounty/outcome_death_rate_100k_ge_2__intervention_complete_cov_ge_30__lag_2w__distance_kernel_8__start_2020_03_01/x_0.npy
2026-06-09 19:24:21 | INFO | Using fit config: /orcd/home/002/phevosp/MPLE-Causal-Inference/experiments/USCounty/outcome_death_rate_100k_ge_2__intervention_complete_cov_ge_30__lag_2w__distance_kernel_8__start_2020_03_01/cv_runs/xi_zero/candidates/xi_zero_candidate_0013/fold_2/fit_realized_config.yaml
2026-06-09 19:24:21 | INFO | Using model artifact directory: /orcd/home/002/phevosp/MPLE-Causal-Inference/experiments/USCounty/outcome_death_rate_100k_ge_2__intervention_complete_cov_ge_30__lag_2w__distance_kernel_8__start_2020_03_01
2026-06-09 19:24:21 | INFO | Using truth artifact directory: /orcd/home/002/phevosp/MPLE-Causal-Inference/experiments/USCounty/outcome_death_rate_100k_ge_2__intervention_complete_cov_ge_30__lag_2w__distance_kernel_8__start_2020_03_01
2026-06-09 19:24:21 | INFO | Using loss mask artifact: /orcd/home/002/phevosp/MPLE-Causal-Inference/experiments/USCounty/outcome_death_rate_100k_ge_2__intervention_complete_cov_ge_30__lag_2w__distance_kernel_8__start_2020_03_01/cv_runs/xi_zero/candidates/xi_zero_candidate_0013/fold_2/loss_mask.npy
2026-06-09 19:24:21 | INFO | Configured optimizer mode: alternating_latent_rank
2026-06-09 19:24:21 | INFO | Configured latent rank: 8
2026-06-09 19:24:21 | INFO | Using a fixed known graph with scalar xi.
2026-06-09 19:24:21 | INFO | Fit-time hard bounds active: False
2026-06-09 19:24:21 | INFO | Fixed scalar parameters: {'xi': 0.0}
2026-06-09 19:24:21 | INFO | Warm-start fixed scalars: {} for 0 steps
2026-06-09 19:24:21 | INFO | Beta-gradient mask before s: True with s=50
2026-06-09 19:24:21 | INFO | Beta-gradient mask after e: True with e=115
2026-06-09 19:24:21 | INFO | Alternating V-column L2-ball constraint active with radius 1.0
2026-06-09 19:24:21 | INFO | Optimizer settings: steps=2000, tol=1e-07, n_starts=1, seed=0, lambda_nuclear=0.0, lambda_frobenius=0.0, lambda_uv_ridge=0.001, v_column_l2_max=1.0, proximal_lr=1.0
2026-06-09 19:24:21 | INFO | Alternating low-rank start 1/1 | seed=0 | initial_loss=0.692752 | initial_penalized=0.692752
2026-06-09 19:24:22 | INFO | Alternating low-rank iter 0 | Loss: 0.473386 | Penalized: 0.473482
2026-06-09 19:24:34 | INFO | Alternating low-rank iter 100 | Loss: 0.362694 | Penalized: 0.365546
2026-06-09 19:24:45 | INFO | Alternating low-rank iter 200 | Loss: 0.359300 | Penalized: 0.363004
2026-06-09 19:24:57 | INFO | Alternating low-rank iter 300 | Loss: 0.358203 | Penalized: 0.362292
2026-06-09 19:25:09 | INFO | Alternating low-rank iter 400 | Loss: 0.357758 | Penalized: 0.362033
2026-06-09 19:25:20 | INFO | Alternating low-rank iter 500 | Loss: 0.357540 | Penalized: 0.361912
2026-06-09 19:25:32 | INFO | Alternating low-rank iter 600 | Loss: 0.357410 | Penalized: 0.361841
2026-06-09 19:25:44 | INFO | Alternating low-rank iter 700 | Loss: 0.357319 | Penalized: 0.361789
2026-06-09 19:25:55 | INFO | Alternating low-rank iter 800 | Loss: 0.357248 | Penalized: 0.361750
2026-06-09 19:26:07 | INFO | Alternating low-rank iter 900 | Loss: 0.357191 | Penalized: 0.361721
2026-06-09 19:26:19 | INFO | Alternating low-rank iter 1000 | Loss: 0.357146 | Penalized: 0.361700
2026-06-09 19:26:30 | INFO | Alternating low-rank iter 1100 | Loss: 0.357114 | Penalized: 0.361686
2026-06-09 19:26:35 | INFO | Done fitting.
2026-06-09 19:26:35 | INFO | Optimizer status: CONVERGED: alternating objective tolerance reached
2026-06-09 19:26:35 | INFO | Best optimizer start: 1 / 1
2026-06-09 19:26:35 | INFO | Final Loss: 0.357104
2026-06-09 19:26:35 | INFO | Estimated Parameters:
2026-06-09 19:26:35 | INFO |   beta: -0.0220
2026-06-09 19:26:35 | INFO |   xi: 0.0000
2026-06-09 19:26:35 | INFO |   eta: -0.0714
2026-06-09 19:26:35 | INFO | Alternating low-rank optimizer diagnostics:
2026-06-09 19:26:35 | INFO |   penalized_objective: 0.361682
2026-06-09 19:26:35 | INFO |   mple_loss_without_penalty: 0.357104
2026-06-09 19:26:35 | INFO |   lambda_uv_ridge: 0.001000
2026-06-09 19:26:35 | INFO |   u_frobenius_norm: 1147.344506
2026-06-09 19:26:35 | INFO |   v_frobenius_norm: 2.828427
2026-06-09 19:26:35 | INFO |   effective_rank: 8.000000
2026-06-09 19:26:35 | INFO | Field and interaction diagnostics:
2026-06-09 19:26:35 | INFO |   estimated_field_max_abs_entry: 33.869998
2026-06-09 19:26:35 | INFO |   estimated_field_rank: 8.000000
2026-06-09 19:26:35 | INFO | Saved summary table to /orcd/home/002/phevosp/MPLE-Causal-Inference/experiments/USCounty/outcome_death_rate_100k_ge_2__intervention_complete_cov_ge_30__lag_2w__distance_kernel_8__start_2020_03_01/cv_runs/xi_zero/candidates/xi_zero_candidate_0013/fold_2/mple_summary.csv
2026-06-09 19:26:35 | INFO | Log saved to /orcd/home/002/phevosp/MPLE-Causal-Inference/experiments/USCounty/outcome_death_rate_100k_ge_2__intervention_complete_cov_ge_30__lag_2w__distance_kernel_8__start_2020_03_01/cv_runs/xi_zero/candidates/xi_zero_candidate_0013/fold_2/mple.log
