2026-04-06 09:09:40 | INFO | Loading data...
2026-04-06 09:09:40 | INFO | Loaded 9 field templates and 1 interaction templates.
2026-04-06 09:09:40 | INFO | Intervention-process model enabled: False
2026-04-06 09:09:40 | INFO | Running conditional-model MPLE on x with shape=(15, 9642)
2026-04-06 09:09:40 | INFO | Eval 0  |  Loss: 0.762257
2026-04-06 09:09:40 | INFO |   field::intercept: +0.0126,  field::total_pop: -0.0132,  field::black_share: +0.0640,  field::hispanic_share: +0.0105,  field::male_1521_share: -0.0536,  field::family_household_share: +0.0362,  field::female_household_share: +0.1304,  field::renter_share: +0.0947,  field::vacant_share: -0.0704,  tau block: mean=-0.0323, std=0.0897, min=-0.2325, max=+0.1366,  beta: +0.0903,  interaction::contiguity: +0.0094,  eta: -0.0743
2026-04-06 09:09:42 | INFO | Eval 100  |  Loss: 0.635911
2026-04-06 09:09:42 | INFO |   field::intercept: +0.3443,  field::total_pop: -1.3170,  field::black_share: -0.1061,  field::hispanic_share: -0.0670,  field::male_1521_share: -0.0429,  field::family_household_share: +0.0277,  field::female_household_share: -0.0390,  field::renter_share: -0.0962,  field::vacant_share: -0.1984,  tau block: mean=-0.0102, std=0.0673, min=-0.1037, max=+0.0952,  beta: +0.0802,  interaction::contiguity: +0.8724,  eta: +0.0824
2026-04-06 09:09:42 | INFO | Done fitting.
2026-04-06 09:09:42 | INFO | Optimizer status: CONVERGENCE: RELATIVE REDUCTION OF F <= FACTR*EPSMCH
2026-04-06 09:09:42 | INFO | Final Loss: 0.635911
2026-04-06 09:09:42 | INFO | Estimated Parameters:
2026-04-06 09:09:42 | INFO |   field::intercept: 0.3451
2026-04-06 09:09:42 | INFO |   field::total_pop: -1.3178
2026-04-06 09:09:42 | INFO |   field::black_share: -0.1054
2026-04-06 09:09:42 | INFO |   field::hispanic_share: -0.0690
2026-04-06 09:09:42 | INFO |   field::male_1521_share: -0.0357
2026-04-06 09:09:42 | INFO |   field::family_household_share: 0.0277
2026-04-06 09:09:42 | INFO |   field::female_household_share: -0.0415
2026-04-06 09:09:42 | INFO |   field::renter_share: -0.0961
2026-04-06 09:09:42 | INFO |   field::vacant_share: -0.2266
2026-04-06 09:09:42 | INFO |   tau::t_0: 0.0702
2026-04-06 09:09:42 | INFO |   tau::t_1: -0.0475
2026-04-06 09:09:42 | INFO |   tau::t_2: -0.0227
2026-04-06 09:09:42 | INFO |   tau::t_3: 0.0805
2026-04-06 09:09:42 | INFO |   tau::t_4: 0.0562
2026-04-06 09:09:42 | INFO |   tau::t_5: 0.0158
2026-04-06 09:09:42 | INFO |   tau::t_6: 0.0011
2026-04-06 09:09:42 | INFO |   tau::t_7: 0.0482
2026-04-06 09:09:42 | INFO |   tau::t_8: -0.0068
2026-04-06 09:09:42 | INFO |   tau::t_9: -0.1017
2026-04-06 09:09:42 | INFO |   tau::t_10: -0.0811
2026-04-06 09:09:42 | INFO |   tau::t_11: -0.0660
2026-04-06 09:09:42 | INFO |   tau::t_12: -0.0904
2026-04-06 09:09:42 | INFO |   tau::t_13: -0.1035
2026-04-06 09:09:42 | INFO |   tau::t_14: 0.0951
2026-04-06 09:09:42 | INFO |   beta: 0.0812
2026-04-06 09:09:42 | INFO |   interaction::contiguity: 0.8783
2026-04-06 09:09:42 | INFO |   eta: 0.0823
2026-04-06 09:09:42 | INFO | Saved summary tables to C:\Users\phevo\Documents\MIT\Code\MPLE-Causal-Inference\experiments\SeattleDMI_outcome_only\any_crime_gt_block_mean_pm1__contiguity\mple_summary.csv and C:\Users\phevo\Documents\MIT\Code\MPLE-Causal-Inference\experiments\SeattleDMI_outcome_only\any_crime_gt_block_mean_pm1__contiguity\mple_summary.md
2026-04-06 09:09:42 | INFO | Log saved to C:\Users\phevo\Documents\MIT\Code\MPLE-Causal-Inference\experiments\SeattleDMI_outcome_only\any_crime_gt_block_mean_pm1__contiguity\mple.log
