2026-04-06 17:40:29 | INFO | Loading data...
2026-04-06 17:40:30 | INFO | Loaded 8 field templates and 1 interaction templates.
2026-04-06 17:40:30 | INFO | Intervention-process model enabled: True
2026-04-06 17:40:30 | INFO | Running conditional-model MPLE on x with shape=(15, 9642)
2026-04-06 17:40:30 | INFO | Eval 0  |  Loss: 0.695519
2026-04-06 17:40:30 | INFO |   field::total_pop: +0.0126,  field::black_share: -0.0132,  field::hispanic_share: +0.0640,  field::male_1521_share: +0.0105,  field::family_household_share: -0.0536,  field::female_household_share: +0.0362,  field::renter_share: +0.1304,  field::vacant_share: +0.0947,  tau block: mean=-0.0394, std=0.0882, min=-0.2325, max=+0.1366,  beta: +0.0352,  interaction::knn_8: +0.0903,  eta: +0.0094,  zeta: -0.0743,  psi: -0.0922
2026-04-06 17:40:33 | INFO | Eval 100  |  Loss: 0.502822
2026-04-06 17:40:33 | INFO |   field::total_pop: +1.1566,  field::black_share: +0.0967,  field::hispanic_share: +0.0545,  field::male_1521_share: +0.0460,  field::family_household_share: -0.0254,  field::female_household_share: +0.0368,  field::renter_share: +0.0910,  field::vacant_share: +0.2122,  tau block: mean=-0.3037, std=0.0626, min=-0.4030, max=-0.2162,  beta: -0.0759,  interaction::knn_8: +0.3624,  eta: +0.0802,  zeta: +0.2283,  psi: +3.4533
2026-04-06 17:40:33 | INFO | Done fitting.
2026-04-06 17:40:33 | INFO | Optimizer status: CONVERGENCE: RELATIVE REDUCTION OF F <= FACTR*EPSMCH
2026-04-06 17:40:33 | INFO | Final Loss: 0.502822
2026-04-06 17:40:33 | INFO | Estimated Parameters:
2026-04-06 17:40:33 | INFO |   field::total_pop: 1.1577
2026-04-06 17:40:33 | INFO |   field::black_share: 0.0968
2026-04-06 17:40:33 | INFO |   field::hispanic_share: 0.0543
2026-04-06 17:40:33 | INFO |   field::male_1521_share: 0.0449
2026-04-06 17:40:33 | INFO |   field::family_household_share: -0.0252
2026-04-06 17:40:33 | INFO |   field::female_household_share: 0.0362
2026-04-06 17:40:33 | INFO |   field::renter_share: 0.0907
2026-04-06 17:40:33 | INFO |   field::vacant_share: 0.2113
2026-04-06 17:40:33 | INFO |   tau::t_0: -0.3767
2026-04-06 17:40:33 | INFO |   tau::t_1: -0.2672
2026-04-06 17:40:33 | INFO |   tau::t_2: -0.2902
2026-04-06 17:40:33 | INFO |   tau::t_3: -0.3864
2026-04-06 17:40:33 | INFO |   tau::t_4: -0.3632
2026-04-06 17:40:33 | INFO |   tau::t_5: -0.3261
2026-04-06 17:40:33 | INFO |   tau::t_6: -0.3122
2026-04-06 17:40:33 | INFO |   tau::t_7: -0.3559
2026-04-06 17:40:33 | INFO |   tau::t_8: -0.3040
2026-04-06 17:40:33 | INFO |   tau::t_9: -0.2166
2026-04-06 17:40:33 | INFO |   tau::t_10: -0.2356
2026-04-06 17:40:33 | INFO |   tau::t_11: -0.2508
2026-04-06 17:40:33 | INFO |   tau::t_12: -0.2270
2026-04-06 17:40:33 | INFO |   tau::t_13: -0.2146
2026-04-06 17:40:33 | INFO |   tau::t_14: -0.4009
2026-04-06 17:40:33 | INFO |   beta: -0.0739
2026-04-06 17:40:33 | INFO |   interaction::knn_8: 0.3630
2026-04-06 17:40:33 | INFO |   eta: 0.0802
2026-04-06 17:40:33 | INFO |   zeta: 0.2286
2026-04-06 17:40:33 | INFO |   psi: 3.4512
2026-04-06 17:40:33 | INFO | Saved summary tables to C:\Users\phevo\Documents\MIT\Code\MPLE-Causal-Inference\experiments\SeattleDMI\static\any_crime_gt_block_mean_pm1__knn_8\mple_summary.csv and C:\Users\phevo\Documents\MIT\Code\MPLE-Causal-Inference\experiments\SeattleDMI\static\any_crime_gt_block_mean_pm1__knn_8\mple_summary.md
2026-04-06 17:40:33 | INFO | Log saved to C:\Users\phevo\Documents\MIT\Code\MPLE-Causal-Inference\experiments\SeattleDMI\static\any_crime_gt_block_mean_pm1__knn_8\mple.log
