2026-04-11 16:46:42 | INFO | Loading data...
2026-04-11 16:46:42 | INFO | Using panel artifact: C:\Users\phevo\Documents\MIT\Code\MPLE-Causal-Inference\experiments\SyntheticExperimentsGrid\generated_z_uniform_n300_t40_xi0p75_20260411_164515\panel_data.npz
2026-04-11 16:46:42 | INFO | Using x_0 artifact: C:\Users\phevo\Documents\MIT\Code\MPLE-Causal-Inference\experiments\SyntheticExperimentsGrid\generated_z_uniform_n300_t40_xi0p75_20260411_164515\x_0.npy
2026-04-11 16:46:42 | INFO | Using z_0 artifact: C:\Users\phevo\Documents\MIT\Code\MPLE-Causal-Inference\experiments\SyntheticExperimentsGrid\generated_z_uniform_n300_t40_xi0p75_20260411_164515\z_0.npy
2026-04-11 16:46:42 | INFO | Loaded field mode: uniform
2026-04-11 16:46:42 | INFO | Using a fixed known graph with scalar xi.
2026-04-11 16:46:42 | INFO | Intervention-process model enabled: True
2026-04-11 16:46:42 | INFO | Eval 0  |  Loss: 0.697043
2026-04-11 16:46:42 | INFO |   beta: -0.1259,  xi: +0.1514,  eta: +0.1346,  zeta: +0.0781,  psi: +0.0264
2026-04-11 16:46:42 | INFO | Done fitting.
2026-04-11 16:46:42 | INFO | Optimizer status: CONVERGENCE: RELATIVE REDUCTION OF F <= FACTR*EPSMCH
2026-04-11 16:46:42 | INFO | Final Loss: 0.606362
2026-04-11 16:46:42 | INFO | Estimated vs True Parameters:
2026-04-11 16:46:42 | INFO |   beta: 0.3468 (True: 0.3500) | SQE: 0.000011
2026-04-11 16:46:42 | INFO |   xi: 0.6997 (True: 0.7500) | SQE: 0.002525
2026-04-11 16:46:42 | INFO |   eta: 0.0833 (True: 0.0800) | SQE: 0.000011
2026-04-11 16:46:42 | INFO |   zeta: -0.2559 (True: -0.2500) | SQE: 0.000034
2026-04-11 16:46:42 | INFO |   psi: 0.2080 (True: 0.2000) | SQE: 0.000063
2026-04-11 16:46:42 | INFO | Field and interaction diagnostics:
2026-04-11 16:46:42 | INFO |   field_rmse: 0.269211
2026-04-11 16:46:42 | INFO |   static_field_rmse: 0.000000
2026-04-11 16:46:42 | INFO |   interaction_fro_error: 0.125208
2026-04-11 16:46:42 | INFO |   tau_rmse: 0.269211
2026-04-11 16:46:42 | INFO | Saved summary tables to C:\Users\phevo\Documents\MIT\Code\MPLE-Causal-Inference\experiments\SyntheticExperimentsGrid\generated_z_uniform_n300_t40_xi0p75_20260411_164515\mple_summary.csv and C:\Users\phevo\Documents\MIT\Code\MPLE-Causal-Inference\experiments\SyntheticExperimentsGrid\generated_z_uniform_n300_t40_xi0p75_20260411_164515\mple_summary.md
2026-04-11 16:46:42 | INFO | Log saved to C:\Users\phevo\Documents\MIT\Code\MPLE-Causal-Inference\experiments\SyntheticExperimentsGrid\generated_z_uniform_n300_t40_xi0p75_20260411_164515\mple.log
2026-04-11 16:56:02 | INFO | Loading data...
2026-04-11 16:56:02 | INFO | Using panel artifact: C:\Users\phevo\Documents\MIT\Code\MPLE-Causal-Inference\experiments\SyntheticExperimentsGrid\generated_z_uniform_n300_t40_xi0p75_20260411_164515\panel_data.npz
2026-04-11 16:56:02 | INFO | Using x_0 artifact: C:\Users\phevo\Documents\MIT\Code\MPLE-Causal-Inference\experiments\SyntheticExperimentsGrid\generated_z_uniform_n300_t40_xi0p75_20260411_164515\x_0.npy
2026-04-11 16:56:02 | INFO | Using z_0 artifact: C:\Users\phevo\Documents\MIT\Code\MPLE-Causal-Inference\experiments\SyntheticExperimentsGrid\generated_z_uniform_n300_t40_xi0p75_20260411_164515\z_0.npy
2026-04-11 16:56:02 | INFO | Loaded field mode: uniform
2026-04-11 16:56:02 | INFO | Using a fixed known graph with scalar xi.
2026-04-11 16:56:02 | INFO | Intervention-process model enabled: True
2026-04-11 16:56:02 | INFO | Eval 0  |  Loss: 0.715853
2026-04-11 16:56:02 | INFO |   beta: -0.1259,  xi: +0.1514,  eta: +0.1346,  zeta: +0.0781,  psi: +0.0264
2026-04-11 16:56:02 | INFO | Done fitting.
2026-04-11 16:56:02 | INFO | Optimizer status: CONVERGENCE: RELATIVE REDUCTION OF F <= FACTR*EPSMCH
2026-04-11 16:56:02 | INFO | Final Loss: 0.606362
2026-04-11 16:56:02 | INFO | Estimated vs True Parameters:
2026-04-11 16:56:02 | INFO |   beta: 0.3468 (True: 0.3500) | SQE: 0.000011
2026-04-11 16:56:02 | INFO |   xi: 0.6996 (True: 0.7500) | SQE: 0.002538
2026-04-11 16:56:02 | INFO |   eta: 0.0833 (True: 0.0800) | SQE: 0.000011
2026-04-11 16:56:02 | INFO |   zeta: -0.2558 (True: -0.2500) | SQE: 0.000034
2026-04-11 16:56:02 | INFO |   psi: 0.2079 (True: 0.2000) | SQE: 0.000062
2026-04-11 16:56:02 | INFO | Field and interaction diagnostics:
2026-04-11 16:56:02 | INFO |   field_rmse: 0.052439
2026-04-11 16:56:02 | INFO |   static_field_rmse: 0.000000
2026-04-11 16:56:02 | INFO |   interaction_fro_error: 0.125521
2026-04-11 16:56:02 | INFO |   tau_rmse: 0.052439
2026-04-11 16:56:02 | INFO | Saved summary tables to C:\Users\phevo\Documents\MIT\Code\MPLE-Causal-Inference\experiments\SyntheticExperimentsGrid\generated_z_uniform_n300_t40_xi0p75_20260411_164515\mple_summary.csv and C:\Users\phevo\Documents\MIT\Code\MPLE-Causal-Inference\experiments\SyntheticExperimentsGrid\generated_z_uniform_n300_t40_xi0p75_20260411_164515\mple_summary.md
2026-04-11 16:56:02 | INFO | Log saved to C:\Users\phevo\Documents\MIT\Code\MPLE-Causal-Inference\experiments\SyntheticExperimentsGrid\generated_z_uniform_n300_t40_xi0p75_20260411_164515\mple.log
