2026-05-01 08:34:18 | INFO | Loading data...
2026-05-01 08:34:18 | INFO | Using panel artifact: /orcd/home/002/phevosp/MPLE-Causal-Inference/experiments/SyntheticHybridExperiments/spectral_low_rank/panel_data.npz
2026-05-01 08:34:18 | INFO | Using x_0 artifact: /orcd/home/002/phevosp/MPLE-Causal-Inference/experiments/SyntheticHybridExperiments/spectral_low_rank/x_0.npy
2026-05-01 08:34:18 | INFO | Using fit config: /orcd/home/002/phevosp/MPLE-Causal-Inference/experiments/SyntheticHybridExperiments/spectral_low_rank/cv_runs/alternating_uv_grid/candidates/alternating_uv_grid_candidate_0003/fold_10/fit_realized_config.yaml
2026-05-01 08:34:18 | INFO | Using model artifact directory: /orcd/home/002/phevosp/MPLE-Causal-Inference/experiments/SyntheticHybridExperiments/spectral_low_rank
2026-05-01 08:34:18 | INFO | Using truth artifact directory: /orcd/home/002/phevosp/MPLE-Causal-Inference/experiments/SyntheticHybridExperiments/spectral_low_rank
2026-05-01 08:34:18 | INFO | Using loss mask artifact: /orcd/home/002/phevosp/MPLE-Causal-Inference/experiments/SyntheticHybridExperiments/spectral_low_rank/cv_runs/alternating_uv_grid/candidates/alternating_uv_grid_candidate_0003/fold_10/loss_mask.npy
2026-05-01 08:34:18 | INFO | Configured optimizer mode: alternating_latent_rank
2026-05-01 08:34:18 | INFO | Configured latent rank: 3
2026-05-01 08:34:18 | INFO | Using a fixed known graph with scalar xi.
2026-05-01 08:34:18 | INFO | Fit-time hard bounds active: False
2026-05-01 08:34:18 | INFO | Fixed scalar parameters: {}
2026-05-01 08:34:18 | INFO | Warm-start fixed scalars: {} for 0 steps
2026-05-01 08:34:18 | INFO | Beta mask before s: False with s=0
2026-05-01 08:34:18 | INFO | Beta mask after e: False with e=11
2026-05-01 08:34:18 | INFO | Alternating V-column L2-ball constraint active with radius 1.0
2026-05-01 08:34:18 | INFO | Optimizer settings: steps=2000, tol=1e-07, n_starts=1, seed=0, lambda_nuclear=0.0, lambda_frobenius=0.0, lambda_uv_ridge=0.01, v_column_l2_max=1.0, proximal_lr=1.0
2026-05-01 08:34:18 | INFO | Alternating low-rank start 1/1 | seed=0 | initial_loss=0.832763 | initial_penalized=0.832778
2026-05-01 08:34:18 | INFO | Alternating low-rank iter 0 | Loss: 0.652689 | Penalized: 0.654883
2026-05-01 08:34:19 | INFO | Alternating low-rank iter 100 | Loss: 0.315640 | Penalized: 0.371462
2026-05-01 08:34:20 | INFO | Alternating low-rank iter 200 | Loss: 0.305115 | Penalized: 0.362434
2026-05-01 08:34:20 | INFO | Alternating low-rank iter 300 | Loss: 0.301315 | Penalized: 0.358928
2026-05-01 08:34:21 | INFO | Alternating low-rank iter 400 | Loss: 0.298788 | Penalized: 0.357134
2026-05-01 08:34:22 | INFO | Alternating low-rank iter 500 | Loss: 0.298477 | Penalized: 0.356798
2026-05-01 08:34:23 | INFO | Alternating low-rank iter 600 | Loss: 0.298322 | Penalized: 0.356599
2026-05-01 08:34:24 | INFO | Alternating low-rank iter 700 | Loss: 0.298118 | Penalized: 0.356415
2026-05-01 08:34:24 | INFO | Alternating low-rank iter 800 | Loss: 0.297948 | Penalized: 0.356270
2026-05-01 08:34:25 | INFO | Alternating low-rank iter 900 | Loss: 0.297850 | Penalized: 0.356170
2026-05-01 08:34:26 | INFO | Alternating low-rank iter 1000 | Loss: 0.297777 | Penalized: 0.356092
2026-05-01 08:34:27 | INFO | Alternating low-rank iter 1100 | Loss: 0.297713 | Penalized: 0.356026
2026-05-01 08:34:28 | INFO | Alternating low-rank iter 1200 | Loss: 0.297655 | Penalized: 0.355967
2026-05-01 08:34:29 | INFO | Alternating low-rank iter 1300 | Loss: 0.297601 | Penalized: 0.355914
2026-05-01 08:34:29 | INFO | Alternating low-rank iter 1400 | Loss: 0.297552 | Penalized: 0.355867
2026-05-01 08:34:30 | INFO | Alternating low-rank iter 1500 | Loss: 0.297506 | Penalized: 0.355823
2026-05-01 08:34:31 | INFO | Alternating low-rank iter 1600 | Loss: 0.297463 | Penalized: 0.355783
2026-05-01 08:34:32 | INFO | Alternating low-rank iter 1700 | Loss: 0.297424 | Penalized: 0.355747
2026-05-01 08:34:33 | INFO | Alternating low-rank iter 1800 | Loss: 0.297387 | Penalized: 0.355713
2026-05-01 08:34:34 | INFO | Alternating low-rank iter 1900 | Loss: 0.297353 | Penalized: 0.355683
2026-05-01 08:34:34 | INFO | Done fitting.
2026-05-01 08:34:34 | INFO | Optimizer status: STOP: TOTAL NO. OF ITERATIONS REACHED LIMIT
2026-05-01 08:34:34 | INFO | Best optimizer start: 1 / 1
2026-05-01 08:34:34 | INFO | Final Loss: 0.297322
2026-05-01 08:34:34 | INFO | Estimated vs True Parameters:
2026-05-01 08:34:34 | INFO |   beta: -0.4597 (True: -0.3000) | SQE: 0.025519
2026-05-01 08:34:34 | INFO |   xi: 0.3956 (True: 0.8000) | SQE: 0.163535
2026-05-01 08:34:34 | INFO |   eta: 0.3693 (True: 0.3000) | SQE: 0.004808
2026-05-01 08:34:34 | INFO | Alternating low-rank optimizer diagnostics:
2026-05-01 08:34:34 | INFO |   penalized_objective: 0.355655
2026-05-01 08:34:34 | INFO |   mple_loss_without_penalty: 0.297322
2026-05-01 08:34:34 | INFO |   lambda_uv_ridge: 0.010000
2026-05-01 08:34:34 | INFO |   u_frobenius_norm: 131.568209
2026-05-01 08:34:34 | INFO |   v_frobenius_norm: 1.732051
2026-05-01 08:34:34 | INFO |   effective_rank: 3.000000
2026-05-01 08:34:34 | INFO | Field and interaction diagnostics:
2026-05-01 08:34:34 | INFO |   field_rmse: 0.881675
2026-05-01 08:34:34 | INFO |   interaction_fro_error: 1.068888
2026-05-01 08:34:34 | INFO |   estimated_field_max_abs_entry: 4.197253
2026-05-01 08:34:34 | INFO |   estimated_field_rank: 3.000000
2026-05-01 08:34:34 | INFO |   true_field_max_abs_entry: 2.857994
2026-05-01 08:34:34 | INFO |   true_field_rank: 3.000000
2026-05-01 08:34:34 | INFO | Saved summary table to /orcd/home/002/phevosp/MPLE-Causal-Inference/experiments/SyntheticHybridExperiments/spectral_low_rank/cv_runs/alternating_uv_grid/candidates/alternating_uv_grid_candidate_0003/fold_10/mple_summary.csv
2026-05-01 08:34:34 | INFO | Log saved to /orcd/home/002/phevosp/MPLE-Causal-Inference/experiments/SyntheticHybridExperiments/spectral_low_rank/cv_runs/alternating_uv_grid/candidates/alternating_uv_grid_candidate_0003/fold_10/mple.log
