2026-04-12 13:23:29 | INFO | Loading data...
2026-04-12 13:23:29 | INFO | Using panel artifact: C:\Users\phevo\Documents\MIT\Code\MPLE-Causal-Inference\experiments\SyntheticHybridExperiments\hybrid_uscounty_intervention_generated_graph_rank_40\panel_data.npz
2026-04-12 13:23:29 | INFO | Using x_0 artifact: C:\Users\phevo\Documents\MIT\Code\MPLE-Causal-Inference\experiments\SyntheticHybridExperiments\hybrid_uscounty_intervention_generated_graph_rank_40\x_0.npy
2026-04-12 13:23:29 | INFO | Using z_0 artifact: C:\Users\phevo\Documents\MIT\Code\MPLE-Causal-Inference\experiments\SyntheticHybridExperiments\hybrid_uscounty_intervention_generated_graph_rank_40\z_0.npy
2026-04-12 13:23:29 | INFO | Using fit config: C:\Users\phevo\Documents\MIT\Code\MPLE-Causal-Inference\experiments\SyntheticHybridExperiments\hybrid_uscounty_intervention_generated_graph_rank_40\fits\rank_40_b6_fixed_xi\fit_realized_config.yaml
2026-04-12 13:23:29 | INFO | Using model artifact directory: C:\Users\phevo\Documents\MIT\Code\MPLE-Causal-Inference\experiments\SyntheticHybridExperiments\hybrid_uscounty_intervention_generated_graph_rank_40
2026-04-12 13:23:29 | INFO | Using truth artifact directory: C:\Users\phevo\Documents\MIT\Code\MPLE-Causal-Inference\experiments\SyntheticHybridExperiments\hybrid_uscounty_intervention_generated_graph_rank_40
2026-04-12 13:23:29 | INFO | Configured latent rank: 40
2026-04-12 13:23:29 | INFO | Using a fixed known graph with scalar xi.
2026-04-12 13:23:29 | INFO | Intervention-process model enabled: True
2026-04-12 13:23:29 | INFO | Global temperature bound B active: True
2026-04-12 13:23:29 | INFO | Effective xi bound from interaction constraint: 6.000000
2026-04-12 13:23:29 | INFO | Beta mask pre-intervention enabled: False
2026-04-12 13:23:29 | INFO | Beta mask rescale enabled: False
2026-04-12 13:23:29 | INFO | Fixed scalar parameters: {'xi': 0.0}
2026-04-12 13:23:29 | INFO | Eval 0  |  Loss: 0.835163
2026-04-12 13:23:29 | INFO |   beta: +0.0793,  eta: -0.2085,  zeta: +0.0135,  psi: -0.2117
2026-04-12 13:23:41 | INFO | Eval 100  |  Loss: 0.244223
2026-04-12 13:23:41 | INFO |   beta: +0.6572,  eta: +0.5508,  zeta: +0.2094,  psi: +1.9949
2026-04-12 13:23:53 | INFO | Eval 200  |  Loss: 0.244137
2026-04-12 13:23:53 | INFO |   beta: +0.6761,  eta: +0.5510,  zeta: +0.1071,  psi: +2.0246
2026-04-12 13:23:54 | INFO | Done fitting.
2026-04-12 13:23:54 | INFO | Optimizer status: CONVERGENCE: RELATIVE REDUCTION OF F <= FACTR*EPSMCH
2026-04-12 13:23:54 | INFO | Final Loss: 0.244137
2026-04-12 13:23:54 | INFO | Estimated vs True Parameters:
2026-04-12 13:23:54 | INFO |   beta: 0.6761 (True: 0.3500) | SQE: 0.106309
2026-04-12 13:23:54 | INFO |   xi: 0.0000 (True: 0.7500) | SQE: 0.562500
2026-04-12 13:23:54 | INFO |   eta: 0.5510 (True: 0.4800) | SQE: 0.005042
2026-04-12 13:23:54 | INFO |   zeta: 0.1071 (True: -0.5500) | SQE: 0.431829
2026-04-12 13:23:54 | INFO |   psi: 2.0246 (True: 0.8000) | SQE: 1.499617
2026-04-12 13:23:54 | INFO | Field and interaction diagnostics:
2026-04-12 13:23:54 | INFO |   field_rmse: 0.002166
2026-04-12 13:23:54 | INFO |   interaction_fro_error: 2.564470
2026-04-12 13:23:54 | INFO |   estimated_field_inf_norm: 6.000000
2026-04-12 13:23:54 | INFO |   estimated_field_rank: 40.000000
2026-04-12 13:23:54 | INFO |   bound_B: 6.000000
2026-04-12 13:23:54 | INFO |   true_field_inf_norm: 5.000000
2026-04-12 13:23:54 | INFO |   true_field_rank: 40.000000
2026-04-12 13:23:54 | INFO | Saved summary tables to C:\Users\phevo\Documents\MIT\Code\MPLE-Causal-Inference\experiments\SyntheticHybridExperiments\hybrid_uscounty_intervention_generated_graph_rank_40\fits\rank_40_b6_fixed_xi\mple_summary.csv and C:\Users\phevo\Documents\MIT\Code\MPLE-Causal-Inference\experiments\SyntheticHybridExperiments\hybrid_uscounty_intervention_generated_graph_rank_40\fits\rank_40_b6_fixed_xi\mple_summary.md
2026-04-12 13:23:54 | INFO | Log saved to C:\Users\phevo\Documents\MIT\Code\MPLE-Causal-Inference\experiments\SyntheticHybridExperiments\hybrid_uscounty_intervention_generated_graph_rank_40\fits\rank_40_b6_fixed_xi\mple.log
