2026-05-02 12:49:41 | INFO | Loading data...
2026-05-02 12:49:41 | INFO | Using panel artifact: /orcd/home/002/phevosp/MPLE-Causal-Inference/experiments/Synthetic/confounding_weak/panel_data.npz
2026-05-02 12:49:41 | INFO | Using x_0 artifact: /orcd/home/002/phevosp/MPLE-Causal-Inference/experiments/Synthetic/confounding_weak/x_0.npy
2026-05-02 12:49:41 | INFO | Using fit config: /orcd/home/002/phevosp/MPLE-Causal-Inference/experiments/Synthetic/confounding_weak/fits/alternating_rank_3_uv_1_e2/fit_realized_config.yaml
2026-05-02 12:49:41 | INFO | Using model artifact directory: /orcd/home/002/phevosp/MPLE-Causal-Inference/experiments/Synthetic/confounding_weak
2026-05-02 12:49:41 | INFO | Using truth artifact directory: /orcd/home/002/phevosp/MPLE-Causal-Inference/experiments/Synthetic/confounding_weak
2026-05-02 12:49:41 | INFO | Configured optimizer mode: alternating_latent_rank
2026-05-02 12:49:41 | INFO | Configured latent rank: 3
2026-05-02 12:49:41 | INFO | Using a fixed known graph with scalar xi.
2026-05-02 12:49:41 | INFO | Fit-time hard bounds active: False
2026-05-02 12:49:41 | INFO | Fixed scalar parameters: {}
2026-05-02 12:49:41 | INFO | Warm-start fixed scalars: {} for 0 steps
2026-05-02 12:49:41 | INFO | Beta mask before s: False with s=0
2026-05-02 12:49:41 | INFO | Beta mask after e: False with e=11
2026-05-02 12:49:41 | INFO | Alternating V-column L2-ball constraint active with radius 1.0
2026-05-02 12:49:41 | INFO | Optimizer settings: steps=20000, tol=1e-09, n_starts=1, seed=0, lambda_nuclear=0.0, lambda_frobenius=0.0, lambda_uv_ridge=0.01, v_column_l2_max=1.0, proximal_lr=1.0
2026-05-02 12:49:41 | INFO | Alternating low-rank start 1/1 | seed=0 | initial_loss=0.827187 | initial_penalized=0.827189
2026-05-02 12:49:41 | INFO | Alternating low-rank iter 0 | Loss: 0.567595 | Penalized: 0.568734
2026-05-02 12:49:42 | INFO | Alternating low-rank iter 100 | Loss: 0.534888 | Penalized: 0.539815
2026-05-02 12:49:43 | INFO | Alternating low-rank iter 200 | Loss: 0.534609 | Penalized: 0.539551
2026-05-02 12:49:44 | INFO | Alternating low-rank iter 300 | Loss: 0.534587 | Penalized: 0.539536
2026-05-02 12:49:44 | INFO | Alternating low-rank iter 400 | Loss: 0.534579 | Penalized: 0.539532
2026-05-02 12:49:45 | INFO | Alternating low-rank iter 500 | Loss: 0.534574 | Penalized: 0.539530
2026-05-02 12:49:46 | INFO | Alternating low-rank iter 600 | Loss: 0.534570 | Penalized: 0.539528
2026-05-02 12:49:47 | INFO | Alternating low-rank iter 700 | Loss: 0.534568 | Penalized: 0.539527
2026-05-02 12:49:48 | INFO | Alternating low-rank iter 800 | Loss: 0.534566 | Penalized: 0.539526
2026-05-02 12:49:49 | INFO | Alternating low-rank iter 900 | Loss: 0.534565 | Penalized: 0.539525
2026-05-02 12:49:50 | INFO | Alternating low-rank iter 1000 | Loss: 0.534565 | Penalized: 0.539525
2026-05-02 12:49:51 | INFO | Alternating low-rank iter 1100 | Loss: 0.534565 | Penalized: 0.539524
2026-05-02 12:49:52 | INFO | Alternating low-rank iter 1200 | Loss: 0.534564 | Penalized: 0.539523
2026-05-02 12:49:53 | INFO | Alternating low-rank iter 1300 | Loss: 0.534562 | Penalized: 0.539522
2026-05-02 12:49:53 | INFO | Alternating low-rank iter 1400 | Loss: 0.534545 | Penalized: 0.539513
2026-05-02 12:49:54 | INFO | Alternating low-rank iter 1500 | Loss: 0.534415 | Penalized: 0.539460
2026-05-02 12:49:55 | INFO | Alternating low-rank iter 1600 | Loss: 0.534360 | Penalized: 0.539452
2026-05-02 12:49:56 | INFO | Done fitting.
2026-05-02 12:49:56 | INFO | Optimizer status: CONVERGED: alternating objective tolerance reached
2026-05-02 12:49:56 | INFO | Best optimizer start: 1 / 1
2026-05-02 12:49:56 | INFO | Final Loss: 0.534358
2026-05-02 12:49:56 | INFO | Estimated vs True Parameters:
2026-05-02 12:49:56 | INFO |   beta: -0.3153 (True: -0.3000) | SQE: 0.000234
2026-05-02 12:49:56 | INFO |   xi: 0.8220 (True: 0.8000) | SQE: 0.000485
2026-05-02 12:49:56 | INFO |   eta: 0.3049 (True: 0.3000) | SQE: 0.000024
2026-05-02 12:49:56 | INFO | Alternating low-rank optimizer diagnostics:
2026-05-02 12:49:56 | INFO |   penalized_objective: 0.539452
2026-05-02 12:49:56 | INFO |   mple_loss_without_penalty: 0.534358
2026-05-02 12:49:56 | INFO |   lambda_uv_ridge: 0.010000
2026-05-02 12:49:56 | INFO |   u_frobenius_norm: 112.834978
2026-05-02 12:49:56 | INFO |   v_frobenius_norm: 1.732051
2026-05-02 12:49:56 | INFO |   effective_rank: 3.000000
2026-05-02 12:49:56 | INFO | Field and interaction diagnostics:
2026-05-02 12:49:56 | INFO |   field_rmse: 0.591509
2026-05-02 12:49:56 | INFO |   interaction_fro_error: 0.078001
2026-05-02 12:49:56 | INFO |   estimated_field_max_abs_entry: 11.571380
2026-05-02 12:49:56 | INFO |   estimated_field_rank: 3.000000
2026-05-02 12:49:56 | INFO |   true_field_max_abs_entry: 2.973509
2026-05-02 12:49:56 | INFO |   true_field_rank: 3.000000
2026-05-02 12:49:56 | INFO | Saved summary table to /orcd/home/002/phevosp/MPLE-Causal-Inference/experiments/Synthetic/confounding_weak/fits/alternating_rank_3_uv_1_e2/mple_summary.csv
2026-05-02 12:49:56 | INFO | Log saved to /orcd/home/002/phevosp/MPLE-Causal-Inference/experiments/Synthetic/confounding_weak/fits/alternating_rank_3_uv_1_e2/mple.log
