2026-07-26 05:55:16 | INFO | Loading data...
2026-07-26 05:55:16 | INFO | Using panel artifact: /orcd/home/002/phevosp/MPLE-Causal-Inference/experiments/Synthetic/confounding_strong/panel_data.npz
2026-07-26 05:55:16 | INFO | Using x_0 artifact: /orcd/home/002/phevosp/MPLE-Causal-Inference/experiments/Synthetic/confounding_strong/x_0.npy
2026-07-26 05:55:16 | INFO | Using fit config: /orcd/home/002/phevosp/MPLE-Causal-Inference/experiments/Synthetic/confounding_strong/cv_runs_baselines/treatment_shared_unit/candidates/treatment_shared_unit_candidate_0009/fold_4/fit_realized_config.yaml
2026-07-26 05:55:16 | INFO | Using model artifact directory: /orcd/home/002/phevosp/MPLE-Causal-Inference/experiments/Synthetic/confounding_strong
2026-07-26 05:55:16 | INFO | Using truth artifact directory: /orcd/home/002/phevosp/MPLE-Causal-Inference/experiments/Synthetic/confounding_strong
2026-07-26 05:55:16 | INFO | Using loss mask artifact: /orcd/home/002/phevosp/MPLE-Causal-Inference/experiments/Synthetic/confounding_strong/cv_runs_baselines/treatment_shared_unit/candidates/treatment_shared_unit_candidate_0009/fold_4/loss_mask.npy
2026-07-26 05:55:16 | INFO | Configured optimizer mode: alternating_treatment_shared_unit_latent_rank
2026-07-26 05:55:16 | INFO | Configured latent rank: 3
2026-07-26 05:55:16 | INFO | Using a fixed known graph with scalar xi.
2026-07-26 05:55:16 | INFO | Fit-time hard bounds active: False
2026-07-26 05:55:16 | INFO | Fixed scalar parameters: {'beta': 0.0, 'xi': 0.0, 'eta': 0.0}
2026-07-26 05:55:16 | INFO | Warm-start fixed scalars: {} for 0 steps
2026-07-26 05:55:16 | INFO | Beta-gradient mask before s: False with s=0
2026-07-26 05:55:16 | INFO | Beta-gradient mask after e: False with e=11
2026-07-26 05:55:16 | INFO | Alternating V-column L2-ball constraint active with radius 1.0
2026-07-26 05:55:16 | INFO | Optimizer settings: steps=2000, tol=1e-07, n_starts=1, seed=0, lambda_nuclear=0.0, lambda_frobenius=0.0, lambda_uv_ridge=0.01, v_column_l2_max=1.0, proximal_lr=1.0
2026-07-26 05:55:16 | INFO | Treatment-shared-unit alternating low-rank start 1/1 | seed=0 | initial_loss=0.693239 | initial_penalized=0.693243
2026-07-26 05:55:16 | INFO | Treatment-shared-unit alternating low-rank iter 0 | Loss: 0.682471 | Penalized: 0.682506
2026-07-26 05:55:19 | INFO | Treatment-shared-unit alternating low-rank iter 100 | Loss: 0.512386 | Penalized: 0.530846
2026-07-26 05:55:21 | INFO | Treatment-shared-unit alternating low-rank iter 200 | Loss: 0.512380 | Penalized: 0.530832
2026-07-26 05:55:22 | INFO | Treatment-shared-unit alternating low-rank iter 300 | Loss: 0.512379 | Penalized: 0.530828
2026-07-26 05:55:24 | INFO | Treatment-shared-unit alternating low-rank iter 400 | Loss: 0.512379 | Penalized: 0.530826
2026-07-26 05:55:26 | INFO | Treatment-shared-unit alternating low-rank iter 500 | Loss: 0.512379 | Penalized: 0.530824
2026-07-26 05:55:28 | INFO | Treatment-shared-unit alternating low-rank iter 600 | Loss: 0.512378 | Penalized: 0.530823
2026-07-26 05:55:29 | INFO | Treatment-shared-unit alternating low-rank iter 700 | Loss: 0.512378 | Penalized: 0.530822
2026-07-26 05:55:31 | INFO | Treatment-shared-unit alternating low-rank iter 800 | Loss: 0.512378 | Penalized: 0.530821
2026-07-26 05:55:33 | INFO | Treatment-shared-unit alternating low-rank iter 900 | Loss: 0.512378 | Penalized: 0.530821
2026-07-26 05:55:35 | INFO | Treatment-shared-unit alternating low-rank iter 1000 | Loss: 0.512377 | Penalized: 0.530820
2026-07-26 05:55:36 | INFO | Treatment-shared-unit alternating low-rank iter 1100 | Loss: 0.512377 | Penalized: 0.530820
2026-07-26 05:55:38 | INFO | Treatment-shared-unit alternating low-rank iter 1200 | Loss: 0.512377 | Penalized: 0.530820
2026-07-26 05:55:40 | INFO | Treatment-shared-unit alternating low-rank iter 1300 | Loss: 0.512377 | Penalized: 0.530820
2026-07-26 05:55:41 | INFO | Treatment-shared-unit alternating low-rank iter 1400 | Loss: 0.512377 | Penalized: 0.530819
2026-07-26 05:55:43 | INFO | Treatment-shared-unit alternating low-rank iter 1500 | Loss: 0.512377 | Penalized: 0.530819
2026-07-26 05:55:45 | INFO | Treatment-shared-unit alternating low-rank iter 1600 | Loss: 0.512377 | Penalized: 0.530819
2026-07-26 05:55:47 | INFO | Treatment-shared-unit alternating low-rank iter 1700 | Loss: 0.512377 | Penalized: 0.530819
2026-07-26 05:55:48 | INFO | Treatment-shared-unit alternating low-rank iter 1800 | Loss: 0.512377 | Penalized: 0.530819
2026-07-26 05:55:50 | INFO | Treatment-shared-unit alternating low-rank iter 1900 | Loss: 0.512377 | Penalized: 0.530819
2026-07-26 05:55:52 | INFO | Done fitting.
2026-07-26 05:55:52 | INFO | Optimizer status: STOP: TOTAL NO. OF OUTER ITERATIONS REACHED LIMIT
2026-07-26 05:55:52 | INFO | Best optimizer start: 1 / 1
2026-07-26 05:55:52 | INFO | Final Loss: 0.512387
2026-07-26 05:55:52 | INFO | Estimated vs True Parameters:
2026-07-26 05:55:52 | INFO |   beta: 0.0000 (True: -0.3000) | SQE: 0.090000
2026-07-26 05:55:52 | INFO |   xi: 0.0000 (True: 0.8000) | SQE: 0.640000
2026-07-26 05:55:52 | INFO |   eta: 0.0000 (True: 0.3000) | SQE: 0.090000
2026-07-26 05:55:52 | INFO | Treatment-shared-unit alternating low-rank optimizer diagnostics:
2026-07-26 05:55:52 | INFO |   penalized_objective: 0.530828
2026-07-26 05:55:52 | INFO |   mple_loss_without_penalty: 0.512387
2026-07-26 05:55:52 | INFO |   lambda_uv_ridge: 0.010000
2026-07-26 05:55:52 | INFO |   u_frobenius_norm: 1.732051
2026-07-26 05:55:52 | INFO |   v_frobenius_norm: 166.464301
2026-07-26 05:55:52 | INFO |   effective_rank: 50.000000
2026-07-26 05:55:52 | INFO | Field and interaction diagnostics:
2026-07-26 05:55:52 | INFO |   field_rmse: 0.622337
2026-07-26 05:55:52 | INFO |   interaction_fro_error: 2.834194
2026-07-26 05:55:52 | INFO |   estimated_field_max_abs_entry: 3.617982
2026-07-26 05:55:52 | INFO |   estimated_field_rank: 50.000000
2026-07-26 05:55:52 | INFO |   true_field_max_abs_entry: 4.447602
2026-07-26 05:55:52 | INFO |   true_field_rank: 3.000000
2026-07-26 05:55:52 | INFO | Saved summary table to /orcd/home/002/phevosp/MPLE-Causal-Inference/experiments/Synthetic/confounding_strong/cv_runs_baselines/treatment_shared_unit/candidates/treatment_shared_unit_candidate_0009/fold_4/mple_summary.csv
2026-07-26 05:55:52 | INFO | Log saved to /orcd/home/002/phevosp/MPLE-Causal-Inference/experiments/Synthetic/confounding_strong/cv_runs_baselines/treatment_shared_unit/candidates/treatment_shared_unit_candidate_0009/fold_4/mple.log
