2026-07-26 05:59:04 | INFO | Loading data...
2026-07-26 05:59:04 | INFO | Using panel artifact: /orcd/home/002/phevosp/MPLE-Causal-Inference/experiments/SyntheticNoInterference/synth_no_interference/panel_data.npz
2026-07-26 05:59:04 | INFO | Using x_0 artifact: /orcd/home/002/phevosp/MPLE-Causal-Inference/experiments/SyntheticNoInterference/synth_no_interference/x_0.npy
2026-07-26 05:59:04 | INFO | Using fit config: /orcd/home/002/phevosp/MPLE-Causal-Inference/experiments/SyntheticNoInterference/synth_no_interference/cv_runs_baselines/treatment_shared_unit/candidates/treatment_shared_unit_candidate_0010/fold_3/fit_realized_config.yaml
2026-07-26 05:59:04 | INFO | Using model artifact directory: /orcd/home/002/phevosp/MPLE-Causal-Inference/experiments/SyntheticNoInterference/synth_no_interference
2026-07-26 05:59:04 | INFO | Using truth artifact directory: /orcd/home/002/phevosp/MPLE-Causal-Inference/experiments/SyntheticNoInterference/synth_no_interference
2026-07-26 05:59:04 | INFO | Using loss mask artifact: /orcd/home/002/phevosp/MPLE-Causal-Inference/experiments/SyntheticNoInterference/synth_no_interference/cv_runs_baselines/treatment_shared_unit/candidates/treatment_shared_unit_candidate_0010/fold_3/loss_mask.npy
2026-07-26 05:59:04 | INFO | Configured optimizer mode: alternating_treatment_shared_unit_latent_rank
2026-07-26 05:59:04 | INFO | Configured latent rank: 3
2026-07-26 05:59:04 | INFO | Using a fixed known graph with scalar xi.
2026-07-26 05:59:04 | INFO | Fit-time hard bounds active: False
2026-07-26 05:59:04 | INFO | Fixed scalar parameters: {'beta': 0.0, 'xi': 0.0, 'eta': 0.0}
2026-07-26 05:59:04 | INFO | Warm-start fixed scalars: {} for 0 steps
2026-07-26 05:59:04 | INFO | Beta-gradient mask before s: False with s=0
2026-07-26 05:59:04 | INFO | Beta-gradient mask after e: False with e=11
2026-07-26 05:59:04 | INFO | Alternating V-column L2-ball constraint active with radius 1.0
2026-07-26 05:59:04 | INFO | Optimizer settings: steps=2000, tol=1e-07, n_starts=1, seed=0, lambda_nuclear=0.0, lambda_frobenius=0.0, lambda_uv_ridge=0.05, v_column_l2_max=1.0, proximal_lr=1.0
2026-07-26 05:59:04 | INFO | Treatment-shared-unit alternating low-rank start 1/1 | seed=0 | initial_loss=0.693208 | initial_penalized=0.693228
2026-07-26 05:59:04 | INFO | Treatment-shared-unit alternating low-rank iter 0 | Loss: 0.681973 | Penalized: 0.682151
2026-07-26 05:59:06 | INFO | Treatment-shared-unit alternating low-rank iter 100 | Loss: 0.535861 | Penalized: 0.571061
2026-07-26 05:59:08 | INFO | Treatment-shared-unit alternating low-rank iter 200 | Loss: 0.535897 | Penalized: 0.571035
2026-07-26 05:59:10 | INFO | Treatment-shared-unit alternating low-rank iter 300 | Loss: 0.535883 | Penalized: 0.570993
2026-07-26 05:59:11 | INFO | Treatment-shared-unit alternating low-rank iter 400 | Loss: 0.535874 | Penalized: 0.570972
2026-07-26 05:59:13 | INFO | Treatment-shared-unit alternating low-rank iter 500 | Loss: 0.535871 | Penalized: 0.570965
2026-07-26 05:59:14 | INFO | Treatment-shared-unit alternating low-rank iter 600 | Loss: 0.535869 | Penalized: 0.570962
2026-07-26 05:59:15 | INFO | Treatment-shared-unit alternating low-rank iter 700 | Loss: 0.535868 | Penalized: 0.570962
2026-07-26 05:59:17 | INFO | Treatment-shared-unit alternating low-rank iter 800 | Loss: 0.535867 | Penalized: 0.570962
2026-07-26 05:59:18 | INFO | Treatment-shared-unit alternating low-rank iter 900 | Loss: 0.535867 | Penalized: 0.570962
2026-07-26 05:59:20 | INFO | Treatment-shared-unit alternating low-rank iter 1000 | Loss: 0.535867 | Penalized: 0.570962
2026-07-26 05:59:21 | INFO | Treatment-shared-unit alternating low-rank iter 1100 | Loss: 0.535867 | Penalized: 0.570962
2026-07-26 05:59:23 | INFO | Treatment-shared-unit alternating low-rank iter 1200 | Loss: 0.535867 | Penalized: 0.570962
2026-07-26 05:59:24 | INFO | Treatment-shared-unit alternating low-rank iter 1300 | Loss: 0.535867 | Penalized: 0.570962
2026-07-26 05:59:26 | INFO | Treatment-shared-unit alternating low-rank iter 1400 | Loss: 0.535867 | Penalized: 0.570962
2026-07-26 05:59:27 | INFO | Treatment-shared-unit alternating low-rank iter 1500 | Loss: 0.535867 | Penalized: 0.570962
2026-07-26 05:59:29 | INFO | Treatment-shared-unit alternating low-rank iter 1600 | Loss: 0.535867 | Penalized: 0.570962
2026-07-26 05:59:30 | INFO | Treatment-shared-unit alternating low-rank iter 1700 | Loss: 0.535867 | Penalized: 0.570962
2026-07-26 05:59:31 | INFO | Treatment-shared-unit alternating low-rank iter 1800 | Loss: 0.535867 | Penalized: 0.570963
2026-07-26 05:59:33 | INFO | Treatment-shared-unit alternating low-rank iter 1900 | Loss: 0.535867 | Penalized: 0.570963
2026-07-26 05:59:34 | INFO | Done fitting.
2026-07-26 05:59:34 | INFO | Optimizer status: STOP: TOTAL NO. OF OUTER ITERATIONS REACHED LIMIT
2026-07-26 05:59:34 | INFO | Best optimizer start: 1 / 1
2026-07-26 05:59:34 | INFO | Final Loss: 0.535917
2026-07-26 05:59:34 | INFO | Estimated vs True Parameters:
2026-07-26 05:59:34 | INFO |   beta: 0.0000 (True: -0.3000) | SQE: 0.090000
2026-07-26 05:59:34 | INFO |   xi: 0.0000 (True: 0.0000) | SQE: 0.000000
2026-07-26 05:59:34 | INFO |   eta: 0.0000 (True: 0.3000) | SQE: 0.090000
2026-07-26 05:59:34 | INFO | Treatment-shared-unit alternating low-rank optimizer diagnostics:
2026-07-26 05:59:34 | INFO |   penalized_objective: 0.571019
2026-07-26 05:59:34 | INFO |   mple_loss_without_penalty: 0.535917
2026-07-26 05:59:34 | INFO |   lambda_uv_ridge: 0.050000
2026-07-26 05:59:34 | INFO |   u_frobenius_norm: 1.732051
2026-07-26 05:59:34 | INFO |   v_frobenius_norm: 102.689986
2026-07-26 05:59:34 | INFO |   effective_rank: 50.000000
2026-07-26 05:59:34 | INFO | Field and interaction diagnostics:
2026-07-26 05:59:34 | INFO |   field_rmse: 0.527619
2026-07-26 05:59:34 | INFO |   interaction_fro_error: 0.000000
2026-07-26 05:59:34 | INFO |   estimated_field_max_abs_entry: 1.833032
2026-07-26 05:59:34 | INFO |   estimated_field_rank: 50.000000
2026-07-26 05:59:34 | INFO |   true_field_max_abs_entry: 4.447602
2026-07-26 05:59:34 | INFO |   true_field_rank: 3.000000
2026-07-26 05:59:34 | INFO | Saved summary table to /orcd/home/002/phevosp/MPLE-Causal-Inference/experiments/SyntheticNoInterference/synth_no_interference/cv_runs_baselines/treatment_shared_unit/candidates/treatment_shared_unit_candidate_0010/fold_3/mple_summary.csv
2026-07-26 05:59:34 | INFO | Log saved to /orcd/home/002/phevosp/MPLE-Causal-Inference/experiments/SyntheticNoInterference/synth_no_interference/cv_runs_baselines/treatment_shared_unit/candidates/treatment_shared_unit_candidate_0010/fold_3/mple.log
