2026-07-26 06:03:54 | INFO | Loading data...
2026-07-26 06:03:54 | INFO | Using panel artifact: /orcd/home/002/phevosp/MPLE-Causal-Inference/experiments/SyntheticNoInterference/synth_no_interference/panel_data.npz
2026-07-26 06:03:54 | INFO | Using x_0 artifact: /orcd/home/002/phevosp/MPLE-Causal-Inference/experiments/SyntheticNoInterference/synth_no_interference/x_0.npy
2026-07-26 06:03:54 | INFO | Using fit config: /orcd/home/002/phevosp/MPLE-Causal-Inference/experiments/SyntheticNoInterference/synth_no_interference/cv_runs_baselines/treatment_split/candidates/treatment_split_candidate_0010/fold_5/fit_realized_config.yaml
2026-07-26 06:03:54 | INFO | Using model artifact directory: /orcd/home/002/phevosp/MPLE-Causal-Inference/experiments/SyntheticNoInterference/synth_no_interference
2026-07-26 06:03:54 | INFO | Using truth artifact directory: /orcd/home/002/phevosp/MPLE-Causal-Inference/experiments/SyntheticNoInterference/synth_no_interference
2026-07-26 06:03:54 | INFO | Using loss mask artifact: /orcd/home/002/phevosp/MPLE-Causal-Inference/experiments/SyntheticNoInterference/synth_no_interference/cv_runs_baselines/treatment_split/candidates/treatment_split_candidate_0010/fold_5/loss_mask.npy
2026-07-26 06:03:54 | INFO | Configured optimizer mode: alternating_treatment_split_latent_rank
2026-07-26 06:03:54 | INFO | Configured latent rank: 3
2026-07-26 06:03:54 | INFO | Using a fixed known graph with scalar xi.
2026-07-26 06:03:54 | INFO | Fit-time hard bounds active: False
2026-07-26 06:03:54 | INFO | Fixed scalar parameters: {'beta': 0.0, 'xi': 0.0, 'eta': 0.0}
2026-07-26 06:03:54 | INFO | Warm-start fixed scalars: {} for 0 steps
2026-07-26 06:03:54 | INFO | Beta-gradient mask before s: False with s=0
2026-07-26 06:03:54 | INFO | Beta-gradient mask after e: False with e=11
2026-07-26 06:03:54 | INFO | Alternating V-column L2-ball constraint active with radius 1.0
2026-07-26 06:03:54 | INFO | Optimizer settings: steps=2000, tol=1e-07, n_starts=1, seed=0, lambda_nuclear=0.0, lambda_frobenius=0.0, lambda_uv_ridge=0.05, v_column_l2_max=1.0, proximal_lr=1.0
2026-07-26 06:03:54 | INFO | Treatment-split alternating low-rank start 1/1 | seed=0 | initial_loss=0.693219 | initial_penalized=0.693249
2026-07-26 06:03:54 | INFO | Treatment-split alternating low-rank iter 0 | Loss: 0.678673 | Penalized: 0.678861
2026-07-26 06:03:56 | INFO | Treatment-split alternating low-rank iter 100 | Loss: 0.496863 | Penalized: 0.541423
2026-07-26 06:03:57 | INFO | Treatment-split alternating low-rank iter 200 | Loss: 0.496549 | Penalized: 0.541188
2026-07-26 06:03:58 | INFO | Done fitting.
2026-07-26 06:03:58 | INFO | Optimizer status: CONVERGED: alternating treatment objective tolerance reached
2026-07-26 06:03:58 | INFO | Best optimizer start: 1 / 1
2026-07-26 06:03:58 | INFO | Final Loss: 0.496572
2026-07-26 06:03:58 | INFO | Estimated vs True Parameters:
2026-07-26 06:03:58 | INFO |   beta: 0.0000 (True: -0.3000) | SQE: 0.090000
2026-07-26 06:03:58 | INFO |   xi: 0.0000 (True: 0.0000) | SQE: 0.000000
2026-07-26 06:03:58 | INFO |   eta: 0.0000 (True: 0.3000) | SQE: 0.090000
2026-07-26 06:03:58 | INFO | Treatment-split alternating low-rank optimizer diagnostics:
2026-07-26 06:03:58 | INFO |   penalized_objective: 0.541189
2026-07-26 06:03:58 | INFO |   mple_loss_without_penalty: 0.496572
2026-07-26 06:03:58 | INFO |   lambda_uv_ridge: 0.050000
2026-07-26 06:03:58 | INFO |   u_frobenius_norm: 2.449490
2026-07-26 06:03:58 | INFO |   v_frobenius_norm: 115.768372
2026-07-26 06:03:58 | INFO |   effective_rank: 50.000000
2026-07-26 06:03:58 | INFO | Field and interaction diagnostics:
2026-07-26 06:03:58 | INFO |   field_rmse: 0.613676
2026-07-26 06:03:58 | INFO |   interaction_fro_error: 0.000000
2026-07-26 06:03:58 | INFO |   estimated_field_max_abs_entry: 1.962036
2026-07-26 06:03:58 | INFO |   estimated_field_rank: 50.000000
2026-07-26 06:03:58 | INFO |   true_field_max_abs_entry: 4.447602
2026-07-26 06:03:58 | INFO |   true_field_rank: 3.000000
2026-07-26 06:03:58 | INFO | Saved summary table to /orcd/home/002/phevosp/MPLE-Causal-Inference/experiments/SyntheticNoInterference/synth_no_interference/cv_runs_baselines/treatment_split/candidates/treatment_split_candidate_0010/fold_5/mple_summary.csv
2026-07-26 06:03:58 | INFO | Log saved to /orcd/home/002/phevosp/MPLE-Causal-Inference/experiments/SyntheticNoInterference/synth_no_interference/cv_runs_baselines/treatment_split/candidates/treatment_split_candidate_0010/fold_5/mple.log
