2026-04-30 00:06:17 | INFO | Loading data...
2026-04-30 00:06:17 | INFO | Using panel artifact: /orcd/home/002/phevosp/MPLE-Causal-Inference/experiments/SyntheticHybridExperiments/hybrid_us_county_intervention_uscounty_graph_base/panel_data.npz
2026-04-30 00:06:17 | INFO | Using x_0 artifact: /orcd/home/002/phevosp/MPLE-Causal-Inference/experiments/SyntheticHybridExperiments/hybrid_us_county_intervention_uscounty_graph_base/x_0.npy
2026-04-30 00:06:17 | INFO | Using fit config: /orcd/home/002/phevosp/MPLE-Causal-Inference/experiments/SyntheticHybridExperiments/hybrid_us_county_intervention_uscounty_graph_base/fits/alternating_rank_3_uv_1_e2/fit_realized_config.yaml
2026-04-30 00:06:17 | INFO | Using model artifact directory: /orcd/home/002/phevosp/MPLE-Causal-Inference/experiments/SyntheticHybridExperiments/hybrid_us_county_intervention_uscounty_graph_base
2026-04-30 00:06:17 | INFO | Using truth artifact directory: /orcd/home/002/phevosp/MPLE-Causal-Inference/experiments/SyntheticHybridExperiments/hybrid_us_county_intervention_uscounty_graph_base
2026-04-30 00:06:17 | INFO | Configured optimizer mode: alternating_latent_rank
2026-04-30 00:06:17 | INFO | Configured latent rank: 3
2026-04-30 00:06:17 | INFO | Using a fixed known graph with scalar xi.
2026-04-30 00:06:17 | INFO | Fit-time hard bounds active: False
2026-04-30 00:06:17 | INFO | Fixed scalar parameters: {}
2026-04-30 00:06:17 | INFO | Warm-start fixed scalars: {} for 0 steps
2026-04-30 00:06:17 | INFO | Beta mask before s: False with s=55
2026-04-30 00:06:17 | INFO | Beta mask after e: False with e=120
2026-04-30 00:06:17 | INFO | Alternating V-column L2-ball constraint active with radius 1.0
2026-04-30 00:06:17 | INFO | Optimizer settings: steps=20000, tol=1e-09, n_starts=1, seed=0, lambda_nuclear=0.0, lambda_frobenius=0.0, lambda_uv_ridge=0.01, v_column_l2_max=1.0, proximal_lr=1.0
2026-04-30 00:06:17 | INFO | Alternating low-rank start 1/1 | seed=0 | initial_loss=0.681456 | initial_penalized=0.681456
2026-04-30 00:06:17 | INFO | Alternating low-rank iter 0 | Loss: 0.513335 | Penalized: 0.513624
2026-04-30 00:06:31 | INFO | Alternating low-rank iter 100 | Loss: 0.497390 | Penalized: 0.499178
2026-04-30 00:06:44 | INFO | Alternating low-rank iter 200 | Loss: 0.496871 | Penalized: 0.498746
2026-04-30 00:06:56 | INFO | Alternating low-rank iter 300 | Loss: 0.496812 | Penalized: 0.498704
2026-04-30 00:07:06 | INFO | Alternating low-rank iter 400 | Loss: 0.496807 | Penalized: 0.498695
2026-04-30 00:07:17 | INFO | Alternating low-rank iter 500 | Loss: 0.496811 | Penalized: 0.498689
2026-04-30 00:07:27 | INFO | Alternating low-rank iter 600 | Loss: 0.496821 | Penalized: 0.498681
2026-04-30 00:07:38 | INFO | Alternating low-rank iter 700 | Loss: 0.496781 | Penalized: 0.498628
2026-04-30 00:07:48 | INFO | Alternating low-rank iter 800 | Loss: 0.496634 | Penalized: 0.498563
2026-04-30 00:07:59 | INFO | Alternating low-rank iter 900 | Loss: 0.496567 | Penalized: 0.498530
2026-04-30 00:08:09 | INFO | Alternating low-rank iter 1000 | Loss: 0.496565 | Penalized: 0.498526
2026-04-30 00:08:19 | INFO | Alternating low-rank iter 1100 | Loss: 0.496571 | Penalized: 0.498524
2026-04-30 00:08:30 | INFO | Alternating low-rank iter 1200 | Loss: 0.496582 | Penalized: 0.498521
2026-04-30 00:08:40 | INFO | Alternating low-rank iter 1300 | Loss: 0.496548 | Penalized: 0.498446
2026-04-30 00:08:51 | INFO | Alternating low-rank iter 1400 | Loss: 0.496483 | Penalized: 0.498395
2026-04-30 00:09:01 | INFO | Alternating low-rank iter 1500 | Loss: 0.496477 | Penalized: 0.498393
2026-04-30 00:09:10 | INFO | Done fitting.
2026-04-30 00:09:10 | INFO | Optimizer status: CONVERGED: alternating objective tolerance reached
2026-04-30 00:09:10 | INFO | Best optimizer start: 1 / 1
2026-04-30 00:09:10 | INFO | Final Loss: 0.496476
2026-04-30 00:09:10 | INFO | Estimated vs True Parameters:
2026-04-30 00:09:10 | INFO |   beta: -0.3071 (True: -0.3000) | SQE: 0.000051
2026-04-30 00:09:10 | INFO |   xi: 0.8337 (True: 0.8000) | SQE: 0.001136
2026-04-30 00:09:10 | INFO |   eta: 0.3021 (True: 0.3000) | SQE: 0.000004
2026-04-30 00:09:10 | INFO | Alternating low-rank optimizer diagnostics:
2026-04-30 00:09:10 | INFO |   penalized_objective: 0.498393
2026-04-30 00:09:10 | INFO |   mple_loss_without_penalty: 0.496476
2026-04-30 00:09:10 | INFO |   lambda_uv_ridge: 0.010000
2026-04-30 00:09:10 | INFO |   u_frobenius_norm: 263.352898
2026-04-30 00:09:10 | INFO |   v_frobenius_norm: 1.732051
2026-04-30 00:09:10 | INFO |   effective_rank: 3.000000
2026-04-30 00:09:10 | INFO | Field and interaction diagnostics:
2026-04-30 00:09:10 | INFO |   field_rmse: 0.454568
2026-04-30 00:09:10 | INFO |   interaction_fro_error: 0.318776
2026-04-30 00:09:10 | INFO |   estimated_field_max_abs_entry: 17.228255
2026-04-30 00:09:10 | INFO |   estimated_field_rank: 3.000000
2026-04-30 00:09:10 | INFO |   true_field_max_abs_entry: 0.000000
2026-04-30 00:09:10 | INFO |   true_field_rank: 0.000000
2026-04-30 00:09:10 | INFO | Saved summary table to /orcd/home/002/phevosp/MPLE-Causal-Inference/experiments/SyntheticHybridExperiments/hybrid_us_county_intervention_uscounty_graph_base/fits/alternating_rank_3_uv_1_e2/mple_summary.csv
2026-04-30 00:09:10 | INFO | Log saved to /orcd/home/002/phevosp/MPLE-Causal-Inference/experiments/SyntheticHybridExperiments/hybrid_us_county_intervention_uscounty_graph_base/fits/alternating_rank_3_uv_1_e2/mple.log
