2026-05-02 15:52:36 | INFO | Loading data...
2026-05-02 15:52:36 | INFO | Using panel artifact: /orcd/home/002/phevosp/MPLE-Causal-Inference/experiments/HybridExperiments_r1/r1_hybrid_us_county_intervention_generated_graph_confounding/panel_data.npz
2026-05-02 15:52:36 | INFO | Using x_0 artifact: /orcd/home/002/phevosp/MPLE-Causal-Inference/experiments/HybridExperiments_r1/r1_hybrid_us_county_intervention_generated_graph_confounding/x_0.npy
2026-05-02 15:52:36 | INFO | Using fit config: /orcd/home/002/phevosp/MPLE-Causal-Inference/experiments/HybridExperiments_r1/r1_hybrid_us_county_intervention_generated_graph_confounding/cv_runs/alternating_uv_grid/candidates/alternating_uv_grid_candidate_0007/fold_6/fit_realized_config.yaml
2026-05-02 15:52:36 | INFO | Using model artifact directory: /orcd/home/002/phevosp/MPLE-Causal-Inference/experiments/HybridExperiments_r1/r1_hybrid_us_county_intervention_generated_graph_confounding
2026-05-02 15:52:36 | INFO | Using truth artifact directory: /orcd/home/002/phevosp/MPLE-Causal-Inference/experiments/HybridExperiments_r1/r1_hybrid_us_county_intervention_generated_graph_confounding
2026-05-02 15:52:36 | INFO | Using loss mask artifact: /orcd/home/002/phevosp/MPLE-Causal-Inference/experiments/HybridExperiments_r1/r1_hybrid_us_county_intervention_generated_graph_confounding/cv_runs/alternating_uv_grid/candidates/alternating_uv_grid_candidate_0007/fold_6/loss_mask.npy
2026-05-02 15:52:37 | INFO | Configured optimizer mode: alternating_latent_rank
2026-05-02 15:52:37 | INFO | Configured latent rank: 1
2026-05-02 15:52:37 | INFO | Using a fixed known graph with scalar xi.
2026-05-02 15:52:37 | INFO | Fit-time hard bounds active: False
2026-05-02 15:52:37 | INFO | Fixed scalar parameters: {}
2026-05-02 15:52:37 | INFO | Warm-start fixed scalars: {} for 0 steps
2026-05-02 15:52:37 | INFO | Beta mask before s: True with s=50
2026-05-02 15:52:37 | INFO | Beta mask after e: True with e=109
2026-05-02 15:52:37 | INFO | Alternating V-column L2-ball constraint active with radius 1.0
2026-05-02 15:52:37 | INFO | Optimizer settings: steps=2000, tol=1e-07, n_starts=1, seed=0, lambda_nuclear=0.0, lambda_frobenius=0.0, lambda_uv_ridge=0.5, v_column_l2_max=1.0, proximal_lr=1.0
2026-05-02 15:52:37 | INFO | Alternating low-rank start 1/1 | seed=0 | initial_loss=0.695776 | initial_penalized=0.695791
2026-05-02 15:52:37 | INFO | Alternating low-rank iter 0 | Loss: 0.629384 | Penalized: 0.636826
2026-05-02 15:52:44 | INFO | Alternating low-rank iter 100 | Loss: 0.561389 | Penalized: 0.565481
2026-05-02 15:52:52 | INFO | Alternating low-rank iter 200 | Loss: 0.556271 | Penalized: 0.559673
2026-05-02 15:52:59 | INFO | Alternating low-rank iter 300 | Loss: 0.554832 | Penalized: 0.558041
2026-05-02 15:53:07 | INFO | Alternating low-rank iter 400 | Loss: 0.554418 | Penalized: 0.557568
2026-05-02 15:53:14 | INFO | Alternating low-rank iter 500 | Loss: 0.554302 | Penalized: 0.557432
2026-05-02 15:53:22 | INFO | Alternating low-rank iter 600 | Loss: 0.554270 | Penalized: 0.557392
2026-05-02 15:53:26 | INFO | Done fitting.
2026-05-02 15:53:26 | INFO | Optimizer status: CONVERGED: alternating objective tolerance reached
2026-05-02 15:53:26 | INFO | Best optimizer start: 1 / 1
2026-05-02 15:53:26 | INFO | Final Loss: 0.554264
2026-05-02 15:53:26 | INFO | Estimated vs True Parameters:
2026-05-02 15:53:26 | INFO |   beta: -0.0233 (True: -0.3000) | SQE: 0.076579
2026-05-02 15:53:26 | INFO |   xi: 1.5714 (True: 0.8000) | SQE: 0.595007
2026-05-02 15:53:26 | INFO |   eta: 0.3245 (True: 0.3000) | SQE: 0.000598
2026-05-02 15:53:26 | INFO | Alternating low-rank optimizer diagnostics:
2026-05-02 15:53:26 | INFO |   penalized_objective: 0.557384
2026-05-02 15:53:26 | INFO |   mple_loss_without_penalty: 0.554264
2026-05-02 15:53:26 | INFO |   lambda_uv_ridge: 0.500000
2026-05-02 15:53:26 | INFO |   u_frobenius_norm: 23.728922
2026-05-02 15:53:26 | INFO |   v_frobenius_norm: 1.000000
2026-05-02 15:53:26 | INFO |   effective_rank: 1.000000
2026-05-02 15:53:26 | INFO | Field and interaction diagnostics:
2026-05-02 15:53:26 | INFO |   field_rmse: 0.495539
2026-05-02 15:53:26 | INFO |   interaction_fro_error: 5.844660
2026-05-02 15:53:26 | INFO |   estimated_field_max_abs_entry: 0.445953
2026-05-02 15:53:26 | INFO |   estimated_field_rank: 1.000000
2026-05-02 15:53:26 | INFO |   true_field_max_abs_entry: 0.578902
2026-05-02 15:53:26 | INFO |   true_field_rank: 1.000000
2026-05-02 15:53:26 | INFO | Saved summary table to /orcd/home/002/phevosp/MPLE-Causal-Inference/experiments/HybridExperiments_r1/r1_hybrid_us_county_intervention_generated_graph_confounding/cv_runs/alternating_uv_grid/candidates/alternating_uv_grid_candidate_0007/fold_6/mple_summary.csv
2026-05-02 15:53:26 | INFO | Log saved to /orcd/home/002/phevosp/MPLE-Causal-Inference/experiments/HybridExperiments_r1/r1_hybrid_us_county_intervention_generated_graph_confounding/cv_runs/alternating_uv_grid/candidates/alternating_uv_grid_candidate_0007/fold_6/mple.log
