2026-06-12 01:59:19 | INFO | Loading data...
2026-06-12 01:59:19 | INFO | Using panel artifact: /orcd/home/002/phevosp/MPLE-Causal-Inference/experiments/HybridAlt/partial_confounding/panel_data.npz
2026-06-12 01:59:19 | INFO | Using x_0 artifact: /orcd/home/002/phevosp/MPLE-Causal-Inference/experiments/HybridAlt/partial_confounding/x_0.npy
2026-06-12 01:59:19 | INFO | Using fit config: /orcd/home/002/phevosp/MPLE-Causal-Inference/experiments/HybridAlt/partial_confounding/cv_runs/default/candidates/default_candidate_0005/fold_2/fit_realized_config.yaml
2026-06-12 01:59:19 | INFO | Using model artifact directory: /orcd/home/002/phevosp/MPLE-Causal-Inference/experiments/HybridAlt/partial_confounding
2026-06-12 01:59:19 | INFO | Using truth artifact directory: /orcd/home/002/phevosp/MPLE-Causal-Inference/experiments/HybridAlt/partial_confounding
2026-06-12 01:59:19 | INFO | Using loss mask artifact: /orcd/home/002/phevosp/MPLE-Causal-Inference/experiments/HybridAlt/partial_confounding/cv_runs/default/candidates/default_candidate_0005/fold_2/loss_mask.npy
2026-06-12 01:59:20 | INFO | Configured optimizer mode: alternating_latent_rank
2026-06-12 01:59:20 | INFO | Configured latent rank: 5
2026-06-12 01:59:20 | INFO | Using a fixed known graph with scalar xi.
2026-06-12 01:59:20 | INFO | Fit-time hard bounds active: False
2026-06-12 01:59:20 | INFO | Fixed scalar parameters: {}
2026-06-12 01:59:20 | INFO | Warm-start fixed scalars: {} for 0 steps
2026-06-12 01:59:20 | INFO | Beta-gradient mask before s: True with s=50
2026-06-12 01:59:20 | INFO | Beta-gradient mask after e: True with e=115
2026-06-12 01:59:20 | INFO | Alternating V-column L2-ball constraint active with radius 1.0
2026-06-12 01:59:20 | INFO | Optimizer settings: steps=2000, tol=1e-07, n_starts=1, seed=0, lambda_nuclear=0.0, lambda_frobenius=0.0, lambda_uv_ridge=0.1, v_column_l2_max=1.0, proximal_lr=1.0
2026-06-12 01:59:20 | INFO | Alternating low-rank start 1/1 | seed=0 | initial_loss=0.788160 | initial_penalized=0.788163
2026-06-12 01:59:20 | INFO | Alternating low-rank iter 0 | Loss: 0.526802 | Penalized: 0.534973
2026-06-12 01:59:31 | INFO | Alternating low-rank iter 100 | Loss: 0.468411 | Penalized: 0.483835
2026-06-12 01:59:42 | INFO | Alternating low-rank iter 200 | Loss: 0.468340 | Penalized: 0.483773
2026-06-12 01:59:45 | INFO | Done fitting.
2026-06-12 01:59:45 | INFO | Optimizer status: CONVERGED: alternating objective tolerance reached
2026-06-12 01:59:45 | INFO | Best optimizer start: 1 / 1
2026-06-12 01:59:45 | INFO | Final Loss: 0.468338
2026-06-12 01:59:45 | INFO | Estimated vs True Parameters:
2026-06-12 01:59:45 | INFO |   beta: 0.1487 (True: -0.3000) | SQE: 0.201358
2026-06-12 01:59:45 | INFO |   xi: 0.9959 (True: 0.8000) | SQE: 0.038360
2026-06-12 01:59:45 | INFO |   eta: 0.3043 (True: 0.3000) | SQE: 0.000018
2026-06-12 01:59:45 | INFO | Alternating low-rank optimizer diagnostics:
2026-06-12 01:59:45 | INFO |   penalized_objective: 0.483770
2026-06-12 01:59:45 | INFO |   mple_loss_without_penalty: 0.468338
2026-06-12 01:59:45 | INFO |   lambda_uv_ridge: 0.100000
2026-06-12 01:59:45 | INFO |   u_frobenius_norm: 210.628344
2026-06-12 01:59:45 | INFO |   v_frobenius_norm: 2.236068
2026-06-12 01:59:45 | INFO |   effective_rank: 5.000000
2026-06-12 01:59:45 | INFO | Field and interaction diagnostics:
2026-06-12 01:59:45 | INFO |   field_rmse: 0.607540
2026-06-12 01:59:45 | INFO |   interaction_fro_error: 2.166998
2026-06-12 01:59:45 | INFO |   estimated_field_max_abs_entry: 2.341861
2026-06-12 01:59:45 | INFO |   estimated_field_rank: 5.000000
2026-06-12 01:59:45 | INFO |   true_field_max_abs_entry: 4.167041
2026-06-12 01:59:45 | INFO |   true_field_rank: 5.000000
2026-06-12 01:59:45 | INFO | Saved summary table to /orcd/home/002/phevosp/MPLE-Causal-Inference/experiments/HybridAlt/partial_confounding/cv_runs/default/candidates/default_candidate_0005/fold_2/mple_summary.csv
2026-06-12 01:59:45 | INFO | Log saved to /orcd/home/002/phevosp/MPLE-Causal-Inference/experiments/HybridAlt/partial_confounding/cv_runs/default/candidates/default_candidate_0005/fold_2/mple.log
