2026-05-01 22:16:15 | INFO | Loading data...
2026-05-01 22:16:15 | INFO | Using panel artifact: /orcd/home/002/phevosp/MPLE-Causal-Inference/experiments/SyntheticHybridExperimentsFinal/r5_c1_hybrid_us_county_intervention_uscounty_graph_contiguous_confounding/panel_data.npz
2026-05-01 22:16:15 | INFO | Using x_0 artifact: /orcd/home/002/phevosp/MPLE-Causal-Inference/experiments/SyntheticHybridExperimentsFinal/r5_c1_hybrid_us_county_intervention_uscounty_graph_contiguous_confounding/x_0.npy
2026-05-01 22:16:15 | INFO | Using fit config: /orcd/home/002/phevosp/MPLE-Causal-Inference/experiments/SyntheticHybridExperimentsFinal/r5_c1_hybrid_us_county_intervention_uscounty_graph_contiguous_confounding/cv_runs/alternating_uv_grid/candidates/alternating_uv_grid_candidate_0001/fold_2/fit_realized_config.yaml
2026-05-01 22:16:15 | INFO | Using model artifact directory: /orcd/home/002/phevosp/MPLE-Causal-Inference/experiments/SyntheticHybridExperimentsFinal/r5_c1_hybrid_us_county_intervention_uscounty_graph_contiguous_confounding
2026-05-01 22:16:15 | INFO | Using truth artifact directory: /orcd/home/002/phevosp/MPLE-Causal-Inference/experiments/SyntheticHybridExperimentsFinal/r5_c1_hybrid_us_county_intervention_uscounty_graph_contiguous_confounding
2026-05-01 22:16:15 | INFO | Using loss mask artifact: /orcd/home/002/phevosp/MPLE-Causal-Inference/experiments/SyntheticHybridExperimentsFinal/r5_c1_hybrid_us_county_intervention_uscounty_graph_contiguous_confounding/cv_runs/alternating_uv_grid/candidates/alternating_uv_grid_candidate_0001/fold_2/loss_mask.npy
2026-05-01 22:16:15 | INFO | Configured optimizer mode: alternating_latent_rank
2026-05-01 22:16:15 | INFO | Configured latent rank: 5
2026-05-01 22:16:15 | INFO | Using a fixed known graph with scalar xi.
2026-05-01 22:16:15 | INFO | Fit-time hard bounds active: False
2026-05-01 22:16:15 | INFO | Fixed scalar parameters: {}
2026-05-01 22:16:15 | INFO | Warm-start fixed scalars: {} for 0 steps
2026-05-01 22:16:15 | INFO | Beta mask before s: True with s=55
2026-05-01 22:16:15 | INFO | Beta mask after e: True with e=114
2026-05-01 22:16:15 | INFO | Alternating V-column L2-ball constraint active with radius 1.0
2026-05-01 22:16:15 | INFO | Optimizer settings: steps=2000, tol=1e-07, n_starts=1, seed=0, lambda_nuclear=0.0, lambda_frobenius=0.0, lambda_uv_ridge=0.0005, v_column_l2_max=1.0, proximal_lr=1.0
2026-05-01 22:16:15 | INFO | Alternating low-rank start 1/1 | seed=0 | initial_loss=0.694576 | initial_penalized=0.694576
2026-05-01 22:16:15 | INFO | Alternating low-rank iter 0 | Loss: 0.579766 | Penalized: 0.579798
2026-05-01 22:16:30 | INFO | Alternating low-rank iter 100 | Loss: 0.547182 | Penalized: 0.547638
2026-05-01 22:16:45 | INFO | Alternating low-rank iter 200 | Loss: 0.546287 | Penalized: 0.546985
2026-05-01 22:17:00 | INFO | Alternating low-rank iter 300 | Loss: 0.545971 | Penalized: 0.546821
2026-05-01 22:17:13 | INFO | Alternating low-rank iter 400 | Loss: 0.545700 | Penalized: 0.546666
2026-05-01 22:17:26 | INFO | Alternating low-rank iter 500 | Loss: 0.545129 | Penalized: 0.546228
2026-05-01 22:17:39 | INFO | Alternating low-rank iter 600 | Loss: 0.544536 | Penalized: 0.545786
2026-05-01 22:17:52 | INFO | Alternating low-rank iter 700 | Loss: 0.544270 | Penalized: 0.545634
2026-05-01 22:18:05 | INFO | Alternating low-rank iter 800 | Loss: 0.544133 | Penalized: 0.545576
2026-05-01 22:18:18 | INFO | Alternating low-rank iter 900 | Loss: 0.544050 | Penalized: 0.545550
2026-05-01 22:18:29 | INFO | Done fitting.
2026-05-01 22:18:29 | INFO | Optimizer status: CONVERGED: alternating objective tolerance reached
2026-05-01 22:18:29 | INFO | Best optimizer start: 1 / 1
2026-05-01 22:18:29 | INFO | Final Loss: 0.544003
2026-05-01 22:18:29 | INFO | Estimated vs True Parameters:
2026-05-01 22:18:29 | INFO |   beta: -0.2459 (True: -0.3000) | SQE: 0.002925
2026-05-01 22:18:29 | INFO |   xi: 0.8873 (True: 0.8000) | SQE: 0.007614
2026-05-01 22:18:29 | INFO |   eta: 0.2982 (True: 0.3000) | SQE: 0.000003
2026-05-01 22:18:29 | INFO | Alternating low-rank optimizer diagnostics:
2026-05-01 22:18:29 | INFO |   penalized_objective: 0.545539
2026-05-01 22:18:29 | INFO |   mple_loss_without_penalty: 0.544003
2026-05-01 22:18:29 | INFO |   lambda_uv_ridge: 0.000500
2026-05-01 22:18:29 | INFO |   u_frobenius_norm: 986.995153
2026-05-01 22:18:29 | INFO |   v_frobenius_norm: 2.236068
2026-05-01 22:18:29 | INFO |   effective_rank: 5.000000
2026-05-01 22:18:29 | INFO | Field and interaction diagnostics:
2026-05-01 22:18:29 | INFO |   field_rmse: 1.910396
2026-05-01 22:18:29 | INFO |   interaction_fro_error: 0.825180
2026-05-01 22:18:29 | INFO |   estimated_field_max_abs_entry: 53.420535
2026-05-01 22:18:29 | INFO |   estimated_field_rank: 5.000000
2026-05-01 22:18:29 | INFO |   true_field_max_abs_entry: 1.442488
2026-05-01 22:18:29 | INFO |   true_field_rank: 5.000000
2026-05-01 22:18:29 | INFO | Saved summary table to /orcd/home/002/phevosp/MPLE-Causal-Inference/experiments/SyntheticHybridExperimentsFinal/r5_c1_hybrid_us_county_intervention_uscounty_graph_contiguous_confounding/cv_runs/alternating_uv_grid/candidates/alternating_uv_grid_candidate_0001/fold_2/mple_summary.csv
2026-05-01 22:18:29 | INFO | Log saved to /orcd/home/002/phevosp/MPLE-Causal-Inference/experiments/SyntheticHybridExperimentsFinal/r5_c1_hybrid_us_county_intervention_uscounty_graph_contiguous_confounding/cv_runs/alternating_uv_grid/candidates/alternating_uv_grid_candidate_0001/fold_2/mple.log
