2026-08-27 10:27:54 | INFO | Loading data...
2026-08-27 10:27:54 | INFO | Using panel artifact: /orcd/home/002/phevosp/MPLE-Causal-Inference/experiments/SyntheticSNN/interference_confounding_beta_010_xi_080/panel_data.npz
2026-08-27 10:27:54 | INFO | Using x_0 artifact: /orcd/home/002/phevosp/MPLE-Causal-Inference/experiments/SyntheticSNN/interference_confounding_beta_010_xi_080/x_0.npy
2026-08-27 10:27:54 | INFO | Using fit config: /orcd/home/002/phevosp/MPLE-Causal-Inference/experiments/SyntheticSNN/interference_confounding_beta_010_xi_080/cv_runs/default/candidates/default_candidate_0006/fold_5/fit_realized_config.yaml
2026-08-27 10:27:54 | INFO | Using model artifact directory: /orcd/home/002/phevosp/MPLE-Causal-Inference/experiments/SyntheticSNN/interference_confounding_beta_010_xi_080
2026-08-27 10:27:54 | INFO | Using truth artifact directory: /orcd/home/002/phevosp/MPLE-Causal-Inference/experiments/SyntheticSNN/interference_confounding_beta_010_xi_080
2026-08-27 10:27:54 | INFO | Using loss mask artifact: /orcd/home/002/phevosp/MPLE-Causal-Inference/experiments/SyntheticSNN/interference_confounding_beta_010_xi_080/cv_runs/default/candidates/default_candidate_0006/fold_5/loss_mask.npy
2026-08-27 10:27:54 | INFO | Configured optimizer mode: alternating_latent_rank
2026-08-27 10:27:54 | INFO | Configured latent rank: 3
2026-08-27 10:27:54 | INFO | Using a fixed known graph with scalar xi.
2026-08-27 10:27:54 | INFO | Fit-time hard bounds active: False
2026-08-27 10:27:54 | INFO | Fixed scalar parameters: {}
2026-08-27 10:27:54 | INFO | Warm-start fixed scalars: {} for 0 steps
2026-08-27 10:27:54 | INFO | Beta-gradient mask before s: True with s=0
2026-08-27 10:27:54 | INFO | Beta-gradient mask after e: True with e=12
2026-08-27 10:27:54 | INFO | Alternating V-column L2-ball constraint active with radius 1.0
2026-08-27 10:27:54 | INFO | Optimizer settings: steps=2000, tol=1e-07, n_starts=1, seed=0, lambda_nuclear=0.0, lambda_frobenius=0.0, lambda_uv_ridge=0.5, v_column_l2_max=1.0, proximal_lr=1.0
2026-08-27 10:27:54 | INFO | Alternating low-rank start 1/1 | seed=0 | initial_loss=0.749150 | initial_penalized=0.749307
2026-08-27 10:27:54 | INFO | Alternating low-rank iter 0 | Loss: 0.598144 | Penalized: 0.620920
2026-08-27 10:27:55 | INFO | Done fitting.
2026-08-27 10:27:55 | INFO | Optimizer status: CONVERGED: alternating objective tolerance reached
2026-08-27 10:27:55 | INFO | Best optimizer start: 1 / 1
2026-08-27 10:27:55 | INFO | Final Loss: 0.575822
2026-08-27 10:27:55 | INFO | Estimated vs True Parameters:
2026-08-27 10:27:55 | INFO |   beta: 0.1219 (True: 0.1000) | SQE: 0.000478
2026-08-27 10:27:55 | INFO |   xi: 0.6912 (True: 0.8000) | SQE: 0.011841
2026-08-27 10:27:55 | INFO |   eta: 0.0841 (True: 0.1000) | SQE: 0.000252
2026-08-27 10:27:55 | INFO | Alternating low-rank optimizer diagnostics:
2026-08-27 10:27:55 | INFO |   penalized_objective: 0.612456
2026-08-27 10:27:55 | INFO |   mple_loss_without_penalty: 0.575822
2026-08-27 10:27:55 | INFO |   lambda_uv_ridge: 0.500000
2026-08-27 10:27:55 | INFO |   u_frobenius_norm: 32.594339
2026-08-27 10:27:55 | INFO |   v_frobenius_norm: 1.732051
2026-08-27 10:27:55 | INFO |   effective_rank: 3.000000
2026-08-27 10:27:55 | INFO | Field and interaction diagnostics:
2026-08-27 10:27:55 | INFO |   field_rmse: 0.591572
2026-08-27 10:27:55 | INFO |   interaction_fro_error: 0.464328
2026-08-27 10:27:55 | INFO |   estimated_field_max_abs_entry: 0.791451
2026-08-27 10:27:55 | INFO |   estimated_field_rank: 3.000000
2026-08-27 10:27:55 | INFO |   true_field_max_abs_entry: 5.073226
2026-08-27 10:27:55 | INFO |   true_field_rank: 3.000000
2026-08-27 10:27:55 | INFO | Saved summary table to /orcd/home/002/phevosp/MPLE-Causal-Inference/experiments/SyntheticSNN/interference_confounding_beta_010_xi_080/cv_runs/default/candidates/default_candidate_0006/fold_5/mple_summary.csv
2026-08-27 10:27:55 | INFO | Log saved to /orcd/home/002/phevosp/MPLE-Causal-Inference/experiments/SyntheticSNN/interference_confounding_beta_010_xi_080/cv_runs/default/candidates/default_candidate_0006/fold_5/mple.log
