2026-05-03 00:02:16 | INFO | Loading data...
2026-05-03 00:02:16 | INFO | Using panel artifact: /orcd/home/002/phevosp/MPLE-Causal-Inference/experiments/HybridExperiments_r1_v2/r1_hybrid_us_county_intervention_uscounty_graph_contiguous_confounding/panel_data.npz
2026-05-03 00:02:16 | INFO | Using x_0 artifact: /orcd/home/002/phevosp/MPLE-Causal-Inference/experiments/HybridExperiments_r1_v2/r1_hybrid_us_county_intervention_uscounty_graph_contiguous_confounding/x_0.npy
2026-05-03 00:02:16 | INFO | Using fit config: /orcd/home/002/phevosp/MPLE-Causal-Inference/experiments/HybridExperiments_r1_v2/r1_hybrid_us_county_intervention_uscounty_graph_contiguous_confounding/cv_runs/alternating_uv_grid/candidates/alternating_uv_grid_candidate_0004/fold_4/fit_realized_config.yaml
2026-05-03 00:02:16 | INFO | Using model artifact directory: /orcd/home/002/phevosp/MPLE-Causal-Inference/experiments/HybridExperiments_r1_v2/r1_hybrid_us_county_intervention_uscounty_graph_contiguous_confounding
2026-05-03 00:02:16 | INFO | Using truth artifact directory: /orcd/home/002/phevosp/MPLE-Causal-Inference/experiments/HybridExperiments_r1_v2/r1_hybrid_us_county_intervention_uscounty_graph_contiguous_confounding
2026-05-03 00:02:16 | INFO | Using loss mask artifact: /orcd/home/002/phevosp/MPLE-Causal-Inference/experiments/HybridExperiments_r1_v2/r1_hybrid_us_county_intervention_uscounty_graph_contiguous_confounding/cv_runs/alternating_uv_grid/candidates/alternating_uv_grid_candidate_0004/fold_4/loss_mask.npy
2026-05-03 00:02:16 | INFO | Configured optimizer mode: alternating_latent_rank
2026-05-03 00:02:16 | INFO | Configured latent rank: 1
2026-05-03 00:02:16 | INFO | Using a fixed known graph with scalar xi.
2026-05-03 00:02:16 | INFO | Fit-time hard bounds active: False
2026-05-03 00:02:16 | INFO | Fixed scalar parameters: {}
2026-05-03 00:02:16 | INFO | Warm-start fixed scalars: {} for 0 steps
2026-05-03 00:02:16 | INFO | Beta mask before s: True with s=50
2026-05-03 00:02:16 | INFO | Beta mask after e: True with e=115
2026-05-03 00:02:16 | INFO | Alternating V-column L2-ball constraint active with radius 1.0
2026-05-03 00:02:16 | INFO | Optimizer settings: steps=2000, tol=1e-07, n_starts=1, seed=0, lambda_nuclear=0.0, lambda_frobenius=0.0, lambda_uv_ridge=0.005, v_column_l2_max=1.0, proximal_lr=1.0
2026-05-03 00:02:16 | INFO | Alternating low-rank start 1/1 | seed=0 | initial_loss=0.698691 | initial_penalized=0.698691
2026-05-03 00:02:16 | INFO | Alternating low-rank iter 0 | Loss: 0.557400 | Penalized: 0.557837
2026-05-03 00:02:23 | INFO | Alternating low-rank iter 100 | Loss: 0.533417 | Penalized: 0.534456
2026-05-03 00:02:30 | INFO | Alternating low-rank iter 200 | Loss: 0.533349 | Penalized: 0.534295
2026-05-03 00:02:31 | INFO | Done fitting.
2026-05-03 00:02:31 | INFO | Optimizer status: CONVERGED: alternating objective tolerance reached
2026-05-03 00:02:31 | INFO | Best optimizer start: 1 / 1
2026-05-03 00:02:31 | INFO | Final Loss: 0.533352
2026-05-03 00:02:31 | INFO | Estimated vs True Parameters:
2026-05-03 00:02:31 | INFO |   beta: -0.2903 (True: -0.3000) | SQE: 0.000093
2026-05-03 00:02:31 | INFO |   xi: 0.8380 (True: 0.8000) | SQE: 0.001442
2026-05-03 00:02:31 | INFO |   eta: 0.2896 (True: 0.3000) | SQE: 0.000108
2026-05-03 00:02:31 | INFO | Alternating low-rank optimizer diagnostics:
2026-05-03 00:02:31 | INFO |   penalized_objective: 0.534292
2026-05-03 00:02:31 | INFO |   mple_loss_without_penalty: 0.533352
2026-05-03 00:02:31 | INFO |   lambda_uv_ridge: 0.005000
2026-05-03 00:02:31 | INFO |   u_frobenius_norm: 232.998948
2026-05-03 00:02:31 | INFO |   v_frobenius_norm: 1.000000
2026-05-03 00:02:31 | INFO |   effective_rank: 1.000000
2026-05-03 00:02:31 | INFO | Field and interaction diagnostics:
2026-05-03 00:02:31 | INFO |   field_rmse: 0.237052
2026-05-03 00:02:31 | INFO |   interaction_fro_error: 0.359059
2026-05-03 00:02:31 | INFO |   estimated_field_max_abs_entry: 1.405119
2026-05-03 00:02:31 | INFO |   estimated_field_rank: 1.000000
2026-05-03 00:02:31 | INFO |   true_field_max_abs_entry: 0.609457
2026-05-03 00:02:31 | INFO |   true_field_rank: 1.000000
2026-05-03 00:02:31 | INFO | Saved summary table to /orcd/home/002/phevosp/MPLE-Causal-Inference/experiments/HybridExperiments_r1_v2/r1_hybrid_us_county_intervention_uscounty_graph_contiguous_confounding/cv_runs/alternating_uv_grid/candidates/alternating_uv_grid_candidate_0004/fold_4/mple_summary.csv
2026-05-03 00:02:31 | INFO | Log saved to /orcd/home/002/phevosp/MPLE-Causal-Inference/experiments/HybridExperiments_r1_v2/r1_hybrid_us_county_intervention_uscounty_graph_contiguous_confounding/cv_runs/alternating_uv_grid/candidates/alternating_uv_grid_candidate_0004/fold_4/mple.log
