2026-04-27 12:16:16 | INFO | Loading data...
2026-04-27 12:16:16 | INFO | Using panel artifact: /orcd/home/002/phevosp/MPLE-Causal-Inference/experiments/SyntheticHybridExperiments/hybrid_us_county_intervention_uscounty_graph_base/panel_data.npz
2026-04-27 12:16:16 | INFO | Using x_0 artifact: /orcd/home/002/phevosp/MPLE-Causal-Inference/experiments/SyntheticHybridExperiments/hybrid_us_county_intervention_uscounty_graph_base/x_0.npy
2026-04-27 12:16:16 | INFO | Using fit config: /orcd/home/002/phevosp/MPLE-Causal-Inference/experiments/SyntheticHybridExperiments/hybrid_us_county_intervention_uscounty_graph_base/fits/concurrent_rank_10_ws_xi_zero/fit_realized_config.yaml
2026-04-27 12:16:16 | INFO | Using model artifact directory: /orcd/home/002/phevosp/MPLE-Causal-Inference/experiments/SyntheticHybridExperiments/hybrid_us_county_intervention_uscounty_graph_base
2026-04-27 12:16:16 | INFO | Using truth artifact directory: /orcd/home/002/phevosp/MPLE-Causal-Inference/experiments/SyntheticHybridExperiments/hybrid_us_county_intervention_uscounty_graph_base
2026-04-27 12:16:16 | INFO | Configured optimizer mode: concurrent_latent_rank
2026-04-27 12:16:16 | INFO | Configured latent rank: 10
2026-04-27 12:16:16 | INFO | Using a fixed known graph with scalar xi.
2026-04-27 12:16:16 | INFO | Fit-time hard bounds active: False
2026-04-27 12:16:16 | INFO | Fixed scalar parameters: {}
2026-04-27 12:16:16 | INFO | Warm-start fixed scalars: {'xi': 0.0} for 5000 steps
2026-04-27 12:16:16 | INFO | Beta mask before s: False with s=55
2026-04-27 12:16:16 | INFO | Beta mask after e: False with e=120
2026-04-27 12:16:16 | INFO | Optimizer settings: steps=20000, tol=1e-09, n_starts=1, seed=0, lambda_nuclear=0.0, lambda_frobenius=0.0, lambda_uv_ridge=18.0, proximal_lr=1.0
2026-04-27 12:16:16 | INFO | Concurrent low-rank start 1/1 | seed=0 | initial_loss=0.738669 | initial_penalized=0.754182
2026-04-27 12:16:26 | INFO | Concurrent low-rank start 1 finished | final_loss=0.494194 | final_penalized=0.519261 | nit=522
2026-04-27 12:16:26 | INFO | Concurrent low-rank start 1/1 | seed=0 | initial_loss=0.494194 | initial_penalized=0.519261
2026-04-27 12:16:35 | INFO | Concurrent low-rank start 1 finished | final_loss=0.487157 | final_penalized=0.511805 | nit=461
2026-04-27 12:16:35 | INFO | Done fitting.
2026-04-27 12:16:35 | INFO | Optimizer status: CONVERGENCE: RELATIVE REDUCTION OF F <= FACTR*EPSMCH
2026-04-27 12:16:35 | INFO | Best optimizer start: 1 / 1
2026-04-27 12:16:35 | INFO | Final Loss: 0.487157
2026-04-27 12:16:35 | INFO | Estimated vs True Parameters:
2026-04-27 12:16:35 | INFO |   beta: -0.2982 (True: -0.3000) | SQE: 0.000003
2026-04-27 12:16:35 | INFO |   xi: 0.8540 (True: 0.8000) | SQE: 0.002913
2026-04-27 12:16:35 | INFO |   eta: 0.3005 (True: 0.3000) | SQE: 0.000000
2026-04-27 12:16:35 | INFO | Concurrent low-rank optimizer diagnostics:
2026-04-27 12:16:35 | INFO |   penalized_objective: 0.511805
2026-04-27 12:16:35 | INFO |   mple_loss_without_penalty: 0.487157
2026-04-27 12:16:35 | INFO |   lambda_uv_ridge: 18.000000
2026-04-27 12:16:35 | INFO |   u_frobenius_norm: 15.716642
2026-04-27 12:16:35 | INFO |   v_frobenius_norm: 15.729728
2026-04-27 12:16:35 | INFO |   effective_rank: 10.000000
2026-04-27 12:16:35 | INFO | Field and interaction diagnostics:
2026-04-27 12:16:35 | INFO |   field_rmse: 0.130246
2026-04-27 12:16:35 | INFO |   interaction_fro_error: 0.509659
2026-04-27 12:16:35 | INFO |   estimated_field_max_abs_entry: 0.830314
2026-04-27 12:16:35 | INFO |   estimated_field_rank: 10.000000
2026-04-27 12:16:35 | INFO |   true_field_max_abs_entry: 0.000000
2026-04-27 12:16:35 | INFO |   true_field_rank: 0.000000
2026-04-27 12:16:35 | INFO | Saved summary table to /orcd/home/002/phevosp/MPLE-Causal-Inference/experiments/SyntheticHybridExperiments/hybrid_us_county_intervention_uscounty_graph_base/fits/concurrent_rank_10_ws_xi_zero/mple_summary.csv
2026-04-27 12:16:35 | INFO | Log saved to /orcd/home/002/phevosp/MPLE-Causal-Inference/experiments/SyntheticHybridExperiments/hybrid_us_county_intervention_uscounty_graph_base/fits/concurrent_rank_10_ws_xi_zero/mple.log
