2026-04-07 11:31:05 | INFO | Loading data...
2026-04-07 11:31:05 | INFO | Loaded 6 field templates and 1 interaction templates.
2026-04-07 11:31:05 | INFO | Intervention-process model enabled: True
2026-04-07 11:31:05 | INFO | Tau zero-mean enabled: False
2026-04-07 11:31:05 | INFO | Tau smoothness lambda: 0.000000
2026-04-07 11:31:05 | INFO | Running conditional-model MPLE on x with shape=(70, 3203)
2026-04-07 11:31:05 | INFO | Eval 0  |  Loss: 0.691271
2026-04-07 11:31:05 | INFO |   field::log_population: +0.0126,  field::median_household_income: -0.0132,  field::poverty_rate: +0.0640,  field::pct_black: +0.0105,  field::pct_hispanic: -0.0536,  field::pct_in_labor_force: +0.0362,  tau block: mean=+0.0096, std=0.0990, min=-0.2325, max=+0.1960,  beta: -0.0662,  interaction::contiguity: +0.0935,  eta: +0.0049,  zeta: +0.2002,  psi: +0.0189
2026-04-07 11:31:09 | INFO | Done fitting.
2026-04-07 11:31:09 | INFO | Optimizer status: CONVERGENCE: RELATIVE REDUCTION OF F <= FACTR*EPSMCH
2026-04-07 11:31:09 | INFO | Final Loss: 0.152911
2026-04-07 11:31:09 | INFO | Estimated Parameters:
2026-04-07 11:31:09 | INFO |   field::log_population: 0.1631
2026-04-07 11:31:09 | INFO |   field::median_household_income: -0.2687
2026-04-07 11:31:09 | INFO |   field::poverty_rate: -0.0363
2026-04-07 11:31:09 | INFO |   field::pct_black: -0.1863
2026-04-07 11:31:09 | INFO |   field::pct_hispanic: -0.1047
2026-04-07 11:31:09 | INFO |   field::pct_in_labor_force: 0.0870
2026-04-07 11:31:09 | INFO |   tau::t_0: -0.1684
2026-04-07 11:31:09 | INFO |   tau::t_1: -0.1515
2026-04-07 11:31:09 | INFO |   tau::t_2: -0.1926
2026-04-07 11:31:09 | INFO |   tau::t_3: -0.2258
2026-04-07 11:31:09 | INFO |   tau::t_4: -0.2444
2026-04-07 11:31:09 | INFO |   tau::t_5: -0.3771
2026-04-07 11:31:09 | INFO |   tau::t_6: -0.0014
2026-04-07 11:31:09 | INFO |   tau::t_7: -0.2235
2026-04-07 11:31:09 | INFO |   tau::t_8: -0.0349
2026-04-07 11:31:09 | INFO |   tau::t_9: -0.1004
2026-04-07 11:31:09 | INFO |   tau::t_10: -0.0248
2026-04-07 11:31:09 | INFO |   tau::t_11: -0.1124
2026-04-07 11:31:09 | INFO |   tau::t_12: -0.0205
2026-04-07 11:31:09 | INFO |   tau::t_13: -0.0800
2026-04-07 11:31:09 | INFO |   tau::t_14: -0.2328
2026-04-07 11:31:09 | INFO |   tau::t_15: -0.2332
2026-04-07 11:31:09 | INFO |   tau::t_16: -0.3303
2026-04-07 11:31:09 | INFO |   tau::t_17: -0.3693
2026-04-07 11:31:09 | INFO |   tau::t_18: -0.5372
2026-04-07 11:31:09 | INFO |   tau::t_19: -0.3929
2026-04-07 11:31:09 | INFO |   tau::t_20: -0.7724
2026-04-07 11:31:09 | INFO |   tau::t_21: -0.4829
2026-04-07 11:31:09 | INFO |   tau::t_22: -0.6652
2026-04-07 11:31:09 | INFO |   tau::t_23: -0.5596
2026-04-07 11:31:09 | INFO |   tau::t_24: -0.5597
2026-04-07 11:31:09 | INFO |   tau::t_25: -0.2868
2026-04-07 11:31:09 | INFO |   tau::t_26: -0.1717
2026-04-07 11:31:09 | INFO |   tau::t_27: 0.0788
2026-04-07 11:31:09 | INFO |   tau::t_28: 0.2465
2026-04-07 11:31:09 | INFO |   tau::t_29: 0.2399
2026-04-07 11:31:09 | INFO |   tau::t_30: 0.2658
2026-04-07 11:31:09 | INFO |   tau::t_31: 0.2364
2026-04-07 11:31:09 | INFO |   tau::t_32: 0.2215
2026-04-07 11:31:09 | INFO |   tau::t_33: 0.1948
2026-04-07 11:31:09 | INFO |   tau::t_34: 0.0382
2026-04-07 11:31:09 | INFO |   tau::t_35: 0.1759
2026-04-07 11:31:09 | INFO |   tau::t_36: -0.0555
2026-04-07 11:31:09 | INFO |   tau::t_37: -0.1103
2026-04-07 11:31:09 | INFO |   tau::t_38: -0.1215
2026-04-07 11:31:09 | INFO |   tau::t_39: -0.1679
2026-04-07 11:31:09 | INFO |   tau::t_40: -0.1893
2026-04-07 11:31:09 | INFO |   tau::t_41: -0.0138
2026-04-07 11:31:09 | INFO |   tau::t_42: -0.0401
2026-04-07 11:31:09 | INFO |   tau::t_43: 0.0505
2026-04-07 11:31:09 | INFO |   tau::t_44: 0.0857
2026-04-07 11:31:09 | INFO |   tau::t_45: -0.3156
2026-04-07 11:31:09 | INFO |   tau::t_46: 0.3560
2026-04-07 11:31:09 | INFO |   tau::t_47: -0.0040
2026-04-07 11:31:09 | INFO |   tau::t_48: -0.0417
2026-04-07 11:31:09 | INFO |   tau::t_49: -0.0235
2026-04-07 11:31:09 | INFO |   tau::t_50: 0.5170
2026-04-07 11:31:09 | INFO |   tau::t_51: 0.8342
2026-04-07 11:31:09 | INFO |   tau::t_52: 0.8954
2026-04-07 11:31:09 | INFO |   tau::t_53: 1.2175
2026-04-07 11:31:09 | INFO |   tau::t_54: 1.2097
2026-04-07 11:31:09 | INFO |   tau::t_55: 0.3562
2026-04-07 11:31:09 | INFO |   tau::t_56: -0.2061
2026-04-07 11:31:09 | INFO |   tau::t_57: -0.3434
2026-04-07 11:31:09 | INFO |   tau::t_58: -0.4020
2026-04-07 11:31:09 | INFO |   tau::t_59: -0.2066
2026-04-07 11:31:09 | INFO |   tau::t_60: -0.2175
2026-04-07 11:31:09 | INFO |   tau::t_61: -0.2205
2026-04-07 11:31:09 | INFO |   tau::t_62: -0.3442
2026-04-07 11:31:09 | INFO |   tau::t_63: -0.3893
2026-04-07 11:31:09 | INFO |   tau::t_64: -0.3367
2026-04-07 11:31:09 | INFO |   tau::t_65: -0.1852
2026-04-07 11:31:09 | INFO |   tau::t_66: -0.0661
2026-04-07 11:31:09 | INFO |   tau::t_67: -0.1414
2026-04-07 11:31:09 | INFO |   tau::t_68: 0.0134
2026-04-07 11:31:09 | INFO |   tau::t_69: -0.0007
2026-04-07 11:31:09 | INFO |   beta: -0.0227
2026-04-07 11:31:09 | INFO |   interaction::contiguity: 2.6026
2026-04-07 11:31:09 | INFO |   eta: 0.5454
2026-04-07 11:31:09 | INFO |   zeta: -0.5224
2026-04-07 11:31:09 | INFO |   psi: 2.2659
2026-04-07 11:31:09 | INFO | Saved summary tables to C:\Users\phevo\Documents\MIT\Code\MPLE-Causal-Inference\experiments\USCountyVaccination_US_tau_unrestricted\outcome_case_rate_100k_ge_200__intervention_complete_cov_ge_10__lag_0w__contiguity\mple_summary.csv and C:\Users\phevo\Documents\MIT\Code\MPLE-Causal-Inference\experiments\USCountyVaccination_US_tau_unrestricted\outcome_case_rate_100k_ge_200__intervention_complete_cov_ge_10__lag_0w__contiguity\mple_summary.md
2026-04-07 11:31:09 | INFO | Log saved to C:\Users\phevo\Documents\MIT\Code\MPLE-Causal-Inference\experiments\USCountyVaccination_US_tau_unrestricted\outcome_case_rate_100k_ge_200__intervention_complete_cov_ge_10__lag_0w__contiguity\mple.log
