2026-04-07 11:32:47 | INFO | Loading data...
2026-04-07 11:32:47 | INFO | Loaded 6 field templates and 1 interaction templates.
2026-04-07 11:32:47 | INFO | Intervention-process model enabled: True
2026-04-07 11:32:47 | INFO | Tau zero-mean enabled: True
2026-04-07 11:32:47 | INFO | Tau smoothness lambda: 1.000000
2026-04-07 11:32:47 | INFO | Running conditional-model MPLE on x with shape=(66, 3203)
2026-04-07 11:32:47 | INFO | Eval 0  |  Loss: 0.677088
2026-04-07 11:32:47 | INFO |   field::log_population: +0.0126,  field::median_household_income: -0.0132,  field::poverty_rate: +0.0640,  field::pct_black: +0.0105,  field::pct_hispanic: -0.0536,  field::pct_in_labor_force: +0.0362,  tau block: mean=+0.0000, std=0.0971, min=-0.2414, max=+0.1872,  beta: +0.1004,  interaction::contiguity: -0.0618,  eta: +0.1822,  zeta: -0.1320,  psi: -0.0662
2026-04-07 11:32:51 | INFO | Done fitting.
2026-04-07 11:32:51 | INFO | Optimizer status: CONVERGENCE: RELATIVE REDUCTION OF F <= FACTR*EPSMCH
2026-04-07 11:32:51 | INFO | Final Loss: 0.151082
2026-04-07 11:32:51 | INFO | Estimated Parameters:
2026-04-07 11:32:51 | INFO |   field::log_population: 0.1733
2026-04-07 11:32:51 | INFO |   field::median_household_income: -0.2940
2026-04-07 11:32:51 | INFO |   field::poverty_rate: -0.0242
2026-04-07 11:32:51 | INFO |   field::pct_black: -0.2333
2026-04-07 11:32:51 | INFO |   field::pct_hispanic: -0.1461
2026-04-07 11:32:51 | INFO |   field::pct_in_labor_force: 0.0739
2026-04-07 11:32:51 | INFO |   tau::t_0: -0.2736
2026-04-07 11:32:51 | INFO |   tau::t_1: -0.3940
2026-04-07 11:32:51 | INFO |   tau::t_2: -0.0248
2026-04-07 11:32:51 | INFO |   tau::t_3: -0.2393
2026-04-07 11:32:51 | INFO |   tau::t_4: -0.0673
2026-04-07 11:32:51 | INFO |   tau::t_5: -0.1318
2026-04-07 11:32:51 | INFO |   tau::t_6: -0.0516
2026-04-07 11:32:51 | INFO |   tau::t_7: -0.1218
2026-04-07 11:32:51 | INFO |   tau::t_8: -0.0050
2026-04-07 11:32:51 | INFO |   tau::t_9: -0.0522
2026-04-07 11:32:51 | INFO |   tau::t_10: -0.1892
2026-04-07 11:32:51 | INFO |   tau::t_11: -0.1806
2026-04-07 11:32:51 | INFO |   tau::t_12: -0.2677
2026-04-07 11:32:51 | INFO |   tau::t_13: -0.2976
2026-04-07 11:32:51 | INFO |   tau::t_14: -0.4456
2026-04-07 11:32:51 | INFO |   tau::t_15: -0.3134
2026-04-07 11:32:51 | INFO |   tau::t_16: -0.6232
2026-04-07 11:32:51 | INFO |   tau::t_17: -0.3895
2026-04-07 11:32:51 | INFO |   tau::t_18: -0.5438
2026-04-07 11:32:51 | INFO |   tau::t_19: -0.4619
2026-04-07 11:32:51 | INFO |   tau::t_20: -0.4609
2026-04-07 11:32:51 | INFO |   tau::t_21: -0.2112
2026-04-07 11:32:51 | INFO |   tau::t_22: -0.1041
2026-04-07 11:32:51 | INFO |   tau::t_23: 0.1315
2026-04-07 11:32:51 | INFO |   tau::t_24: 0.2909
2026-04-07 11:32:51 | INFO |   tau::t_25: 0.2810
2026-04-07 11:32:51 | INFO |   tau::t_26: 0.3087
2026-04-07 11:32:51 | INFO |   tau::t_27: 0.2776
2026-04-07 11:32:51 | INFO |   tau::t_28: 0.2619
2026-04-07 11:32:51 | INFO |   tau::t_29: 0.2345
2026-04-07 11:32:51 | INFO |   tau::t_30: 0.0770
2026-04-07 11:32:51 | INFO |   tau::t_31: 0.2133
2026-04-07 11:32:51 | INFO |   tau::t_32: -0.0251
2026-04-07 11:32:51 | INFO |   tau::t_33: -0.0788
2026-04-07 11:32:51 | INFO |   tau::t_34: -0.0893
2026-04-07 11:32:51 | INFO |   tau::t_35: -0.1328
2026-04-07 11:32:51 | INFO |   tau::t_36: -0.1510
2026-04-07 11:32:51 | INFO |   tau::t_37: 0.0261
2026-04-07 11:32:51 | INFO |   tau::t_38: 0.0012
2026-04-07 11:32:51 | INFO |   tau::t_39: 0.0907
2026-04-07 11:32:51 | INFO |   tau::t_40: 0.1334
2026-04-07 11:32:51 | INFO |   tau::t_41: -0.2675
2026-04-07 11:32:51 | INFO |   tau::t_42: 0.4045
2026-04-07 11:32:51 | INFO |   tau::t_43: 0.0474
2026-04-07 11:32:51 | INFO |   tau::t_44: 0.0097
2026-04-07 11:32:51 | INFO |   tau::t_45: 0.0264
2026-04-07 11:32:51 | INFO |   tau::t_46: 0.5632
2026-04-07 11:32:51 | INFO |   tau::t_47: 0.8992
2026-04-07 11:32:51 | INFO |   tau::t_48: 1.0244
2026-04-07 11:32:51 | INFO |   tau::t_49: 1.4855
2026-04-07 11:32:51 | INFO |   tau::t_50: 1.4652
2026-04-07 11:32:51 | INFO |   tau::t_51: 0.4186
2026-04-07 11:32:51 | INFO |   tau::t_52: -0.1654
2026-04-07 11:32:51 | INFO |   tau::t_53: -0.3022
2026-04-07 11:32:51 | INFO |   tau::t_54: -0.3486
2026-04-07 11:32:51 | INFO |   tau::t_55: -0.1470
2026-04-07 11:32:51 | INFO |   tau::t_56: -0.1510
2026-04-07 11:32:51 | INFO |   tau::t_57: -0.1469
2026-04-07 11:32:51 | INFO |   tau::t_58: -0.2586
2026-04-07 11:32:51 | INFO |   tau::t_59: -0.3014
2026-04-07 11:32:51 | INFO |   tau::t_60: -0.2464
2026-04-07 11:32:51 | INFO |   tau::t_61: -0.1034
2026-04-07 11:32:51 | INFO |   tau::t_62: 0.0094
2026-04-07 11:32:51 | INFO |   tau::t_63: -0.0643
2026-04-07 11:32:51 | INFO |   tau::t_64: 0.0839
2026-04-07 11:32:51 | INFO |   tau::t_65: 0.0645
2026-04-07 11:32:51 | INFO |   beta: -0.0630
2026-04-07 11:32:51 | INFO |   interaction::contiguity: 2.6574
2026-04-07 11:32:51 | INFO |   eta: 0.5485
2026-04-07 11:32:51 | INFO |   zeta: -0.5005
2026-04-07 11:32:51 | INFO |   psi: 2.2629
2026-04-07 11:32:51 | INFO | Saved summary tables to C:\Users\phevo\Documents\MIT\Code\MPLE-Causal-Inference\experiments\USCountyVaccination_US_tau_zero_mean_smooth\outcome_case_rate_100k_ge_200__intervention_complete_cov_ge_10__lag_4w__contiguity\mple_summary.csv and C:\Users\phevo\Documents\MIT\Code\MPLE-Causal-Inference\experiments\USCountyVaccination_US_tau_zero_mean_smooth\outcome_case_rate_100k_ge_200__intervention_complete_cov_ge_10__lag_4w__contiguity\mple_summary.md
2026-04-07 11:32:51 | INFO | Log saved to C:\Users\phevo\Documents\MIT\Code\MPLE-Causal-Inference\experiments\USCountyVaccination_US_tau_zero_mean_smooth\outcome_case_rate_100k_ge_200__intervention_complete_cov_ge_10__lag_4w__contiguity\mple.log
