2026-04-07 13:27:31 | INFO | Loading data...
2026-04-07 13:27:31 | INFO | Loaded 6 field templates and 1 interaction templates.
2026-04-07 13:27:31 | INFO | Intervention-process model enabled: True
2026-04-07 13:27:31 | INFO | Tau zero-mean enabled: False
2026-04-07 13:27:31 | INFO | Tau smoothness lambda: 0.000000
2026-04-07 13:27:31 | INFO | Running conditional-model MPLE on x with shape=(67, 3203)
2026-04-07 13:27:31 | INFO | Eval 0  |  Loss: 0.675653
2026-04-07 13:27:31 | INFO |   field::log_population: +0.0126,  field::median_household_income: -0.0132,  field::poverty_rate: +0.0640,  field::pct_black: +0.0105,  field::pct_hispanic: -0.0536,  field::pct_in_labor_force: +0.0362,  tau block: mean=+0.0102, std=0.0970, min=-0.2325, max=+0.1960,  beta: -0.0618,  interaction::contiguity: +0.1822,  eta: -0.1320,  zeta: -0.0662,  psi: +0.0935
2026-04-07 13:27:36 | INFO | Done fitting.
2026-04-07 13:27:36 | INFO | Optimizer status: CONVERGENCE: RELATIVE REDUCTION OF F <= FACTR*EPSMCH
2026-04-07 13:27:36 | INFO | Final Loss: 0.154031
2026-04-07 13:27:36 | INFO | Estimated Parameters:
2026-04-07 13:27:36 | INFO |   field::log_population: 0.3167
2026-04-07 13:27:36 | INFO |   field::median_household_income: -0.2387
2026-04-07 13:27:36 | INFO |   field::poverty_rate: -0.0425
2026-04-07 13:27:36 | INFO |   field::pct_black: -0.1669
2026-04-07 13:27:36 | INFO |   field::pct_hispanic: -0.1426
2026-04-07 13:27:36 | INFO |   field::pct_in_labor_force: 0.1006
2026-04-07 13:27:36 | INFO |   tau::t_0: 0.1383
2026-04-07 13:27:36 | INFO |   tau::t_1: 0.0368
2026-04-07 13:27:36 | INFO |   tau::t_2: -0.0894
2026-04-07 13:27:36 | INFO |   tau::t_3: 0.1903
2026-04-07 13:27:36 | INFO |   tau::t_4: -0.0099
2026-04-07 13:27:36 | INFO |   tau::t_5: 0.1202
2026-04-07 13:27:36 | INFO |   tau::t_6: 0.1241
2026-04-07 13:27:36 | INFO |   tau::t_7: 0.2125
2026-04-07 13:27:36 | INFO |   tau::t_8: 0.1274
2026-04-07 13:27:36 | INFO |   tau::t_9: 0.2588
2026-04-07 13:27:36 | INFO |   tau::t_10: 0.1861
2026-04-07 13:27:36 | INFO |   tau::t_11: 0.0898
2026-04-07 13:27:36 | INFO |   tau::t_12: 0.1296
2026-04-07 13:27:36 | INFO |   tau::t_13: 0.0389
2026-04-07 13:27:36 | INFO |   tau::t_14: -0.0279
2026-04-07 13:27:36 | INFO |   tau::t_15: -0.0550
2026-04-07 13:27:36 | INFO |   tau::t_16: -0.0116
2026-04-07 13:27:36 | INFO |   tau::t_17: -0.2107
2026-04-07 13:27:36 | INFO |   tau::t_18: -0.0173
2026-04-07 13:27:36 | INFO |   tau::t_19: -0.2004
2026-04-07 13:27:36 | INFO |   tau::t_20: -0.1456
2026-04-07 13:27:36 | INFO |   tau::t_21: -0.0899
2026-04-07 13:27:36 | INFO |   tau::t_22: 0.1061
2026-04-07 13:27:36 | INFO |   tau::t_23: 0.2167
2026-04-07 13:27:36 | INFO |   tau::t_24: 0.3734
2026-04-07 13:27:36 | INFO |   tau::t_25: 0.4326
2026-04-07 13:27:36 | INFO |   tau::t_26: 0.4721
2026-04-07 13:27:36 | INFO |   tau::t_27: 0.5263
2026-04-07 13:27:36 | INFO |   tau::t_28: 0.4451
2026-04-07 13:27:36 | INFO |   tau::t_29: 0.5498
2026-04-07 13:27:36 | INFO |   tau::t_30: 0.5402
2026-04-07 13:27:36 | INFO |   tau::t_31: 0.4280
2026-04-07 13:27:36 | INFO |   tau::t_32: 0.5849
2026-04-07 13:27:36 | INFO |   tau::t_33: 0.5325
2026-04-07 13:27:36 | INFO |   tau::t_34: 0.3520
2026-04-07 13:27:36 | INFO |   tau::t_35: 0.2358
2026-04-07 13:27:36 | INFO |   tau::t_36: 0.1049
2026-04-07 13:27:36 | INFO |   tau::t_37: 0.1470
2026-04-07 13:27:36 | INFO |   tau::t_38: 0.1052
2026-04-07 13:27:36 | INFO |   tau::t_39: 0.1483
2026-04-07 13:27:36 | INFO |   tau::t_40: 0.2363
2026-04-07 13:27:36 | INFO |   tau::t_41: 0.2788
2026-04-07 13:27:36 | INFO |   tau::t_42: -0.0552
2026-04-07 13:27:36 | INFO |   tau::t_43: 0.6041
2026-04-07 13:27:36 | INFO |   tau::t_44: 0.2851
2026-04-07 13:27:36 | INFO |   tau::t_45: 0.2569
2026-04-07 13:27:36 | INFO |   tau::t_46: 0.2896
2026-04-07 13:27:36 | INFO |   tau::t_47: 0.7572
2026-04-07 13:27:36 | INFO |   tau::t_48: 1.2912
2026-04-07 13:27:36 | INFO |   tau::t_49: 1.3498
2026-04-07 13:27:36 | INFO |   tau::t_50: 2.1018
2026-04-07 13:27:36 | INFO |   tau::t_51: 2.0758
2026-04-07 13:27:36 | INFO |   tau::t_52: 1.2456
2026-04-07 13:27:36 | INFO |   tau::t_53: 0.5238
2026-04-07 13:27:36 | INFO |   tau::t_54: 0.1023
2026-04-07 13:27:36 | INFO |   tau::t_55: -0.1695
2026-04-07 13:27:36 | INFO |   tau::t_56: -0.1152
2026-04-07 13:27:36 | INFO |   tau::t_57: -0.0904
2026-04-07 13:27:36 | INFO |   tau::t_58: -0.0204
2026-04-07 13:27:36 | INFO |   tau::t_59: 0.0069
2026-04-07 13:27:36 | INFO |   tau::t_60: -0.0417
2026-04-07 13:27:36 | INFO |   tau::t_61: 0.0548
2026-04-07 13:27:36 | INFO |   tau::t_62: 0.0350
2026-04-07 13:27:36 | INFO |   tau::t_63: 0.2407
2026-04-07 13:27:36 | INFO |   tau::t_64: 0.1700
2026-04-07 13:27:36 | INFO |   tau::t_65: 0.2559
2026-04-07 13:27:36 | INFO |   tau::t_66: 0.2754
2026-04-07 13:27:36 | INFO |   beta: 0.1557
2026-04-07 13:27:36 | INFO |   interaction::contiguity: 2.4536
2026-04-07 13:27:36 | INFO |   eta: 0.5053
2026-04-07 13:27:36 | INFO |   zeta: 0.0778
2026-04-07 13:27:36 | INFO |   psi: 3.7160
2026-04-07 13:27:36 | INFO | Saved summary tables to C:\Users\phevo\Documents\MIT\Code\MPLE-Causal-Inference\experiments\USCountyVaccination_US\USCountyVaccination_US_tau_unrestricted\outcome_case_rate_100k_ge_100__intervention_complete_cov_ge_80__lag_3w__contiguity\mple_summary.csv and C:\Users\phevo\Documents\MIT\Code\MPLE-Causal-Inference\experiments\USCountyVaccination_US\USCountyVaccination_US_tau_unrestricted\outcome_case_rate_100k_ge_100__intervention_complete_cov_ge_80__lag_3w__contiguity\mple_summary.md
2026-04-07 13:27:36 | INFO | Log saved to C:\Users\phevo\Documents\MIT\Code\MPLE-Causal-Inference\experiments\USCountyVaccination_US\USCountyVaccination_US_tau_unrestricted\outcome_case_rate_100k_ge_100__intervention_complete_cov_ge_80__lag_3w__contiguity\mple.log
