2026-05-01 20:51:10 | INFO | Loading data...
2026-05-01 20:51:10 | INFO | Using panel artifact: /orcd/home/002/phevosp/MPLE-Causal-Inference/experiments/SyntheticHybridExperimentsFinal/base/panel_data.npz
2026-05-01 20:51:10 | INFO | Using x_0 artifact: /orcd/home/002/phevosp/MPLE-Causal-Inference/experiments/SyntheticHybridExperimentsFinal/base/x_0.npy
2026-05-01 20:51:10 | INFO | Using fit config: /orcd/home/002/phevosp/MPLE-Causal-Inference/experiments/SyntheticHybridExperimentsFinal/base/cv_runs/alternating_uv_grid/candidates/alternating_uv_grid_candidate_0007/fold_6/fit_realized_config.yaml
2026-05-01 20:51:10 | INFO | Using model artifact directory: /orcd/home/002/phevosp/MPLE-Causal-Inference/experiments/SyntheticHybridExperimentsFinal/base
2026-05-01 20:51:10 | INFO | Using truth artifact directory: /orcd/home/002/phevosp/MPLE-Causal-Inference/experiments/SyntheticHybridExperimentsFinal/base
2026-05-01 20:51:10 | INFO | Using loss mask artifact: /orcd/home/002/phevosp/MPLE-Causal-Inference/experiments/SyntheticHybridExperimentsFinal/base/cv_runs/alternating_uv_grid/candidates/alternating_uv_grid_candidate_0007/fold_6/loss_mask.npy
2026-05-01 20:51:10 | INFO | Configured optimizer mode: alternating_latent_rank
2026-05-01 20:51:10 | INFO | Configured latent rank: 3
2026-05-01 20:51:10 | INFO | Using a fixed known graph with scalar xi.
2026-05-01 20:51:10 | INFO | Fit-time hard bounds active: False
2026-05-01 20:51:10 | INFO | Fixed scalar parameters: {}
2026-05-01 20:51:10 | INFO | Warm-start fixed scalars: {} for 0 steps
2026-05-01 20:51:10 | INFO | Beta mask before s: False with s=0
2026-05-01 20:51:10 | INFO | Beta mask after e: False with e=11
2026-05-01 20:51:10 | INFO | Alternating V-column L2-ball constraint active with radius 1.0
2026-05-01 20:51:10 | INFO | Optimizer settings: steps=2000, tol=1e-07, n_starts=1, seed=0, lambda_nuclear=0.0, lambda_frobenius=0.0, lambda_uv_ridge=1.0, v_column_l2_max=1.0, proximal_lr=1.0
2026-05-01 20:51:10 | INFO | Alternating low-rank start 1/1 | seed=0 | initial_loss=0.841862 | initial_penalized=0.842127
2026-05-01 20:51:10 | INFO | Alternating low-rank iter 0 | Loss: 0.616721 | Penalized: 0.626939
2026-05-01 20:51:12 | INFO | Alternating low-rank iter 100 | Loss: 0.579638 | Penalized: 0.591761
2026-05-01 20:51:13 | INFO | Alternating low-rank iter 200 | Loss: 0.578964 | Penalized: 0.591135
2026-05-01 20:51:14 | INFO | Alternating low-rank iter 300 | Loss: 0.578895 | Penalized: 0.591086
2026-05-01 20:51:14 | INFO | Done fitting.
2026-05-01 20:51:14 | INFO | Optimizer status: CONVERGED: alternating objective tolerance reached
2026-05-01 20:51:14 | INFO | Best optimizer start: 1 / 1
2026-05-01 20:51:14 | INFO | Final Loss: 0.578894
2026-05-01 20:51:14 | INFO | Estimated vs True Parameters:
2026-05-01 20:51:14 | INFO |   beta: -0.3093 (True: -0.3000) | SQE: 0.000087
2026-05-01 20:51:14 | INFO |   xi: 0.8606 (True: 0.8000) | SQE: 0.003671
2026-05-01 20:51:14 | INFO |   eta: 0.3046 (True: 0.3000) | SQE: 0.000021
2026-05-01 20:51:14 | INFO | Alternating low-rank optimizer diagnostics:
2026-05-01 20:51:14 | INFO |   penalized_objective: 0.591085
2026-05-01 20:51:14 | INFO |   mple_loss_without_penalty: 0.578894
2026-05-01 20:51:14 | INFO |   lambda_uv_ridge: 1.000000
2026-05-01 20:51:14 | INFO |   u_frobenius_norm: 14.399725
2026-05-01 20:51:14 | INFO |   v_frobenius_norm: 1.732051
2026-05-01 20:51:14 | INFO |   effective_rank: 3.000000
2026-05-01 20:51:14 | INFO | Field and interaction diagnostics:
2026-05-01 20:51:14 | INFO |   field_rmse: 0.091346
2026-05-01 20:51:14 | INFO |   interaction_fro_error: 0.214659
2026-05-01 20:51:14 | INFO |   estimated_field_max_abs_entry: 0.452435
2026-05-01 20:51:14 | INFO |   estimated_field_rank: 3.000000
2026-05-01 20:51:14 | INFO |   true_field_max_abs_entry: 0.000000
2026-05-01 20:51:14 | INFO |   true_field_rank: 0.000000
2026-05-01 20:51:15 | INFO | Saved summary table to /orcd/home/002/phevosp/MPLE-Causal-Inference/experiments/SyntheticHybridExperimentsFinal/base/cv_runs/alternating_uv_grid/candidates/alternating_uv_grid_candidate_0007/fold_6/mple_summary.csv
2026-05-01 20:51:15 | INFO | Log saved to /orcd/home/002/phevosp/MPLE-Causal-Inference/experiments/SyntheticHybridExperimentsFinal/base/cv_runs/alternating_uv_grid/candidates/alternating_uv_grid_candidate_0007/fold_6/mple.log
