2026-04-12 13:14:01 | INFO | Loading data...
2026-04-12 13:14:01 | INFO | Using panel artifact: C:\Users\phevo\Documents\MIT\Code\MPLE-Causal-Inference\experiments\SyntheticHybridExperiments\synthetic_rank_6_b1\panel_data.npz
2026-04-12 13:14:01 | INFO | Using x_0 artifact: C:\Users\phevo\Documents\MIT\Code\MPLE-Causal-Inference\experiments\SyntheticHybridExperiments\synthetic_rank_6_b1\x_0.npy
2026-04-12 13:14:01 | INFO | Using z_0 artifact: C:\Users\phevo\Documents\MIT\Code\MPLE-Causal-Inference\experiments\SyntheticHybridExperiments\synthetic_rank_6_b1\z_0.npy
2026-04-12 13:14:01 | INFO | Using fit config: C:\Users\phevo\Documents\MIT\Code\MPLE-Causal-Inference\experiments\SyntheticHybridExperiments\synthetic_rank_6_b1\fits\rank_40_b1_fixed_xi\fit_realized_config.yaml
2026-04-12 13:14:01 | INFO | Using model artifact directory: C:\Users\phevo\Documents\MIT\Code\MPLE-Causal-Inference\experiments\SyntheticHybridExperiments\synthetic_rank_6_b1
2026-04-12 13:14:01 | INFO | Using truth artifact directory: C:\Users\phevo\Documents\MIT\Code\MPLE-Causal-Inference\experiments\SyntheticHybridExperiments\synthetic_rank_6_b1
2026-04-12 13:14:02 | INFO | Configured latent rank: 40
2026-04-12 13:14:02 | INFO | Using a fixed known graph with scalar xi.
2026-04-12 13:14:02 | INFO | Intervention-process model enabled: True
2026-04-12 13:14:02 | INFO | Global temperature bound B active: True
2026-04-12 13:14:02 | INFO | Effective xi bound from interaction constraint: 1.000000
2026-04-12 13:14:02 | INFO | Beta mask pre-intervention enabled: False
2026-04-12 13:14:02 | INFO | Beta mask rescale enabled: False
2026-04-12 13:14:02 | INFO | Fixed scalar parameters: {'xi': 0.0}
2026-04-12 13:14:02 | INFO | Eval 0  |  Loss: 0.708434
2026-04-12 13:14:02 | INFO |   beta: +0.0567,  eta: -0.0042,  zeta: -0.0514,  psi: -0.1078
2026-04-12 13:14:02 | INFO | Eval 100  |  Loss: 0.519474
2026-04-12 13:14:02 | INFO |   beta: +0.4124,  eta: +0.5266,  zeta: -0.5616,  psi: +0.8084
2026-04-12 13:14:03 | INFO | Eval 200  |  Loss: 0.519473
2026-04-12 13:14:03 | INFO |   beta: +0.4104,  eta: +0.5247,  zeta: -0.5529,  psi: +0.8021
2026-04-12 13:14:03 | INFO | Eval 300  |  Loss: 0.519465
2026-04-12 13:14:03 | INFO |   beta: +0.4060,  eta: +0.5214,  zeta: -0.5269,  psi: +0.7786
2026-04-12 13:14:04 | INFO | Eval 400  |  Loss: 0.519211
2026-04-12 13:14:04 | INFO |   beta: +0.4138,  eta: +0.5296,  zeta: -0.5635,  psi: +0.8103
2026-04-12 13:14:04 | INFO | Done fitting.
2026-04-12 13:14:04 | INFO | Optimizer status: CONVERGENCE: RELATIVE REDUCTION OF F <= FACTR*EPSMCH
2026-04-12 13:14:04 | INFO | Final Loss: 0.519211
2026-04-12 13:14:04 | INFO | Estimated vs True Parameters:
2026-04-12 13:14:04 | INFO |   beta: 0.4143 (True: 0.3500) | SQE: 0.004137
2026-04-12 13:14:04 | INFO |   xi: 0.0000 (True: 0.7500) | SQE: 0.562500
2026-04-12 13:14:04 | INFO |   eta: 0.5290 (True: 0.4800) | SQE: 0.002403
2026-04-12 13:14:04 | INFO |   zeta: -0.5630 (True: -0.5500) | SQE: 0.000169
2026-04-12 13:14:04 | INFO |   psi: 0.8102 (True: 0.8000) | SQE: 0.000105
2026-04-12 13:14:04 | INFO | Field and interaction diagnostics:
2026-04-12 13:14:04 | INFO |   field_rmse: 0.002288
2026-04-12 13:14:04 | INFO |   interaction_fro_error: 1.995531
2026-04-12 13:14:04 | INFO |   estimated_field_inf_norm: 1.000000
2026-04-12 13:14:04 | INFO |   estimated_field_rank: 40.000000
2026-04-12 13:14:04 | INFO |   bound_B: 1.000000
2026-04-12 13:14:04 | INFO |   true_field_inf_norm: 1.000000
2026-04-12 13:14:04 | INFO |   true_field_rank: 6.000000
2026-04-12 13:14:04 | INFO | Saved summary tables to C:\Users\phevo\Documents\MIT\Code\MPLE-Causal-Inference\experiments\SyntheticHybridExperiments\synthetic_rank_6_b1\fits\rank_40_b1_fixed_xi\mple_summary.csv and C:\Users\phevo\Documents\MIT\Code\MPLE-Causal-Inference\experiments\SyntheticHybridExperiments\synthetic_rank_6_b1\fits\rank_40_b1_fixed_xi\mple_summary.md
2026-04-12 13:14:04 | INFO | Log saved to C:\Users\phevo\Documents\MIT\Code\MPLE-Causal-Inference\experiments\SyntheticHybridExperiments\synthetic_rank_6_b1\fits\rank_40_b1_fixed_xi\mple.log
