2026-04-07 13:24:31 | INFO | Loading data...
2026-04-07 13:24:31 | INFO | Loaded 6 field templates and 1 interaction templates.
2026-04-07 13:24:31 | INFO | Intervention-process model enabled: True
2026-04-07 13:24:31 | INFO | Tau zero-mean enabled: False
2026-04-07 13:24:31 | INFO | Tau smoothness lambda: 0.000000
2026-04-07 13:24:31 | INFO | Running conditional-model MPLE on x with shape=(68, 3203)
2026-04-07 13:24:31 | INFO | Eval 0  |  Loss: 0.693152
2026-04-07 13:24:31 | INFO |   field::log_population: +0.0126,  field::median_household_income: -0.0132,  field::poverty_rate: +0.0640,  field::pct_black: +0.0105,  field::pct_hispanic: -0.0536,  field::pct_in_labor_force: +0.0362,  tau block: mean=+0.0092, std=0.0967, min=-0.2325, max=+0.1960,  beta: +0.1822,  interaction::contiguity: -0.1320,  eta: -0.0662,  zeta: +0.0935,  psi: +0.0049
2026-04-07 13:24:34 | INFO | Done fitting.
2026-04-07 13:24:34 | INFO | Optimizer status: CONVERGENCE: RELATIVE REDUCTION OF F <= FACTR*EPSMCH
2026-04-07 13:24:34 | INFO | Final Loss: 0.273723
2026-04-07 13:24:34 | INFO | Estimated Parameters:
2026-04-07 13:24:34 | INFO |   field::log_population: 0.9842
2026-04-07 13:24:34 | INFO |   field::median_household_income: -1.1301
2026-04-07 13:24:34 | INFO |   field::poverty_rate: -0.6004
2026-04-07 13:24:34 | INFO |   field::pct_black: -0.0884
2026-04-07 13:24:34 | INFO |   field::pct_hispanic: -0.3360
2026-04-07 13:24:34 | INFO |   field::pct_in_labor_force: -0.0665
2026-04-07 13:24:34 | INFO |   tau::t_0: -0.0462
2026-04-07 13:24:34 | INFO |   tau::t_1: -0.0566
2026-04-07 13:24:34 | INFO |   tau::t_2: -0.1239
2026-04-07 13:24:34 | INFO |   tau::t_3: -0.2269
2026-04-07 13:24:34 | INFO |   tau::t_4: -0.1582
2026-04-07 13:24:34 | INFO |   tau::t_5: -0.2098
2026-04-07 13:24:34 | INFO |   tau::t_6: -0.2847
2026-04-07 13:24:34 | INFO |   tau::t_7: -0.3578
2026-04-07 13:24:34 | INFO |   tau::t_8: -0.3683
2026-04-07 13:24:34 | INFO |   tau::t_9: -0.4106
2026-04-07 13:24:34 | INFO |   tau::t_10: -0.3864
2026-04-07 13:24:34 | INFO |   tau::t_11: -0.3788
2026-04-07 13:24:34 | INFO |   tau::t_12: -0.4402
2026-04-07 13:24:34 | INFO |   tau::t_13: -0.4552
2026-04-07 13:24:34 | INFO |   tau::t_14: -0.4438
2026-04-07 13:24:34 | INFO |   tau::t_15: -0.4698
2026-04-07 13:24:34 | INFO |   tau::t_16: -0.4868
2026-04-07 13:24:34 | INFO |   tau::t_17: -0.3950
2026-04-07 13:24:34 | INFO |   tau::t_18: -0.5760
2026-04-07 13:24:34 | INFO |   tau::t_19: -0.5308
2026-04-07 13:24:34 | INFO |   tau::t_20: -0.6687
2026-04-07 13:24:34 | INFO |   tau::t_21: -0.6783
2026-04-07 13:24:34 | INFO |   tau::t_22: -0.7071
2026-04-07 13:24:34 | INFO |   tau::t_23: -0.7874
2026-04-07 13:24:34 | INFO |   tau::t_24: -0.6693
2026-04-07 13:24:34 | INFO |   tau::t_25: -0.6557
2026-04-07 13:24:34 | INFO |   tau::t_26: -0.6033
2026-04-07 13:24:34 | INFO |   tau::t_27: -0.4662
2026-04-07 13:24:34 | INFO |   tau::t_28: -0.3761
2026-04-07 13:24:34 | INFO |   tau::t_29: -0.3006
2026-04-07 13:24:34 | INFO |   tau::t_30: -0.2457
2026-04-07 13:24:34 | INFO |   tau::t_31: -0.2244
2026-04-07 13:24:34 | INFO |   tau::t_32: -0.1950
2026-04-07 13:24:34 | INFO |   tau::t_33: -0.0879
2026-04-07 13:24:34 | INFO |   tau::t_34: -0.0954
2026-04-07 13:24:34 | INFO |   tau::t_35: -0.0796
2026-04-07 13:24:34 | INFO |   tau::t_36: -0.1319
2026-04-07 13:24:34 | INFO |   tau::t_37: -0.1345
2026-04-07 13:24:34 | INFO |   tau::t_38: -0.1227
2026-04-07 13:24:34 | INFO |   tau::t_39: -0.1439
2026-04-07 13:24:34 | INFO |   tau::t_40: -0.2090
2026-04-07 13:24:34 | INFO |   tau::t_41: -0.2076
2026-04-07 13:24:34 | INFO |   tau::t_42: -0.1923
2026-04-07 13:24:34 | INFO |   tau::t_43: -0.3616
2026-04-07 13:24:34 | INFO |   tau::t_44: -0.1091
2026-04-07 13:24:34 | INFO |   tau::t_45: -0.1826
2026-04-07 13:24:34 | INFO |   tau::t_46: -0.1900
2026-04-07 13:24:34 | INFO |   tau::t_47: -0.2378
2026-04-07 13:24:34 | INFO |   tau::t_48: -0.2081
2026-04-07 13:24:34 | INFO |   tau::t_49: -0.1222
2026-04-07 13:24:34 | INFO |   tau::t_50: -0.1277
2026-04-07 13:24:34 | INFO |   tau::t_51: -0.1082
2026-04-07 13:24:34 | INFO |   tau::t_52: -0.0376
2026-04-07 13:24:34 | INFO |   tau::t_53: 0.0071
2026-04-07 13:24:34 | INFO |   tau::t_54: -0.0032
2026-04-07 13:24:34 | INFO |   tau::t_55: -0.0256
2026-04-07 13:24:34 | INFO |   tau::t_56: -0.0940
2026-04-07 13:24:34 | INFO |   tau::t_57: -0.1421
2026-04-07 13:24:34 | INFO |   tau::t_58: -0.2240
2026-04-07 13:24:34 | INFO |   tau::t_59: -0.2394
2026-04-07 13:24:34 | INFO |   tau::t_60: -0.3262
2026-04-07 13:24:34 | INFO |   tau::t_61: -0.3909
2026-04-07 13:24:34 | INFO |   tau::t_62: -0.4869
2026-04-07 13:24:34 | INFO |   tau::t_63: -0.4540
2026-04-07 13:24:34 | INFO |   tau::t_64: -0.5816
2026-04-07 13:24:34 | INFO |   tau::t_65: -0.5847
2026-04-07 13:24:34 | INFO |   tau::t_66: -0.4327
2026-04-07 13:24:34 | INFO |   tau::t_67: -0.6771
2026-04-07 13:24:34 | INFO |   beta: -0.1428
2026-04-07 13:24:34 | INFO |   interaction::contiguity: 1.3922
2026-04-07 13:24:34 | INFO |   eta: 0.2242
2026-04-07 13:24:34 | INFO |   zeta: -0.0955
2026-04-07 13:24:34 | INFO |   psi: 3.1684
2026-04-07 13:24:34 | INFO | Saved summary tables to C:\Users\phevo\Documents\MIT\Code\MPLE-Causal-Inference\experiments\USCountyVaccination_US\USCountyVaccination_US_tau_unrestricted\outcome_death_rate_100k_ge_2__intervention_complete_cov_ge_70__lag_2w__contiguity\mple_summary.csv and C:\Users\phevo\Documents\MIT\Code\MPLE-Causal-Inference\experiments\USCountyVaccination_US\USCountyVaccination_US_tau_unrestricted\outcome_death_rate_100k_ge_2__intervention_complete_cov_ge_70__lag_2w__contiguity\mple_summary.md
2026-04-07 13:24:34 | INFO | Log saved to C:\Users\phevo\Documents\MIT\Code\MPLE-Causal-Inference\experiments\USCountyVaccination_US\USCountyVaccination_US_tau_unrestricted\outcome_death_rate_100k_ge_2__intervention_complete_cov_ge_70__lag_2w__contiguity\mple.log
