2026-04-25 15:07:23 | INFO | Loading data...
2026-04-25 15:07:23 | INFO | Using panel artifact: /orcd/home/002/phevosp/MPLE-Causal-Inference/experiments/USCountyVaccination_US_trimmed/outcome_death_rate_100k_ge_2__intervention_complete_cov_ge_40__lag_2w__contiguity__start_2020_03_01/panel_data.npz
2026-04-25 15:07:23 | INFO | Using x_0 artifact: /orcd/home/002/phevosp/MPLE-Causal-Inference/experiments/USCountyVaccination_US_trimmed/outcome_death_rate_100k_ge_2__intervention_complete_cov_ge_40__lag_2w__contiguity__start_2020_03_01/x_0.npy
2026-04-25 15:07:23 | INFO | Using fit config: /orcd/home/002/phevosp/MPLE-Causal-Inference/experiments/USCountyVaccination_US_trimmed/outcome_death_rate_100k_ge_2__intervention_complete_cov_ge_40__lag_2w__contiguity__start_2020_03_01/fits/alternating_rank_2_lambda_10_beta_mask/fit_realized_config.yaml
2026-04-25 15:07:23 | INFO | Using model artifact directory: /orcd/home/002/phevosp/MPLE-Causal-Inference/experiments/USCountyVaccination_US_trimmed/outcome_death_rate_100k_ge_2__intervention_complete_cov_ge_40__lag_2w__contiguity__start_2020_03_01
2026-04-25 15:07:23 | INFO | Using truth artifact directory: /orcd/home/002/phevosp/MPLE-Causal-Inference/experiments/USCountyVaccination_US_trimmed/outcome_death_rate_100k_ge_2__intervention_complete_cov_ge_40__lag_2w__contiguity__start_2020_03_01
2026-04-25 15:07:23 | INFO | Configured optimizer mode: alternating_latent_rank
2026-04-25 15:07:23 | INFO | Configured latent rank: 2
2026-04-25 15:07:23 | INFO | Using a fixed known graph with scalar xi.
2026-04-25 15:07:23 | INFO | Fit-time hard bounds active: False
2026-04-25 15:07:23 | INFO | Fixed scalar parameters: {}
2026-04-25 15:07:23 | INFO | Beta mask before s: True
2026-04-25 15:07:23 | INFO | Optimizer settings: steps=20000, tol=1e-09, n_starts=1, seed=0, lambda_nuclear=0.0, lambda_frobenius=0.0, lambda_uv_ridge=10.0, proximal_lr=1.0
2026-04-25 15:07:23 | INFO | Alternating low-rank start 1/1 | seed=0 | initial_loss=0.741792 | initial_penalized=0.743585
2026-04-25 15:07:23 | INFO | Alternating low-rank iter 0 | Loss: 0.516597 | Penalized: 0.530763
2026-04-25 15:07:33 | INFO | Alternating low-rank iter 100 | Loss: 0.441599 | Penalized: 0.460599
2026-04-25 15:07:42 | INFO | Alternating low-rank iter 200 | Loss: 0.441789 | Penalized: 0.460061
2026-04-25 15:07:52 | INFO | Alternating low-rank iter 300 | Loss: 0.441868 | Penalized: 0.460051
2026-04-25 15:07:57 | INFO | Done fitting.
2026-04-25 15:07:57 | INFO | Optimizer status: CONVERGED: alternating objective tolerance reached
2026-04-25 15:07:57 | INFO | Best optimizer start: 1 / 1
2026-04-25 15:07:57 | INFO | Final Loss: 0.441878
2026-04-25 15:07:57 | INFO | Estimated Parameters:
2026-04-25 15:07:57 | INFO |   beta: -0.0093
2026-04-25 15:07:57 | INFO |   xi: 1.8058
2026-04-25 15:07:57 | INFO |   eta: 0.1992
2026-04-25 15:07:57 | INFO | Alternating low-rank optimizer diagnostics:
2026-04-25 15:07:57 | INFO |   penalized_objective: 0.460051
2026-04-25 15:07:57 | INFO |   mple_loss_without_penalty: 0.441878
2026-04-25 15:07:57 | INFO |   lambda_uv_ridge: 10.000000
2026-04-25 15:07:57 | INFO |   u_frobenius_norm: 17.732153
2026-04-25 15:07:57 | INFO |   v_frobenius_norm: 17.732158
2026-04-25 15:07:57 | INFO |   effective_rank: 2.000000
2026-04-25 15:07:57 | INFO | Field and interaction diagnostics:
2026-04-25 15:07:57 | INFO |   estimated_field_max_abs_entry: 1.552098
2026-04-25 15:07:57 | INFO |   estimated_field_rank: 2.000000
2026-04-25 15:07:58 | INFO | Saved summary tables to /orcd/home/002/phevosp/MPLE-Causal-Inference/experiments/USCountyVaccination_US_trimmed/outcome_death_rate_100k_ge_2__intervention_complete_cov_ge_40__lag_2w__contiguity__start_2020_03_01/fits/alternating_rank_2_lambda_10_beta_mask/mple_summary.csv and /orcd/home/002/phevosp/MPLE-Causal-Inference/experiments/USCountyVaccination_US_trimmed/outcome_death_rate_100k_ge_2__intervention_complete_cov_ge_40__lag_2w__contiguity__start_2020_03_01/fits/alternating_rank_2_lambda_10_beta_mask/mple_summary.md
2026-04-25 15:07:58 | INFO | Log saved to /orcd/home/002/phevosp/MPLE-Causal-Inference/experiments/USCountyVaccination_US_trimmed/outcome_death_rate_100k_ge_2__intervention_complete_cov_ge_40__lag_2w__contiguity__start_2020_03_01/fits/alternating_rank_2_lambda_10_beta_mask/mple.log
