2026-04-07 11:46:13 | INFO | Loading data...
2026-04-07 11:46:13 | INFO | Loaded 6 field templates and 1 interaction templates.
2026-04-07 11:46:13 | INFO | Intervention-process model enabled: True
2026-04-07 11:46:13 | INFO | Tau zero-mean enabled: True
2026-04-07 11:46:13 | INFO | Tau smoothness lambda: 0.000000
2026-04-07 11:46:13 | INFO | Running conditional-model MPLE on x with shape=(67, 3203)
2026-04-07 11:46:13 | INFO | Eval 0  |  Loss: 0.677613
2026-04-07 11:46:13 | INFO |   field::log_population: +0.0126,  field::median_household_income: -0.0132,  field::poverty_rate: +0.0640,  field::pct_black: +0.0105,  field::pct_hispanic: -0.0536,  field::pct_in_labor_force: +0.0362,  tau block: mean=-0.0000, std=0.0970, min=-0.2427, max=+0.1858,  beta: -0.0618,  interaction::contiguity: +0.1822,  eta: -0.1320,  zeta: -0.0662,  psi: +0.0935
2026-04-07 11:46:14 | INFO | Done fitting.
2026-04-07 11:46:14 | INFO | Optimizer status: CONVERGENCE: RELATIVE REDUCTION OF F <= FACTR*EPSMCH
2026-04-07 11:46:14 | INFO | Final Loss: 0.294716
2026-04-07 11:46:14 | INFO | Estimated Parameters:
2026-04-07 11:46:14 | INFO |   field::log_population: 0.8354
2026-04-07 11:46:14 | INFO |   field::median_household_income: -1.0925
2026-04-07 11:46:14 | INFO |   field::poverty_rate: -0.5393
2026-04-07 11:46:14 | INFO |   field::pct_black: -0.0985
2026-04-07 11:46:14 | INFO |   field::pct_hispanic: -0.2644
2026-04-07 11:46:14 | INFO |   field::pct_in_labor_force: 0.0585
2026-04-07 11:46:14 | INFO |   tau::t_0: 0.1800
2026-04-07 11:46:14 | INFO |   tau::t_1: 0.1153
2026-04-07 11:46:14 | INFO |   tau::t_2: 0.0247
2026-04-07 11:46:14 | INFO |   tau::t_3: 0.0988
2026-04-07 11:46:14 | INFO |   tau::t_4: 0.0513
2026-04-07 11:46:14 | INFO |   tau::t_5: -0.0146
2026-04-07 11:46:14 | INFO |   tau::t_6: -0.0615
2026-04-07 11:46:14 | INFO |   tau::t_7: -0.0565
2026-04-07 11:46:14 | INFO |   tau::t_8: -0.0867
2026-04-07 11:46:14 | INFO |   tau::t_9: -0.0586
2026-04-07 11:46:14 | INFO |   tau::t_10: -0.0508
2026-04-07 11:46:14 | INFO |   tau::t_11: -0.0946
2026-04-07 11:46:14 | INFO |   tau::t_12: -0.1017
2026-04-07 11:46:14 | INFO |   tau::t_13: -0.0877
2026-04-07 11:46:14 | INFO |   tau::t_14: -0.1074
2026-04-07 11:46:14 | INFO |   tau::t_15: -0.1173
2026-04-07 11:46:14 | INFO |   tau::t_16: -0.0509
2026-04-07 11:46:14 | INFO |   tau::t_17: -0.1812
2026-04-07 11:46:14 | INFO |   tau::t_18: -0.1342
2026-04-07 11:46:14 | INFO |   tau::t_19: -0.2223
2026-04-07 11:46:14 | INFO |   tau::t_20: -0.2154
2026-04-07 11:46:14 | INFO |   tau::t_21: -0.2290
2026-04-07 11:46:14 | INFO |   tau::t_22: -0.2726
2026-04-07 11:46:14 | INFO |   tau::t_23: -0.1968
2026-04-07 11:46:14 | INFO |   tau::t_24: -0.1963
2026-04-07 11:46:14 | INFO |   tau::t_25: -0.1667
2026-04-07 11:46:14 | INFO |   tau::t_26: -0.0795
2026-04-07 11:46:14 | INFO |   tau::t_27: -0.0297
2026-04-07 11:46:14 | INFO |   tau::t_28: 0.0167
2026-04-07 11:46:14 | INFO |   tau::t_29: 0.0513
2026-04-07 11:46:14 | INFO |   tau::t_30: 0.0570
2026-04-07 11:46:14 | INFO |   tau::t_31: 0.0790
2026-04-07 11:46:14 | INFO |   tau::t_32: 0.1703
2026-04-07 11:46:14 | INFO |   tau::t_33: 0.1552
2026-04-07 11:46:14 | INFO |   tau::t_34: 0.1691
2026-04-07 11:46:14 | INFO |   tau::t_35: 0.1182
2026-04-07 11:46:14 | INFO |   tau::t_36: 0.1159
2026-04-07 11:46:14 | INFO |   tau::t_37: 0.1309
2026-04-07 11:46:14 | INFO |   tau::t_38: 0.1070
2026-04-07 11:46:14 | INFO |   tau::t_39: 0.0494
2026-04-07 11:46:14 | INFO |   tau::t_40: 0.0583
2026-04-07 11:46:14 | INFO |   tau::t_41: 0.0750
2026-04-07 11:46:14 | INFO |   tau::t_42: -0.0640
2026-04-07 11:46:14 | INFO |   tau::t_43: 0.1597
2026-04-07 11:46:14 | INFO |   tau::t_44: 0.0819
2026-04-07 11:46:14 | INFO |   tau::t_45: 0.0777
2026-04-07 11:46:14 | INFO |   tau::t_46: 0.0402
2026-04-07 11:46:14 | INFO |   tau::t_47: 0.0705
2026-04-07 11:46:14 | INFO |   tau::t_48: 0.1416
2026-04-07 11:46:14 | INFO |   tau::t_49: 0.1285
2026-04-07 11:46:14 | INFO |   tau::t_50: 0.1449
2026-04-07 11:46:14 | INFO |   tau::t_51: 0.2039
2026-04-07 11:46:14 | INFO |   tau::t_52: 0.2408
2026-04-07 11:46:14 | INFO |   tau::t_53: 0.2262
2026-04-07 11:46:14 | INFO |   tau::t_54: 0.2024
2026-04-07 11:46:14 | INFO |   tau::t_55: 0.1370
2026-04-07 11:46:14 | INFO |   tau::t_56: 0.0973
2026-04-07 11:46:14 | INFO |   tau::t_57: 0.0337
2026-04-07 11:46:14 | INFO |   tau::t_58: 0.0308
2026-04-07 11:46:14 | INFO |   tau::t_59: -0.0359
2026-04-07 11:46:14 | INFO |   tau::t_60: -0.0761
2026-04-07 11:46:14 | INFO |   tau::t_61: -0.1289
2026-04-07 11:46:14 | INFO |   tau::t_62: -0.0896
2026-04-07 11:46:14 | INFO |   tau::t_63: -0.1745
2026-04-07 11:46:14 | INFO |   tau::t_64: -0.1605
2026-04-07 11:46:14 | INFO |   tau::t_65: -0.0646
2026-04-07 11:46:14 | INFO |   tau::t_66: -0.2342
2026-04-07 11:46:14 | INFO |   beta: -0.0116
2026-04-07 11:46:14 | INFO |   interaction::contiguity: 1.7035
2026-04-07 11:46:14 | INFO |   eta: 0.2506
2026-04-07 11:46:14 | INFO |   zeta: -0.0797
2026-04-07 11:46:14 | INFO |   psi: 2.1400
2026-04-07 11:46:14 | INFO | Saved summary tables to C:\Users\phevo\Documents\MIT\Code\MPLE-Causal-Inference\experiments\USCountyVaccination_US_tau_zero_mean\outcome_death_rate_100k_ge_2__intervention_complete_cov_ge_40__lag_3w__contiguity\mple_summary.csv and C:\Users\phevo\Documents\MIT\Code\MPLE-Causal-Inference\experiments\USCountyVaccination_US_tau_zero_mean\outcome_death_rate_100k_ge_2__intervention_complete_cov_ge_40__lag_3w__contiguity\mple_summary.md
2026-04-07 11:46:14 | INFO | Log saved to C:\Users\phevo\Documents\MIT\Code\MPLE-Causal-Inference\experiments\USCountyVaccination_US_tau_zero_mean\outcome_death_rate_100k_ge_2__intervention_complete_cov_ge_40__lag_3w__contiguity\mple.log
