2026-04-01 10:20:41 | INFO | Loading data...
2026-04-01 10:20:41 | INFO | Loaded 1 field templates and 1 interaction templates.
2026-04-01 10:20:41 | INFO | Running conditional-model MPLE on x with shape=(100, 1000)
2026-04-01 10:20:41 | INFO | Eval 0  |  Loss: 0.614242
2026-04-01 10:20:41 | INFO |   field::intercept: +0.0126,  beta: -0.0132,  interaction::adjacency: +0.0640,  eta: +0.0105,  zeta: -0.0536,  psi: +0.0362
2026-04-01 10:20:41 | INFO | Done fitting.
2026-04-01 10:20:41 | INFO | Optimizer status: CONVERGENCE: RELATIVE REDUCTION OF F <= FACTR*EPSMCH
2026-04-01 10:20:41 | INFO | Final Loss: 0.146574
2026-04-01 10:20:41 | INFO | Estimated vs True Parameters:
2026-04-01 10:20:41 | INFO |   field::intercept: 0.9650 (True: 1.0000)
2026-04-01 10:20:41 | INFO |   field::intercept SQE: 0.001226
2026-04-01 10:20:41 | INFO |   beta: 1.0404 (True: 1.1000)
2026-04-01 10:20:41 | INFO |   beta SQE: 0.003557
2026-04-01 10:20:41 | INFO |   interaction::adjacency: 1.9655 (True: 2.0000)
2026-04-01 10:20:41 | INFO |   interaction::adjacency SQE: 0.001192
2026-04-01 10:20:41 | INFO |   eta: 0.7169 (True: 0.7000)
2026-04-01 10:20:41 | INFO |   eta SQE: 0.000286
2026-04-01 10:20:41 | INFO |   zeta: -0.9920 (True: -1.0000)
2026-04-01 10:20:41 | INFO |   zeta SQE: 0.000065
2026-04-01 10:20:41 | INFO |   psi: 0.4039 (True: 0.4000)
2026-04-01 10:20:41 | INFO |   psi SQE: 0.000015
2026-04-01 10:20:41 | INFO | Saved summary tables to C:\Users\phevo\Documents\MIT\Code\MPLE-Causal-Inference\experiments\n1000_t100_low_temp_fro_large_uniform_known_graph_20260331_234713\mple_summary.csv and C:\Users\phevo\Documents\MIT\Code\MPLE-Causal-Inference\experiments\n1000_t100_low_temp_fro_large_uniform_known_graph_20260331_234713\mple_summary.md
2026-04-01 10:20:41 | INFO | Log saved to C:\Users\phevo\Documents\MIT\Code\MPLE-Causal-Inference\experiments\n1000_t100_low_temp_fro_large_uniform_known_graph_20260331_234713\mple.log
