2026-04-01 10:16:19 | INFO | Loading data...
2026-04-01 10:16:19 | INFO | Loaded 1 field templates and 11 interaction templates.
2026-04-01 10:16:19 | INFO | Running conditional-model MPLE on x with shape=(10, 100)
2026-04-01 10:16:19 | INFO | Eval 0  |  Loss: 0.662813
2026-04-01 10:16:19 | INFO |   field::intercept: +0.0126,  beta: -0.0132,  interaction::adjacency: +0.0640,  interaction::distance_kernel::feature_1: +0.0105,  interaction::cross_similarity::feature_1: -0.0536,  interaction::distance_kernel::feature_2: +0.0362,  interaction::cross_similarity::feature_2: +0.1304,  interaction::distance_kernel::feature_3: +0.0947,  interaction::cross_similarity::feature_3: -0.0704,  interaction::distance_kernel::feature_4: -0.1265,  interaction::cross_similarity::feature_4: -0.0623,  interaction::distance_kernel::feature_5: +0.0041,  interaction::cross_similarity::feature_5: -0.2325,  eta: -0.0219,  zeta: -0.1246,  psi: -0.0732
2026-04-01 10:16:19 | INFO | Eval 100  |  Loss: 0.328223
2026-04-01 10:16:19 | INFO |   field::intercept: +0.8932,  beta: +1.0031,  interaction::adjacency: +1.0902,  interaction::distance_kernel::feature_1: +0.4992,  interaction::cross_similarity::feature_1: -15.9502,  interaction::distance_kernel::feature_2: +0.0103,  interaction::cross_similarity::feature_2: -2.5371,  interaction::distance_kernel::feature_3: -0.1075,  interaction::cross_similarity::feature_3: +1.5294,  interaction::distance_kernel::feature_4: -0.3223,  interaction::cross_similarity::feature_4: +1.2678,  interaction::distance_kernel::feature_5: +0.1445,  interaction::cross_similarity::feature_5: +1.8137,  eta: +0.6773,  zeta: -0.9922,  psi: +0.4392
2026-04-01 10:16:19 | INFO | Eval 200  |  Loss: 0.328077
2026-04-01 10:16:19 | INFO |   field::intercept: +0.8687,  beta: +0.9846,  interaction::adjacency: +1.1439,  interaction::distance_kernel::feature_1: +0.5147,  interaction::cross_similarity::feature_1: -17.1850,  interaction::distance_kernel::feature_2: -0.0176,  interaction::cross_similarity::feature_2: -1.9917,  interaction::distance_kernel::feature_3: -0.1472,  interaction::cross_similarity::feature_3: +1.5146,  interaction::distance_kernel::feature_4: -0.2661,  interaction::cross_similarity::feature_4: +0.9491,  interaction::distance_kernel::feature_5: +0.1085,  interaction::cross_similarity::feature_5: +2.0556,  eta: +0.6787,  zeta: -0.9836,  psi: +0.4145
2026-04-01 10:16:19 | INFO | Done fitting.
2026-04-01 10:16:19 | INFO | Optimizer status: CONVERGENCE: RELATIVE REDUCTION OF F <= FACTR*EPSMCH
2026-04-01 10:16:19 | INFO | Final Loss: 0.328077
2026-04-01 10:16:19 | INFO | Estimated vs True Parameters:
2026-04-01 10:16:19 | INFO |   field::intercept: 0.8689 (True: 1.0000)
2026-04-01 10:16:19 | INFO |   field::intercept SQE: 0.017182
2026-04-01 10:16:19 | INFO |   beta: 0.9849 (True: 1.1000)
2026-04-01 10:16:19 | INFO |   beta SQE: 0.013240
2026-04-01 10:16:19 | INFO |   interaction::adjacency: 1.1440 (True: 0.3750)
2026-04-01 10:16:19 | INFO |   interaction::adjacency SQE: 0.591352
2026-04-01 10:16:19 | INFO |   interaction::distance_kernel::feature_1: 0.5130 (True: 0.1200)
2026-04-01 10:16:19 | INFO |   interaction::distance_kernel::feature_1 SQE: 0.154483
2026-04-01 10:16:19 | INFO |   interaction::cross_similarity::feature_1: -17.2341 (True: 0.0600)
2026-04-01 10:16:19 | INFO |   interaction::cross_similarity::feature_1 SQE: 299.087524
2026-04-01 10:16:19 | INFO |   interaction::distance_kernel::feature_2: -0.0095 (True: 0.1200)
2026-04-01 10:16:19 | INFO |   interaction::distance_kernel::feature_2 SQE: 0.016764
2026-04-01 10:16:19 | INFO |   interaction::cross_similarity::feature_2: -2.0665 (True: 0.0600)
2026-04-01 10:16:19 | INFO |   interaction::cross_similarity::feature_2 SQE: 4.522183
2026-04-01 10:16:19 | INFO |   interaction::distance_kernel::feature_3: -0.1487 (True: 0.1200)
2026-04-01 10:16:19 | INFO |   interaction::distance_kernel::feature_3 SQE: 0.072226
2026-04-01 10:16:19 | INFO |   interaction::cross_similarity::feature_3: 1.5102 (True: 0.0600)
2026-04-01 10:16:19 | INFO |   interaction::cross_similarity::feature_3 SQE: 2.103046
2026-04-01 10:16:19 | INFO |   interaction::distance_kernel::feature_4: -0.2671 (True: 0.1200)
2026-04-01 10:16:19 | INFO |   interaction::distance_kernel::feature_4 SQE: 0.149845
2026-04-01 10:16:19 | INFO |   interaction::cross_similarity::feature_4: 0.9561 (True: 0.0600)
2026-04-01 10:16:19 | INFO |   interaction::cross_similarity::feature_4 SQE: 0.803070
2026-04-01 10:16:19 | INFO |   interaction::distance_kernel::feature_5: 0.1036 (True: 0.1950)
2026-04-01 10:16:19 | INFO |   interaction::distance_kernel::feature_5 SQE: 0.008362
2026-04-01 10:16:19 | INFO |   interaction::cross_similarity::feature_5: 2.0781 (True: 0.2100)
2026-04-01 10:16:19 | INFO |   interaction::cross_similarity::feature_5 SQE: 3.489773
2026-04-01 10:16:19 | INFO |   eta: 0.6789 (True: 0.7000)
2026-04-01 10:16:19 | INFO |   eta SQE: 0.000445
2026-04-01 10:16:19 | INFO |   zeta: -0.9838 (True: -1.0000)
2026-04-01 10:16:19 | INFO |   zeta SQE: 0.000261
2026-04-01 10:16:19 | INFO |   psi: 0.4148 (True: 0.4000)
2026-04-01 10:16:19 | INFO |   psi SQE: 0.000219
2026-04-01 10:16:19 | INFO | Saved summary tables to C:\Users\phevo\Documents\MIT\Code\MPLE-Causal-Inference\experiments\n100_t10_low_temp_fro_medium_uniform_shared_feature_interactions_20260331_225908\mple_summary.csv and C:\Users\phevo\Documents\MIT\Code\MPLE-Causal-Inference\experiments\n100_t10_low_temp_fro_medium_uniform_shared_feature_interactions_20260331_225908\mple_summary.md
2026-04-01 10:16:19 | INFO | Log saved to C:\Users\phevo\Documents\MIT\Code\MPLE-Causal-Inference\experiments\n100_t10_low_temp_fro_medium_uniform_shared_feature_interactions_20260331_225908\mple.log
