2026-05-02 12:26:35 | INFO | Loading data...
2026-05-02 12:26:35 | INFO | Using panel artifact: /orcd/home/002/phevosp/MPLE-Causal-Inference/experiments/Synthetic/confounding_weak/panel_data.npz
2026-05-02 12:26:35 | INFO | Using x_0 artifact: /orcd/home/002/phevosp/MPLE-Causal-Inference/experiments/Synthetic/confounding_weak/x_0.npy
2026-05-02 12:26:35 | INFO | Using fit config: /orcd/home/002/phevosp/MPLE-Causal-Inference/experiments/Synthetic/confounding_weak/cv_runs/alternating_uv_grid/candidates/alternating_uv_grid_candidate_0008/fold_4/fit_realized_config.yaml
2026-05-02 12:26:35 | INFO | Using model artifact directory: /orcd/home/002/phevosp/MPLE-Causal-Inference/experiments/Synthetic/confounding_weak
2026-05-02 12:26:35 | INFO | Using truth artifact directory: /orcd/home/002/phevosp/MPLE-Causal-Inference/experiments/Synthetic/confounding_weak
2026-05-02 12:26:35 | INFO | Using loss mask artifact: /orcd/home/002/phevosp/MPLE-Causal-Inference/experiments/Synthetic/confounding_weak/cv_runs/alternating_uv_grid/candidates/alternating_uv_grid_candidate_0008/fold_4/loss_mask.npy
2026-05-02 12:26:35 | INFO | Configured optimizer mode: alternating_latent_rank
2026-05-02 12:26:35 | INFO | Configured latent rank: 3
2026-05-02 12:26:35 | INFO | Using a fixed known graph with scalar xi.
2026-05-02 12:26:35 | INFO | Fit-time hard bounds active: False
2026-05-02 12:26:35 | INFO | Fixed scalar parameters: {}
2026-05-02 12:26:35 | INFO | Warm-start fixed scalars: {} for 0 steps
2026-05-02 12:26:35 | INFO | Beta mask before s: False with s=0
2026-05-02 12:26:35 | INFO | Beta mask after e: False with e=11
2026-05-02 12:26:35 | INFO | Alternating V-column L2-ball constraint active with radius 1.0
2026-05-02 12:26:35 | INFO | Optimizer settings: steps=2000, tol=1e-07, n_starts=1, seed=0, lambda_nuclear=0.0, lambda_frobenius=0.0, lambda_uv_ridge=1.5, v_column_l2_max=1.0, proximal_lr=1.0
2026-05-02 12:26:35 | INFO | Alternating low-rank start 1/1 | seed=0 | initial_loss=0.826235 | initial_penalized=0.826632
2026-05-02 12:26:35 | INFO | Alternating low-rank iter 0 | Loss: 0.634348 | Penalized: 0.645810
2026-05-02 12:26:36 | INFO | Alternating low-rank iter 100 | Loss: 0.599060 | Penalized: 0.613542
2026-05-02 12:26:37 | INFO | Alternating low-rank iter 200 | Loss: 0.598684 | Penalized: 0.613212
2026-05-02 12:26:37 | INFO | Done fitting.
2026-05-02 12:26:37 | INFO | Optimizer status: CONVERGED: alternating objective tolerance reached
2026-05-02 12:26:37 | INFO | Best optimizer start: 1 / 1
2026-05-02 12:26:37 | INFO | Final Loss: 0.598651
2026-05-02 12:26:37 | INFO | Estimated vs True Parameters:
2026-05-02 12:26:37 | INFO |   beta: -0.2434 (True: -0.3000) | SQE: 0.003204
2026-05-02 12:26:37 | INFO |   xi: 0.6158 (True: 0.8000) | SQE: 0.033915
2026-05-02 12:26:37 | INFO |   eta: 0.2695 (True: 0.3000) | SQE: 0.000930
2026-05-02 12:26:37 | INFO | Alternating low-rank optimizer diagnostics:
2026-05-02 12:26:37 | INFO |   penalized_objective: 0.613192
2026-05-02 12:26:37 | INFO |   mple_loss_without_penalty: 0.598651
2026-05-02 12:26:37 | INFO |   lambda_uv_ridge: 1.500000
2026-05-02 12:26:37 | INFO |   u_frobenius_norm: 12.816010
2026-05-02 12:26:37 | INFO |   v_frobenius_norm: 1.732051
2026-05-02 12:26:37 | INFO |   effective_rank: 2.000000
2026-05-02 12:26:37 | INFO | Field and interaction diagnostics:
2026-05-02 12:26:37 | INFO |   field_rmse: 0.298373
2026-05-02 12:26:37 | INFO |   interaction_fro_error: 0.652430
2026-05-02 12:26:37 | INFO |   estimated_field_max_abs_entry: 0.797122
2026-05-02 12:26:37 | INFO |   estimated_field_rank: 2.000000
2026-05-02 12:26:37 | INFO |   true_field_max_abs_entry: 2.973509
2026-05-02 12:26:37 | INFO |   true_field_rank: 3.000000
2026-05-02 12:26:37 | INFO | Saved summary table to /orcd/home/002/phevosp/MPLE-Causal-Inference/experiments/Synthetic/confounding_weak/cv_runs/alternating_uv_grid/candidates/alternating_uv_grid_candidate_0008/fold_4/mple_summary.csv
2026-05-02 12:26:37 | INFO | Log saved to /orcd/home/002/phevosp/MPLE-Causal-Inference/experiments/Synthetic/confounding_weak/cv_runs/alternating_uv_grid/candidates/alternating_uv_grid_candidate_0008/fold_4/mple.log
