2026-06-09 19:10:08 | INFO | Loading data...
2026-06-09 19:10:08 | INFO | Using panel artifact: /orcd/home/002/phevosp/MPLE-Causal-Inference/experiments/USCounty/outcome_death_rate_100k_ge_2__intervention_complete_cov_ge_30__lag_2w__distance_kernel_8__start_2020_03_01/panel_data.npz
2026-06-09 19:10:08 | INFO | Using x_0 artifact: /orcd/home/002/phevosp/MPLE-Causal-Inference/experiments/USCounty/outcome_death_rate_100k_ge_2__intervention_complete_cov_ge_30__lag_2w__distance_kernel_8__start_2020_03_01/x_0.npy
2026-06-09 19:10:08 | INFO | Using fit config: /orcd/home/002/phevosp/MPLE-Causal-Inference/experiments/USCounty/outcome_death_rate_100k_ge_2__intervention_complete_cov_ge_30__lag_2w__distance_kernel_8__start_2020_03_01/cv_runs/xi_zero/candidates/xi_zero_candidate_0012/fold_3/fit_realized_config.yaml
2026-06-09 19:10:08 | INFO | Using model artifact directory: /orcd/home/002/phevosp/MPLE-Causal-Inference/experiments/USCounty/outcome_death_rate_100k_ge_2__intervention_complete_cov_ge_30__lag_2w__distance_kernel_8__start_2020_03_01
2026-06-09 19:10:08 | INFO | Using truth artifact directory: /orcd/home/002/phevosp/MPLE-Causal-Inference/experiments/USCounty/outcome_death_rate_100k_ge_2__intervention_complete_cov_ge_30__lag_2w__distance_kernel_8__start_2020_03_01
2026-06-09 19:10:08 | INFO | Using loss mask artifact: /orcd/home/002/phevosp/MPLE-Causal-Inference/experiments/USCounty/outcome_death_rate_100k_ge_2__intervention_complete_cov_ge_30__lag_2w__distance_kernel_8__start_2020_03_01/cv_runs/xi_zero/candidates/xi_zero_candidate_0012/fold_3/loss_mask.npy
2026-06-09 19:10:08 | INFO | Configured optimizer mode: alternating_latent_rank
2026-06-09 19:10:08 | INFO | Configured latent rank: 5
2026-06-09 19:10:08 | INFO | Using a fixed known graph with scalar xi.
2026-06-09 19:10:08 | INFO | Fit-time hard bounds active: False
2026-06-09 19:10:08 | INFO | Fixed scalar parameters: {'xi': 0.0}
2026-06-09 19:10:08 | INFO | Warm-start fixed scalars: {} for 0 steps
2026-06-09 19:10:08 | INFO | Beta-gradient mask before s: True with s=50
2026-06-09 19:10:08 | INFO | Beta-gradient mask after e: True with e=115
2026-06-09 19:10:08 | INFO | Alternating V-column L2-ball constraint active with radius 1.0
2026-06-09 19:10:08 | INFO | Optimizer settings: steps=2000, tol=1e-07, n_starts=1, seed=0, lambda_nuclear=0.0, lambda_frobenius=0.0, lambda_uv_ridge=0.5, v_column_l2_max=1.0, proximal_lr=1.0
2026-06-09 19:10:08 | INFO | Alternating low-rank start 1/1 | seed=0 | initial_loss=0.767218 | initial_penalized=0.767235
2026-06-09 19:10:08 | INFO | Alternating low-rank iter 0 | Loss: 0.515509 | Penalized: 0.531701
2026-06-09 19:10:16 | INFO | Done fitting.
2026-06-09 19:10:16 | INFO | Optimizer status: CONVERGED: alternating objective tolerance reached
2026-06-09 19:10:16 | INFO | Best optimizer start: 1 / 1
2026-06-09 19:10:16 | INFO | Final Loss: 0.486068
2026-06-09 19:10:16 | INFO | Estimated Parameters:
2026-06-09 19:10:16 | INFO |   beta: -0.0248
2026-06-09 19:10:16 | INFO |   xi: 0.0000
2026-06-09 19:10:16 | INFO |   eta: 0.3606
2026-06-09 19:10:16 | INFO | Alternating low-rank optimizer diagnostics:
2026-06-09 19:10:16 | INFO |   penalized_objective: 0.514221
2026-06-09 19:10:16 | INFO |   mple_loss_without_penalty: 0.486068
2026-06-09 19:10:16 | INFO |   lambda_uv_ridge: 0.500000
2026-06-09 19:10:16 | INFO |   u_frobenius_norm: 127.229390
2026-06-09 19:10:16 | INFO |   v_frobenius_norm: 2.236068
2026-06-09 19:10:16 | INFO |   effective_rank: 5.000000
2026-06-09 19:10:16 | INFO | Field and interaction diagnostics:
2026-06-09 19:10:16 | INFO |   estimated_field_max_abs_entry: 1.126505
2026-06-09 19:10:16 | INFO |   estimated_field_rank: 5.000000
2026-06-09 19:10:16 | INFO | Saved summary table to /orcd/home/002/phevosp/MPLE-Causal-Inference/experiments/USCounty/outcome_death_rate_100k_ge_2__intervention_complete_cov_ge_30__lag_2w__distance_kernel_8__start_2020_03_01/cv_runs/xi_zero/candidates/xi_zero_candidate_0012/fold_3/mple_summary.csv
2026-06-09 19:10:16 | INFO | Log saved to /orcd/home/002/phevosp/MPLE-Causal-Inference/experiments/USCounty/outcome_death_rate_100k_ge_2__intervention_complete_cov_ge_30__lag_2w__distance_kernel_8__start_2020_03_01/cv_runs/xi_zero/candidates/xi_zero_candidate_0012/fold_3/mple.log
