2026-06-12 15:15:35 | INFO | Loading data...
2026-06-12 15:15:35 | INFO | Using panel artifact: /orcd/home/002/phevosp/MPLE-Causal-Inference/experiments/HybridAlt2/partial_confounding_10/panel_data.npz
2026-06-12 15:15:35 | INFO | Using x_0 artifact: /orcd/home/002/phevosp/MPLE-Causal-Inference/experiments/HybridAlt2/partial_confounding_10/x_0.npy
2026-06-12 15:15:35 | INFO | Using fit config: /orcd/home/002/phevosp/MPLE-Causal-Inference/experiments/HybridAlt2/partial_confounding_10/fits/alternating_rank_8_uv_1_e2_beta_mask_xi_zero/fit_realized_config.yaml
2026-06-12 15:15:35 | INFO | Using model artifact directory: /orcd/home/002/phevosp/MPLE-Causal-Inference/experiments/HybridAlt2/partial_confounding_10
2026-06-12 15:15:35 | INFO | Using truth artifact directory: /orcd/home/002/phevosp/MPLE-Causal-Inference/experiments/HybridAlt2/partial_confounding_10
2026-06-12 15:15:35 | INFO | Configured optimizer mode: alternating_latent_rank
2026-06-12 15:15:35 | INFO | Configured latent rank: 8
2026-06-12 15:15:35 | INFO | Using a fixed known graph with scalar xi.
2026-06-12 15:15:35 | INFO | Fit-time hard bounds active: False
2026-06-12 15:15:35 | INFO | Fixed scalar parameters: {'xi': 0.0}
2026-06-12 15:15:35 | INFO | Warm-start fixed scalars: {} for 0 steps
2026-06-12 15:15:35 | INFO | Beta-gradient mask before s: True with s=50
2026-06-12 15:15:35 | INFO | Beta-gradient mask after e: True with e=115
2026-06-12 15:15:35 | INFO | Alternating V-column L2-ball constraint active with radius 1.0
2026-06-12 15:15:35 | INFO | Optimizer settings: steps=20000, tol=1e-09, n_starts=1, seed=0, lambda_nuclear=0.0, lambda_frobenius=0.0, lambda_uv_ridge=0.01, v_column_l2_max=1.0, proximal_lr=1.0
2026-06-12 15:15:35 | INFO | Alternating low-rank start 1/1 | seed=0 | initial_loss=0.669456 | initial_penalized=0.669457
2026-06-12 15:15:36 | INFO | Alternating low-rank iter 0 | Loss: 0.570179 | Penalized: 0.571056
2026-06-12 15:15:46 | INFO | Alternating low-rank iter 100 | Loss: 0.527358 | Penalized: 0.531889
2026-06-12 15:15:56 | INFO | Alternating low-rank iter 200 | Loss: 0.527343 | Penalized: 0.531881
2026-06-12 15:16:07 | INFO | Alternating low-rank iter 300 | Loss: 0.527335 | Penalized: 0.531875
2026-06-12 15:16:17 | INFO | Alternating low-rank iter 400 | Loss: 0.527330 | Penalized: 0.531872
2026-06-12 15:16:27 | INFO | Alternating low-rank iter 500 | Loss: 0.527328 | Penalized: 0.531870
2026-06-12 15:16:38 | INFO | Alternating low-rank iter 600 | Loss: 0.527327 | Penalized: 0.531868
2026-06-12 15:16:48 | INFO | Alternating low-rank iter 700 | Loss: 0.527327 | Penalized: 0.531868
2026-06-12 15:16:59 | INFO | Alternating low-rank iter 800 | Loss: 0.527327 | Penalized: 0.531867
2026-06-12 15:17:09 | INFO | Alternating low-rank iter 900 | Loss: 0.527327 | Penalized: 0.531867
2026-06-12 15:17:19 | INFO | Alternating low-rank iter 1000 | Loss: 0.527328 | Penalized: 0.531866
2026-06-12 15:17:30 | INFO | Alternating low-rank iter 1100 | Loss: 0.527328 | Penalized: 0.531866
2026-06-12 15:17:40 | INFO | Alternating low-rank iter 1200 | Loss: 0.527328 | Penalized: 0.531866
2026-06-12 15:17:50 | INFO | Alternating low-rank iter 1300 | Loss: 0.527329 | Penalized: 0.531866
2026-06-12 15:18:01 | INFO | Alternating low-rank iter 1400 | Loss: 0.527329 | Penalized: 0.531865
2026-06-12 15:18:11 | INFO | Alternating low-rank iter 1500 | Loss: 0.527329 | Penalized: 0.531865
2026-06-12 15:18:22 | INFO | Alternating low-rank iter 1600 | Loss: 0.527330 | Penalized: 0.531865
2026-06-12 15:18:23 | INFO | Done fitting.
2026-06-12 15:18:23 | INFO | Optimizer status: CONVERGED: alternating objective tolerance reached
2026-06-12 15:18:23 | INFO | Best optimizer start: 1 / 1
2026-06-12 15:18:23 | INFO | Final Loss: 0.527330
2026-06-12 15:18:23 | INFO | Estimated vs True Parameters:
2026-06-12 15:18:23 | INFO |   beta: -0.4096 (True: -0.3000) | SQE: 0.012002
2026-06-12 15:18:23 | INFO |   xi: 0.0000 (True: 0.8000) | SQE: 0.640000
2026-06-12 15:18:23 | INFO |   eta: 0.3163 (True: 0.3000) | SQE: 0.000266
2026-06-12 15:18:23 | INFO | Alternating low-rank optimizer diagnostics:
2026-06-12 15:18:23 | INFO |   penalized_objective: 0.531865
2026-06-12 15:18:23 | INFO |   mple_loss_without_penalty: 0.527330
2026-06-12 15:18:23 | INFO |   lambda_uv_ridge: 0.010000
2026-06-12 15:18:23 | INFO |   u_frobenius_norm: 396.485132
2026-06-12 15:18:23 | INFO |   v_frobenius_norm: 2.828427
2026-06-12 15:18:23 | INFO |   effective_rank: 8.000000
2026-06-12 15:18:23 | INFO | Field and interaction diagnostics:
2026-06-12 15:18:23 | INFO |   field_rmse: 0.417460
2026-06-12 15:18:23 | INFO |   interaction_fro_error: 8.851317
2026-06-12 15:18:23 | INFO |   estimated_field_max_abs_entry: 10.197468
2026-06-12 15:18:23 | INFO |   estimated_field_rank: 8.000000
2026-06-12 15:18:23 | INFO |   true_field_max_abs_entry: 2.991731
2026-06-12 15:18:23 | INFO |   true_field_rank: 8.000000
2026-06-12 15:18:23 | INFO | Saved summary table to /orcd/home/002/phevosp/MPLE-Causal-Inference/experiments/HybridAlt2/partial_confounding_10/fits/alternating_rank_8_uv_1_e2_beta_mask_xi_zero/mple_summary.csv
2026-06-12 15:18:23 | INFO | Log saved to /orcd/home/002/phevosp/MPLE-Causal-Inference/experiments/HybridAlt2/partial_confounding_10/fits/alternating_rank_8_uv_1_e2_beta_mask_xi_zero/mple.log
