2026-05-06 05:21:50 | INFO | Loading data...
2026-05-06 05:21:50 | INFO | Using panel artifact: /orcd/home/002/phevosp/MPLE-Causal-Inference/experiments/FINAL/USCountyVaccination/outcome_death_rate_100k_ge_2__intervention_complete_cov_ge_30__lag_2w__distance_kernel_8__start_2020_03_01/panel_data.npz
2026-05-06 05:21:50 | INFO | Using x_0 artifact: /orcd/home/002/phevosp/MPLE-Causal-Inference/experiments/FINAL/USCountyVaccination/outcome_death_rate_100k_ge_2__intervention_complete_cov_ge_30__lag_2w__distance_kernel_8__start_2020_03_01/x_0.npy
2026-05-06 05:21:50 | INFO | Using fit config: /orcd/home/002/phevosp/MPLE-Causal-Inference/experiments/FINAL/USCountyVaccination/outcome_death_rate_100k_ge_2__intervention_complete_cov_ge_30__lag_2w__distance_kernel_8__start_2020_03_01/cv_runs/alternating_uv_grid/candidates/alternating_uv_grid_candidate_0013/fold_7/fit_realized_config.yaml
2026-05-06 05:21:50 | INFO | Using model artifact directory: /orcd/home/002/phevosp/MPLE-Causal-Inference/experiments/FINAL/USCountyVaccination/outcome_death_rate_100k_ge_2__intervention_complete_cov_ge_30__lag_2w__distance_kernel_8__start_2020_03_01
2026-05-06 05:21:50 | INFO | Using truth artifact directory: /orcd/home/002/phevosp/MPLE-Causal-Inference/experiments/FINAL/USCountyVaccination/outcome_death_rate_100k_ge_2__intervention_complete_cov_ge_30__lag_2w__distance_kernel_8__start_2020_03_01
2026-05-06 05:21:50 | INFO | Using loss mask artifact: /orcd/home/002/phevosp/MPLE-Causal-Inference/experiments/FINAL/USCountyVaccination/outcome_death_rate_100k_ge_2__intervention_complete_cov_ge_30__lag_2w__distance_kernel_8__start_2020_03_01/cv_runs/alternating_uv_grid/candidates/alternating_uv_grid_candidate_0013/fold_7/loss_mask.npy
2026-05-06 05:21:50 | INFO | Configured optimizer mode: alternating_latent_rank
2026-05-06 05:21:50 | INFO | Configured latent rank: 8
2026-05-06 05:21:50 | INFO | Using a fixed known graph with scalar xi.
2026-05-06 05:21:50 | INFO | Fit-time hard bounds active: False
2026-05-06 05:21:50 | INFO | Fixed scalar parameters: {}
2026-05-06 05:21:50 | INFO | Warm-start fixed scalars: {} for 0 steps
2026-05-06 05:21:50 | INFO | Beta mask before s: True with s=50
2026-05-06 05:21:50 | INFO | Beta mask after e: True with e=115
2026-05-06 05:21:50 | INFO | Alternating V-column L2-ball constraint active with radius 1.0
2026-05-06 05:21:50 | INFO | Optimizer settings: steps=2000, tol=1e-07, n_starts=1, seed=0, lambda_nuclear=0.0, lambda_frobenius=0.0, lambda_uv_ridge=0.001, v_column_l2_max=1.0, proximal_lr=1.0
2026-05-06 05:21:50 | INFO | Alternating low-rank start 1/1 | seed=0 | initial_loss=0.741797 | initial_penalized=0.741797
2026-05-06 05:21:50 | INFO | Alternating low-rank iter 0 | Loss: 0.455325 | Penalized: 0.455436
2026-05-06 05:22:03 | INFO | Alternating low-rank iter 100 | Loss: 0.345330 | Penalized: 0.348921
2026-05-06 05:22:15 | INFO | Alternating low-rank iter 200 | Loss: 0.341197 | Penalized: 0.346003
2026-05-06 05:22:28 | INFO | Alternating low-rank iter 300 | Loss: 0.339586 | Penalized: 0.345042
2026-05-06 05:22:40 | INFO | Alternating low-rank iter 400 | Loss: 0.338639 | Penalized: 0.344504
2026-05-06 05:22:53 | INFO | Alternating low-rank iter 500 | Loss: 0.338007 | Penalized: 0.344160
2026-05-06 05:23:05 | INFO | Alternating low-rank iter 600 | Loss: 0.337569 | Penalized: 0.343935
2026-05-06 05:23:18 | INFO | Alternating low-rank iter 700 | Loss: 0.337248 | Penalized: 0.343775
2026-05-06 05:23:30 | INFO | Alternating low-rank iter 800 | Loss: 0.336999 | Penalized: 0.343654
2026-05-06 05:23:43 | INFO | Alternating low-rank iter 900 | Loss: 0.336794 | Penalized: 0.343552
2026-05-06 05:23:55 | INFO | Alternating low-rank iter 1000 | Loss: 0.336605 | Penalized: 0.343455
2026-05-06 05:24:08 | INFO | Alternating low-rank iter 1100 | Loss: 0.336432 | Penalized: 0.343368
2026-05-06 05:24:20 | INFO | Alternating low-rank iter 1200 | Loss: 0.336298 | Penalized: 0.343308
2026-05-06 05:24:33 | INFO | Alternating low-rank iter 1300 | Loss: 0.336209 | Penalized: 0.343274
2026-05-06 05:24:45 | INFO | Alternating low-rank iter 1400 | Loss: 0.336153 | Penalized: 0.343254
2026-05-06 05:24:58 | INFO | Alternating low-rank iter 1500 | Loss: 0.336118 | Penalized: 0.343242
2026-05-06 05:24:59 | INFO | Done fitting.
2026-05-06 05:24:59 | INFO | Optimizer status: CONVERGED: alternating objective tolerance reached
2026-05-06 05:24:59 | INFO | Best optimizer start: 1 / 1
2026-05-06 05:24:59 | INFO | Final Loss: 0.336116
2026-05-06 05:24:59 | INFO | Estimated Parameters:
2026-05-06 05:24:59 | INFO |   beta: 0.0108
2026-05-06 05:24:59 | INFO |   xi: 0.9705
2026-05-06 05:24:59 | INFO |   eta: -0.0809
2026-05-06 05:24:59 | INFO | Alternating low-rank optimizer diagnostics:
2026-05-06 05:24:59 | INFO |   penalized_objective: 0.343241
2026-05-06 05:24:59 | INFO |   mple_loss_without_penalty: 0.336116
2026-05-06 05:24:59 | INFO |   lambda_uv_ridge: 0.001000
2026-05-06 05:24:59 | INFO |   u_frobenius_norm: 1274.471528
2026-05-06 05:24:59 | INFO |   v_frobenius_norm: 2.828427
2026-05-06 05:24:59 | INFO |   effective_rank: 8.000000
2026-05-06 05:24:59 | INFO | Field and interaction diagnostics:
2026-05-06 05:24:59 | INFO |   estimated_field_max_abs_entry: 31.464209
2026-05-06 05:24:59 | INFO |   estimated_field_rank: 8.000000
2026-05-06 05:24:59 | INFO | Saved summary table to /orcd/home/002/phevosp/MPLE-Causal-Inference/experiments/FINAL/USCountyVaccination/outcome_death_rate_100k_ge_2__intervention_complete_cov_ge_30__lag_2w__distance_kernel_8__start_2020_03_01/cv_runs/alternating_uv_grid/candidates/alternating_uv_grid_candidate_0013/fold_7/mple_summary.csv
2026-05-06 05:24:59 | INFO | Log saved to /orcd/home/002/phevosp/MPLE-Causal-Inference/experiments/FINAL/USCountyVaccination/outcome_death_rate_100k_ge_2__intervention_complete_cov_ge_30__lag_2w__distance_kernel_8__start_2020_03_01/cv_runs/alternating_uv_grid/candidates/alternating_uv_grid_candidate_0013/fold_7/mple.log
