2026-05-02 13:56:07 | INFO | Loading data...
2026-05-02 13:56:07 | INFO | Using panel artifact: /orcd/home/002/phevosp/MPLE-Causal-Inference/experiments/HybridExperiments_r1/r1_hybrid_us_county_intervention_generated_graph_confounding/panel_data.npz
2026-05-02 13:56:07 | INFO | Using x_0 artifact: /orcd/home/002/phevosp/MPLE-Causal-Inference/experiments/HybridExperiments_r1/r1_hybrid_us_county_intervention_generated_graph_confounding/x_0.npy
2026-05-02 13:56:07 | INFO | Using fit config: /orcd/home/002/phevosp/MPLE-Causal-Inference/experiments/HybridExperiments_r1/r1_hybrid_us_county_intervention_generated_graph_confounding/cv_runs/alternating_uv_grid/candidates/alternating_uv_grid_candidate_0001/fold_2/fit_realized_config.yaml
2026-05-02 13:56:07 | INFO | Using model artifact directory: /orcd/home/002/phevosp/MPLE-Causal-Inference/experiments/HybridExperiments_r1/r1_hybrid_us_county_intervention_generated_graph_confounding
2026-05-02 13:56:07 | INFO | Using truth artifact directory: /orcd/home/002/phevosp/MPLE-Causal-Inference/experiments/HybridExperiments_r1/r1_hybrid_us_county_intervention_generated_graph_confounding
2026-05-02 13:56:07 | INFO | Using loss mask artifact: /orcd/home/002/phevosp/MPLE-Causal-Inference/experiments/HybridExperiments_r1/r1_hybrid_us_county_intervention_generated_graph_confounding/cv_runs/alternating_uv_grid/candidates/alternating_uv_grid_candidate_0001/fold_2/loss_mask.npy
2026-05-02 13:56:07 | INFO | Configured optimizer mode: alternating_latent_rank
2026-05-02 13:56:07 | INFO | Configured latent rank: 1
2026-05-02 13:56:07 | INFO | Using a fixed known graph with scalar xi.
2026-05-02 13:56:07 | INFO | Fit-time hard bounds active: False
2026-05-02 13:56:07 | INFO | Fixed scalar parameters: {}
2026-05-02 13:56:07 | INFO | Warm-start fixed scalars: {} for 0 steps
2026-05-02 13:56:07 | INFO | Beta mask before s: True with s=50
2026-05-02 13:56:07 | INFO | Beta mask after e: True with e=109
2026-05-02 13:56:07 | INFO | Alternating V-column L2-ball constraint active with radius 1.0
2026-05-02 13:56:07 | INFO | Optimizer settings: steps=2000, tol=1e-07, n_starts=1, seed=0, lambda_nuclear=0.0, lambda_frobenius=0.0, lambda_uv_ridge=0.0005, v_column_l2_max=1.0, proximal_lr=1.0
2026-05-02 13:56:07 | INFO | Alternating low-rank start 1/1 | seed=0 | initial_loss=0.696053 | initial_penalized=0.696053
2026-05-02 13:56:08 | INFO | Alternating low-rank iter 0 | Loss: 0.623524 | Penalized: 0.623553
2026-05-02 13:56:14 | INFO | Alternating low-rank iter 100 | Loss: 0.534363 | Penalized: 0.534998
2026-05-02 13:56:21 | INFO | Alternating low-rank iter 200 | Loss: 0.533535 | Penalized: 0.534210
2026-05-02 13:56:28 | INFO | Alternating low-rank iter 300 | Loss: 0.533155 | Penalized: 0.533819
2026-05-02 13:56:35 | INFO | Alternating low-rank iter 400 | Loss: 0.532925 | Penalized: 0.533570
2026-05-02 13:56:42 | INFO | Alternating low-rank iter 500 | Loss: 0.532780 | Penalized: 0.533410
2026-05-02 13:56:49 | INFO | Alternating low-rank iter 600 | Loss: 0.532688 | Penalized: 0.533306
2026-05-02 13:56:55 | INFO | Alternating low-rank iter 700 | Loss: 0.532630 | Penalized: 0.533238
2026-05-02 13:57:02 | INFO | Alternating low-rank iter 800 | Loss: 0.532594 | Penalized: 0.533194
2026-05-02 13:57:09 | INFO | Alternating low-rank iter 900 | Loss: 0.532571 | Penalized: 0.533165
2026-05-02 13:57:16 | INFO | Alternating low-rank iter 1000 | Loss: 0.532557 | Penalized: 0.533146
2026-05-02 13:57:22 | INFO | Done fitting.
2026-05-02 13:57:22 | INFO | Optimizer status: CONVERGED: alternating objective tolerance reached
2026-05-02 13:57:22 | INFO | Best optimizer start: 1 / 1
2026-05-02 13:57:22 | INFO | Final Loss: 0.532548
2026-05-02 13:57:22 | INFO | Estimated vs True Parameters:
2026-05-02 13:57:22 | INFO |   beta: -0.3108 (True: -0.3000) | SQE: 0.000116
2026-05-02 13:57:22 | INFO |   xi: 0.8053 (True: 0.8000) | SQE: 0.000028
2026-05-02 13:57:22 | INFO |   eta: 0.2633 (True: 0.3000) | SQE: 0.001344
2026-05-02 13:57:22 | INFO | Alternating low-rank optimizer diagnostics:
2026-05-02 13:57:22 | INFO |   penalized_objective: 0.533135
2026-05-02 13:57:22 | INFO |   mple_loss_without_penalty: 0.532548
2026-05-02 13:57:22 | INFO |   lambda_uv_ridge: 0.000500
2026-05-02 13:57:22 | INFO |   u_frobenius_norm: 325.525211
2026-05-02 13:57:22 | INFO |   v_frobenius_norm: 1.000000
2026-05-02 13:57:22 | INFO |   effective_rank: 1.000000
2026-05-02 13:57:22 | INFO | Field and interaction diagnostics:
2026-05-02 13:57:22 | INFO |   field_rmse: 0.437657
2026-05-02 13:57:22 | INFO |   interaction_fro_error: 0.040414
2026-05-02 13:57:22 | INFO |   estimated_field_max_abs_entry: 5.509883
2026-05-02 13:57:22 | INFO |   estimated_field_rank: 1.000000
2026-05-02 13:57:22 | INFO |   true_field_max_abs_entry: 0.578902
2026-05-02 13:57:22 | INFO |   true_field_rank: 1.000000
2026-05-02 13:57:23 | INFO | Saved summary table to /orcd/home/002/phevosp/MPLE-Causal-Inference/experiments/HybridExperiments_r1/r1_hybrid_us_county_intervention_generated_graph_confounding/cv_runs/alternating_uv_grid/candidates/alternating_uv_grid_candidate_0001/fold_2/mple_summary.csv
2026-05-02 13:57:23 | INFO | Log saved to /orcd/home/002/phevosp/MPLE-Causal-Inference/experiments/HybridExperiments_r1/r1_hybrid_us_county_intervention_generated_graph_confounding/cv_runs/alternating_uv_grid/candidates/alternating_uv_grid_candidate_0001/fold_2/mple.log
