2026-05-03 22:42:12 | INFO | Loading data...
2026-05-03 22:42:12 | INFO | Using panel artifact: /orcd/home/002/phevosp/MPLE-Causal-Inference/experiments/Synthetic/base/panel_data.npz
2026-05-03 22:42:12 | INFO | Using x_0 artifact: /orcd/home/002/phevosp/MPLE-Causal-Inference/experiments/Synthetic/base/x_0.npy
2026-05-03 22:42:12 | INFO | Using fit config: /orcd/home/002/phevosp/MPLE-Causal-Inference/experiments/Synthetic/base/cv_runs/xi_zero_grid/candidates/xi_zero_grid_candidate_0001/fold_3/fit_realized_config.yaml
2026-05-03 22:42:12 | INFO | Using model artifact directory: /orcd/home/002/phevosp/MPLE-Causal-Inference/experiments/Synthetic/base
2026-05-03 22:42:12 | INFO | Using truth artifact directory: /orcd/home/002/phevosp/MPLE-Causal-Inference/experiments/Synthetic/base
2026-05-03 22:42:12 | INFO | Using loss mask artifact: /orcd/home/002/phevosp/MPLE-Causal-Inference/experiments/Synthetic/base/cv_runs/xi_zero_grid/candidates/xi_zero_grid_candidate_0001/fold_3/loss_mask.npy
2026-05-03 22:42:12 | INFO | Configured optimizer mode: alternating_latent_rank
2026-05-03 22:42:12 | INFO | Configured latent rank: 3
2026-05-03 22:42:12 | INFO | Using a fixed known graph with scalar xi.
2026-05-03 22:42:12 | INFO | Fit-time hard bounds active: False
2026-05-03 22:42:12 | INFO | Fixed scalar parameters: {'xi': 0.0}
2026-05-03 22:42:12 | INFO | Warm-start fixed scalars: {} for 0 steps
2026-05-03 22:42:12 | INFO | Beta mask before s: False with s=0
2026-05-03 22:42:12 | INFO | Beta mask after e: False with e=11
2026-05-03 22:42:12 | INFO | Alternating V-column L2-ball constraint active with radius 1.0
2026-05-03 22:42:12 | INFO | Optimizer settings: steps=2000, tol=1e-07, n_starts=1, seed=0, lambda_nuclear=0.0, lambda_frobenius=0.0, lambda_uv_ridge=0.001, v_column_l2_max=1.0, proximal_lr=1.0
2026-05-03 22:42:12 | INFO | Alternating low-rank start 1/1 | seed=0 | initial_loss=0.761719 | initial_penalized=0.761719
2026-05-03 22:42:12 | INFO | Alternating low-rank iter 0 | Loss: 0.582449 | Penalized: 0.582535
2026-05-03 22:42:13 | INFO | Alternating low-rank iter 100 | Loss: 0.524464 | Penalized: 0.527631
2026-05-03 22:42:14 | INFO | Alternating low-rank iter 200 | Loss: 0.522857 | Penalized: 0.527075
2026-05-03 22:42:14 | INFO | Alternating low-rank iter 300 | Loss: 0.522455 | Penalized: 0.526973
2026-05-03 22:42:15 | INFO | Alternating low-rank iter 400 | Loss: 0.522284 | Penalized: 0.526897
2026-05-03 22:42:16 | INFO | Alternating low-rank iter 500 | Loss: 0.522150 | Penalized: 0.526807
2026-05-03 22:42:17 | INFO | Alternating low-rank iter 600 | Loss: 0.521996 | Penalized: 0.526688
2026-05-03 22:42:17 | INFO | Alternating low-rank iter 700 | Loss: 0.521859 | Penalized: 0.526576
2026-05-03 22:42:18 | INFO | Alternating low-rank iter 800 | Loss: 0.521715 | Penalized: 0.526447
2026-05-03 22:42:19 | INFO | Alternating low-rank iter 900 | Loss: 0.521461 | Penalized: 0.526237
2026-05-03 22:42:19 | INFO | Alternating low-rank iter 1000 | Loss: 0.521152 | Penalized: 0.525984
2026-05-03 22:42:20 | INFO | Alternating low-rank iter 1100 | Loss: 0.520726 | Penalized: 0.525642
2026-05-03 22:42:21 | INFO | Alternating low-rank iter 1200 | Loss: 0.520309 | Penalized: 0.525337
2026-05-03 22:42:21 | INFO | Alternating low-rank iter 1300 | Loss: 0.520057 | Penalized: 0.525177
2026-05-03 22:42:22 | INFO | Alternating low-rank iter 1400 | Loss: 0.519931 | Penalized: 0.525109
2026-05-03 22:42:23 | INFO | Alternating low-rank iter 1500 | Loss: 0.519866 | Penalized: 0.525078
2026-05-03 22:42:24 | INFO | Alternating low-rank iter 1600 | Loss: 0.519822 | Penalized: 0.525055
2026-05-03 22:42:24 | INFO | Alternating low-rank iter 1700 | Loss: 0.519783 | Penalized: 0.525031
2026-05-03 22:42:25 | INFO | Alternating low-rank iter 1800 | Loss: 0.519737 | Penalized: 0.524998
2026-05-03 22:42:26 | INFO | Alternating low-rank iter 1900 | Loss: 0.519671 | Penalized: 0.524949
2026-05-03 22:42:26 | INFO | Done fitting.
2026-05-03 22:42:26 | INFO | Optimizer status: STOP: TOTAL NO. OF ITERATIONS REACHED LIMIT
2026-05-03 22:42:26 | INFO | Best optimizer start: 1 / 1
2026-05-03 22:42:26 | INFO | Final Loss: 0.519581
2026-05-03 22:42:26 | INFO | Estimated vs True Parameters:
2026-05-03 22:42:26 | INFO |   beta: -0.3301 (True: -0.3000) | SQE: 0.000907
2026-05-03 22:42:26 | INFO |   xi: 0.0000 (True: 0.8000) | SQE: 0.640000
2026-05-03 22:42:26 | INFO |   eta: 0.3184 (True: 0.3000) | SQE: 0.000337
2026-05-03 22:42:26 | INFO | Alternating low-rank optimizer diagnostics:
2026-05-03 22:42:26 | INFO |   penalized_objective: 0.524881
2026-05-03 22:42:26 | INFO |   mple_loss_without_penalty: 0.519581
2026-05-03 22:42:26 | INFO |   lambda_uv_ridge: 0.001000
2026-05-03 22:42:26 | INFO |   u_frobenius_norm: 302.363419
2026-05-03 22:42:26 | INFO |   v_frobenius_norm: 1.732051
2026-05-03 22:42:26 | INFO |   effective_rank: 3.000000
2026-05-03 22:42:26 | INFO | Field and interaction diagnostics:
2026-05-03 22:42:26 | INFO |   field_rmse: 1.914583
2026-05-03 22:42:26 | INFO |   interaction_fro_error: 2.834194
2026-05-03 22:42:26 | INFO |   estimated_field_max_abs_entry: 32.406110
2026-05-03 22:42:26 | INFO |   estimated_field_rank: 3.000000
2026-05-03 22:42:26 | INFO |   true_field_max_abs_entry: 0.000000
2026-05-03 22:42:26 | INFO |   true_field_rank: 0.000000
2026-05-03 22:42:26 | INFO | Saved summary table to /orcd/home/002/phevosp/MPLE-Causal-Inference/experiments/Synthetic/base/cv_runs/xi_zero_grid/candidates/xi_zero_grid_candidate_0001/fold_3/mple_summary.csv
2026-05-03 22:42:26 | INFO | Log saved to /orcd/home/002/phevosp/MPLE-Causal-Inference/experiments/Synthetic/base/cv_runs/xi_zero_grid/candidates/xi_zero_grid_candidate_0001/fold_3/mple.log
