2026-06-12 10:29:53 | INFO | Loading data...
2026-06-12 10:29:53 | INFO | Using panel artifact: /orcd/home/002/phevosp/MPLE-Causal-Inference/experiments/HybridAlt2/partial_confounding/panel_data.npz
2026-06-12 10:29:53 | INFO | Using x_0 artifact: /orcd/home/002/phevosp/MPLE-Causal-Inference/experiments/HybridAlt2/partial_confounding/x_0.npy
2026-06-12 10:29:53 | INFO | Using fit config: /orcd/home/002/phevosp/MPLE-Causal-Inference/experiments/HybridAlt2/partial_confounding/cv_runs/xi_zero/candidates/xi_zero_candidate_0001/fold_2/fit_realized_config.yaml
2026-06-12 10:29:53 | INFO | Using model artifact directory: /orcd/home/002/phevosp/MPLE-Causal-Inference/experiments/HybridAlt2/partial_confounding
2026-06-12 10:29:53 | INFO | Using truth artifact directory: /orcd/home/002/phevosp/MPLE-Causal-Inference/experiments/HybridAlt2/partial_confounding
2026-06-12 10:29:53 | INFO | Using loss mask artifact: /orcd/home/002/phevosp/MPLE-Causal-Inference/experiments/HybridAlt2/partial_confounding/cv_runs/xi_zero/candidates/xi_zero_candidate_0001/fold_2/loss_mask.npy
2026-06-12 10:29:53 | INFO | Configured optimizer mode: alternating_latent_rank
2026-06-12 10:29:53 | INFO | Configured latent rank: 8
2026-06-12 10:29:53 | INFO | Using a fixed known graph with scalar xi.
2026-06-12 10:29:53 | INFO | Fit-time hard bounds active: False
2026-06-12 10:29:53 | INFO | Fixed scalar parameters: {'xi': 0.0}
2026-06-12 10:29:53 | INFO | Warm-start fixed scalars: {} for 0 steps
2026-06-12 10:29:53 | INFO | Beta-gradient mask before s: True with s=50
2026-06-12 10:29:53 | INFO | Beta-gradient mask after e: True with e=115
2026-06-12 10:29:53 | INFO | Alternating V-column L2-ball constraint active with radius 1.0
2026-06-12 10:29:53 | INFO | Optimizer settings: steps=2000, tol=1e-07, n_starts=1, seed=0, lambda_nuclear=0.0, lambda_frobenius=0.0, lambda_uv_ridge=0.001, v_column_l2_max=1.0, proximal_lr=1.0
2026-06-12 10:29:53 | INFO | Alternating low-rank start 1/1 | seed=0 | initial_loss=0.669109 | initial_penalized=0.669109
2026-06-12 10:29:54 | INFO | Alternating low-rank iter 0 | Loss: 0.566906 | Penalized: 0.567010
2026-06-12 10:30:07 | INFO | Alternating low-rank iter 100 | Loss: 0.514376 | Penalized: 0.515517
2026-06-12 10:30:19 | INFO | Alternating low-rank iter 200 | Loss: 0.513435 | Penalized: 0.514972
2026-06-12 10:30:32 | INFO | Alternating low-rank iter 300 | Loss: 0.513118 | Penalized: 0.514860
2026-06-12 10:30:44 | INFO | Alternating low-rank iter 400 | Loss: 0.513003 | Penalized: 0.514836
2026-06-12 10:30:47 | INFO | Done fitting.
2026-06-12 10:30:47 | INFO | Optimizer status: CONVERGED: alternating objective tolerance reached
2026-06-12 10:30:47 | INFO | Best optimizer start: 1 / 1
2026-06-12 10:30:47 | INFO | Final Loss: 0.512985
2026-06-12 10:30:47 | INFO | Estimated vs True Parameters:
2026-06-12 10:30:47 | INFO |   beta: -0.4283 (True: -0.3000) | SQE: 0.016473
2026-06-12 10:30:47 | INFO |   xi: 0.0000 (True: 0.8000) | SQE: 0.640000
2026-06-12 10:30:47 | INFO |   eta: 0.3042 (True: 0.3000) | SQE: 0.000017
2026-06-12 10:30:47 | INFO | Alternating low-rank optimizer diagnostics:
2026-06-12 10:30:47 | INFO |   penalized_objective: 0.514833
2026-06-12 10:30:47 | INFO |   mple_loss_without_penalty: 0.512985
2026-06-12 10:30:47 | INFO |   lambda_uv_ridge: 0.001000
2026-06-12 10:30:47 | INFO |   u_frobenius_norm: 729.028644
2026-06-12 10:30:47 | INFO |   v_frobenius_norm: 2.828427
2026-06-12 10:30:47 | INFO |   effective_rank: 8.000000
2026-06-12 10:30:47 | INFO | Field and interaction diagnostics:
2026-06-12 10:30:47 | INFO |   field_rmse: 1.228580
2026-06-12 10:30:47 | INFO |   interaction_fro_error: 8.851317
2026-06-12 10:30:47 | INFO |   estimated_field_max_abs_entry: 37.969129
2026-06-12 10:30:47 | INFO |   estimated_field_rank: 8.000000
2026-06-12 10:30:47 | INFO |   true_field_max_abs_entry: 3.751754
2026-06-12 10:30:47 | INFO |   true_field_rank: 8.000000
2026-06-12 10:30:47 | INFO | Saved summary table to /orcd/home/002/phevosp/MPLE-Causal-Inference/experiments/HybridAlt2/partial_confounding/cv_runs/xi_zero/candidates/xi_zero_candidate_0001/fold_2/mple_summary.csv
2026-06-12 10:30:47 | INFO | Log saved to /orcd/home/002/phevosp/MPLE-Causal-Inference/experiments/HybridAlt2/partial_confounding/cv_runs/xi_zero/candidates/xi_zero_candidate_0001/fold_2/mple.log
