2026-05-01 08:39:13 | INFO | Loading data...
2026-05-01 08:39:13 | INFO | Using panel artifact: /orcd/home/002/phevosp/MPLE-Causal-Inference/experiments/SyntheticHybridExperiments/confounding_strong/panel_data.npz
2026-05-01 08:39:13 | INFO | Using x_0 artifact: /orcd/home/002/phevosp/MPLE-Causal-Inference/experiments/SyntheticHybridExperiments/confounding_strong/x_0.npy
2026-05-01 08:39:13 | INFO | Using fit config: /orcd/home/002/phevosp/MPLE-Causal-Inference/experiments/SyntheticHybridExperiments/confounding_strong/cv_runs/alternating_uv_grid/candidates/alternating_uv_grid_candidate_0005/fold_9/fit_realized_config.yaml
2026-05-01 08:39:13 | INFO | Using model artifact directory: /orcd/home/002/phevosp/MPLE-Causal-Inference/experiments/SyntheticHybridExperiments/confounding_strong
2026-05-01 08:39:13 | INFO | Using truth artifact directory: /orcd/home/002/phevosp/MPLE-Causal-Inference/experiments/SyntheticHybridExperiments/confounding_strong
2026-05-01 08:39:13 | INFO | Using loss mask artifact: /orcd/home/002/phevosp/MPLE-Causal-Inference/experiments/SyntheticHybridExperiments/confounding_strong/cv_runs/alternating_uv_grid/candidates/alternating_uv_grid_candidate_0005/fold_9/loss_mask.npy
2026-05-01 08:39:13 | INFO | Configured optimizer mode: alternating_latent_rank
2026-05-01 08:39:13 | INFO | Configured latent rank: 3
2026-05-01 08:39:13 | INFO | Using a fixed known graph with scalar xi.
2026-05-01 08:39:13 | INFO | Fit-time hard bounds active: False
2026-05-01 08:39:13 | INFO | Fixed scalar parameters: {}
2026-05-01 08:39:13 | INFO | Warm-start fixed scalars: {} for 0 steps
2026-05-01 08:39:13 | INFO | Beta mask before s: False with s=0
2026-05-01 08:39:13 | INFO | Beta mask after e: False with e=11
2026-05-01 08:39:13 | INFO | Alternating V-column L2-ball constraint active with radius 1.0
2026-05-01 08:39:13 | INFO | Optimizer settings: steps=2000, tol=1e-07, n_starts=1, seed=0, lambda_nuclear=0.0, lambda_frobenius=0.0, lambda_uv_ridge=0.1, v_column_l2_max=1.0, proximal_lr=1.0
2026-05-01 08:39:13 | INFO | Alternating low-rank start 1/1 | seed=0 | initial_loss=0.786115 | initial_penalized=0.786269
2026-05-01 08:39:13 | INFO | Alternating low-rank iter 0 | Loss: 0.649509 | Penalized: 0.664601
2026-05-01 08:39:14 | INFO | Alternating low-rank iter 100 | Loss: 0.448747 | Penalized: 0.524936
2026-05-01 08:39:15 | INFO | Alternating low-rank iter 200 | Loss: 0.443191 | Penalized: 0.521431
2026-05-01 08:39:16 | INFO | Alternating low-rank iter 300 | Loss: 0.442284 | Penalized: 0.520786
2026-05-01 08:39:17 | INFO | Alternating low-rank iter 400 | Loss: 0.441308 | Penalized: 0.519945
2026-05-01 08:39:18 | INFO | Alternating low-rank iter 500 | Loss: 0.440780 | Penalized: 0.519610
2026-05-01 08:39:19 | INFO | Alternating low-rank iter 600 | Loss: 0.440715 | Penalized: 0.519552
2026-05-01 08:39:20 | INFO | Alternating low-rank iter 700 | Loss: 0.440676 | Penalized: 0.519508
2026-05-01 08:39:21 | INFO | Alternating low-rank iter 800 | Loss: 0.440644 | Penalized: 0.519472
2026-05-01 08:39:21 | INFO | Alternating low-rank iter 900 | Loss: 0.440617 | Penalized: 0.519442
2026-05-01 08:39:22 | INFO | Alternating low-rank iter 1000 | Loss: 0.440594 | Penalized: 0.519417
2026-05-01 08:39:23 | INFO | Alternating low-rank iter 1100 | Loss: 0.440575 | Penalized: 0.519396
2026-05-01 08:39:24 | INFO | Alternating low-rank iter 1200 | Loss: 0.440558 | Penalized: 0.519379
2026-05-01 08:39:25 | INFO | Alternating low-rank iter 1300 | Loss: 0.440544 | Penalized: 0.519365
2026-05-01 08:39:26 | INFO | Alternating low-rank iter 1400 | Loss: 0.440532 | Penalized: 0.519353
2026-05-01 08:39:26 | INFO | Done fitting.
2026-05-01 08:39:26 | INFO | Optimizer status: CONVERGED: alternating objective tolerance reached
2026-05-01 08:39:26 | INFO | Best optimizer start: 1 / 1
2026-05-01 08:39:26 | INFO | Final Loss: 0.440528
2026-05-01 08:39:26 | INFO | Estimated vs True Parameters:
2026-05-01 08:39:26 | INFO |   beta: -0.1420 (True: -0.3000) | SQE: 0.024978
2026-05-01 08:39:26 | INFO |   xi: 0.2082 (True: 0.8000) | SQE: 0.350231
2026-05-01 08:39:26 | INFO |   eta: 0.1937 (True: 0.3000) | SQE: 0.011295
2026-05-01 08:39:26 | INFO | Alternating low-rank optimizer diagnostics:
2026-05-01 08:39:26 | INFO |   penalized_objective: 0.519350
2026-05-01 08:39:26 | INFO |   mple_loss_without_penalty: 0.440528
2026-05-01 08:39:26 | INFO |   lambda_uv_ridge: 0.100000
2026-05-01 08:39:26 | INFO |   u_frobenius_norm: 48.328556
2026-05-01 08:39:26 | INFO |   v_frobenius_norm: 1.732051
2026-05-01 08:39:26 | INFO |   effective_rank: 3.000000
2026-05-01 08:39:26 | INFO | Field and interaction diagnostics:
2026-05-01 08:39:26 | INFO |   field_rmse: 1.125433
2026-05-01 08:39:26 | INFO |   interaction_fro_error: 1.564242
2026-05-01 08:39:26 | INFO |   estimated_field_max_abs_entry: 1.421050
2026-05-01 08:39:26 | INFO |   estimated_field_rank: 3.000000
2026-05-01 08:39:26 | INFO |   true_field_max_abs_entry: 7.412670
2026-05-01 08:39:26 | INFO |   true_field_rank: 3.000000
2026-05-01 08:39:26 | INFO | Saved summary table to /orcd/home/002/phevosp/MPLE-Causal-Inference/experiments/SyntheticHybridExperiments/confounding_strong/cv_runs/alternating_uv_grid/candidates/alternating_uv_grid_candidate_0005/fold_9/mple_summary.csv
2026-05-01 08:39:26 | INFO | Log saved to /orcd/home/002/phevosp/MPLE-Causal-Inference/experiments/SyntheticHybridExperiments/confounding_strong/cv_runs/alternating_uv_grid/candidates/alternating_uv_grid_candidate_0005/fold_9/mple.log
