2026-04-01 10:30:02 | INFO | Loading data...
2026-04-01 10:30:07 | INFO | Loaded 11 field templates and 11 interaction templates.
2026-04-01 10:30:07 | INFO | Running conditional-model MPLE on x with shape=(100, 5000)
2026-04-01 10:30:08 | INFO | Eval 0  |  Loss: 0.715932
2026-04-01 10:30:08 | INFO |   field::intercept: +0.0126,  field::linear::feature_1: -0.0132,  field::quadratic::feature_1: +0.0640,  field::linear::feature_2: +0.0105,  field::quadratic::feature_2: -0.0536,  field::linear::feature_3: +0.0362,  field::quadratic::feature_3: +0.1304,  field::linear::feature_4: +0.0947,  field::quadratic::feature_4: -0.0704,  field::linear::feature_5: -0.1265,  field::quadratic::feature_5: -0.0623,  beta: +0.0041,  interaction::adjacency: -0.2325,  interaction::distance_kernel::feature_1: -0.0219,  interaction::cross_similarity::feature_1: -0.1246,  interaction::distance_kernel::feature_2: -0.0732,  interaction::cross_similarity::feature_2: -0.0544,  interaction::distance_kernel::feature_3: -0.0316,  interaction::cross_similarity::feature_3: +0.0412,  interaction::distance_kernel::feature_4: +0.1043,  interaction::cross_similarity::feature_4: -0.0129,  interaction::distance_kernel::feature_5: +0.1366,  interaction::cross_similarity::feature_5: -0.0665,  eta: +0.0352,  zeta: +0.0903,  psi: +0.0094
2026-04-01 10:30:22 | INFO | Eval 100  |  Loss: 0.559145
2026-04-01 10:30:22 | INFO |   field::intercept: +0.3207,  field::linear::feature_1: +0.3121,  field::quadratic::feature_1: +0.3656,  field::linear::feature_2: -0.5824,  field::quadratic::feature_2: +0.5346,  field::linear::feature_3: -0.6078,  field::quadratic::feature_3: -0.0552,  field::linear::feature_4: +0.0750,  field::quadratic::feature_4: +0.0636,  field::linear::feature_5: +0.3192,  field::quadratic::feature_5: +0.4440,  beta: +0.4007,  interaction::adjacency: +0.1698,  interaction::distance_kernel::feature_1: +0.0560,  interaction::cross_similarity::feature_1: -0.1032,  interaction::distance_kernel::feature_2: +0.1409,  interaction::cross_similarity::feature_2: +0.0497,  interaction::distance_kernel::feature_3: +0.0679,  interaction::cross_similarity::feature_3: +0.0195,  interaction::distance_kernel::feature_4: +0.0563,  interaction::cross_similarity::feature_4: -0.0932,  interaction::distance_kernel::feature_5: +0.1993,  interaction::cross_similarity::feature_5: -0.0573,  eta: +0.0989,  zeta: -0.5005,  psi: +0.3977
2026-04-01 10:30:37 | INFO | Eval 200  |  Loss: 0.559136
2026-04-01 10:30:37 | INFO |   field::intercept: +0.3209,  field::linear::feature_1: +0.3133,  field::quadratic::feature_1: +0.3594,  field::linear::feature_2: -0.5538,  field::quadratic::feature_2: +0.5127,  field::linear::feature_3: -0.7645,  field::quadratic::feature_3: -0.0354,  field::linear::feature_4: +0.0875,  field::quadratic::feature_4: +0.0747,  field::linear::feature_5: +0.3375,  field::quadratic::feature_5: +0.4429,  beta: +0.4008,  interaction::adjacency: +0.1656,  interaction::distance_kernel::feature_1: +0.0464,  interaction::cross_similarity::feature_1: -0.1042,  interaction::distance_kernel::feature_2: +0.1128,  interaction::cross_similarity::feature_2: +0.3142,  interaction::distance_kernel::feature_3: +0.1022,  interaction::cross_similarity::feature_3: -1.0532,  interaction::distance_kernel::feature_4: +0.0722,  interaction::cross_similarity::feature_4: -0.9128,  interaction::distance_kernel::feature_5: +0.1901,  interaction::cross_similarity::feature_5: -0.2999,  eta: +0.0989,  zeta: -0.5005,  psi: +0.3976
2026-04-01 10:30:38 | INFO | Done fitting.
2026-04-01 10:30:38 | INFO | Optimizer status: CONVERGENCE: RELATIVE REDUCTION OF F <= FACTR*EPSMCH
2026-04-01 10:30:38 | INFO | Final Loss: 0.559136
2026-04-01 10:30:38 | INFO | Estimated vs True Parameters:
2026-04-01 10:30:38 | INFO |   field::intercept: 0.3207 (True: 0.3150)
2026-04-01 10:30:38 | INFO |   field::intercept SQE: 0.000032
2026-04-01 10:30:38 | INFO |   field::linear::feature_1: 0.3134 (True: 0.3080)
2026-04-01 10:30:38 | INFO |   field::linear::feature_1 SQE: 0.000029
2026-04-01 10:30:38 | INFO |   field::quadratic::feature_1: 0.3598 (True: 0.3500)
2026-04-01 10:30:38 | INFO |   field::quadratic::feature_1 SQE: 0.000095
2026-04-01 10:30:38 | INFO |   field::linear::feature_2: -0.5543 (True: -0.5800)
2026-04-01 10:30:38 | INFO |   field::linear::feature_2 SQE: 0.000661
2026-04-01 10:30:38 | INFO |   field::quadratic::feature_2: 0.5099 (True: 0.5000)
2026-04-01 10:30:38 | INFO |   field::quadratic::feature_2 SQE: 0.000098
2026-04-01 10:30:38 | INFO |   field::linear::feature_3: -0.7645 (True: -0.6000)
2026-04-01 10:30:38 | INFO |   field::linear::feature_3 SQE: 0.027070
2026-04-01 10:30:38 | INFO |   field::quadratic::feature_3: -0.0364 (True: -0.0500)
2026-04-01 10:30:38 | INFO |   field::quadratic::feature_3 SQE: 0.000184
2026-04-01 10:30:38 | INFO |   field::linear::feature_4: 0.0873 (True: 0.0800)
2026-04-01 10:30:38 | INFO |   field::linear::feature_4 SQE: 0.000053
2026-04-01 10:30:38 | INFO |   field::quadratic::feature_4: 0.0751 (True: 0.1000)
2026-04-01 10:30:38 | INFO |   field::quadratic::feature_4 SQE: 0.000622
2026-04-01 10:30:38 | INFO |   field::linear::feature_5: 0.3371 (True: 0.3000)
2026-04-01 10:30:38 | INFO |   field::linear::feature_5 SQE: 0.001374
2026-04-01 10:30:38 | INFO |   field::quadratic::feature_5: 0.4429 (True: 0.4000)
2026-04-01 10:30:38 | INFO |   field::quadratic::feature_5 SQE: 0.001841
2026-04-01 10:30:38 | INFO |   beta: 0.4008 (True: 0.4000)
2026-04-01 10:30:38 | INFO |   beta SQE: 0.000001
2026-04-01 10:30:38 | INFO |   interaction::adjacency: 0.1660 (True: 0.2500)
2026-04-01 10:30:38 | INFO |   interaction::adjacency SQE: 0.007051
2026-04-01 10:30:38 | INFO |   interaction::distance_kernel::feature_1: 0.0473 (True: 0.0800)
2026-04-01 10:30:38 | INFO |   interaction::distance_kernel::feature_1 SQE: 0.001070
2026-04-01 10:30:38 | INFO |   interaction::cross_similarity::feature_1: -0.1041 (True: 0.0400)
2026-04-01 10:30:38 | INFO |   interaction::cross_similarity::feature_1 SQE: 0.020767
2026-04-01 10:30:38 | INFO |   interaction::distance_kernel::feature_2: 0.1114 (True: 0.0800)
2026-04-01 10:30:38 | INFO |   interaction::distance_kernel::feature_2 SQE: 0.000988
2026-04-01 10:30:38 | INFO |   interaction::cross_similarity::feature_2: 0.3141 (True: 0.0400)
2026-04-01 10:30:38 | INFO |   interaction::cross_similarity::feature_2 SQE: 0.075114
2026-04-01 10:30:38 | INFO |   interaction::distance_kernel::feature_3: 0.0999 (True: 0.0800)
2026-04-01 10:30:38 | INFO |   interaction::distance_kernel::feature_3 SQE: 0.000397
2026-04-01 10:30:38 | INFO |   interaction::cross_similarity::feature_3: -1.0540 (True: 0.0400)
2026-04-01 10:30:38 | INFO |   interaction::cross_similarity::feature_3 SQE: 1.196927
2026-04-01 10:30:38 | INFO |   interaction::distance_kernel::feature_4: 0.0732 (True: 0.0800)
2026-04-01 10:30:38 | INFO |   interaction::distance_kernel::feature_4 SQE: 0.000046
2026-04-01 10:30:38 | INFO |   interaction::cross_similarity::feature_4: -0.9152 (True: 0.0400)
2026-04-01 10:30:38 | INFO |   interaction::cross_similarity::feature_4 SQE: 0.912475
2026-04-01 10:30:38 | INFO |   interaction::distance_kernel::feature_5: 0.1922 (True: 0.1300)
2026-04-01 10:30:38 | INFO |   interaction::distance_kernel::feature_5 SQE: 0.003863
2026-04-01 10:30:38 | INFO |   interaction::cross_similarity::feature_5: -0.3003 (True: 0.1400)
2026-04-01 10:30:38 | INFO |   interaction::cross_similarity::feature_5 SQE: 0.193881
2026-04-01 10:30:38 | INFO |   eta: 0.0989 (True: 0.1000)
2026-04-01 10:30:38 | INFO |   eta SQE: 0.000001
2026-04-01 10:30:38 | INFO |   zeta: -0.5004 (True: -0.5000)
2026-04-01 10:30:38 | INFO |   zeta SQE: 0.000000
2026-04-01 10:30:38 | INFO |   psi: 0.3978 (True: 0.4000)
2026-04-01 10:30:38 | INFO |   psi SQE: 0.000005
2026-04-01 10:30:40 | INFO | Saved summary tables to C:\Users\phevo\Documents\MIT\Code\MPLE-Causal-Inference\experiments\n5000_t100_baseline_temp_fro_medium_shared_feature_field_shared_feature_interactions_20260401_040819\mple_summary.csv and C:\Users\phevo\Documents\MIT\Code\MPLE-Causal-Inference\experiments\n5000_t100_baseline_temp_fro_medium_shared_feature_field_shared_feature_interactions_20260401_040819\mple_summary.md
2026-04-01 10:30:40 | INFO | Log saved to C:\Users\phevo\Documents\MIT\Code\MPLE-Causal-Inference\experiments\n5000_t100_baseline_temp_fro_medium_shared_feature_field_shared_feature_interactions_20260401_040819\mple.log
