2026-04-01 10:27:31 | INFO | Loading data...
2026-04-01 10:27:32 | INFO | Loaded 1 field templates and 1 interaction templates.
2026-04-01 10:27:32 | INFO | Running conditional-model MPLE on x with shape=(100, 5000)
2026-04-01 10:27:32 | INFO | Eval 0  |  Loss: 0.686171
2026-04-01 10:27:32 | INFO |   field::intercept: +0.0126,  beta: -0.0132,  interaction::adjacency: +0.0640,  eta: +0.0105,  zeta: -0.0536,  psi: +0.0362
2026-04-01 10:27:33 | INFO | Done fitting.
2026-04-01 10:27:33 | INFO | Optimizer status: CONVERGENCE: RELATIVE REDUCTION OF F <= FACTR*EPSMCH
2026-04-01 10:27:33 | INFO | Final Loss: 0.671385
2026-04-01 10:27:33 | INFO | Estimated vs True Parameters:
2026-04-01 10:27:33 | INFO |   field::intercept: 0.1830 (True: 0.1800)
2026-04-01 10:27:33 | INFO |   field::intercept SQE: 0.000009
2026-04-01 10:27:33 | INFO |   beta: 0.1209 (True: 0.1200)
2026-04-01 10:27:33 | INFO |   beta SQE: 0.000001
2026-04-01 10:27:33 | INFO |   interaction::adjacency: 0.1465 (True: 0.1500)
2026-04-01 10:27:33 | INFO |   interaction::adjacency SQE: 0.000013
2026-04-01 10:27:33 | INFO |   eta: 0.0109 (True: 0.0100)
2026-04-01 10:27:33 | INFO |   eta SQE: 0.000001
2026-04-01 10:27:33 | INFO |   zeta: -0.1520 (True: -0.1500)
2026-04-01 10:27:33 | INFO |   zeta SQE: 0.000004
2026-04-01 10:27:33 | INFO |   psi: 0.0494 (True: 0.0500)
2026-04-01 10:27:33 | INFO |   psi SQE: 0.000000
2026-04-01 10:27:33 | INFO | Saved summary tables to C:\Users\phevo\Documents\MIT\Code\MPLE-Causal-Inference\experiments\n5000_t100_high_temp_fro_large_uniform_known_graph_20260401_020952\mple_summary.csv and C:\Users\phevo\Documents\MIT\Code\MPLE-Causal-Inference\experiments\n5000_t100_high_temp_fro_large_uniform_known_graph_20260401_020952\mple_summary.md
2026-04-01 10:27:33 | INFO | Log saved to C:\Users\phevo\Documents\MIT\Code\MPLE-Causal-Inference\experiments\n5000_t100_high_temp_fro_large_uniform_known_graph_20260401_020952\mple.log
