2026-05-01 08:33:17 | INFO | Loading data...
2026-05-01 08:33:17 | INFO | Using panel artifact: /orcd/home/002/phevosp/MPLE-Causal-Inference/experiments/SyntheticHybridExperiments/base/panel_data.npz
2026-05-01 08:33:17 | INFO | Using x_0 artifact: /orcd/home/002/phevosp/MPLE-Causal-Inference/experiments/SyntheticHybridExperiments/base/x_0.npy
2026-05-01 08:33:17 | INFO | Using fit config: /orcd/home/002/phevosp/MPLE-Causal-Inference/experiments/SyntheticHybridExperiments/base/cv_runs/alternating_uv_grid/candidates/alternating_uv_grid_candidate_0003/fold_2/fit_realized_config.yaml
2026-05-01 08:33:17 | INFO | Using model artifact directory: /orcd/home/002/phevosp/MPLE-Causal-Inference/experiments/SyntheticHybridExperiments/base
2026-05-01 08:33:17 | INFO | Using truth artifact directory: /orcd/home/002/phevosp/MPLE-Causal-Inference/experiments/SyntheticHybridExperiments/base
2026-05-01 08:33:17 | INFO | Using loss mask artifact: /orcd/home/002/phevosp/MPLE-Causal-Inference/experiments/SyntheticHybridExperiments/base/cv_runs/alternating_uv_grid/candidates/alternating_uv_grid_candidate_0003/fold_2/loss_mask.npy
2026-05-01 08:33:17 | INFO | Configured optimizer mode: alternating_latent_rank
2026-05-01 08:33:17 | INFO | Configured latent rank: 3
2026-05-01 08:33:17 | INFO | Using a fixed known graph with scalar xi.
2026-05-01 08:33:17 | INFO | Fit-time hard bounds active: False
2026-05-01 08:33:17 | INFO | Fixed scalar parameters: {}
2026-05-01 08:33:17 | INFO | Warm-start fixed scalars: {} for 0 steps
2026-05-01 08:33:17 | INFO | Beta mask before s: False with s=0
2026-05-01 08:33:17 | INFO | Beta mask after e: False with e=11
2026-05-01 08:33:17 | INFO | Alternating V-column L2-ball constraint active with radius 1.0
2026-05-01 08:33:17 | INFO | Optimizer settings: steps=2000, tol=1e-07, n_starts=1, seed=0, lambda_nuclear=0.0, lambda_frobenius=0.0, lambda_uv_ridge=0.01, v_column_l2_max=1.0, proximal_lr=1.0
2026-05-01 08:33:17 | INFO | Alternating low-rank start 1/1 | seed=0 | initial_loss=0.846274 | initial_penalized=0.846290
2026-05-01 08:33:17 | INFO | Alternating low-rank iter 0 | Loss: 0.645826 | Penalized: 0.648332
2026-05-01 08:33:19 | INFO | Alternating low-rank iter 100 | Loss: 0.299598 | Penalized: 0.357057
2026-05-01 08:33:20 | INFO | Alternating low-rank iter 200 | Loss: 0.293441 | Penalized: 0.351641
2026-05-01 08:33:21 | INFO | Alternating low-rank iter 300 | Loss: 0.291094 | Penalized: 0.349319
2026-05-01 08:33:23 | INFO | Alternating low-rank iter 400 | Loss: 0.290104 | Penalized: 0.348365
2026-05-01 08:33:24 | INFO | Alternating low-rank iter 500 | Loss: 0.288813 | Penalized: 0.347141
2026-05-01 08:33:25 | INFO | Alternating low-rank iter 600 | Loss: 0.287524 | Penalized: 0.346198
2026-05-01 08:33:26 | INFO | Alternating low-rank iter 700 | Loss: 0.287069 | Penalized: 0.345785
2026-05-01 08:33:27 | INFO | Alternating low-rank iter 800 | Loss: 0.286749 | Penalized: 0.345444
2026-05-01 08:33:28 | INFO | Alternating low-rank iter 900 | Loss: 0.286436 | Penalized: 0.345116
2026-05-01 08:33:29 | INFO | Alternating low-rank iter 1000 | Loss: 0.286086 | Penalized: 0.344785
2026-05-01 08:33:30 | INFO | Alternating low-rank iter 1100 | Loss: 0.285713 | Penalized: 0.344484
2026-05-01 08:33:31 | INFO | Alternating low-rank iter 1200 | Loss: 0.285384 | Penalized: 0.344252
2026-05-01 08:33:32 | INFO | Alternating low-rank iter 1300 | Loss: 0.285135 | Penalized: 0.344077
2026-05-01 08:33:33 | INFO | Alternating low-rank iter 1400 | Loss: 0.284951 | Penalized: 0.343935
2026-05-01 08:33:34 | INFO | Alternating low-rank iter 1500 | Loss: 0.284808 | Penalized: 0.343813
2026-05-01 08:33:35 | INFO | Alternating low-rank iter 1600 | Loss: 0.284690 | Penalized: 0.343705
2026-05-01 08:33:36 | INFO | Alternating low-rank iter 1700 | Loss: 0.284587 | Penalized: 0.343608
2026-05-01 08:33:37 | INFO | Alternating low-rank iter 1800 | Loss: 0.284494 | Penalized: 0.343520
2026-05-01 08:33:38 | INFO | Alternating low-rank iter 1900 | Loss: 0.284410 | Penalized: 0.343439
2026-05-01 08:33:39 | INFO | Done fitting.
2026-05-01 08:33:39 | INFO | Optimizer status: STOP: TOTAL NO. OF ITERATIONS REACHED LIMIT
2026-05-01 08:33:39 | INFO | Best optimizer start: 1 / 1
2026-05-01 08:33:39 | INFO | Final Loss: 0.284332
2026-05-01 08:33:39 | INFO | Estimated vs True Parameters:
2026-05-01 08:33:39 | INFO |   beta: -0.5091 (True: -0.3000) | SQE: 0.043734
2026-05-01 08:33:39 | INFO |   xi: 0.7543 (True: 0.8000) | SQE: 0.002091
2026-05-01 08:33:39 | INFO |   eta: 0.5632 (True: 0.3000) | SQE: 0.069253
2026-05-01 08:33:39 | INFO | Alternating low-rank optimizer diagnostics:
2026-05-01 08:33:39 | INFO |   penalized_objective: 0.343365
2026-05-01 08:33:39 | INFO |   mple_loss_without_penalty: 0.284332
2026-05-01 08:33:39 | INFO |   lambda_uv_ridge: 0.010000
2026-05-01 08:33:39 | INFO |   u_frobenius_norm: 132.266680
2026-05-01 08:33:39 | INFO |   v_frobenius_norm: 1.732051
2026-05-01 08:33:39 | INFO |   effective_rank: 3.000000
2026-05-01 08:33:39 | INFO | Field and interaction diagnostics:
2026-05-01 08:33:39 | INFO |   field_rmse: 0.837437
2026-05-01 08:33:39 | INFO |   interaction_fro_error: 0.120855
2026-05-01 08:33:39 | INFO |   estimated_field_max_abs_entry: 3.779428
2026-05-01 08:33:39 | INFO |   estimated_field_rank: 3.000000
2026-05-01 08:33:39 | INFO |   true_field_max_abs_entry: 0.000000
2026-05-01 08:33:39 | INFO |   true_field_rank: 0.000000
2026-05-01 08:33:39 | INFO | Saved summary table to /orcd/home/002/phevosp/MPLE-Causal-Inference/experiments/SyntheticHybridExperiments/base/cv_runs/alternating_uv_grid/candidates/alternating_uv_grid_candidate_0003/fold_2/mple_summary.csv
2026-05-01 08:33:39 | INFO | Log saved to /orcd/home/002/phevosp/MPLE-Causal-Inference/experiments/SyntheticHybridExperiments/base/cv_runs/alternating_uv_grid/candidates/alternating_uv_grid_candidate_0003/fold_2/mple.log
