2026-04-07 11:57:07 | INFO | Loading data...
2026-04-07 11:57:07 | INFO | Loaded 6 field templates and 1 interaction templates.
2026-04-07 11:57:07 | INFO | Intervention-process model enabled: True
2026-04-07 11:57:07 | INFO | Tau zero-mean enabled: True
2026-04-07 11:57:07 | INFO | Tau smoothness lambda: 0.000000
2026-04-07 11:57:07 | INFO | Running conditional-model MPLE on x with shape=(69, 3135)
2026-04-07 11:57:07 | INFO | Eval 0  |  Loss: 0.590477
2026-04-07 11:57:07 | INFO |   field::log_population: +0.0126,  field::median_household_income: -0.0132,  field::poverty_rate: +0.0640,  field::pct_black: +0.0105,  field::pct_hispanic: -0.0536,  field::pct_in_labor_force: +0.0362,  tau block: mean=+0.0000, std=0.0982, min=-0.2442, max=+0.1843,  beta: -0.1320,  interaction::contiguity: -0.0662,  eta: +0.0935,  zeta: +0.0049,  psi: +0.2002
2026-04-07 11:57:10 | INFO | Done fitting.
2026-04-07 11:57:10 | INFO | Optimizer status: CONVERGENCE: RELATIVE REDUCTION OF F <= FACTR*EPSMCH
2026-04-07 11:57:10 | INFO | Final Loss: 0.289694
2026-04-07 11:57:10 | INFO | Estimated Parameters:
2026-04-07 11:57:10 | INFO |   field::log_population: 0.9540
2026-04-07 11:57:10 | INFO |   field::median_household_income: -1.1405
2026-04-07 11:57:10 | INFO |   field::poverty_rate: -0.5724
2026-04-07 11:57:10 | INFO |   field::pct_black: -0.1267
2026-04-07 11:57:10 | INFO |   field::pct_hispanic: -0.3466
2026-04-07 11:57:10 | INFO |   field::pct_in_labor_force: 0.0148
2026-04-07 11:57:10 | INFO |   tau::t_0: 0.0430
2026-04-07 11:57:10 | INFO |   tau::t_1: 0.0310
2026-04-07 11:57:10 | INFO |   tau::t_2: 0.0250
2026-04-07 11:57:10 | INFO |   tau::t_3: -0.0429
2026-04-07 11:57:10 | INFO |   tau::t_4: -0.1449
2026-04-07 11:57:10 | INFO |   tau::t_5: -0.0708
2026-04-07 11:57:10 | INFO |   tau::t_6: -0.1213
2026-04-07 11:57:10 | INFO |   tau::t_7: -0.1868
2026-04-07 11:57:10 | INFO |   tau::t_8: -0.2427
2026-04-07 11:57:10 | INFO |   tau::t_9: -0.2371
2026-04-07 11:57:10 | INFO |   tau::t_10: -0.2396
2026-04-07 11:57:10 | INFO |   tau::t_11: -0.1919
2026-04-07 11:57:10 | INFO |   tau::t_12: -0.1501
2026-04-07 11:57:10 | INFO |   tau::t_13: -0.1837
2026-04-07 11:57:10 | INFO |   tau::t_14: -0.1761
2026-04-07 11:57:10 | INFO |   tau::t_15: -0.1598
2026-04-07 11:57:10 | INFO |   tau::t_16: -0.1773
2026-04-07 11:57:10 | INFO |   tau::t_17: -0.1819
2026-04-07 11:57:10 | INFO |   tau::t_18: -0.1036
2026-04-07 11:57:10 | INFO |   tau::t_19: -0.2418
2026-04-07 11:57:10 | INFO |   tau::t_20: -0.1959
2026-04-07 11:57:10 | INFO |   tau::t_21: -0.2994
2026-04-07 11:57:10 | INFO |   tau::t_22: -0.2917
2026-04-07 11:57:10 | INFO |   tau::t_23: -0.3078
2026-04-07 11:57:10 | INFO |   tau::t_24: -0.3607
2026-04-07 11:57:10 | INFO |   tau::t_25: -0.2696
2026-04-07 11:57:10 | INFO |   tau::t_26: -0.2603
2026-04-07 11:57:10 | INFO |   tau::t_27: -0.2186
2026-04-07 11:57:10 | INFO |   tau::t_28: -0.1114
2026-04-07 11:57:10 | INFO |   tau::t_29: -0.0356
2026-04-07 11:57:10 | INFO |   tau::t_30: 0.0282
2026-04-07 11:57:10 | INFO |   tau::t_31: 0.0774
2026-04-07 11:57:10 | INFO |   tau::t_32: 0.0918
2026-04-07 11:57:10 | INFO |   tau::t_33: 0.1224
2026-04-07 11:57:10 | INFO |   tau::t_34: 0.2258
2026-04-07 11:57:10 | INFO |   tau::t_35: 0.2195
2026-04-07 11:57:10 | INFO |   tau::t_36: 0.2356
2026-04-07 11:57:10 | INFO |   tau::t_37: 0.1907
2026-04-07 11:57:10 | INFO |   tau::t_38: 0.1851
2026-04-07 11:57:10 | INFO |   tau::t_39: 0.1970
2026-04-07 11:57:10 | INFO |   tau::t_40: 0.2001
2026-04-07 11:57:10 | INFO |   tau::t_41: 0.1355
2026-04-07 11:57:10 | INFO |   tau::t_42: 0.1366
2026-04-07 11:57:10 | INFO |   tau::t_43: 0.1564
2026-04-07 11:57:10 | INFO |   tau::t_44: -0.0016
2026-04-07 11:57:10 | INFO |   tau::t_45: 0.2434
2026-04-07 11:57:10 | INFO |   tau::t_46: 0.1654
2026-04-07 11:57:10 | INFO |   tau::t_47: 0.1586
2026-04-07 11:57:10 | INFO |   tau::t_48: 0.1167
2026-04-07 11:57:10 | INFO |   tau::t_49: 0.1457
2026-04-07 11:57:10 | INFO |   tau::t_50: 0.2241
2026-04-07 11:57:10 | INFO |   tau::t_51: 0.2131
2026-04-07 11:57:10 | INFO |   tau::t_52: 0.2368
2026-04-07 11:57:10 | INFO |   tau::t_53: 0.3100
2026-04-07 11:57:10 | INFO |   tau::t_54: 0.3512
2026-04-07 11:57:10 | INFO |   tau::t_55: 0.3414
2026-04-07 11:57:10 | INFO |   tau::t_56: 0.3110
2026-04-07 11:57:10 | INFO |   tau::t_57: 0.2427
2026-04-07 11:57:10 | INFO |   tau::t_58: 0.2014
2026-04-07 11:57:10 | INFO |   tau::t_59: 0.1227
2026-04-07 11:57:10 | INFO |   tau::t_60: 0.1204
2026-04-07 11:57:10 | INFO |   tau::t_61: 0.0434
2026-04-07 11:57:10 | INFO |   tau::t_62: -0.0070
2026-04-07 11:57:10 | INFO |   tau::t_63: -0.0769
2026-04-07 11:57:10 | INFO |   tau::t_64: -0.0538
2026-04-07 11:57:10 | INFO |   tau::t_65: -0.1407
2026-04-07 11:57:10 | INFO |   tau::t_66: -0.1306
2026-04-07 11:57:10 | INFO |   tau::t_67: -0.0189
2026-04-07 11:57:10 | INFO |   tau::t_68: -0.2167
2026-04-07 11:57:10 | INFO |   beta: -0.1432
2026-04-07 11:57:10 | INFO |   interaction::contiguity: 1.5458
2026-04-07 11:57:10 | INFO |   eta: 0.2414
2026-04-07 11:57:10 | INFO |   zeta: -0.2416
2026-04-07 11:57:10 | INFO |   psi: 2.1049
2026-04-07 11:57:10 | INFO | Saved summary tables to C:\Users\phevo\Documents\MIT\Code\MPLE-Causal-Inference\experiments\USCountyVaccination_US_tau_zero_mean\outcome_death_rate_100k_ge_2__intervention_partial_cov_ge_30__lag_1w__contiguity\mple_summary.csv and C:\Users\phevo\Documents\MIT\Code\MPLE-Causal-Inference\experiments\USCountyVaccination_US_tau_zero_mean\outcome_death_rate_100k_ge_2__intervention_partial_cov_ge_30__lag_1w__contiguity\mple_summary.md
2026-04-07 11:57:10 | INFO | Log saved to C:\Users\phevo\Documents\MIT\Code\MPLE-Causal-Inference\experiments\USCountyVaccination_US_tau_zero_mean\outcome_death_rate_100k_ge_2__intervention_partial_cov_ge_30__lag_1w__contiguity\mple.log
