2026-04-19 15:44:02 | INFO | Loading data...
2026-04-19 15:44:02 | INFO | Using panel artifact: C:\Users\phevo\Documents\MIT\Code\MPLE-Causal-Inference\experiments\USCountyVaccination_US_sensitivity\outcome_death_rate_100k_ge_2__intervention_complete_cov_ge_30__lag_2w__contiguity__start_2021_01_03\panel_data.npz
2026-04-19 15:44:02 | INFO | Using x_0 artifact: C:\Users\phevo\Documents\MIT\Code\MPLE-Causal-Inference\experiments\USCountyVaccination_US_sensitivity\outcome_death_rate_100k_ge_2__intervention_complete_cov_ge_30__lag_2w__contiguity__start_2021_01_03\x_0.npy
2026-04-19 15:44:02 | INFO | Using z_0 artifact: C:\Users\phevo\Documents\MIT\Code\MPLE-Causal-Inference\experiments\USCountyVaccination_US_sensitivity\outcome_death_rate_100k_ge_2__intervention_complete_cov_ge_30__lag_2w__contiguity__start_2021_01_03\z_0.npy
2026-04-19 15:44:02 | INFO | Using fit config: C:\Users\phevo\Documents\MIT\Code\MPLE-Causal-Inference\experiments\USCountyVaccination_US_sensitivity\outcome_death_rate_100k_ge_2__intervention_complete_cov_ge_30__lag_2w__contiguity__start_2021_01_03\fits\rank_10_b10\fit_realized_config.yaml
2026-04-19 15:44:02 | INFO | Using model artifact directory: C:\Users\phevo\Documents\MIT\Code\MPLE-Causal-Inference\experiments\USCountyVaccination_US_sensitivity\outcome_death_rate_100k_ge_2__intervention_complete_cov_ge_30__lag_2w__contiguity__start_2021_01_03
2026-04-19 15:44:02 | INFO | Using truth artifact directory: C:\Users\phevo\Documents\MIT\Code\MPLE-Causal-Inference\experiments\USCountyVaccination_US_sensitivity\outcome_death_rate_100k_ge_2__intervention_complete_cov_ge_30__lag_2w__contiguity__start_2021_01_03
2026-04-19 15:44:02 | INFO | Configured latent rank: 10
2026-04-19 15:44:02 | INFO | Using a fixed known graph with scalar xi.
2026-04-19 15:44:02 | INFO | Intervention-process model enabled: False
2026-04-19 15:44:02 | INFO | Global temperature bound B active: True
2026-04-19 15:44:02 | INFO | Effective xi bound from interaction constraint: 10.000000
2026-04-19 15:44:02 | INFO | Beta mask pre-intervention enabled: True
2026-04-19 15:44:02 | INFO | Fixed scalar parameters: {}
2026-04-19 15:44:02 | INFO | Optimizer settings: n_starts=5, lbfgs_steps=50000, tol=1e-09, adam_steps=1000, adam_lr=0.01, adam_device=cpu, seed=0
2026-04-19 15:44:02 | INFO | Optimizer start 1/5 | seed=0 | initial_loss=0.705360
2026-04-19 15:44:04 | INFO | Start 1 Adam step 0 | Loss: 0.705360
2026-04-19 15:44:05 | INFO | Start 1 Adam step 100 | Loss: 0.389909
2026-04-19 15:44:06 | INFO | Start 1 Adam step 200 | Loss: 0.362898
2026-04-19 15:44:07 | INFO | Start 1 Adam step 300 | Loss: 0.356406
2026-04-19 15:44:08 | INFO | Start 1 Adam step 400 | Loss: 0.352482
2026-04-19 15:44:09 | INFO | Start 1 Adam step 500 | Loss: 0.350518
2026-04-19 15:44:10 | INFO | Start 1 Adam step 600 | Loss: 0.349536
2026-04-19 15:44:11 | INFO | Start 1 Adam step 700 | Loss: 0.348503
2026-04-19 15:44:12 | INFO | Start 1 Adam step 800 | Loss: 0.347835
2026-04-19 15:44:13 | INFO | Start 1 Adam step 900 | Loss: 0.347514
2026-04-19 15:44:14 | INFO | Start 1 L-BFGS eval 0 | Loss: 0.347602
2026-04-19 15:44:14 | INFO |   beta: -0.0582,  xi: +1.1751,  eta: -0.2199
2026-04-19 15:44:16 | INFO | Start 1 L-BFGS eval 100 | Loss: 0.347600
2026-04-19 15:44:16 | INFO |   beta: -0.0569,  xi: +1.1777,  eta: -0.2136
2026-04-19 15:44:18 | INFO | Optimizer start 1/5 complete | final_loss=0.347598 | status=CONVERGENCE: RELATIVE REDUCTION OF F <= FACTR*EPSMCH
2026-04-19 15:44:18 | INFO | Optimizer start 2/5 | seed=1 | initial_loss=0.662773
2026-04-19 15:44:18 | INFO | Start 2 Adam step 0 | Loss: 0.662773
2026-04-19 15:44:19 | INFO | Start 2 Adam step 100 | Loss: 0.386177
2026-04-19 15:44:20 | INFO | Start 2 Adam step 200 | Loss: 0.361587
2026-04-19 15:44:21 | INFO | Start 2 Adam step 300 | Loss: 0.355193
2026-04-19 15:44:22 | INFO | Start 2 Adam step 400 | Loss: 0.352474
2026-04-19 15:44:23 | INFO | Start 2 Adam step 500 | Loss: 0.351387
2026-04-19 15:44:24 | INFO | Start 2 Adam step 600 | Loss: 0.349788
2026-04-19 15:44:25 | INFO | Start 2 Adam step 700 | Loss: 0.348913
2026-04-19 15:44:26 | INFO | Start 2 Adam step 800 | Loss: 0.348476
2026-04-19 15:44:27 | INFO | Start 2 Adam step 900 | Loss: 0.348350
2026-04-19 15:44:28 | INFO | Start 2 L-BFGS eval 0 | Loss: 0.348189
2026-04-19 15:44:28 | INFO |   beta: -0.0488,  xi: +1.1491,  eta: -0.2087
2026-04-19 15:44:28 | INFO | Optimizer start 2/5 complete | final_loss=0.348182 | status=CONVERGENCE: RELATIVE REDUCTION OF F <= FACTR*EPSMCH
2026-04-19 15:44:28 | INFO | Optimizer start 3/5 | seed=2 | initial_loss=0.770007
2026-04-19 15:44:28 | INFO | Start 3 Adam step 0 | Loss: 0.770007
2026-04-19 15:44:29 | INFO | Start 3 Adam step 100 | Loss: 0.389370
2026-04-19 15:44:30 | INFO | Start 3 Adam step 200 | Loss: 0.361270
2026-04-19 15:44:31 | INFO | Start 3 Adam step 300 | Loss: 0.352289
2026-04-19 15:44:32 | INFO | Start 3 Adam step 400 | Loss: 0.348637
2026-04-19 15:44:33 | INFO | Start 3 Adam step 500 | Loss: 0.346541
2026-04-19 15:44:34 | INFO | Start 3 Adam step 600 | Loss: 0.346562
2026-04-19 15:44:35 | INFO | Start 3 Adam step 700 | Loss: 0.346617
2026-04-19 15:44:36 | INFO | Start 3 Adam step 800 | Loss: 0.346292
2026-04-19 15:44:37 | INFO | Start 3 Adam step 900 | Loss: 0.346446
2026-04-19 15:44:38 | INFO | Start 3 L-BFGS eval 0 | Loss: 0.346502
2026-04-19 15:44:38 | INFO |   beta: -0.0809,  xi: +1.1370,  eta: -0.2266
2026-04-19 15:44:40 | INFO | Start 3 L-BFGS eval 100 | Loss: 0.346454
2026-04-19 15:44:40 | INFO |   beta: -0.0809,  xi: +1.1499,  eta: -0.2305
2026-04-19 15:44:41 | INFO | Optimizer start 3/5 complete | final_loss=0.346454 | status=CONVERGENCE: RELATIVE REDUCTION OF F <= FACTR*EPSMCH
2026-04-19 15:44:41 | INFO | Optimizer start 4/5 | seed=3 | initial_loss=0.701505
2026-04-19 15:44:41 | INFO | Start 4 Adam step 0 | Loss: 0.701505
2026-04-19 15:44:42 | INFO | Start 4 Adam step 100 | Loss: 0.390969
2026-04-19 15:44:43 | INFO | Start 4 Adam step 200 | Loss: 0.360623
2026-04-19 15:44:44 | INFO | Start 4 Adam step 300 | Loss: 0.352185
2026-04-19 15:44:45 | INFO | Start 4 Adam step 400 | Loss: 0.349365
2026-04-19 15:44:46 | INFO | Start 4 Adam step 500 | Loss: 0.348308
2026-04-19 15:44:47 | INFO | Start 4 Adam step 600 | Loss: 0.347233
2026-04-19 15:44:48 | INFO | Start 4 Adam step 700 | Loss: 0.346877
2026-04-19 15:44:49 | INFO | Start 4 Adam step 800 | Loss: 0.347482
2026-04-19 15:44:50 | INFO | Start 4 Adam step 900 | Loss: 0.347161
2026-04-19 15:44:51 | INFO | Start 4 L-BFGS eval 0 | Loss: 0.347250
2026-04-19 15:44:51 | INFO |   beta: -0.0718,  xi: +1.1553,  eta: -0.2253
2026-04-19 15:44:52 | INFO | Optimizer start 4/5 complete | final_loss=0.347229 | status=CONVERGENCE: RELATIVE REDUCTION OF F <= FACTR*EPSMCH
2026-04-19 15:44:52 | INFO | Optimizer start 5/5 | seed=4 | initial_loss=0.692854
2026-04-19 15:44:52 | INFO | Start 5 Adam step 0 | Loss: 0.692854
2026-04-19 15:44:53 | INFO | Start 5 Adam step 100 | Loss: 0.389679
2026-04-19 15:44:54 | INFO | Start 5 Adam step 200 | Loss: 0.361842
2026-04-19 15:44:55 | INFO | Start 5 Adam step 300 | Loss: 0.354375
2026-04-19 15:44:56 | INFO | Start 5 Adam step 400 | Loss: 0.352184
2026-04-19 15:44:57 | INFO | Start 5 Adam step 500 | Loss: 0.350251
2026-04-19 15:44:58 | INFO | Start 5 Adam step 600 | Loss: 0.349802
2026-04-19 15:44:59 | INFO | Start 5 Adam step 700 | Loss: 0.349251
2026-04-19 15:44:59 | INFO | Start 5 Adam step 800 | Loss: 0.348508
2026-04-19 15:45:00 | INFO | Start 5 Adam step 900 | Loss: 0.348384
2026-04-19 15:45:01 | INFO | Start 5 L-BFGS eval 0 | Loss: 0.347949
2026-04-19 15:45:01 | INFO |   beta: -0.0500,  xi: +1.1874,  eta: -0.2042
2026-04-19 15:45:02 | INFO | Optimizer start 5/5 complete | final_loss=0.347949 | status=ABNORMAL: 
2026-04-19 15:45:02 | INFO | Done fitting.
2026-04-19 15:45:02 | INFO | Optimizer status: CONVERGENCE: RELATIVE REDUCTION OF F <= FACTR*EPSMCH | best_start=3/5
2026-04-19 15:45:02 | INFO | Best optimizer start: 3 / 5
2026-04-19 15:45:02 | INFO | Final Loss: 0.346454
2026-04-19 15:45:02 | INFO | Estimated Parameters:
2026-04-19 15:45:02 | INFO |   beta: -0.0809
2026-04-19 15:45:02 | INFO |   xi: 1.1497
2026-04-19 15:45:02 | INFO |   eta: -0.2305
2026-04-19 15:45:02 | INFO | Field and interaction diagnostics:
2026-04-19 15:45:02 | INFO |   estimated_field_inf_norm: 10.000000
2026-04-19 15:45:02 | INFO |   estimated_field_rank: 10.000000
2026-04-19 15:45:02 | INFO |   bound_B: 10.000000
2026-04-19 15:45:02 | INFO | Saved summary tables to C:\Users\phevo\Documents\MIT\Code\MPLE-Causal-Inference\experiments\USCountyVaccination_US_sensitivity\outcome_death_rate_100k_ge_2__intervention_complete_cov_ge_30__lag_2w__contiguity__start_2021_01_03\fits\rank_10_b10\mple_summary.csv and C:\Users\phevo\Documents\MIT\Code\MPLE-Causal-Inference\experiments\USCountyVaccination_US_sensitivity\outcome_death_rate_100k_ge_2__intervention_complete_cov_ge_30__lag_2w__contiguity__start_2021_01_03\fits\rank_10_b10\mple_summary.md
2026-04-19 15:45:02 | INFO | Log saved to C:\Users\phevo\Documents\MIT\Code\MPLE-Causal-Inference\experiments\USCountyVaccination_US_sensitivity\outcome_death_rate_100k_ge_2__intervention_complete_cov_ge_30__lag_2w__contiguity__start_2021_01_03\fits\rank_10_b10\mple.log
