2026-04-05 18:41:52 | INFO | Loading data...
2026-04-05 18:41:52 | INFO | Loaded 9 field templates and 1 interaction templates.
2026-04-05 18:41:52 | INFO | Running conditional-model MPLE on x with shape=(15, 9642)
2026-04-05 18:41:52 | INFO | Eval 0  |  Loss: 0.789654
2026-04-05 18:41:52 | INFO |   field::intercept: +0.0126,  field::total_pop: -0.0132,  field::black_share: +0.0640,  field::hispanic_share: +0.0105,  field::male_1521_share: -0.0536,  field::family_household_share: +0.0362,  field::female_household_share: +0.1304,  field::renter_share: +0.0947,  field::vacant_share: -0.0704,  tau block: mean=-0.0323, std=0.0897, min=-0.2325, max=+0.1366,  beta: +0.0903,  interaction::contiguity: +0.0094,  eta: -0.0743,  zeta: -0.0922,  psi: -0.0458
2026-04-05 18:41:56 | INFO | Eval 100  |  Loss: 0.361530
2026-04-05 18:41:56 | INFO |   field::intercept: +0.1633,  field::total_pop: -5.6820,  field::black_share: -0.2838,  field::hispanic_share: -0.2561,  field::male_1521_share: +0.1146,  field::family_household_share: +0.2842,  field::female_household_share: -0.2124,  field::renter_share: -0.1185,  field::vacant_share: -1.5785,  tau block: mean=-0.0223, std=0.0599, min=-0.1009, max=+0.1166,  beta: -0.1544,  interaction::contiguity: +2.0520,  eta: +0.4057,  zeta: -0.6379,  psi: +3.5740
2026-04-05 18:41:57 | INFO | Done fitting.
2026-04-05 18:41:57 | INFO | Optimizer status: CONVERGENCE: RELATIVE REDUCTION OF F <= FACTR*EPSMCH
2026-04-05 18:41:57 | INFO | Final Loss: 0.361530
2026-04-05 18:41:57 | INFO | Estimated Parameters:
2026-04-05 18:41:57 | INFO |   field::intercept: 0.1538
2026-04-05 18:41:57 | INFO |   field::total_pop: -5.6999
2026-04-05 18:41:57 | INFO |   field::black_share: -0.2862
2026-04-05 18:41:57 | INFO |   field::hispanic_share: -0.2632
2026-04-05 18:41:57 | INFO |   field::male_1521_share: 0.1113
2026-04-05 18:41:57 | INFO |   field::family_household_share: 0.2840
2026-04-05 18:41:57 | INFO |   field::female_household_share: -0.2071
2026-04-05 18:41:57 | INFO |   field::renter_share: -0.1177
2026-04-05 18:41:57 | INFO |   field::vacant_share: -1.5708
2026-04-05 18:41:57 | INFO |   tau::t_0: 0.0438
2026-04-05 18:41:57 | INFO |   tau::t_1: -0.0858
2026-04-05 18:41:57 | INFO |   tau::t_2: -0.0304
2026-04-05 18:41:57 | INFO |   tau::t_3: 0.0566
2026-04-05 18:41:57 | INFO |   tau::t_4: 0.0166
2026-04-05 18:41:57 | INFO |   tau::t_5: -0.0312
2026-04-05 18:41:57 | INFO |   tau::t_6: -0.0309
2026-04-05 18:41:57 | INFO |   tau::t_7: 0.0135
2026-04-05 18:41:57 | INFO |   tau::t_8: -0.0277
2026-04-05 18:41:57 | INFO |   tau::t_9: -0.0924
2026-04-05 18:41:57 | INFO |   tau::t_10: -0.0585
2026-04-05 18:41:57 | INFO |   tau::t_11: -0.0505
2026-04-05 18:41:57 | INFO |   tau::t_12: -0.0815
2026-04-05 18:41:57 | INFO |   tau::t_13: -0.1014
2026-04-05 18:41:57 | INFO |   tau::t_14: 0.1158
2026-04-05 18:41:57 | INFO |   beta: -0.1646
2026-04-05 18:41:57 | INFO |   interaction::contiguity: 2.0532
2026-04-05 18:41:57 | INFO |   eta: 0.4056
2026-04-05 18:41:57 | INFO |   zeta: -0.6087
2026-04-05 18:41:57 | INFO |   psi: 3.5287
2026-04-05 18:41:57 | INFO | Saved summary tables to C:\Users\phevo\Documents\MIT\Code\MPLE-Causal-Inference\experiments\SeattleDMI\any_crime_gt_1_pm1__contiguity\mple_summary.csv and C:\Users\phevo\Documents\MIT\Code\MPLE-Causal-Inference\experiments\SeattleDMI\any_crime_gt_1_pm1__contiguity\mple_summary.md
2026-04-05 18:41:57 | INFO | Log saved to C:\Users\phevo\Documents\MIT\Code\MPLE-Causal-Inference\experiments\SeattleDMI\any_crime_gt_1_pm1__contiguity\mple.log
