2026-05-02 12:48:40 | INFO | Loading data...
2026-05-02 12:48:40 | INFO | Using panel artifact: /orcd/home/002/phevosp/MPLE-Causal-Inference/experiments/Synthetic/spectral_low_rank/panel_data.npz
2026-05-02 12:48:40 | INFO | Using x_0 artifact: /orcd/home/002/phevosp/MPLE-Causal-Inference/experiments/Synthetic/spectral_low_rank/x_0.npy
2026-05-02 12:48:40 | INFO | Using fit config: /orcd/home/002/phevosp/MPLE-Causal-Inference/experiments/Synthetic/spectral_low_rank/fits/base/fit_realized_config.yaml
2026-05-02 12:48:40 | INFO | Using model artifact directory: /orcd/home/002/phevosp/MPLE-Causal-Inference/experiments/Synthetic/spectral_low_rank
2026-05-02 12:48:40 | INFO | Using truth artifact directory: /orcd/home/002/phevosp/MPLE-Causal-Inference/experiments/Synthetic/spectral_low_rank
2026-05-02 12:48:40 | INFO | Configured optimizer mode: no_external_field
2026-05-02 12:48:40 | INFO | Configured latent rank: 0
2026-05-02 12:48:40 | INFO | Using a fixed known graph with scalar xi.
2026-05-02 12:48:40 | INFO | Fit-time hard bounds active: False
2026-05-02 12:48:40 | INFO | Fixed scalar parameters: {}
2026-05-02 12:48:40 | INFO | Warm-start fixed scalars: {} for 0 steps
2026-05-02 12:48:40 | INFO | Beta mask before s: False with s=0
2026-05-02 12:48:40 | INFO | Beta mask after e: False with e=11
2026-05-02 12:48:40 | INFO | Ignoring v_column_l2_max=1.0 for optimizer_mode=no_external_field
2026-05-02 12:48:40 | INFO | Optimizer settings: steps=20000, tol=1e-09, n_starts=1, seed=0, lambda_nuclear=0.0, lambda_frobenius=0.0, lambda_uv_ridge=0.0, v_column_l2_max=1.0, proximal_lr=1.0
2026-05-02 12:48:40 | INFO | Done fitting.
2026-05-02 12:48:40 | INFO | Optimizer status: Optimization terminated successfully.
2026-05-02 12:48:40 | INFO | Best optimizer start: 1 / 1
2026-05-02 12:48:40 | INFO | Final Loss: 0.623454
2026-05-02 12:48:40 | INFO | Estimated vs True Parameters:
2026-05-02 12:48:40 | INFO |   beta: -0.2706 (True: -0.3000) | SQE: 0.000863
2026-05-02 12:48:40 | INFO |   xi: 0.6606 (True: 0.8000) | SQE: 0.019444
2026-05-02 12:48:40 | INFO |   eta: 0.2749 (True: 0.3000) | SQE: 0.000630
2026-05-02 12:48:40 | INFO | Field and interaction diagnostics:
2026-05-02 12:48:40 | INFO |   field_rmse: 0.400000
2026-05-02 12:48:40 | INFO |   interaction_fro_error: 0.494008
2026-05-02 12:48:40 | INFO |   estimated_field_max_abs_entry: 0.000000
2026-05-02 12:48:40 | INFO |   estimated_field_rank: 0.000000
2026-05-02 12:48:40 | INFO |   true_field_max_abs_entry: 2.857994
2026-05-02 12:48:40 | INFO |   true_field_rank: 3.000000
2026-05-02 12:48:40 | INFO | Saved summary table to /orcd/home/002/phevosp/MPLE-Causal-Inference/experiments/Synthetic/spectral_low_rank/fits/base/mple_summary.csv
2026-05-02 12:48:40 | INFO | Log saved to /orcd/home/002/phevosp/MPLE-Causal-Inference/experiments/Synthetic/spectral_low_rank/fits/base/mple.log
