2026-05-02 21:36:39 | INFO | Loading data...
2026-05-02 21:36:39 | INFO | Using panel artifact: /orcd/home/002/phevosp/MPLE-Causal-Inference/experiments/HybridExperiments_r5_c1_v2/r5_c1_hybrid_us_county_intervention_generated_graph_confounding/panel_data.npz
2026-05-02 21:36:39 | INFO | Using x_0 artifact: /orcd/home/002/phevosp/MPLE-Causal-Inference/experiments/HybridExperiments_r5_c1_v2/r5_c1_hybrid_us_county_intervention_generated_graph_confounding/x_0.npy
2026-05-02 21:36:39 | INFO | Using fit config: /orcd/home/002/phevosp/MPLE-Causal-Inference/experiments/HybridExperiments_r5_c1_v2/r5_c1_hybrid_us_county_intervention_generated_graph_confounding/cv_runs/alternating_uv_grid/candidates/alternating_uv_grid_candidate_0004/fold_4/fit_realized_config.yaml
2026-05-02 21:36:39 | INFO | Using model artifact directory: /orcd/home/002/phevosp/MPLE-Causal-Inference/experiments/HybridExperiments_r5_c1_v2/r5_c1_hybrid_us_county_intervention_generated_graph_confounding
2026-05-02 21:36:39 | INFO | Using truth artifact directory: /orcd/home/002/phevosp/MPLE-Causal-Inference/experiments/HybridExperiments_r5_c1_v2/r5_c1_hybrid_us_county_intervention_generated_graph_confounding
2026-05-02 21:36:39 | INFO | Using loss mask artifact: /orcd/home/002/phevosp/MPLE-Causal-Inference/experiments/HybridExperiments_r5_c1_v2/r5_c1_hybrid_us_county_intervention_generated_graph_confounding/cv_runs/alternating_uv_grid/candidates/alternating_uv_grid_candidate_0004/fold_4/loss_mask.npy
2026-05-02 21:36:39 | INFO | Configured optimizer mode: alternating_latent_rank
2026-05-02 21:36:39 | INFO | Configured latent rank: 5
2026-05-02 21:36:39 | INFO | Using a fixed known graph with scalar xi.
2026-05-02 21:36:39 | INFO | Fit-time hard bounds active: False
2026-05-02 21:36:39 | INFO | Fixed scalar parameters: {}
2026-05-02 21:36:39 | INFO | Warm-start fixed scalars: {} for 0 steps
2026-05-02 21:36:39 | INFO | Beta mask before s: True with s=50
2026-05-02 21:36:39 | INFO | Beta mask after e: True with e=115
2026-05-02 21:36:39 | INFO | Alternating V-column L2-ball constraint active with radius 1.0
2026-05-02 21:36:39 | INFO | Optimizer settings: steps=2000, tol=1e-07, n_starts=1, seed=0, lambda_nuclear=0.0, lambda_frobenius=0.0, lambda_uv_ridge=0.01, v_column_l2_max=1.0, proximal_lr=1.0
2026-05-02 21:36:39 | INFO | Alternating low-rank start 1/1 | seed=0 | initial_loss=0.761016 | initial_penalized=0.761017
2026-05-02 21:36:39 | INFO | Alternating low-rank iter 0 | Loss: 0.635204 | Penalized: 0.636361
2026-05-02 21:36:55 | INFO | Alternating low-rank iter 100 | Loss: 0.496644 | Penalized: 0.513935
2026-05-02 21:37:08 | INFO | Alternating low-rank iter 200 | Loss: 0.494643 | Penalized: 0.511993
2026-05-02 21:37:21 | INFO | Alternating low-rank iter 300 | Loss: 0.493840 | Penalized: 0.511152
2026-05-02 21:37:34 | INFO | Alternating low-rank iter 400 | Loss: 0.493408 | Penalized: 0.510686
2026-05-02 21:37:48 | INFO | Alternating low-rank iter 500 | Loss: 0.493134 | Penalized: 0.510405
2026-05-02 21:38:01 | INFO | Alternating low-rank iter 600 | Loss: 0.492953 | Penalized: 0.510227
2026-05-02 21:38:14 | INFO | Alternating low-rank iter 700 | Loss: 0.492831 | Penalized: 0.510113
2026-05-02 21:38:27 | INFO | Alternating low-rank iter 800 | Loss: 0.492750 | Penalized: 0.510041
2026-05-02 21:38:41 | INFO | Alternating low-rank iter 900 | Loss: 0.492699 | Penalized: 0.509996
2026-05-02 21:38:54 | INFO | Alternating low-rank iter 1000 | Loss: 0.492667 | Penalized: 0.509968
2026-05-02 21:39:07 | INFO | Alternating low-rank iter 1100 | Loss: 0.492648 | Penalized: 0.509951
2026-05-02 21:39:16 | INFO | Done fitting.
2026-05-02 21:39:16 | INFO | Optimizer status: CONVERGED: alternating objective tolerance reached
2026-05-02 21:39:16 | INFO | Best optimizer start: 1 / 1
2026-05-02 21:39:16 | INFO | Final Loss: 0.492639
2026-05-02 21:39:16 | INFO | Estimated vs True Parameters:
2026-05-02 21:39:16 | INFO |   beta: -0.1316 (True: -0.3000) | SQE: 0.028347
2026-05-02 21:39:16 | INFO |   xi: 0.8072 (True: 0.8000) | SQE: 0.000051
2026-05-02 21:39:16 | INFO |   eta: 0.3215 (True: 0.3000) | SQE: 0.000464
2026-05-02 21:39:16 | INFO | Alternating low-rank optimizer diagnostics:
2026-05-02 21:39:16 | INFO |   penalized_objective: 0.509943
2026-05-02 21:39:16 | INFO |   mple_loss_without_penalty: 0.492639
2026-05-02 21:39:16 | INFO |   lambda_uv_ridge: 0.010000
2026-05-02 21:39:16 | INFO |   u_frobenius_norm: 395.448174
2026-05-02 21:39:16 | INFO |   v_frobenius_norm: 2.236068
2026-05-02 21:39:16 | INFO |   effective_rank: 5.000000
2026-05-02 21:39:16 | INFO | Field and interaction diagnostics:
2026-05-02 21:39:16 | INFO |   field_rmse: 0.629536
2026-05-02 21:39:16 | INFO |   interaction_fro_error: 0.054204
2026-05-02 21:39:17 | INFO |   estimated_field_max_abs_entry: 4.581023
2026-05-02 21:39:17 | INFO |   estimated_field_rank: 5.000000
2026-05-02 21:39:17 | INFO |   true_field_max_abs_entry: 3.005890
2026-05-02 21:39:17 | INFO |   true_field_rank: 5.000000
2026-05-02 21:39:17 | INFO | Saved summary table to /orcd/home/002/phevosp/MPLE-Causal-Inference/experiments/HybridExperiments_r5_c1_v2/r5_c1_hybrid_us_county_intervention_generated_graph_confounding/cv_runs/alternating_uv_grid/candidates/alternating_uv_grid_candidate_0004/fold_4/mple_summary.csv
2026-05-02 21:39:17 | INFO | Log saved to /orcd/home/002/phevosp/MPLE-Causal-Inference/experiments/HybridExperiments_r5_c1_v2/r5_c1_hybrid_us_county_intervention_generated_graph_confounding/cv_runs/alternating_uv_grid/candidates/alternating_uv_grid_candidate_0004/fold_4/mple.log
