2026-05-01 08:35:10 | INFO | Loading data...
2026-05-01 08:35:10 | INFO | Using panel artifact: /orcd/home/002/phevosp/MPLE-Causal-Inference/experiments/SyntheticHybridExperiments/confounding_weak/panel_data.npz
2026-05-01 08:35:10 | INFO | Using x_0 artifact: /orcd/home/002/phevosp/MPLE-Causal-Inference/experiments/SyntheticHybridExperiments/confounding_weak/x_0.npy
2026-05-01 08:35:10 | INFO | Using fit config: /orcd/home/002/phevosp/MPLE-Causal-Inference/experiments/SyntheticHybridExperiments/confounding_weak/cv_runs/alternating_uv_grid/candidates/alternating_uv_grid_candidate_0003/fold_7/fit_realized_config.yaml
2026-05-01 08:35:10 | INFO | Using model artifact directory: /orcd/home/002/phevosp/MPLE-Causal-Inference/experiments/SyntheticHybridExperiments/confounding_weak
2026-05-01 08:35:10 | INFO | Using truth artifact directory: /orcd/home/002/phevosp/MPLE-Causal-Inference/experiments/SyntheticHybridExperiments/confounding_weak
2026-05-01 08:35:10 | INFO | Using loss mask artifact: /orcd/home/002/phevosp/MPLE-Causal-Inference/experiments/SyntheticHybridExperiments/confounding_weak/cv_runs/alternating_uv_grid/candidates/alternating_uv_grid_candidate_0003/fold_7/loss_mask.npy
2026-05-01 08:35:10 | INFO | Configured optimizer mode: alternating_latent_rank
2026-05-01 08:35:10 | INFO | Configured latent rank: 3
2026-05-01 08:35:10 | INFO | Using a fixed known graph with scalar xi.
2026-05-01 08:35:10 | INFO | Fit-time hard bounds active: False
2026-05-01 08:35:10 | INFO | Fixed scalar parameters: {}
2026-05-01 08:35:10 | INFO | Warm-start fixed scalars: {} for 0 steps
2026-05-01 08:35:10 | INFO | Beta mask before s: False with s=0
2026-05-01 08:35:10 | INFO | Beta mask after e: False with e=11
2026-05-01 08:35:10 | INFO | Alternating V-column L2-ball constraint active with radius 1.0
2026-05-01 08:35:10 | INFO | Optimizer settings: steps=2000, tol=1e-07, n_starts=1, seed=0, lambda_nuclear=0.0, lambda_frobenius=0.0, lambda_uv_ridge=0.01, v_column_l2_max=1.0, proximal_lr=1.0
2026-05-01 08:35:10 | INFO | Alternating low-rank start 1/1 | seed=0 | initial_loss=0.826588 | initial_penalized=0.826604
2026-05-01 08:35:10 | INFO | Alternating low-rank iter 0 | Loss: 0.641017 | Penalized: 0.643863
2026-05-01 08:35:11 | INFO | Alternating low-rank iter 100 | Loss: 0.330938 | Penalized: 0.385175
2026-05-01 08:35:12 | INFO | Alternating low-rank iter 200 | Loss: 0.318365 | Penalized: 0.375184
2026-05-01 08:35:12 | INFO | Alternating low-rank iter 300 | Loss: 0.314435 | Penalized: 0.371642
2026-05-01 08:35:13 | INFO | Alternating low-rank iter 400 | Loss: 0.312755 | Penalized: 0.369753
2026-05-01 08:35:14 | INFO | Alternating low-rank iter 500 | Loss: 0.310561 | Penalized: 0.367743
2026-05-01 08:35:15 | INFO | Alternating low-rank iter 600 | Loss: 0.308464 | Penalized: 0.366293
2026-05-01 08:35:16 | INFO | Alternating low-rank iter 700 | Loss: 0.307194 | Penalized: 0.365554
2026-05-01 08:35:17 | INFO | Alternating low-rank iter 800 | Loss: 0.306479 | Penalized: 0.365118
2026-05-01 08:35:18 | INFO | Alternating low-rank iter 900 | Loss: 0.305983 | Penalized: 0.364772
2026-05-01 08:35:19 | INFO | Alternating low-rank iter 1000 | Loss: 0.305586 | Penalized: 0.364478
2026-05-01 08:35:20 | INFO | Alternating low-rank iter 1100 | Loss: 0.305267 | Penalized: 0.364225
2026-05-01 08:35:20 | INFO | Alternating low-rank iter 1200 | Loss: 0.305011 | Penalized: 0.364003
2026-05-01 08:35:21 | INFO | Alternating low-rank iter 1300 | Loss: 0.304796 | Penalized: 0.363804
2026-05-01 08:35:22 | INFO | Alternating low-rank iter 1400 | Loss: 0.304610 | Penalized: 0.363623
2026-05-01 08:35:23 | INFO | Alternating low-rank iter 1500 | Loss: 0.304444 | Penalized: 0.363459
2026-05-01 08:35:24 | INFO | Alternating low-rank iter 1600 | Loss: 0.304293 | Penalized: 0.363310
2026-05-01 08:35:25 | INFO | Alternating low-rank iter 1700 | Loss: 0.304156 | Penalized: 0.363174
2026-05-01 08:35:26 | INFO | Alternating low-rank iter 1800 | Loss: 0.304029 | Penalized: 0.363051
2026-05-01 08:35:27 | INFO | Alternating low-rank iter 1900 | Loss: 0.303913 | Penalized: 0.362938
2026-05-01 08:35:28 | INFO | Done fitting.
2026-05-01 08:35:28 | INFO | Optimizer status: STOP: TOTAL NO. OF ITERATIONS REACHED LIMIT
2026-05-01 08:35:28 | INFO | Best optimizer start: 1 / 1
2026-05-01 08:35:28 | INFO | Final Loss: 0.303808
2026-05-01 08:35:28 | INFO | Estimated vs True Parameters:
2026-05-01 08:35:28 | INFO |   beta: -0.4760 (True: -0.3000) | SQE: 0.030973
2026-05-01 08:35:28 | INFO |   xi: 0.9566 (True: 0.8000) | SQE: 0.024517
2026-05-01 08:35:28 | INFO |   eta: 0.5351 (True: 0.3000) | SQE: 0.055253
2026-05-01 08:35:28 | INFO | Alternating low-rank optimizer diagnostics:
2026-05-01 08:35:28 | INFO |   penalized_objective: 0.362837
2026-05-01 08:35:28 | INFO |   mple_loss_without_penalty: 0.303808
2026-05-01 08:35:28 | INFO |   lambda_uv_ridge: 0.010000
2026-05-01 08:35:28 | INFO |   u_frobenius_norm: 132.261997
2026-05-01 08:35:28 | INFO |   v_frobenius_norm: 1.732051
2026-05-01 08:35:28 | INFO |   effective_rank: 3.000000
2026-05-01 08:35:28 | INFO | Field and interaction diagnostics:
2026-05-01 08:35:28 | INFO |   field_rmse: 0.841613
2026-05-01 08:35:28 | INFO |   interaction_fro_error: 0.413867
2026-05-01 08:35:28 | INFO |   estimated_field_max_abs_entry: 3.825346
2026-05-01 08:35:28 | INFO |   estimated_field_rank: 3.000000
2026-05-01 08:35:28 | INFO |   true_field_max_abs_entry: 1.115066
2026-05-01 08:35:28 | INFO |   true_field_rank: 3.000000
2026-05-01 08:35:28 | INFO | Saved summary table to /orcd/home/002/phevosp/MPLE-Causal-Inference/experiments/SyntheticHybridExperiments/confounding_weak/cv_runs/alternating_uv_grid/candidates/alternating_uv_grid_candidate_0003/fold_7/mple_summary.csv
2026-05-01 08:35:28 | INFO | Log saved to /orcd/home/002/phevosp/MPLE-Causal-Inference/experiments/SyntheticHybridExperiments/confounding_weak/cv_runs/alternating_uv_grid/candidates/alternating_uv_grid_candidate_0003/fold_7/mple.log
