2026-07-27 08:45:18 | INFO | Starting SNN fit in /orcd/home/002/phevosp/MPLE-Causal-Inference/experiments/SyntheticSNN/interference_confounding_beta_025_xi_080/fits/snn_8nn_u_mr1
2026-07-27 08:45:18 | INFO | Resolved SNN parameters: {'n_neighbors': 8, 'weights': 'uniform', 'anchor_solver': 'bitset_exact', 'random_splits': False, 'max_rank': 1, 'spectral_t': None, 'linear_span_eps': 0.05, 'subspace_eps': 0.05, 'min_value': None, 'max_value': None}
2026-07-27 08:45:18 | INFO | Loaded panel with shape T=50, N=500
2026-07-27 08:45:18 | INFO | Starting treated completion for 12555 target-missing entries.
2026-07-27 08:45:18 | INFO | treated completion progress: 0/12555 (0.0%)
2026-07-27 08:46:38 | INFO | treated completion progress: 250/12555 (2.0%) elapsed=80.4s eta=3955.6s
2026-07-27 08:47:52 | INFO | treated completion progress: 500/12555 (4.0%) elapsed=154.7s eta=3730.0s
2026-07-27 08:49:09 | INFO | treated completion progress: 750/12555 (6.0%) elapsed=231.8s eta=3648.9s
2026-07-27 08:50:29 | INFO | treated completion progress: 1000/12555 (8.0%) elapsed=311.4s eta=3598.0s
2026-07-27 08:51:37 | INFO | treated completion progress: 1250/12555 (10.0%) elapsed=379.2s eta=3429.2s
2026-07-27 08:52:50 | INFO | treated completion progress: 1500/12555 (11.9%) elapsed=452.3s eta=3333.5s
2026-07-27 08:54:14 | INFO | treated completion progress: 1750/12555 (13.9%) elapsed=536.0s eta=3309.4s
2026-07-27 08:55:29 | INFO | treated completion progress: 2000/12555 (15.9%) elapsed=611.4s eta=3226.8s
2026-07-27 08:56:46 | INFO | treated completion progress: 2250/12555 (17.9%) elapsed=688.2s eta=3152.1s
2026-07-27 08:58:02 | INFO | treated completion progress: 2500/12555 (19.9%) elapsed=764.9s eta=3076.6s
2026-07-27 08:59:26 | INFO | treated completion progress: 2750/12555 (21.9%) elapsed=848.8s eta=3026.5s
2026-07-27 09:00:43 | INFO | treated completion progress: 3000/12555 (23.9%) elapsed=925.6s eta=2948.1s
2026-07-27 09:02:01 | INFO | treated completion progress: 3250/12555 (25.9%) elapsed=1003.4s eta=2872.7s
2026-07-27 09:03:24 | INFO | treated completion progress: 3500/12555 (27.9%) elapsed=1086.6s eta=2811.1s
2026-07-27 09:04:43 | INFO | treated completion progress: 3750/12555 (29.9%) elapsed=1165.9s eta=2737.6s
2026-07-27 09:06:03 | INFO | treated completion progress: 4000/12555 (31.9%) elapsed=1245.8s eta=2664.5s
2026-07-27 09:07:20 | INFO | treated completion progress: 4250/12555 (33.9%) elapsed=1322.9s eta=2585.1s
2026-07-27 09:08:40 | INFO | treated completion progress: 4500/12555 (35.8%) elapsed=1402.4s eta=2510.3s
2026-07-27 09:09:55 | INFO | treated completion progress: 4750/12555 (37.8%) elapsed=1477.3s eta=2427.4s
2026-07-27 09:11:11 | INFO | treated completion progress: 5000/12555 (39.8%) elapsed=1553.7s eta=2347.7s
2026-07-27 09:12:26 | INFO | treated completion progress: 5250/12555 (41.8%) elapsed=1628.8s eta=2266.3s
2026-07-27 09:13:49 | INFO | treated completion progress: 5500/12555 (43.8%) elapsed=1711.9s eta=2195.8s
2026-07-27 09:15:00 | INFO | treated completion progress: 5750/12555 (45.8%) elapsed=1782.5s eta=2109.5s
2026-07-27 09:16:17 | INFO | treated completion progress: 6000/12555 (47.8%) elapsed=1859.3s eta=2031.3s
2026-07-27 09:17:37 | INFO | treated completion progress: 6250/12555 (49.8%) elapsed=1939.8s eta=1956.9s
2026-07-27 09:19:03 | INFO | treated completion progress: 6500/12555 (51.8%) elapsed=2025.7s eta=1887.1s
2026-07-27 09:20:21 | INFO | treated completion progress: 6750/12555 (53.8%) elapsed=2103.5s eta=1809.0s
2026-07-27 09:21:27 | INFO | treated completion progress: 7000/12555 (55.8%) elapsed=2169.2s eta=1721.4s
2026-07-27 09:22:48 | INFO | treated completion progress: 7250/12555 (57.7%) elapsed=2250.0s eta=1646.4s
2026-07-27 09:24:01 | INFO | treated completion progress: 7500/12555 (59.7%) elapsed=2323.4s eta=1566.0s
2026-07-27 09:25:11 | INFO | treated completion progress: 7750/12555 (61.7%) elapsed=2393.2s eta=1483.8s
2026-07-27 09:26:24 | INFO | treated completion progress: 8000/12555 (63.7%) elapsed=2466.8s eta=1404.6s
2026-07-27 09:27:39 | INFO | treated completion progress: 8250/12555 (65.7%) elapsed=2541.2s eta=1326.1s
2026-07-27 09:28:46 | INFO | treated completion progress: 8500/12555 (67.7%) elapsed=2608.4s eta=1244.4s
2026-07-27 09:30:05 | INFO | treated completion progress: 8750/12555 (69.7%) elapsed=2687.9s eta=1168.9s
2026-07-27 09:31:27 | INFO | treated completion progress: 9000/12555 (71.7%) elapsed=2769.8s eta=1094.1s
2026-07-27 09:32:42 | INFO | treated completion progress: 9250/12555 (73.7%) elapsed=2844.0s eta=1016.2s
2026-07-27 09:34:02 | INFO | treated completion progress: 9500/12555 (75.7%) elapsed=2924.8s eta=940.6s
2026-07-27 09:35:29 | INFO | treated completion progress: 9750/12555 (77.7%) elapsed=3011.5s eta=866.4s
2026-07-27 09:36:51 | INFO | treated completion progress: 10000/12555 (79.6%) elapsed=3093.7s eta=790.4s
2026-07-27 09:38:09 | INFO | treated completion progress: 10250/12555 (81.6%) elapsed=3171.2s eta=713.1s
2026-07-27 09:39:22 | INFO | treated completion progress: 10500/12555 (83.6%) elapsed=3244.9s eta=635.1s
2026-07-27 09:40:37 | INFO | treated completion progress: 10750/12555 (85.6%) elapsed=3319.8s eta=557.4s
2026-07-27 09:41:53 | INFO | treated completion progress: 11000/12555 (87.6%) elapsed=3395.9s eta=480.1s
2026-07-27 09:43:08 | INFO | treated completion progress: 11250/12555 (89.6%) elapsed=3470.9s eta=402.6s
2026-07-27 09:44:25 | INFO | treated completion progress: 11500/12555 (91.6%) elapsed=3547.4s eta=325.4s
2026-07-27 09:45:39 | INFO | treated completion progress: 11750/12555 (93.6%) elapsed=3621.2s eta=248.1s
2026-07-27 09:46:52 | INFO | treated completion progress: 12000/12555 (95.6%) elapsed=3694.2s eta=170.9s
2026-07-27 09:48:11 | INFO | treated completion progress: 12250/12555 (97.6%) elapsed=3773.8s eta=94.0s
2026-07-27 09:49:30 | INFO | treated completion progress: 12500/12555 (99.6%) elapsed=3852.9s eta=17.0s
2026-07-27 09:49:47 | INFO | treated completion progress: 12555/12555 (100.0%) elapsed=3869.4s eta=0.0s
2026-07-27 09:49:47 | INFO | treated completion finished.
2026-07-27 09:49:47 | INFO | Starting untreated completion for 12445 target-missing entries.
2026-07-27 09:49:47 | INFO | untreated completion progress: 0/12445 (0.0%)
2026-07-27 09:51:11 | INFO | untreated completion progress: 250/12445 (2.0%) elapsed=83.6s eta=4078.2s
2026-07-27 09:52:34 | INFO | untreated completion progress: 500/12445 (4.0%) elapsed=167.0s eta=3989.5s
2026-07-27 09:54:00 | INFO | untreated completion progress: 750/12445 (6.0%) elapsed=253.5s eta=3953.1s
2026-07-27 09:55:26 | INFO | untreated completion progress: 1000/12445 (8.0%) elapsed=338.8s eta=3878.1s
2026-07-27 09:57:02 | INFO | untreated completion progress: 1250/12445 (10.0%) elapsed=435.4s eta=3899.5s
2026-07-27 09:58:28 | INFO | untreated completion progress: 1500/12445 (12.1%) elapsed=521.3s eta=3803.6s
2026-07-27 09:59:41 | INFO | untreated completion progress: 1750/12445 (14.1%) elapsed=594.5s eta=3633.0s
2026-07-27 10:01:13 | INFO | untreated completion progress: 2000/12445 (16.1%) elapsed=685.7s eta=3581.1s
2026-07-27 10:02:44 | INFO | untreated completion progress: 2250/12445 (18.1%) elapsed=777.4s eta=3522.3s
2026-07-27 10:04:11 | INFO | untreated completion progress: 2500/12445 (20.1%) elapsed=863.7s eta=3435.6s
2026-07-27 10:05:22 | INFO | untreated completion progress: 2750/12445 (22.1%) elapsed=935.4s eta=3297.9s
2026-07-27 10:06:53 | INFO | untreated completion progress: 3000/12445 (24.1%) elapsed=1025.8s eta=3229.5s
2026-07-27 10:08:17 | INFO | untreated completion progress: 3250/12445 (26.1%) elapsed=1109.7s eta=3139.6s
2026-07-27 10:09:31 | INFO | untreated completion progress: 3500/12445 (28.1%) elapsed=1183.9s eta=3025.8s
2026-07-27 10:10:52 | INFO | untreated completion progress: 3750/12445 (30.1%) elapsed=1265.5s eta=2934.2s
2026-07-27 10:12:19 | INFO | untreated completion progress: 4000/12445 (32.1%) elapsed=1351.9s eta=2854.3s
2026-07-27 10:13:50 | INFO | untreated completion progress: 4250/12445 (34.2%) elapsed=1443.4s eta=2783.3s
2026-07-27 10:15:13 | INFO | untreated completion progress: 4500/12445 (36.2%) elapsed=1525.9s eta=2694.1s
2026-07-27 10:16:44 | INFO | untreated completion progress: 4750/12445 (38.2%) elapsed=1617.1s eta=2619.7s
2026-07-27 10:18:02 | INFO | untreated completion progress: 5000/12445 (40.2%) elapsed=1695.0s eta=2523.9s
2026-07-27 10:19:27 | INFO | untreated completion progress: 5250/12445 (42.2%) elapsed=1780.1s eta=2439.6s
2026-07-27 10:20:45 | INFO | untreated completion progress: 5500/12445 (44.2%) elapsed=1857.8s eta=2345.9s
2026-07-27 10:22:21 | INFO | untreated completion progress: 5750/12445 (46.2%) elapsed=1954.2s eta=2275.3s
2026-07-27 10:23:48 | INFO | untreated completion progress: 6000/12445 (48.2%) elapsed=2041.0s eta=2192.3s
2026-07-27 10:25:07 | INFO | untreated completion progress: 6250/12445 (50.2%) elapsed=2120.3s eta=2101.6s
2026-07-27 10:26:24 | INFO | untreated completion progress: 6500/12445 (52.2%) elapsed=2197.2s eta=2009.6s
2026-07-27 10:27:46 | INFO | untreated completion progress: 6750/12445 (54.2%) elapsed=2278.7s eta=1922.5s
2026-07-27 10:29:22 | INFO | untreated completion progress: 7000/12445 (56.2%) elapsed=2375.3s eta=1847.7s
2026-07-27 10:30:42 | INFO | untreated completion progress: 7250/12445 (58.3%) elapsed=2455.2s eta=1759.3s
2026-07-27 10:32:10 | INFO | untreated completion progress: 7500/12445 (60.3%) elapsed=2543.2s eta=1676.8s
2026-07-27 10:33:45 | INFO | untreated completion progress: 7750/12445 (62.3%) elapsed=2638.5s eta=1598.4s
2026-07-27 10:35:14 | INFO | untreated completion progress: 8000/12445 (64.3%) elapsed=2726.7s eta=1515.0s
2026-07-27 10:36:43 | INFO | untreated completion progress: 8250/12445 (66.3%) elapsed=2815.9s eta=1431.9s
2026-07-27 10:38:13 | INFO | untreated completion progress: 8500/12445 (68.3%) elapsed=2905.6s eta=1348.6s
2026-07-27 10:39:32 | INFO | untreated completion progress: 8750/12445 (70.3%) elapsed=2985.5s eta=1260.7s
2026-07-27 10:40:59 | INFO | untreated completion progress: 9000/12445 (72.3%) elapsed=3071.9s eta=1175.8s
2026-07-27 10:42:25 | INFO | untreated completion progress: 9250/12445 (74.3%) elapsed=3158.3s eta=1090.9s
2026-07-27 10:43:42 | INFO | untreated completion progress: 9500/12445 (76.3%) elapsed=3235.1s eta=1002.9s
2026-07-27 10:44:58 | INFO | untreated completion progress: 9750/12445 (78.3%) elapsed=3311.3s eta=915.3s
2026-07-27 10:46:17 | INFO | untreated completion progress: 10000/12445 (80.4%) elapsed=3390.3s eta=828.9s
2026-07-27 10:47:47 | INFO | untreated completion progress: 10250/12445 (82.4%) elapsed=3479.9s eta=745.2s
2026-07-27 10:49:22 | INFO | untreated completion progress: 10500/12445 (84.4%) elapsed=3575.4s eta=662.3s
2026-07-27 10:50:53 | INFO | untreated completion progress: 10750/12445 (86.4%) elapsed=3665.7s eta=578.0s
2026-07-27 10:52:17 | INFO | untreated completion progress: 11000/12445 (88.4%) elapsed=3750.1s eta=492.6s
2026-07-27 10:53:43 | INFO | untreated completion progress: 11250/12445 (90.4%) elapsed=3835.5s eta=407.4s
2026-07-27 10:55:06 | INFO | untreated completion progress: 11500/12445 (92.4%) elapsed=3918.9s eta=322.0s
2026-07-27 10:56:37 | INFO | untreated completion progress: 11750/12445 (94.4%) elapsed=4009.7s eta=237.2s
2026-07-27 10:58:11 | INFO | untreated completion progress: 12000/12445 (96.4%) elapsed=4103.8s eta=152.2s
2026-07-27 10:59:36 | INFO | untreated completion progress: 12250/12445 (98.4%) elapsed=4189.2s eta=66.7s
2026-07-27 11:00:40 | INFO | untreated completion progress: 12445/12445 (100.0%) elapsed=4253.3s eta=0.0s
2026-07-27 11:00:40 | INFO | untreated completion finished.
2026-07-27 11:00:40 | INFO | Treated stats: observed=12445 target_missing=12555 completed=12555 failed=0
2026-07-27 11:00:40 | INFO | Untreated stats: observed=12555 target_missing=12445 completed=12445 failed=0
2026-07-27 11:00:40 | INFO | Completed SNN fit successfully.
