2026-04-25 19:22:22 | INFO | Loading data...
2026-04-25 19:22:22 | INFO | Using panel artifact: /orcd/home/002/phevosp/MPLE-Causal-Inference/experiments/USCountyVaccination_US_trimmed/outcome_death_rate_100k_ge_2__intervention_complete_cov_ge_30__lag_2w__contiguity__start_2020_06_07/panel_data.npz
2026-04-25 19:22:22 | INFO | Using x_0 artifact: /orcd/home/002/phevosp/MPLE-Causal-Inference/experiments/USCountyVaccination_US_trimmed/outcome_death_rate_100k_ge_2__intervention_complete_cov_ge_30__lag_2w__contiguity__start_2020_06_07/x_0.npy
2026-04-25 19:22:22 | INFO | Using fit config: /orcd/home/002/phevosp/MPLE-Causal-Inference/experiments/USCountyVaccination_US_trimmed/outcome_death_rate_100k_ge_2__intervention_complete_cov_ge_30__lag_2w__contiguity__start_2020_06_07/fits/alternating_rank_10_lambda_18_beta_mask_pre_and_post/fit_realized_config.yaml
2026-04-25 19:22:22 | INFO | Using model artifact directory: /orcd/home/002/phevosp/MPLE-Causal-Inference/experiments/USCountyVaccination_US_trimmed/outcome_death_rate_100k_ge_2__intervention_complete_cov_ge_30__lag_2w__contiguity__start_2020_06_07
2026-04-25 19:22:22 | INFO | Using truth artifact directory: /orcd/home/002/phevosp/MPLE-Causal-Inference/experiments/USCountyVaccination_US_trimmed/outcome_death_rate_100k_ge_2__intervention_complete_cov_ge_30__lag_2w__contiguity__start_2020_06_07
2026-04-25 19:22:22 | INFO | Configured optimizer mode: alternating_latent_rank
2026-04-25 19:22:22 | INFO | Configured latent rank: 10
2026-04-25 19:22:22 | INFO | Using a fixed known graph with scalar xi.
2026-04-25 19:22:22 | INFO | Fit-time hard bounds active: False
2026-04-25 19:22:22 | INFO | Fixed scalar parameters: {}
2026-04-25 19:22:22 | INFO | Beta mask before s: True
2026-04-25 19:22:22 | INFO | Beta mask after e: True
2026-04-25 19:22:22 | INFO | Optimizer settings: steps=20000, tol=1e-09, n_starts=1, seed=0, lambda_nuclear=0.0, lambda_frobenius=0.0, lambda_uv_ridge=18.0, proximal_lr=1.0
2026-04-25 19:22:22 | INFO | Alternating low-rank start 1/1 | seed=0 | initial_loss=0.667520 | initial_penalized=0.685835
2026-04-25 19:22:22 | INFO | Alternating low-rank iter 0 | Loss: 0.529998 | Penalized: 0.552144
2026-04-25 19:22:34 | INFO | Alternating low-rank iter 100 | Loss: 0.441396 | Penalized: 0.492380
2026-04-25 19:22:46 | INFO | Alternating low-rank iter 200 | Loss: 0.441690 | Penalized: 0.491939
2026-04-25 19:22:56 | INFO | Alternating low-rank iter 300 | Loss: 0.441730 | Penalized: 0.491912
2026-04-25 19:23:05 | INFO | Alternating low-rank iter 400 | Loss: 0.441735 | Penalized: 0.491906
2026-04-25 19:23:14 | INFO | Alternating low-rank iter 500 | Loss: 0.441735 | Penalized: 0.491905
2026-04-25 19:23:24 | INFO | Alternating low-rank iter 600 | Loss: 0.441735 | Penalized: 0.491904
2026-04-25 19:23:26 | INFO | Done fitting.
2026-04-25 19:23:26 | INFO | Optimizer status: CONVERGED: alternating objective tolerance reached
2026-04-25 19:23:26 | INFO | Best optimizer start: 1 / 1
2026-04-25 19:23:26 | INFO | Final Loss: 0.441735
2026-04-25 19:23:26 | INFO | Estimated Parameters:
2026-04-25 19:23:26 | INFO |   beta: -0.0109
2026-04-25 19:23:26 | INFO |   xi: 1.8043
2026-04-25 19:23:26 | INFO |   eta: 0.2175
2026-04-25 19:23:26 | INFO | Alternating low-rank optimizer diagnostics:
2026-04-25 19:23:26 | INFO |   penalized_objective: 0.491904
2026-04-25 19:23:26 | INFO |   mple_loss_without_penalty: 0.441735
2026-04-25 19:23:26 | INFO |   lambda_uv_ridge: 18.000000
2026-04-25 19:23:26 | INFO |   u_frobenius_norm: 20.579802
2026-04-25 19:23:26 | INFO |   v_frobenius_norm: 20.579803
2026-04-25 19:23:26 | INFO |   effective_rank: 10.000000
2026-04-25 19:23:26 | INFO | Field and interaction diagnostics:
2026-04-25 19:23:26 | INFO |   estimated_field_max_abs_entry: 1.289538
2026-04-25 19:23:26 | INFO |   estimated_field_rank: 10.000000
2026-04-25 19:23:26 | INFO | Saved summary table to /orcd/home/002/phevosp/MPLE-Causal-Inference/experiments/USCountyVaccination_US_trimmed/outcome_death_rate_100k_ge_2__intervention_complete_cov_ge_30__lag_2w__contiguity__start_2020_06_07/fits/alternating_rank_10_lambda_18_beta_mask_pre_and_post/mple_summary.csv
2026-04-25 19:23:26 | INFO | Log saved to /orcd/home/002/phevosp/MPLE-Causal-Inference/experiments/USCountyVaccination_US_trimmed/outcome_death_rate_100k_ge_2__intervention_complete_cov_ge_30__lag_2w__contiguity__start_2020_06_07/fits/alternating_rank_10_lambda_18_beta_mask_pre_and_post/mple.log
