2026-05-01 22:48:00 | INFO | Loading data...
2026-05-01 22:48:00 | INFO | Using panel artifact: /orcd/home/002/phevosp/MPLE-Causal-Inference/experiments/SyntheticHybridExperimentsFinal/r5_c1_hybrid_us_county_intervention_uscounty_graph_kernel_confounding/panel_data.npz
2026-05-01 22:48:00 | INFO | Using x_0 artifact: /orcd/home/002/phevosp/MPLE-Causal-Inference/experiments/SyntheticHybridExperimentsFinal/r5_c1_hybrid_us_county_intervention_uscounty_graph_kernel_confounding/x_0.npy
2026-05-01 22:48:00 | INFO | Using fit config: /orcd/home/002/phevosp/MPLE-Causal-Inference/experiments/SyntheticHybridExperimentsFinal/r5_c1_hybrid_us_county_intervention_uscounty_graph_kernel_confounding/cv_runs/alternating_uv_grid/candidates/alternating_uv_grid_candidate_0002/fold_9/fit_realized_config.yaml
2026-05-01 22:48:00 | INFO | Using model artifact directory: /orcd/home/002/phevosp/MPLE-Causal-Inference/experiments/SyntheticHybridExperimentsFinal/r5_c1_hybrid_us_county_intervention_uscounty_graph_kernel_confounding
2026-05-01 22:48:00 | INFO | Using truth artifact directory: /orcd/home/002/phevosp/MPLE-Causal-Inference/experiments/SyntheticHybridExperimentsFinal/r5_c1_hybrid_us_county_intervention_uscounty_graph_kernel_confounding
2026-05-01 22:48:00 | INFO | Using loss mask artifact: /orcd/home/002/phevosp/MPLE-Causal-Inference/experiments/SyntheticHybridExperimentsFinal/r5_c1_hybrid_us_county_intervention_uscounty_graph_kernel_confounding/cv_runs/alternating_uv_grid/candidates/alternating_uv_grid_candidate_0002/fold_9/loss_mask.npy
2026-05-01 22:48:00 | INFO | Configured optimizer mode: alternating_latent_rank
2026-05-01 22:48:00 | INFO | Configured latent rank: 5
2026-05-01 22:48:00 | INFO | Using a fixed known graph with scalar xi.
2026-05-01 22:48:00 | INFO | Fit-time hard bounds active: False
2026-05-01 22:48:00 | INFO | Fixed scalar parameters: {}
2026-05-01 22:48:00 | INFO | Warm-start fixed scalars: {} for 0 steps
2026-05-01 22:48:00 | INFO | Beta mask before s: True with s=55
2026-05-01 22:48:00 | INFO | Beta mask after e: True with e=114
2026-05-01 22:48:00 | INFO | Alternating V-column L2-ball constraint active with radius 1.0
2026-05-01 22:48:00 | INFO | Optimizer settings: steps=2000, tol=1e-07, n_starts=1, seed=0, lambda_nuclear=0.0, lambda_frobenius=0.0, lambda_uv_ridge=0.001, v_column_l2_max=1.0, proximal_lr=1.0
2026-05-01 22:48:00 | INFO | Alternating low-rank start 1/1 | seed=0 | initial_loss=0.692614 | initial_penalized=0.692615
2026-05-01 22:48:00 | INFO | Alternating low-rank iter 0 | Loss: 0.554922 | Penalized: 0.554986
2026-05-01 22:48:11 | INFO | Alternating low-rank iter 100 | Loss: 0.519388 | Penalized: 0.520302
2026-05-01 22:48:22 | INFO | Alternating low-rank iter 200 | Loss: 0.517989 | Penalized: 0.519451
2026-05-01 22:48:33 | INFO | Alternating low-rank iter 300 | Loss: 0.517664 | Penalized: 0.519329
2026-05-01 22:48:44 | INFO | Alternating low-rank iter 400 | Loss: 0.517462 | Penalized: 0.519233
2026-05-01 22:48:55 | INFO | Alternating low-rank iter 500 | Loss: 0.517257 | Penalized: 0.519116
2026-05-01 22:49:06 | INFO | Alternating low-rank iter 600 | Loss: 0.516891 | Penalized: 0.518862
2026-05-01 22:49:17 | INFO | Alternating low-rank iter 700 | Loss: 0.516134 | Penalized: 0.518296
2026-05-01 22:49:28 | INFO | Alternating low-rank iter 800 | Loss: 0.515796 | Penalized: 0.518099
2026-05-01 22:49:39 | INFO | Alternating low-rank iter 900 | Loss: 0.515629 | Penalized: 0.518019
2026-05-01 22:49:50 | INFO | Alternating low-rank iter 1000 | Loss: 0.515528 | Penalized: 0.517977
2026-05-01 22:50:01 | INFO | Alternating low-rank iter 1100 | Loss: 0.515460 | Penalized: 0.517948
2026-05-01 22:50:10 | INFO | Alternating low-rank iter 1200 | Loss: 0.515406 | Penalized: 0.517924
2026-05-01 22:50:20 | INFO | Alternating low-rank iter 1300 | Loss: 0.515350 | Penalized: 0.517895
2026-05-01 22:50:29 | INFO | Alternating low-rank iter 1400 | Loss: 0.515284 | Penalized: 0.517857
2026-05-01 22:50:39 | INFO | Alternating low-rank iter 1500 | Loss: 0.515215 | Penalized: 0.517816
2026-05-01 22:50:48 | INFO | Alternating low-rank iter 1600 | Loss: 0.515159 | Penalized: 0.517783
2026-05-01 22:50:58 | INFO | Alternating low-rank iter 1700 | Loss: 0.515125 | Penalized: 0.517763
2026-05-01 22:51:01 | INFO | Done fitting.
2026-05-01 22:51:01 | INFO | Optimizer status: CONVERGED: alternating objective tolerance reached
2026-05-01 22:51:01 | INFO | Best optimizer start: 1 / 1
2026-05-01 22:51:01 | INFO | Final Loss: 0.515118
2026-05-01 22:51:01 | INFO | Estimated vs True Parameters:
2026-05-01 22:51:01 | INFO |   beta: -0.2305 (True: -0.3000) | SQE: 0.004834
2026-05-01 22:51:01 | INFO |   xi: 0.8926 (True: 0.8000) | SQE: 0.008566
2026-05-01 22:51:01 | INFO |   eta: 0.2918 (True: 0.3000) | SQE: 0.000067
2026-05-01 22:51:01 | INFO | Alternating low-rank optimizer diagnostics:
2026-05-01 22:51:01 | INFO |   penalized_objective: 0.517759
2026-05-01 22:51:01 | INFO |   mple_loss_without_penalty: 0.515118
2026-05-01 22:51:01 | INFO |   lambda_uv_ridge: 0.001000
2026-05-01 22:51:01 | INFO |   u_frobenius_norm: 912.912032
2026-05-01 22:51:01 | INFO |   v_frobenius_norm: 2.236068
2026-05-01 22:51:01 | INFO |   effective_rank: 5.000000
2026-05-01 22:51:01 | INFO | Field and interaction diagnostics:
2026-05-01 22:51:01 | INFO |   field_rmse: 1.572381
2026-05-01 22:51:01 | INFO |   interaction_fro_error: 1.023990
2026-05-01 22:51:01 | INFO |   estimated_field_max_abs_entry: 34.658782
2026-05-01 22:51:01 | INFO |   estimated_field_rank: 5.000000
2026-05-01 22:51:01 | INFO |   true_field_max_abs_entry: 1.442488
2026-05-01 22:51:01 | INFO |   true_field_rank: 5.000000
2026-05-01 22:51:01 | INFO | Saved summary table to /orcd/home/002/phevosp/MPLE-Causal-Inference/experiments/SyntheticHybridExperimentsFinal/r5_c1_hybrid_us_county_intervention_uscounty_graph_kernel_confounding/cv_runs/alternating_uv_grid/candidates/alternating_uv_grid_candidate_0002/fold_9/mple_summary.csv
2026-05-01 22:51:01 | INFO | Log saved to /orcd/home/002/phevosp/MPLE-Causal-Inference/experiments/SyntheticHybridExperimentsFinal/r5_c1_hybrid_us_county_intervention_uscounty_graph_kernel_confounding/cv_runs/alternating_uv_grid/candidates/alternating_uv_grid_candidate_0002/fold_9/mple.log
