2026-04-07 13:22:26 | INFO | Loading data...
2026-04-07 13:22:26 | INFO | Loaded 6 field templates and 1 interaction templates.
2026-04-07 13:22:26 | INFO | Intervention-process model enabled: True
2026-04-07 13:22:26 | INFO | Tau zero-mean enabled: False
2026-04-07 13:22:26 | INFO | Tau smoothness lambda: 0.000000
2026-04-07 13:22:26 | INFO | Running conditional-model MPLE on x with shape=(67, 3203)
2026-04-07 13:22:26 | INFO | Eval 0  |  Loss: 0.698336
2026-04-07 13:22:26 | INFO |   field::log_population: +0.0126,  field::median_household_income: -0.0132,  field::poverty_rate: +0.0640,  field::pct_black: +0.0105,  field::pct_hispanic: -0.0536,  field::pct_in_labor_force: +0.0362,  tau block: mean=+0.0102, std=0.0970, min=-0.2325, max=+0.1960,  beta: -0.0618,  interaction::contiguity: +0.1822,  eta: -0.1320,  zeta: -0.0662,  psi: +0.0935
2026-04-07 13:22:29 | INFO | Done fitting.
2026-04-07 13:22:29 | INFO | Optimizer status: CONVERGENCE: RELATIVE REDUCTION OF F <= FACTR*EPSMCH
2026-04-07 13:22:29 | INFO | Final Loss: 0.132290
2026-04-07 13:22:29 | INFO | Estimated Parameters:
2026-04-07 13:22:29 | INFO |   field::log_population: 0.1458
2026-04-07 13:22:29 | INFO |   field::median_household_income: -0.3118
2026-04-07 13:22:29 | INFO |   field::poverty_rate: -0.0870
2026-04-07 13:22:29 | INFO |   field::pct_black: -0.2182
2026-04-07 13:22:29 | INFO |   field::pct_hispanic: -0.1140
2026-04-07 13:22:29 | INFO |   field::pct_in_labor_force: 0.0718
2026-04-07 13:22:29 | INFO |   tau::t_0: -0.1355
2026-04-07 13:22:29 | INFO |   tau::t_1: -0.1535
2026-04-07 13:22:29 | INFO |   tau::t_2: -0.2855
2026-04-07 13:22:29 | INFO |   tau::t_3: 0.0836
2026-04-07 13:22:29 | INFO |   tau::t_4: -0.1413
2026-04-07 13:22:29 | INFO |   tau::t_5: 0.0342
2026-04-07 13:22:29 | INFO |   tau::t_6: -0.0372
2026-04-07 13:22:29 | INFO |   tau::t_7: 0.0339
2026-04-07 13:22:29 | INFO |   tau::t_8: -0.0570
2026-04-07 13:22:29 | INFO |   tau::t_9: 0.0349
2026-04-07 13:22:29 | INFO |   tau::t_10: -0.0249
2026-04-07 13:22:29 | INFO |   tau::t_11: -0.1792
2026-04-07 13:22:29 | INFO |   tau::t_12: -0.1805
2026-04-07 13:22:29 | INFO |   tau::t_13: -0.2777
2026-04-07 13:22:29 | INFO |   tau::t_14: -0.3158
2026-04-07 13:22:29 | INFO |   tau::t_15: -0.4847
2026-04-07 13:22:29 | INFO |   tau::t_16: -0.3422
2026-04-07 13:22:29 | INFO |   tau::t_17: -0.7129
2026-04-07 13:22:29 | INFO |   tau::t_18: -0.4279
2026-04-07 13:22:29 | INFO |   tau::t_19: -0.6080
2026-04-07 13:22:29 | INFO |   tau::t_20: -0.5053
2026-04-07 13:22:29 | INFO |   tau::t_21: -0.5055
2026-04-07 13:22:29 | INFO |   tau::t_22: -0.2357
2026-04-07 13:22:29 | INFO |   tau::t_23: -0.1215
2026-04-07 13:22:29 | INFO |   tau::t_24: 0.1315
2026-04-07 13:22:29 | INFO |   tau::t_25: 0.2999
2026-04-07 13:22:29 | INFO |   tau::t_26: 0.2911
2026-04-07 13:22:29 | INFO |   tau::t_27: 0.3149
2026-04-07 13:22:29 | INFO |   tau::t_28: 0.2844
2026-04-07 13:22:29 | INFO |   tau::t_29: 0.2682
2026-04-07 13:22:29 | INFO |   tau::t_30: 0.2407
2026-04-07 13:22:29 | INFO |   tau::t_31: 0.0850
2026-04-07 13:22:29 | INFO |   tau::t_32: 0.2221
2026-04-07 13:22:29 | INFO |   tau::t_33: -0.0086
2026-04-07 13:22:29 | INFO |   tau::t_34: -0.0615
2026-04-07 13:22:29 | INFO |   tau::t_35: -0.0728
2026-04-07 13:22:29 | INFO |   tau::t_36: -0.1205
2026-04-07 13:22:29 | INFO |   tau::t_37: -0.1477
2026-04-07 13:22:29 | INFO |   tau::t_38: 0.0267
2026-04-07 13:22:29 | INFO |   tau::t_39: 0.0002
2026-04-07 13:22:29 | INFO |   tau::t_40: 0.0903
2026-04-07 13:22:29 | INFO |   tau::t_41: 0.1245
2026-04-07 13:22:29 | INFO |   tau::t_42: -0.2770
2026-04-07 13:22:29 | INFO |   tau::t_43: 0.3946
2026-04-07 13:22:29 | INFO |   tau::t_44: 0.0352
2026-04-07 13:22:29 | INFO |   tau::t_45: -0.0026
2026-04-07 13:22:29 | INFO |   tau::t_46: 0.0149
2026-04-07 13:22:29 | INFO |   tau::t_47: 0.5552
2026-04-07 13:22:29 | INFO |   tau::t_48: 0.8650
2026-04-07 13:22:29 | INFO |   tau::t_49: 0.9273
2026-04-07 13:22:29 | INFO |   tau::t_50: 1.2490
2026-04-07 13:22:29 | INFO |   tau::t_51: 1.2419
2026-04-07 13:22:29 | INFO |   tau::t_52: 0.3870
2026-04-07 13:22:29 | INFO |   tau::t_53: -0.1722
2026-04-07 13:22:29 | INFO |   tau::t_54: -0.3065
2026-04-07 13:22:29 | INFO |   tau::t_55: -0.3644
2026-04-07 13:22:29 | INFO |   tau::t_56: -0.1719
2026-04-07 13:22:29 | INFO |   tau::t_57: -0.1844
2026-04-07 13:22:29 | INFO |   tau::t_58: -0.1872
2026-04-07 13:22:29 | INFO |   tau::t_59: -0.3097
2026-04-07 13:22:29 | INFO |   tau::t_60: -0.3617
2026-04-07 13:22:29 | INFO |   tau::t_61: -0.3084
2026-04-07 13:22:29 | INFO |   tau::t_62: -0.1663
2026-04-07 13:22:29 | INFO |   tau::t_63: -0.0442
2026-04-07 13:22:29 | INFO |   tau::t_64: -0.1190
2026-04-07 13:22:29 | INFO |   tau::t_65: 0.0411
2026-04-07 13:22:29 | INFO |   tau::t_66: 0.0257
2026-04-07 13:22:29 | INFO |   beta: 0.0683
2026-04-07 13:22:29 | INFO |   interaction::contiguity: 2.6076
2026-04-07 13:22:29 | INFO |   eta: 0.5450
2026-04-07 13:22:29 | INFO |   zeta: 0.0472
2026-04-07 13:22:29 | INFO |   psi: 3.1250
2026-04-07 13:22:30 | INFO | Saved summary tables to C:\Users\phevo\Documents\MIT\Code\MPLE-Causal-Inference\experiments\USCountyVaccination_US\USCountyVaccination_US_tau_unrestricted\outcome_case_rate_100k_ge_200__intervention_complete_cov_ge_70__lag_3w__contiguity\mple_summary.csv and C:\Users\phevo\Documents\MIT\Code\MPLE-Causal-Inference\experiments\USCountyVaccination_US\USCountyVaccination_US_tau_unrestricted\outcome_case_rate_100k_ge_200__intervention_complete_cov_ge_70__lag_3w__contiguity\mple_summary.md
2026-04-07 13:22:30 | INFO | Log saved to C:\Users\phevo\Documents\MIT\Code\MPLE-Causal-Inference\experiments\USCountyVaccination_US\USCountyVaccination_US_tau_unrestricted\outcome_case_rate_100k_ge_200__intervention_complete_cov_ge_70__lag_3w__contiguity\mple.log
