2026-04-19 10:49:10 | INFO | Loading data...
2026-04-19 10:49:10 | INFO | Using panel artifact: C:\Users\phevo\Documents\MIT\Code\MPLE-Causal-Inference\experiments\USCountyVaccination_US_sensitivity\outcome_death_rate_100k_ge_2__intervention_complete_cov_ge_40__lag_2w__contiguity__start_2020_01_26\panel_data.npz
2026-04-19 10:49:10 | INFO | Using x_0 artifact: C:\Users\phevo\Documents\MIT\Code\MPLE-Causal-Inference\experiments\USCountyVaccination_US_sensitivity\outcome_death_rate_100k_ge_2__intervention_complete_cov_ge_40__lag_2w__contiguity__start_2020_01_26\x_0.npy
2026-04-19 10:49:10 | INFO | Using z_0 artifact: C:\Users\phevo\Documents\MIT\Code\MPLE-Causal-Inference\experiments\USCountyVaccination_US_sensitivity\outcome_death_rate_100k_ge_2__intervention_complete_cov_ge_40__lag_2w__contiguity__start_2020_01_26\z_0.npy
2026-04-19 10:49:10 | INFO | Using fit config: C:\Users\phevo\Documents\MIT\Code\MPLE-Causal-Inference\experiments\USCountyVaccination_US_sensitivity\outcome_death_rate_100k_ge_2__intervention_complete_cov_ge_40__lag_2w__contiguity__start_2020_01_26\fits\rank_20_b1\fit_realized_config.yaml
2026-04-19 10:49:10 | INFO | Using model artifact directory: C:\Users\phevo\Documents\MIT\Code\MPLE-Causal-Inference\experiments\USCountyVaccination_US_sensitivity\outcome_death_rate_100k_ge_2__intervention_complete_cov_ge_40__lag_2w__contiguity__start_2020_01_26
2026-04-19 10:49:10 | INFO | Using truth artifact directory: C:\Users\phevo\Documents\MIT\Code\MPLE-Causal-Inference\experiments\USCountyVaccination_US_sensitivity\outcome_death_rate_100k_ge_2__intervention_complete_cov_ge_40__lag_2w__contiguity__start_2020_01_26
2026-04-19 10:49:10 | INFO | Configured latent rank: 20
2026-04-19 10:49:10 | INFO | Using a fixed known graph with scalar xi.
2026-04-19 10:49:10 | INFO | Intervention-process model enabled: False
2026-04-19 10:49:10 | INFO | Global temperature bound B active: True
2026-04-19 10:49:10 | INFO | Effective xi bound from interaction constraint: 1.000000
2026-04-19 10:49:10 | INFO | Beta mask pre-intervention enabled: True
2026-04-19 10:49:10 | INFO | Fixed scalar parameters: {}
2026-04-19 10:49:10 | INFO | Optimizer settings: n_starts=5, lbfgs_steps=50000, tol=1e-09, adam_steps=1000, adam_lr=0.01, adam_device=cpu, seed=0
2026-04-19 10:49:10 | INFO | Optimizer start 1/5 | seed=0 | initial_loss=0.699037
2026-04-19 10:49:13 | INFO | Start 1 Adam step 0 | Loss: 0.699037
2026-04-19 10:49:14 | INFO | Start 1 Adam step 100 | Loss: 0.437058
2026-04-19 10:49:16 | INFO | Start 1 Adam step 200 | Loss: 0.429471
2026-04-19 10:49:18 | INFO | Start 1 Adam step 300 | Loss: 0.432965
2026-04-19 10:49:20 | INFO | Start 1 Adam step 400 | Loss: 0.433662
2026-04-19 10:49:22 | INFO | Start 1 Adam step 500 | Loss: 0.419018
2026-04-19 10:49:25 | INFO | Start 1 Adam step 600 | Loss: 0.416211
2026-04-19 10:49:27 | INFO | Start 1 Adam step 700 | Loss: 0.418989
2026-04-19 10:49:28 | INFO | Start 1 Adam step 800 | Loss: 0.420202
2026-04-19 10:49:30 | INFO | Start 1 Adam step 900 | Loss: 0.420828
2026-04-19 10:49:32 | INFO | Start 1 L-BFGS eval 0 | Loss: 0.416522
2026-04-19 10:49:32 | INFO |   beta: +0.0126,  xi: +1.0000,  eta: +0.3213
2026-04-19 10:49:37 | INFO | Start 1 L-BFGS eval 100 | Loss: 0.411752
2026-04-19 10:49:37 | INFO |   beta: -0.0873,  xi: +1.0000,  eta: +0.3769
2026-04-19 10:49:42 | INFO | Start 1 L-BFGS eval 200 | Loss: 0.407938
2026-04-19 10:49:42 | INFO |   beta: +0.0082,  xi: +1.0000,  eta: +0.3090
2026-04-19 10:49:45 | INFO | Optimizer start 1/5 complete | final_loss=0.407926 | status=CONVERGENCE: RELATIVE REDUCTION OF F <= FACTR*EPSMCH
2026-04-19 10:49:45 | INFO | Optimizer start 2/5 | seed=1 | initial_loss=0.680042
2026-04-19 10:49:45 | INFO | Start 2 Adam step 0 | Loss: 0.680042
2026-04-19 10:49:47 | INFO | Start 2 Adam step 100 | Loss: 0.431859
2026-04-19 10:49:49 | INFO | Start 2 Adam step 200 | Loss: 0.430102
2026-04-19 10:49:51 | INFO | Start 2 Adam step 300 | Loss: 0.435773
2026-04-19 10:49:53 | INFO | Start 2 Adam step 400 | Loss: 0.437814
2026-04-19 10:49:55 | INFO | Start 2 Adam step 500 | Loss: 0.415486
2026-04-19 10:49:57 | INFO | Start 2 Adam step 600 | Loss: 0.417708
2026-04-19 10:49:59 | INFO | Start 2 Adam step 700 | Loss: 0.417802
2026-04-19 10:50:01 | INFO | Start 2 Adam step 800 | Loss: 0.419970
2026-04-19 10:50:03 | INFO | Start 2 Adam step 900 | Loss: 0.420270
2026-04-19 10:50:05 | INFO | Start 2 L-BFGS eval 0 | Loss: 0.418302
2026-04-19 10:50:05 | INFO |   beta: +0.0206,  xi: +1.0000,  eta: +0.3269
2026-04-19 10:50:11 | INFO | Start 2 L-BFGS eval 100 | Loss: 0.413346
2026-04-19 10:50:11 | INFO |   beta: +0.0170,  xi: +1.0000,  eta: +0.3256
2026-04-19 10:50:16 | INFO | Start 2 L-BFGS eval 200 | Loss: 0.413173
2026-04-19 10:50:16 | INFO |   beta: +0.0159,  xi: +1.0000,  eta: +0.3102
2026-04-19 10:50:20 | INFO | Start 2 L-BFGS eval 300 | Loss: 0.412320
2026-04-19 10:50:20 | INFO |   beta: +0.0150,  xi: +1.0000,  eta: +0.3136
2026-04-19 10:50:25 | INFO | Start 2 L-BFGS eval 400 | Loss: 0.409287
2026-04-19 10:50:25 | INFO |   beta: +0.0128,  xi: +1.0000,  eta: +0.3076
2026-04-19 10:50:30 | INFO | Start 2 L-BFGS eval 500 | Loss: 0.409234
2026-04-19 10:50:30 | INFO |   beta: +0.0125,  xi: +1.0000,  eta: +0.3097
2026-04-19 10:50:35 | INFO | Start 2 L-BFGS eval 600 | Loss: 0.409200
2026-04-19 10:50:35 | INFO |   beta: +0.0111,  xi: +1.0000,  eta: +0.3061
2026-04-19 10:50:40 | INFO | Start 2 L-BFGS eval 700 | Loss: 0.409178
2026-04-19 10:50:40 | INFO |   beta: +0.0087,  xi: +1.0000,  eta: +0.3080
2026-04-19 10:50:45 | INFO | Start 2 L-BFGS eval 800 | Loss: 0.409154
2026-04-19 10:50:45 | INFO |   beta: +0.0084,  xi: +1.0000,  eta: +0.3045
2026-04-19 10:50:50 | INFO | Start 2 L-BFGS eval 900 | Loss: 0.409131
2026-04-19 10:50:50 | INFO |   beta: +0.0142,  xi: +1.0000,  eta: +0.3051
2026-04-19 10:50:54 | INFO | Start 2 L-BFGS eval 1000 | Loss: 0.409104
2026-04-19 10:50:54 | INFO |   beta: +0.0101,  xi: +1.0000,  eta: +0.3092
2026-04-19 10:50:59 | INFO | Start 2 L-BFGS eval 1100 | Loss: 0.409054
2026-04-19 10:50:59 | INFO |   beta: +0.0130,  xi: +1.0000,  eta: +0.3085
2026-04-19 10:51:04 | INFO | Start 2 L-BFGS eval 1200 | Loss: 0.409025
2026-04-19 10:51:04 | INFO |   beta: +0.0120,  xi: +1.0000,  eta: +0.3026
2026-04-19 10:51:09 | INFO | Start 2 L-BFGS eval 1300 | Loss: 0.409085
2026-04-19 10:51:09 | INFO |   beta: +0.0126,  xi: +1.0000,  eta: +0.2763
2026-04-19 10:51:14 | INFO | Start 2 L-BFGS eval 1400 | Loss: 0.408957
2026-04-19 10:51:14 | INFO |   beta: +0.0129,  xi: +1.0000,  eta: +0.3126
2026-04-19 10:51:19 | INFO | Start 2 L-BFGS eval 1500 | Loss: 0.408910
2026-04-19 10:51:19 | INFO |   beta: +0.0125,  xi: +1.0000,  eta: +0.3081
2026-04-19 10:51:19 | INFO | Optimizer start 2/5 complete | final_loss=0.408910 | status=CONVERGENCE: RELATIVE REDUCTION OF F <= FACTR*EPSMCH
2026-04-19 10:51:19 | INFO | Optimizer start 3/5 | seed=2 | initial_loss=0.696621
2026-04-19 10:51:19 | INFO | Start 3 Adam step 0 | Loss: 0.696621
2026-04-19 10:51:21 | INFO | Start 3 Adam step 100 | Loss: 0.434205
2026-04-19 10:51:23 | INFO | Start 3 Adam step 200 | Loss: 0.431845
2026-04-19 10:51:25 | INFO | Start 3 Adam step 300 | Loss: 0.436116
2026-04-19 10:51:27 | INFO | Start 3 Adam step 400 | Loss: 0.436171
2026-04-19 10:51:29 | INFO | Start 3 Adam step 500 | Loss: 0.414062
2026-04-19 10:51:31 | INFO | Start 3 Adam step 600 | Loss: 0.416773
2026-04-19 10:51:33 | INFO | Start 3 Adam step 700 | Loss: 0.420059
2026-04-19 10:51:35 | INFO | Start 3 Adam step 800 | Loss: 0.423383
2026-04-19 10:51:36 | INFO | Start 3 Adam step 900 | Loss: 0.418418
2026-04-19 10:51:38 | INFO | Start 3 L-BFGS eval 0 | Loss: 0.416341
2026-04-19 10:51:38 | INFO |   beta: +0.0163,  xi: +1.0000,  eta: +0.3221
2026-04-19 10:51:43 | INFO | Start 3 L-BFGS eval 100 | Loss: 0.411613
2026-04-19 10:51:43 | INFO |   beta: +0.0152,  xi: +1.0000,  eta: +0.3086
2026-04-19 10:51:48 | INFO | Start 3 L-BFGS eval 200 | Loss: 1.184088
2026-04-19 10:51:48 | INFO |   beta: +0.9767,  xi: +1.0000,  eta: -1.0000
2026-04-19 10:51:50 | INFO | Optimizer start 3/5 complete | final_loss=0.411612 | status=CONVERGENCE: RELATIVE REDUCTION OF F <= FACTR*EPSMCH
2026-04-19 10:51:50 | INFO | Optimizer start 4/5 | seed=3 | initial_loss=0.772833
2026-04-19 10:51:50 | INFO | Start 4 Adam step 0 | Loss: 0.772833
2026-04-19 10:51:52 | INFO | Start 4 Adam step 100 | Loss: 0.436548
2026-04-19 10:51:54 | INFO | Start 4 Adam step 200 | Loss: 0.434535
2026-04-19 10:51:56 | INFO | Start 4 Adam step 300 | Loss: 0.436532
2026-04-19 10:51:58 | INFO | Start 4 Adam step 400 | Loss: 0.430732
2026-04-19 10:52:00 | INFO | Start 4 Adam step 500 | Loss: 0.418234
2026-04-19 10:52:02 | INFO | Start 4 Adam step 600 | Loss: 0.418594
2026-04-19 10:52:04 | INFO | Start 4 Adam step 700 | Loss: 0.423659
2026-04-19 10:52:06 | INFO | Start 4 Adam step 800 | Loss: 0.418911
2026-04-19 10:52:08 | INFO | Start 4 Adam step 900 | Loss: 0.419906
2026-04-19 10:52:10 | INFO | Start 4 L-BFGS eval 0 | Loss: 0.418457
2026-04-19 10:52:10 | INFO |   beta: +0.0279,  xi: +1.0000,  eta: +0.3253
2026-04-19 10:52:15 | INFO | Start 4 L-BFGS eval 100 | Loss: 0.412050
2026-04-19 10:52:15 | INFO |   beta: +0.0241,  xi: +1.0000,  eta: +0.3425
2026-04-19 10:52:20 | INFO | Start 4 L-BFGS eval 200 | Loss: 0.408180
2026-04-19 10:52:20 | INFO |   beta: -0.0059,  xi: +1.0000,  eta: +0.3433
2026-04-19 10:52:24 | INFO | Start 4 L-BFGS eval 300 | Loss: 0.407499
2026-04-19 10:52:24 | INFO |   beta: +0.0174,  xi: +1.0000,  eta: +0.3020
2026-04-19 10:52:29 | INFO | Start 4 L-BFGS eval 400 | Loss: 0.405898
2026-04-19 10:52:29 | INFO |   beta: +0.0194,  xi: +1.0000,  eta: +0.2974
2026-04-19 10:52:34 | INFO | Start 4 L-BFGS eval 500 | Loss: 0.405635
2026-04-19 10:52:34 | INFO |   beta: +0.0168,  xi: +1.0000,  eta: +0.3035
2026-04-19 10:52:39 | INFO | Start 4 L-BFGS eval 600 | Loss: 0.405571
2026-04-19 10:52:39 | INFO |   beta: +0.0143,  xi: +1.0000,  eta: +0.2904
2026-04-19 10:52:44 | INFO | Start 4 L-BFGS eval 700 | Loss: 0.404752
2026-04-19 10:52:44 | INFO |   beta: +0.0089,  xi: +1.0000,  eta: +0.2825
2026-04-19 10:52:48 | INFO | Optimizer start 4/5 complete | final_loss=0.404660 | status=CONVERGENCE: RELATIVE REDUCTION OF F <= FACTR*EPSMCH
2026-04-19 10:52:48 | INFO | Optimizer start 5/5 | seed=4 | initial_loss=0.727828
2026-04-19 10:52:48 | INFO | Start 5 Adam step 0 | Loss: 0.727828
2026-04-19 10:52:50 | INFO | Start 5 Adam step 100 | Loss: 0.433597
2026-04-19 10:52:52 | INFO | Start 5 Adam step 200 | Loss: 0.428022
2026-04-19 10:52:54 | INFO | Start 5 Adam step 300 | Loss: 0.432863
2026-04-19 10:52:56 | INFO | Start 5 Adam step 400 | Loss: 0.433295
2026-04-19 10:52:58 | INFO | Start 5 Adam step 500 | Loss: 0.417277
2026-04-19 10:53:00 | INFO | Start 5 Adam step 600 | Loss: 0.418431
2026-04-19 10:53:02 | INFO | Start 5 Adam step 700 | Loss: 0.423661
2026-04-19 10:53:03 | INFO | Start 5 Adam step 800 | Loss: 0.420258
2026-04-19 10:53:05 | INFO | Start 5 Adam step 900 | Loss: 0.418034
2026-04-19 10:53:07 | INFO | Start 5 L-BFGS eval 0 | Loss: 0.415021
2026-04-19 10:53:07 | INFO |   beta: +0.0149,  xi: +1.0000,  eta: +0.3221
2026-04-19 10:53:11 | INFO | Start 5 L-BFGS eval 100 | Loss: 0.412050
2026-04-19 10:53:11 | INFO |   beta: +0.0138,  xi: +1.0000,  eta: +0.3126
2026-04-19 10:53:16 | INFO | Start 5 L-BFGS eval 200 | Loss: 0.414644
2026-04-19 10:53:16 | INFO |   beta: +0.0187,  xi: +1.0000,  eta: +0.2707
2026-04-19 10:53:20 | INFO | Start 5 L-BFGS eval 300 | Loss: 0.571657
2026-04-19 10:53:20 | INFO |   beta: -1.0000,  xi: +1.0000,  eta: +0.4930
2026-04-19 10:53:25 | INFO | Start 5 L-BFGS eval 400 | Loss: 0.407880
2026-04-19 10:53:25 | INFO |   beta: +0.0179,  xi: +1.0000,  eta: +0.3061
2026-04-19 10:53:29 | INFO | Start 5 L-BFGS eval 500 | Loss: 0.407839
2026-04-19 10:53:29 | INFO |   beta: +0.0137,  xi: +1.0000,  eta: +0.3030
2026-04-19 10:53:33 | INFO | Start 5 L-BFGS eval 600 | Loss: 0.407554
2026-04-19 10:53:33 | INFO |   beta: +0.0129,  xi: +1.0000,  eta: +0.3087
2026-04-19 10:53:38 | INFO | Start 5 L-BFGS eval 700 | Loss: 0.406506
2026-04-19 10:53:38 | INFO |   beta: +0.0095,  xi: +1.0000,  eta: +0.3119
2026-04-19 10:53:41 | INFO | Optimizer start 5/5 complete | final_loss=0.406495 | status=ABNORMAL: 
2026-04-19 10:53:41 | INFO | Done fitting.
2026-04-19 10:53:41 | INFO | Optimizer status: CONVERGENCE: RELATIVE REDUCTION OF F <= FACTR*EPSMCH | best_start=4/5
2026-04-19 10:53:41 | INFO | Best optimizer start: 4 / 5
2026-04-19 10:53:41 | INFO | Final Loss: 0.404660
2026-04-19 10:53:41 | INFO | Estimated Parameters:
2026-04-19 10:53:41 | INFO |   beta: 0.0167
2026-04-19 10:53:41 | INFO |   xi: 1.0000
2026-04-19 10:53:41 | INFO |   eta: 0.2991
2026-04-19 10:53:41 | INFO | Field and interaction diagnostics:
2026-04-19 10:53:41 | INFO |   estimated_field_inf_norm: 1.000000
2026-04-19 10:53:41 | INFO |   estimated_field_rank: 20.000000
2026-04-19 10:53:41 | INFO |   bound_B: 1.000000
2026-04-19 10:53:42 | INFO | Saved summary tables to C:\Users\phevo\Documents\MIT\Code\MPLE-Causal-Inference\experiments\USCountyVaccination_US_sensitivity\outcome_death_rate_100k_ge_2__intervention_complete_cov_ge_40__lag_2w__contiguity__start_2020_01_26\fits\rank_20_b1\mple_summary.csv and C:\Users\phevo\Documents\MIT\Code\MPLE-Causal-Inference\experiments\USCountyVaccination_US_sensitivity\outcome_death_rate_100k_ge_2__intervention_complete_cov_ge_40__lag_2w__contiguity__start_2020_01_26\fits\rank_20_b1\mple_summary.md
2026-04-19 10:53:42 | INFO | Log saved to C:\Users\phevo\Documents\MIT\Code\MPLE-Causal-Inference\experiments\USCountyVaccination_US_sensitivity\outcome_death_rate_100k_ge_2__intervention_complete_cov_ge_40__lag_2w__contiguity__start_2020_01_26\fits\rank_20_b1\mple.log
