2026-04-07 13:27:41 | INFO | Loading data...
2026-04-07 13:27:41 | INFO | Loaded 6 field templates and 1 interaction templates.
2026-04-07 13:27:41 | INFO | Intervention-process model enabled: True
2026-04-07 13:27:41 | INFO | Tau zero-mean enabled: True
2026-04-07 13:27:41 | INFO | Tau smoothness lambda: 1.000000
2026-04-07 13:27:41 | INFO | Running conditional-model MPLE on x with shape=(70, 3203)
2026-04-07 13:27:41 | INFO | Eval 0  |  Loss: 0.675767
2026-04-07 13:27:41 | INFO |   field::log_population: +0.0126,  field::median_household_income: -0.0132,  field::poverty_rate: +0.0640,  field::pct_black: +0.0105,  field::pct_hispanic: -0.0536,  field::pct_in_labor_force: +0.0362,  tau block: mean=-0.0000, std=0.0990, min=-0.2421, max=+0.1864,  beta: -0.0662,  interaction::contiguity: +0.0935,  eta: +0.0049,  zeta: +0.2002,  psi: +0.0189
2026-04-07 13:27:43 | INFO | Done fitting.
2026-04-07 13:27:43 | INFO | Optimizer status: CONVERGENCE: RELATIVE REDUCTION OF F <= FACTR*EPSMCH
2026-04-07 13:27:43 | INFO | Final Loss: 0.284322
2026-04-07 13:27:43 | INFO | Estimated Parameters:
2026-04-07 13:27:43 | INFO |   field::log_population: 0.8547
2026-04-07 13:27:43 | INFO |   field::median_household_income: -1.1696
2026-04-07 13:27:43 | INFO |   field::poverty_rate: -0.6057
2026-04-07 13:27:43 | INFO |   field::pct_black: -0.0702
2026-04-07 13:27:43 | INFO |   field::pct_hispanic: -0.2931
2026-04-07 13:27:43 | INFO |   field::pct_in_labor_force: 0.0366
2026-04-07 13:27:43 | INFO |   tau::t_0: 0.2482
2026-04-07 13:27:43 | INFO |   tau::t_1: 0.2282
2026-04-07 13:27:43 | INFO |   tau::t_2: 0.2203
2026-04-07 13:27:43 | INFO |   tau::t_3: 0.2141
2026-04-07 13:27:43 | INFO |   tau::t_4: 0.1485
2026-04-07 13:27:43 | INFO |   tau::t_5: 0.0552
2026-04-07 13:27:43 | INFO |   tau::t_6: 0.1284
2026-04-07 13:27:43 | INFO |   tau::t_7: 0.0802
2026-04-07 13:27:43 | INFO |   tau::t_8: 0.0126
2026-04-07 13:27:43 | INFO |   tau::t_9: -0.0396
2026-04-07 13:27:43 | INFO |   tau::t_10: -0.0367
2026-04-07 13:27:43 | INFO |   tau::t_11: -0.0690
2026-04-07 13:27:43 | INFO |   tau::t_12: -0.0411
2026-04-07 13:27:43 | INFO |   tau::t_13: -0.0337
2026-04-07 13:27:43 | INFO |   tau::t_14: -0.0809
2026-04-07 13:27:43 | INFO |   tau::t_15: -0.0893
2026-04-07 13:27:43 | INFO |   tau::t_16: -0.0760
2026-04-07 13:27:43 | INFO |   tau::t_17: -0.0981
2026-04-07 13:27:43 | INFO |   tau::t_18: -0.1101
2026-04-07 13:27:43 | INFO |   tau::t_19: -0.0408
2026-04-07 13:27:43 | INFO |   tau::t_20: -0.1820
2026-04-07 13:27:43 | INFO |   tau::t_21: -0.1366
2026-04-07 13:27:43 | INFO |   tau::t_22: -0.2344
2026-04-07 13:27:43 | INFO |   tau::t_23: -0.2305
2026-04-07 13:27:43 | INFO |   tau::t_24: -0.2486
2026-04-07 13:27:43 | INFO |   tau::t_25: -0.2987
2026-04-07 13:27:43 | INFO |   tau::t_26: -0.2177
2026-04-07 13:27:43 | INFO |   tau::t_27: -0.2163
2026-04-07 13:27:43 | INFO |   tau::t_28: -0.1839
2026-04-07 13:27:43 | INFO |   tau::t_29: -0.0886
2026-04-07 13:27:43 | INFO |   tau::t_30: -0.0327
2026-04-07 13:27:43 | INFO |   tau::t_31: 0.0174
2026-04-07 13:27:43 | INFO |   tau::t_32: 0.0529
2026-04-07 13:27:43 | INFO |   tau::t_33: 0.0592
2026-04-07 13:27:43 | INFO |   tau::t_34: 0.0806
2026-04-07 13:27:43 | INFO |   tau::t_35: 0.1731
2026-04-07 13:27:43 | INFO |   tau::t_36: 0.1567
2026-04-07 13:27:43 | INFO |   tau::t_37: 0.1690
2026-04-07 13:27:43 | INFO |   tau::t_38: 0.1155
2026-04-07 13:27:43 | INFO |   tau::t_39: 0.1125
2026-04-07 13:27:43 | INFO |   tau::t_40: 0.1241
2026-04-07 13:27:43 | INFO |   tau::t_41: 0.0991
2026-04-07 13:27:43 | INFO |   tau::t_42: 0.0386
2026-04-07 13:27:43 | INFO |   tau::t_43: 0.0451
2026-04-07 13:27:43 | INFO |   tau::t_44: 0.0601
2026-04-07 13:27:43 | INFO |   tau::t_45: -0.0860
2026-04-07 13:27:43 | INFO |   tau::t_46: 0.1432
2026-04-07 13:27:43 | INFO |   tau::t_47: 0.0637
2026-04-07 13:27:43 | INFO |   tau::t_48: 0.0565
2026-04-07 13:27:43 | INFO |   tau::t_49: 0.0157
2026-04-07 13:27:43 | INFO |   tau::t_50: 0.0452
2026-04-07 13:27:43 | INFO |   tau::t_51: 0.1194
2026-04-07 13:27:43 | INFO |   tau::t_52: 0.1066
2026-04-07 13:27:43 | INFO |   tau::t_53: 0.1215
2026-04-07 13:27:43 | INFO |   tau::t_54: 0.1820
2026-04-07 13:27:43 | INFO |   tau::t_55: 0.2189
2026-04-07 13:27:43 | INFO |   tau::t_56: 0.2029
2026-04-07 13:27:43 | INFO |   tau::t_57: 0.1767
2026-04-07 13:27:43 | INFO |   tau::t_58: 0.1094
2026-04-07 13:27:43 | INFO |   tau::t_59: 0.0682
2026-04-07 13:27:43 | INFO |   tau::t_60: 0.0012
2026-04-07 13:27:43 | INFO |   tau::t_61: -0.0042
2026-04-07 13:27:43 | INFO |   tau::t_62: -0.0742
2026-04-07 13:27:43 | INFO |   tau::t_63: -0.1189
2026-04-07 13:27:43 | INFO |   tau::t_64: -0.1806
2026-04-07 13:27:43 | INFO |   tau::t_65: -0.1416
2026-04-07 13:27:43 | INFO |   tau::t_66: -0.2346
2026-04-07 13:27:43 | INFO |   tau::t_67: -0.2237
2026-04-07 13:27:43 | INFO |   tau::t_68: -0.1188
2026-04-07 13:27:43 | INFO |   tau::t_69: -0.3028
2026-04-07 13:27:43 | INFO |   beta: 0.0424
2026-04-07 13:27:43 | INFO |   interaction::contiguity: 1.6327
2026-04-07 13:27:43 | INFO |   eta: 0.2502
2026-04-07 13:27:43 | INFO |   zeta: -0.0610
2026-04-07 13:27:43 | INFO |   psi: 2.3801
2026-04-07 13:27:43 | INFO | Saved summary tables to C:\Users\phevo\Documents\MIT\Code\MPLE-Causal-Inference\experiments\USCountyVaccination_US\USCountyVaccination_US_tau_zero_mean_smooth\outcome_death_rate_100k_ge_2__intervention_complete_cov_ge_50__lag_0w__contiguity\mple_summary.csv and C:\Users\phevo\Documents\MIT\Code\MPLE-Causal-Inference\experiments\USCountyVaccination_US\USCountyVaccination_US_tau_zero_mean_smooth\outcome_death_rate_100k_ge_2__intervention_complete_cov_ge_50__lag_0w__contiguity\mple_summary.md
2026-04-07 13:27:43 | INFO | Log saved to C:\Users\phevo\Documents\MIT\Code\MPLE-Causal-Inference\experiments\USCountyVaccination_US\USCountyVaccination_US_tau_zero_mean_smooth\outcome_death_rate_100k_ge_2__intervention_complete_cov_ge_50__lag_0w__contiguity\mple.log
