2026-04-24 18:57:40 | INFO | Loading data...
2026-04-24 18:57:40 | INFO | Using panel artifact: /orcd/home/002/phevosp/MPLE-Causal-Inference/experiments/SyntheticHybridExperiments/hybrid_us_county_intervention_uscounty_graph_rank_20/panel_data.npz
2026-04-24 18:57:40 | INFO | Using x_0 artifact: /orcd/home/002/phevosp/MPLE-Causal-Inference/experiments/SyntheticHybridExperiments/hybrid_us_county_intervention_uscounty_graph_rank_20/x_0.npy
2026-04-24 18:57:40 | INFO | Using fit config: /orcd/home/002/phevosp/MPLE-Causal-Inference/experiments/SyntheticHybridExperiments/hybrid_us_county_intervention_uscounty_graph_rank_20/fits/concurrent_rank_10_xi_zero/fit_realized_config.yaml
2026-04-24 18:57:40 | INFO | Using model artifact directory: /orcd/home/002/phevosp/MPLE-Causal-Inference/experiments/SyntheticHybridExperiments/hybrid_us_county_intervention_uscounty_graph_rank_20
2026-04-24 18:57:40 | INFO | Using truth artifact directory: /orcd/home/002/phevosp/MPLE-Causal-Inference/experiments/SyntheticHybridExperiments/hybrid_us_county_intervention_uscounty_graph_rank_20
2026-04-24 18:57:40 | INFO | Configured optimizer mode: concurrent_latent_rank
2026-04-24 18:57:40 | INFO | Configured latent rank: 10
2026-04-24 18:57:40 | INFO | Using a fixed known graph with scalar xi.
2026-04-24 18:57:40 | INFO | Fit-time hard bounds active: False
2026-04-24 18:57:40 | INFO | Fixed scalar parameters: {'xi': 0.0}
2026-04-24 18:57:40 | INFO | Optimizer settings: steps=20000, tol=1e-09, n_starts=1, seed=0, lambda_nuclear=0.0, lambda_frobenius=0.0, lambda_uv_ridge=18.0, proximal_lr=1.0
2026-04-24 18:57:40 | INFO | Concurrent low-rank start 1/1 | seed=0 | initial_loss=0.730743 | initial_penalized=0.746255
2026-04-24 18:57:53 | INFO | Concurrent low-rank start 1 finished | final_loss=0.449931 | final_penalized=0.493120 | nit=598
2026-04-24 18:57:53 | INFO | Done fitting.
2026-04-24 18:57:53 | INFO | Optimizer status: CONVERGENCE: RELATIVE REDUCTION OF F <= FACTR*EPSMCH
2026-04-24 18:57:53 | INFO | Best optimizer start: 1 / 1
2026-04-24 18:57:53 | INFO | Final Loss: 0.449931
2026-04-24 18:57:53 | INFO | Estimated vs True Parameters:
2026-04-24 18:57:53 | INFO |   beta: -0.3627 (True: -0.3000) | SQE: 0.003937
2026-04-24 18:57:53 | INFO |   xi: 0.0000 (True: 0.8000) | SQE: 0.640000
2026-04-24 18:57:53 | INFO |   eta: 0.3492 (True: 0.3000) | SQE: 0.002421
2026-04-24 18:57:53 | INFO | Concurrent low-rank optimizer diagnostics:
2026-04-24 18:57:53 | INFO |   penalized_objective: 0.493120
2026-04-24 18:57:53 | INFO |   mple_loss_without_penalty: 0.449931
2026-04-24 18:57:53 | INFO |   lambda_uv_ridge: 18.000000
2026-04-24 18:57:53 | INFO |   u_frobenius_norm: 20.802050
2026-04-24 18:57:53 | INFO |   v_frobenius_norm: 20.823770
2026-04-24 18:57:53 | INFO |   effective_rank: 10.000000
2026-04-24 18:57:53 | INFO | Field and interaction diagnostics:
2026-04-24 18:57:53 | INFO |   field_rmse: 0.219736
2026-04-24 18:57:53 | INFO |   interaction_fro_error: 7.554969
2026-04-24 18:57:53 | INFO |   estimated_field_max_abs_entry: 1.222328
2026-04-24 18:57:53 | INFO |   estimated_field_rank: 10.000000
2026-04-24 18:57:53 | INFO |   true_field_max_abs_entry: 2.000000
2026-04-24 18:57:53 | INFO |   true_field_rank: 20.000000
2026-04-24 18:57:53 | INFO | Saved summary tables to /orcd/home/002/phevosp/MPLE-Causal-Inference/experiments/SyntheticHybridExperiments/hybrid_us_county_intervention_uscounty_graph_rank_20/fits/concurrent_rank_10_xi_zero/mple_summary.csv and /orcd/home/002/phevosp/MPLE-Causal-Inference/experiments/SyntheticHybridExperiments/hybrid_us_county_intervention_uscounty_graph_rank_20/fits/concurrent_rank_10_xi_zero/mple_summary.md
2026-04-24 18:57:53 | INFO | Log saved to /orcd/home/002/phevosp/MPLE-Causal-Inference/experiments/SyntheticHybridExperiments/hybrid_us_county_intervention_uscounty_graph_rank_20/fits/concurrent_rank_10_xi_zero/mple.log
