2026-04-23 12:11:33 | INFO | Loading data...
2026-04-23 12:11:33 | INFO | Using panel artifact: C:\Users\phevo\Documents\MIT\Code\MPLE-Causal-Inference\experiments\SyntheticHybridExperiments\synthetic_rank_1_b1\panel_data.npz
2026-04-23 12:11:33 | INFO | Using x_0 artifact: C:\Users\phevo\Documents\MIT\Code\MPLE-Causal-Inference\experiments\SyntheticHybridExperiments\synthetic_rank_1_b1\x_0.npy
2026-04-23 12:11:33 | INFO | Using fit config: C:\Users\phevo\Documents\MIT\Code\MPLE-Causal-Inference\experiments\SyntheticHybridExperiments\synthetic_rank_1_b1\fits\manifold_rank_1\fit_realized_config.yaml
2026-04-23 12:11:33 | INFO | Using model artifact directory: C:\Users\phevo\Documents\MIT\Code\MPLE-Causal-Inference\experiments\SyntheticHybridExperiments\synthetic_rank_1_b1
2026-04-23 12:11:33 | INFO | Using truth artifact directory: C:\Users\phevo\Documents\MIT\Code\MPLE-Causal-Inference\experiments\SyntheticHybridExperiments\synthetic_rank_1_b1
2026-04-23 12:11:33 | INFO | Configured field mode: low_rank
2026-04-23 12:11:33 | INFO | Configured latent rank: 1
2026-04-23 12:11:33 | INFO | Using a fixed known graph with scalar xi.
2026-04-23 12:11:33 | INFO | Fit-time hard bounds active: False
2026-04-23 12:11:33 | INFO | Configured B retained for diagnostics only: 15.000000
2026-04-23 12:11:33 | INFO | Fixed scalar parameters: {'beta': 0.0, 'xi': 0.0, 'eta': 0.0}
2026-04-23 12:11:33 | INFO | Optimizer settings: n_starts=3, lbfgs_steps=5000, tol=1e-09, adam_steps=1000, adam_lr=0.01, adam_device=cpu, seed=0, lambda_nuclear=0.0, lambda_frobenius=0.05, proximal_lr=1.0
2026-04-23 12:11:35 | INFO | Ignoring adam_steps for low-rank Pymanopt manifold optimization; ConjugateGradient is used directly on the fixed-rank manifold.
2026-04-23 12:11:35 | INFO | Pymanopt eval 0 | Loss: 0.693147 | Penalized: 0.693164
2026-04-23 12:11:35 | INFO | Pymanopt start 1/3 | seed=0 | initial_loss=0.693164
2026-04-23 12:11:36 | INFO | Pymanopt eval 100 | Loss: 0.684497 | Penalized: 0.689084
2026-04-23 12:11:36 | INFO | Pymanopt start 1/3 complete | final_loss=0.684497 | penalized=0.689084 | status=Terminated - min grad norm reached after 47 iterations, 0.98 seconds.
2026-04-23 12:11:36 | INFO | Pymanopt eval 0 | Loss: 0.693147 | Penalized: 0.693159
2026-04-23 12:11:36 | INFO | Pymanopt start 2/3 | seed=1 | initial_loss=0.693159
2026-04-23 12:11:37 | INFO | Pymanopt eval 100 | Loss: 0.684497 | Penalized: 0.689084
2026-04-23 12:11:37 | INFO | Pymanopt start 2/3 complete | final_loss=0.684497 | penalized=0.689084 | status=Terminated - min grad norm reached after 45 iterations, 1.06 seconds.
2026-04-23 12:11:37 | INFO | Pymanopt eval 0 | Loss: 0.693147 | Penalized: 0.693171
2026-04-23 12:11:37 | INFO | Pymanopt start 3/3 | seed=2 | initial_loss=0.693171
2026-04-23 12:11:38 | INFO | Pymanopt eval 100 | Loss: 0.684497 | Penalized: 0.689084
2026-04-23 12:11:38 | INFO | Pymanopt start 3/3 complete | final_loss=0.684497 | penalized=0.689084 | status=Terminated - min grad norm reached after 54 iterations, 1.17 seconds.
2026-04-23 12:11:38 | INFO | Done fitting.
2026-04-23 12:11:38 | INFO | Optimizer status: Terminated - min grad norm reached after 45 iterations, 1.06 seconds. | best_start=2/3
2026-04-23 12:11:38 | INFO | Best optimizer start: 2 / 3
2026-04-23 12:11:38 | INFO | Final Loss: 0.684497
2026-04-23 12:11:38 | INFO | Estimated vs True Parameters:
2026-04-23 12:11:38 | INFO |   beta: 0.0000 (True: 0.0000) | SQE: 0.000000
2026-04-23 12:11:38 | INFO |   xi: 0.0000 (True: 0.0000) | SQE: 0.000000
2026-04-23 12:11:38 | INFO |   eta: 0.0000 (True: 0.0000) | SQE: 0.000000
2026-04-23 12:11:38 | INFO | Low-rank Frobenius optimizer diagnostics:
2026-04-23 12:11:38 | INFO |   penalized_objective: 0.689084
2026-04-23 12:11:38 | INFO |   mple_loss_without_penalty: 0.684497
2026-04-23 12:11:38 | INFO |   lambda_frobenius: 0.050000
2026-04-23 12:11:38 | INFO |   frobenius_norm: 29.010780
2026-04-23 12:11:38 | INFO |   normalized_frobenius_norm: 0.091740
2026-04-23 12:11:38 | INFO |   frobenius_norm_normalizer: 316.227766
2026-04-23 12:11:38 | INFO | Field and interaction diagnostics:
2026-04-23 12:11:38 | INFO |   field_rmse: 0.093153
2026-04-23 12:11:38 | INFO |   interaction_fro_error: 0.000000
2026-04-23 12:11:38 | INFO |   estimated_field_inf_norm: 0.934968
2026-04-23 12:11:38 | INFO |   estimated_field_rank: 1.000000
2026-04-23 12:11:38 | INFO |   bound_B: 15.000000
2026-04-23 12:11:38 | INFO |   true_field_inf_norm: 1.000000
2026-04-23 12:11:38 | INFO |   true_field_rank: 1.000000
2026-04-23 12:11:38 | INFO | Saved summary tables to C:\Users\phevo\Documents\MIT\Code\MPLE-Causal-Inference\experiments\SyntheticHybridExperiments\synthetic_rank_1_b1\fits\manifold_rank_1\mple_summary.csv and C:\Users\phevo\Documents\MIT\Code\MPLE-Causal-Inference\experiments\SyntheticHybridExperiments\synthetic_rank_1_b1\fits\manifold_rank_1\mple_summary.md
2026-04-23 12:11:38 | INFO | Log saved to C:\Users\phevo\Documents\MIT\Code\MPLE-Causal-Inference\experiments\SyntheticHybridExperiments\synthetic_rank_1_b1\fits\manifold_rank_1\mple.log
