2026-04-08 12:00:01 | INFO | Loading data...
2026-04-08 12:00:01 | INFO | Loaded 6 field templates and 1 interaction templates.
2026-04-08 12:00:01 | INFO | Intervention-process model enabled: True
2026-04-08 12:00:01 | INFO | Tau zero-mean enabled: False
2026-04-08 12:00:01 | INFO | Tau smoothness lambda: 0.000000
2026-04-08 12:00:01 | INFO | Running conditional-model MPLE on x with shape=(69, 3203)
2026-04-08 12:00:01 | INFO | Eval 0  |  Loss: 0.599656
2026-04-08 12:00:01 | INFO |   field::population_density: +0.0126,  field::senior_population: -0.0132,  field::college_education: +0.0640,  field::poverty_rate: +0.0105,  field::log_population: -0.0536,  field::median_household_income: +0.0362,  tau block: mean=+0.0117, std=0.0982, min=-0.2325, max=+0.1960,  beta: -0.1320,  interaction::contiguity: -0.0662,  eta: +0.0935,  zeta: +0.0049,  psi: +0.2002
2026-04-08 12:00:03 | INFO | Done fitting.
2026-04-08 12:00:03 | INFO | Optimizer status: CONVERGENCE: RELATIVE REDUCTION OF F <= FACTR*EPSMCH
2026-04-08 12:00:03 | INFO | Final Loss: 0.156379
2026-04-08 12:00:03 | INFO | Estimated Parameters:
2026-04-08 12:00:03 | INFO |   field::population_density: -0.4285
2026-04-08 12:00:03 | INFO |   field::senior_population: -0.2280
2026-04-08 12:00:03 | INFO |   field::college_education: -0.2361
2026-04-08 12:00:03 | INFO |   field::poverty_rate: -0.2144
2026-04-08 12:00:03 | INFO |   field::log_population: 0.1407
2026-04-08 12:00:03 | INFO |   field::median_household_income: -0.0755
2026-04-08 12:00:03 | INFO |   tau::t_0: -0.1226
2026-04-08 12:00:03 | INFO |   tau::t_1: -0.1656
2026-04-08 12:00:03 | INFO |   tau::t_2: -0.2031
2026-04-08 12:00:03 | INFO |   tau::t_3: -0.2254
2026-04-08 12:00:03 | INFO |   tau::t_4: -0.3596
2026-04-08 12:00:03 | INFO |   tau::t_5: 0.0110
2026-04-08 12:00:03 | INFO |   tau::t_6: -0.2141
2026-04-08 12:00:03 | INFO |   tau::t_7: -0.0306
2026-04-08 12:00:03 | INFO |   tau::t_8: -0.1003
2026-04-08 12:00:03 | INFO |   tau::t_9: -0.0286
2026-04-08 12:00:03 | INFO |   tau::t_10: -0.1151
2026-04-08 12:00:03 | INFO |   tau::t_11: -0.0257
2026-04-08 12:00:03 | INFO |   tau::t_12: -0.0858
2026-04-08 12:00:03 | INFO |   tau::t_13: -0.2365
2026-04-08 12:00:03 | INFO |   tau::t_14: -0.2370
2026-04-08 12:00:03 | INFO |   tau::t_15: -0.3358
2026-04-08 12:00:03 | INFO |   tau::t_16: -0.3738
2026-04-08 12:00:03 | INFO |   tau::t_17: -0.5462
2026-04-08 12:00:03 | INFO |   tau::t_18: -0.4000
2026-04-08 12:00:03 | INFO |   tau::t_19: -0.7812
2026-04-08 12:00:03 | INFO |   tau::t_20: -0.4953
2026-04-08 12:00:03 | INFO |   tau::t_21: -0.6775
2026-04-08 12:00:03 | INFO |   tau::t_22: -0.5711
2026-04-08 12:00:03 | INFO |   tau::t_23: -0.5688
2026-04-08 12:00:03 | INFO |   tau::t_24: -0.3004
2026-04-08 12:00:03 | INFO |   tau::t_25: -0.1897
2026-04-08 12:00:03 | INFO |   tau::t_26: 0.0558
2026-04-08 12:00:03 | INFO |   tau::t_27: 0.2242
2026-04-08 12:00:03 | INFO |   tau::t_28: 0.2212
2026-04-08 12:00:03 | INFO |   tau::t_29: 0.2521
2026-04-08 12:00:03 | INFO |   tau::t_30: 0.2244
2026-04-08 12:00:03 | INFO |   tau::t_31: 0.2122
2026-04-08 12:00:03 | INFO |   tau::t_32: 0.1876
2026-04-08 12:00:03 | INFO |   tau::t_33: 0.0270
2026-04-08 12:00:03 | INFO |   tau::t_34: 0.1649
2026-04-08 12:00:03 | INFO |   tau::t_35: -0.0737
2026-04-08 12:00:03 | INFO |   tau::t_36: -0.1330
2026-04-08 12:00:03 | INFO |   tau::t_37: -0.1433
2026-04-08 12:00:03 | INFO |   tau::t_38: -0.1867
2026-04-08 12:00:03 | INFO |   tau::t_39: -0.2075
2026-04-08 12:00:03 | INFO |   tau::t_40: -0.0332
2026-04-08 12:00:03 | INFO |   tau::t_41: -0.0584
2026-04-08 12:00:03 | INFO |   tau::t_42: 0.0306
2026-04-08 12:00:03 | INFO |   tau::t_43: 0.0661
2026-04-08 12:00:03 | INFO |   tau::t_44: -0.3252
2026-04-08 12:00:03 | INFO |   tau::t_45: 0.3306
2026-04-08 12:00:03 | INFO |   tau::t_46: -0.0261
2026-04-08 12:00:03 | INFO |   tau::t_47: -0.0612
2026-04-08 12:00:03 | INFO |   tau::t_48: -0.0421
2026-04-08 12:00:03 | INFO |   tau::t_49: 0.4854
2026-04-08 12:00:03 | INFO |   tau::t_50: 0.8115
2026-04-08 12:00:03 | INFO |   tau::t_51: 0.8854
2026-04-08 12:00:03 | INFO |   tau::t_52: 1.1966
2026-04-08 12:00:03 | INFO |   tau::t_53: 1.1839
2026-04-08 12:00:03 | INFO |   tau::t_54: 0.3393
2026-04-08 12:00:03 | INFO |   tau::t_55: -0.2234
2026-04-08 12:00:03 | INFO |   tau::t_56: -0.3668
2026-04-08 12:00:03 | INFO |   tau::t_57: -0.4223
2026-04-08 12:00:03 | INFO |   tau::t_58: -0.2254
2026-04-08 12:00:03 | INFO |   tau::t_59: -0.2364
2026-04-08 12:00:03 | INFO |   tau::t_60: -0.2457
2026-04-08 12:00:03 | INFO |   tau::t_61: -0.3671
2026-04-08 12:00:03 | INFO |   tau::t_62: -0.4125
2026-04-08 12:00:03 | INFO |   tau::t_63: -0.3552
2026-04-08 12:00:03 | INFO |   tau::t_64: -0.1997
2026-04-08 12:00:03 | INFO |   tau::t_65: -0.0787
2026-04-08 12:00:03 | INFO |   tau::t_66: -0.1526
2026-04-08 12:00:03 | INFO |   tau::t_67: -0.0007
2026-04-08 12:00:03 | INFO |   tau::t_68: -0.0161
2026-04-08 12:00:03 | INFO |   beta: 0.0011
2026-04-08 12:00:03 | INFO |   interaction::contiguity: 2.6130
2026-04-08 12:00:03 | INFO |   eta: 0.5427
2026-04-08 12:00:03 | INFO |   zeta: -0.0052
2026-04-08 12:00:03 | INFO |   psi: 2.1417
2026-04-08 12:00:03 | INFO | Saved summary tables to C:\Users\phevo\Documents\MIT\Code\MPLE-Causal-Inference\experiments\USCountyVaccination_US_features_new\outcome_case_rate_100k_ge_200__intervention_complete_cov_ge_40__lag_1w__contiguity\mple_summary.csv and C:\Users\phevo\Documents\MIT\Code\MPLE-Causal-Inference\experiments\USCountyVaccination_US_features_new\outcome_case_rate_100k_ge_200__intervention_complete_cov_ge_40__lag_1w__contiguity\mple_summary.md
2026-04-08 12:00:03 | INFO | Log saved to C:\Users\phevo\Documents\MIT\Code\MPLE-Causal-Inference\experiments\USCountyVaccination_US_features_new\outcome_case_rate_100k_ge_200__intervention_complete_cov_ge_40__lag_1w__contiguity\mple.log
