2026-04-19 15:47:05 | INFO | Loading data...
2026-04-19 15:47:05 | INFO | Using panel artifact: C:\Users\phevo\Documents\MIT\Code\MPLE-Causal-Inference\experiments\USCountyVaccination_US_sensitivity\outcome_death_rate_100k_ge_2__intervention_complete_cov_ge_30__lag_2w__contiguity__start_2021_01_03\panel_data.npz
2026-04-19 15:47:05 | INFO | Using x_0 artifact: C:\Users\phevo\Documents\MIT\Code\MPLE-Causal-Inference\experiments\USCountyVaccination_US_sensitivity\outcome_death_rate_100k_ge_2__intervention_complete_cov_ge_30__lag_2w__contiguity__start_2021_01_03\x_0.npy
2026-04-19 15:47:05 | INFO | Using z_0 artifact: C:\Users\phevo\Documents\MIT\Code\MPLE-Causal-Inference\experiments\USCountyVaccination_US_sensitivity\outcome_death_rate_100k_ge_2__intervention_complete_cov_ge_30__lag_2w__contiguity__start_2021_01_03\z_0.npy
2026-04-19 15:47:05 | INFO | Using fit config: C:\Users\phevo\Documents\MIT\Code\MPLE-Causal-Inference\experiments\USCountyVaccination_US_sensitivity\outcome_death_rate_100k_ge_2__intervention_complete_cov_ge_30__lag_2w__contiguity__start_2021_01_03\fits\rank_20_b10\fit_realized_config.yaml
2026-04-19 15:47:05 | INFO | Using model artifact directory: C:\Users\phevo\Documents\MIT\Code\MPLE-Causal-Inference\experiments\USCountyVaccination_US_sensitivity\outcome_death_rate_100k_ge_2__intervention_complete_cov_ge_30__lag_2w__contiguity__start_2021_01_03
2026-04-19 15:47:05 | INFO | Using truth artifact directory: C:\Users\phevo\Documents\MIT\Code\MPLE-Causal-Inference\experiments\USCountyVaccination_US_sensitivity\outcome_death_rate_100k_ge_2__intervention_complete_cov_ge_30__lag_2w__contiguity__start_2021_01_03
2026-04-19 15:47:05 | INFO | Configured latent rank: 20
2026-04-19 15:47:05 | INFO | Using a fixed known graph with scalar xi.
2026-04-19 15:47:05 | INFO | Intervention-process model enabled: False
2026-04-19 15:47:05 | INFO | Global temperature bound B active: True
2026-04-19 15:47:05 | INFO | Effective xi bound from interaction constraint: 10.000000
2026-04-19 15:47:05 | INFO | Beta mask pre-intervention enabled: True
2026-04-19 15:47:05 | INFO | Fixed scalar parameters: {}
2026-04-19 15:47:05 | INFO | Optimizer settings: n_starts=5, lbfgs_steps=50000, tol=1e-09, adam_steps=1000, adam_lr=0.01, adam_device=cpu, seed=0
2026-04-19 15:47:05 | INFO | Optimizer start 1/5 | seed=0 | initial_loss=0.643973
2026-04-19 15:47:08 | INFO | Start 1 Adam step 0 | Loss: 0.643973
2026-04-19 15:47:09 | INFO | Start 1 Adam step 100 | Loss: 0.277476
2026-04-19 15:47:10 | INFO | Start 1 Adam step 200 | Loss: 0.246728
2026-04-19 15:47:11 | INFO | Start 1 Adam step 300 | Loss: 0.239335
2026-04-19 15:47:12 | INFO | Start 1 Adam step 400 | Loss: 0.239077
2026-04-19 15:47:13 | INFO | Start 1 Adam step 500 | Loss: 0.238776
2026-04-19 15:47:14 | INFO | Start 1 Adam step 600 | Loss: 0.233986
2026-04-19 15:47:15 | INFO | Start 1 Adam step 700 | Loss: 0.232508
2026-04-19 15:47:16 | INFO | Start 1 Adam step 800 | Loss: 0.227460
2026-04-19 15:47:17 | INFO | Start 1 Adam step 900 | Loss: 0.224796
2026-04-19 15:47:18 | INFO | Start 1 L-BFGS eval 0 | Loss: 0.224156
2026-04-19 15:47:18 | INFO |   beta: -0.0622,  xi: +1.7270,  eta: -0.4689
2026-04-19 15:47:21 | INFO | Start 1 L-BFGS eval 100 | Loss: 0.224115
2026-04-19 15:47:21 | INFO |   beta: -0.0617,  xi: +1.7489,  eta: -0.4653
2026-04-19 15:47:23 | INFO | Start 1 L-BFGS eval 200 | Loss: 0.224101
2026-04-19 15:47:23 | INFO |   beta: -0.0623,  xi: +1.7527,  eta: -0.4726
2026-04-19 15:47:24 | INFO | Optimizer start 1/5 complete | final_loss=0.224101 | status=ABNORMAL: 
2026-04-19 15:47:24 | INFO | Optimizer start 2/5 | seed=1 | initial_loss=0.624174
2026-04-19 15:47:24 | INFO | Start 2 Adam step 0 | Loss: 0.624174
2026-04-19 15:47:25 | INFO | Start 2 Adam step 100 | Loss: 0.276785
2026-04-19 15:47:26 | INFO | Start 2 Adam step 200 | Loss: 0.246671
2026-04-19 15:47:27 | INFO | Start 2 Adam step 300 | Loss: 0.242619
2026-04-19 15:47:28 | INFO | Start 2 Adam step 400 | Loss: 0.237852
2026-04-19 15:47:29 | INFO | Start 2 Adam step 500 | Loss: 0.236302
2026-04-19 15:47:30 | INFO | Start 2 Adam step 600 | Loss: 0.235781
2026-04-19 15:47:31 | INFO | Start 2 Adam step 700 | Loss: 0.232815
2026-04-19 15:47:32 | INFO | Start 2 Adam step 800 | Loss: 0.233397
2026-04-19 15:47:33 | INFO | Start 2 Adam step 900 | Loss: 0.232908
2026-04-19 15:47:34 | INFO | Start 2 L-BFGS eval 0 | Loss: 0.230061
2026-04-19 15:47:34 | INFO |   beta: -0.0280,  xi: +1.7584,  eta: -0.3392
2026-04-19 15:47:37 | INFO | Start 2 L-BFGS eval 100 | Loss: 0.229401
2026-04-19 15:47:37 | INFO |   beta: -0.0297,  xi: +1.7919,  eta: -0.3368
2026-04-19 15:47:39 | INFO | Start 2 L-BFGS eval 200 | Loss: 0.229340
2026-04-19 15:47:39 | INFO |   beta: -0.0304,  xi: +1.7985,  eta: -0.3632
2026-04-19 15:47:42 | INFO | Start 2 L-BFGS eval 300 | Loss: 0.229330
2026-04-19 15:47:42 | INFO |   beta: -0.0305,  xi: +1.8058,  eta: -0.3487
2026-04-19 15:47:44 | INFO | Optimizer start 2/5 complete | final_loss=0.229320 | status=CONVERGENCE: RELATIVE REDUCTION OF F <= FACTR*EPSMCH
2026-04-19 15:47:44 | INFO | Optimizer start 3/5 | seed=2 | initial_loss=0.646483
2026-04-19 15:47:44 | INFO | Start 3 Adam step 0 | Loss: 0.646483
2026-04-19 15:47:45 | INFO | Start 3 Adam step 100 | Loss: 0.280082
2026-04-19 15:47:46 | INFO | Start 3 Adam step 200 | Loss: 0.246122
2026-04-19 15:47:47 | INFO | Start 3 Adam step 300 | Loss: 0.243221
2026-04-19 15:47:48 | INFO | Start 3 Adam step 400 | Loss: 0.238342
2026-04-19 15:47:49 | INFO | Start 3 Adam step 500 | Loss: 0.236839
2026-04-19 15:47:50 | INFO | Start 3 Adam step 600 | Loss: 0.232359
2026-04-19 15:47:51 | INFO | Start 3 Adam step 700 | Loss: 0.231126
2026-04-19 15:47:52 | INFO | Start 3 Adam step 800 | Loss: 0.227898
2026-04-19 15:47:53 | INFO | Start 3 Adam step 900 | Loss: 0.225607
2026-04-19 15:47:54 | INFO | Start 3 L-BFGS eval 0 | Loss: 0.224984
2026-04-19 15:47:54 | INFO |   beta: -0.0417,  xi: +1.6417,  eta: -0.4833
2026-04-19 15:47:57 | INFO | Start 3 L-BFGS eval 100 | Loss: 0.224942
2026-04-19 15:47:57 | INFO |   beta: -0.0423,  xi: +1.6642,  eta: -0.4808
2026-04-19 15:47:57 | INFO | Optimizer start 3/5 complete | final_loss=0.224942 | status=ABNORMAL: 
2026-04-19 15:47:57 | INFO | Optimizer start 4/5 | seed=3 | initial_loss=0.675200
2026-04-19 15:47:57 | INFO | Start 4 Adam step 0 | Loss: 0.675200
2026-04-19 15:47:58 | INFO | Start 4 Adam step 100 | Loss: 0.282422
2026-04-19 15:47:59 | INFO | Start 4 Adam step 200 | Loss: 0.249632
2026-04-19 15:48:00 | INFO | Start 4 Adam step 300 | Loss: 0.244189
2026-04-19 15:48:01 | INFO | Start 4 Adam step 400 | Loss: 0.238286
2026-04-19 15:48:02 | INFO | Start 4 Adam step 500 | Loss: 0.233829
2026-04-19 15:48:03 | INFO | Start 4 Adam step 600 | Loss: 0.231562
2026-04-19 15:48:04 | INFO | Start 4 Adam step 700 | Loss: 0.231013
2026-04-19 15:48:05 | INFO | Start 4 Adam step 800 | Loss: 0.227087
2026-04-19 15:48:07 | INFO | Start 4 Adam step 900 | Loss: 0.225746
2026-04-19 15:48:08 | INFO | Start 4 L-BFGS eval 0 | Loss: 0.223842
2026-04-19 15:48:08 | INFO |   beta: -0.0408,  xi: +1.6874,  eta: -0.4766
2026-04-19 15:48:10 | INFO | Start 4 L-BFGS eval 100 | Loss: 0.222726
2026-04-19 15:48:10 | INFO |   beta: -0.0427,  xi: +1.7603,  eta: -0.4899
2026-04-19 15:48:11 | INFO | Optimizer start 4/5 complete | final_loss=0.222726 | status=CONVERGENCE: RELATIVE REDUCTION OF F <= FACTR*EPSMCH
2026-04-19 15:48:11 | INFO | Optimizer start 5/5 | seed=4 | initial_loss=0.705414
2026-04-19 15:48:11 | INFO | Start 5 Adam step 0 | Loss: 0.705414
2026-04-19 15:48:12 | INFO | Start 5 Adam step 100 | Loss: 0.280977
2026-04-19 15:48:13 | INFO | Start 5 Adam step 200 | Loss: 0.244818
2026-04-19 15:48:14 | INFO | Start 5 Adam step 300 | Loss: 0.237841
2026-04-19 15:48:15 | INFO | Start 5 Adam step 400 | Loss: 0.232976
2026-04-19 15:48:16 | INFO | Start 5 Adam step 500 | Loss: 0.226400
2026-04-19 15:48:17 | INFO | Start 5 Adam step 600 | Loss: 0.223651
2026-04-19 15:48:18 | INFO | Start 5 Adam step 700 | Loss: 0.222054
2026-04-19 15:48:19 | INFO | Start 5 Adam step 800 | Loss: 0.221851
2026-04-19 15:48:20 | INFO | Start 5 Adam step 900 | Loss: 0.220362
2026-04-19 15:48:21 | INFO | Start 5 L-BFGS eval 0 | Loss: 0.220937
2026-04-19 15:48:21 | INFO |   beta: -0.0324,  xi: +1.6309,  eta: -0.5210
2026-04-19 15:48:24 | INFO | Optimizer start 5/5 complete | final_loss=0.220399 | status=CONVERGENCE: RELATIVE REDUCTION OF F <= FACTR*EPSMCH
2026-04-19 15:48:24 | INFO | Done fitting.
2026-04-19 15:48:24 | INFO | Optimizer status: CONVERGENCE: RELATIVE REDUCTION OF F <= FACTR*EPSMCH | best_start=5/5
2026-04-19 15:48:24 | INFO | Best optimizer start: 5 / 5
2026-04-19 15:48:24 | INFO | Final Loss: 0.220399
2026-04-19 15:48:24 | INFO | Estimated Parameters:
2026-04-19 15:48:24 | INFO |   beta: -0.0333
2026-04-19 15:48:24 | INFO |   xi: 1.7011
2026-04-19 15:48:24 | INFO |   eta: -0.5240
2026-04-19 15:48:24 | INFO | Field and interaction diagnostics:
2026-04-19 15:48:24 | INFO |   estimated_field_inf_norm: 10.000000
2026-04-19 15:48:24 | INFO |   estimated_field_rank: 20.000000
2026-04-19 15:48:24 | INFO |   bound_B: 10.000000
2026-04-19 15:48:24 | INFO | Saved summary tables to C:\Users\phevo\Documents\MIT\Code\MPLE-Causal-Inference\experiments\USCountyVaccination_US_sensitivity\outcome_death_rate_100k_ge_2__intervention_complete_cov_ge_30__lag_2w__contiguity__start_2021_01_03\fits\rank_20_b10\mple_summary.csv and C:\Users\phevo\Documents\MIT\Code\MPLE-Causal-Inference\experiments\USCountyVaccination_US_sensitivity\outcome_death_rate_100k_ge_2__intervention_complete_cov_ge_30__lag_2w__contiguity__start_2021_01_03\fits\rank_20_b10\mple_summary.md
2026-04-19 15:48:24 | INFO | Log saved to C:\Users\phevo\Documents\MIT\Code\MPLE-Causal-Inference\experiments\USCountyVaccination_US_sensitivity\outcome_death_rate_100k_ge_2__intervention_complete_cov_ge_30__lag_2w__contiguity__start_2021_01_03\fits\rank_20_b10\mple.log
