2026-05-03 00:23:06 | INFO | Loading data...
2026-05-03 00:23:06 | INFO | Using panel artifact: /orcd/home/002/phevosp/MPLE-Causal-Inference/experiments/HybridExperiments_r1_v2/r1_hybrid_us_county_intervention_generated_graph_confounding/panel_data.npz
2026-05-03 00:23:06 | INFO | Using x_0 artifact: /orcd/home/002/phevosp/MPLE-Causal-Inference/experiments/HybridExperiments_r1_v2/r1_hybrid_us_county_intervention_generated_graph_confounding/x_0.npy
2026-05-03 00:23:06 | INFO | Using fit config: /orcd/home/002/phevosp/MPLE-Causal-Inference/experiments/HybridExperiments_r1_v2/r1_hybrid_us_county_intervention_generated_graph_confounding/cv_runs/alternating_uv_grid/candidates/alternating_uv_grid_candidate_0006/fold_6/fit_realized_config.yaml
2026-05-03 00:23:06 | INFO | Using model artifact directory: /orcd/home/002/phevosp/MPLE-Causal-Inference/experiments/HybridExperiments_r1_v2/r1_hybrid_us_county_intervention_generated_graph_confounding
2026-05-03 00:23:06 | INFO | Using truth artifact directory: /orcd/home/002/phevosp/MPLE-Causal-Inference/experiments/HybridExperiments_r1_v2/r1_hybrid_us_county_intervention_generated_graph_confounding
2026-05-03 00:23:06 | INFO | Using loss mask artifact: /orcd/home/002/phevosp/MPLE-Causal-Inference/experiments/HybridExperiments_r1_v2/r1_hybrid_us_county_intervention_generated_graph_confounding/cv_runs/alternating_uv_grid/candidates/alternating_uv_grid_candidate_0006/fold_6/loss_mask.npy
2026-05-03 00:23:06 | INFO | Configured optimizer mode: alternating_latent_rank
2026-05-03 00:23:06 | INFO | Configured latent rank: 1
2026-05-03 00:23:06 | INFO | Using a fixed known graph with scalar xi.
2026-05-03 00:23:06 | INFO | Fit-time hard bounds active: False
2026-05-03 00:23:06 | INFO | Fixed scalar parameters: {}
2026-05-03 00:23:06 | INFO | Warm-start fixed scalars: {} for 0 steps
2026-05-03 00:23:06 | INFO | Beta mask before s: True with s=50
2026-05-03 00:23:06 | INFO | Beta mask after e: True with e=115
2026-05-03 00:23:06 | INFO | Alternating V-column L2-ball constraint active with radius 1.0
2026-05-03 00:23:06 | INFO | Optimizer settings: steps=2000, tol=1e-07, n_starts=1, seed=0, lambda_nuclear=0.0, lambda_frobenius=0.0, lambda_uv_ridge=0.05, v_column_l2_max=1.0, proximal_lr=1.0
2026-05-03 00:23:06 | INFO | Alternating low-rank start 1/1 | seed=0 | initial_loss=0.697366 | initial_penalized=0.697367
2026-05-03 00:23:06 | INFO | Alternating low-rank iter 0 | Loss: 0.611329 | Penalized: 0.614783
2026-05-03 00:23:14 | INFO | Alternating low-rank iter 100 | Loss: 0.538198 | Penalized: 0.548163
2026-05-03 00:23:21 | INFO | Alternating low-rank iter 200 | Loss: 0.535745 | Penalized: 0.543713
2026-05-03 00:23:28 | INFO | Alternating low-rank iter 300 | Loss: 0.534884 | Penalized: 0.541820
2026-05-03 00:23:35 | INFO | Alternating low-rank iter 400 | Loss: 0.534626 | Penalized: 0.540994
2026-05-03 00:23:42 | INFO | Alternating low-rank iter 500 | Loss: 0.534588 | Penalized: 0.540627
2026-05-03 00:23:48 | INFO | Alternating low-rank iter 600 | Loss: 0.534621 | Penalized: 0.540461
2026-05-03 00:23:55 | INFO | Alternating low-rank iter 700 | Loss: 0.534669 | Penalized: 0.540384
2026-05-03 00:24:02 | INFO | Alternating low-rank iter 800 | Loss: 0.534714 | Penalized: 0.540349
2026-05-03 00:24:09 | INFO | Alternating low-rank iter 900 | Loss: 0.534750 | Penalized: 0.540333
2026-05-03 00:24:10 | INFO | Done fitting.
2026-05-03 00:24:10 | INFO | Optimizer status: CONVERGED: alternating objective tolerance reached
2026-05-03 00:24:10 | INFO | Best optimizer start: 1 / 1
2026-05-03 00:24:10 | INFO | Final Loss: 0.534753
2026-05-03 00:24:10 | INFO | Estimated vs True Parameters:
2026-05-03 00:24:10 | INFO |   beta: -0.1313 (True: -0.3000) | SQE: 0.028452
2026-05-03 00:24:10 | INFO |   xi: 1.5112 (True: 0.8000) | SQE: 0.505846
2026-05-03 00:24:10 | INFO |   eta: 0.3031 (True: 0.3000) | SQE: 0.000009
2026-05-03 00:24:10 | INFO | Alternating low-rank optimizer diagnostics:
2026-05-03 00:24:10 | INFO |   penalized_objective: 0.540332
2026-05-03 00:24:10 | INFO |   mple_loss_without_penalty: 0.534753
2026-05-03 00:24:10 | INFO |   lambda_uv_ridge: 0.050000
2026-05-03 00:24:10 | INFO |   u_frobenius_norm: 100.423250
2026-05-03 00:24:10 | INFO |   v_frobenius_norm: 1.000000
2026-05-03 00:24:10 | INFO |   effective_rank: 1.000000
2026-05-03 00:24:10 | INFO | Field and interaction diagnostics:
2026-05-03 00:24:10 | INFO |   field_rmse: 0.447694
2026-05-03 00:24:10 | INFO |   interaction_fro_error: 5.388993
2026-05-03 00:24:10 | INFO |   estimated_field_max_abs_entry: 1.152489
2026-05-03 00:24:10 | INFO |   estimated_field_rank: 1.000000
2026-05-03 00:24:10 | INFO |   true_field_max_abs_entry: 0.609457
2026-05-03 00:24:10 | INFO |   true_field_rank: 1.000000
2026-05-03 00:24:10 | INFO | Saved summary table to /orcd/home/002/phevosp/MPLE-Causal-Inference/experiments/HybridExperiments_r1_v2/r1_hybrid_us_county_intervention_generated_graph_confounding/cv_runs/alternating_uv_grid/candidates/alternating_uv_grid_candidate_0006/fold_6/mple_summary.csv
2026-05-03 00:24:10 | INFO | Log saved to /orcd/home/002/phevosp/MPLE-Causal-Inference/experiments/HybridExperiments_r1_v2/r1_hybrid_us_county_intervention_generated_graph_confounding/cv_runs/alternating_uv_grid/candidates/alternating_uv_grid_candidate_0006/fold_6/mple.log
