2026-04-12 13:14:00 | INFO | Loading data...
2026-04-12 13:14:00 | INFO | Using panel artifact: C:\Users\phevo\Documents\MIT\Code\MPLE-Causal-Inference\experiments\SyntheticHybridExperiments\synthetic_rank_6_b1\panel_data.npz
2026-04-12 13:14:00 | INFO | Using x_0 artifact: C:\Users\phevo\Documents\MIT\Code\MPLE-Causal-Inference\experiments\SyntheticHybridExperiments\synthetic_rank_6_b1\x_0.npy
2026-04-12 13:14:00 | INFO | Using z_0 artifact: C:\Users\phevo\Documents\MIT\Code\MPLE-Causal-Inference\experiments\SyntheticHybridExperiments\synthetic_rank_6_b1\z_0.npy
2026-04-12 13:14:00 | INFO | Using fit config: C:\Users\phevo\Documents\MIT\Code\MPLE-Causal-Inference\experiments\SyntheticHybridExperiments\synthetic_rank_6_b1\fits\rank_6_b1_fixed_xi\fit_realized_config.yaml
2026-04-12 13:14:00 | INFO | Using model artifact directory: C:\Users\phevo\Documents\MIT\Code\MPLE-Causal-Inference\experiments\SyntheticHybridExperiments\synthetic_rank_6_b1
2026-04-12 13:14:00 | INFO | Using truth artifact directory: C:\Users\phevo\Documents\MIT\Code\MPLE-Causal-Inference\experiments\SyntheticHybridExperiments\synthetic_rank_6_b1
2026-04-12 13:14:00 | INFO | Configured latent rank: 6
2026-04-12 13:14:00 | INFO | Using a fixed known graph with scalar xi.
2026-04-12 13:14:00 | INFO | Intervention-process model enabled: True
2026-04-12 13:14:00 | INFO | Global temperature bound B active: True
2026-04-12 13:14:00 | INFO | Effective xi bound from interaction constraint: 1.000000
2026-04-12 13:14:00 | INFO | Beta mask pre-intervention enabled: False
2026-04-12 13:14:00 | INFO | Beta mask rescale enabled: False
2026-04-12 13:14:00 | INFO | Fixed scalar parameters: {'xi': 0.0}
2026-04-12 13:14:00 | INFO | Eval 0  |  Loss: 0.753326
2026-04-12 13:14:00 | INFO |   beta: +0.0391,  eta: -0.1539,  zeta: +0.1189,  psi: -0.0461
2026-04-12 13:14:00 | INFO | Done fitting.
2026-04-12 13:14:00 | INFO | Optimizer status: CONVERGENCE: RELATIVE REDUCTION OF F <= FACTR*EPSMCH
2026-04-12 13:14:00 | INFO | Final Loss: 0.519660
2026-04-12 13:14:00 | INFO | Estimated vs True Parameters:
2026-04-12 13:14:00 | INFO |   beta: 0.3982 (True: 0.3500) | SQE: 0.002327
2026-04-12 13:14:00 | INFO |   xi: 0.0000 (True: 0.7500) | SQE: 0.562500
2026-04-12 13:14:00 | INFO |   eta: 0.5085 (True: 0.4800) | SQE: 0.000811
2026-04-12 13:14:00 | INFO |   zeta: -0.5657 (True: -0.5500) | SQE: 0.000246
2026-04-12 13:14:00 | INFO |   psi: 0.8099 (True: 0.8000) | SQE: 0.000098
2026-04-12 13:14:00 | INFO | Field and interaction diagnostics:
2026-04-12 13:14:00 | INFO |   field_rmse: 0.002333
2026-04-12 13:14:00 | INFO |   interaction_fro_error: 1.995531
2026-04-12 13:14:00 | INFO |   estimated_field_inf_norm: 1.000000
2026-04-12 13:14:00 | INFO |   estimated_field_rank: 6.000000
2026-04-12 13:14:00 | INFO |   bound_B: 1.000000
2026-04-12 13:14:00 | INFO |   true_field_inf_norm: 1.000000
2026-04-12 13:14:00 | INFO |   true_field_rank: 6.000000
2026-04-12 13:14:00 | INFO | Saved summary tables to C:\Users\phevo\Documents\MIT\Code\MPLE-Causal-Inference\experiments\SyntheticHybridExperiments\synthetic_rank_6_b1\fits\rank_6_b1_fixed_xi\mple_summary.csv and C:\Users\phevo\Documents\MIT\Code\MPLE-Causal-Inference\experiments\SyntheticHybridExperiments\synthetic_rank_6_b1\fits\rank_6_b1_fixed_xi\mple_summary.md
2026-04-12 13:14:00 | INFO | Log saved to C:\Users\phevo\Documents\MIT\Code\MPLE-Causal-Inference\experiments\SyntheticHybridExperiments\synthetic_rank_6_b1\fits\rank_6_b1_fixed_xi\mple.log
