2026-05-03 01:02:46 | INFO | Loading data...
2026-05-03 01:02:46 | INFO | Using panel artifact: /orcd/home/002/phevosp/MPLE-Causal-Inference/experiments/HybridExperiments_r1_v2/r1_hybrid_us_county_intervention_uscounty_graph_kernel_confounding/panel_data.npz
2026-05-03 01:02:46 | INFO | Using x_0 artifact: /orcd/home/002/phevosp/MPLE-Causal-Inference/experiments/HybridExperiments_r1_v2/r1_hybrid_us_county_intervention_uscounty_graph_kernel_confounding/x_0.npy
2026-05-03 01:02:46 | INFO | Using fit config: /orcd/home/002/phevosp/MPLE-Causal-Inference/experiments/HybridExperiments_r1_v2/r1_hybrid_us_county_intervention_uscounty_graph_kernel_confounding/cv_runs/alternating_uv_grid/candidates/alternating_uv_grid_candidate_0006/fold_4/fit_realized_config.yaml
2026-05-03 01:02:46 | INFO | Using model artifact directory: /orcd/home/002/phevosp/MPLE-Causal-Inference/experiments/HybridExperiments_r1_v2/r1_hybrid_us_county_intervention_uscounty_graph_kernel_confounding
2026-05-03 01:02:46 | INFO | Using truth artifact directory: /orcd/home/002/phevosp/MPLE-Causal-Inference/experiments/HybridExperiments_r1_v2/r1_hybrid_us_county_intervention_uscounty_graph_kernel_confounding
2026-05-03 01:02:46 | INFO | Using loss mask artifact: /orcd/home/002/phevosp/MPLE-Causal-Inference/experiments/HybridExperiments_r1_v2/r1_hybrid_us_county_intervention_uscounty_graph_kernel_confounding/cv_runs/alternating_uv_grid/candidates/alternating_uv_grid_candidate_0006/fold_4/loss_mask.npy
2026-05-03 01:02:46 | INFO | Configured optimizer mode: alternating_latent_rank
2026-05-03 01:02:46 | INFO | Configured latent rank: 1
2026-05-03 01:02:46 | INFO | Using a fixed known graph with scalar xi.
2026-05-03 01:02:46 | INFO | Fit-time hard bounds active: False
2026-05-03 01:02:46 | INFO | Fixed scalar parameters: {}
2026-05-03 01:02:46 | INFO | Warm-start fixed scalars: {} for 0 steps
2026-05-03 01:02:46 | INFO | Beta mask before s: True with s=50
2026-05-03 01:02:46 | INFO | Beta mask after e: True with e=115
2026-05-03 01:02:46 | INFO | Alternating V-column L2-ball constraint active with radius 1.0
2026-05-03 01:02:46 | INFO | Optimizer settings: steps=2000, tol=1e-07, n_starts=1, seed=0, lambda_nuclear=0.0, lambda_frobenius=0.0, lambda_uv_ridge=0.05, v_column_l2_max=1.0, proximal_lr=1.0
2026-05-03 01:02:46 | INFO | Alternating low-rank start 1/1 | seed=0 | initial_loss=0.696165 | initial_penalized=0.696165
2026-05-03 01:02:46 | INFO | Alternating low-rank iter 0 | Loss: 0.522126 | Penalized: 0.526029
2026-05-03 01:02:53 | INFO | Alternating low-rank iter 100 | Loss: 0.495558 | Penalized: 0.498906
2026-05-03 01:02:57 | INFO | Done fitting.
2026-05-03 01:02:57 | INFO | Optimizer status: CONVERGED: alternating objective tolerance reached
2026-05-03 01:02:57 | INFO | Best optimizer start: 1 / 1
2026-05-03 01:02:57 | INFO | Final Loss: 0.495727
2026-05-03 01:02:57 | INFO | Estimated vs True Parameters:
2026-05-03 01:02:57 | INFO |   beta: -0.1591 (True: -0.3000) | SQE: 0.019856
2026-05-03 01:02:57 | INFO |   xi: 1.0653 (True: 0.8000) | SQE: 0.070358
2026-05-03 01:02:57 | INFO |   eta: 0.3061 (True: 0.3000) | SQE: 0.000038
2026-05-03 01:02:57 | INFO | Alternating low-rank optimizer diagnostics:
2026-05-03 01:02:57 | INFO |   penalized_objective: 0.498865
2026-05-03 01:02:57 | INFO |   mple_loss_without_penalty: 0.495727
2026-05-03 01:02:57 | INFO |   lambda_uv_ridge: 0.050000
2026-05-03 01:02:57 | INFO |   u_frobenius_norm: 134.339482
2026-05-03 01:02:57 | INFO |   v_frobenius_norm: 1.000000
2026-05-03 01:02:57 | INFO |   effective_rank: 1.000000
2026-05-03 01:02:57 | INFO | Field and interaction diagnostics:
2026-05-03 01:02:57 | INFO |   field_rmse: 0.332256
2026-05-03 01:02:57 | INFO |   interaction_fro_error: 2.934772
2026-05-03 01:02:57 | INFO |   estimated_field_max_abs_entry: 0.871639
2026-05-03 01:02:57 | INFO |   estimated_field_rank: 1.000000
2026-05-03 01:02:57 | INFO |   true_field_max_abs_entry: 0.609457
2026-05-03 01:02:57 | INFO |   true_field_rank: 1.000000
2026-05-03 01:02:57 | INFO | Saved summary table to /orcd/home/002/phevosp/MPLE-Causal-Inference/experiments/HybridExperiments_r1_v2/r1_hybrid_us_county_intervention_uscounty_graph_kernel_confounding/cv_runs/alternating_uv_grid/candidates/alternating_uv_grid_candidate_0006/fold_4/mple_summary.csv
2026-05-03 01:02:57 | INFO | Log saved to /orcd/home/002/phevosp/MPLE-Causal-Inference/experiments/HybridExperiments_r1_v2/r1_hybrid_us_county_intervention_uscounty_graph_kernel_confounding/cv_runs/alternating_uv_grid/candidates/alternating_uv_grid_candidate_0006/fold_4/mple.log
