2026-04-07 11:38:08 | INFO | Loading data...
2026-04-07 11:38:08 | INFO | Loaded 6 field templates and 1 interaction templates.
2026-04-07 11:38:08 | INFO | Intervention-process model enabled: True
2026-04-07 11:38:08 | INFO | Tau zero-mean enabled: True
2026-04-07 11:38:08 | INFO | Tau smoothness lambda: 1.000000
2026-04-07 11:38:08 | INFO | Running conditional-model MPLE on x with shape=(68, 3203)
2026-04-07 11:38:08 | INFO | Eval 0  |  Loss: 0.736614
2026-04-07 11:38:08 | INFO |   field::log_population: +0.0126,  field::median_household_income: -0.0132,  field::poverty_rate: +0.0640,  field::pct_black: +0.0105,  field::pct_hispanic: -0.0536,  field::pct_in_labor_force: +0.0362,  tau block: mean=-0.0000, std=0.0967, min=-0.2417, max=+0.1869,  beta: +0.1822,  interaction::contiguity: -0.1320,  eta: -0.0662,  zeta: +0.0935,  psi: +0.0049
2026-04-07 11:38:12 | INFO | Done fitting.
2026-04-07 11:38:12 | INFO | Optimizer status: CONVERGENCE: RELATIVE REDUCTION OF F <= FACTR*EPSMCH
2026-04-07 11:38:12 | INFO | Final Loss: 0.157015
2026-04-07 11:38:12 | INFO | Estimated Parameters:
2026-04-07 11:38:12 | INFO |   field::log_population: 0.1721
2026-04-07 11:38:12 | INFO |   field::median_household_income: -0.2852
2026-04-07 11:38:12 | INFO |   field::poverty_rate: -0.0512
2026-04-07 11:38:12 | INFO |   field::pct_black: -0.2064
2026-04-07 11:38:12 | INFO |   field::pct_hispanic: -0.1021
2026-04-07 11:38:12 | INFO |   field::pct_in_labor_force: 0.0866
2026-04-07 11:38:12 | INFO |   tau::t_0: -0.1888
2026-04-07 11:38:12 | INFO |   tau::t_1: -0.2213
2026-04-07 11:38:12 | INFO |   tau::t_2: -0.2363
2026-04-07 11:38:12 | INFO |   tau::t_3: -0.3551
2026-04-07 11:38:12 | INFO |   tau::t_4: 0.0144
2026-04-07 11:38:12 | INFO |   tau::t_5: -0.1966
2026-04-07 11:38:12 | INFO |   tau::t_6: -0.0270
2026-04-07 11:38:12 | INFO |   tau::t_7: -0.0926
2026-04-07 11:38:12 | INFO |   tau::t_8: -0.0256
2026-04-07 11:38:12 | INFO |   tau::t_9: -0.1121
2026-04-07 11:38:12 | INFO |   tau::t_10: -0.0260
2026-04-07 11:38:12 | INFO |   tau::t_11: -0.0859
2026-04-07 11:38:12 | INFO |   tau::t_12: -0.2334
2026-04-07 11:38:12 | INFO |   tau::t_13: -0.2263
2026-04-07 11:38:12 | INFO |   tau::t_14: -0.3042
2026-04-07 11:38:12 | INFO |   tau::t_15: -0.3198
2026-04-07 11:38:12 | INFO |   tau::t_16: -0.4519
2026-04-07 11:38:12 | INFO |   tau::t_17: -0.3264
2026-04-07 11:38:12 | INFO |   tau::t_18: -0.6069
2026-04-07 11:38:12 | INFO |   tau::t_19: -0.3904
2026-04-07 11:38:12 | INFO |   tau::t_20: -0.5338
2026-04-07 11:38:12 | INFO |   tau::t_21: -0.4545
2026-04-07 11:38:12 | INFO |   tau::t_22: -0.4563
2026-04-07 11:38:12 | INFO |   tau::t_23: -0.2278
2026-04-07 11:38:12 | INFO |   tau::t_24: -0.1276
2026-04-07 11:38:12 | INFO |   tau::t_25: 0.1028
2026-04-07 11:38:12 | INFO |   tau::t_26: 0.2623
2026-04-07 11:38:12 | INFO |   tau::t_27: 0.2543
2026-04-07 11:38:12 | INFO |   tau::t_28: 0.2818
2026-04-07 11:38:12 | INFO |   tau::t_29: 0.2521
2026-04-07 11:38:12 | INFO |   tau::t_30: 0.2390
2026-04-07 11:38:12 | INFO |   tau::t_31: 0.2134
2026-04-07 11:38:12 | INFO |   tau::t_32: 0.0552
2026-04-07 11:38:12 | INFO |   tau::t_33: 0.1953
2026-04-07 11:38:12 | INFO |   tau::t_34: -0.0458
2026-04-07 11:38:12 | INFO |   tau::t_35: -0.1001
2026-04-07 11:38:12 | INFO |   tau::t_36: -0.1094
2026-04-07 11:38:12 | INFO |   tau::t_37: -0.1527
2026-04-07 11:38:12 | INFO |   tau::t_38: -0.1729
2026-04-07 11:38:12 | INFO |   tau::t_39: 0.0055
2026-04-07 11:38:12 | INFO |   tau::t_40: -0.0147
2026-04-07 11:38:12 | INFO |   tau::t_41: 0.0756
2026-04-07 11:38:12 | INFO |   tau::t_42: 0.1104
2026-04-07 11:38:12 | INFO |   tau::t_43: -0.2907
2026-04-07 11:38:12 | INFO |   tau::t_44: 0.3800
2026-04-07 11:38:12 | INFO |   tau::t_45: 0.0245
2026-04-07 11:38:12 | INFO |   tau::t_46: -0.0142
2026-04-07 11:38:12 | INFO |   tau::t_47: 0.0001
2026-04-07 11:38:12 | INFO |   tau::t_48: 0.5402
2026-04-07 11:38:12 | INFO |   tau::t_49: 0.9096
2026-04-07 11:38:12 | INFO |   tau::t_50: 1.1254
2026-04-07 11:38:12 | INFO |   tau::t_51: 1.9669
2026-04-07 11:38:12 | INFO |   tau::t_52: 1.9694
2026-04-07 11:38:12 | INFO |   tau::t_53: 0.4331
2026-04-07 11:38:12 | INFO |   tau::t_54: -0.1876
2026-04-07 11:38:12 | INFO |   tau::t_55: -0.3258
2026-04-07 11:38:12 | INFO |   tau::t_56: -0.3725
2026-04-07 11:38:12 | INFO |   tau::t_57: -0.1671
2026-04-07 11:38:12 | INFO |   tau::t_58: -0.1684
2026-04-07 11:38:12 | INFO |   tau::t_59: -0.1599
2026-04-07 11:38:12 | INFO |   tau::t_60: -0.2634
2026-04-07 11:38:12 | INFO |   tau::t_61: -0.3000
2026-04-07 11:38:12 | INFO |   tau::t_62: -0.2479
2026-04-07 11:38:12 | INFO |   tau::t_63: -0.1168
2026-04-07 11:38:12 | INFO |   tau::t_64: -0.0052
2026-04-07 11:38:12 | INFO |   tau::t_65: -0.0792
2026-04-07 11:38:12 | INFO |   tau::t_66: 0.0651
2026-04-07 11:38:12 | INFO |   tau::t_67: 0.0440
2026-04-07 11:38:12 | INFO |   beta: -0.0324
2026-04-07 11:38:12 | INFO |   interaction::contiguity: 2.6451
2026-04-07 11:38:12 | INFO |   eta: 0.5492
2026-04-07 11:38:12 | INFO |   zeta: -0.1805
2026-04-07 11:38:12 | INFO |   psi: 2.1327
2026-04-07 11:38:12 | INFO | Saved summary tables to C:\Users\phevo\Documents\MIT\Code\MPLE-Causal-Inference\experiments\USCountyVaccination_US_tau_zero_mean_smooth\outcome_case_rate_100k_ge_200__intervention_complete_cov_ge_30__lag_2w__contiguity\mple_summary.csv and C:\Users\phevo\Documents\MIT\Code\MPLE-Causal-Inference\experiments\USCountyVaccination_US_tau_zero_mean_smooth\outcome_case_rate_100k_ge_200__intervention_complete_cov_ge_30__lag_2w__contiguity\mple_summary.md
2026-04-07 11:38:12 | INFO | Log saved to C:\Users\phevo\Documents\MIT\Code\MPLE-Causal-Inference\experiments\USCountyVaccination_US_tau_zero_mean_smooth\outcome_case_rate_100k_ge_200__intervention_complete_cov_ge_30__lag_2w__contiguity\mple.log
