2026-04-07 13:35:36 | INFO | Loading data...
2026-04-07 13:35:36 | INFO | Loaded 6 field templates and 1 interaction templates.
2026-04-07 13:35:36 | INFO | Intervention-process model enabled: True
2026-04-07 13:35:36 | INFO | Tau zero-mean enabled: True
2026-04-07 13:35:36 | INFO | Tau smoothness lambda: 0.000000
2026-04-07 13:35:36 | INFO | Running conditional-model MPLE on x with shape=(67, 3203)
2026-04-07 13:35:36 | INFO | Eval 0  |  Loss: 0.687749
2026-04-07 13:35:36 | INFO |   field::log_population: +0.0126,  field::median_household_income: -0.0132,  field::poverty_rate: +0.0640,  field::pct_black: +0.0105,  field::pct_hispanic: -0.0536,  field::pct_in_labor_force: +0.0362,  tau block: mean=-0.0000, std=0.0970, min=-0.2427, max=+0.1858,  beta: -0.0618,  interaction::contiguity: +0.1822,  eta: -0.1320,  zeta: -0.0662,  psi: +0.0935
2026-04-07 13:35:38 | INFO | Done fitting.
2026-04-07 13:35:38 | INFO | Optimizer status: CONVERGENCE: RELATIVE REDUCTION OF F <= FACTR*EPSMCH
2026-04-07 13:35:38 | INFO | Final Loss: 0.279598
2026-04-07 13:35:38 | INFO | Estimated Parameters:
2026-04-07 13:35:38 | INFO |   field::log_population: 0.8623
2026-04-07 13:35:38 | INFO |   field::median_household_income: -1.2916
2026-04-07 13:35:38 | INFO |   field::poverty_rate: -0.7075
2026-04-07 13:35:38 | INFO |   field::pct_black: -0.0726
2026-04-07 13:35:38 | INFO |   field::pct_hispanic: -0.3585
2026-04-07 13:35:38 | INFO |   field::pct_in_labor_force: 0.0201
2026-04-07 13:35:38 | INFO |   tau::t_0: 0.2396
2026-04-07 13:35:38 | INFO |   tau::t_1: 0.1741
2026-04-07 13:35:38 | INFO |   tau::t_2: 0.0793
2026-04-07 13:35:38 | INFO |   tau::t_3: 0.1511
2026-04-07 13:35:38 | INFO |   tau::t_4: 0.1018
2026-04-07 13:35:38 | INFO |   tau::t_5: 0.0328
2026-04-07 13:35:38 | INFO |   tau::t_6: -0.0255
2026-04-07 13:35:38 | INFO |   tau::t_7: -0.0273
2026-04-07 13:35:38 | INFO |   tau::t_8: -0.0628
2026-04-07 13:35:38 | INFO |   tau::t_9: -0.0359
2026-04-07 13:35:38 | INFO |   tau::t_10: -0.0286
2026-04-07 13:35:38 | INFO |   tau::t_11: -0.0809
2026-04-07 13:35:38 | INFO |   tau::t_12: -0.0912
2026-04-07 13:35:38 | INFO |   tau::t_13: -0.0782
2026-04-07 13:35:38 | INFO |   tau::t_14: -0.1013
2026-04-07 13:35:38 | INFO |   tau::t_15: -0.1143
2026-04-07 13:35:38 | INFO |   tau::t_16: -0.0371
2026-04-07 13:35:38 | INFO |   tau::t_17: -0.1914
2026-04-07 13:35:38 | INFO |   tau::t_18: -0.1456
2026-04-07 13:35:38 | INFO |   tau::t_19: -0.2571
2026-04-07 13:35:38 | INFO |   tau::t_20: -0.2580
2026-04-07 13:35:38 | INFO |   tau::t_21: -0.2795
2026-04-07 13:35:38 | INFO |   tau::t_22: -0.3427
2026-04-07 13:35:38 | INFO |   tau::t_23: -0.2471
2026-04-07 13:35:38 | INFO |   tau::t_24: -0.2420
2026-04-07 13:35:38 | INFO |   tau::t_25: -0.2031
2026-04-07 13:35:38 | INFO |   tau::t_26: -0.0940
2026-04-07 13:35:38 | INFO |   tau::t_27: -0.0270
2026-04-07 13:35:38 | INFO |   tau::t_28: 0.0311
2026-04-07 13:35:38 | INFO |   tau::t_29: 0.0729
2026-04-07 13:35:38 | INFO |   tau::t_30: 0.0838
2026-04-07 13:35:38 | INFO |   tau::t_31: 0.1072
2026-04-07 13:35:38 | INFO |   tau::t_32: 0.2026
2026-04-07 13:35:38 | INFO |   tau::t_33: 0.1887
2026-04-07 13:35:38 | INFO |   tau::t_34: 0.2013
2026-04-07 13:35:38 | INFO |   tau::t_35: 0.1481
2026-04-07 13:35:38 | INFO |   tau::t_36: 0.1447
2026-04-07 13:35:38 | INFO |   tau::t_37: 0.1557
2026-04-07 13:35:38 | INFO |   tau::t_38: 0.1322
2026-04-07 13:35:38 | INFO |   tau::t_39: 0.0714
2026-04-07 13:35:38 | INFO |   tau::t_40: 0.0758
2026-04-07 13:35:38 | INFO |   tau::t_41: 0.0889
2026-04-07 13:35:38 | INFO |   tau::t_42: -0.0659
2026-04-07 13:35:38 | INFO |   tau::t_43: 0.1702
2026-04-07 13:35:38 | INFO |   tau::t_44: 0.0928
2026-04-07 13:35:38 | INFO |   tau::t_45: 0.0867
2026-04-07 13:35:38 | INFO |   tau::t_46: 0.0400
2026-04-07 13:35:38 | INFO |   tau::t_47: 0.0666
2026-04-07 13:35:38 | INFO |   tau::t_48: 0.1440
2026-04-07 13:35:38 | INFO |   tau::t_49: 0.1340
2026-04-07 13:35:38 | INFO |   tau::t_50: 0.1493
2026-04-07 13:35:38 | INFO |   tau::t_51: 0.2118
2026-04-07 13:35:38 | INFO |   tau::t_52: 0.2489
2026-04-07 13:35:38 | INFO |   tau::t_53: 0.2304
2026-04-07 13:35:38 | INFO |   tau::t_54: 0.2053
2026-04-07 13:35:38 | INFO |   tau::t_55: 0.1378
2026-04-07 13:35:38 | INFO |   tau::t_56: 0.0933
2026-04-07 13:35:38 | INFO |   tau::t_57: 0.0231
2026-04-07 13:35:38 | INFO |   tau::t_58: 0.0143
2026-04-07 13:35:38 | INFO |   tau::t_59: -0.0609
2026-04-07 13:35:38 | INFO |   tau::t_60: -0.1135
2026-04-07 13:35:38 | INFO |   tau::t_61: -0.1878
2026-04-07 13:35:38 | INFO |   tau::t_62: -0.1516
2026-04-07 13:35:38 | INFO |   tau::t_63: -0.2570
2026-04-07 13:35:38 | INFO |   tau::t_64: -0.2524
2026-04-07 13:35:38 | INFO |   tau::t_65: -0.1325
2026-04-07 13:35:38 | INFO |   tau::t_66: -0.3389
2026-04-07 13:35:38 | INFO |   beta: 0.1076
2026-04-07 13:35:38 | INFO |   interaction::contiguity: 1.5571
2026-04-07 13:35:38 | INFO |   eta: 0.2411
2026-04-07 13:35:38 | INFO |   zeta: -0.0346
2026-04-07 13:35:38 | INFO |   psi: 2.7110
2026-04-07 13:35:38 | INFO | Saved summary tables to C:\Users\phevo\Documents\MIT\Code\MPLE-Causal-Inference\experiments\USCountyVaccination_US\USCountyVaccination_US_tau_zero_mean\outcome_death_rate_100k_ge_2__intervention_complete_cov_ge_60__lag_3w__contiguity\mple_summary.csv and C:\Users\phevo\Documents\MIT\Code\MPLE-Causal-Inference\experiments\USCountyVaccination_US\USCountyVaccination_US_tau_zero_mean\outcome_death_rate_100k_ge_2__intervention_complete_cov_ge_60__lag_3w__contiguity\mple_summary.md
2026-04-07 13:35:38 | INFO | Log saved to C:\Users\phevo\Documents\MIT\Code\MPLE-Causal-Inference\experiments\USCountyVaccination_US\USCountyVaccination_US_tau_zero_mean\outcome_death_rate_100k_ge_2__intervention_complete_cov_ge_60__lag_3w__contiguity\mple.log
