2026-04-29 17:09:15 | INFO | Loading data...
2026-04-29 17:09:15 | INFO | Using panel artifact: /orcd/home/002/phevosp/MPLE-Causal-Inference/experiments/SyntheticHybridExperiments/hybrid_us_county_intervention_uscounty_graph_confounding_weak/panel_data.npz
2026-04-29 17:09:15 | INFO | Using x_0 artifact: /orcd/home/002/phevosp/MPLE-Causal-Inference/experiments/SyntheticHybridExperiments/hybrid_us_county_intervention_uscounty_graph_confounding_weak/x_0.npy
2026-04-29 17:09:15 | INFO | Using fit config: /orcd/home/002/phevosp/MPLE-Causal-Inference/experiments/SyntheticHybridExperiments/hybrid_us_county_intervention_uscounty_graph_confounding_weak/fits/alternating_rank_3_uv_1_e3_xi_zero/fit_realized_config.yaml
2026-04-29 17:09:15 | INFO | Using model artifact directory: /orcd/home/002/phevosp/MPLE-Causal-Inference/experiments/SyntheticHybridExperiments/hybrid_us_county_intervention_uscounty_graph_confounding_weak
2026-04-29 17:09:15 | INFO | Using truth artifact directory: /orcd/home/002/phevosp/MPLE-Causal-Inference/experiments/SyntheticHybridExperiments/hybrid_us_county_intervention_uscounty_graph_confounding_weak
2026-04-29 17:09:15 | INFO | Configured optimizer mode: alternating_latent_rank
2026-04-29 17:09:15 | INFO | Configured latent rank: 3
2026-04-29 17:09:15 | INFO | Using a fixed known graph with scalar xi.
2026-04-29 17:09:15 | INFO | Fit-time hard bounds active: False
2026-04-29 17:09:15 | INFO | Fixed scalar parameters: {'xi': 0.0}
2026-04-29 17:09:15 | INFO | Warm-start fixed scalars: {} for 0 steps
2026-04-29 17:09:15 | INFO | Beta mask before s: False with s=55
2026-04-29 17:09:15 | INFO | Beta mask after e: False with e=120
2026-04-29 17:09:15 | INFO | Alternating V-column L2-ball constraint active with radius 1.0
2026-04-29 17:09:15 | INFO | Optimizer settings: steps=20000, tol=1e-09, n_starts=1, seed=0, lambda_nuclear=0.0, lambda_frobenius=0.0, lambda_uv_ridge=0.001, v_column_l2_max=1.0, proximal_lr=1.0
2026-04-29 17:09:15 | INFO | Alternating low-rank start 1/1 | seed=0 | initial_loss=0.682880 | initial_penalized=0.682880
2026-04-29 17:09:16 | INFO | Alternating low-rank iter 0 | Loss: 0.594906 | Penalized: 0.594936
2026-04-29 17:09:28 | INFO | Alternating low-rank iter 100 | Loss: 0.583162 | Penalized: 0.583967
2026-04-29 17:09:42 | INFO | Alternating low-rank iter 200 | Loss: 0.582223 | Penalized: 0.583542
2026-04-29 17:09:57 | INFO | Alternating low-rank iter 300 | Loss: 0.581998 | Penalized: 0.583470
2026-04-29 17:10:12 | INFO | Alternating low-rank iter 400 | Loss: 0.581910 | Penalized: 0.583435
2026-04-29 17:10:26 | INFO | Alternating low-rank iter 500 | Loss: 0.581870 | Penalized: 0.583416
2026-04-29 17:10:41 | INFO | Alternating low-rank iter 600 | Loss: 0.581850 | Penalized: 0.583405
2026-04-29 17:10:56 | INFO | Alternating low-rank iter 700 | Loss: 0.581839 | Penalized: 0.583399
2026-04-29 17:11:10 | INFO | Alternating low-rank iter 800 | Loss: 0.581834 | Penalized: 0.583396
2026-04-29 17:11:25 | INFO | Alternating low-rank iter 900 | Loss: 0.581830 | Penalized: 0.583395
2026-04-29 17:11:40 | INFO | Alternating low-rank iter 1000 | Loss: 0.581828 | Penalized: 0.583394
2026-04-29 17:11:54 | INFO | Alternating low-rank iter 1100 | Loss: 0.581827 | Penalized: 0.583393
2026-04-29 17:12:09 | INFO | Alternating low-rank iter 1200 | Loss: 0.581826 | Penalized: 0.583393
2026-04-29 17:12:24 | INFO | Alternating low-rank iter 1300 | Loss: 0.581825 | Penalized: 0.583392
2026-04-29 17:12:39 | INFO | Alternating low-rank iter 1400 | Loss: 0.581824 | Penalized: 0.583392
2026-04-29 17:12:53 | INFO | Alternating low-rank iter 1500 | Loss: 0.581824 | Penalized: 0.583392
2026-04-29 17:13:08 | INFO | Alternating low-rank iter 1600 | Loss: 0.581824 | Penalized: 0.583392
2026-04-29 17:13:22 | INFO | Alternating low-rank iter 1700 | Loss: 0.581824 | Penalized: 0.583392
2026-04-29 17:13:29 | INFO | Done fitting.
2026-04-29 17:13:29 | INFO | Optimizer status: CONVERGED: alternating objective tolerance reached
2026-04-29 17:13:29 | INFO | Best optimizer start: 1 / 1
2026-04-29 17:13:29 | INFO | Final Loss: 0.581823
2026-04-29 17:13:29 | INFO | Estimated vs True Parameters:
2026-04-29 17:13:29 | INFO |   beta: -0.2421 (True: -0.3000) | SQE: 0.003349
2026-04-29 17:13:29 | INFO |   xi: 0.0000 (True: 0.8000) | SQE: 0.640000
2026-04-29 17:13:29 | INFO |   eta: 0.3088 (True: 0.3000) | SQE: 0.000077
2026-04-29 17:13:29 | INFO | Alternating low-rank optimizer diagnostics:
2026-04-29 17:13:29 | INFO |   penalized_objective: 0.583392
2026-04-29 17:13:29 | INFO |   mple_loss_without_penalty: 0.581823
2026-04-29 17:13:29 | INFO |   lambda_uv_ridge: 0.001000
2026-04-29 17:13:29 | INFO |   u_frobenius_norm: 753.153581
2026-04-29 17:13:29 | INFO |   v_frobenius_norm: 1.732051
2026-04-29 17:13:29 | INFO |   effective_rank: 3.000000
2026-04-29 17:13:29 | INFO | Field and interaction diagnostics:
2026-04-29 17:13:29 | INFO |   field_rmse: 1.276941
2026-04-29 17:13:29 | INFO |   interaction_fro_error: 7.565334
2026-04-29 17:13:29 | INFO |   estimated_field_max_abs_entry: 43.915952
2026-04-29 17:13:29 | INFO |   estimated_field_rank: 3.000000
2026-04-29 17:13:29 | INFO |   true_field_max_abs_entry: 0.183816
2026-04-29 17:13:29 | INFO |   true_field_rank: 3.000000
2026-04-29 17:13:29 | INFO | Saved summary table to /orcd/home/002/phevosp/MPLE-Causal-Inference/experiments/SyntheticHybridExperiments/hybrid_us_county_intervention_uscounty_graph_confounding_weak/fits/alternating_rank_3_uv_1_e3_xi_zero/mple_summary.csv
2026-04-29 17:13:29 | INFO | Log saved to /orcd/home/002/phevosp/MPLE-Causal-Inference/experiments/SyntheticHybridExperiments/hybrid_us_county_intervention_uscounty_graph_confounding_weak/fits/alternating_rank_3_uv_1_e3_xi_zero/mple.log
