2026-04-08 11:48:10 | INFO | Loading data...
2026-04-08 11:48:10 | INFO | Loaded 6 field templates and 1 interaction templates.
2026-04-08 11:48:10 | INFO | Intervention-process model enabled: True
2026-04-08 11:48:10 | INFO | Tau zero-mean enabled: False
2026-04-08 11:48:10 | INFO | Tau smoothness lambda: 0.000000
2026-04-08 11:48:10 | INFO | Running conditional-model MPLE on x with shape=(66, 3203)
2026-04-08 11:48:10 | INFO | Eval 0  |  Loss: 0.679374
2026-04-08 11:48:10 | INFO |   field::population_density: +0.0126,  field::senior_population: -0.0132,  field::college_education: +0.0640,  field::poverty_rate: +0.0105,  field::log_population: -0.0536,  field::median_household_income: +0.0362,  tau block: mean=+0.0089, std=0.0971, min=-0.2325, max=+0.1960,  beta: +0.1004,  interaction::contiguity: -0.0618,  eta: +0.1822,  zeta: -0.1320,  psi: -0.0662
2026-04-08 11:48:14 | INFO | Done fitting.
2026-04-08 11:48:14 | INFO | Optimizer status: CONVERGENCE: RELATIVE REDUCTION OF F <= FACTR*EPSMCH
2026-04-08 11:48:14 | INFO | Final Loss: 0.153524
2026-04-08 11:48:14 | INFO | Estimated Parameters:
2026-04-08 11:48:14 | INFO |   field::population_density: -0.3973
2026-04-08 11:48:14 | INFO |   field::senior_population: -0.1969
2026-04-08 11:48:14 | INFO |   field::college_education: -0.2741
2026-04-08 11:48:14 | INFO |   field::poverty_rate: -0.1996
2026-04-08 11:48:14 | INFO |   field::log_population: 0.1425
2026-04-08 11:48:14 | INFO |   field::median_household_income: -0.0586
2026-04-08 11:48:14 | INFO |   tau::t_0: -0.2133
2026-04-08 11:48:14 | INFO |   tau::t_1: -0.3410
2026-04-08 11:48:14 | INFO |   tau::t_2: 0.0308
2026-04-08 11:48:14 | INFO |   tau::t_3: -0.1922
2026-04-08 11:48:14 | INFO |   tau::t_4: -0.0098
2026-04-08 11:48:14 | INFO |   tau::t_5: -0.0784
2026-04-08 11:48:14 | INFO |   tau::t_6: -0.0075
2026-04-08 11:48:14 | INFO |   tau::t_7: -0.0947
2026-04-08 11:48:14 | INFO |   tau::t_8: -0.0062
2026-04-08 11:48:14 | INFO |   tau::t_9: -0.0684
2026-04-08 11:48:14 | INFO |   tau::t_10: -0.2209
2026-04-08 11:48:14 | INFO |   tau::t_11: -0.2235
2026-04-08 11:48:14 | INFO |   tau::t_12: -0.3269
2026-04-08 11:48:14 | INFO |   tau::t_13: -0.3662
2026-04-08 11:48:14 | INFO |   tau::t_14: -0.5366
2026-04-08 11:48:14 | INFO |   tau::t_15: -0.3919
2026-04-08 11:48:14 | INFO |   tau::t_16: -0.7767
2026-04-08 11:48:14 | INFO |   tau::t_17: -0.4865
2026-04-08 11:48:14 | INFO |   tau::t_18: -0.6693
2026-04-08 11:48:14 | INFO |   tau::t_19: -0.5641
2026-04-08 11:48:14 | INFO |   tau::t_20: -0.5642
2026-04-08 11:48:14 | INFO |   tau::t_21: -0.2968
2026-04-08 11:48:14 | INFO |   tau::t_22: -0.1882
2026-04-08 11:48:14 | INFO |   tau::t_23: 0.0549
2026-04-08 11:48:14 | INFO |   tau::t_24: 0.2217
2026-04-08 11:48:14 | INFO |   tau::t_25: 0.2154
2026-04-08 11:48:14 | INFO |   tau::t_26: 0.2452
2026-04-08 11:48:14 | INFO |   tau::t_27: 0.2160
2026-04-08 11:48:14 | INFO |   tau::t_28: 0.2018
2026-04-08 11:48:14 | INFO |   tau::t_29: 0.1747
2026-04-08 11:48:14 | INFO |   tau::t_30: 0.0130
2026-04-08 11:48:14 | INFO |   tau::t_31: 0.1502
2026-04-08 11:48:14 | INFO |   tau::t_32: -0.0881
2026-04-08 11:48:14 | INFO |   tau::t_33: -0.1450
2026-04-08 11:48:14 | INFO |   tau::t_34: -0.1532
2026-04-08 11:48:14 | INFO |   tau::t_35: -0.1971
2026-04-08 11:48:14 | INFO |   tau::t_36: -0.2183
2026-04-08 11:48:14 | INFO |   tau::t_37: -0.0420
2026-04-08 11:48:14 | INFO |   tau::t_38: -0.0678
2026-04-08 11:48:14 | INFO |   tau::t_39: 0.0212
2026-04-08 11:48:14 | INFO |   tau::t_40: 0.0543
2026-04-08 11:48:14 | INFO |   tau::t_41: -0.3369
2026-04-08 11:48:14 | INFO |   tau::t_42: 0.3196
2026-04-08 11:48:14 | INFO |   tau::t_43: -0.0389
2026-04-08 11:48:14 | INFO |   tau::t_44: -0.0737
2026-04-08 11:48:14 | INFO |   tau::t_45: -0.0540
2026-04-08 11:48:14 | INFO |   tau::t_46: 0.4700
2026-04-08 11:48:14 | INFO |   tau::t_47: 0.7893
2026-04-08 11:48:14 | INFO |   tau::t_48: 0.8587
2026-04-08 11:48:14 | INFO |   tau::t_49: 1.1759
2026-04-08 11:48:14 | INFO |   tau::t_50: 1.1662
2026-04-08 11:48:14 | INFO |   tau::t_51: 0.3172
2026-04-08 11:48:14 | INFO |   tau::t_52: -0.2433
2026-04-08 11:48:14 | INFO |   tau::t_53: -0.3823
2026-04-08 11:48:14 | INFO |   tau::t_54: -0.4304
2026-04-08 11:48:14 | INFO |   tau::t_55: -0.2317
2026-04-08 11:48:14 | INFO |   tau::t_56: -0.2396
2026-04-08 11:48:14 | INFO |   tau::t_57: -0.2475
2026-04-08 11:48:14 | INFO |   tau::t_58: -0.3660
2026-04-08 11:48:14 | INFO |   tau::t_59: -0.4102
2026-04-08 11:48:14 | INFO |   tau::t_60: -0.3553
2026-04-08 11:48:14 | INFO |   tau::t_61: -0.2007
2026-04-08 11:48:14 | INFO |   tau::t_62: -0.0802
2026-04-08 11:48:14 | INFO |   tau::t_63: -0.1547
2026-04-08 11:48:14 | INFO |   tau::t_64: -0.0039
2026-04-08 11:48:14 | INFO |   tau::t_65: -0.0194
2026-04-08 11:48:14 | INFO |   beta: 0.0128
2026-04-08 11:48:14 | INFO |   interaction::contiguity: 2.6488
2026-04-08 11:48:14 | INFO |   eta: 0.5449
2026-04-08 11:48:14 | INFO |   zeta: -0.4530
2026-04-08 11:48:14 | INFO |   psi: 2.2490
2026-04-08 11:48:14 | INFO | Saved summary tables to C:\Users\phevo\Documents\MIT\Code\MPLE-Causal-Inference\experiments\USCountyVaccination_US_features_new\outcome_case_rate_100k_ge_200__intervention_complete_cov_ge_20__lag_4w__contiguity\mple_summary.csv and C:\Users\phevo\Documents\MIT\Code\MPLE-Causal-Inference\experiments\USCountyVaccination_US_features_new\outcome_case_rate_100k_ge_200__intervention_complete_cov_ge_20__lag_4w__contiguity\mple_summary.md
2026-04-08 11:48:14 | INFO | Log saved to C:\Users\phevo\Documents\MIT\Code\MPLE-Causal-Inference\experiments\USCountyVaccination_US_features_new\outcome_case_rate_100k_ge_200__intervention_complete_cov_ge_20__lag_4w__contiguity\mple.log
