2026-05-02 15:27:48 | INFO | Loading data...
2026-05-02 15:27:48 | INFO | Using panel artifact: /orcd/home/002/phevosp/MPLE-Causal-Inference/experiments/HybridExperiments_r1/r1_hybrid_us_county_intervention_uscounty_graph_kernel_confounding/panel_data.npz
2026-05-02 15:27:48 | INFO | Using x_0 artifact: /orcd/home/002/phevosp/MPLE-Causal-Inference/experiments/HybridExperiments_r1/r1_hybrid_us_county_intervention_uscounty_graph_kernel_confounding/x_0.npy
2026-05-02 15:27:48 | INFO | Using fit config: /orcd/home/002/phevosp/MPLE-Causal-Inference/experiments/HybridExperiments_r1/r1_hybrid_us_county_intervention_uscounty_graph_kernel_confounding/cv_runs/alternating_uv_grid/candidates/alternating_uv_grid_candidate_0005/fold_4/fit_realized_config.yaml
2026-05-02 15:27:48 | INFO | Using model artifact directory: /orcd/home/002/phevosp/MPLE-Causal-Inference/experiments/HybridExperiments_r1/r1_hybrid_us_county_intervention_uscounty_graph_kernel_confounding
2026-05-02 15:27:48 | INFO | Using truth artifact directory: /orcd/home/002/phevosp/MPLE-Causal-Inference/experiments/HybridExperiments_r1/r1_hybrid_us_county_intervention_uscounty_graph_kernel_confounding
2026-05-02 15:27:48 | INFO | Using loss mask artifact: /orcd/home/002/phevosp/MPLE-Causal-Inference/experiments/HybridExperiments_r1/r1_hybrid_us_county_intervention_uscounty_graph_kernel_confounding/cv_runs/alternating_uv_grid/candidates/alternating_uv_grid_candidate_0005/fold_4/loss_mask.npy
2026-05-02 15:27:48 | INFO | Configured optimizer mode: alternating_latent_rank
2026-05-02 15:27:48 | INFO | Configured latent rank: 1
2026-05-02 15:27:48 | INFO | Using a fixed known graph with scalar xi.
2026-05-02 15:27:48 | INFO | Fit-time hard bounds active: False
2026-05-02 15:27:48 | INFO | Fixed scalar parameters: {}
2026-05-02 15:27:48 | INFO | Warm-start fixed scalars: {} for 0 steps
2026-05-02 15:27:48 | INFO | Beta mask before s: True with s=50
2026-05-02 15:27:48 | INFO | Beta mask after e: True with e=109
2026-05-02 15:27:48 | INFO | Alternating V-column L2-ball constraint active with radius 1.0
2026-05-02 15:27:48 | INFO | Optimizer settings: steps=2000, tol=1e-07, n_starts=1, seed=0, lambda_nuclear=0.0, lambda_frobenius=0.0, lambda_uv_ridge=0.05, v_column_l2_max=1.0, proximal_lr=1.0
2026-05-02 15:27:49 | INFO | Alternating low-rank start 1/1 | seed=0 | initial_loss=0.694106 | initial_penalized=0.694106
2026-05-02 15:27:49 | INFO | Alternating low-rank iter 0 | Loss: 0.528556 | Penalized: 0.532410
2026-05-02 15:27:55 | INFO | Alternating low-rank iter 100 | Loss: 0.507959 | Penalized: 0.510818
2026-05-02 15:27:59 | INFO | Done fitting.
2026-05-02 15:27:59 | INFO | Optimizer status: CONVERGED: alternating objective tolerance reached
2026-05-02 15:27:59 | INFO | Best optimizer start: 1 / 1
2026-05-02 15:27:59 | INFO | Final Loss: 0.508117
2026-05-02 15:27:59 | INFO | Estimated vs True Parameters:
2026-05-02 15:27:59 | INFO |   beta: -0.1112 (True: -0.3000) | SQE: 0.035629
2026-05-02 15:27:59 | INFO |   xi: 1.0473 (True: 0.8000) | SQE: 0.061178
2026-05-02 15:27:59 | INFO |   eta: 0.3011 (True: 0.3000) | SQE: 0.000001
2026-05-02 15:27:59 | INFO | Alternating low-rank optimizer diagnostics:
2026-05-02 15:27:59 | INFO |   penalized_objective: 0.510768
2026-05-02 15:27:59 | INFO |   mple_loss_without_penalty: 0.508117
2026-05-02 15:27:59 | INFO |   lambda_uv_ridge: 0.050000
2026-05-02 15:27:59 | INFO |   u_frobenius_norm: 123.473421
2026-05-02 15:27:59 | INFO |   v_frobenius_norm: 1.000000
2026-05-02 15:27:59 | INFO |   effective_rank: 1.000000
2026-05-02 15:27:59 | INFO | Field and interaction diagnostics:
2026-05-02 15:27:59 | INFO |   field_rmse: 0.345776
2026-05-02 15:27:59 | INFO |   interaction_fro_error: 2.736628
2026-05-02 15:27:59 | INFO |   estimated_field_max_abs_entry: 0.943689
2026-05-02 15:27:59 | INFO |   estimated_field_rank: 1.000000
2026-05-02 15:27:59 | INFO |   true_field_max_abs_entry: 0.578902
2026-05-02 15:27:59 | INFO |   true_field_rank: 1.000000
2026-05-02 15:28:00 | INFO | Saved summary table to /orcd/home/002/phevosp/MPLE-Causal-Inference/experiments/HybridExperiments_r1/r1_hybrid_us_county_intervention_uscounty_graph_kernel_confounding/cv_runs/alternating_uv_grid/candidates/alternating_uv_grid_candidate_0005/fold_4/mple_summary.csv
2026-05-02 15:28:00 | INFO | Log saved to /orcd/home/002/phevosp/MPLE-Causal-Inference/experiments/HybridExperiments_r1/r1_hybrid_us_county_intervention_uscounty_graph_kernel_confounding/cv_runs/alternating_uv_grid/candidates/alternating_uv_grid_candidate_0005/fold_4/mple.log
