2026-05-01 08:33:21 | INFO | Loading data...
2026-05-01 08:33:21 | INFO | Using panel artifact: /orcd/home/002/phevosp/MPLE-Causal-Inference/experiments/SyntheticHybridExperiments/confounding_weak/panel_data.npz
2026-05-01 08:33:21 | INFO | Using x_0 artifact: /orcd/home/002/phevosp/MPLE-Causal-Inference/experiments/SyntheticHybridExperiments/confounding_weak/x_0.npy
2026-05-01 08:33:21 | INFO | Using fit config: /orcd/home/002/phevosp/MPLE-Causal-Inference/experiments/SyntheticHybridExperiments/confounding_weak/cv_runs/alternating_uv_grid/candidates/alternating_uv_grid_candidate_0003/fold_2/fit_realized_config.yaml
2026-05-01 08:33:21 | INFO | Using model artifact directory: /orcd/home/002/phevosp/MPLE-Causal-Inference/experiments/SyntheticHybridExperiments/confounding_weak
2026-05-01 08:33:21 | INFO | Using truth artifact directory: /orcd/home/002/phevosp/MPLE-Causal-Inference/experiments/SyntheticHybridExperiments/confounding_weak
2026-05-01 08:33:21 | INFO | Using loss mask artifact: /orcd/home/002/phevosp/MPLE-Causal-Inference/experiments/SyntheticHybridExperiments/confounding_weak/cv_runs/alternating_uv_grid/candidates/alternating_uv_grid_candidate_0003/fold_2/loss_mask.npy
2026-05-01 08:33:21 | INFO | Configured optimizer mode: alternating_latent_rank
2026-05-01 08:33:21 | INFO | Configured latent rank: 3
2026-05-01 08:33:21 | INFO | Using a fixed known graph with scalar xi.
2026-05-01 08:33:21 | INFO | Fit-time hard bounds active: False
2026-05-01 08:33:21 | INFO | Fixed scalar parameters: {}
2026-05-01 08:33:21 | INFO | Warm-start fixed scalars: {} for 0 steps
2026-05-01 08:33:21 | INFO | Beta mask before s: False with s=0
2026-05-01 08:33:21 | INFO | Beta mask after e: False with e=11
2026-05-01 08:33:21 | INFO | Alternating V-column L2-ball constraint active with radius 1.0
2026-05-01 08:33:21 | INFO | Optimizer settings: steps=2000, tol=1e-07, n_starts=1, seed=0, lambda_nuclear=0.0, lambda_frobenius=0.0, lambda_uv_ridge=0.01, v_column_l2_max=1.0, proximal_lr=1.0
2026-05-01 08:33:21 | INFO | Alternating low-rank start 1/1 | seed=0 | initial_loss=0.841731 | initial_penalized=0.841747
2026-05-01 08:33:21 | INFO | Alternating low-rank iter 0 | Loss: 0.653708 | Penalized: 0.655816
2026-05-01 08:33:22 | INFO | Alternating low-rank iter 100 | Loss: 0.318553 | Penalized: 0.374598
2026-05-01 08:33:23 | INFO | Alternating low-rank iter 200 | Loss: 0.316524 | Penalized: 0.372934
2026-05-01 08:33:24 | INFO | Alternating low-rank iter 300 | Loss: 0.315121 | Penalized: 0.371391
2026-05-01 08:33:25 | INFO | Alternating low-rank iter 400 | Loss: 0.313081 | Penalized: 0.368933
2026-05-01 08:33:26 | INFO | Alternating low-rank iter 500 | Loss: 0.310884 | Penalized: 0.366464
2026-05-01 08:33:26 | INFO | Alternating low-rank iter 600 | Loss: 0.309478 | Penalized: 0.364890
2026-05-01 08:33:27 | INFO | Alternating low-rank iter 700 | Loss: 0.306345 | Penalized: 0.361684
2026-05-01 08:33:28 | INFO | Alternating low-rank iter 800 | Loss: 0.300027 | Penalized: 0.356788
2026-05-01 08:33:29 | INFO | Alternating low-rank iter 900 | Loss: 0.298861 | Penalized: 0.355862
2026-05-01 08:33:30 | INFO | Alternating low-rank iter 1000 | Loss: 0.298293 | Penalized: 0.355473
2026-05-01 08:33:31 | INFO | Alternating low-rank iter 1100 | Loss: 0.297828 | Penalized: 0.355185
2026-05-01 08:33:32 | INFO | Alternating low-rank iter 1200 | Loss: 0.297355 | Penalized: 0.354911
2026-05-01 08:33:33 | INFO | Alternating low-rank iter 1300 | Loss: 0.296926 | Penalized: 0.354666
2026-05-01 08:33:34 | INFO | Alternating low-rank iter 1400 | Loss: 0.296581 | Penalized: 0.354471
2026-05-01 08:33:35 | INFO | Alternating low-rank iter 1500 | Loss: 0.296346 | Penalized: 0.354323
2026-05-01 08:33:36 | INFO | Alternating low-rank iter 1600 | Loss: 0.296165 | Penalized: 0.354192
2026-05-01 08:33:37 | INFO | Alternating low-rank iter 1700 | Loss: 0.296000 | Penalized: 0.354071
2026-05-01 08:33:38 | INFO | Alternating low-rank iter 1800 | Loss: 0.295835 | Penalized: 0.353957
2026-05-01 08:33:40 | INFO | Alternating low-rank iter 1900 | Loss: 0.295666 | Penalized: 0.353848
2026-05-01 08:33:41 | INFO | Done fitting.
2026-05-01 08:33:41 | INFO | Optimizer status: STOP: TOTAL NO. OF ITERATIONS REACHED LIMIT
2026-05-01 08:33:41 | INFO | Best optimizer start: 1 / 1
2026-05-01 08:33:41 | INFO | Final Loss: 0.295491
2026-05-01 08:33:41 | INFO | Estimated vs True Parameters:
2026-05-01 08:33:41 | INFO |   beta: -0.4724 (True: -0.3000) | SQE: 0.029718
2026-05-01 08:33:41 | INFO |   xi: 0.7234 (True: 0.8000) | SQE: 0.005865
2026-05-01 08:33:41 | INFO |   eta: 0.5673 (True: 0.3000) | SQE: 0.071432
2026-05-01 08:33:41 | INFO | Alternating low-rank optimizer diagnostics:
2026-05-01 08:33:41 | INFO |   penalized_objective: 0.353744
2026-05-01 08:33:41 | INFO |   mple_loss_without_penalty: 0.295491
2026-05-01 08:33:41 | INFO |   lambda_uv_ridge: 0.010000
2026-05-01 08:33:41 | INFO |   u_frobenius_norm: 131.389848
2026-05-01 08:33:41 | INFO |   v_frobenius_norm: 1.732051
2026-05-01 08:33:41 | INFO |   effective_rank: 3.000000
2026-05-01 08:33:41 | INFO | Field and interaction diagnostics:
2026-05-01 08:33:41 | INFO |   field_rmse: 0.841491
2026-05-01 08:33:41 | INFO |   interaction_fro_error: 0.202418
2026-05-01 08:33:41 | INFO |   estimated_field_max_abs_entry: 3.677667
2026-05-01 08:33:41 | INFO |   estimated_field_rank: 3.000000
2026-05-01 08:33:41 | INFO |   true_field_max_abs_entry: 1.115066
2026-05-01 08:33:41 | INFO |   true_field_rank: 3.000000
2026-05-01 08:33:41 | INFO | Saved summary table to /orcd/home/002/phevosp/MPLE-Causal-Inference/experiments/SyntheticHybridExperiments/confounding_weak/cv_runs/alternating_uv_grid/candidates/alternating_uv_grid_candidate_0003/fold_2/mple_summary.csv
2026-05-01 08:33:41 | INFO | Log saved to /orcd/home/002/phevosp/MPLE-Causal-Inference/experiments/SyntheticHybridExperiments/confounding_weak/cv_runs/alternating_uv_grid/candidates/alternating_uv_grid_candidate_0003/fold_2/mple.log
