2026-04-29 17:06:08 | INFO | Loading data...
2026-04-29 17:06:08 | INFO | Using panel artifact: /orcd/home/002/phevosp/MPLE-Causal-Inference/experiments/SyntheticHybridExperiments/hybrid_us_county_intervention_uscounty_graph_confounding_weak/panel_data.npz
2026-04-29 17:06:08 | INFO | Using x_0 artifact: /orcd/home/002/phevosp/MPLE-Causal-Inference/experiments/SyntheticHybridExperiments/hybrid_us_county_intervention_uscounty_graph_confounding_weak/x_0.npy
2026-04-29 17:06:08 | INFO | Using fit config: /orcd/home/002/phevosp/MPLE-Causal-Inference/experiments/SyntheticHybridExperiments/hybrid_us_county_intervention_uscounty_graph_confounding_weak/fits/alternating_rank_3_uv_5/fit_realized_config.yaml
2026-04-29 17:06:08 | INFO | Using model artifact directory: /orcd/home/002/phevosp/MPLE-Causal-Inference/experiments/SyntheticHybridExperiments/hybrid_us_county_intervention_uscounty_graph_confounding_weak
2026-04-29 17:06:08 | INFO | Using truth artifact directory: /orcd/home/002/phevosp/MPLE-Causal-Inference/experiments/SyntheticHybridExperiments/hybrid_us_county_intervention_uscounty_graph_confounding_weak
2026-04-29 17:06:08 | INFO | Configured optimizer mode: alternating_latent_rank
2026-04-29 17:06:08 | INFO | Configured latent rank: 3
2026-04-29 17:06:08 | INFO | Using a fixed known graph with scalar xi.
2026-04-29 17:06:08 | INFO | Fit-time hard bounds active: False
2026-04-29 17:06:08 | INFO | Fixed scalar parameters: {}
2026-04-29 17:06:08 | INFO | Warm-start fixed scalars: {} for 0 steps
2026-04-29 17:06:08 | INFO | Beta mask before s: False with s=55
2026-04-29 17:06:08 | INFO | Beta mask after e: False with e=120
2026-04-29 17:06:08 | INFO | Alternating V-column L2-ball constraint active with radius 1.0
2026-04-29 17:06:08 | INFO | Optimizer settings: steps=20000, tol=1e-09, n_starts=1, seed=0, lambda_nuclear=0.0, lambda_frobenius=0.0, lambda_uv_ridge=5.0, v_column_l2_max=1.0, proximal_lr=1.0
2026-04-29 17:06:09 | INFO | Alternating low-rank start 1/1 | seed=0 | initial_loss=0.685158 | initial_penalized=0.685250
2026-04-29 17:06:09 | INFO | Alternating low-rank iter 0 | Loss: 0.605335 | Penalized: 0.606379
2026-04-29 17:06:21 | INFO | Alternating low-rank iter 100 | Loss: 0.597492 | Penalized: 0.598769
2026-04-29 17:06:34 | INFO | Alternating low-rank iter 200 | Loss: 0.597394 | Penalized: 0.598673
2026-04-29 17:06:47 | INFO | Done fitting.
2026-04-29 17:06:47 | INFO | Optimizer status: CONVERGED: alternating objective tolerance reached
2026-04-29 17:06:47 | INFO | Best optimizer start: 1 / 1
2026-04-29 17:06:47 | INFO | Final Loss: 0.597392
2026-04-29 17:06:47 | INFO | Estimated vs True Parameters:
2026-04-29 17:06:47 | INFO |   beta: -0.1587 (True: -0.3000) | SQE: 0.019953
2026-04-29 17:06:47 | INFO |   xi: 0.7744 (True: 0.8000) | SQE: 0.000657
2026-04-29 17:06:47 | INFO |   eta: 0.3026 (True: 0.3000) | SQE: 0.000007
2026-04-29 17:06:47 | INFO | Alternating low-rank optimizer diagnostics:
2026-04-29 17:06:47 | INFO |   penalized_objective: 0.598672
2026-04-29 17:06:47 | INFO |   mple_loss_without_penalty: 0.597392
2026-04-29 17:06:47 | INFO |   lambda_uv_ridge: 5.000000
2026-04-29 17:06:47 | INFO |   u_frobenius_norm: 9.463736
2026-04-29 17:06:47 | INFO |   v_frobenius_norm: 1.732051
2026-04-29 17:06:47 | INFO |   effective_rank: 3.000000
2026-04-29 17:06:47 | INFO | Field and interaction diagnostics:
2026-04-29 17:06:47 | INFO |   field_rmse: 0.150814
2026-04-29 17:06:47 | INFO |   interaction_fro_error: 0.242324
2026-04-29 17:06:47 | INFO |   estimated_field_max_abs_entry: 0.121684
2026-04-29 17:06:47 | INFO |   estimated_field_rank: 3.000000
2026-04-29 17:06:47 | INFO |   true_field_max_abs_entry: 0.183816
2026-04-29 17:06:47 | INFO |   true_field_rank: 3.000000
2026-04-29 17:06:47 | INFO | Saved summary table to /orcd/home/002/phevosp/MPLE-Causal-Inference/experiments/SyntheticHybridExperiments/hybrid_us_county_intervention_uscounty_graph_confounding_weak/fits/alternating_rank_3_uv_5/mple_summary.csv
2026-04-29 17:06:47 | INFO | Log saved to /orcd/home/002/phevosp/MPLE-Causal-Inference/experiments/SyntheticHybridExperiments/hybrid_us_county_intervention_uscounty_graph_confounding_weak/fits/alternating_rank_3_uv_5/mple.log
