2026-05-01 22:42:38 | INFO | Loading data...
2026-05-01 22:42:38 | INFO | Using panel artifact: /orcd/home/002/phevosp/MPLE-Causal-Inference/experiments/SyntheticHybridExperimentsFinal/r1_hybrid_us_county_intervention_uscounty_graph_kernel_confounding/panel_data.npz
2026-05-01 22:42:38 | INFO | Using x_0 artifact: /orcd/home/002/phevosp/MPLE-Causal-Inference/experiments/SyntheticHybridExperimentsFinal/r1_hybrid_us_county_intervention_uscounty_graph_kernel_confounding/x_0.npy
2026-05-01 22:42:38 | INFO | Using fit config: /orcd/home/002/phevosp/MPLE-Causal-Inference/experiments/SyntheticHybridExperimentsFinal/r1_hybrid_us_county_intervention_uscounty_graph_kernel_confounding/fits/alternating_rank_1_uv_5_e1_beta_mask/fit_realized_config.yaml
2026-05-01 22:42:38 | INFO | Using model artifact directory: /orcd/home/002/phevosp/MPLE-Causal-Inference/experiments/SyntheticHybridExperimentsFinal/r1_hybrid_us_county_intervention_uscounty_graph_kernel_confounding
2026-05-01 22:42:38 | INFO | Using truth artifact directory: /orcd/home/002/phevosp/MPLE-Causal-Inference/experiments/SyntheticHybridExperimentsFinal/r1_hybrid_us_county_intervention_uscounty_graph_kernel_confounding
2026-05-01 22:42:38 | INFO | Configured optimizer mode: alternating_latent_rank
2026-05-01 22:42:38 | INFO | Configured latent rank: 1
2026-05-01 22:42:38 | INFO | Using a fixed known graph with scalar xi.
2026-05-01 22:42:38 | INFO | Fit-time hard bounds active: False
2026-05-01 22:42:38 | INFO | Fixed scalar parameters: {}
2026-05-01 22:42:38 | INFO | Warm-start fixed scalars: {} for 0 steps
2026-05-01 22:42:38 | INFO | Beta mask before s: True with s=55
2026-05-01 22:42:38 | INFO | Beta mask after e: True with e=114
2026-05-01 22:42:38 | INFO | Alternating V-column L2-ball constraint active with radius 1.0
2026-05-01 22:42:38 | INFO | Optimizer settings: steps=20000, tol=1e-09, n_starts=1, seed=0, lambda_nuclear=0.0, lambda_frobenius=0.0, lambda_uv_ridge=0.5, v_column_l2_max=1.0, proximal_lr=1.0
2026-05-01 22:42:38 | INFO | Alternating low-rank start 1/1 | seed=0 | initial_loss=0.671457 | initial_penalized=0.671461
2026-05-01 22:42:38 | INFO | Alternating low-rank iter 0 | Loss: 0.618197 | Penalized: 0.619609
2026-05-01 22:42:46 | INFO | Alternating low-rank iter 100 | Loss: 0.607418 | Penalized: 0.608913
2026-05-01 22:42:50 | INFO | Done fitting.
2026-05-01 22:42:50 | INFO | Optimizer status: CONVERGED: alternating objective tolerance reached
2026-05-01 22:42:50 | INFO | Best optimizer start: 1 / 1
2026-05-01 22:42:50 | INFO | Final Loss: 0.607417
2026-05-01 22:42:50 | INFO | Estimated vs True Parameters:
2026-05-01 22:42:50 | INFO |   beta: -0.0949 (True: -0.3000) | SQE: 0.042079
2026-05-01 22:42:50 | INFO |   xi: 0.8798 (True: 0.8000) | SQE: 0.006365
2026-05-01 22:42:50 | INFO |   eta: 0.3061 (True: 0.3000) | SQE: 0.000038
2026-05-01 22:42:50 | INFO | Alternating low-rank optimizer diagnostics:
2026-05-01 22:42:50 | INFO |   penalized_objective: 0.608912
2026-05-01 22:42:50 | INFO |   mple_loss_without_penalty: 0.607417
2026-05-01 22:42:50 | INFO |   lambda_uv_ridge: 0.500000
2026-05-01 22:42:50 | INFO |   u_frobenius_norm: 32.870355
2026-05-01 22:42:50 | INFO |   v_frobenius_norm: 1.000000
2026-05-01 22:42:50 | INFO |   effective_rank: 1.000000
2026-05-01 22:42:50 | INFO | Field and interaction diagnostics:
2026-05-01 22:42:50 | INFO |   field_rmse: 0.256312
2026-05-01 22:42:50 | INFO |   interaction_fro_error: 0.882742
2026-05-01 22:42:50 | INFO |   estimated_field_max_abs_entry: 0.435585
2026-05-01 22:42:50 | INFO |   estimated_field_rank: 1.000000
2026-05-01 22:42:50 | INFO |   true_field_max_abs_entry: 0.287989
2026-05-01 22:42:50 | INFO |   true_field_rank: 1.000000
2026-05-01 22:42:50 | INFO | Saved summary table to /orcd/home/002/phevosp/MPLE-Causal-Inference/experiments/SyntheticHybridExperimentsFinal/r1_hybrid_us_county_intervention_uscounty_graph_kernel_confounding/fits/alternating_rank_1_uv_5_e1_beta_mask/mple_summary.csv
2026-05-01 22:42:50 | INFO | Log saved to /orcd/home/002/phevosp/MPLE-Causal-Inference/experiments/SyntheticHybridExperimentsFinal/r1_hybrid_us_county_intervention_uscounty_graph_kernel_confounding/fits/alternating_rank_1_uv_5_e1_beta_mask/mple.log
