2026-05-06 01:32:08 | INFO | Loading data...
2026-05-06 01:32:08 | INFO | Using panel artifact: /orcd/home/002/phevosp/MPLE-Causal-Inference/experiments/FINAL/USCountyVaccination/outcome_death_rate_100k_ge_2__intervention_complete_cov_ge_30__lag_2w__distance_kernel_8__start_2020_03_01/panel_data.npz
2026-05-06 01:32:08 | INFO | Using x_0 artifact: /orcd/home/002/phevosp/MPLE-Causal-Inference/experiments/FINAL/USCountyVaccination/outcome_death_rate_100k_ge_2__intervention_complete_cov_ge_30__lag_2w__distance_kernel_8__start_2020_03_01/x_0.npy
2026-05-06 01:32:08 | INFO | Using fit config: /orcd/home/002/phevosp/MPLE-Causal-Inference/experiments/FINAL/USCountyVaccination/outcome_death_rate_100k_ge_2__intervention_complete_cov_ge_30__lag_2w__distance_kernel_8__start_2020_03_01/cv_runs/alternating_uv_grid/candidates/alternating_uv_grid_candidate_0004/fold_2/fit_realized_config.yaml
2026-05-06 01:32:08 | INFO | Using model artifact directory: /orcd/home/002/phevosp/MPLE-Causal-Inference/experiments/FINAL/USCountyVaccination/outcome_death_rate_100k_ge_2__intervention_complete_cov_ge_30__lag_2w__distance_kernel_8__start_2020_03_01
2026-05-06 01:32:08 | INFO | Using truth artifact directory: /orcd/home/002/phevosp/MPLE-Causal-Inference/experiments/FINAL/USCountyVaccination/outcome_death_rate_100k_ge_2__intervention_complete_cov_ge_30__lag_2w__distance_kernel_8__start_2020_03_01
2026-05-06 01:32:08 | INFO | Using loss mask artifact: /orcd/home/002/phevosp/MPLE-Causal-Inference/experiments/FINAL/USCountyVaccination/outcome_death_rate_100k_ge_2__intervention_complete_cov_ge_30__lag_2w__distance_kernel_8__start_2020_03_01/cv_runs/alternating_uv_grid/candidates/alternating_uv_grid_candidate_0004/fold_2/loss_mask.npy
2026-05-06 01:32:08 | INFO | Configured optimizer mode: alternating_latent_rank
2026-05-06 01:32:08 | INFO | Configured latent rank: 3
2026-05-06 01:32:08 | INFO | Using a fixed known graph with scalar xi.
2026-05-06 01:32:08 | INFO | Fit-time hard bounds active: False
2026-05-06 01:32:08 | INFO | Fixed scalar parameters: {}
2026-05-06 01:32:08 | INFO | Warm-start fixed scalars: {} for 0 steps
2026-05-06 01:32:08 | INFO | Beta mask before s: True with s=50
2026-05-06 01:32:08 | INFO | Beta mask after e: True with e=115
2026-05-06 01:32:08 | INFO | Alternating V-column L2-ball constraint active with radius 1.0
2026-05-06 01:32:08 | INFO | Optimizer settings: steps=2000, tol=1e-07, n_starts=1, seed=0, lambda_nuclear=0.0, lambda_frobenius=0.0, lambda_uv_ridge=0.05, v_column_l2_max=1.0, proximal_lr=1.0
2026-05-06 01:32:08 | INFO | Alternating low-rank start 1/1 | seed=0 | initial_loss=0.684315 | initial_penalized=0.684317
2026-05-06 01:32:08 | INFO | Alternating low-rank iter 0 | Loss: 0.493143 | Penalized: 0.497223
2026-05-06 01:32:21 | INFO | Alternating low-rank iter 100 | Loss: 0.424170 | Penalized: 0.437910
2026-05-06 01:32:34 | INFO | Alternating low-rank iter 200 | Loss: 0.424342 | Penalized: 0.437229
2026-05-06 01:32:47 | INFO | Alternating low-rank iter 300 | Loss: 0.424466 | Penalized: 0.437171
2026-05-06 01:32:50 | INFO | Done fitting.
2026-05-06 01:32:50 | INFO | Optimizer status: CONVERGED: alternating objective tolerance reached
2026-05-06 01:32:50 | INFO | Best optimizer start: 1 / 1
2026-05-06 01:32:50 | INFO | Final Loss: 0.424479
2026-05-06 01:32:50 | INFO | Estimated Parameters:
2026-05-06 01:32:50 | INFO |   beta: -0.0080
2026-05-06 01:32:50 | INFO |   xi: 1.4636
2026-05-06 01:32:50 | INFO |   eta: 0.1575
2026-05-06 01:32:50 | INFO | Alternating low-rank optimizer diagnostics:
2026-05-06 01:32:50 | INFO |   penalized_objective: 0.437168
2026-05-06 01:32:50 | INFO |   mple_loss_without_penalty: 0.424479
2026-05-06 01:32:50 | INFO |   lambda_uv_ridge: 0.050000
2026-05-06 01:32:50 | INFO |   u_frobenius_norm: 238.308099
2026-05-06 01:32:50 | INFO |   v_frobenius_norm: 1.732051
2026-05-06 01:32:50 | INFO |   effective_rank: 3.000000
2026-05-06 01:32:50 | INFO | Field and interaction diagnostics:
2026-05-06 01:32:50 | INFO |   estimated_field_max_abs_entry: 2.028237
2026-05-06 01:32:50 | INFO |   estimated_field_rank: 3.000000
2026-05-06 01:32:50 | INFO | Saved summary table to /orcd/home/002/phevosp/MPLE-Causal-Inference/experiments/FINAL/USCountyVaccination/outcome_death_rate_100k_ge_2__intervention_complete_cov_ge_30__lag_2w__distance_kernel_8__start_2020_03_01/cv_runs/alternating_uv_grid/candidates/alternating_uv_grid_candidate_0004/fold_2/mple_summary.csv
2026-05-06 01:32:50 | INFO | Log saved to /orcd/home/002/phevosp/MPLE-Causal-Inference/experiments/FINAL/USCountyVaccination/outcome_death_rate_100k_ge_2__intervention_complete_cov_ge_30__lag_2w__distance_kernel_8__start_2020_03_01/cv_runs/alternating_uv_grid/candidates/alternating_uv_grid_candidate_0004/fold_2/mple.log
