2026-04-30 00:06:17 | INFO | Loading data...
2026-04-30 00:06:17 | INFO | Using panel artifact: /orcd/home/002/phevosp/MPLE-Causal-Inference/experiments/SyntheticHybridExperiments/hybrid_us_county_intervention_uscounty_graph_base/panel_data.npz
2026-04-30 00:06:17 | INFO | Using x_0 artifact: /orcd/home/002/phevosp/MPLE-Causal-Inference/experiments/SyntheticHybridExperiments/hybrid_us_county_intervention_uscounty_graph_base/x_0.npy
2026-04-30 00:06:17 | INFO | Using fit config: /orcd/home/002/phevosp/MPLE-Causal-Inference/experiments/SyntheticHybridExperiments/hybrid_us_county_intervention_uscounty_graph_base/fits/alternating_rank_3_uv_5_e3/fit_realized_config.yaml
2026-04-30 00:06:17 | INFO | Using model artifact directory: /orcd/home/002/phevosp/MPLE-Causal-Inference/experiments/SyntheticHybridExperiments/hybrid_us_county_intervention_uscounty_graph_base
2026-04-30 00:06:17 | INFO | Using truth artifact directory: /orcd/home/002/phevosp/MPLE-Causal-Inference/experiments/SyntheticHybridExperiments/hybrid_us_county_intervention_uscounty_graph_base
2026-04-30 00:06:17 | INFO | Configured optimizer mode: alternating_latent_rank
2026-04-30 00:06:17 | INFO | Configured latent rank: 3
2026-04-30 00:06:17 | INFO | Using a fixed known graph with scalar xi.
2026-04-30 00:06:17 | INFO | Fit-time hard bounds active: False
2026-04-30 00:06:17 | INFO | Fixed scalar parameters: {}
2026-04-30 00:06:17 | INFO | Warm-start fixed scalars: {} for 0 steps
2026-04-30 00:06:17 | INFO | Beta mask before s: False with s=55
2026-04-30 00:06:17 | INFO | Beta mask after e: False with e=120
2026-04-30 00:06:17 | INFO | Alternating V-column L2-ball constraint active with radius 1.0
2026-04-30 00:06:17 | INFO | Optimizer settings: steps=20000, tol=1e-09, n_starts=1, seed=0, lambda_nuclear=0.0, lambda_frobenius=0.0, lambda_uv_ridge=0.005, v_column_l2_max=1.0, proximal_lr=1.0
2026-04-30 00:06:17 | INFO | Alternating low-rank start 1/1 | seed=0 | initial_loss=0.681456 | initial_penalized=0.681456
2026-04-30 00:06:17 | INFO | Alternating low-rank iter 0 | Loss: 0.513296 | Penalized: 0.513444
2026-04-30 00:06:26 | INFO | Alternating low-rank iter 100 | Loss: 0.496500 | Penalized: 0.498032
2026-04-30 00:06:35 | INFO | Alternating low-rank iter 200 | Loss: 0.495795 | Penalized: 0.497503
2026-04-30 00:06:44 | INFO | Alternating low-rank iter 300 | Loss: 0.495713 | Penalized: 0.497450
2026-04-30 00:06:53 | INFO | Alternating low-rank iter 400 | Loss: 0.495690 | Penalized: 0.497438
2026-04-30 00:07:02 | INFO | Alternating low-rank iter 500 | Loss: 0.495667 | Penalized: 0.497428
2026-04-30 00:07:12 | INFO | Alternating low-rank iter 600 | Loss: 0.495639 | Penalized: 0.497415
2026-04-30 00:07:21 | INFO | Alternating low-rank iter 700 | Loss: 0.495616 | Penalized: 0.497402
2026-04-30 00:07:30 | INFO | Alternating low-rank iter 800 | Loss: 0.495604 | Penalized: 0.497390
2026-04-30 00:07:39 | INFO | Alternating low-rank iter 900 | Loss: 0.495598 | Penalized: 0.497380
2026-04-30 00:07:48 | INFO | Alternating low-rank iter 1000 | Loss: 0.495596 | Penalized: 0.497366
2026-04-30 00:07:57 | INFO | Alternating low-rank iter 1100 | Loss: 0.495561 | Penalized: 0.497314
2026-04-30 00:08:06 | INFO | Alternating low-rank iter 1200 | Loss: 0.495505 | Penalized: 0.497254
2026-04-30 00:08:15 | INFO | Alternating low-rank iter 1300 | Loss: 0.495495 | Penalized: 0.497245
2026-04-30 00:08:24 | INFO | Alternating low-rank iter 1400 | Loss: 0.495492 | Penalized: 0.497243
2026-04-30 00:08:33 | INFO | Alternating low-rank iter 1500 | Loss: 0.495490 | Penalized: 0.497241
2026-04-30 00:08:42 | INFO | Alternating low-rank iter 1600 | Loss: 0.495489 | Penalized: 0.497240
2026-04-30 00:08:51 | INFO | Alternating low-rank iter 1700 | Loss: 0.495488 | Penalized: 0.497240
2026-04-30 00:09:00 | INFO | Alternating low-rank iter 1800 | Loss: 0.495488 | Penalized: 0.497239
2026-04-30 00:09:09 | INFO | Alternating low-rank iter 1900 | Loss: 0.495487 | Penalized: 0.497239
2026-04-30 00:09:18 | INFO | Alternating low-rank iter 2000 | Loss: 0.495487 | Penalized: 0.497238
2026-04-30 00:09:27 | INFO | Alternating low-rank iter 2100 | Loss: 0.495487 | Penalized: 0.497238
2026-04-30 00:09:36 | INFO | Alternating low-rank iter 2200 | Loss: 0.495487 | Penalized: 0.497238
2026-04-30 00:09:44 | INFO | Done fitting.
2026-04-30 00:09:44 | INFO | Optimizer status: CONVERGED: alternating objective tolerance reached
2026-04-30 00:09:44 | INFO | Best optimizer start: 1 / 1
2026-04-30 00:09:44 | INFO | Final Loss: 0.495487
2026-04-30 00:09:44 | INFO | Estimated vs True Parameters:
2026-04-30 00:09:44 | INFO |   beta: -0.3053 (True: -0.3000) | SQE: 0.000028
2026-04-30 00:09:44 | INFO |   xi: 0.8341 (True: 0.8000) | SQE: 0.001162
2026-04-30 00:09:44 | INFO |   eta: 0.2998 (True: 0.3000) | SQE: 0.000000
2026-04-30 00:09:44 | INFO | Alternating low-rank optimizer diagnostics:
2026-04-30 00:09:44 | INFO |   penalized_objective: 0.497238
2026-04-30 00:09:44 | INFO |   mple_loss_without_penalty: 0.495487
2026-04-30 00:09:44 | INFO |   lambda_uv_ridge: 0.005000
2026-04-30 00:09:44 | INFO |   u_frobenius_norm: 355.882611
2026-04-30 00:09:44 | INFO |   v_frobenius_norm: 1.732051
2026-04-30 00:09:44 | INFO |   effective_rank: 3.000000
2026-04-30 00:09:44 | INFO | Field and interaction diagnostics:
2026-04-30 00:09:44 | INFO |   field_rmse: 0.607798
2026-04-30 00:09:44 | INFO |   interaction_fro_error: 0.322369
2026-04-30 00:09:44 | INFO |   estimated_field_max_abs_entry: 21.711141
2026-04-30 00:09:44 | INFO |   estimated_field_rank: 3.000000
2026-04-30 00:09:44 | INFO |   true_field_max_abs_entry: 0.000000
2026-04-30 00:09:44 | INFO |   true_field_rank: 0.000000
2026-04-30 00:09:44 | INFO | Saved summary table to /orcd/home/002/phevosp/MPLE-Causal-Inference/experiments/SyntheticHybridExperiments/hybrid_us_county_intervention_uscounty_graph_base/fits/alternating_rank_3_uv_5_e3/mple_summary.csv
2026-04-30 00:09:44 | INFO | Log saved to /orcd/home/002/phevosp/MPLE-Causal-Inference/experiments/SyntheticHybridExperiments/hybrid_us_county_intervention_uscounty_graph_base/fits/alternating_rank_3_uv_5_e3/mple.log
