2026-04-07 11:37:17 | INFO | Loading data...
2026-04-07 11:37:17 | INFO | Loaded 6 field templates and 1 interaction templates.
2026-04-07 11:37:17 | INFO | Intervention-process model enabled: True
2026-04-07 11:37:17 | INFO | Tau zero-mean enabled: False
2026-04-07 11:37:17 | INFO | Tau smoothness lambda: 0.000000
2026-04-07 11:37:17 | INFO | Running conditional-model MPLE on x with shape=(70, 3203)
2026-04-07 11:37:18 | INFO | Eval 0  |  Loss: 0.673709
2026-04-07 11:37:18 | INFO |   field::log_population: +0.0126,  field::median_household_income: -0.0132,  field::poverty_rate: +0.0640,  field::pct_black: +0.0105,  field::pct_hispanic: -0.0536,  field::pct_in_labor_force: +0.0362,  tau block: mean=+0.0096, std=0.0990, min=-0.2325, max=+0.1960,  beta: -0.0662,  interaction::contiguity: +0.0935,  eta: +0.0049,  zeta: +0.2002,  psi: +0.0189
2026-04-07 11:37:22 | INFO | Done fitting.
2026-04-07 11:37:22 | INFO | Optimizer status: CONVERGENCE: RELATIVE REDUCTION OF F <= FACTR*EPSMCH
2026-04-07 11:37:22 | INFO | Final Loss: 0.157139
2026-04-07 11:37:22 | INFO | Estimated Parameters:
2026-04-07 11:37:22 | INFO |   field::log_population: 0.1631
2026-04-07 11:37:22 | INFO |   field::median_household_income: -0.2673
2026-04-07 11:37:22 | INFO |   field::poverty_rate: -0.0420
2026-04-07 11:37:22 | INFO |   field::pct_black: -0.1827
2026-04-07 11:37:22 | INFO |   field::pct_hispanic: -0.0937
2026-04-07 11:37:22 | INFO |   field::pct_in_labor_force: 0.0867
2026-04-07 11:37:22 | INFO |   tau::t_0: -0.1565
2026-04-07 11:37:22 | INFO |   tau::t_1: -0.1403
2026-04-07 11:37:22 | INFO |   tau::t_2: -0.1809
2026-04-07 11:37:22 | INFO |   tau::t_3: -0.2144
2026-04-07 11:37:22 | INFO |   tau::t_4: -0.2332
2026-04-07 11:37:22 | INFO |   tau::t_5: -0.3663
2026-04-07 11:37:22 | INFO |   tau::t_6: 0.0030
2026-04-07 11:37:22 | INFO |   tau::t_7: -0.2224
2026-04-07 11:37:22 | INFO |   tau::t_8: -0.0439
2026-04-07 11:37:22 | INFO |   tau::t_9: -0.1158
2026-04-07 11:37:22 | INFO |   tau::t_10: -0.0446
2026-04-07 11:37:22 | INFO |   tau::t_11: -0.1351
2026-04-07 11:37:22 | INFO |   tau::t_12: -0.0427
2026-04-07 11:37:22 | INFO |   tau::t_13: -0.1020
2026-04-07 11:37:22 | INFO |   tau::t_14: -0.2547
2026-04-07 11:37:22 | INFO |   tau::t_15: -0.2528
2026-04-07 11:37:22 | INFO |   tau::t_16: -0.3468
2026-04-07 11:37:22 | INFO |   tau::t_17: -0.3828
2026-04-07 11:37:22 | INFO |   tau::t_18: -0.5522
2026-04-07 11:37:22 | INFO |   tau::t_19: -0.4081
2026-04-07 11:37:22 | INFO |   tau::t_20: -0.7809
2026-04-07 11:37:22 | INFO |   tau::t_21: -0.4955
2026-04-07 11:37:22 | INFO |   tau::t_22: -0.6748
2026-04-07 11:37:22 | INFO |   tau::t_23: -0.5710
2026-04-07 11:37:22 | INFO |   tau::t_24: -0.5714
2026-04-07 11:37:22 | INFO |   tau::t_25: -0.3012
2026-04-07 11:37:22 | INFO |   tau::t_26: -0.1875
2026-04-07 11:37:22 | INFO |   tau::t_27: 0.0651
2026-04-07 11:37:22 | INFO |   tau::t_28: 0.2338
2026-04-07 11:37:22 | INFO |   tau::t_29: 0.2272
2026-04-07 11:37:22 | INFO |   tau::t_30: 0.2526
2026-04-07 11:37:22 | INFO |   tau::t_31: 0.2229
2026-04-07 11:37:22 | INFO |   tau::t_32: 0.2087
2026-04-07 11:37:22 | INFO |   tau::t_33: 0.1827
2026-04-07 11:37:22 | INFO |   tau::t_34: 0.0262
2026-04-07 11:37:22 | INFO |   tau::t_35: 0.1644
2026-04-07 11:37:22 | INFO |   tau::t_36: -0.0675
2026-04-07 11:37:22 | INFO |   tau::t_37: -0.1211
2026-04-07 11:37:22 | INFO |   tau::t_38: -0.1321
2026-04-07 11:37:22 | INFO |   tau::t_39: -0.1787
2026-04-07 11:37:22 | INFO |   tau::t_40: -0.2012
2026-04-07 11:37:22 | INFO |   tau::t_41: -0.0268
2026-04-07 11:37:22 | INFO |   tau::t_42: -0.0531
2026-04-07 11:37:22 | INFO |   tau::t_43: 0.0372
2026-04-07 11:37:22 | INFO |   tau::t_44: 0.0726
2026-04-07 11:37:22 | INFO |   tau::t_45: -0.3278
2026-04-07 11:37:22 | INFO |   tau::t_46: 0.3425
2026-04-07 11:37:22 | INFO |   tau::t_47: -0.0164
2026-04-07 11:37:22 | INFO |   tau::t_48: -0.0545
2026-04-07 11:37:22 | INFO |   tau::t_49: -0.0365
2026-04-07 11:37:22 | INFO |   tau::t_50: 0.5030
2026-04-07 11:37:22 | INFO |   tau::t_51: 0.8177
2026-04-07 11:37:22 | INFO |   tau::t_52: 0.8802
2026-04-07 11:37:22 | INFO |   tau::t_53: 1.2071
2026-04-07 11:37:22 | INFO |   tau::t_54: 1.2004
2026-04-07 11:37:22 | INFO |   tau::t_55: 0.3422
2026-04-07 11:37:22 | INFO |   tau::t_56: -0.2173
2026-04-07 11:37:22 | INFO |   tau::t_57: -0.3562
2026-04-07 11:37:22 | INFO |   tau::t_58: -0.4137
2026-04-07 11:37:22 | INFO |   tau::t_59: -0.2179
2026-04-07 11:37:22 | INFO |   tau::t_60: -0.2295
2026-04-07 11:37:22 | INFO |   tau::t_61: -0.2316
2026-04-07 11:37:22 | INFO |   tau::t_62: -0.3528
2026-04-07 11:37:22 | INFO |   tau::t_63: -0.4023
2026-04-07 11:37:22 | INFO |   tau::t_64: -0.3476
2026-04-07 11:37:22 | INFO |   tau::t_65: -0.1970
2026-04-07 11:37:22 | INFO |   tau::t_66: -0.0774
2026-04-07 11:37:22 | INFO |   tau::t_67: -0.1536
2026-04-07 11:37:22 | INFO |   tau::t_68: 0.0030
2026-04-07 11:37:22 | INFO |   tau::t_69: -0.0121
2026-04-07 11:37:22 | INFO |   beta: -0.0111
2026-04-07 11:37:22 | INFO |   interaction::contiguity: 2.6034
2026-04-07 11:37:22 | INFO |   eta: 0.5458
2026-04-07 11:37:22 | INFO |   zeta: -0.1581
2026-04-07 11:37:22 | INFO |   psi: 2.1341
2026-04-07 11:37:22 | INFO | Saved summary tables to C:\Users\phevo\Documents\MIT\Code\MPLE-Causal-Inference\experiments\USCountyVaccination_US_tau_unrestricted\outcome_case_rate_100k_ge_200__intervention_complete_cov_ge_30__lag_0w__contiguity\mple_summary.csv and C:\Users\phevo\Documents\MIT\Code\MPLE-Causal-Inference\experiments\USCountyVaccination_US_tau_unrestricted\outcome_case_rate_100k_ge_200__intervention_complete_cov_ge_30__lag_0w__contiguity\mple_summary.md
2026-04-07 11:37:22 | INFO | Log saved to C:\Users\phevo\Documents\MIT\Code\MPLE-Causal-Inference\experiments\USCountyVaccination_US_tau_unrestricted\outcome_case_rate_100k_ge_200__intervention_complete_cov_ge_30__lag_0w__contiguity\mple.log
