2026-05-02 23:32:16 | INFO | Loading data...
2026-05-02 23:32:16 | INFO | Using panel artifact: /orcd/home/002/phevosp/MPLE-Causal-Inference/experiments/HybridExperiments_r1_v2/r1_hybrid_us_county_intervention_generated_graph_confounding/panel_data.npz
2026-05-02 23:32:16 | INFO | Using x_0 artifact: /orcd/home/002/phevosp/MPLE-Causal-Inference/experiments/HybridExperiments_r1_v2/r1_hybrid_us_county_intervention_generated_graph_confounding/x_0.npy
2026-05-02 23:32:16 | INFO | Using fit config: /orcd/home/002/phevosp/MPLE-Causal-Inference/experiments/HybridExperiments_r1_v2/r1_hybrid_us_county_intervention_generated_graph_confounding/cv_runs/alternating_uv_grid/candidates/alternating_uv_grid_candidate_0003/fold_5/fit_realized_config.yaml
2026-05-02 23:32:16 | INFO | Using model artifact directory: /orcd/home/002/phevosp/MPLE-Causal-Inference/experiments/HybridExperiments_r1_v2/r1_hybrid_us_county_intervention_generated_graph_confounding
2026-05-02 23:32:16 | INFO | Using truth artifact directory: /orcd/home/002/phevosp/MPLE-Causal-Inference/experiments/HybridExperiments_r1_v2/r1_hybrid_us_county_intervention_generated_graph_confounding
2026-05-02 23:32:16 | INFO | Using loss mask artifact: /orcd/home/002/phevosp/MPLE-Causal-Inference/experiments/HybridExperiments_r1_v2/r1_hybrid_us_county_intervention_generated_graph_confounding/cv_runs/alternating_uv_grid/candidates/alternating_uv_grid_candidate_0003/fold_5/loss_mask.npy
2026-05-02 23:32:16 | INFO | Configured optimizer mode: alternating_latent_rank
2026-05-02 23:32:16 | INFO | Configured latent rank: 1
2026-05-02 23:32:16 | INFO | Using a fixed known graph with scalar xi.
2026-05-02 23:32:16 | INFO | Fit-time hard bounds active: False
2026-05-02 23:32:16 | INFO | Fixed scalar parameters: {}
2026-05-02 23:32:16 | INFO | Warm-start fixed scalars: {} for 0 steps
2026-05-02 23:32:16 | INFO | Beta mask before s: True with s=50
2026-05-02 23:32:16 | INFO | Beta mask after e: True with e=115
2026-05-02 23:32:16 | INFO | Alternating V-column L2-ball constraint active with radius 1.0
2026-05-02 23:32:16 | INFO | Optimizer settings: steps=2000, tol=1e-07, n_starts=1, seed=0, lambda_nuclear=0.0, lambda_frobenius=0.0, lambda_uv_ridge=0.001, v_column_l2_max=1.0, proximal_lr=1.0
2026-05-02 23:32:16 | INFO | Alternating low-rank start 1/1 | seed=0 | initial_loss=0.697360 | initial_penalized=0.697360
2026-05-02 23:32:16 | INFO | Alternating low-rank iter 0 | Loss: 0.607678 | Penalized: 0.607764
2026-05-02 23:32:23 | INFO | Alternating low-rank iter 100 | Loss: 0.528687 | Penalized: 0.529989
2026-05-02 23:32:30 | INFO | Alternating low-rank iter 200 | Loss: 0.527952 | Penalized: 0.529221
2026-05-02 23:32:37 | INFO | Alternating low-rank iter 300 | Loss: 0.527544 | Penalized: 0.528749
2026-05-02 23:32:44 | INFO | Alternating low-rank iter 400 | Loss: 0.527290 | Penalized: 0.528444
2026-05-02 23:32:51 | INFO | Alternating low-rank iter 500 | Loss: 0.527131 | Penalized: 0.528246
2026-05-02 23:32:58 | INFO | Alternating low-rank iter 600 | Loss: 0.527032 | Penalized: 0.528117
2026-05-02 23:33:05 | INFO | Alternating low-rank iter 700 | Loss: 0.526972 | Penalized: 0.528033
2026-05-02 23:33:11 | INFO | Alternating low-rank iter 800 | Loss: 0.526935 | Penalized: 0.527978
2026-05-02 23:33:18 | INFO | Alternating low-rank iter 900 | Loss: 0.526913 | Penalized: 0.527942
2026-05-02 23:33:25 | INFO | Alternating low-rank iter 1000 | Loss: 0.526900 | Penalized: 0.527918
2026-05-02 23:33:32 | INFO | Alternating low-rank iter 1100 | Loss: 0.526894 | Penalized: 0.527903
2026-05-02 23:33:36 | INFO | Done fitting.
2026-05-02 23:33:36 | INFO | Optimizer status: CONVERGED: alternating objective tolerance reached
2026-05-02 23:33:36 | INFO | Best optimizer start: 1 / 1
2026-05-02 23:33:36 | INFO | Final Loss: 0.526892
2026-05-02 23:33:36 | INFO | Estimated vs True Parameters:
2026-05-02 23:33:36 | INFO |   beta: -0.2971 (True: -0.3000) | SQE: 0.000009
2026-05-02 23:33:36 | INFO |   xi: 0.8738 (True: 0.8000) | SQE: 0.005449
2026-05-02 23:33:36 | INFO |   eta: 0.2634 (True: 0.3000) | SQE: 0.001338
2026-05-02 23:33:36 | INFO | Alternating low-rank optimizer diagnostics:
2026-05-02 23:33:36 | INFO |   penalized_objective: 0.527897
2026-05-02 23:33:36 | INFO |   mple_loss_without_penalty: 0.526892
2026-05-02 23:33:36 | INFO |   lambda_uv_ridge: 0.001000
2026-05-02 23:33:36 | INFO |   u_frobenius_norm: 301.424055
2026-05-02 23:33:36 | INFO |   v_frobenius_norm: 1.000000
2026-05-02 23:33:36 | INFO |   effective_rank: 1.000000
2026-05-02 23:33:36 | INFO | Field and interaction diagnostics:
2026-05-02 23:33:36 | INFO |   field_rmse: 0.413629
2026-05-02 23:33:36 | INFO |   interaction_fro_error: 0.559293
2026-05-02 23:33:36 | INFO |   estimated_field_max_abs_entry: 5.268164
2026-05-02 23:33:36 | INFO |   estimated_field_rank: 1.000000
2026-05-02 23:33:36 | INFO |   true_field_max_abs_entry: 0.609457
2026-05-02 23:33:36 | INFO |   true_field_rank: 1.000000
2026-05-02 23:33:36 | INFO | Saved summary table to /orcd/home/002/phevosp/MPLE-Causal-Inference/experiments/HybridExperiments_r1_v2/r1_hybrid_us_county_intervention_generated_graph_confounding/cv_runs/alternating_uv_grid/candidates/alternating_uv_grid_candidate_0003/fold_5/mple_summary.csv
2026-05-02 23:33:36 | INFO | Log saved to /orcd/home/002/phevosp/MPLE-Causal-Inference/experiments/HybridExperiments_r1_v2/r1_hybrid_us_county_intervention_generated_graph_confounding/cv_runs/alternating_uv_grid/candidates/alternating_uv_grid_candidate_0003/fold_5/mple.log
