2026-04-07 11:40:21 | INFO | Loading data...
2026-04-07 11:40:21 | INFO | Loaded 6 field templates and 1 interaction templates.
2026-04-07 11:40:21 | INFO | Intervention-process model enabled: True
2026-04-07 11:40:21 | INFO | Tau zero-mean enabled: True
2026-04-07 11:40:21 | INFO | Tau smoothness lambda: 0.000000
2026-04-07 11:40:21 | INFO | Running conditional-model MPLE on x with shape=(67, 3203)
2026-04-07 11:40:21 | INFO | Eval 0  |  Loss: 0.668933
2026-04-07 11:40:21 | INFO |   field::log_population: +0.0126,  field::median_household_income: -0.0132,  field::poverty_rate: +0.0640,  field::pct_black: +0.0105,  field::pct_hispanic: -0.0536,  field::pct_in_labor_force: +0.0362,  tau block: mean=-0.0000, std=0.0970, min=-0.2427, max=+0.1858,  beta: -0.0618,  interaction::contiguity: +0.1822,  eta: -0.1320,  zeta: -0.0662,  psi: +0.0935
2026-04-07 11:40:23 | INFO | Done fitting.
2026-04-07 11:40:23 | INFO | Optimizer status: CONVERGENCE: RELATIVE REDUCTION OF F <= FACTR*EPSMCH
2026-04-07 11:40:23 | INFO | Final Loss: 0.291013
2026-04-07 11:40:23 | INFO | Estimated Parameters:
2026-04-07 11:40:23 | INFO |   field::log_population: 0.9116
2026-04-07 11:40:23 | INFO |   field::median_household_income: -1.1246
2026-04-07 11:40:23 | INFO |   field::poverty_rate: -0.5462
2026-04-07 11:40:23 | INFO |   field::pct_black: -0.1420
2026-04-07 11:40:23 | INFO |   field::pct_hispanic: -0.3131
2026-04-07 11:40:23 | INFO |   field::pct_in_labor_force: 0.0569
2026-04-07 11:40:23 | INFO |   tau::t_0: 0.0495
2026-04-07 11:40:23 | INFO |   tau::t_1: -0.0161
2026-04-07 11:40:23 | INFO |   tau::t_2: -0.1110
2026-04-07 11:40:23 | INFO |   tau::t_3: -0.0385
2026-04-07 11:40:23 | INFO |   tau::t_4: -0.0869
2026-04-07 11:40:23 | INFO |   tau::t_5: -0.1547
2026-04-07 11:40:23 | INFO |   tau::t_6: -0.2075
2026-04-07 11:40:23 | INFO |   tau::t_7: -0.2055
2026-04-07 11:40:23 | INFO |   tau::t_8: -0.2374
2026-04-07 11:40:23 | INFO |   tau::t_9: -0.2099
2026-04-07 11:40:23 | INFO |   tau::t_10: -0.2012
2026-04-07 11:40:23 | INFO |   tau::t_11: -0.2460
2026-04-07 11:40:23 | INFO |   tau::t_12: -0.2465
2026-04-07 11:40:23 | INFO |   tau::t_13: -0.2191
2026-04-07 11:40:23 | INFO |   tau::t_14: -0.2195
2026-04-07 11:40:23 | INFO |   tau::t_15: -0.2102
2026-04-07 11:40:23 | INFO |   tau::t_16: -0.1208
2026-04-07 11:40:23 | INFO |   tau::t_17: -0.2450
2026-04-07 11:40:23 | INFO |   tau::t_18: -0.1913
2026-04-07 11:40:23 | INFO |   tau::t_19: -0.2830
2026-04-07 11:40:23 | INFO |   tau::t_20: -0.2717
2026-04-07 11:40:23 | INFO |   tau::t_21: -0.2817
2026-04-07 11:40:23 | INFO |   tau::t_22: -0.3243
2026-04-07 11:40:23 | INFO |   tau::t_23: -0.2405
2026-04-07 11:40:23 | INFO |   tau::t_24: -0.2347
2026-04-07 11:40:23 | INFO |   tau::t_25: -0.1996
2026-04-07 11:40:23 | INFO |   tau::t_26: -0.1030
2026-04-07 11:40:23 | INFO |   tau::t_27: -0.0414
2026-04-07 11:40:23 | INFO |   tau::t_28: 0.0171
2026-04-07 11:40:23 | INFO |   tau::t_29: 0.0640
2026-04-07 11:40:23 | INFO |   tau::t_30: 0.0778
2026-04-07 11:40:23 | INFO |   tau::t_31: 0.1081
2026-04-07 11:40:23 | INFO |   tau::t_32: 0.2112
2026-04-07 11:40:23 | INFO |   tau::t_33: 0.2040
2026-04-07 11:40:23 | INFO |   tau::t_34: 0.2220
2026-04-07 11:40:23 | INFO |   tau::t_35: 0.1737
2026-04-07 11:40:23 | INFO |   tau::t_36: 0.1809
2026-04-07 11:40:23 | INFO |   tau::t_37: 0.1951
2026-04-07 11:40:23 | INFO |   tau::t_38: 0.1723
2026-04-07 11:40:23 | INFO |   tau::t_39: 0.1124
2026-04-07 11:40:23 | INFO |   tau::t_40: 0.1389
2026-04-07 11:40:23 | INFO |   tau::t_41: 0.1552
2026-04-07 11:40:23 | INFO |   tau::t_42: 0.0082
2026-04-07 11:40:23 | INFO |   tau::t_43: 0.2398
2026-04-07 11:40:23 | INFO |   tau::t_44: 0.1632
2026-04-07 11:40:23 | INFO |   tau::t_45: 0.1572
2026-04-07 11:40:23 | INFO |   tau::t_46: 0.1178
2026-04-07 11:40:23 | INFO |   tau::t_47: 0.1501
2026-04-07 11:40:23 | INFO |   tau::t_48: 0.2231
2026-04-07 11:40:23 | INFO |   tau::t_49: 0.2133
2026-04-07 11:40:23 | INFO |   tau::t_50: 0.2319
2026-04-07 11:40:23 | INFO |   tau::t_51: 0.2943
2026-04-07 11:40:23 | INFO |   tau::t_52: 0.3325
2026-04-07 11:40:23 | INFO |   tau::t_53: 0.3278
2026-04-07 11:40:23 | INFO |   tau::t_54: 0.3036
2026-04-07 11:40:23 | INFO |   tau::t_55: 0.2372
2026-04-07 11:40:23 | INFO |   tau::t_56: 0.1961
2026-04-07 11:40:23 | INFO |   tau::t_57: 0.1274
2026-04-07 11:40:23 | INFO |   tau::t_58: 0.1221
2026-04-07 11:40:23 | INFO |   tau::t_59: 0.0516
2026-04-07 11:40:23 | INFO |   tau::t_60: 0.0063
2026-04-07 11:40:23 | INFO |   tau::t_61: -0.0538
2026-04-07 11:40:23 | INFO |   tau::t_62: -0.0159
2026-04-07 11:40:23 | INFO |   tau::t_63: -0.1070
2026-04-07 11:40:23 | INFO |   tau::t_64: -0.0965
2026-04-07 11:40:23 | INFO |   tau::t_65: 0.0073
2026-04-07 11:40:23 | INFO |   tau::t_66: -0.1729
2026-04-07 11:40:23 | INFO |   beta: -0.1286
2026-04-07 11:40:23 | INFO |   interaction::contiguity: 1.6314
2026-04-07 11:40:23 | INFO |   eta: 0.2437
2026-04-07 11:40:23 | INFO |   zeta: -0.2172
2026-04-07 11:40:23 | INFO |   psi: 2.1163
2026-04-07 11:40:23 | INFO | Saved summary tables to C:\Users\phevo\Documents\MIT\Code\MPLE-Causal-Inference\experiments\USCountyVaccination_US_tau_zero_mean\outcome_death_rate_100k_ge_2__intervention_complete_cov_ge_30__lag_3w__contiguity\mple_summary.csv and C:\Users\phevo\Documents\MIT\Code\MPLE-Causal-Inference\experiments\USCountyVaccination_US_tau_zero_mean\outcome_death_rate_100k_ge_2__intervention_complete_cov_ge_30__lag_3w__contiguity\mple_summary.md
2026-04-07 11:40:23 | INFO | Log saved to C:\Users\phevo\Documents\MIT\Code\MPLE-Causal-Inference\experiments\USCountyVaccination_US_tau_zero_mean\outcome_death_rate_100k_ge_2__intervention_complete_cov_ge_30__lag_3w__contiguity\mple.log
