2026-04-07 13:27:19 | INFO | Loading data...
2026-04-07 13:27:20 | INFO | Loaded 6 field templates and 1 interaction templates.
2026-04-07 13:27:20 | INFO | Intervention-process model enabled: True
2026-04-07 13:27:20 | INFO | Tau zero-mean enabled: True
2026-04-07 13:27:20 | INFO | Tau smoothness lambda: 0.000000
2026-04-07 13:27:20 | INFO | Running conditional-model MPLE on x with shape=(69, 3203)
2026-04-07 13:27:20 | INFO | Eval 0  |  Loss: 0.608828
2026-04-07 13:27:20 | INFO |   field::log_population: +0.0126,  field::median_household_income: -0.0132,  field::poverty_rate: +0.0640,  field::pct_black: +0.0105,  field::pct_hispanic: -0.0536,  field::pct_in_labor_force: +0.0362,  tau block: mean=+0.0000, std=0.0982, min=-0.2442, max=+0.1843,  beta: -0.1320,  interaction::contiguity: -0.0662,  eta: +0.0935,  zeta: +0.0049,  psi: +0.2002
2026-04-07 13:27:22 | INFO | Done fitting.
2026-04-07 13:27:22 | INFO | Optimizer status: CONVERGENCE: RELATIVE REDUCTION OF F <= FACTR*EPSMCH
2026-04-07 13:27:22 | INFO | Final Loss: 0.284806
2026-04-07 13:27:22 | INFO | Estimated Parameters:
2026-04-07 13:27:22 | INFO |   field::log_population: 0.8407
2026-04-07 13:27:22 | INFO |   field::median_household_income: -1.1707
2026-04-07 13:27:22 | INFO |   field::poverty_rate: -0.6003
2026-04-07 13:27:22 | INFO |   field::pct_black: -0.0748
2026-04-07 13:27:22 | INFO |   field::pct_hispanic: -0.2957
2026-04-07 13:27:22 | INFO |   field::pct_in_labor_force: 0.0366
2026-04-07 13:27:22 | INFO |   tau::t_0: 0.2310
2026-04-07 13:27:22 | INFO |   tau::t_1: 0.2232
2026-04-07 13:27:22 | INFO |   tau::t_2: 0.2171
2026-04-07 13:27:22 | INFO |   tau::t_3: 0.1519
2026-04-07 13:27:22 | INFO |   tau::t_4: 0.0592
2026-04-07 13:27:22 | INFO |   tau::t_5: 0.1327
2026-04-07 13:27:22 | INFO |   tau::t_6: 0.0848
2026-04-07 13:27:22 | INFO |   tau::t_7: 0.0175
2026-04-07 13:27:22 | INFO |   tau::t_8: -0.0342
2026-04-07 13:27:22 | INFO |   tau::t_9: -0.0309
2026-04-07 13:27:22 | INFO |   tau::t_10: -0.0631
2026-04-07 13:27:22 | INFO |   tau::t_11: -0.0351
2026-04-07 13:27:22 | INFO |   tau::t_12: -0.0277
2026-04-07 13:27:22 | INFO |   tau::t_13: -0.0744
2026-04-07 13:27:22 | INFO |   tau::t_14: -0.0827
2026-04-07 13:27:22 | INFO |   tau::t_15: -0.0692
2026-04-07 13:27:22 | INFO |   tau::t_16: -0.0911
2026-04-07 13:27:22 | INFO |   tau::t_17: -0.1027
2026-04-07 13:27:22 | INFO |   tau::t_18: -0.0339
2026-04-07 13:27:22 | INFO |   tau::t_19: -0.1745
2026-04-07 13:27:22 | INFO |   tau::t_20: -0.1294
2026-04-07 13:27:22 | INFO |   tau::t_21: -0.2273
2026-04-07 13:27:22 | INFO |   tau::t_22: -0.2239
2026-04-07 13:27:22 | INFO |   tau::t_23: -0.2415
2026-04-07 13:27:22 | INFO |   tau::t_24: -0.2934
2026-04-07 13:27:22 | INFO |   tau::t_25: -0.2119
2026-04-07 13:27:22 | INFO |   tau::t_26: -0.2103
2026-04-07 13:27:22 | INFO |   tau::t_27: -0.1777
2026-04-07 13:27:22 | INFO |   tau::t_28: -0.0825
2026-04-07 13:27:22 | INFO |   tau::t_29: -0.0274
2026-04-07 13:27:22 | INFO |   tau::t_30: 0.0223
2026-04-07 13:27:22 | INFO |   tau::t_31: 0.0576
2026-04-07 13:27:22 | INFO |   tau::t_32: 0.0632
2026-04-07 13:27:22 | INFO |   tau::t_33: 0.0844
2026-04-07 13:27:22 | INFO |   tau::t_34: 0.1765
2026-04-07 13:27:22 | INFO |   tau::t_35: 0.1598
2026-04-07 13:27:22 | INFO |   tau::t_36: 0.1711
2026-04-07 13:27:22 | INFO |   tau::t_37: 0.1184
2026-04-07 13:27:22 | INFO |   tau::t_38: 0.1148
2026-04-07 13:27:22 | INFO |   tau::t_39: 0.1274
2026-04-07 13:27:22 | INFO |   tau::t_40: 0.1018
2026-04-07 13:27:22 | INFO |   tau::t_41: 0.0407
2026-04-07 13:27:22 | INFO |   tau::t_42: 0.0469
2026-04-07 13:27:22 | INFO |   tau::t_43: 0.0626
2026-04-07 13:27:22 | INFO |   tau::t_44: -0.0837
2026-04-07 13:27:22 | INFO |   tau::t_45: 0.1465
2026-04-07 13:27:22 | INFO |   tau::t_46: 0.0670
2026-04-07 13:27:22 | INFO |   tau::t_47: 0.0589
2026-04-07 13:27:22 | INFO |   tau::t_48: 0.0174
2026-04-07 13:27:22 | INFO |   tau::t_49: 0.0468
2026-04-07 13:27:22 | INFO |   tau::t_50: 0.1209
2026-04-07 13:27:22 | INFO |   tau::t_51: 0.1080
2026-04-07 13:27:22 | INFO |   tau::t_52: 0.1242
2026-04-07 13:27:22 | INFO |   tau::t_53: 0.1824
2026-04-07 13:27:22 | INFO |   tau::t_54: 0.2183
2026-04-07 13:27:22 | INFO |   tau::t_55: 0.2021
2026-04-07 13:27:22 | INFO |   tau::t_56: 0.1763
2026-04-07 13:27:22 | INFO |   tau::t_57: 0.1088
2026-04-07 13:27:22 | INFO |   tau::t_58: 0.0680
2026-04-07 13:27:22 | INFO |   tau::t_59: 0.0016
2026-04-07 13:27:22 | INFO |   tau::t_60: -0.0035
2026-04-07 13:27:22 | INFO |   tau::t_61: -0.0734
2026-04-07 13:27:22 | INFO |   tau::t_62: -0.1172
2026-04-07 13:27:22 | INFO |   tau::t_63: -0.1791
2026-04-07 13:27:22 | INFO |   tau::t_64: -0.1394
2026-04-07 13:27:22 | INFO |   tau::t_65: -0.2319
2026-04-07 13:27:22 | INFO |   tau::t_66: -0.2215
2026-04-07 13:27:22 | INFO |   tau::t_67: -0.1169
2026-04-07 13:27:22 | INFO |   tau::t_68: -0.3008
2026-04-07 13:27:22 | INFO |   beta: 0.0466
2026-04-07 13:27:22 | INFO |   interaction::contiguity: 1.6413
2026-04-07 13:27:22 | INFO |   eta: 0.2498
2026-04-07 13:27:22 | INFO |   zeta: -0.0493
2026-04-07 13:27:22 | INFO |   psi: 2.3714
2026-04-07 13:27:22 | INFO | Saved summary tables to C:\Users\phevo\Documents\MIT\Code\MPLE-Causal-Inference\experiments\USCountyVaccination_US\USCountyVaccination_US_tau_zero_mean\outcome_death_rate_100k_ge_2__intervention_complete_cov_ge_50__lag_1w__contiguity\mple_summary.csv and C:\Users\phevo\Documents\MIT\Code\MPLE-Causal-Inference\experiments\USCountyVaccination_US\USCountyVaccination_US_tau_zero_mean\outcome_death_rate_100k_ge_2__intervention_complete_cov_ge_50__lag_1w__contiguity\mple_summary.md
2026-04-07 13:27:22 | INFO | Log saved to C:\Users\phevo\Documents\MIT\Code\MPLE-Causal-Inference\experiments\USCountyVaccination_US\USCountyVaccination_US_tau_zero_mean\outcome_death_rate_100k_ge_2__intervention_complete_cov_ge_50__lag_1w__contiguity\mple.log
