2026-03-17 11:02:28 | INFO | Loading data...
2026-03-17 11:02:28 | INFO | Loaded gamma_matrix with shape=(1000, 1000)
2026-03-17 11:02:28 | INFO | Running Stage 1 MPLE on x with shape=(100, 1000)
2026-03-17 11:02:28 | INFO | Eval 0  |  Loss: 0.689603
2026-03-17 11:02:28 | INFO |   alpha: +0.0126,  beta: -0.0132,  xi: +0.0640,  eta: +0.0105,  zeta: -0.0536,  psi: +0.0362
2026-03-17 11:02:29 | INFO | Running Stage 2 MPLE (conditioning on all z's and even x's)...
2026-03-17 11:02:29 | INFO | Eval 0  |  Loss: 0.688106
2026-03-17 11:02:29 | INFO |   alpha: +0.0126,  beta: -0.0132,  xi: +0.0640,  eta: +0.0105,  zeta: -0.0536,  psi: +0.0362
2026-03-17 11:02:29 | INFO | Done fitting.
2026-03-17 11:02:29 | INFO | Final Loss (Unconditioned): 0.640354
2026-03-17 11:02:29 | INFO | Estimated vs True Parameters (Unconditioned):
2026-03-17 11:02:29 | INFO |   alpha: 0.3418 (True: 0.3500)
2026-03-17 11:02:29 | INFO |   alpha SQE: 0.000067
2026-03-17 11:02:29 | INFO |   beta: 0.2306 (True: 0.2500)
2026-03-17 11:02:29 | INFO |   beta SQE: 0.000377
2026-03-17 11:02:29 | INFO |   xi: 0.0108 (True: 0.0500)
2026-03-17 11:02:29 | INFO |   xi SQE: 0.001534
2026-03-17 11:02:29 | INFO |   eta: 0.0181 (True: 0.0100)
2026-03-17 11:02:29 | INFO |   eta SQE: 0.000065
2026-03-17 11:02:29 | INFO |   zeta: -0.0409 (True: -0.0300)
2026-03-17 11:02:29 | INFO |   zeta SQE: 0.000119
2026-03-17 11:02:29 | INFO |   psi: 0.1031 (True: 0.1000)
2026-03-17 11:02:29 | INFO |   psi SQE: 0.000009
2026-03-17 11:02:29 | INFO | =================================================
2026-03-17 11:02:29 | INFO | Final Loss (Conditioned): 0.621593
2026-03-17 11:02:29 | INFO | Estimated vs True Parameters (Conditioned):
2026-03-17 11:02:29 | INFO |   alpha: 0.3468 (True: 0.3500)
2026-03-17 11:02:29 | INFO |   alpha SQE: 0.000011
2026-03-17 11:02:29 | INFO |   beta: 0.2460 (True: 0.2500)
2026-03-17 11:02:29 | INFO |   beta SQE: 0.000016
2026-03-17 11:02:29 | INFO |   xi: -0.0017 (True: 0.0500)
2026-03-17 11:02:29 | INFO |   xi SQE: 0.002672
2026-03-17 11:02:29 | INFO |   eta: 0.0159 (True: 0.0100)
2026-03-17 11:02:29 | INFO |   eta SQE: 0.000035
2026-03-17 11:02:29 | INFO |   zeta: -0.0324 (True: -0.0300)
2026-03-17 11:02:29 | INFO |   zeta SQE: 0.000006
2026-03-17 11:02:29 | INFO |   psi: 0.0362 (True: 0.1000)
2026-03-17 11:02:29 | INFO |   psi SQE: 0.004076
2026-03-17 11:02:29 | INFO | =================================================
2026-03-17 11:02:29 | INFO | Final Parameters:
2026-03-17 11:02:29 | INFO |   alpha: 0.3468 (True: 0.3500)
2026-03-17 11:02:29 | INFO |   alpha SQE: 0.000011
2026-03-17 11:02:29 | INFO |   beta: 0.2306 (True: 0.2500)
2026-03-17 11:02:29 | INFO |   beta SQE: 0.000377
2026-03-17 11:02:29 | INFO |   xi: 0.0108 (True: 0.0500)
2026-03-17 11:02:29 | INFO |   xi SQE: 0.001534
2026-03-17 11:02:29 | INFO |   eta: 0.0181 (True: 0.0100)
2026-03-17 11:02:29 | INFO |   eta SQE: 0.000065
2026-03-17 11:02:29 | INFO |   zeta: -0.0409 (True: -0.0300)
2026-03-17 11:02:29 | INFO |   zeta SQE: 0.000119
2026-03-17 11:02:29 | INFO |   psi: 0.1031 (True: 0.1000)
2026-03-17 11:02:29 | INFO |   psi SQE: 0.000009
2026-03-17 11:02:29 | INFO | Log saved to experiments\synthetic_data_20260317_105805\mple_full.log
