2026-03-17 12:54:46 | INFO | Loading data...
2026-03-17 12:54:46 | INFO | Loaded gamma_matrix with shape=(1000, 1000)
2026-03-17 12:54:46 | INFO | Running conditional-model MPLE on x with shape=(100, 1000)
2026-03-17 12:54:46 | INFO | Eval 0  |  Loss: 0.689496
2026-03-17 12:54:46 | INFO |   alpha: +0.0126,  beta: -0.0132,  xi: +0.0640,  eta: +0.0105,  zeta: -0.0536,  psi: +0.0362
2026-03-17 12:54:46 | INFO | Done fitting.
2026-03-17 12:54:46 | INFO | Final Loss (Conditional Model): 0.653297
2026-03-17 12:54:46 | INFO | Estimated vs True Parameters (Conditional Model):
2026-03-17 12:54:46 | INFO |   alpha: 0.3506 (True: 0.3500)
2026-03-17 12:54:46 | INFO |   alpha SQE: 0.000000
2026-03-17 12:54:46 | INFO |   beta: 0.2404 (True: 0.2500)
2026-03-17 12:54:46 | INFO |   beta SQE: 0.000092
2026-03-17 12:54:46 | INFO |   xi: 0.0098 (True: 0.0500)
2026-03-17 12:54:46 | INFO |   xi SQE: 0.001616
2026-03-17 12:54:46 | INFO |   eta: 0.0166 (True: 0.0100)
2026-03-17 12:54:46 | INFO |   eta SQE: 0.000044
2026-03-17 12:54:46 | INFO |   zeta: -0.0245 (True: -0.0300)
2026-03-17 12:54:46 | INFO |   zeta SQE: 0.000031
2026-03-17 12:54:46 | INFO |   psi: 0.1004 (True: 0.1000)
2026-03-17 12:54:46 | INFO |   psi SQE: 0.000000
2026-03-17 12:54:46 | INFO | =================================================
2026-03-17 12:54:46 | INFO | Final Parameters:
2026-03-17 12:54:46 | INFO |   alpha: 0.3506 (True: 0.3500)
2026-03-17 12:54:46 | INFO |   alpha SQE: 0.000000
2026-03-17 12:54:46 | INFO |   beta: 0.2404 (True: 0.2500)
2026-03-17 12:54:46 | INFO |   beta SQE: 0.000092
2026-03-17 12:54:46 | INFO |   xi: 0.0098 (True: 0.0500)
2026-03-17 12:54:46 | INFO |   xi SQE: 0.001616
2026-03-17 12:54:46 | INFO |   eta: 0.0166 (True: 0.0100)
2026-03-17 12:54:46 | INFO |   eta SQE: 0.000044
2026-03-17 12:54:46 | INFO |   zeta: -0.0245 (True: -0.0300)
2026-03-17 12:54:46 | INFO |   zeta SQE: 0.000031
2026-03-17 12:54:46 | INFO |   psi: 0.1004 (True: 0.1000)
2026-03-17 12:54:46 | INFO |   psi SQE: 0.000000
2026-03-17 12:54:46 | INFO | Log saved to experiments\synthetic_data_20260317_105805\mple_full_conditional.log
