2026-05-01 19:08:37 | INFO | Loading data...
2026-05-01 19:08:37 | INFO | Using panel artifact: /orcd/home/002/phevosp/MPLE-Causal-Inference/experiments/SyntheticHybridExperiments/r5_c1_hybrid_us_county_intervention_uscounty_graph_contiguous_confounding/panel_data.npz
2026-05-01 19:08:37 | INFO | Using x_0 artifact: /orcd/home/002/phevosp/MPLE-Causal-Inference/experiments/SyntheticHybridExperiments/r5_c1_hybrid_us_county_intervention_uscounty_graph_contiguous_confounding/x_0.npy
2026-05-01 19:08:37 | INFO | Using fit config: /orcd/home/002/phevosp/MPLE-Causal-Inference/experiments/SyntheticHybridExperiments/r5_c1_hybrid_us_county_intervention_uscounty_graph_contiguous_confounding/cv_runs/alternating_uv_grid/candidates/alternating_uv_grid_candidate_0004/fold_4/fit_realized_config.yaml
2026-05-01 19:08:37 | INFO | Using model artifact directory: /orcd/home/002/phevosp/MPLE-Causal-Inference/experiments/SyntheticHybridExperiments/r5_c1_hybrid_us_county_intervention_uscounty_graph_contiguous_confounding
2026-05-01 19:08:37 | INFO | Using truth artifact directory: /orcd/home/002/phevosp/MPLE-Causal-Inference/experiments/SyntheticHybridExperiments/r5_c1_hybrid_us_county_intervention_uscounty_graph_contiguous_confounding
2026-05-01 19:08:37 | INFO | Using loss mask artifact: /orcd/home/002/phevosp/MPLE-Causal-Inference/experiments/SyntheticHybridExperiments/r5_c1_hybrid_us_county_intervention_uscounty_graph_contiguous_confounding/cv_runs/alternating_uv_grid/candidates/alternating_uv_grid_candidate_0004/fold_4/loss_mask.npy
2026-05-01 19:08:37 | INFO | Configured optimizer mode: alternating_latent_rank
2026-05-01 19:08:37 | INFO | Configured latent rank: 5
2026-05-01 19:08:37 | INFO | Using a fixed known graph with scalar xi.
2026-05-01 19:08:37 | INFO | Fit-time hard bounds active: False
2026-05-01 19:08:37 | INFO | Fixed scalar parameters: {}
2026-05-01 19:08:37 | INFO | Warm-start fixed scalars: {} for 0 steps
2026-05-01 19:08:37 | INFO | Beta mask before s: True with s=55
2026-05-01 19:08:37 | INFO | Beta mask after e: True with e=120
2026-05-01 19:08:37 | INFO | Alternating V-column L2-ball constraint active with radius 1.0
2026-05-01 19:08:37 | INFO | Optimizer settings: steps=2000, tol=1e-07, n_starts=1, seed=0, lambda_nuclear=0.0, lambda_frobenius=0.0, lambda_uv_ridge=0.01, v_column_l2_max=1.0, proximal_lr=1.0
2026-05-01 19:08:37 | INFO | Alternating low-rank start 1/1 | seed=0 | initial_loss=0.697766 | initial_penalized=0.697767
2026-05-01 19:08:38 | INFO | Alternating low-rank iter 0 | Loss: 0.594384 | Penalized: 0.594947
2026-05-01 19:08:52 | INFO | Alternating low-rank iter 100 | Loss: 0.545859 | Penalized: 0.549112
2026-05-01 19:09:06 | INFO | Alternating low-rank iter 200 | Loss: 0.545727 | Penalized: 0.548969
2026-05-01 19:09:07 | INFO | Done fitting.
2026-05-01 19:09:07 | INFO | Optimizer status: CONVERGED: alternating objective tolerance reached
2026-05-01 19:09:07 | INFO | Best optimizer start: 1 / 1
2026-05-01 19:09:07 | INFO | Final Loss: 0.545726
2026-05-01 19:09:07 | INFO | Estimated vs True Parameters:
2026-05-01 19:09:07 | INFO |   beta: -0.2868 (True: -0.3000) | SQE: 0.000175
2026-05-01 19:09:07 | INFO |   xi: 0.8753 (True: 0.8000) | SQE: 0.005666
2026-05-01 19:09:07 | INFO |   eta: 0.2939 (True: 0.3000) | SQE: 0.000037
2026-05-01 19:09:07 | INFO | Alternating low-rank optimizer diagnostics:
2026-05-01 19:09:07 | INFO |   penalized_objective: 0.548968
2026-05-01 19:09:07 | INFO |   mple_loss_without_penalty: 0.545726
2026-05-01 19:09:07 | INFO |   lambda_uv_ridge: 0.010000
2026-05-01 19:09:07 | INFO |   u_frobenius_norm: 320.628812
2026-05-01 19:09:07 | INFO |   v_frobenius_norm: 2.236068
2026-05-01 19:09:07 | INFO |   effective_rank: 5.000000
2026-05-01 19:09:07 | INFO | Field and interaction diagnostics:
2026-05-01 19:09:07 | INFO |   field_rmse: 0.344671
2026-05-01 19:09:07 | INFO |   interaction_fro_error: 0.711848
2026-05-01 19:09:07 | INFO |   estimated_field_max_abs_entry: 4.166748
2026-05-01 19:09:07 | INFO |   estimated_field_rank: 5.000000
2026-05-01 19:09:07 | INFO |   true_field_max_abs_entry: 2.906201
2026-05-01 19:09:07 | INFO |   true_field_rank: 5.000000
2026-05-01 19:09:07 | INFO | Saved summary table to /orcd/home/002/phevosp/MPLE-Causal-Inference/experiments/SyntheticHybridExperiments/r5_c1_hybrid_us_county_intervention_uscounty_graph_contiguous_confounding/cv_runs/alternating_uv_grid/candidates/alternating_uv_grid_candidate_0004/fold_4/mple_summary.csv
2026-05-01 19:09:07 | INFO | Log saved to /orcd/home/002/phevosp/MPLE-Causal-Inference/experiments/SyntheticHybridExperiments/r5_c1_hybrid_us_county_intervention_uscounty_graph_contiguous_confounding/cv_runs/alternating_uv_grid/candidates/alternating_uv_grid_candidate_0004/fold_4/mple.log
