2026-03-16 20:22:10 | INFO | Loading data...
2026-03-16 20:22:10 | INFO | Loaded gamma_matrix with shape=(10000, 10000)
2026-03-16 20:22:10 | INFO | Running MPLE on x with shape=(1, 10000)
2026-03-16 20:22:10 | INFO | Eval 0  |  Loss: 0.673577
2026-03-16 20:22:10 | INFO |   alpha: +0.0126,  beta: -0.0132,  xi: +0.0640,  eta: +0.0105,  zeta: -0.0536,  psi: +0.0362
2026-03-16 20:22:11 | INFO | Done fitting.
2026-03-16 20:22:11 | INFO | Final loss: 0.278368
2026-03-16 20:22:11 | INFO | Estimated vs True parameters:
2026-03-16 20:22:11 | INFO |   alpha: 26374.4057 (True: 1.0000)
2026-03-16 20:22:11 | INFO |   alpha SE: 695556525.666655
2026-03-16 20:22:11 | INFO |   beta: -0.4957 (True: -1.0000)
2026-03-16 20:22:11 | INFO |   beta SE: 0.254277
2026-03-16 20:22:11 | INFO |   xi: -64165.4759 (True: 1.0000)
2026-03-16 20:22:11 | INFO |   xi SE: 4117336635.292247
2026-03-16 20:22:11 | INFO |   eta: -0.5515 (True: 0.5000)
2026-03-16 20:22:11 | INFO |   eta SE: 1.105674
2026-03-16 20:22:11 | INFO |   zeta: -0.3904 (True: -0.3000)
2026-03-16 20:22:11 | INFO |   zeta SE: 0.008164
2026-03-16 20:22:11 | INFO |   psi: 0.0362 (True: 0.5000)
2026-03-16 20:22:11 | INFO |   psi SE: 0.215148
2026-03-16 20:22:11 | INFO | Log saved to experiments\synthetic_data_20260316_194741\mple.log
