2026-04-07 11:45:30 | INFO | Loading data...
2026-04-07 11:45:30 | INFO | Loaded 6 field templates and 1 interaction templates.
2026-04-07 11:45:30 | INFO | Intervention-process model enabled: True
2026-04-07 11:45:30 | INFO | Tau zero-mean enabled: True
2026-04-07 11:45:30 | INFO | Tau smoothness lambda: 0.000000
2026-04-07 11:45:30 | INFO | Running conditional-model MPLE on x with shape=(69, 3203)
2026-04-07 11:45:30 | INFO | Eval 0  |  Loss: 0.603139
2026-04-07 11:45:30 | INFO |   field::log_population: +0.0126,  field::median_household_income: -0.0132,  field::poverty_rate: +0.0640,  field::pct_black: +0.0105,  field::pct_hispanic: -0.0536,  field::pct_in_labor_force: +0.0362,  tau block: mean=+0.0000, std=0.0982, min=-0.2442, max=+0.1843,  beta: -0.1320,  interaction::contiguity: -0.0662,  eta: +0.0935,  zeta: +0.0049,  psi: +0.2002
2026-04-07 11:45:32 | INFO | Done fitting.
2026-04-07 11:45:32 | INFO | Optimizer status: CONVERGENCE: RELATIVE REDUCTION OF F <= FACTR*EPSMCH
2026-04-07 11:45:32 | INFO | Final Loss: 0.293524
2026-04-07 11:45:32 | INFO | Estimated Parameters:
2026-04-07 11:45:32 | INFO |   field::log_population: 0.8640
2026-04-07 11:45:32 | INFO |   field::median_household_income: -1.0883
2026-04-07 11:45:32 | INFO |   field::poverty_rate: -0.5450
2026-04-07 11:45:32 | INFO |   field::pct_black: -0.0893
2026-04-07 11:45:32 | INFO |   field::pct_hispanic: -0.2631
2026-04-07 11:45:32 | INFO |   field::pct_in_labor_force: 0.0515
2026-04-07 11:45:32 | INFO |   tau::t_0: 0.1868
2026-04-07 11:45:32 | INFO |   tau::t_1: 0.1792
2026-04-07 11:45:32 | INFO |   tau::t_2: 0.1737
2026-04-07 11:45:32 | INFO |   tau::t_3: 0.1083
2026-04-07 11:45:32 | INFO |   tau::t_4: 0.0153
2026-04-07 11:45:32 | INFO |   tau::t_5: 0.0894
2026-04-07 11:45:32 | INFO |   tau::t_6: 0.0416
2026-04-07 11:45:32 | INFO |   tau::t_7: -0.0254
2026-04-07 11:45:32 | INFO |   tau::t_8: -0.0745
2026-04-07 11:45:32 | INFO |   tau::t_9: -0.0698
2026-04-07 11:45:32 | INFO |   tau::t_10: -0.1007
2026-04-07 11:45:32 | INFO |   tau::t_11: -0.0725
2026-04-07 11:45:32 | INFO |   tau::t_12: -0.0649
2026-04-07 11:45:32 | INFO |   tau::t_13: -0.1093
2026-04-07 11:45:32 | INFO |   tau::t_14: -0.1162
2026-04-07 11:45:32 | INFO |   tau::t_15: -0.1016
2026-04-07 11:45:32 | INFO |   tau::t_16: -0.1208
2026-04-07 11:45:32 | INFO |   tau::t_17: -0.1298
2026-04-07 11:45:32 | INFO |   tau::t_18: -0.0616
2026-04-07 11:45:32 | INFO |   tau::t_19: -0.1938
2026-04-07 11:45:32 | INFO |   tau::t_20: -0.1464
2026-04-07 11:45:32 | INFO |   tau::t_21: -0.2362
2026-04-07 11:45:32 | INFO |   tau::t_22: -0.2289
2026-04-07 11:45:32 | INFO |   tau::t_23: -0.2426
2026-04-07 11:45:32 | INFO |   tau::t_24: -0.2867
2026-04-07 11:45:32 | INFO |   tau::t_25: -0.2104
2026-04-07 11:45:32 | INFO |   tau::t_26: -0.2096
2026-04-07 11:45:32 | INFO |   tau::t_27: -0.1795
2026-04-07 11:45:32 | INFO |   tau::t_28: -0.0908
2026-04-07 11:45:32 | INFO |   tau::t_29: -0.0386
2026-04-07 11:45:32 | INFO |   tau::t_30: 0.0097
2026-04-07 11:45:32 | INFO |   tau::t_31: 0.0456
2026-04-07 11:45:32 | INFO |   tau::t_32: 0.0525
2026-04-07 11:45:32 | INFO |   tau::t_33: 0.0755
2026-04-07 11:45:32 | INFO |   tau::t_34: 0.1694
2026-04-07 11:45:32 | INFO |   tau::t_35: 0.1557
2026-04-07 11:45:32 | INFO |   tau::t_36: 0.1704
2026-04-07 11:45:32 | INFO |   tau::t_37: 0.1192
2026-04-07 11:45:32 | INFO |   tau::t_38: 0.1164
2026-04-07 11:45:32 | INFO |   tau::t_39: 0.1310
2026-04-07 11:45:32 | INFO |   tau::t_40: 0.1086
2026-04-07 11:45:32 | INFO |   tau::t_41: 0.0502
2026-04-07 11:45:32 | INFO |   tau::t_42: 0.0582
2026-04-07 11:45:32 | INFO |   tau::t_43: 0.0749
2026-04-07 11:45:32 | INFO |   tau::t_44: -0.0664
2026-04-07 11:45:32 | INFO |   tau::t_45: 0.1597
2026-04-07 11:45:32 | INFO |   tau::t_46: 0.0818
2026-04-07 11:45:32 | INFO |   tau::t_47: 0.0777
2026-04-07 11:45:32 | INFO |   tau::t_48: 0.0399
2026-04-07 11:45:32 | INFO |   tau::t_49: 0.0699
2026-04-07 11:45:32 | INFO |   tau::t_50: 0.1416
2026-04-07 11:45:32 | INFO |   tau::t_51: 0.1297
2026-04-07 11:45:32 | INFO |   tau::t_52: 0.1467
2026-04-07 11:45:32 | INFO |   tau::t_53: 0.2082
2026-04-07 11:45:32 | INFO |   tau::t_54: 0.2460
2026-04-07 11:45:32 | INFO |   tau::t_55: 0.2310
2026-04-07 11:45:32 | INFO |   tau::t_56: 0.2065
2026-04-07 11:45:32 | INFO |   tau::t_57: 0.1404
2026-04-07 11:45:32 | INFO |   tau::t_58: 0.1004
2026-04-07 11:45:32 | INFO |   tau::t_59: 0.0345
2026-04-07 11:45:32 | INFO |   tau::t_60: 0.0312
2026-04-07 11:45:32 | INFO |   tau::t_61: -0.0368
2026-04-07 11:45:32 | INFO |   tau::t_62: -0.0780
2026-04-07 11:45:32 | INFO |   tau::t_63: -0.1333
2026-04-07 11:45:32 | INFO |   tau::t_64: -0.0939
2026-04-07 11:45:32 | INFO |   tau::t_65: -0.1804
2026-04-07 11:45:32 | INFO |   tau::t_66: -0.1671
2026-04-07 11:45:32 | INFO |   tau::t_67: -0.0689
2026-04-07 11:45:32 | INFO |   tau::t_68: -0.2417
2026-04-07 11:45:32 | INFO |   beta: -0.0187
2026-04-07 11:45:32 | INFO |   interaction::contiguity: 1.6771
2026-04-07 11:45:32 | INFO |   eta: 0.2512
2026-04-07 11:45:32 | INFO |   zeta: -0.0741
2026-04-07 11:45:32 | INFO |   psi: 2.1522
2026-04-07 11:45:32 | INFO | Saved summary tables to C:\Users\phevo\Documents\MIT\Code\MPLE-Causal-Inference\experiments\USCountyVaccination_US_tau_zero_mean\outcome_death_rate_100k_ge_2__intervention_complete_cov_ge_40__lag_1w__contiguity\mple_summary.csv and C:\Users\phevo\Documents\MIT\Code\MPLE-Causal-Inference\experiments\USCountyVaccination_US_tau_zero_mean\outcome_death_rate_100k_ge_2__intervention_complete_cov_ge_40__lag_1w__contiguity\mple_summary.md
2026-04-07 11:45:32 | INFO | Log saved to C:\Users\phevo\Documents\MIT\Code\MPLE-Causal-Inference\experiments\USCountyVaccination_US_tau_zero_mean\outcome_death_rate_100k_ge_2__intervention_complete_cov_ge_40__lag_1w__contiguity\mple.log
