2026-05-01 21:12:12 | INFO | Loading data...
2026-05-01 21:12:12 | INFO | Using panel artifact: /orcd/home/002/phevosp/MPLE-Causal-Inference/experiments/SyntheticHybridExperimentsFinal/base/panel_data.npz
2026-05-01 21:12:12 | INFO | Using x_0 artifact: /orcd/home/002/phevosp/MPLE-Causal-Inference/experiments/SyntheticHybridExperimentsFinal/base/x_0.npy
2026-05-01 21:12:12 | INFO | Using fit config: /orcd/home/002/phevosp/MPLE-Causal-Inference/experiments/SyntheticHybridExperimentsFinal/base/fits/base/fit_realized_config.yaml
2026-05-01 21:12:12 | INFO | Using model artifact directory: /orcd/home/002/phevosp/MPLE-Causal-Inference/experiments/SyntheticHybridExperimentsFinal/base
2026-05-01 21:12:12 | INFO | Using truth artifact directory: /orcd/home/002/phevosp/MPLE-Causal-Inference/experiments/SyntheticHybridExperimentsFinal/base
2026-05-01 21:12:12 | INFO | Configured optimizer mode: no_external_field
2026-05-01 21:12:12 | INFO | Configured latent rank: 0
2026-05-01 21:12:12 | INFO | Using a fixed known graph with scalar xi.
2026-05-01 21:12:12 | INFO | Fit-time hard bounds active: False
2026-05-01 21:12:12 | INFO | Fixed scalar parameters: {}
2026-05-01 21:12:12 | INFO | Warm-start fixed scalars: {} for 0 steps
2026-05-01 21:12:12 | INFO | Beta mask before s: False with s=0
2026-05-01 21:12:12 | INFO | Beta mask after e: False with e=11
2026-05-01 21:12:12 | INFO | Ignoring v_column_l2_max=1.0 for optimizer_mode=no_external_field
2026-05-01 21:12:12 | INFO | Optimizer settings: steps=20000, tol=1e-09, n_starts=1, seed=0, lambda_nuclear=0.0, lambda_frobenius=0.0, lambda_uv_ridge=0.0, v_column_l2_max=1.0, proximal_lr=1.0
2026-05-01 21:12:12 | INFO | Done fitting.
2026-05-01 21:12:12 | INFO | Optimizer status: Optimization terminated successfully.
2026-05-01 21:12:12 | INFO | Best optimizer start: 1 / 1
2026-05-01 21:12:12 | INFO | Final Loss: 0.608993
2026-05-01 21:12:12 | INFO | Estimated vs True Parameters:
2026-05-01 21:12:12 | INFO |   beta: -0.3038 (True: -0.3000) | SQE: 0.000014
2026-05-01 21:12:12 | INFO |   xi: 0.8055 (True: 0.8000) | SQE: 0.000030
2026-05-01 21:12:12 | INFO |   eta: 0.2982 (True: 0.3000) | SQE: 0.000003
2026-05-01 21:12:12 | INFO | Field and interaction diagnostics:
2026-05-01 21:12:12 | INFO |   field_rmse: 0.000000
2026-05-01 21:12:12 | INFO |   interaction_fro_error: 0.019404
2026-05-01 21:12:12 | INFO |   estimated_field_max_abs_entry: 0.000000
2026-05-01 21:12:12 | INFO |   estimated_field_rank: 0.000000
2026-05-01 21:12:12 | INFO |   true_field_max_abs_entry: 0.000000
2026-05-01 21:12:12 | INFO |   true_field_rank: 0.000000
2026-05-01 21:12:12 | INFO | Saved summary table to /orcd/home/002/phevosp/MPLE-Causal-Inference/experiments/SyntheticHybridExperimentsFinal/base/fits/base/mple_summary.csv
2026-05-01 21:12:12 | INFO | Log saved to /orcd/home/002/phevosp/MPLE-Causal-Inference/experiments/SyntheticHybridExperimentsFinal/base/fits/base/mple.log
