2026-04-07 11:41:59 | INFO | Loading data...
2026-04-07 11:41:59 | INFO | Loaded 6 field templates and 1 interaction templates.
2026-04-07 11:41:59 | INFO | Intervention-process model enabled: True
2026-04-07 11:41:59 | INFO | Tau zero-mean enabled: True
2026-04-07 11:41:59 | INFO | Tau smoothness lambda: 1.000000
2026-04-07 11:41:59 | INFO | Running conditional-model MPLE on x with shape=(68, 3203)
2026-04-07 11:41:59 | INFO | Eval 0  |  Loss: 0.731826
2026-04-07 11:41:59 | INFO |   field::log_population: +0.0126,  field::median_household_income: -0.0132,  field::poverty_rate: +0.0640,  field::pct_black: +0.0105,  field::pct_hispanic: -0.0536,  field::pct_in_labor_force: +0.0362,  tau block: mean=-0.0000, std=0.0967, min=-0.2417, max=+0.1869,  beta: +0.1822,  interaction::contiguity: -0.1320,  eta: -0.0662,  zeta: +0.0935,  psi: +0.0049
2026-04-07 11:42:02 | INFO | Done fitting.
2026-04-07 11:42:02 | INFO | Optimizer status: CONVERGENCE: RELATIVE REDUCTION OF F <= FACTR*EPSMCH
2026-04-07 11:42:02 | INFO | Final Loss: 0.178524
2026-04-07 11:42:02 | INFO | Estimated Parameters:
2026-04-07 11:42:02 | INFO |   field::log_population: 0.2934
2026-04-07 11:42:02 | INFO |   field::median_household_income: -0.1688
2026-04-07 11:42:02 | INFO |   field::poverty_rate: 0.0014
2026-04-07 11:42:02 | INFO |   field::pct_black: -0.1549
2026-04-07 11:42:02 | INFO |   field::pct_hispanic: -0.0969
2026-04-07 11:42:02 | INFO |   field::pct_in_labor_force: 0.0985
2026-04-07 11:42:02 | INFO |   tau::t_0: -0.0523
2026-04-07 11:42:02 | INFO |   tau::t_1: -0.1074
2026-04-07 11:42:02 | INFO |   tau::t_2: -0.1965
2026-04-07 11:42:02 | INFO |   tau::t_3: -0.3084
2026-04-07 11:42:02 | INFO |   tau::t_4: -0.0261
2026-04-07 11:42:02 | INFO |   tau::t_5: -0.2258
2026-04-07 11:42:02 | INFO |   tau::t_6: -0.0915
2026-04-07 11:42:02 | INFO |   tau::t_7: -0.0923
2026-04-07 11:42:02 | INFO |   tau::t_8: -0.0028
2026-04-07 11:42:02 | INFO |   tau::t_9: -0.0944
2026-04-07 11:42:02 | INFO |   tau::t_10: 0.0395
2026-04-07 11:42:02 | INFO |   tau::t_11: -0.0371
2026-04-07 11:42:02 | INFO |   tau::t_12: -0.1344
2026-04-07 11:42:02 | INFO |   tau::t_13: -0.0928
2026-04-07 11:42:02 | INFO |   tau::t_14: -0.1868
2026-04-07 11:42:02 | INFO |   tau::t_15: -0.2562
2026-04-07 11:42:02 | INFO |   tau::t_16: -0.2920
2026-04-07 11:42:02 | INFO |   tau::t_17: -0.2572
2026-04-07 11:42:02 | INFO |   tau::t_18: -0.5102
2026-04-07 11:42:02 | INFO |   tau::t_19: -0.2857
2026-04-07 11:42:02 | INFO |   tau::t_20: -0.5157
2026-04-07 11:42:02 | INFO |   tau::t_21: -0.4553
2026-04-07 11:42:02 | INFO |   tau::t_22: -0.3752
2026-04-07 11:42:02 | INFO |   tau::t_23: -0.1315
2026-04-07 11:42:02 | INFO |   tau::t_24: -0.0008
2026-04-07 11:42:02 | INFO |   tau::t_25: 0.1692
2026-04-07 11:42:02 | INFO |   tau::t_26: 0.2263
2026-04-07 11:42:02 | INFO |   tau::t_27: 0.2615
2026-04-07 11:42:02 | INFO |   tau::t_28: 0.3022
2026-04-07 11:42:02 | INFO |   tau::t_29: 0.2001
2026-04-07 11:42:02 | INFO |   tau::t_30: 0.2698
2026-04-07 11:42:02 | INFO |   tau::t_31: 0.2363
2026-04-07 11:42:02 | INFO |   tau::t_32: 0.1408
2026-04-07 11:42:02 | INFO |   tau::t_33: 0.2685
2026-04-07 11:42:02 | INFO |   tau::t_34: 0.2177
2026-04-07 11:42:02 | INFO |   tau::t_35: 0.0756
2026-04-07 11:42:02 | INFO |   tau::t_36: -0.0153
2026-04-07 11:42:02 | INFO |   tau::t_37: -0.1209
2026-04-07 11:42:02 | INFO |   tau::t_38: -0.0766
2026-04-07 11:42:02 | INFO |   tau::t_39: -0.1112
2026-04-07 11:42:02 | INFO |   tau::t_40: -0.0625
2026-04-07 11:42:02 | INFO |   tau::t_41: 0.0227
2026-04-07 11:42:02 | INFO |   tau::t_42: 0.0579
2026-04-07 11:42:02 | INFO |   tau::t_43: -0.2597
2026-04-07 11:42:02 | INFO |   tau::t_44: 0.3864
2026-04-07 11:42:02 | INFO |   tau::t_45: 0.0588
2026-04-07 11:42:02 | INFO |   tau::t_46: 0.0387
2026-04-07 11:42:02 | INFO |   tau::t_47: 0.0754
2026-04-07 11:42:02 | INFO |   tau::t_48: 0.4848
2026-04-07 11:42:02 | INFO |   tau::t_49: 0.7146
2026-04-07 11:42:02 | INFO |   tau::t_50: 0.6351
2026-04-07 11:42:02 | INFO |   tau::t_51: 0.7452
2026-04-07 11:42:02 | INFO |   tau::t_52: 0.7299
2026-04-07 11:42:02 | INFO |   tau::t_53: 0.5817
2026-04-07 11:42:02 | INFO |   tau::t_54: 0.2068
2026-04-07 11:42:02 | INFO |   tau::t_55: -0.1163
2026-04-07 11:42:02 | INFO |   tau::t_56: -0.3509
2026-04-07 11:42:02 | INFO |   tau::t_57: -0.2916
2026-04-07 11:42:02 | INFO |   tau::t_58: -0.2715
2026-04-07 11:42:02 | INFO |   tau::t_59: -0.2100
2026-04-07 11:42:02 | INFO |   tau::t_60: -0.1909
2026-04-07 11:42:02 | INFO |   tau::t_61: -0.2460
2026-04-07 11:42:02 | INFO |   tau::t_62: -0.1404
2026-04-07 11:42:02 | INFO |   tau::t_63: -0.1714
2026-04-07 11:42:02 | INFO |   tau::t_64: 0.0565
2026-04-07 11:42:02 | INFO |   tau::t_65: -0.0136
2026-04-07 11:42:02 | INFO |   tau::t_66: 0.0778
2026-04-07 11:42:02 | INFO |   tau::t_67: 0.0980
2026-04-07 11:42:02 | INFO |   beta: -0.0219
2026-04-07 11:42:02 | INFO |   interaction::contiguity: 2.4845
2026-04-07 11:42:02 | INFO |   eta: 0.5137
2026-04-07 11:42:02 | INFO |   zeta: 0.1105
2026-04-07 11:42:02 | INFO |   psi: 2.1311
2026-04-07 11:42:02 | INFO | Saved summary tables to C:\Users\phevo\Documents\MIT\Code\MPLE-Causal-Inference\experiments\USCountyVaccination_US_tau_zero_mean_smooth\outcome_case_rate_100k_ge_100__intervention_complete_cov_ge_40__lag_2w__contiguity\mple_summary.csv and C:\Users\phevo\Documents\MIT\Code\MPLE-Causal-Inference\experiments\USCountyVaccination_US_tau_zero_mean_smooth\outcome_case_rate_100k_ge_100__intervention_complete_cov_ge_40__lag_2w__contiguity\mple_summary.md
2026-04-07 11:42:02 | INFO | Log saved to C:\Users\phevo\Documents\MIT\Code\MPLE-Causal-Inference\experiments\USCountyVaccination_US_tau_zero_mean_smooth\outcome_case_rate_100k_ge_100__intervention_complete_cov_ge_40__lag_2w__contiguity\mple.log
