2026-04-27 12:52:32 | INFO | Loading data...
2026-04-27 12:52:32 | INFO | Using panel artifact: /orcd/home/002/phevosp/MPLE-Causal-Inference/experiments/SyntheticHybridExperiments/hybrid_us_county_intervention_uscounty_graph_base/panel_data.npz
2026-04-27 12:52:32 | INFO | Using x_0 artifact: /orcd/home/002/phevosp/MPLE-Causal-Inference/experiments/SyntheticHybridExperiments/hybrid_us_county_intervention_uscounty_graph_base/x_0.npy
2026-04-27 12:52:32 | INFO | Using fit config: /orcd/home/002/phevosp/MPLE-Causal-Inference/experiments/SyntheticHybridExperiments/hybrid_us_county_intervention_uscounty_graph_base/fits/manifold_rank_10_rw_fixed_beta/fit_realized_config.yaml
2026-04-27 12:52:32 | INFO | Using model artifact directory: /orcd/home/002/phevosp/MPLE-Causal-Inference/experiments/SyntheticHybridExperiments/hybrid_us_county_intervention_uscounty_graph_base
2026-04-27 12:52:32 | INFO | Using truth artifact directory: /orcd/home/002/phevosp/MPLE-Causal-Inference/experiments/SyntheticHybridExperiments/hybrid_us_county_intervention_uscounty_graph_base
2026-04-27 12:52:33 | INFO | Configured optimizer mode: exact_rank_manifold
2026-04-27 12:52:33 | INFO | Configured latent rank: 10
2026-04-27 12:52:33 | INFO | Using a fixed known graph with scalar xi.
2026-04-27 12:52:33 | INFO | Fit-time hard bounds active: False
2026-04-27 12:52:33 | INFO | Fixed scalar parameters: {'beta': -0.3}
2026-04-27 12:52:33 | INFO | Warm-start fixed scalars: {} for 0 steps
2026-04-27 12:52:33 | INFO | Beta mask before s: False with s=55
2026-04-27 12:52:33 | INFO | Beta mask after e: False with e=120
2026-04-27 12:52:33 | INFO | Optimizer settings: steps=20000, tol=1e-09, n_starts=1, seed=0, lambda_nuclear=0.0, lambda_frobenius=0.1, lambda_uv_ridge=0.0, proximal_lr=1.0
2026-04-27 12:52:33 | INFO | Pymanopt start 1/1 | seed=0 | initialization=random | initial_loss=0.637177 | initial_penalized=0.637179
2026-04-27 12:52:33 | INFO | Pymanopt eval 0 | Loss: 0.637177 | Penalized: 0.637179
2026-04-27 12:52:34 | INFO | Pymanopt eval 100 | Loss: 0.486104 | Penalized: 0.490261
2026-04-27 12:52:36 | INFO | Pymanopt eval 200 | Loss: 0.476715 | Penalized: 0.483402
2026-04-27 12:52:38 | INFO | Pymanopt eval 300 | Loss: 0.476699 | Penalized: 0.483384
2026-04-27 12:52:40 | INFO | Pymanopt eval 400 | Loss: 0.476682 | Penalized: 0.483365
2026-04-27 12:52:42 | INFO | Pymanopt eval 500 | Loss: 0.476664 | Penalized: 0.483344
2026-04-27 12:52:44 | INFO | Pymanopt eval 600 | Loss: 0.476647 | Penalized: 0.483324
2026-04-27 12:52:45 | INFO | Pymanopt eval 700 | Loss: 0.476629 | Penalized: 0.483303
2026-04-27 12:52:47 | INFO | Pymanopt eval 800 | Loss: 0.476624 | Penalized: 0.483296
2026-04-27 12:52:49 | INFO | Pymanopt eval 900 | Loss: 0.476604 | Penalized: 0.483273
2026-04-27 12:52:51 | INFO | Pymanopt eval 1000 | Loss: 0.476580 | Penalized: 0.483247
2026-04-27 12:52:53 | INFO | Pymanopt eval 1100 | Loss: 0.476564 | Penalized: 0.483228
2026-04-27 12:52:55 | INFO | Pymanopt eval 1200 | Loss: 0.476548 | Penalized: 0.483211
2026-04-27 12:52:57 | INFO | Pymanopt eval 1300 | Loss: 0.476531 | Penalized: 0.483190
2026-04-27 12:52:58 | INFO | Pymanopt eval 1400 | Loss: 0.476514 | Penalized: 0.483170
2026-04-27 12:53:00 | INFO | Pymanopt eval 1500 | Loss: 0.475268 | Penalized: 0.481103
2026-04-27 12:53:02 | INFO | Pymanopt eval 1600 | Loss: 0.473356 | Penalized: 0.479402
2026-04-27 12:53:04 | INFO | Pymanopt eval 1700 | Loss: 0.473355 | Penalized: 0.479399
2026-04-27 12:53:06 | INFO | Pymanopt eval 1800 | Loss: 0.473353 | Penalized: 0.479396
2026-04-27 12:53:08 | INFO | Pymanopt eval 1900 | Loss: 0.473351 | Penalized: 0.479393
2026-04-27 12:53:10 | INFO | Pymanopt eval 2000 | Loss: 0.473349 | Penalized: 0.479391
2026-04-27 12:53:11 | INFO | Pymanopt eval 2100 | Loss: 0.473347 | Penalized: 0.479388
2026-04-27 12:53:13 | INFO | Pymanopt eval 2200 | Loss: 0.473345 | Penalized: 0.479386
2026-04-27 12:53:15 | INFO | Pymanopt eval 2300 | Loss: 0.473343 | Penalized: 0.479383
2026-04-27 12:53:17 | INFO | Pymanopt eval 2400 | Loss: 0.473341 | Penalized: 0.479380
2026-04-27 12:53:19 | INFO | Pymanopt eval 2500 | Loss: 0.473341 | Penalized: 0.479379
2026-04-27 12:53:21 | INFO | Pymanopt eval 2600 | Loss: 0.473337 | Penalized: 0.479375
2026-04-27 12:53:23 | INFO | Pymanopt eval 2700 | Loss: 0.473335 | Penalized: 0.479372
2026-04-27 12:53:24 | INFO | Pymanopt eval 2800 | Loss: 0.473334 | Penalized: 0.479370
2026-04-27 12:53:26 | INFO | Pymanopt eval 2900 | Loss: 0.473332 | Penalized: 0.479367
2026-04-27 12:53:28 | INFO | Pymanopt eval 3000 | Loss: 0.473330 | Penalized: 0.479364
2026-04-27 12:53:30 | INFO | Pymanopt eval 3100 | Loss: 0.473328 | Penalized: 0.479362
2026-04-27 12:53:32 | INFO | Pymanopt eval 3200 | Loss: 0.473326 | Penalized: 0.479359
2026-04-27 12:53:34 | INFO | Pymanopt eval 3300 | Loss: 0.473324 | Penalized: 0.479357
2026-04-27 12:53:36 | INFO | Pymanopt eval 3400 | Loss: 0.473322 | Penalized: 0.479354
2026-04-27 12:53:37 | INFO | Pymanopt eval 3500 | Loss: 0.473320 | Penalized: 0.479351
2026-04-27 12:53:39 | INFO | Pymanopt eval 3600 | Loss: 0.473319 | Penalized: 0.479349
2026-04-27 12:53:41 | INFO | Pymanopt eval 3700 | Loss: 0.473317 | Penalized: 0.479346
2026-04-27 12:53:43 | INFO | Pymanopt eval 3800 | Loss: 0.473315 | Penalized: 0.479343
2026-04-27 12:53:45 | INFO | Pymanopt eval 3900 | Loss: 0.473313 | Penalized: 0.479341
2026-04-27 12:53:47 | INFO | Pymanopt eval 4000 | Loss: 0.473311 | Penalized: 0.479338
2026-04-27 12:53:49 | INFO | Pymanopt eval 4100 | Loss: 0.473309 | Penalized: 0.479336
2026-04-27 12:53:51 | INFO | Pymanopt eval 4200 | Loss: 0.473309 | Penalized: 0.479335
2026-04-27 12:53:52 | INFO | Pymanopt eval 4300 | Loss: 0.473305 | Penalized: 0.479330
2026-04-27 12:53:54 | INFO | Pymanopt eval 4400 | Loss: 0.473304 | Penalized: 0.479328
2026-04-27 12:53:56 | INFO | Pymanopt eval 4500 | Loss: 0.473302 | Penalized: 0.479325
2026-04-27 12:53:58 | INFO | Pymanopt eval 4600 | Loss: 0.473300 | Penalized: 0.479323
2026-04-27 12:54:00 | INFO | Pymanopt eval 4700 | Loss: 0.473298 | Penalized: 0.479320
2026-04-27 12:54:02 | INFO | Pymanopt eval 4800 | Loss: 0.473296 | Penalized: 0.479318
2026-04-27 12:54:04 | INFO | Pymanopt eval 4900 | Loss: 0.473294 | Penalized: 0.479315
2026-04-27 12:54:05 | INFO | Pymanopt eval 5000 | Loss: 0.473292 | Penalized: 0.479312
2026-04-27 12:54:07 | INFO | Pymanopt eval 5100 | Loss: 0.473290 | Penalized: 0.479310
2026-04-27 12:54:09 | INFO | Pymanopt eval 5200 | Loss: 0.473289 | Penalized: 0.479307
2026-04-27 12:54:11 | INFO | Pymanopt eval 5300 | Loss: 0.473293 | Penalized: 0.479311
2026-04-27 12:54:13 | INFO | Pymanopt eval 5400 | Loss: 0.473285 | Penalized: 0.479302
2026-04-27 12:54:15 | INFO | Pymanopt eval 5500 | Loss: 0.473285 | Penalized: 0.479301
2026-04-27 12:54:16 | INFO | Pymanopt eval 5600 | Loss: 0.473281 | Penalized: 0.479297
2026-04-27 12:54:18 | INFO | Pymanopt eval 5700 | Loss: 0.473280 | Penalized: 0.479295
2026-04-27 12:54:20 | INFO | Pymanopt eval 5800 | Loss: 0.473278 | Penalized: 0.479292
2026-04-27 12:54:22 | INFO | Pymanopt eval 5900 | Loss: 0.473276 | Penalized: 0.479289
2026-04-27 12:54:24 | INFO | Pymanopt eval 6000 | Loss: 0.473274 | Penalized: 0.479287
2026-04-27 12:54:26 | INFO | Pymanopt eval 6100 | Loss: 0.473272 | Penalized: 0.479284
2026-04-27 12:54:28 | INFO | Pymanopt eval 6200 | Loss: 0.473270 | Penalized: 0.479282
2026-04-27 12:54:29 | INFO | Pymanopt eval 6300 | Loss: 0.473268 | Penalized: 0.479279
2026-04-27 12:54:31 | INFO | Pymanopt eval 6400 | Loss: 0.473266 | Penalized: 0.479276
2026-04-27 12:54:33 | INFO | Pymanopt eval 6500 | Loss: 0.473265 | Penalized: 0.479274
2026-04-27 12:54:35 | INFO | Pymanopt eval 6600 | Loss: 0.473268 | Penalized: 0.479277
2026-04-27 12:54:37 | INFO | Pymanopt eval 6700 | Loss: 0.473261 | Penalized: 0.479269
2026-04-27 12:54:39 | INFO | Pymanopt eval 6800 | Loss: 0.473259 | Penalized: 0.479266
2026-04-27 12:54:41 | INFO | Pymanopt eval 6900 | Loss: 0.473257 | Penalized: 0.479264
2026-04-27 12:54:43 | INFO | Pymanopt eval 7000 | Loss: 0.473255 | Penalized: 0.479261
2026-04-27 12:54:44 | INFO | Pymanopt eval 7100 | Loss: 0.473254 | Penalized: 0.479259
2026-04-27 12:54:46 | INFO | Pymanopt eval 7200 | Loss: 0.473252 | Penalized: 0.479256
2026-04-27 12:54:48 | INFO | Pymanopt eval 7300 | Loss: 0.473250 | Penalized: 0.479254
2026-04-27 12:54:50 | INFO | Pymanopt eval 7400 | Loss: 0.473248 | Penalized: 0.479252
2026-04-27 12:54:52 | INFO | Pymanopt eval 7500 | Loss: 0.473246 | Penalized: 0.479249
2026-04-27 12:54:54 | INFO | Pymanopt eval 7600 | Loss: 0.473244 | Penalized: 0.479246
2026-04-27 12:54:56 | INFO | Pymanopt eval 7700 | Loss: 0.473243 | Penalized: 0.479244
2026-04-27 12:54:57 | INFO | Pymanopt eval 7800 | Loss: 0.473241 | Penalized: 0.479241
2026-04-27 12:54:59 | INFO | Pymanopt eval 7900 | Loss: 0.473244 | Penalized: 0.479244
2026-04-27 12:55:01 | INFO | Pymanopt eval 8000 | Loss: 0.473237 | Penalized: 0.479236
2026-04-27 12:55:03 | INFO | Pymanopt eval 8100 | Loss: 0.473235 | Penalized: 0.479234
2026-04-27 12:55:05 | INFO | Pymanopt eval 8200 | Loss: 0.473234 | Penalized: 0.479231
2026-04-27 12:55:07 | INFO | Pymanopt eval 8300 | Loss: 0.473232 | Penalized: 0.479229
2026-04-27 12:55:09 | INFO | Pymanopt eval 8400 | Loss: 0.473230 | Penalized: 0.479227
2026-04-27 12:55:11 | INFO | Pymanopt eval 8500 | Loss: 0.473228 | Penalized: 0.479224
2026-04-27 12:55:12 | INFO | Pymanopt eval 8600 | Loss: 0.473226 | Penalized: 0.479221
2026-04-27 12:55:14 | INFO | Pymanopt eval 8700 | Loss: 0.473225 | Penalized: 0.479219
2026-04-27 12:55:16 | INFO | Pymanopt eval 8800 | Loss: 0.473223 | Penalized: 0.479216
2026-04-27 12:55:18 | INFO | Pymanopt eval 8900 | Loss: 0.473221 | Penalized: 0.479214
2026-04-27 12:55:20 | INFO | Pymanopt eval 9000 | Loss: 0.473219 | Penalized: 0.479211
2026-04-27 12:55:22 | INFO | Pymanopt eval 9100 | Loss: 0.473217 | Penalized: 0.479209
2026-04-27 12:55:24 | INFO | Pymanopt eval 9200 | Loss: 0.473221 | Penalized: 0.479212
2026-04-27 12:55:26 | INFO | Pymanopt eval 9300 | Loss: 0.473213 | Penalized: 0.479204
2026-04-27 12:55:27 | INFO | Pymanopt eval 9400 | Loss: 0.473212 | Penalized: 0.479202
2026-04-27 12:55:29 | INFO | Pymanopt eval 9500 | Loss: 0.473210 | Penalized: 0.479199
2026-04-27 12:55:31 | INFO | Pymanopt eval 9600 | Loss: 0.473208 | Penalized: 0.479197
2026-04-27 12:55:33 | INFO | Pymanopt eval 9700 | Loss: 0.473206 | Penalized: 0.479194
2026-04-27 12:55:35 | INFO | Pymanopt eval 9800 | Loss: 0.473204 | Penalized: 0.479192
2026-04-27 12:55:37 | INFO | Pymanopt eval 9900 | Loss: 0.473203 | Penalized: 0.479189
2026-04-27 12:55:39 | INFO | Pymanopt eval 10000 | Loss: 0.473201 | Penalized: 0.479187
2026-04-27 12:55:41 | INFO | Pymanopt eval 10100 | Loss: 0.473199 | Penalized: 0.479184
2026-04-27 12:55:42 | INFO | Pymanopt eval 10200 | Loss: 0.473197 | Penalized: 0.479182
2026-04-27 12:55:44 | INFO | Pymanopt eval 10300 | Loss: 0.473195 | Penalized: 0.479180
2026-04-27 12:55:46 | INFO | Pymanopt eval 10400 | Loss: 0.473194 | Penalized: 0.479177
2026-04-27 12:55:48 | INFO | Pymanopt eval 10500 | Loss: 0.473198 | Penalized: 0.479181
2026-04-27 12:55:50 | INFO | Pymanopt eval 10600 | Loss: 0.473190 | Penalized: 0.479173
2026-04-27 12:55:52 | INFO | Pymanopt eval 10700 | Loss: 0.473190 | Penalized: 0.479172
2026-04-27 12:55:54 | INFO | Pymanopt eval 10800 | Loss: 0.473187 | Penalized: 0.479168
2026-04-27 12:55:56 | INFO | Pymanopt eval 10900 | Loss: 0.473185 | Penalized: 0.479165
2026-04-27 12:55:57 | INFO | Pymanopt eval 11000 | Loss: 0.473183 | Penalized: 0.479163
2026-04-27 12:55:59 | INFO | Pymanopt eval 11100 | Loss: 0.473181 | Penalized: 0.479160
2026-04-27 12:56:01 | INFO | Pymanopt eval 11200 | Loss: 0.473179 | Penalized: 0.479158
2026-04-27 12:56:03 | INFO | Pymanopt eval 11300 | Loss: 0.473178 | Penalized: 0.479155
2026-04-27 12:56:05 | INFO | Pymanopt eval 11400 | Loss: 0.473176 | Penalized: 0.479153
2026-04-27 12:56:07 | INFO | Pymanopt eval 11500 | Loss: 0.473174 | Penalized: 0.479151
2026-04-27 12:56:09 | INFO | Pymanopt eval 11600 | Loss: 0.473172 | Penalized: 0.479148
2026-04-27 12:56:11 | INFO | Pymanopt eval 11700 | Loss: 0.473170 | Penalized: 0.479146
2026-04-27 12:56:13 | INFO | Pymanopt eval 11800 | Loss: 0.473169 | Penalized: 0.479143
2026-04-27 12:56:14 | INFO | Pymanopt eval 11900 | Loss: 0.473167 | Penalized: 0.479141
2026-04-27 12:56:16 | INFO | Pymanopt eval 12000 | Loss: 0.473165 | Penalized: 0.479139
2026-04-27 12:56:18 | INFO | Pymanopt eval 12100 | Loss: 0.473163 | Penalized: 0.479136
2026-04-27 12:56:20 | INFO | Pymanopt eval 12200 | Loss: 0.473162 | Penalized: 0.479134
2026-04-27 12:56:22 | INFO | Pymanopt eval 12300 | Loss: 0.473160 | Penalized: 0.479132
2026-04-27 12:56:24 | INFO | Pymanopt eval 12400 | Loss: 0.473158 | Penalized: 0.479129
2026-04-27 12:56:26 | INFO | Pymanopt eval 12500 | Loss: 0.473156 | Penalized: 0.479127
2026-04-27 12:56:28 | INFO | Pymanopt eval 12600 | Loss: 0.473154 | Penalized: 0.479124
2026-04-27 12:56:29 | INFO | Pymanopt eval 12700 | Loss: 0.473153 | Penalized: 0.479122
2026-04-27 12:56:31 | INFO | Pymanopt eval 12800 | Loss: 0.473151 | Penalized: 0.479119
2026-04-27 12:56:33 | INFO | Pymanopt eval 12900 | Loss: 0.473150 | Penalized: 0.479118
2026-04-27 12:56:35 | INFO | Pymanopt eval 13000 | Loss: 0.473147 | Penalized: 0.479114
2026-04-27 12:56:37 | INFO | Pymanopt eval 13100 | Loss: 0.473146 | Penalized: 0.479112
2026-04-27 12:56:39 | INFO | Pymanopt eval 13200 | Loss: 0.473144 | Penalized: 0.479110
2026-04-27 12:56:41 | INFO | Pymanopt eval 13300 | Loss: 0.473142 | Penalized: 0.479108
2026-04-27 12:56:43 | INFO | Pymanopt eval 13400 | Loss: 0.473140 | Penalized: 0.479105
2026-04-27 12:56:44 | INFO | Pymanopt eval 13500 | Loss: 0.473138 | Penalized: 0.479103
2026-04-27 12:56:46 | INFO | Pymanopt eval 13600 | Loss: 0.473137 | Penalized: 0.479100
2026-04-27 12:56:48 | INFO | Pymanopt eval 13700 | Loss: 0.473135 | Penalized: 0.479098
2026-04-27 12:56:50 | INFO | Pymanopt eval 13800 | Loss: 0.473133 | Penalized: 0.479096
2026-04-27 12:56:52 | INFO | Pymanopt eval 13900 | Loss: 0.473131 | Penalized: 0.479093
2026-04-27 12:56:54 | INFO | Pymanopt eval 14000 | Loss: 0.473130 | Penalized: 0.479091
2026-04-27 12:56:56 | INFO | Pymanopt eval 14100 | Loss: 0.473128 | Penalized: 0.479089
2026-04-27 12:56:57 | INFO | Pymanopt eval 14200 | Loss: 0.473126 | Penalized: 0.479086
2026-04-27 12:56:59 | INFO | Pymanopt eval 14300 | Loss: 0.473124 | Penalized: 0.479084
2026-04-27 12:57:01 | INFO | Pymanopt eval 14400 | Loss: 0.473123 | Penalized: 0.479082
2026-04-27 12:57:03 | INFO | Pymanopt eval 14500 | Loss: 0.473121 | Penalized: 0.479079
2026-04-27 12:57:05 | INFO | Pymanopt eval 14600 | Loss: 0.473119 | Penalized: 0.479077
2026-04-27 12:57:07 | INFO | Pymanopt eval 14700 | Loss: 0.473117 | Penalized: 0.479075
2026-04-27 12:57:09 | INFO | Pymanopt eval 14800 | Loss: 0.473116 | Penalized: 0.479073
2026-04-27 12:57:11 | INFO | Pymanopt eval 14900 | Loss: 0.473114 | Penalized: 0.479070
2026-04-27 12:57:13 | INFO | Pymanopt eval 15000 | Loss: 0.473112 | Penalized: 0.479067
2026-04-27 12:57:14 | INFO | Pymanopt eval 15100 | Loss: 0.473110 | Penalized: 0.479065
2026-04-27 12:57:16 | INFO | Pymanopt eval 15200 | Loss: 0.473109 | Penalized: 0.479063
2026-04-27 12:57:18 | INFO | Pymanopt eval 15300 | Loss: 0.473107 | Penalized: 0.479061
2026-04-27 12:57:20 | INFO | Pymanopt eval 15400 | Loss: 0.473107 | Penalized: 0.479060
2026-04-27 12:57:22 | INFO | Pymanopt eval 15500 | Loss: 0.473103 | Penalized: 0.479056
2026-04-27 12:57:24 | INFO | Pymanopt eval 15600 | Loss: 0.473102 | Penalized: 0.479054
2026-04-27 12:57:26 | INFO | Pymanopt eval 15700 | Loss: 0.473100 | Penalized: 0.479051
2026-04-27 12:57:28 | INFO | Pymanopt eval 15800 | Loss: 0.473098 | Penalized: 0.479049
2026-04-27 12:57:30 | INFO | Pymanopt eval 15900 | Loss: 0.473096 | Penalized: 0.479047
2026-04-27 12:57:31 | INFO | Pymanopt eval 16000 | Loss: 0.473094 | Penalized: 0.479044
2026-04-27 12:57:33 | INFO | Pymanopt eval 16100 | Loss: 0.473093 | Penalized: 0.479042
2026-04-27 12:57:35 | INFO | Pymanopt eval 16200 | Loss: 0.473091 | Penalized: 0.479040
2026-04-27 12:57:37 | INFO | Pymanopt eval 16300 | Loss: 0.473091 | Penalized: 0.479039
2026-04-27 12:57:39 | INFO | Pymanopt eval 16400 | Loss: 0.473087 | Penalized: 0.479035
2026-04-27 12:57:41 | INFO | Pymanopt eval 16500 | Loss: 0.473086 | Penalized: 0.479033
2026-04-27 12:57:43 | INFO | Pymanopt eval 16600 | Loss: 0.473084 | Penalized: 0.479031
2026-04-27 12:57:45 | INFO | Pymanopt eval 16700 | Loss: 0.473082 | Penalized: 0.479028
2026-04-27 12:57:46 | INFO | Pymanopt eval 16800 | Loss: 0.473081 | Penalized: 0.479026
2026-04-27 12:57:48 | INFO | Pymanopt eval 16900 | Loss: 0.473079 | Penalized: 0.479024
2026-04-27 12:57:50 | INFO | Pymanopt eval 17000 | Loss: 0.473077 | Penalized: 0.479021
2026-04-27 12:57:52 | INFO | Pymanopt eval 17100 | Loss: 0.473075 | Penalized: 0.479019
2026-04-27 12:57:54 | INFO | Pymanopt eval 17200 | Loss: 0.473074 | Penalized: 0.479017
2026-04-27 12:57:56 | INFO | Pymanopt eval 17300 | Loss: 0.473078 | Penalized: 0.479020
2026-04-27 12:57:58 | INFO | Pymanopt eval 17400 | Loss: 0.473070 | Penalized: 0.479012
2026-04-27 12:58:00 | INFO | Pymanopt eval 17500 | Loss: 0.473070 | Penalized: 0.479012
2026-04-27 12:58:01 | INFO | Pymanopt eval 17600 | Loss: 0.473067 | Penalized: 0.479008
2026-04-27 12:58:03 | INFO | Pymanopt eval 17700 | Loss: 0.473065 | Penalized: 0.479005
2026-04-27 12:58:05 | INFO | Pymanopt eval 17800 | Loss: 0.473063 | Penalized: 0.479003
2026-04-27 12:58:07 | INFO | Pymanopt eval 17900 | Loss: 0.473062 | Penalized: 0.479001
2026-04-27 12:58:09 | INFO | Pymanopt eval 18000 | Loss: 0.473060 | Penalized: 0.478999
2026-04-27 12:58:11 | INFO | Pymanopt eval 18100 | Loss: 0.473058 | Penalized: 0.478996
2026-04-27 12:58:13 | INFO | Pymanopt eval 18200 | Loss: 0.473056 | Penalized: 0.478994
2026-04-27 12:58:15 | INFO | Pymanopt eval 18300 | Loss: 0.473054 | Penalized: 0.478992
2026-04-27 12:58:16 | INFO | Pymanopt eval 18400 | Loss: 0.473054 | Penalized: 0.478991
2026-04-27 12:58:18 | INFO | Pymanopt eval 18500 | Loss: 0.473051 | Penalized: 0.478987
2026-04-27 12:58:20 | INFO | Pymanopt eval 18600 | Loss: 0.473050 | Penalized: 0.478985
2026-04-27 12:58:22 | INFO | Pymanopt eval 18700 | Loss: 0.473048 | Penalized: 0.478983
2026-04-27 12:58:24 | INFO | Pymanopt eval 18800 | Loss: 0.473046 | Penalized: 0.478981
2026-04-27 12:58:26 | INFO | Pymanopt eval 18900 | Loss: 0.473044 | Penalized: 0.478978
2026-04-27 12:58:28 | INFO | Pymanopt eval 19000 | Loss: 0.473043 | Penalized: 0.478976
2026-04-27 12:58:29 | INFO | Pymanopt eval 19100 | Loss: 0.473041 | Penalized: 0.478973
2026-04-27 12:58:31 | INFO | Pymanopt eval 19200 | Loss: 0.473039 | Penalized: 0.478971
2026-04-27 12:58:33 | INFO | Pymanopt eval 19300 | Loss: 0.473037 | Penalized: 0.478969
2026-04-27 12:58:35 | INFO | Pymanopt eval 19400 | Loss: 0.473042 | Penalized: 0.478973
2026-04-27 12:58:37 | INFO | Pymanopt eval 19500 | Loss: 0.473034 | Penalized: 0.478965
2026-04-27 12:58:39 | INFO | Pymanopt eval 19600 | Loss: 0.473034 | Penalized: 0.478964
2026-04-27 12:58:41 | INFO | Pymanopt eval 19700 | Loss: 0.473030 | Penalized: 0.478960
2026-04-27 12:58:42 | INFO | Pymanopt eval 19800 | Loss: 0.473029 | Penalized: 0.478958
2026-04-27 12:58:44 | INFO | Pymanopt eval 19900 | Loss: 0.473027 | Penalized: 0.478956
2026-04-27 12:58:46 | INFO | Pymanopt eval 20000 | Loss: 0.473025 | Penalized: 0.478954
2026-04-27 12:58:48 | INFO | Pymanopt eval 20100 | Loss: 0.473024 | Penalized: 0.478951
2026-04-27 12:58:50 | INFO | Pymanopt eval 20200 | Loss: 0.473022 | Penalized: 0.478949
2026-04-27 12:58:52 | INFO | Pymanopt eval 20300 | Loss: 0.473020 | Penalized: 0.478947
2026-04-27 12:58:54 | INFO | Pymanopt eval 20400 | Loss: 0.473018 | Penalized: 0.478944
2026-04-27 12:58:55 | INFO | Pymanopt eval 20500 | Loss: 0.473018 | Penalized: 0.478943
2026-04-27 12:58:57 | INFO | Pymanopt eval 20600 | Loss: 0.473015 | Penalized: 0.478940
2026-04-27 12:58:59 | INFO | Pymanopt eval 20700 | Loss: 0.473013 | Penalized: 0.478938
2026-04-27 12:59:01 | INFO | Pymanopt eval 20800 | Loss: 0.473011 | Penalized: 0.478935
2026-04-27 12:59:03 | INFO | Pymanopt eval 20900 | Loss: 0.473010 | Penalized: 0.478933
2026-04-27 12:59:05 | INFO | Pymanopt eval 21000 | Loss: 0.473008 | Penalized: 0.478931
2026-04-27 12:59:07 | INFO | Pymanopt eval 21100 | Loss: 0.473007 | Penalized: 0.478929
2026-04-27 12:59:08 | INFO | Pymanopt eval 21200 | Loss: 0.473005 | Penalized: 0.478927
2026-04-27 12:59:10 | INFO | Pymanopt eval 21300 | Loss: 0.473003 | Penalized: 0.478924
2026-04-27 12:59:12 | INFO | Pymanopt eval 21400 | Loss: 0.473001 | Penalized: 0.478922
2026-04-27 12:59:14 | INFO | Pymanopt eval 21500 | Loss: 0.473000 | Penalized: 0.478920
2026-04-27 12:59:16 | INFO | Pymanopt eval 21600 | Loss: 0.472998 | Penalized: 0.478918
2026-04-27 12:59:18 | INFO | Pymanopt eval 21700 | Loss: 0.472996 | Penalized: 0.478916
2026-04-27 12:59:20 | INFO | Pymanopt eval 21800 | Loss: 0.472994 | Penalized: 0.478913
2026-04-27 12:59:21 | INFO | Pymanopt eval 21900 | Loss: 0.472993 | Penalized: 0.478911
2026-04-27 12:59:23 | INFO | Pymanopt eval 22000 | Loss: 0.472991 | Penalized: 0.478909
2026-04-27 12:59:25 | INFO | Pymanopt eval 22100 | Loss: 0.472989 | Penalized: 0.478907
2026-04-27 12:59:27 | INFO | Pymanopt eval 22200 | Loss: 0.472987 | Penalized: 0.478904
2026-04-27 12:59:29 | INFO | Pymanopt eval 22300 | Loss: 0.472986 | Penalized: 0.478902
2026-04-27 12:59:31 | INFO | Pymanopt eval 22400 | Loss: 0.472984 | Penalized: 0.478900
2026-04-27 12:59:33 | INFO | Pymanopt eval 22500 | Loss: 0.472982 | Penalized: 0.478898
2026-04-27 12:59:34 | INFO | Pymanopt eval 22600 | Loss: 0.472981 | Penalized: 0.478896
2026-04-27 12:59:36 | INFO | Pymanopt eval 22700 | Loss: 0.472979 | Penalized: 0.478894
2026-04-27 12:59:38 | INFO | Pymanopt eval 22800 | Loss: 0.472977 | Penalized: 0.478891
2026-04-27 12:59:40 | INFO | Pymanopt eval 22900 | Loss: 0.472976 | Penalized: 0.478889
2026-04-27 12:59:42 | INFO | Pymanopt eval 23000 | Loss: 0.472974 | Penalized: 0.478887
2026-04-27 12:59:44 | INFO | Pymanopt eval 23100 | Loss: 0.472972 | Penalized: 0.478885
2026-04-27 12:59:46 | INFO | Pymanopt eval 23200 | Loss: 0.472970 | Penalized: 0.478883
2026-04-27 12:59:48 | INFO | Pymanopt eval 23300 | Loss: 0.472969 | Penalized: 0.478880
2026-04-27 12:59:49 | INFO | Pymanopt eval 23400 | Loss: 0.472968 | Penalized: 0.478879
2026-04-27 12:59:51 | INFO | Pymanopt eval 23500 | Loss: 0.472965 | Penalized: 0.478876
2026-04-27 12:59:53 | INFO | Pymanopt eval 23600 | Loss: 0.472964 | Penalized: 0.478874
2026-04-27 12:59:55 | INFO | Pymanopt eval 23700 | Loss: 0.472962 | Penalized: 0.478872
2026-04-27 12:59:57 | INFO | Pymanopt eval 23800 | Loss: 0.472960 | Penalized: 0.478870
2026-04-27 12:59:59 | INFO | Pymanopt eval 23900 | Loss: 0.472959 | Penalized: 0.478867
2026-04-27 13:00:01 | INFO | Pymanopt eval 24000 | Loss: 0.472957 | Penalized: 0.478865
2026-04-27 13:00:03 | INFO | Pymanopt eval 24100 | Loss: 0.472955 | Penalized: 0.478863
2026-04-27 13:00:04 | INFO | Pymanopt eval 24200 | Loss: 0.472953 | Penalized: 0.478861
2026-04-27 13:00:06 | INFO | Pymanopt eval 24300 | Loss: 0.472952 | Penalized: 0.478859
2026-04-27 13:00:08 | INFO | Pymanopt eval 24400 | Loss: 0.472950 | Penalized: 0.478856
2026-04-27 13:00:10 | INFO | Pymanopt eval 24500 | Loss: 0.472948 | Penalized: 0.478854
2026-04-27 13:00:12 | INFO | Pymanopt eval 24600 | Loss: 0.472947 | Penalized: 0.478852
2026-04-27 13:00:14 | INFO | Pymanopt eval 24700 | Loss: 0.472945 | Penalized: 0.478850
2026-04-27 13:00:16 | INFO | Pymanopt eval 24800 | Loss: 0.472943 | Penalized: 0.478848
2026-04-27 13:00:17 | INFO | Pymanopt eval 24900 | Loss: 0.472941 | Penalized: 0.478846
2026-04-27 13:00:19 | INFO | Pymanopt eval 25000 | Loss: 0.472940 | Penalized: 0.478844
2026-04-27 13:00:21 | INFO | Pymanopt eval 25100 | Loss: 0.472938 | Penalized: 0.478841
2026-04-27 13:00:23 | INFO | Pymanopt eval 25200 | Loss: 0.472941 | Penalized: 0.478844
2026-04-27 13:00:25 | INFO | Pymanopt eval 25300 | Loss: 0.472935 | Penalized: 0.478837
2026-04-27 13:00:27 | INFO | Pymanopt eval 25400 | Loss: 0.472933 | Penalized: 0.478835
2026-04-27 13:00:29 | INFO | Pymanopt eval 25500 | Loss: 0.472931 | Penalized: 0.478833
2026-04-27 13:00:31 | INFO | Pymanopt eval 25600 | Loss: 0.472930 | Penalized: 0.478831
2026-04-27 13:00:32 | INFO | Pymanopt eval 25700 | Loss: 0.472928 | Penalized: 0.478829
2026-04-27 13:00:34 | INFO | Pymanopt eval 25800 | Loss: 0.472926 | Penalized: 0.478826
2026-04-27 13:00:36 | INFO | Pymanopt eval 25900 | Loss: 0.472925 | Penalized: 0.478824
2026-04-27 13:00:38 | INFO | Pymanopt eval 26000 | Loss: 0.472923 | Penalized: 0.478822
2026-04-27 13:00:40 | INFO | Pymanopt eval 26100 | Loss: 0.472921 | Penalized: 0.478820
2026-04-27 13:00:42 | INFO | Pymanopt eval 26200 | Loss: 0.472920 | Penalized: 0.478818
2026-04-27 13:00:44 | INFO | Pymanopt eval 26300 | Loss: 0.472919 | Penalized: 0.478817
2026-04-27 13:00:45 | INFO | Pymanopt eval 26400 | Loss: 0.472916 | Penalized: 0.478813
2026-04-27 13:00:47 | INFO | Pymanopt eval 26500 | Loss: 0.472915 | Penalized: 0.478811
2026-04-27 13:00:49 | INFO | Pymanopt eval 26600 | Loss: 0.472913 | Penalized: 0.478809
2026-04-27 13:00:51 | INFO | Pymanopt eval 26700 | Loss: 0.472911 | Penalized: 0.478807
2026-04-27 13:00:53 | INFO | Pymanopt eval 26800 | Loss: 0.472909 | Penalized: 0.478805
2026-04-27 13:00:55 | INFO | Pymanopt eval 26900 | Loss: 0.472908 | Penalized: 0.478803
2026-04-27 13:00:57 | INFO | Pymanopt eval 27000 | Loss: 0.472906 | Penalized: 0.478800
2026-04-27 13:00:58 | INFO | Pymanopt eval 27100 | Loss: 0.472904 | Penalized: 0.478798
2026-04-27 13:01:00 | INFO | Pymanopt eval 27200 | Loss: 0.472902 | Penalized: 0.478796
2026-04-27 13:01:02 | INFO | Pymanopt eval 27300 | Loss: 0.472901 | Penalized: 0.478794
2026-04-27 13:01:04 | INFO | Pymanopt eval 27400 | Loss: 0.472899 | Penalized: 0.478792
2026-04-27 13:01:06 | INFO | Pymanopt eval 27500 | Loss: 0.472898 | Penalized: 0.478790
2026-04-27 13:01:08 | INFO | Pymanopt eval 27600 | Loss: 0.472896 | Penalized: 0.478788
2026-04-27 13:01:10 | INFO | Pymanopt eval 27700 | Loss: 0.472894 | Penalized: 0.478786
2026-04-27 13:01:12 | INFO | Pymanopt eval 27800 | Loss: 0.472892 | Penalized: 0.478783
2026-04-27 13:01:13 | INFO | Pymanopt eval 27900 | Loss: 0.472891 | Penalized: 0.478781
2026-04-27 13:01:15 | INFO | Pymanopt eval 28000 | Loss: 0.472889 | Penalized: 0.478779
2026-04-27 13:01:17 | INFO | Pymanopt eval 28100 | Loss: 0.472887 | Penalized: 0.478777
2026-04-27 13:01:19 | INFO | Pymanopt eval 28200 | Loss: 0.472886 | Penalized: 0.478775
2026-04-27 13:01:21 | INFO | Pymanopt eval 28300 | Loss: 0.472884 | Penalized: 0.478773
2026-04-27 13:01:23 | INFO | Pymanopt eval 28400 | Loss: 0.472882 | Penalized: 0.478771
2026-04-27 13:01:25 | INFO | Pymanopt eval 28500 | Loss: 0.472881 | Penalized: 0.478769
2026-04-27 13:01:27 | INFO | Pymanopt eval 28600 | Loss: 0.472879 | Penalized: 0.478767
2026-04-27 13:01:28 | INFO | Pymanopt eval 28700 | Loss: 0.472877 | Penalized: 0.478765
2026-04-27 13:01:30 | INFO | Pymanopt eval 28800 | Loss: 0.472875 | Penalized: 0.478762
2026-04-27 13:01:32 | INFO | Pymanopt eval 28900 | Loss: 0.472879 | Penalized: 0.478765
2026-04-27 13:01:34 | INFO | Pymanopt eval 29000 | Loss: 0.472872 | Penalized: 0.478758
2026-04-27 13:01:36 | INFO | Pymanopt eval 29100 | Loss: 0.472872 | Penalized: 0.478758
2026-04-27 13:01:38 | INFO | Pymanopt eval 29200 | Loss: 0.472869 | Penalized: 0.478754
2026-04-27 13:01:40 | INFO | Pymanopt eval 29300 | Loss: 0.472867 | Penalized: 0.478752
2026-04-27 13:01:41 | INFO | Pymanopt eval 29400 | Loss: 0.472866 | Penalized: 0.478750
2026-04-27 13:01:43 | INFO | Pymanopt eval 29500 | Loss: 0.472864 | Penalized: 0.478748
2026-04-27 13:01:45 | INFO | Pymanopt eval 29600 | Loss: 0.472862 | Penalized: 0.478746
2026-04-27 13:01:47 | INFO | Pymanopt eval 29700 | Loss: 0.472861 | Penalized: 0.478744
2026-04-27 13:01:49 | INFO | Pymanopt eval 29800 | Loss: 0.472859 | Penalized: 0.478741
2026-04-27 13:01:51 | INFO | Pymanopt eval 29900 | Loss: 0.472857 | Penalized: 0.478739
2026-04-27 13:01:53 | INFO | Pymanopt eval 30000 | Loss: 0.472856 | Penalized: 0.478737
2026-04-27 13:01:55 | INFO | Pymanopt eval 30100 | Loss: 0.472854 | Penalized: 0.478735
2026-04-27 13:01:56 | INFO | Pymanopt eval 30200 | Loss: 0.472852 | Penalized: 0.478733
2026-04-27 13:01:58 | INFO | Pymanopt eval 30300 | Loss: 0.472850 | Penalized: 0.478731
2026-04-27 13:02:00 | INFO | Pymanopt eval 30400 | Loss: 0.472849 | Penalized: 0.478729
2026-04-27 13:02:02 | INFO | Pymanopt eval 30500 | Loss: 0.472847 | Penalized: 0.478727
2026-04-27 13:02:04 | INFO | Pymanopt eval 30600 | Loss: 0.472845 | Penalized: 0.478725
2026-04-27 13:02:06 | INFO | Pymanopt eval 30700 | Loss: 0.472844 | Penalized: 0.478723
2026-04-27 13:02:08 | INFO | Pymanopt eval 30800 | Loss: 0.472843 | Penalized: 0.478722
2026-04-27 13:02:09 | INFO | Pymanopt eval 30900 | Loss: 0.472840 | Penalized: 0.478718
2026-04-27 13:02:11 | INFO | Pymanopt eval 31000 | Loss: 0.472839 | Penalized: 0.478716
2026-04-27 13:02:13 | INFO | Pymanopt eval 31100 | Loss: 0.472837 | Penalized: 0.478714
2026-04-27 13:02:15 | INFO | Pymanopt eval 31200 | Loss: 0.472835 | Penalized: 0.478712
2026-04-27 13:02:17 | INFO | Pymanopt eval 31300 | Loss: 0.472834 | Penalized: 0.478710
2026-04-27 13:02:19 | INFO | Pymanopt eval 31400 | Loss: 0.472832 | Penalized: 0.478708
2026-04-27 13:02:21 | INFO | Pymanopt eval 31500 | Loss: 0.472830 | Penalized: 0.478706
2026-04-27 13:02:23 | INFO | Pymanopt eval 31600 | Loss: 0.472829 | Penalized: 0.478704
2026-04-27 13:02:24 | INFO | Pymanopt eval 31700 | Loss: 0.472827 | Penalized: 0.478702
2026-04-27 13:02:26 | INFO | Pymanopt eval 31800 | Loss: 0.472825 | Penalized: 0.478700
2026-04-27 13:02:28 | INFO | Pymanopt eval 31900 | Loss: 0.472824 | Penalized: 0.478698
2026-04-27 13:02:30 | INFO | Pymanopt eval 32000 | Loss: 0.472822 | Penalized: 0.478696
2026-04-27 13:02:32 | INFO | Pymanopt eval 32100 | Loss: 0.472820 | Penalized: 0.478694
2026-04-27 13:02:34 | INFO | Pymanopt eval 32200 | Loss: 0.472819 | Penalized: 0.478692
2026-04-27 13:02:36 | INFO | Pymanopt eval 32300 | Loss: 0.472817 | Penalized: 0.478689
2026-04-27 13:02:38 | INFO | Pymanopt eval 32400 | Loss: 0.472815 | Penalized: 0.478687
2026-04-27 13:02:40 | INFO | Pymanopt eval 32500 | Loss: 0.472814 | Penalized: 0.478685
2026-04-27 13:02:41 | INFO | Pymanopt eval 32600 | Loss: 0.472812 | Penalized: 0.478683
2026-04-27 13:02:43 | INFO | Pymanopt eval 32700 | Loss: 0.472810 | Penalized: 0.478681
2026-04-27 13:02:45 | INFO | Pymanopt eval 32800 | Loss: 0.472809 | Penalized: 0.478679
2026-04-27 13:02:47 | INFO | Pymanopt eval 32900 | Loss: 0.472807 | Penalized: 0.478677
2026-04-27 13:02:49 | INFO | Pymanopt eval 33000 | Loss: 0.472805 | Penalized: 0.478675
2026-04-27 13:02:51 | INFO | Pymanopt eval 33100 | Loss: 0.472803 | Penalized: 0.478673
2026-04-27 13:02:53 | INFO | Pymanopt eval 33200 | Loss: 0.472802 | Penalized: 0.478671
2026-04-27 13:02:55 | INFO | Pymanopt eval 33300 | Loss: 0.472800 | Penalized: 0.478669
2026-04-27 13:02:56 | INFO | Pymanopt eval 33400 | Loss: 0.472799 | Penalized: 0.478667
2026-04-27 13:02:58 | INFO | Pymanopt eval 33500 | Loss: 0.472797 | Penalized: 0.478665
2026-04-27 13:03:00 | INFO | Pymanopt eval 33600 | Loss: 0.472795 | Penalized: 0.478663
2026-04-27 13:03:02 | INFO | Pymanopt eval 33700 | Loss: 0.472794 | Penalized: 0.478661
2026-04-27 13:03:04 | INFO | Pymanopt eval 33800 | Loss: 0.472792 | Penalized: 0.478658
2026-04-27 13:03:06 | INFO | Pymanopt eval 33900 | Loss: 0.472790 | Penalized: 0.478656
2026-04-27 13:03:08 | INFO | Pymanopt eval 34000 | Loss: 0.472789 | Penalized: 0.478654
2026-04-27 13:03:10 | INFO | Pymanopt eval 34100 | Loss: 0.472787 | Penalized: 0.478653
2026-04-27 13:03:12 | INFO | Pymanopt eval 34200 | Loss: 0.472791 | Penalized: 0.478656
2026-04-27 13:03:13 | INFO | Pymanopt eval 34300 | Loss: 0.472784 | Penalized: 0.478648
2026-04-27 13:03:15 | INFO | Pymanopt eval 34400 | Loss: 0.472784 | Penalized: 0.478648
2026-04-27 13:03:17 | INFO | Pymanopt eval 34500 | Loss: 0.472780 | Penalized: 0.478644
2026-04-27 13:03:19 | INFO | Pymanopt eval 34600 | Loss: 0.472778 | Penalized: 0.478642
2026-04-27 13:03:21 | INFO | Pymanopt eval 34700 | Loss: 0.472777 | Penalized: 0.478640
2026-04-27 13:03:23 | INFO | Pymanopt eval 34800 | Loss: 0.472775 | Penalized: 0.478638
2026-04-27 13:03:25 | INFO | Pymanopt eval 34900 | Loss: 0.472773 | Penalized: 0.478636
2026-04-27 13:03:27 | INFO | Pymanopt eval 35000 | Loss: 0.472777 | Penalized: 0.478639
2026-04-27 13:03:29 | INFO | Pymanopt eval 35100 | Loss: 0.472770 | Penalized: 0.478632
2026-04-27 13:03:30 | INFO | Pymanopt eval 35200 | Loss: 0.472770 | Penalized: 0.478631
2026-04-27 13:03:32 | INFO | Pymanopt eval 35300 | Loss: 0.472767 | Penalized: 0.478628
2026-04-27 13:03:34 | INFO | Pymanopt eval 35400 | Loss: 0.472765 | Penalized: 0.478626
2026-04-27 13:03:36 | INFO | Pymanopt eval 35500 | Loss: 0.472764 | Penalized: 0.478624
2026-04-27 13:03:38 | INFO | Pymanopt eval 35600 | Loss: 0.472762 | Penalized: 0.478622
2026-04-27 13:03:40 | INFO | Pymanopt eval 35700 | Loss: 0.472760 | Penalized: 0.478620
2026-04-27 13:03:42 | INFO | Pymanopt eval 35800 | Loss: 0.472759 | Penalized: 0.478618
2026-04-27 13:03:44 | INFO | Pymanopt eval 35900 | Loss: 0.472757 | Penalized: 0.478616
2026-04-27 13:03:45 | INFO | Pymanopt eval 36000 | Loss: 0.472757 | Penalized: 0.478615
2026-04-27 13:03:47 | INFO | Pymanopt eval 36100 | Loss: 0.472754 | Penalized: 0.478612
2026-04-27 13:03:49 | INFO | Pymanopt eval 36200 | Loss: 0.472752 | Penalized: 0.478610
2026-04-27 13:03:51 | INFO | Pymanopt eval 36300 | Loss: 0.472750 | Penalized: 0.478608
2026-04-27 13:03:53 | INFO | Pymanopt eval 36400 | Loss: 0.472749 | Penalized: 0.478606
2026-04-27 13:03:55 | INFO | Pymanopt eval 36500 | Loss: 0.472747 | Penalized: 0.478604
2026-04-27 13:03:57 | INFO | Pymanopt eval 36600 | Loss: 0.472745 | Penalized: 0.478602
2026-04-27 13:03:59 | INFO | Pymanopt eval 36700 | Loss: 0.472743 | Penalized: 0.478599
2026-04-27 13:04:01 | INFO | Pymanopt eval 36800 | Loss: 0.472742 | Penalized: 0.478598
2026-04-27 13:04:02 | INFO | Pymanopt eval 36900 | Loss: 0.472740 | Penalized: 0.478596
2026-04-27 13:04:04 | INFO | Pymanopt eval 37000 | Loss: 0.472739 | Penalized: 0.478594
2026-04-27 13:04:06 | INFO | Pymanopt eval 37100 | Loss: 0.472737 | Penalized: 0.478592
2026-04-27 13:04:08 | INFO | Pymanopt eval 37200 | Loss: 0.472735 | Penalized: 0.478590
2026-04-27 13:04:10 | INFO | Pymanopt eval 37300 | Loss: 0.472734 | Penalized: 0.478588
2026-04-27 13:04:12 | INFO | Pymanopt eval 37400 | Loss: 0.472732 | Penalized: 0.478586
2026-04-27 13:04:14 | INFO | Pymanopt eval 37500 | Loss: 0.472730 | Penalized: 0.478583
2026-04-27 13:04:16 | INFO | Pymanopt eval 37600 | Loss: 0.472729 | Penalized: 0.478581
2026-04-27 13:04:17 | INFO | Pymanopt eval 37700 | Loss: 0.472727 | Penalized: 0.478580
2026-04-27 13:04:19 | INFO | Pymanopt eval 37800 | Loss: 0.472725 | Penalized: 0.478578
2026-04-27 13:04:21 | INFO | Pymanopt eval 37900 | Loss: 0.472724 | Penalized: 0.478576
2026-04-27 13:04:23 | INFO | Pymanopt eval 38000 | Loss: 0.472722 | Penalized: 0.478574
2026-04-27 13:04:25 | INFO | Pymanopt eval 38100 | Loss: 0.472720 | Penalized: 0.478572
2026-04-27 13:04:27 | INFO | Pymanopt eval 38200 | Loss: 0.472719 | Penalized: 0.478569
2026-04-27 13:04:29 | INFO | Pymanopt eval 38300 | Loss: 0.472717 | Penalized: 0.478567
2026-04-27 13:04:31 | INFO | Pymanopt eval 38400 | Loss: 0.472715 | Penalized: 0.478565
2026-04-27 13:04:33 | INFO | Pymanopt eval 38500 | Loss: 0.472714 | Penalized: 0.478564
2026-04-27 13:04:34 | INFO | Pymanopt eval 38600 | Loss: 0.472712 | Penalized: 0.478562
2026-04-27 13:04:36 | INFO | Pymanopt eval 38700 | Loss: 0.472710 | Penalized: 0.478559
2026-04-27 13:04:38 | INFO | Pymanopt eval 38800 | Loss: 0.472709 | Penalized: 0.478558
2026-04-27 13:04:40 | INFO | Pymanopt eval 38900 | Loss: 0.472707 | Penalized: 0.478556
2026-04-27 13:04:42 | INFO | Pymanopt eval 39000 | Loss: 0.472705 | Penalized: 0.478553
2026-04-27 13:04:44 | INFO | Pymanopt eval 39100 | Loss: 0.472704 | Penalized: 0.478552
2026-04-27 13:04:46 | INFO | Pymanopt eval 39200 | Loss: 0.472702 | Penalized: 0.478550
2026-04-27 13:04:48 | INFO | Pymanopt eval 39300 | Loss: 0.472701 | Penalized: 0.478548
2026-04-27 13:04:49 | INFO | Pymanopt eval 39400 | Loss: 0.472699 | Penalized: 0.478546
2026-04-27 13:04:51 | INFO | Pymanopt eval 39500 | Loss: 0.472697 | Penalized: 0.478544
2026-04-27 13:04:53 | INFO | Pymanopt eval 39600 | Loss: 0.472696 | Penalized: 0.478542
2026-04-27 13:04:55 | INFO | Pymanopt eval 39700 | Loss: 0.472694 | Penalized: 0.478539
2026-04-27 13:04:57 | INFO | Pymanopt eval 39800 | Loss: 0.472692 | Penalized: 0.478538
2026-04-27 13:04:59 | INFO | Pymanopt eval 39900 | Loss: 0.472690 | Penalized: 0.478536
2026-04-27 13:05:01 | INFO | Pymanopt eval 40000 | Loss: 0.472689 | Penalized: 0.478534
2026-04-27 13:05:03 | INFO | Pymanopt eval 40100 | Loss: 0.472687 | Penalized: 0.478532
2026-04-27 13:05:04 | INFO | Pymanopt eval 40200 | Loss: 0.472685 | Penalized: 0.478530
2026-04-27 13:05:06 | INFO | Pymanopt eval 40300 | Loss: 0.472684 | Penalized: 0.478528
2026-04-27 13:05:08 | INFO | Pymanopt eval 40400 | Loss: 0.472682 | Penalized: 0.478526
2026-04-27 13:05:10 | INFO | Pymanopt eval 40500 | Loss: 0.472680 | Penalized: 0.478524
2026-04-27 13:05:12 | INFO | Pymanopt eval 40600 | Loss: 0.472679 | Penalized: 0.478522
2026-04-27 13:05:14 | INFO | Pymanopt eval 40700 | Loss: 0.472677 | Penalized: 0.478520
2026-04-27 13:05:16 | INFO | Pymanopt eval 40800 | Loss: 0.472676 | Penalized: 0.478518
2026-04-27 13:05:17 | INFO | Pymanopt eval 40900 | Loss: 0.472674 | Penalized: 0.478516
2026-04-27 13:05:19 | INFO | Pymanopt eval 41000 | Loss: 0.472672 | Penalized: 0.478514
2026-04-27 13:05:21 | INFO | Pymanopt eval 41100 | Loss: 0.472671 | Penalized: 0.478512
2026-04-27 13:05:23 | INFO | Pymanopt eval 41200 | Loss: 0.472669 | Penalized: 0.478510
2026-04-27 13:05:25 | INFO | Pymanopt eval 41300 | Loss: 0.472667 | Penalized: 0.478508
2026-04-27 13:05:27 | INFO | Pymanopt eval 41400 | Loss: 0.472666 | Penalized: 0.478506
2026-04-27 13:05:29 | INFO | Pymanopt eval 41500 | Loss: 0.472664 | Penalized: 0.478504
2026-04-27 13:05:31 | INFO | Pymanopt eval 41600 | Loss: 0.472662 | Penalized: 0.478502
2026-04-27 13:05:32 | INFO | Pymanopt eval 41700 | Loss: 0.472661 | Penalized: 0.478500
2026-04-27 13:05:34 | INFO | Pymanopt eval 41800 | Loss: 0.472659 | Penalized: 0.478498
2026-04-27 13:05:36 | INFO | Pymanopt eval 41900 | Loss: 0.472657 | Penalized: 0.478496
2026-04-27 13:05:38 | INFO | Pymanopt eval 42000 | Loss: 0.472656 | Penalized: 0.478494
2026-04-27 13:05:40 | INFO | Pymanopt eval 42100 | Loss: 0.472654 | Penalized: 0.478492
2026-04-27 13:05:42 | INFO | Pymanopt eval 42200 | Loss: 0.472652 | Penalized: 0.478490
2026-04-27 13:05:44 | INFO | Pymanopt eval 42300 | Loss: 0.472651 | Penalized: 0.478488
2026-04-27 13:05:45 | INFO | Pymanopt eval 42400 | Loss: 0.472649 | Penalized: 0.478486
2026-04-27 13:05:47 | INFO | Pymanopt eval 42500 | Loss: 0.472648 | Penalized: 0.478484
2026-04-27 13:05:49 | INFO | Pymanopt eval 42600 | Loss: 0.472646 | Penalized: 0.478483
2026-04-27 13:05:51 | INFO | Pymanopt eval 42700 | Loss: 0.472644 | Penalized: 0.478480
2026-04-27 13:05:53 | INFO | Pymanopt eval 42800 | Loss: 0.472643 | Penalized: 0.478479
2026-04-27 13:05:55 | INFO | Pymanopt eval 42900 | Loss: 0.472641 | Penalized: 0.478477
2026-04-27 13:05:57 | INFO | Pymanopt eval 43000 | Loss: 0.472639 | Penalized: 0.478474
2026-04-27 13:05:59 | INFO | Pymanopt eval 43100 | Loss: 0.472637 | Penalized: 0.478473
2026-04-27 13:06:00 | INFO | Pymanopt eval 43200 | Loss: 0.472636 | Penalized: 0.478471
2026-04-27 13:06:02 | INFO | Pymanopt eval 43300 | Loss: 0.472634 | Penalized: 0.478469
2026-04-27 13:06:04 | INFO | Pymanopt eval 43400 | Loss: 0.472633 | Penalized: 0.478467
2026-04-27 13:06:06 | INFO | Pymanopt eval 43500 | Loss: 0.472631 | Penalized: 0.478465
2026-04-27 13:06:08 | INFO | Pymanopt eval 43600 | Loss: 0.472629 | Penalized: 0.478463
2026-04-27 13:06:10 | INFO | Pymanopt eval 43700 | Loss: 0.472628 | Penalized: 0.478461
2026-04-27 13:06:12 | INFO | Pymanopt eval 43800 | Loss: 0.472626 | Penalized: 0.478459
2026-04-27 13:06:14 | INFO | Pymanopt eval 43900 | Loss: 0.472624 | Penalized: 0.478457
2026-04-27 13:06:15 | INFO | Pymanopt eval 44000 | Loss: 0.472623 | Penalized: 0.478455
2026-04-27 13:06:17 | INFO | Pymanopt eval 44100 | Loss: 0.472621 | Penalized: 0.478453
2026-04-27 13:06:19 | INFO | Pymanopt eval 44200 | Loss: 0.472619 | Penalized: 0.478451
2026-04-27 13:06:21 | INFO | Pymanopt eval 44300 | Loss: 0.472618 | Penalized: 0.478449
2026-04-27 13:06:23 | INFO | Pymanopt eval 44400 | Loss: 0.472616 | Penalized: 0.478447
2026-04-27 13:06:25 | INFO | Pymanopt eval 44500 | Loss: 0.472614 | Penalized: 0.478445
2026-04-27 13:06:27 | INFO | Pymanopt eval 44600 | Loss: 0.472613 | Penalized: 0.478443
2026-04-27 13:06:29 | INFO | Pymanopt eval 44700 | Loss: 0.472611 | Penalized: 0.478441
2026-04-27 13:06:31 | INFO | Pymanopt eval 44800 | Loss: 0.472609 | Penalized: 0.478439
2026-04-27 13:06:32 | INFO | Pymanopt eval 44900 | Loss: 0.472608 | Penalized: 0.478438
2026-04-27 13:06:34 | INFO | Pymanopt eval 45000 | Loss: 0.472606 | Penalized: 0.478436
2026-04-27 13:06:36 | INFO | Pymanopt eval 45100 | Loss: 0.472605 | Penalized: 0.478434
2026-04-27 13:06:38 | INFO | Pymanopt eval 45200 | Loss: 0.472603 | Penalized: 0.478432
2026-04-27 13:06:40 | INFO | Pymanopt eval 45300 | Loss: 0.472601 | Penalized: 0.478430
2026-04-27 13:06:42 | INFO | Pymanopt eval 45400 | Loss: 0.472600 | Penalized: 0.478428
2026-04-27 13:06:44 | INFO | Pymanopt eval 45500 | Loss: 0.472598 | Penalized: 0.478426
2026-04-27 13:06:46 | INFO | Pymanopt eval 45600 | Loss: 0.472596 | Penalized: 0.478424
2026-04-27 13:06:47 | INFO | Pymanopt eval 45700 | Loss: 0.472595 | Penalized: 0.478422
2026-04-27 13:06:49 | INFO | Pymanopt eval 45800 | Loss: 0.472593 | Penalized: 0.478420
2026-04-27 13:06:51 | INFO | Pymanopt eval 45900 | Loss: 0.472591 | Penalized: 0.478418
2026-04-27 13:06:53 | INFO | Pymanopt eval 46000 | Loss: 0.472590 | Penalized: 0.478416
2026-04-27 13:06:55 | INFO | Pymanopt eval 46100 | Loss: 0.472588 | Penalized: 0.478414
2026-04-27 13:06:57 | INFO | Pymanopt eval 46200 | Loss: 0.472586 | Penalized: 0.478412
2026-04-27 13:06:59 | INFO | Pymanopt eval 46300 | Loss: 0.472584 | Penalized: 0.478410
2026-04-27 13:07:01 | INFO | Pymanopt eval 46400 | Loss: 0.472584 | Penalized: 0.478410
2026-04-27 13:07:03 | INFO | Pymanopt eval 46500 | Loss: 0.472581 | Penalized: 0.478407
2026-04-27 13:07:04 | INFO | Pymanopt eval 46600 | Loss: 0.472580 | Penalized: 0.478405
2026-04-27 13:07:06 | INFO | Pymanopt eval 46700 | Loss: 0.472578 | Penalized: 0.478403
2026-04-27 13:07:08 | INFO | Pymanopt eval 46800 | Loss: 0.472577 | Penalized: 0.478401
2026-04-27 13:07:10 | INFO | Pymanopt eval 46900 | Loss: 0.472575 | Penalized: 0.478399
2026-04-27 13:07:12 | INFO | Pymanopt eval 47000 | Loss: 0.472577 | Penalized: 0.478401
2026-04-27 13:07:14 | INFO | Pymanopt eval 47100 | Loss: 0.472571 | Penalized: 0.478395
2026-04-27 13:07:16 | INFO | Pymanopt eval 47200 | Loss: 0.472571 | Penalized: 0.478395
2026-04-27 13:07:18 | INFO | Pymanopt eval 47300 | Loss: 0.472568 | Penalized: 0.478391
2026-04-27 13:07:19 | INFO | Pymanopt eval 47400 | Loss: 0.472566 | Penalized: 0.478389
2026-04-27 13:07:21 | INFO | Pymanopt eval 47500 | Loss: 0.472565 | Penalized: 0.478387
2026-04-27 13:07:23 | INFO | Pymanopt eval 47600 | Loss: 0.472563 | Penalized: 0.478386
2026-04-27 13:07:25 | INFO | Pymanopt eval 47700 | Loss: 0.472561 | Penalized: 0.478383
2026-04-27 13:07:27 | INFO | Pymanopt eval 47800 | Loss: 0.472565 | Penalized: 0.478386
2026-04-27 13:07:29 | INFO | Pymanopt eval 47900 | Loss: 0.472558 | Penalized: 0.478380
2026-04-27 13:07:31 | INFO | Pymanopt eval 48000 | Loss: 0.472558 | Penalized: 0.478379
2026-04-27 13:07:33 | INFO | Pymanopt eval 48100 | Loss: 0.472555 | Penalized: 0.478376
2026-04-27 13:07:35 | INFO | Pymanopt eval 48200 | Loss: 0.472553 | Penalized: 0.478374
2026-04-27 13:07:36 | INFO | Pymanopt eval 48300 | Loss: 0.472552 | Penalized: 0.478372
2026-04-27 13:07:38 | INFO | Pymanopt eval 48400 | Loss: 0.472550 | Penalized: 0.478370
2026-04-27 13:07:40 | INFO | Pymanopt eval 48500 | Loss: 0.472548 | Penalized: 0.478368
2026-04-27 13:07:42 | INFO | Pymanopt eval 48600 | Loss: 0.472547 | Penalized: 0.478366
2026-04-27 13:07:44 | INFO | Pymanopt eval 48700 | Loss: 0.472545 | Penalized: 0.478365
2026-04-27 13:07:46 | INFO | Pymanopt eval 48800 | Loss: 0.472543 | Penalized: 0.478362
2026-04-27 13:07:48 | INFO | Pymanopt eval 48900 | Loss: 0.472542 | Penalized: 0.478361
2026-04-27 13:07:50 | INFO | Pymanopt eval 49000 | Loss: 0.472540 | Penalized: 0.478358
2026-04-27 13:07:51 | INFO | Pymanopt eval 49100 | Loss: 0.472538 | Penalized: 0.478357
2026-04-27 13:07:53 | INFO | Pymanopt eval 49200 | Loss: 0.472537 | Penalized: 0.478355
2026-04-27 13:07:55 | INFO | Pymanopt eval 49300 | Loss: 0.472535 | Penalized: 0.478353
2026-04-27 13:07:57 | INFO | Pymanopt eval 49400 | Loss: 0.472534 | Penalized: 0.478351
2026-04-27 13:07:59 | INFO | Pymanopt eval 49500 | Loss: 0.472532 | Penalized: 0.478349
2026-04-27 13:08:01 | INFO | Pymanopt eval 49600 | Loss: 0.472530 | Penalized: 0.478347
2026-04-27 13:08:03 | INFO | Pymanopt eval 49700 | Loss: 0.472529 | Penalized: 0.478345
2026-04-27 13:08:05 | INFO | Pymanopt eval 49800 | Loss: 0.472527 | Penalized: 0.478343
2026-04-27 13:08:06 | INFO | Pymanopt eval 49900 | Loss: 0.472525 | Penalized: 0.478342
2026-04-27 13:08:08 | INFO | Pymanopt eval 50000 | Loss: 0.472523 | Penalized: 0.478339
2026-04-27 13:08:10 | INFO | Pymanopt eval 50100 | Loss: 0.472522 | Penalized: 0.478338
2026-04-27 13:08:12 | INFO | Pymanopt eval 50200 | Loss: 0.472520 | Penalized: 0.478336
2026-04-27 13:08:14 | INFO | Pymanopt eval 50300 | Loss: 0.472519 | Penalized: 0.478334
2026-04-27 13:08:16 | INFO | Pymanopt eval 50400 | Loss: 0.472517 | Penalized: 0.478332
2026-04-27 13:08:18 | INFO | Pymanopt eval 50500 | Loss: 0.472515 | Penalized: 0.478330
2026-04-27 13:08:20 | INFO | Pymanopt eval 50600 | Loss: 0.472514 | Penalized: 0.478328
2026-04-27 13:08:22 | INFO | Pymanopt eval 50700 | Loss: 0.472512 | Penalized: 0.478326
2026-04-27 13:08:23 | INFO | Pymanopt eval 50800 | Loss: 0.472510 | Penalized: 0.478324
2026-04-27 13:08:25 | INFO | Pymanopt eval 50900 | Loss: 0.472509 | Penalized: 0.478322
2026-04-27 13:08:27 | INFO | Pymanopt eval 51000 | Loss: 0.472507 | Penalized: 0.478321
2026-04-27 13:08:29 | INFO | Pymanopt eval 51100 | Loss: 0.472505 | Penalized: 0.478319
2026-04-27 13:08:31 | INFO | Pymanopt eval 51200 | Loss: 0.472504 | Penalized: 0.478317
2026-04-27 13:08:33 | INFO | Pymanopt eval 51300 | Loss: 0.472502 | Penalized: 0.478315
2026-04-27 13:08:35 | INFO | Pymanopt eval 51400 | Loss: 0.472501 | Penalized: 0.478313
2026-04-27 13:08:37 | INFO | Pymanopt eval 51500 | Loss: 0.472499 | Penalized: 0.478311
2026-04-27 13:08:38 | INFO | Pymanopt eval 51600 | Loss: 0.472498 | Penalized: 0.478310
2026-04-27 13:08:40 | INFO | Pymanopt eval 51700 | Loss: 0.472495 | Penalized: 0.478307
2026-04-27 13:08:42 | INFO | Pymanopt eval 51800 | Loss: 0.472494 | Penalized: 0.478306
2026-04-27 13:08:44 | INFO | Pymanopt eval 51900 | Loss: 0.472492 | Penalized: 0.478303
2026-04-27 13:08:46 | INFO | Pymanopt eval 52000 | Loss: 0.472491 | Penalized: 0.478302
2026-04-27 13:08:48 | INFO | Pymanopt eval 52100 | Loss: 0.472489 | Penalized: 0.478300
2026-04-27 13:08:50 | INFO | Pymanopt eval 52200 | Loss: 0.472487 | Penalized: 0.478298
2026-04-27 13:08:52 | INFO | Pymanopt eval 52300 | Loss: 0.472486 | Penalized: 0.478296
2026-04-27 13:08:53 | INFO | Pymanopt eval 52400 | Loss: 0.472485 | Penalized: 0.478295
2026-04-27 13:08:55 | INFO | Pymanopt eval 52500 | Loss: 0.472482 | Penalized: 0.478292
2026-04-27 13:08:57 | INFO | Pymanopt eval 52600 | Loss: 0.472481 | Penalized: 0.478290
2026-04-27 13:08:59 | INFO | Pymanopt eval 52700 | Loss: 0.472479 | Penalized: 0.478289
2026-04-27 13:09:01 | INFO | Pymanopt eval 52800 | Loss: 0.472477 | Penalized: 0.478286
2026-04-27 13:09:03 | INFO | Pymanopt eval 52900 | Loss: 0.472476 | Penalized: 0.478285
2026-04-27 13:09:05 | INFO | Pymanopt eval 53000 | Loss: 0.472474 | Penalized: 0.478283
2026-04-27 13:09:07 | INFO | Pymanopt eval 53100 | Loss: 0.472472 | Penalized: 0.478281
2026-04-27 13:09:08 | INFO | Pymanopt eval 53200 | Loss: 0.472471 | Penalized: 0.478279
2026-04-27 13:09:10 | INFO | Pymanopt eval 53300 | Loss: 0.472469 | Penalized: 0.478277
2026-04-27 13:09:12 | INFO | Pymanopt eval 53400 | Loss: 0.472468 | Penalized: 0.478276
2026-04-27 13:09:13 | INFO | Pymanopt start 1/1 complete | final_loss=0.472467 | penalized=0.478275 | status=Terminated - max time reached after 18476 iterations.
2026-04-27 13:09:13 | INFO | Done fitting.
2026-04-27 13:09:13 | INFO | Optimizer status: Terminated - max time reached after 18476 iterations. | best_start=1/1
2026-04-27 13:09:13 | INFO | Best optimizer start: 1 / 1
2026-04-27 13:09:13 | INFO | Final Loss: 0.472467
2026-04-27 13:09:13 | INFO | Estimated vs True Parameters:
2026-04-27 13:09:13 | INFO |   beta: -0.3000 (True: -0.3000) | SQE: 0.000000
2026-04-27 13:09:13 | INFO |   xi: 0.9716 (True: 0.8000) | SQE: 0.029433
2026-04-27 13:09:13 | INFO |   eta: 0.3254 (True: 0.3000) | SQE: 0.000643
2026-04-27 13:09:13 | INFO | Low-rank Frobenius optimizer diagnostics:
2026-04-27 13:09:13 | INFO |   penalized_objective: 0.478275
2026-04-27 13:09:13 | INFO |   mple_loss_without_penalty: 0.472467
2026-04-27 13:09:13 | INFO |   lambda_frobenius: 0.100000
2026-04-27 13:09:13 | INFO |   frobenius_norm: 204.797159
2026-04-27 13:09:13 | INFO |   normalized_frobenius_norm: 0.340818
2026-04-27 13:09:13 | INFO |   squared_normalized_frobenius_norm: 0.116157
2026-04-27 13:09:13 | INFO |   frobenius_norm_normalizer: 600.899326
2026-04-27 13:09:13 | INFO |   frobenius_penalty_normalizer: 361080.000000
2026-04-27 13:09:13 | INFO | Field and interaction diagnostics:
2026-04-27 13:09:13 | INFO |   field_rmse: 0.340818
2026-04-27 13:09:13 | INFO |   interaction_fro_error: 1.620155
2026-04-27 13:09:13 | INFO |   estimated_field_max_abs_entry: 2.469831
2026-04-27 13:09:13 | INFO |   estimated_field_rank: 10.000000
2026-04-27 13:09:13 | INFO |   true_field_max_abs_entry: 0.000000
2026-04-27 13:09:13 | INFO |   true_field_rank: 0.000000
2026-04-27 13:09:13 | INFO | Saved summary table to /orcd/home/002/phevosp/MPLE-Causal-Inference/experiments/SyntheticHybridExperiments/hybrid_us_county_intervention_uscounty_graph_base/fits/manifold_rank_10_rw_fixed_beta/mple_summary.csv
2026-04-27 13:09:13 | INFO | Log saved to /orcd/home/002/phevosp/MPLE-Causal-Inference/experiments/SyntheticHybridExperiments/hybrid_us_county_intervention_uscounty_graph_base/fits/manifold_rank_10_rw_fixed_beta/mple.log
