2026-04-30 23:36:46 | INFO | Loading data...
2026-04-30 23:36:46 | INFO | Using panel artifact: /orcd/home/002/phevosp/MPLE-Causal-Inference/experiments/SyntheticHybridExperiments/r5_c1_hybrid_us_county_intervention_uscounty_graph_kernel_confounding/panel_data.npz
2026-04-30 23:36:46 | INFO | Using x_0 artifact: /orcd/home/002/phevosp/MPLE-Causal-Inference/experiments/SyntheticHybridExperiments/r5_c1_hybrid_us_county_intervention_uscounty_graph_kernel_confounding/x_0.npy
2026-04-30 23:36:46 | INFO | Using fit config: /orcd/home/002/phevosp/MPLE-Causal-Inference/experiments/SyntheticHybridExperiments/r5_c1_hybrid_us_county_intervention_uscounty_graph_kernel_confounding/cv_runs/alternating_uv_grid/candidates/alternating_uv_grid_candidate_0002/fold_4/fit_realized_config.yaml
2026-04-30 23:36:46 | INFO | Using model artifact directory: /orcd/home/002/phevosp/MPLE-Causal-Inference/experiments/SyntheticHybridExperiments/r5_c1_hybrid_us_county_intervention_uscounty_graph_kernel_confounding
2026-04-30 23:36:46 | INFO | Using truth artifact directory: /orcd/home/002/phevosp/MPLE-Causal-Inference/experiments/SyntheticHybridExperiments/r5_c1_hybrid_us_county_intervention_uscounty_graph_kernel_confounding
2026-04-30 23:36:46 | INFO | Using loss mask artifact: /orcd/home/002/phevosp/MPLE-Causal-Inference/experiments/SyntheticHybridExperiments/r5_c1_hybrid_us_county_intervention_uscounty_graph_kernel_confounding/cv_runs/alternating_uv_grid/candidates/alternating_uv_grid_candidate_0002/fold_4/loss_mask.npy
2026-04-30 23:36:46 | INFO | Configured optimizer mode: alternating_latent_rank
2026-04-30 23:36:46 | INFO | Configured latent rank: 5
2026-04-30 23:36:46 | INFO | Using a fixed known graph with scalar xi.
2026-04-30 23:36:46 | INFO | Fit-time hard bounds active: False
2026-04-30 23:36:46 | INFO | Fixed scalar parameters: {}
2026-04-30 23:36:46 | INFO | Warm-start fixed scalars: {} for 0 steps
2026-04-30 23:36:46 | INFO | Beta mask before s: True with s=55
2026-04-30 23:36:46 | INFO | Beta mask after e: True with e=120
2026-04-30 23:36:46 | INFO | Alternating V-column L2-ball constraint active with radius 1.0
2026-04-30 23:36:46 | INFO | Optimizer settings: steps=2000, tol=1e-07, n_starts=1, seed=0, lambda_nuclear=0.0, lambda_frobenius=0.0, lambda_uv_ridge=0.001, v_column_l2_max=1.0, proximal_lr=1.0
2026-04-30 23:36:46 | INFO | Alternating low-rank start 1/1 | seed=0 | initial_loss=0.697179 | initial_penalized=0.697179
2026-04-30 23:36:46 | INFO | Alternating low-rank iter 0 | Loss: 0.590812 | Penalized: 0.590874
2026-04-30 23:36:59 | INFO | Alternating low-rank iter 100 | Loss: 0.532309 | Penalized: 0.533123
2026-04-30 23:37:12 | INFO | Alternating low-rank iter 200 | Loss: 0.531660 | Penalized: 0.532746
2026-04-30 23:37:26 | INFO | Alternating low-rank iter 300 | Loss: 0.531510 | Penalized: 0.532706
2026-04-30 23:37:33 | INFO | Done fitting.
2026-04-30 23:37:33 | INFO | Optimizer status: CONVERGED: alternating objective tolerance reached
2026-04-30 23:37:33 | INFO | Best optimizer start: 1 / 1
2026-04-30 23:37:33 | INFO | Final Loss: 0.531471
2026-04-30 23:37:33 | INFO | Estimated vs True Parameters:
2026-04-30 23:37:33 | INFO |   beta: -0.0744 (True: -0.3000) | SQE: 0.050880
2026-04-30 23:37:33 | INFO |   xi: 0.9188 (True: 0.8000) | SQE: 0.014121
2026-04-30 23:37:33 | INFO |   eta: 0.3123 (True: 0.3000) | SQE: 0.000152
2026-04-30 23:37:33 | INFO | Alternating low-rank optimizer diagnostics:
2026-04-30 23:37:33 | INFO |   penalized_objective: 0.532698
2026-04-30 23:37:33 | INFO |   mple_loss_without_penalty: 0.531471
2026-04-30 23:37:33 | INFO |   lambda_uv_ridge: 0.001000
2026-04-30 23:37:33 | INFO |   u_frobenius_norm: 585.235991
2026-04-30 23:37:33 | INFO |   v_frobenius_norm: 2.236068
2026-04-30 23:37:33 | INFO |   effective_rank: 5.000000
2026-04-30 23:37:33 | INFO | Field and interaction diagnostics:
2026-04-30 23:37:33 | INFO |   field_rmse: 1.016939
2026-04-30 23:37:33 | INFO |   interaction_fro_error: 1.314755
2026-04-30 23:37:33 | INFO |   estimated_field_max_abs_entry: 51.508759
2026-04-30 23:37:33 | INFO |   estimated_field_rank: 5.000000
2026-04-30 23:37:33 | INFO |   true_field_max_abs_entry: 2.906201
2026-04-30 23:37:33 | INFO |   true_field_rank: 5.000000
2026-04-30 23:37:33 | INFO | Saved summary table to /orcd/home/002/phevosp/MPLE-Causal-Inference/experiments/SyntheticHybridExperiments/r5_c1_hybrid_us_county_intervention_uscounty_graph_kernel_confounding/cv_runs/alternating_uv_grid/candidates/alternating_uv_grid_candidate_0002/fold_4/mple_summary.csv
2026-04-30 23:37:33 | INFO | Log saved to /orcd/home/002/phevosp/MPLE-Causal-Inference/experiments/SyntheticHybridExperiments/r5_c1_hybrid_us_county_intervention_uscounty_graph_kernel_confounding/cv_runs/alternating_uv_grid/candidates/alternating_uv_grid_candidate_0002/fold_4/mple.log
