2026-04-06 17:40:03 | INFO | Loading data...
2026-04-06 17:40:03 | INFO | Loaded 8 field templates and 1 interaction templates.
2026-04-06 17:40:03 | INFO | Intervention-process model enabled: True
2026-04-06 17:40:03 | INFO | Running conditional-model MPLE on x with shape=(15, 9642)
2026-04-06 17:40:03 | INFO | Eval 0  |  Loss: 0.675278
2026-04-06 17:40:03 | INFO |   field::total_pop: +0.0126,  field::black_share: -0.0132,  field::hispanic_share: +0.0640,  field::male_1521_share: +0.0105,  field::family_household_share: -0.0536,  field::female_household_share: +0.0362,  field::renter_share: +0.1304,  field::vacant_share: +0.0947,  tau block: mean=-0.0394, std=0.0882, min=-0.2325, max=+0.1366,  beta: +0.0352,  interaction::knn_16: +0.0903,  eta: +0.0094,  zeta: -0.0743,  psi: -0.0922
2026-04-06 17:40:06 | INFO | Eval 100  |  Loss: 0.388438
2026-04-06 17:40:06 | INFO |   field::total_pop: +4.5676,  field::black_share: +0.1073,  field::hispanic_share: +0.1085,  field::male_1521_share: -0.1683,  field::family_household_share: -0.1336,  field::female_household_share: +0.0993,  field::renter_share: +0.0991,  field::vacant_share: +1.0210,  tau block: mean=-0.2531, std=0.0405, min=-0.3506, max=-0.2027,  beta: -0.1352,  interaction::knn_16: +1.0825,  eta: +0.3605,  zeta: +0.1735,  psi: +3.4332
2026-04-06 17:40:09 | INFO | Done fitting.
2026-04-06 17:40:09 | INFO | Optimizer status: CONVERGENCE: RELATIVE REDUCTION OF F <= FACTR*EPSMCH
2026-04-06 17:40:09 | INFO | Final Loss: 0.388432
2026-04-06 17:40:09 | INFO | Estimated Parameters:
2026-04-06 17:40:09 | INFO |   field::total_pop: 4.4586
2026-04-06 17:40:09 | INFO |   field::black_share: 0.1073
2026-04-06 17:40:09 | INFO |   field::hispanic_share: 0.1179
2026-04-06 17:40:09 | INFO |   field::male_1521_share: -0.1574
2026-04-06 17:40:09 | INFO |   field::family_household_share: -0.1342
2026-04-06 17:40:09 | INFO |   field::female_household_share: 0.1061
2026-04-06 17:40:09 | INFO |   field::renter_share: 0.1003
2026-04-06 17:40:09 | INFO |   field::vacant_share: 1.2787
2026-04-06 17:40:09 | INFO |   tau::t_0: -0.2828
2026-04-06 17:40:09 | INFO |   tau::t_1: -0.1911
2026-04-06 17:40:09 | INFO |   tau::t_2: -0.2329
2026-04-06 17:40:09 | INFO |   tau::t_3: -0.2960
2026-04-06 17:40:09 | INFO |   tau::t_4: -0.2545
2026-04-06 17:40:09 | INFO |   tau::t_5: -0.2328
2026-04-06 17:40:09 | INFO |   tau::t_6: -0.2370
2026-04-06 17:40:09 | INFO |   tau::t_7: -0.2596
2026-04-06 17:40:09 | INFO |   tau::t_8: -0.2264
2026-04-06 17:40:09 | INFO |   tau::t_9: -0.1870
2026-04-06 17:40:09 | INFO |   tau::t_10: -0.2268
2026-04-06 17:40:09 | INFO |   tau::t_11: -0.2240
2026-04-06 17:40:09 | INFO |   tau::t_12: -0.1980
2026-04-06 17:40:09 | INFO |   tau::t_13: -0.1884
2026-04-06 17:40:09 | INFO |   tau::t_14: -0.3359
2026-04-06 17:40:09 | INFO |   beta: -0.1196
2026-04-06 17:40:09 | INFO |   interaction::knn_16: 1.0797
2026-04-06 17:40:09 | INFO |   eta: 0.3607
2026-04-06 17:40:09 | INFO |   zeta: 0.1415
2026-04-06 17:40:09 | INFO |   psi: 3.4080
2026-04-06 17:40:09 | INFO | Saved summary tables to C:\Users\phevo\Documents\MIT\Code\MPLE-Causal-Inference\experiments\SeattleDMI\static\any_crime_gt_district_mean_pm1__knn_16\mple_summary.csv and C:\Users\phevo\Documents\MIT\Code\MPLE-Causal-Inference\experiments\SeattleDMI\static\any_crime_gt_district_mean_pm1__knn_16\mple_summary.md
2026-04-06 17:40:09 | INFO | Log saved to C:\Users\phevo\Documents\MIT\Code\MPLE-Causal-Inference\experiments\SeattleDMI\static\any_crime_gt_district_mean_pm1__knn_16\mple.log
