2026-07-26 05:32:09 | INFO | Loading data...
2026-07-26 05:32:09 | INFO | Using panel artifact: /orcd/home/002/phevosp/MPLE-Causal-Inference/experiments/SyntheticNoInterference/synth_no_interference/panel_data.npz
2026-07-26 05:32:09 | INFO | Using x_0 artifact: /orcd/home/002/phevosp/MPLE-Causal-Inference/experiments/SyntheticNoInterference/synth_no_interference/x_0.npy
2026-07-26 05:32:09 | INFO | Using fit config: /orcd/home/002/phevosp/MPLE-Causal-Inference/experiments/SyntheticNoInterference/synth_no_interference/cv_runs_baselines/treatment_split/candidates/treatment_split_candidate_0001/fold_4/fit_realized_config.yaml
2026-07-26 05:32:09 | INFO | Using model artifact directory: /orcd/home/002/phevosp/MPLE-Causal-Inference/experiments/SyntheticNoInterference/synth_no_interference
2026-07-26 05:32:09 | INFO | Using truth artifact directory: /orcd/home/002/phevosp/MPLE-Causal-Inference/experiments/SyntheticNoInterference/synth_no_interference
2026-07-26 05:32:09 | INFO | Using loss mask artifact: /orcd/home/002/phevosp/MPLE-Causal-Inference/experiments/SyntheticNoInterference/synth_no_interference/cv_runs_baselines/treatment_split/candidates/treatment_split_candidate_0001/fold_4/loss_mask.npy
2026-07-26 05:32:09 | INFO | Configured optimizer mode: alternating_treatment_split_latent_rank
2026-07-26 05:32:09 | INFO | Configured latent rank: 1
2026-07-26 05:32:09 | INFO | Using a fixed known graph with scalar xi.
2026-07-26 05:32:09 | INFO | Fit-time hard bounds active: False
2026-07-26 05:32:09 | INFO | Fixed scalar parameters: {'beta': 0.0, 'xi': 0.0, 'eta': 0.0}
2026-07-26 05:32:09 | INFO | Warm-start fixed scalars: {} for 0 steps
2026-07-26 05:32:09 | INFO | Beta-gradient mask before s: False with s=0
2026-07-26 05:32:09 | INFO | Beta-gradient mask after e: False with e=11
2026-07-26 05:32:09 | INFO | Alternating V-column L2-ball constraint active with radius 1.0
2026-07-26 05:32:09 | INFO | Optimizer settings: steps=2000, tol=1e-07, n_starts=1, seed=0, lambda_nuclear=0.0, lambda_frobenius=0.0, lambda_uv_ridge=0.001, v_column_l2_max=1.0, proximal_lr=1.0
2026-07-26 05:32:09 | INFO | Treatment-split alternating low-rank start 1/1 | seed=0 | initial_loss=0.693152 | initial_penalized=0.693152
2026-07-26 05:32:09 | INFO | Treatment-split alternating low-rank iter 0 | Loss: 0.686223 | Penalized: 0.686226
2026-07-26 05:32:11 | INFO | Treatment-split alternating low-rank iter 100 | Loss: 0.594839 | Penalized: 0.597096
2026-07-26 05:32:12 | INFO | Done fitting.
2026-07-26 05:32:12 | INFO | Optimizer status: CONVERGED: alternating treatment objective tolerance reached
2026-07-26 05:32:12 | INFO | Best optimizer start: 1 / 1
2026-07-26 05:32:12 | INFO | Final Loss: 0.593302
2026-07-26 05:32:12 | INFO | Estimated vs True Parameters:
2026-07-26 05:32:12 | INFO |   beta: 0.0000 (True: -0.3000) | SQE: 0.090000
2026-07-26 05:32:12 | INFO |   xi: 0.0000 (True: 0.0000) | SQE: 0.000000
2026-07-26 05:32:12 | INFO |   eta: 0.0000 (True: 0.3000) | SQE: 0.090000
2026-07-26 05:32:12 | INFO | Treatment-split alternating low-rank optimizer diagnostics:
2026-07-26 05:32:12 | INFO |   penalized_objective: 0.596227
2026-07-26 05:32:12 | INFO |   mple_loss_without_penalty: 0.593302
2026-07-26 05:32:12 | INFO |   lambda_uv_ridge: 0.001000
2026-07-26 05:32:12 | INFO |   u_frobenius_norm: 1.414214
2026-07-26 05:32:12 | INFO |   v_frobenius_norm: 209.651215
2026-07-26 05:32:12 | INFO |   effective_rank: 50.000000
2026-07-26 05:32:12 | INFO | Field and interaction diagnostics:
2026-07-26 05:32:12 | INFO |   field_rmse: 0.900890
2026-07-26 05:32:12 | INFO |   interaction_fro_error: 0.000000
2026-07-26 05:32:12 | INFO |   estimated_field_max_abs_entry: 12.418549
2026-07-26 05:32:12 | INFO |   estimated_field_rank: 50.000000
2026-07-26 05:32:12 | INFO |   true_field_max_abs_entry: 4.447602
2026-07-26 05:32:12 | INFO |   true_field_rank: 3.000000
2026-07-26 05:32:12 | INFO | Saved summary table to /orcd/home/002/phevosp/MPLE-Causal-Inference/experiments/SyntheticNoInterference/synth_no_interference/cv_runs_baselines/treatment_split/candidates/treatment_split_candidate_0001/fold_4/mple_summary.csv
2026-07-26 05:32:12 | INFO | Log saved to /orcd/home/002/phevosp/MPLE-Causal-Inference/experiments/SyntheticNoInterference/synth_no_interference/cv_runs_baselines/treatment_split/candidates/treatment_split_candidate_0001/fold_4/mple.log
