2026-04-11 18:09:26 | INFO | Loading data...
2026-04-11 18:09:26 | INFO | Using panel artifact: C:\Users\phevo\Documents\MIT\Code\MPLE-Causal-Inference\experiments\USCountyVaccination_US\shared_panels\outcome_death_rate_100k_ge_2__intervention_complete_cov_ge_30__lag_2w__scope_trimmed\panel_data.npz
2026-04-11 18:09:26 | INFO | Using x_0 artifact: C:\Users\phevo\Documents\MIT\Code\MPLE-Causal-Inference\experiments\USCountyVaccination_US\shared_panels\outcome_death_rate_100k_ge_2__intervention_complete_cov_ge_30__lag_2w__scope_trimmed\x_0.npy
2026-04-11 18:09:26 | INFO | Using z_0 artifact: C:\Users\phevo\Documents\MIT\Code\MPLE-Causal-Inference\experiments\USCountyVaccination_US\shared_panels\outcome_death_rate_100k_ge_2__intervention_complete_cov_ge_30__lag_2w__scope_trimmed\z_0.npy
2026-04-11 18:09:27 | INFO | Loaded field mode: latent_feature_matrix
2026-04-11 18:09:27 | INFO | Using a fixed known graph with scalar xi.
2026-04-11 18:09:27 | INFO | Intervention-process model enabled: True
2026-04-11 18:09:27 | INFO | Global temperature bound B active: True
2026-04-11 18:09:27 | INFO | Effective xi bound from interaction constraint: 1.000000
2026-04-11 18:09:27 | INFO | Beta mask pre-intervention enabled: True
2026-04-11 18:09:27 | INFO | Beta mask rescale enabled: True
2026-04-11 18:09:27 | INFO | Eval 0  |  Loss: 0.811140
2026-04-11 18:09:27 | INFO |   beta: +0.0873,  xi: +0.0434,  eta: -0.0814,  zeta: -0.0979,  psi: -0.2305
2026-04-11 18:09:36 | INFO | Eval 100  |  Loss: 0.376421
2026-04-11 18:09:36 | INFO |   beta: +0.0056,  xi: +1.0000,  eta: +0.4238,  zeta: -0.0342,  psi: +1.0000
2026-04-11 18:09:42 | INFO | Done fitting.
2026-04-11 18:09:42 | INFO | Optimizer status: ABNORMAL: 
2026-04-11 18:09:42 | INFO | Final Loss: 0.376356
2026-04-11 18:09:42 | INFO | Estimated Parameters:
2026-04-11 18:09:42 | INFO |   beta: -0.0043
2026-04-11 18:09:42 | INFO |   xi: 1.0000
2026-04-11 18:09:42 | INFO |   eta: 0.4241
2026-04-11 18:09:42 | INFO |   zeta: -0.0342
2026-04-11 18:09:42 | INFO |   psi: 1.0000
2026-04-11 18:09:42 | INFO | Field and interaction diagnostics:
2026-04-11 18:09:42 | INFO |   estimated_field_inf_norm: 1.000000
2026-04-11 18:09:42 | INFO |   estimated_field_rank: 30.000000
2026-04-11 18:09:42 | INFO |   bound_B: 1.000000
2026-04-11 18:09:42 | INFO | Saved summary tables to C:\Users\phevo\Documents\MIT\Code\MPLE-Causal-Inference\experiments\USCountyVaccination_US\outcome_death_rate_100k_ge_2__intervention_complete_cov_ge_30__lag_2w__contiguity\mple_summary.csv and C:\Users\phevo\Documents\MIT\Code\MPLE-Causal-Inference\experiments\USCountyVaccination_US\outcome_death_rate_100k_ge_2__intervention_complete_cov_ge_30__lag_2w__contiguity\mple_summary.md
2026-04-11 18:09:42 | INFO | Log saved to C:\Users\phevo\Documents\MIT\Code\MPLE-Causal-Inference\experiments\USCountyVaccination_US\outcome_death_rate_100k_ge_2__intervention_complete_cov_ge_30__lag_2w__contiguity\mple.log
