2026-05-02 12:52:42 | INFO | Loading data...
2026-05-02 12:52:42 | INFO | Using panel artifact: /orcd/home/002/phevosp/MPLE-Causal-Inference/experiments/Synthetic/confounding_strong/panel_data.npz
2026-05-02 12:52:42 | INFO | Using x_0 artifact: /orcd/home/002/phevosp/MPLE-Causal-Inference/experiments/Synthetic/confounding_strong/x_0.npy
2026-05-02 12:52:42 | INFO | Using fit config: /orcd/home/002/phevosp/MPLE-Causal-Inference/experiments/Synthetic/confounding_strong/fits/alternating_rank_3_uv_5_e2/fit_realized_config.yaml
2026-05-02 12:52:42 | INFO | Using model artifact directory: /orcd/home/002/phevosp/MPLE-Causal-Inference/experiments/Synthetic/confounding_strong
2026-05-02 12:52:42 | INFO | Using truth artifact directory: /orcd/home/002/phevosp/MPLE-Causal-Inference/experiments/Synthetic/confounding_strong
2026-05-02 12:52:42 | INFO | Configured optimizer mode: alternating_latent_rank
2026-05-02 12:52:42 | INFO | Configured latent rank: 3
2026-05-02 12:52:42 | INFO | Using a fixed known graph with scalar xi.
2026-05-02 12:52:42 | INFO | Fit-time hard bounds active: False
2026-05-02 12:52:42 | INFO | Fixed scalar parameters: {}
2026-05-02 12:52:42 | INFO | Warm-start fixed scalars: {} for 0 steps
2026-05-02 12:52:42 | INFO | Beta mask before s: False with s=0
2026-05-02 12:52:42 | INFO | Beta mask after e: False with e=11
2026-05-02 12:52:42 | INFO | Alternating V-column L2-ball constraint active with radius 1.0
2026-05-02 12:52:42 | INFO | Optimizer settings: steps=20000, tol=1e-09, n_starts=1, seed=0, lambda_nuclear=0.0, lambda_frobenius=0.0, lambda_uv_ridge=0.05, v_column_l2_max=1.0, proximal_lr=1.0
2026-05-02 12:52:42 | INFO | Alternating low-rank start 1/1 | seed=0 | initial_loss=0.809305 | initial_penalized=0.809314
2026-05-02 12:52:42 | INFO | Alternating low-rank iter 0 | Loss: 0.549062 | Penalized: 0.556470
2026-05-02 12:52:43 | INFO | Alternating low-rank iter 100 | Loss: 0.493620 | Penalized: 0.514128
2026-05-02 12:52:44 | INFO | Alternating low-rank iter 200 | Loss: 0.493243 | Penalized: 0.513818
2026-05-02 12:52:45 | INFO | Alternating low-rank iter 300 | Loss: 0.493199 | Penalized: 0.513793
2026-05-02 12:52:46 | INFO | Alternating low-rank iter 400 | Loss: 0.493192 | Penalized: 0.513789
2026-05-02 12:52:47 | INFO | Alternating low-rank iter 500 | Loss: 0.493191 | Penalized: 0.513788
2026-05-02 12:52:47 | INFO | Alternating low-rank iter 600 | Loss: 0.493191 | Penalized: 0.513788
2026-05-02 12:52:48 | INFO | Done fitting.
2026-05-02 12:52:48 | INFO | Optimizer status: CONVERGED: alternating objective tolerance reached
2026-05-02 12:52:48 | INFO | Best optimizer start: 1 / 1
2026-05-02 12:52:48 | INFO | Final Loss: 0.493192
2026-05-02 12:52:48 | INFO | Estimated vs True Parameters:
2026-05-02 12:52:48 | INFO |   beta: -0.2750 (True: -0.3000) | SQE: 0.000625
2026-05-02 12:52:48 | INFO |   xi: 0.7592 (True: 0.8000) | SQE: 0.001664
2026-05-02 12:52:48 | INFO |   eta: 0.2929 (True: 0.3000) | SQE: 0.000050
2026-05-02 12:52:48 | INFO | Alternating low-rank optimizer diagnostics:
2026-05-02 12:52:48 | INFO |   penalized_objective: 0.513788
2026-05-02 12:52:48 | INFO |   mple_loss_without_penalty: 0.493192
2026-05-02 12:52:48 | INFO |   lambda_uv_ridge: 0.050000
2026-05-02 12:52:48 | INFO |   u_frobenius_norm: 101.464861
2026-05-02 12:52:48 | INFO |   v_frobenius_norm: 1.732051
2026-05-02 12:52:48 | INFO |   effective_rank: 3.000000
2026-05-02 12:52:48 | INFO | Field and interaction diagnostics:
2026-05-02 12:52:48 | INFO |   field_rmse: 0.322175
2026-05-02 12:52:48 | INFO |   interaction_fro_error: 0.144515
2026-05-02 12:52:48 | INFO |   estimated_field_max_abs_entry: 3.046861
2026-05-02 12:52:48 | INFO |   estimated_field_rank: 3.000000
2026-05-02 12:52:48 | INFO |   true_field_max_abs_entry: 4.447602
2026-05-02 12:52:48 | INFO |   true_field_rank: 3.000000
2026-05-02 12:52:48 | INFO | Saved summary table to /orcd/home/002/phevosp/MPLE-Causal-Inference/experiments/Synthetic/confounding_strong/fits/alternating_rank_3_uv_5_e2/mple_summary.csv
2026-05-02 12:52:48 | INFO | Log saved to /orcd/home/002/phevosp/MPLE-Causal-Inference/experiments/Synthetic/confounding_strong/fits/alternating_rank_3_uv_5_e2/mple.log
