2026-06-08 17:13:38 | INFO | Loading data...
2026-06-08 17:13:38 | INFO | Using panel artifact: /orcd/home/002/phevosp/MPLE-Causal-Inference/experiments/Synthetic/confounding_strong/panel_data.npz
2026-06-08 17:13:38 | INFO | Using x_0 artifact: /orcd/home/002/phevosp/MPLE-Causal-Inference/experiments/Synthetic/confounding_strong/x_0.npy
2026-06-08 17:13:38 | INFO | Using fit config: /orcd/home/002/phevosp/MPLE-Causal-Inference/experiments/Synthetic/confounding_strong/cv_runs/xi_zero/candidates/xi_zero_candidate_0002/fold_7/fit_realized_config.yaml
2026-06-08 17:13:38 | INFO | Using model artifact directory: /orcd/home/002/phevosp/MPLE-Causal-Inference/experiments/Synthetic/confounding_strong
2026-06-08 17:13:38 | INFO | Using truth artifact directory: /orcd/home/002/phevosp/MPLE-Causal-Inference/experiments/Synthetic/confounding_strong
2026-06-08 17:13:38 | INFO | Using loss mask artifact: /orcd/home/002/phevosp/MPLE-Causal-Inference/experiments/Synthetic/confounding_strong/cv_runs/xi_zero/candidates/xi_zero_candidate_0002/fold_7/loss_mask.npy
2026-06-08 17:13:38 | INFO | Configured optimizer mode: alternating_latent_rank
2026-06-08 17:13:38 | INFO | Configured latent rank: 3
2026-06-08 17:13:38 | INFO | Using a fixed known graph with scalar xi.
2026-06-08 17:13:38 | INFO | Fit-time hard bounds active: False
2026-06-08 17:13:38 | INFO | Fixed scalar parameters: {'xi': 0.0}
2026-06-08 17:13:38 | INFO | Warm-start fixed scalars: {} for 0 steps
2026-06-08 17:13:38 | INFO | Beta mask before s: True with s=0
2026-06-08 17:13:38 | INFO | Beta mask after e: True with e=11
2026-06-08 17:13:38 | INFO | Alternating V-column L2-ball constraint active with radius 1.0
2026-06-08 17:13:38 | INFO | Optimizer settings: steps=2000, tol=1e-07, n_starts=1, seed=0, lambda_nuclear=0.0, lambda_frobenius=0.0, lambda_uv_ridge=0.005, v_column_l2_max=1.0, proximal_lr=1.0
2026-06-08 17:13:38 | INFO | Alternating low-rank start 1/1 | seed=0 | initial_loss=0.731079 | initial_penalized=0.731080
2026-06-08 17:13:38 | INFO | Alternating low-rank iter 0 | Loss: 0.585646 | Penalized: 0.586348
2026-06-08 17:13:39 | INFO | Done fitting.
2026-06-08 17:13:39 | INFO | Optimizer status: CONVERGED: alternating objective tolerance reached
2026-06-08 17:13:39 | INFO | Best optimizer start: 1 / 1
2026-06-08 17:13:39 | INFO | Final Loss: 0.485583
2026-06-08 17:13:39 | INFO | Estimated vs True Parameters:
2026-06-08 17:13:39 | INFO |   beta: -0.3142 (True: -0.3000) | SQE: 0.000201
2026-06-08 17:13:39 | INFO |   xi: 0.0000 (True: 0.8000) | SQE: 0.640000
2026-06-08 17:13:39 | INFO |   eta: 0.3322 (True: 0.3000) | SQE: 0.001036
2026-06-08 17:13:39 | INFO | Alternating low-rank optimizer diagnostics:
2026-06-08 17:13:39 | INFO |   penalized_objective: 0.493703
2026-06-08 17:13:39 | INFO |   mple_loss_without_penalty: 0.485583
2026-06-08 17:13:39 | INFO |   lambda_uv_ridge: 0.005000
2026-06-08 17:13:39 | INFO |   u_frobenius_norm: 156.205660
2026-06-08 17:13:39 | INFO |   v_frobenius_norm: 1.732051
2026-06-08 17:13:39 | INFO |   effective_rank: 3.000000
2026-06-08 17:13:39 | INFO | Field and interaction diagnostics:
2026-06-08 17:13:39 | INFO |   field_rmse: 0.640925
2026-06-08 17:13:39 | INFO |   interaction_fro_error: 2.834194
2026-06-08 17:13:39 | INFO |   estimated_field_max_abs_entry: 8.255530
2026-06-08 17:13:39 | INFO |   estimated_field_rank: 3.000000
2026-06-08 17:13:39 | INFO |   true_field_max_abs_entry: 4.447602
2026-06-08 17:13:39 | INFO |   true_field_rank: 3.000000
2026-06-08 17:13:39 | INFO | Saved summary table to /orcd/home/002/phevosp/MPLE-Causal-Inference/experiments/Synthetic/confounding_strong/cv_runs/xi_zero/candidates/xi_zero_candidate_0002/fold_7/mple_summary.csv
2026-06-08 17:13:39 | INFO | Log saved to /orcd/home/002/phevosp/MPLE-Causal-Inference/experiments/Synthetic/confounding_strong/cv_runs/xi_zero/candidates/xi_zero_candidate_0002/fold_7/mple.log
