2026-06-09 20:55:01 | INFO | Loading data...
2026-06-09 20:55:01 | INFO | Using panel artifact: /orcd/home/002/phevosp/MPLE-Causal-Inference/experiments/USCounty/outcome_death_rate_100k_ge_2__intervention_complete_cov_ge_30__lag_2w__distance_kernel_8__start_2020_03_01/panel_data.npz
2026-06-09 20:55:01 | INFO | Using x_0 artifact: /orcd/home/002/phevosp/MPLE-Causal-Inference/experiments/USCounty/outcome_death_rate_100k_ge_2__intervention_complete_cov_ge_30__lag_2w__distance_kernel_8__start_2020_03_01/x_0.npy
2026-06-09 20:55:01 | INFO | Using fit config: /orcd/home/002/phevosp/MPLE-Causal-Inference/experiments/USCounty/outcome_death_rate_100k_ge_2__intervention_complete_cov_ge_30__lag_2w__distance_kernel_8__start_2020_03_01/cv_runs/default/candidates/default_candidate_0011/fold_2/fit_realized_config.yaml
2026-06-09 20:55:01 | INFO | Using model artifact directory: /orcd/home/002/phevosp/MPLE-Causal-Inference/experiments/USCounty/outcome_death_rate_100k_ge_2__intervention_complete_cov_ge_30__lag_2w__distance_kernel_8__start_2020_03_01
2026-06-09 20:55:01 | INFO | Using truth artifact directory: /orcd/home/002/phevosp/MPLE-Causal-Inference/experiments/USCounty/outcome_death_rate_100k_ge_2__intervention_complete_cov_ge_30__lag_2w__distance_kernel_8__start_2020_03_01
2026-06-09 20:55:01 | INFO | Using loss mask artifact: /orcd/home/002/phevosp/MPLE-Causal-Inference/experiments/USCounty/outcome_death_rate_100k_ge_2__intervention_complete_cov_ge_30__lag_2w__distance_kernel_8__start_2020_03_01/cv_runs/default/candidates/default_candidate_0011/fold_2/loss_mask.npy
2026-06-09 20:55:01 | INFO | Configured optimizer mode: alternating_latent_rank
2026-06-09 20:55:01 | INFO | Configured latent rank: 5
2026-06-09 20:55:01 | INFO | Using a fixed known graph with scalar xi.
2026-06-09 20:55:01 | INFO | Fit-time hard bounds active: False
2026-06-09 20:55:01 | INFO | Fixed scalar parameters: {}
2026-06-09 20:55:01 | INFO | Warm-start fixed scalars: {} for 0 steps
2026-06-09 20:55:01 | INFO | Beta-gradient mask before s: True with s=50
2026-06-09 20:55:01 | INFO | Beta-gradient mask after e: True with e=115
2026-06-09 20:55:01 | INFO | Alternating V-column L2-ball constraint active with radius 1.0
2026-06-09 20:55:01 | INFO | Optimizer settings: steps=2000, tol=1e-07, n_starts=1, seed=0, lambda_nuclear=0.0, lambda_frobenius=0.0, lambda_uv_ridge=0.1, v_column_l2_max=1.0, proximal_lr=1.0
2026-06-09 20:55:01 | INFO | Alternating low-rank start 1/1 | seed=0 | initial_loss=0.824240 | initial_penalized=0.824244
2026-06-09 20:55:02 | INFO | Alternating low-rank iter 0 | Loss: 0.453866 | Penalized: 0.459448
2026-06-09 20:55:14 | INFO | Alternating low-rank iter 100 | Loss: 0.413644 | Penalized: 0.429527
2026-06-09 20:55:27 | INFO | Alternating low-rank iter 200 | Loss: 0.412950 | Penalized: 0.429364
2026-06-09 20:55:28 | INFO | Done fitting.
2026-06-09 20:55:28 | INFO | Optimizer status: CONVERGED: alternating objective tolerance reached
2026-06-09 20:55:28 | INFO | Best optimizer start: 1 / 1
2026-06-09 20:55:28 | INFO | Final Loss: 0.412939
2026-06-09 20:55:28 | INFO | Estimated Parameters:
2026-06-09 20:55:28 | INFO |   beta: -0.0118
2026-06-09 20:55:28 | INFO |   xi: 1.5248
2026-06-09 20:55:28 | INFO |   eta: 0.1564
2026-06-09 20:55:28 | INFO | Alternating low-rank optimizer diagnostics:
2026-06-09 20:55:28 | INFO |   penalized_objective: 0.429363
2026-06-09 20:55:28 | INFO |   mple_loss_without_penalty: 0.412939
2026-06-09 20:55:28 | INFO |   lambda_uv_ridge: 0.100000
2026-06-09 20:55:28 | INFO |   u_frobenius_norm: 217.292218
2026-06-09 20:55:28 | INFO |   v_frobenius_norm: 2.236068
2026-06-09 20:55:28 | INFO |   effective_rank: 5.000000
2026-06-09 20:55:28 | INFO | Field and interaction diagnostics:
2026-06-09 20:55:28 | INFO |   estimated_field_max_abs_entry: 1.963514
2026-06-09 20:55:28 | INFO |   estimated_field_rank: 5.000000
2026-06-09 20:55:28 | INFO | Saved summary table to /orcd/home/002/phevosp/MPLE-Causal-Inference/experiments/USCounty/outcome_death_rate_100k_ge_2__intervention_complete_cov_ge_30__lag_2w__distance_kernel_8__start_2020_03_01/cv_runs/default/candidates/default_candidate_0011/fold_2/mple_summary.csv
2026-06-09 20:55:28 | INFO | Log saved to /orcd/home/002/phevosp/MPLE-Causal-Inference/experiments/USCounty/outcome_death_rate_100k_ge_2__intervention_complete_cov_ge_30__lag_2w__distance_kernel_8__start_2020_03_01/cv_runs/default/candidates/default_candidate_0011/fold_2/mple.log
