2026-04-08 12:37:11 | INFO | Loading data...
2026-04-08 12:37:11 | INFO | Loaded 6 field templates and 1 interaction templates.
2026-04-08 12:37:11 | INFO | Intervention-process model enabled: True
2026-04-08 12:37:11 | INFO | Tau zero-mean enabled: False
2026-04-08 12:37:11 | INFO | Tau smoothness lambda: 0.000000
2026-04-08 12:37:11 | INFO | Running conditional-model MPLE on x with shape=(66, 3137)
2026-04-08 12:37:11 | INFO | Eval 0  |  Loss: 0.710897
2026-04-08 12:37:11 | INFO |   field::population_density: +0.0126,  field::senior_population: -0.0132,  field::college_education: +0.0640,  field::poverty_rate: +0.0105,  field::log_population: -0.0536,  field::median_household_income: +0.0362,  tau block: mean=+0.0089, std=0.0971, min=-0.2325, max=+0.1960,  beta: +0.1004,  interaction::contiguity: -0.0618,  eta: +0.1822,  zeta: -0.1320,  psi: -0.0662
2026-04-08 12:37:14 | INFO | Done fitting.
2026-04-08 12:37:14 | INFO | Optimizer status: CONVERGENCE: RELATIVE REDUCTION OF F <= FACTR*EPSMCH
2026-04-08 12:37:14 | INFO | Final Loss: 0.284307
2026-04-08 12:37:14 | INFO | Estimated Parameters:
2026-04-08 12:37:14 | INFO |   field::population_density: -1.7622
2026-04-08 12:37:14 | INFO |   field::senior_population: -0.0811
2026-04-08 12:37:14 | INFO |   field::college_education: -0.7905
2026-04-08 12:37:14 | INFO |   field::poverty_rate: -0.7347
2026-04-08 12:37:14 | INFO |   field::log_population: 1.1923
2026-04-08 12:37:14 | INFO |   field::median_household_income: -0.6723
2026-04-08 12:37:14 | INFO |   tau::t_0: -0.0205
2026-04-08 12:37:14 | INFO |   tau::t_1: -0.1346
2026-04-08 12:37:14 | INFO |   tau::t_2: -0.0643
2026-04-08 12:37:14 | INFO |   tau::t_3: -0.1168
2026-04-08 12:37:14 | INFO |   tau::t_4: -0.1916
2026-04-08 12:37:14 | INFO |   tau::t_5: -0.2706
2026-04-08 12:37:14 | INFO |   tau::t_6: -0.2907
2026-04-08 12:37:14 | INFO |   tau::t_7: -0.3276
2026-04-08 12:37:14 | INFO |   tau::t_8: -0.3112
2026-04-08 12:37:14 | INFO |   tau::t_9: -0.2963
2026-04-08 12:37:14 | INFO |   tau::t_10: -0.3631
2026-04-08 12:37:14 | INFO |   tau::t_11: -0.3745
2026-04-08 12:37:14 | INFO |   tau::t_12: -0.3662
2026-04-08 12:37:14 | INFO |   tau::t_13: -0.3959
2026-04-08 12:37:14 | INFO |   tau::t_14: -0.4094
2026-04-08 12:37:14 | INFO |   tau::t_15: -0.3218
2026-04-08 12:37:14 | INFO |   tau::t_16: -0.4955
2026-04-08 12:37:14 | INFO |   tau::t_17: -0.4511
2026-04-08 12:37:14 | INFO |   tau::t_18: -0.5866
2026-04-08 12:37:14 | INFO |   tau::t_19: -0.5976
2026-04-08 12:37:14 | INFO |   tau::t_20: -0.6249
2026-04-08 12:37:14 | INFO |   tau::t_21: -0.7076
2026-04-08 12:37:14 | INFO |   tau::t_22: -0.5884
2026-04-08 12:37:14 | INFO |   tau::t_23: -0.5725
2026-04-08 12:37:14 | INFO |   tau::t_24: -0.5176
2026-04-08 12:37:14 | INFO |   tau::t_25: -0.3800
2026-04-08 12:37:14 | INFO |   tau::t_26: -0.2847
2026-04-08 12:37:14 | INFO |   tau::t_27: -0.2039
2026-04-08 12:37:14 | INFO |   tau::t_28: -0.1407
2026-04-08 12:37:14 | INFO |   tau::t_29: -0.1138
2026-04-08 12:37:14 | INFO |   tau::t_30: -0.0785
2026-04-08 12:37:14 | INFO |   tau::t_31: 0.0376
2026-04-08 12:37:14 | INFO |   tau::t_32: 0.0356
2026-04-08 12:37:14 | INFO |   tau::t_33: 0.0466
2026-04-08 12:37:14 | INFO |   tau::t_34: 0.0019
2026-04-08 12:37:14 | INFO |   tau::t_35: -0.0033
2026-04-08 12:37:14 | INFO |   tau::t_36: 0.0084
2026-04-08 12:37:14 | INFO |   tau::t_37: -0.0118
2026-04-08 12:37:14 | INFO |   tau::t_38: -0.0779
2026-04-08 12:37:14 | INFO |   tau::t_39: -0.0835
2026-04-08 12:37:14 | INFO |   tau::t_40: -0.0603
2026-04-08 12:37:14 | INFO |   tau::t_41: -0.2348
2026-04-08 12:37:14 | INFO |   tau::t_42: 0.0222
2026-04-08 12:37:14 | INFO |   tau::t_43: -0.0487
2026-04-08 12:37:14 | INFO |   tau::t_44: -0.0558
2026-04-08 12:37:14 | INFO |   tau::t_45: -0.1021
2026-04-08 12:37:14 | INFO |   tau::t_46: -0.0731
2026-04-08 12:37:14 | INFO |   tau::t_47: 0.0138
2026-04-08 12:37:14 | INFO |   tau::t_48: 0.0103
2026-04-08 12:37:14 | INFO |   tau::t_49: 0.0345
2026-04-08 12:37:14 | INFO |   tau::t_50: 0.1062
2026-04-08 12:37:14 | INFO |   tau::t_51: 0.1559
2026-04-08 12:37:14 | INFO |   tau::t_52: 0.1488
2026-04-08 12:37:14 | INFO |   tau::t_53: 0.1245
2026-04-08 12:37:14 | INFO |   tau::t_54: 0.0540
2026-04-08 12:37:14 | INFO |   tau::t_55: 0.0055
2026-04-08 12:37:14 | INFO |   tau::t_56: -0.0868
2026-04-08 12:37:14 | INFO |   tau::t_57: -0.0977
2026-04-08 12:37:14 | INFO |   tau::t_58: -0.1880
2026-04-08 12:37:14 | INFO |   tau::t_59: -0.2567
2026-04-08 12:37:14 | INFO |   tau::t_60: -0.3564
2026-04-08 12:37:14 | INFO |   tau::t_61: -0.3408
2026-04-08 12:37:14 | INFO |   tau::t_62: -0.4523
2026-04-08 12:37:14 | INFO |   tau::t_63: -0.4575
2026-04-08 12:37:14 | INFO |   tau::t_64: -0.3063
2026-04-08 12:37:14 | INFO |   tau::t_65: -0.5551
2026-04-08 12:37:14 | INFO |   beta: -0.0481
2026-04-08 12:37:14 | INFO |   interaction::contiguity: 1.3632
2026-04-08 12:37:14 | INFO |   eta: 0.2119
2026-04-08 12:37:14 | INFO |   zeta: -0.0307
2026-04-08 12:37:14 | INFO |   psi: 2.2013
2026-04-08 12:37:14 | INFO | Saved summary tables to C:\Users\phevo\Documents\MIT\Code\MPLE-Causal-Inference\experiments\USCountyVaccination_US_features_new\outcome_death_rate_100k_ge_2__intervention_partial_cov_ge_50__lag_4w__contiguity\mple_summary.csv and C:\Users\phevo\Documents\MIT\Code\MPLE-Causal-Inference\experiments\USCountyVaccination_US_features_new\outcome_death_rate_100k_ge_2__intervention_partial_cov_ge_50__lag_4w__contiguity\mple_summary.md
2026-04-08 12:37:14 | INFO | Log saved to C:\Users\phevo\Documents\MIT\Code\MPLE-Causal-Inference\experiments\USCountyVaccination_US_features_new\outcome_death_rate_100k_ge_2__intervention_partial_cov_ge_50__lag_4w__contiguity\mple.log
