2026-04-01 10:18:33 | INFO | Loading data...
2026-04-01 10:18:34 | INFO | Loaded 1 field templates and 11 interaction templates.
2026-04-01 10:18:34 | INFO | Running conditional-model MPLE on x with shape=(10, 1000)
2026-04-01 10:18:34 | INFO | Eval 0  |  Loss: 0.649889
2026-04-01 10:18:34 | INFO |   field::intercept: +0.0126,  beta: -0.0132,  interaction::adjacency: +0.0640,  interaction::distance_kernel::feature_1: +0.0105,  interaction::cross_similarity::feature_1: -0.0536,  interaction::distance_kernel::feature_2: +0.0362,  interaction::cross_similarity::feature_2: +0.1304,  interaction::distance_kernel::feature_3: +0.0947,  interaction::cross_similarity::feature_3: -0.0704,  interaction::distance_kernel::feature_4: -0.1265,  interaction::cross_similarity::feature_4: -0.0623,  interaction::distance_kernel::feature_5: +0.0041,  interaction::cross_similarity::feature_5: -0.2325,  eta: -0.0219,  zeta: -0.1246,  psi: -0.0732
2026-04-01 10:18:34 | INFO | Eval 100  |  Loss: 0.314131
2026-04-01 10:18:34 | INFO |   field::intercept: +0.9219,  beta: +1.0164,  interaction::adjacency: +0.4182,  interaction::distance_kernel::feature_1: -0.1172,  interaction::cross_similarity::feature_1: +1.5798,  interaction::distance_kernel::feature_2: -0.0239,  interaction::cross_similarity::feature_2: -12.3137,  interaction::distance_kernel::feature_3: +0.3189,  interaction::cross_similarity::feature_3: -10.3955,  interaction::distance_kernel::feature_4: +0.1263,  interaction::cross_similarity::feature_4: +1.4291,  interaction::distance_kernel::feature_5: +0.3537,  interaction::cross_similarity::feature_5: -2.9795,  eta: +0.7033,  zeta: -0.9937,  psi: +0.3757
2026-04-01 10:18:34 | INFO | Eval 200  |  Loss: 0.314094
2026-04-01 10:18:34 | INFO |   field::intercept: +0.9222,  beta: +1.0173,  interaction::adjacency: +0.4176,  interaction::distance_kernel::feature_1: -0.1190,  interaction::cross_similarity::feature_1: +0.6236,  interaction::distance_kernel::feature_2: -0.0279,  interaction::cross_similarity::feature_2: -14.9192,  interaction::distance_kernel::feature_3: +0.3043,  interaction::cross_similarity::feature_3: -8.6903,  interaction::distance_kernel::feature_4: +0.1387,  interaction::cross_similarity::feature_4: +0.9357,  interaction::distance_kernel::feature_5: +0.3613,  interaction::cross_similarity::feature_5: -1.5008,  eta: +0.7039,  zeta: -0.9940,  psi: +0.3755
2026-04-01 10:18:34 | INFO | Eval 300  |  Loss: 0.314088
2026-04-01 10:18:34 | INFO |   field::intercept: +0.9221,  beta: +1.0167,  interaction::adjacency: +0.4170,  interaction::distance_kernel::feature_1: -0.1233,  interaction::cross_similarity::feature_1: +1.1138,  interaction::distance_kernel::feature_2: -0.0192,  interaction::cross_similarity::feature_2: -15.4283,  interaction::distance_kernel::feature_3: +0.3129,  interaction::cross_similarity::feature_3: -8.5571,  interaction::distance_kernel::feature_4: +0.1284,  interaction::cross_similarity::feature_4: +1.4605,  interaction::distance_kernel::feature_5: +0.3591,  interaction::cross_similarity::feature_5: -1.5599,  eta: +0.7040,  zeta: -0.9938,  psi: +0.3755
2026-04-01 10:18:34 | INFO | Done fitting.
2026-04-01 10:18:34 | INFO | Optimizer status: CONVERGENCE: RELATIVE REDUCTION OF F <= FACTR*EPSMCH
2026-04-01 10:18:34 | INFO | Final Loss: 0.314088
2026-04-01 10:18:34 | INFO | Estimated vs True Parameters:
2026-04-01 10:18:34 | INFO |   field::intercept: 0.9214 (True: 1.0000)
2026-04-01 10:18:34 | INFO |   field::intercept SQE: 0.006178
2026-04-01 10:18:34 | INFO |   beta: 1.0160 (True: 1.1000)
2026-04-01 10:18:34 | INFO |   beta SQE: 0.007053
2026-04-01 10:18:34 | INFO |   interaction::adjacency: 0.4176 (True: 0.3750)
2026-04-01 10:18:34 | INFO |   interaction::adjacency SQE: 0.001811
2026-04-01 10:18:34 | INFO |   interaction::distance_kernel::feature_1: -0.1190 (True: 0.1200)
2026-04-01 10:18:34 | INFO |   interaction::distance_kernel::feature_1 SQE: 0.057141
2026-04-01 10:18:34 | INFO |   interaction::cross_similarity::feature_1: 1.1074 (True: 0.0600)
2026-04-01 10:18:34 | INFO |   interaction::cross_similarity::feature_1 SQE: 1.096949
2026-04-01 10:18:34 | INFO |   interaction::distance_kernel::feature_2: -0.0235 (True: 0.1200)
2026-04-01 10:18:34 | INFO |   interaction::distance_kernel::feature_2 SQE: 0.020587
2026-04-01 10:18:34 | INFO |   interaction::cross_similarity::feature_2: -15.2533 (True: 0.0600)
2026-04-01 10:18:34 | INFO |   interaction::cross_similarity::feature_2 SQE: 234.497166
2026-04-01 10:18:34 | INFO |   interaction::distance_kernel::feature_3: 0.3108 (True: 0.1200)
2026-04-01 10:18:34 | INFO |   interaction::distance_kernel::feature_3 SQE: 0.036410
2026-04-01 10:18:34 | INFO |   interaction::cross_similarity::feature_3: -8.3644 (True: 0.0600)
2026-04-01 10:18:34 | INFO |   interaction::cross_similarity::feature_3 SQE: 70.969921
2026-04-01 10:18:34 | INFO |   interaction::distance_kernel::feature_4: 0.1271 (True: 0.1200)
2026-04-01 10:18:34 | INFO |   interaction::distance_kernel::feature_4 SQE: 0.000050
2026-04-01 10:18:34 | INFO |   interaction::cross_similarity::feature_4: 1.4203 (True: 0.0600)
2026-04-01 10:18:34 | INFO |   interaction::cross_similarity::feature_4 SQE: 1.850505
2026-04-01 10:18:34 | INFO |   interaction::distance_kernel::feature_5: 0.3631 (True: 0.1950)
2026-04-01 10:18:34 | INFO |   interaction::distance_kernel::feature_5 SQE: 0.028260
2026-04-01 10:18:34 | INFO |   interaction::cross_similarity::feature_5: -1.5472 (True: 0.2100)
2026-04-01 10:18:34 | INFO |   interaction::cross_similarity::feature_5 SQE: 3.087669
2026-04-01 10:18:34 | INFO |   eta: 0.7038 (True: 0.7000)
2026-04-01 10:18:34 | INFO |   eta SQE: 0.000015
2026-04-01 10:18:34 | INFO |   zeta: -0.9937 (True: -1.0000)
2026-04-01 10:18:34 | INFO |   zeta SQE: 0.000040
2026-04-01 10:18:34 | INFO |   psi: 0.3757 (True: 0.4000)
2026-04-01 10:18:34 | INFO |   psi SQE: 0.000589
2026-04-01 10:18:35 | INFO | Saved summary tables to C:\Users\phevo\Documents\MIT\Code\MPLE-Causal-Inference\experiments\n1000_t10_low_temp_fro_large_uniform_shared_feature_interactions_20260331_230854\mple_summary.csv and C:\Users\phevo\Documents\MIT\Code\MPLE-Causal-Inference\experiments\n1000_t10_low_temp_fro_large_uniform_shared_feature_interactions_20260331_230854\mple_summary.md
2026-04-01 10:18:35 | INFO | Log saved to C:\Users\phevo\Documents\MIT\Code\MPLE-Causal-Inference\experiments\n1000_t10_low_temp_fro_large_uniform_shared_feature_interactions_20260331_230854\mple.log
