2026-03-16 22:30:20 | INFO | Loading data...
2026-03-16 22:30:20 | INFO | Loaded gamma_matrix with shape=(1000, 1000)
2026-03-16 22:30:20 | INFO | Running MPLE on x with shape=(100, 1000)
2026-03-16 22:30:20 | INFO | Eval 0  |  Loss: 0.691633
2026-03-16 22:30:20 | INFO |   alpha: +0.0126,  beta: -0.0132,  xi: +0.0640,  eta: +0.0105,  zeta: -0.0536,  psi: +0.0362
2026-03-16 22:30:21 | INFO | Eval 0  |  Loss: 0.687031
2026-03-16 22:30:21 | INFO |   alpha: +0.0126,  beta: -0.0132,  xi: +0.0640,  eta: +0.0105,  zeta: -0.0536,  psi: +0.0362
2026-03-16 22:30:21 | INFO | Done fitting.
2026-03-16 22:30:21 | INFO | Final Loss (Unconditioned): 0.642529
2026-03-16 22:30:21 | INFO | Estimated vs True Parameters (Unconditioned):
2026-03-16 22:30:21 | INFO |   alpha: 0.3478 (True: 0.3500)
2026-03-16 22:30:21 | INFO |   alpha SE: 0.000005
2026-03-16 22:30:21 | INFO |   beta: 0.2374 (True: 0.2500)
2026-03-16 22:30:21 | INFO |   beta SE: 0.000160
2026-03-16 22:30:21 | INFO |   xi: 0.0038 (True: 0.0500)
2026-03-16 22:30:21 | INFO |   xi SE: 0.002134
2026-03-16 22:30:21 | INFO |   eta: 0.0093 (True: 0.0100)
2026-03-16 22:30:21 | INFO |   eta SE: 0.000001
2026-03-16 22:30:21 | INFO |   zeta: -0.0424 (True: -0.0300)
2026-03-16 22:30:21 | INFO |   zeta SE: 0.000153
2026-03-16 22:30:21 | INFO |   psi: 0.0121 (True: 0.1000)
2026-03-16 22:30:21 | INFO |   psi SE: 0.007727
2026-03-16 22:30:21 | INFO | Final Loss (Conditioned): 0.617930
2026-03-16 22:30:21 | INFO | Estimated vs True Parameters (Conditioned):
2026-03-16 22:30:21 | INFO |   alpha: 0.3595 (True: 0.3500)
2026-03-16 22:30:21 | INFO |   alpha SE: 0.000090
2026-03-16 22:30:21 | INFO |   beta: 0.2562 (True: 0.2500)
2026-03-16 22:30:21 | INFO |   beta SE: 0.000038
2026-03-16 22:30:21 | INFO |   xi: -0.0252 (True: 0.0500)
2026-03-16 22:30:21 | INFO |   xi SE: 0.005650
2026-03-16 22:30:21 | INFO |   eta: 0.0076 (True: 0.0100)
2026-03-16 22:30:21 | INFO |   eta SE: 0.000006
2026-03-16 22:30:21 | INFO |   zeta: -0.0339 (True: -0.0300)
2026-03-16 22:30:21 | INFO |   zeta SE: 0.000016
2026-03-16 22:30:21 | INFO |   psi: 0.0362 (True: 0.1000)
2026-03-16 22:30:21 | INFO |   psi SE: 0.004076
2026-03-16 22:30:21 | INFO | Final Parameters:
2026-03-16 22:30:21 | INFO |   alpha: 0.3595 (True: 0.3500)
2026-03-16 22:30:21 | INFO |   alpha SE: 0.000090
2026-03-16 22:30:21 | INFO |   beta: 0.2374 (True: 0.2500)
2026-03-16 22:30:21 | INFO |   beta SE: 0.000160
2026-03-16 22:30:21 | INFO |   xi: 0.0038 (True: 0.0500)
2026-03-16 22:30:21 | INFO |   xi SE: 0.002134
2026-03-16 22:30:21 | INFO |   eta: 0.0093 (True: 0.0100)
2026-03-16 22:30:21 | INFO |   eta SE: 0.000001
2026-03-16 22:30:21 | INFO |   zeta: -0.0424 (True: -0.0300)
2026-03-16 22:30:21 | INFO |   zeta SE: 0.000153
2026-03-16 22:30:21 | INFO |   psi: 0.0121 (True: 0.1000)
2026-03-16 22:30:21 | INFO |   psi SE: 0.007727
2026-03-16 22:30:21 | INFO | Log saved to experiments\synthetic_data_20260316_144051\mple.log
