2026-04-01 10:22:04 | INFO | Loading data...
2026-04-01 10:22:09 | INFO | Loaded 11 field templates and 11 interaction templates.
2026-04-01 10:22:09 | INFO | Running conditional-model MPLE on x with shape=(10, 5000)
2026-04-01 10:22:09 | INFO | Eval 0  |  Loss: 0.717583
2026-04-01 10:22:09 | INFO |   field::intercept: +0.0126,  field::linear::feature_1: -0.0132,  field::quadratic::feature_1: +0.0640,  field::linear::feature_2: +0.0105,  field::quadratic::feature_2: -0.0536,  field::linear::feature_3: +0.0362,  field::quadratic::feature_3: +0.1304,  field::linear::feature_4: +0.0947,  field::quadratic::feature_4: -0.0704,  field::linear::feature_5: -0.1265,  field::quadratic::feature_5: -0.0623,  beta: +0.0041,  interaction::adjacency: -0.2325,  interaction::distance_kernel::feature_1: -0.0219,  interaction::cross_similarity::feature_1: -0.1246,  interaction::distance_kernel::feature_2: -0.0732,  interaction::cross_similarity::feature_2: -0.0544,  interaction::distance_kernel::feature_3: -0.0316,  interaction::cross_similarity::feature_3: +0.0412,  interaction::distance_kernel::feature_4: +0.1043,  interaction::cross_similarity::feature_4: -0.0129,  interaction::distance_kernel::feature_5: +0.1366,  interaction::cross_similarity::feature_5: -0.0665,  eta: +0.0352,  zeta: +0.0903,  psi: +0.0094
2026-04-01 10:22:10 | INFO | Eval 100  |  Loss: 0.672588
2026-04-01 10:22:10 | INFO |   field::intercept: +0.1520,  field::linear::feature_1: +0.2335,  field::quadratic::feature_1: -0.1710,  field::linear::feature_2: -0.0025,  field::quadratic::feature_2: +0.0817,  field::linear::feature_3: +0.2776,  field::quadratic::feature_3: -0.1123,  field::linear::feature_4: -0.0307,  field::quadratic::feature_4: +0.1307,  field::linear::feature_5: -0.2342,  field::quadratic::feature_5: +0.2568,  beta: +0.1155,  interaction::adjacency: +0.1259,  interaction::distance_kernel::feature_1: -0.1469,  interaction::cross_similarity::feature_1: -1.5319,  interaction::distance_kernel::feature_2: +0.0003,  interaction::cross_similarity::feature_2: +2.5564,  interaction::distance_kernel::feature_3: +0.0066,  interaction::cross_similarity::feature_3: -2.6279,  interaction::distance_kernel::feature_4: +0.0989,  interaction::cross_similarity::feature_4: -0.2807,  interaction::distance_kernel::feature_5: +0.3881,  interaction::cross_similarity::feature_5: -1.4822,  eta: +0.0174,  zeta: -0.1474,  psi: +0.0522
2026-04-01 10:22:11 | INFO | Eval 200  |  Loss: 0.672551
2026-04-01 10:22:11 | INFO |   field::intercept: +0.1506,  field::linear::feature_1: +0.2516,  field::quadratic::feature_1: -0.1544,  field::linear::feature_2: -0.0002,  field::quadratic::feature_2: +0.0594,  field::linear::feature_3: +0.3242,  field::quadratic::feature_3: -0.1037,  field::linear::feature_4: -0.0291,  field::quadratic::feature_4: +0.1254,  field::linear::feature_5: -0.2476,  field::quadratic::feature_5: +0.2486,  beta: +0.1142,  interaction::adjacency: +0.1260,  interaction::distance_kernel::feature_1: -0.1072,  interaction::cross_similarity::feature_1: -1.9664,  interaction::distance_kernel::feature_2: -0.0681,  interaction::cross_similarity::feature_2: +2.3177,  interaction::distance_kernel::feature_3: +0.0214,  interaction::cross_similarity::feature_3: -3.6751,  interaction::distance_kernel::feature_4: +0.1106,  interaction::cross_similarity::feature_4: -0.3368,  interaction::distance_kernel::feature_5: +0.4015,  interaction::cross_similarity::feature_5: -1.7314,  eta: +0.0154,  zeta: -0.1475,  psi: +0.0520
2026-04-01 10:22:12 | INFO | Eval 300  |  Loss: 0.672488
2026-04-01 10:22:12 | INFO |   field::intercept: +0.1515,  field::linear::feature_1: +0.3435,  field::quadratic::feature_1: -0.1492,  field::linear::feature_2: +0.0026,  field::quadratic::feature_2: +0.0325,  field::linear::feature_3: +0.5567,  field::quadratic::feature_3: -0.0943,  field::linear::feature_4: -0.0300,  field::quadratic::feature_4: +0.1176,  field::linear::feature_5: -0.3048,  field::quadratic::feature_5: +0.2687,  beta: +0.1146,  interaction::adjacency: +0.1260,  interaction::distance_kernel::feature_1: -0.0866,  interaction::cross_similarity::feature_1: -3.8898,  interaction::distance_kernel::feature_2: -0.1768,  interaction::cross_similarity::feature_2: +1.9737,  interaction::distance_kernel::feature_3: +0.0502,  interaction::cross_similarity::feature_3: -8.5007,  interaction::distance_kernel::feature_4: +0.0879,  interaction::cross_similarity::feature_4: -0.5715,  interaction::distance_kernel::feature_5: +0.4788,  interaction::cross_similarity::feature_5: -2.8032,  eta: +0.0155,  zeta: -0.1475,  psi: +0.0521
2026-04-01 10:22:14 | INFO | Eval 400  |  Loss: 0.672479
2026-04-01 10:22:14 | INFO |   field::intercept: +0.1514,  field::linear::feature_1: +0.3434,  field::quadratic::feature_1: -0.1437,  field::linear::feature_2: +0.0048,  field::quadratic::feature_2: +0.0345,  field::linear::feature_3: +0.6235,  field::quadratic::feature_3: -0.0888,  field::linear::feature_4: -0.0296,  field::quadratic::feature_4: +0.1164,  field::linear::feature_5: -0.2746,  field::quadratic::feature_5: +0.2607,  beta: +0.1146,  interaction::adjacency: +0.1260,  interaction::distance_kernel::feature_1: -0.0661,  interaction::cross_similarity::feature_1: -3.9072,  interaction::distance_kernel::feature_2: -0.1740,  interaction::cross_similarity::feature_2: +1.5459,  interaction::distance_kernel::feature_3: +0.0767,  interaction::cross_similarity::feature_3: -9.9170,  interaction::distance_kernel::feature_4: +0.0733,  interaction::cross_similarity::feature_4: -0.4570,  interaction::distance_kernel::feature_5: +0.4432,  interaction::cross_similarity::feature_5: -2.2509,  eta: +0.0156,  zeta: -0.1475,  psi: +0.0522
2026-04-01 10:22:14 | INFO | Done fitting.
2026-04-01 10:22:14 | INFO | Optimizer status: CONVERGENCE: RELATIVE REDUCTION OF F <= FACTR*EPSMCH
2026-04-01 10:22:14 | INFO | Final Loss: 0.672479
2026-04-01 10:22:14 | INFO | Estimated vs True Parameters:
2026-04-01 10:22:14 | INFO |   field::intercept: 0.1514 (True: 0.1750)
2026-04-01 10:22:14 | INFO |   field::intercept SQE: 0.000558
2026-04-01 10:22:14 | INFO |   field::linear::feature_1: 0.3434 (True: 0.1400)
2026-04-01 10:22:14 | INFO |   field::linear::feature_1 SQE: 0.041369
2026-04-01 10:22:14 | INFO |   field::quadratic::feature_1: -0.1437 (True: -0.1250)
2026-04-01 10:22:14 | INFO |   field::quadratic::feature_1 SQE: 0.000350
2026-04-01 10:22:14 | INFO |   field::linear::feature_2: 0.0048 (True: 0.0070)
2026-04-01 10:22:14 | INFO |   field::linear::feature_2 SQE: 0.000005
2026-04-01 10:22:14 | INFO |   field::quadratic::feature_2: 0.0345 (True: 0.1250)
2026-04-01 10:22:14 | INFO |   field::quadratic::feature_2 SQE: 0.008197
2026-04-01 10:22:14 | INFO |   field::linear::feature_3: 0.6235 (True: 0.1400)
2026-04-01 10:22:14 | INFO |   field::linear::feature_3 SQE: 0.233747
2026-04-01 10:22:14 | INFO |   field::quadratic::feature_3: -0.0888 (True: -0.1250)
2026-04-01 10:22:14 | INFO |   field::quadratic::feature_3 SQE: 0.001307
2026-04-01 10:22:14 | INFO |   field::linear::feature_4: -0.0296 (True: -0.0400)
2026-04-01 10:22:14 | INFO |   field::linear::feature_4 SQE: 0.000108
2026-04-01 10:22:14 | INFO |   field::quadratic::feature_4: 0.1164 (True: 0.1250)
2026-04-01 10:22:14 | INFO |   field::quadratic::feature_4 SQE: 0.000074
2026-04-01 10:22:14 | INFO |   field::linear::feature_5: -0.2746 (True: -0.1800)
2026-04-01 10:22:14 | INFO |   field::linear::feature_5 SQE: 0.008944
2026-04-01 10:22:14 | INFO |   field::quadratic::feature_5: 0.2607 (True: 0.1850)
2026-04-01 10:22:14 | INFO |   field::quadratic::feature_5 SQE: 0.005731
2026-04-01 10:22:14 | INFO |   beta: 0.1146 (True: 0.1200)
2026-04-01 10:22:14 | INFO |   beta SQE: 0.000029
2026-04-01 10:22:14 | INFO |   interaction::adjacency: 0.1260 (True: 0.1250)
2026-04-01 10:22:14 | INFO |   interaction::adjacency SQE: 0.000001
2026-04-01 10:22:14 | INFO |   interaction::distance_kernel::feature_1: -0.0661 (True: 0.0400)
2026-04-01 10:22:14 | INFO |   interaction::distance_kernel::feature_1 SQE: 0.011255
2026-04-01 10:22:14 | INFO |   interaction::cross_similarity::feature_1: -3.9072 (True: 0.0200)
2026-04-01 10:22:14 | INFO |   interaction::cross_similarity::feature_1 SQE: 15.422878
2026-04-01 10:22:14 | INFO |   interaction::distance_kernel::feature_2: -0.1740 (True: 0.0400)
2026-04-01 10:22:14 | INFO |   interaction::distance_kernel::feature_2 SQE: 0.045783
2026-04-01 10:22:14 | INFO |   interaction::cross_similarity::feature_2: 1.5459 (True: 0.0200)
2026-04-01 10:22:14 | INFO |   interaction::cross_similarity::feature_2 SQE: 2.328330
2026-04-01 10:22:14 | INFO |   interaction::distance_kernel::feature_3: 0.0767 (True: 0.0400)
2026-04-01 10:22:14 | INFO |   interaction::distance_kernel::feature_3 SQE: 0.001347
2026-04-01 10:22:14 | INFO |   interaction::cross_similarity::feature_3: -9.9170 (True: 0.0200)
2026-04-01 10:22:14 | INFO |   interaction::cross_similarity::feature_3 SQE: 98.744028
2026-04-01 10:22:14 | INFO |   interaction::distance_kernel::feature_4: 0.0733 (True: 0.0400)
2026-04-01 10:22:14 | INFO |   interaction::distance_kernel::feature_4 SQE: 0.001111
2026-04-01 10:22:14 | INFO |   interaction::cross_similarity::feature_4: -0.4570 (True: 0.0200)
2026-04-01 10:22:14 | INFO |   interaction::cross_similarity::feature_4 SQE: 0.227574
2026-04-01 10:22:14 | INFO |   interaction::distance_kernel::feature_5: 0.4432 (True: 0.0650)
2026-04-01 10:22:14 | INFO |   interaction::distance_kernel::feature_5 SQE: 0.143002
2026-04-01 10:22:14 | INFO |   interaction::cross_similarity::feature_5: -2.2509 (True: 0.0700)
2026-04-01 10:22:14 | INFO |   interaction::cross_similarity::feature_5 SQE: 5.386495
2026-04-01 10:22:14 | INFO |   eta: 0.0156 (True: 0.0100)
2026-04-01 10:22:14 | INFO |   eta SQE: 0.000031
2026-04-01 10:22:14 | INFO |   zeta: -0.1475 (True: -0.1500)
2026-04-01 10:22:14 | INFO |   zeta SQE: 0.000006
2026-04-01 10:22:14 | INFO |   psi: 0.0522 (True: 0.0500)
2026-04-01 10:22:14 | INFO |   psi SQE: 0.000005
2026-04-01 10:22:15 | INFO | Saved summary tables to C:\Users\phevo\Documents\MIT\Code\MPLE-Causal-Inference\experiments\n5000_t10_high_temp_fro_large_shared_feature_field_shared_feature_interactions_20260401_000732\mple_summary.csv and C:\Users\phevo\Documents\MIT\Code\MPLE-Causal-Inference\experiments\n5000_t10_high_temp_fro_large_shared_feature_field_shared_feature_interactions_20260401_000732\mple_summary.md
2026-04-01 10:22:15 | INFO | Log saved to C:\Users\phevo\Documents\MIT\Code\MPLE-Causal-Inference\experiments\n5000_t10_high_temp_fro_large_shared_feature_field_shared_feature_interactions_20260401_000732\mple.log
