2026-04-07 13:26:41 | INFO | Loading data...
2026-04-07 13:26:41 | INFO | Loaded 6 field templates and 1 interaction templates.
2026-04-07 13:26:41 | INFO | Intervention-process model enabled: True
2026-04-07 13:26:41 | INFO | Tau zero-mean enabled: True
2026-04-07 13:26:41 | INFO | Tau smoothness lambda: 1.000000
2026-04-07 13:26:41 | INFO | Running conditional-model MPLE on x with shape=(67, 3203)
2026-04-07 13:26:41 | INFO | Eval 0  |  Loss: 0.691369
2026-04-07 13:26:41 | INFO |   field::log_population: +0.0126,  field::median_household_income: -0.0132,  field::poverty_rate: +0.0640,  field::pct_black: +0.0105,  field::pct_hispanic: -0.0536,  field::pct_in_labor_force: +0.0362,  tau block: mean=-0.0000, std=0.0970, min=-0.2427, max=+0.1858,  beta: -0.0618,  interaction::contiguity: +0.1822,  eta: -0.1320,  zeta: -0.0662,  psi: +0.0935
2026-04-07 13:26:45 | INFO | Done fitting.
2026-04-07 13:26:45 | INFO | Optimizer status: CONVERGENCE: RELATIVE REDUCTION OF F <= FACTR*EPSMCH
2026-04-07 13:26:45 | INFO | Final Loss: 0.145575
2026-04-07 13:26:45 | INFO | Estimated Parameters:
2026-04-07 13:26:45 | INFO |   field::log_population: 0.1431
2026-04-07 13:26:45 | INFO |   field::median_household_income: -0.3050
2026-04-07 13:26:45 | INFO |   field::poverty_rate: -0.0718
2026-04-07 13:26:45 | INFO |   field::pct_black: -0.2027
2026-04-07 13:26:45 | INFO |   field::pct_hispanic: -0.1070
2026-04-07 13:26:45 | INFO |   field::pct_in_labor_force: 0.0711
2026-04-07 13:26:45 | INFO |   tau::t_0: -0.1701
2026-04-07 13:26:45 | INFO |   tau::t_1: -0.1848
2026-04-07 13:26:45 | INFO |   tau::t_2: -0.3012
2026-04-07 13:26:45 | INFO |   tau::t_3: 0.0685
2026-04-07 13:26:45 | INFO |   tau::t_4: -0.1427
2026-04-07 13:26:45 | INFO |   tau::t_5: 0.0270
2026-04-07 13:26:45 | INFO |   tau::t_6: -0.0381
2026-04-07 13:26:45 | INFO |   tau::t_7: 0.0283
2026-04-07 13:26:45 | INFO |   tau::t_8: -0.0587
2026-04-07 13:26:45 | INFO |   tau::t_9: 0.0273
2026-04-07 13:26:45 | INFO |   tau::t_10: -0.0338
2026-04-07 13:26:45 | INFO |   tau::t_11: -0.1834
2026-04-07 13:26:45 | INFO |   tau::t_12: -0.1800
2026-04-07 13:26:45 | INFO |   tau::t_13: -0.2630
2026-04-07 13:26:45 | INFO |   tau::t_14: -0.2872
2026-04-07 13:26:45 | INFO |   tau::t_15: -0.4272
2026-04-07 13:26:45 | INFO |   tau::t_16: -0.3013
2026-04-07 13:26:45 | INFO |   tau::t_17: -0.5824
2026-04-07 13:26:45 | INFO |   tau::t_18: -0.3707
2026-04-07 13:26:45 | INFO |   tau::t_19: -0.5139
2026-04-07 13:26:45 | INFO |   tau::t_20: -0.4361
2026-04-07 13:26:45 | INFO |   tau::t_21: -0.4387
2026-04-07 13:26:45 | INFO |   tau::t_22: -0.2107
2026-04-07 13:26:45 | INFO |   tau::t_23: -0.1124
2026-04-07 13:26:45 | INFO |   tau::t_24: 0.1173
2026-04-07 13:26:45 | INFO |   tau::t_25: 0.2755
2026-04-07 13:26:45 | INFO |   tau::t_26: 0.2618
2026-04-07 13:26:45 | INFO |   tau::t_27: 0.2850
2026-04-07 13:26:45 | INFO |   tau::t_28: 0.2521
2026-04-07 13:26:45 | INFO |   tau::t_29: 0.2327
2026-04-07 13:26:45 | INFO |   tau::t_30: 0.2031
2026-04-07 13:26:45 | INFO |   tau::t_31: 0.0449
2026-04-07 13:26:45 | INFO |   tau::t_32: 0.1825
2026-04-07 13:26:45 | INFO |   tau::t_33: -0.0540
2026-04-07 13:26:45 | INFO |   tau::t_34: -0.1067
2026-04-07 13:26:45 | INFO |   tau::t_35: -0.1158
2026-04-07 13:26:45 | INFO |   tau::t_36: -0.1620
2026-04-07 13:26:45 | INFO |   tau::t_37: -0.1867
2026-04-07 13:26:45 | INFO |   tau::t_38: -0.0090
2026-04-07 13:26:45 | INFO |   tau::t_39: -0.0339
2026-04-07 13:26:45 | INFO |   tau::t_40: 0.0557
2026-04-07 13:26:45 | INFO |   tau::t_41: 0.0893
2026-04-07 13:26:45 | INFO |   tau::t_42: -0.3136
2026-04-07 13:26:45 | INFO |   tau::t_43: 0.3599
2026-04-07 13:26:45 | INFO |   tau::t_44: 0.0013
2026-04-07 13:26:45 | INFO |   tau::t_45: -0.0373
2026-04-07 13:26:45 | INFO |   tau::t_46: -0.0236
2026-04-07 13:26:45 | INFO |   tau::t_47: 0.5165
2026-04-07 13:26:45 | INFO |   tau::t_48: 0.8772
2026-04-07 13:26:45 | INFO |   tau::t_49: 1.0711
2026-04-07 13:26:45 | INFO |   tau::t_50: 1.8289
2026-04-07 13:26:45 | INFO |   tau::t_51: 1.8043
2026-04-07 13:26:45 | INFO |   tau::t_52: 0.3924
2026-04-07 13:26:45 | INFO |   tau::t_53: -0.2201
2026-04-07 13:26:45 | INFO |   tau::t_54: -0.3584
2026-04-07 13:26:45 | INFO |   tau::t_55: -0.4029
2026-04-07 13:26:45 | INFO |   tau::t_56: -0.1955
2026-04-07 13:26:45 | INFO |   tau::t_57: -0.1968
2026-04-07 13:26:45 | INFO |   tau::t_58: -0.1887
2026-04-07 13:26:45 | INFO |   tau::t_59: -0.2941
2026-04-07 13:26:45 | INFO |   tau::t_60: -0.3322
2026-04-07 13:26:45 | INFO |   tau::t_61: -0.2792
2026-04-07 13:26:45 | INFO |   tau::t_62: -0.1502
2026-04-07 13:26:45 | INFO |   tau::t_63: -0.0370
2026-04-07 13:26:45 | INFO |   tau::t_64: -0.1122
2026-04-07 13:26:45 | INFO |   tau::t_65: 0.0329
2026-04-07 13:26:45 | INFO |   tau::t_66: 0.0107
2026-04-07 13:26:45 | INFO |   beta: 0.0202
2026-04-07 13:26:45 | INFO |   interaction::contiguity: 2.6575
2026-04-07 13:26:45 | INFO |   eta: 0.5502
2026-04-07 13:26:45 | INFO |   zeta: 0.0925
2026-04-07 13:26:45 | INFO |   psi: 2.3386
2026-04-07 13:26:45 | INFO | Saved summary tables to C:\Users\phevo\Documents\MIT\Code\MPLE-Causal-Inference\experiments\USCountyVaccination_US\USCountyVaccination_US_tau_zero_mean_smooth\outcome_case_rate_100k_ge_200__intervention_complete_cov_ge_50__lag_3w__contiguity\mple_summary.csv and C:\Users\phevo\Documents\MIT\Code\MPLE-Causal-Inference\experiments\USCountyVaccination_US\USCountyVaccination_US_tau_zero_mean_smooth\outcome_case_rate_100k_ge_200__intervention_complete_cov_ge_50__lag_3w__contiguity\mple_summary.md
2026-04-07 13:26:45 | INFO | Log saved to C:\Users\phevo\Documents\MIT\Code\MPLE-Causal-Inference\experiments\USCountyVaccination_US\USCountyVaccination_US_tau_zero_mean_smooth\outcome_case_rate_100k_ge_200__intervention_complete_cov_ge_50__lag_3w__contiguity\mple.log
