2026-07-26 06:25:26 | INFO | Loading data...
2026-07-26 06:25:26 | INFO | Using panel artifact: /orcd/home/002/phevosp/MPLE-Causal-Inference/experiments/Synthetic/confounding_strong/panel_data.npz
2026-07-26 06:25:26 | INFO | Using x_0 artifact: /orcd/home/002/phevosp/MPLE-Causal-Inference/experiments/Synthetic/confounding_strong/x_0.npy
2026-07-26 06:25:26 | INFO | Using fit config: /orcd/home/002/phevosp/MPLE-Causal-Inference/experiments/Synthetic/confounding_strong/cv_runs_baselines/treatment_split/candidates/treatment_split_candidate_0015/fold_6/fit_realized_config.yaml
2026-07-26 06:25:26 | INFO | Using model artifact directory: /orcd/home/002/phevosp/MPLE-Causal-Inference/experiments/Synthetic/confounding_strong
2026-07-26 06:25:26 | INFO | Using truth artifact directory: /orcd/home/002/phevosp/MPLE-Causal-Inference/experiments/Synthetic/confounding_strong
2026-07-26 06:25:26 | INFO | Using loss mask artifact: /orcd/home/002/phevosp/MPLE-Causal-Inference/experiments/Synthetic/confounding_strong/cv_runs_baselines/treatment_split/candidates/treatment_split_candidate_0015/fold_6/loss_mask.npy
2026-07-26 06:25:26 | INFO | Configured optimizer mode: alternating_treatment_split_latent_rank
2026-07-26 06:25:26 | INFO | Configured latent rank: 5
2026-07-26 06:25:26 | INFO | Using a fixed known graph with scalar xi.
2026-07-26 06:25:26 | INFO | Fit-time hard bounds active: False
2026-07-26 06:25:26 | INFO | Fixed scalar parameters: {'beta': 0.0, 'xi': 0.0, 'eta': 0.0}
2026-07-26 06:25:26 | INFO | Warm-start fixed scalars: {} for 0 steps
2026-07-26 06:25:26 | INFO | Beta-gradient mask before s: False with s=0
2026-07-26 06:25:26 | INFO | Beta-gradient mask after e: False with e=11
2026-07-26 06:25:26 | INFO | Alternating V-column L2-ball constraint active with radius 1.0
2026-07-26 06:25:26 | INFO | Optimizer settings: steps=2000, tol=1e-07, n_starts=1, seed=0, lambda_nuclear=0.0, lambda_frobenius=0.0, lambda_uv_ridge=0.01, v_column_l2_max=1.0, proximal_lr=1.0
2026-07-26 06:25:26 | INFO | Treatment-split alternating low-rank start 1/1 | seed=0 | initial_loss=0.693235 | initial_penalized=0.693245
2026-07-26 06:25:26 | INFO | Treatment-split alternating low-rank iter 0 | Loss: 0.674874 | Penalized: 0.674916
2026-07-26 06:25:28 | INFO | Treatment-split alternating low-rank iter 100 | Loss: 0.361963 | Penalized: 0.398005
2026-07-26 06:25:30 | INFO | Treatment-split alternating low-rank iter 200 | Loss: 0.361585 | Penalized: 0.397763
2026-07-26 06:25:32 | INFO | Treatment-split alternating low-rank iter 300 | Loss: 0.361438 | Penalized: 0.397671
2026-07-26 06:25:34 | INFO | Treatment-split alternating low-rank iter 400 | Loss: 0.361382 | Penalized: 0.397636
2026-07-26 06:25:36 | INFO | Treatment-split alternating low-rank iter 500 | Loss: 0.361366 | Penalized: 0.397630
2026-07-26 06:25:38 | INFO | Treatment-split alternating low-rank iter 600 | Loss: 0.361367 | Penalized: 0.397634
2026-07-26 06:25:40 | INFO | Treatment-split alternating low-rank iter 700 | Loss: 0.361353 | Penalized: 0.397623
2026-07-26 06:25:42 | INFO | Treatment-split alternating low-rank iter 800 | Loss: 0.361350 | Penalized: 0.397619
2026-07-26 06:25:44 | INFO | Treatment-split alternating low-rank iter 900 | Loss: 0.361347 | Penalized: 0.397616
2026-07-26 06:25:46 | INFO | Treatment-split alternating low-rank iter 1000 | Loss: 0.361344 | Penalized: 0.397613
2026-07-26 06:25:48 | INFO | Treatment-split alternating low-rank iter 1100 | Loss: 0.361342 | Penalized: 0.397610
2026-07-26 06:25:50 | INFO | Treatment-split alternating low-rank iter 1200 | Loss: 0.361340 | Penalized: 0.397608
2026-07-26 06:25:51 | INFO | Treatment-split alternating low-rank iter 1300 | Loss: 0.361338 | Penalized: 0.397605
2026-07-26 06:25:53 | INFO | Treatment-split alternating low-rank iter 1400 | Loss: 0.361336 | Penalized: 0.397603
2026-07-26 06:25:55 | INFO | Treatment-split alternating low-rank iter 1500 | Loss: 0.361334 | Penalized: 0.397601
2026-07-26 06:25:57 | INFO | Treatment-split alternating low-rank iter 1600 | Loss: 0.361332 | Penalized: 0.397599
2026-07-26 06:25:59 | INFO | Treatment-split alternating low-rank iter 1700 | Loss: 0.361331 | Penalized: 0.397597
2026-07-26 06:26:01 | INFO | Treatment-split alternating low-rank iter 1800 | Loss: 0.361329 | Penalized: 0.397595
2026-07-26 06:26:03 | INFO | Treatment-split alternating low-rank iter 1900 | Loss: 0.361327 | Penalized: 0.397593
2026-07-26 06:26:05 | INFO | Done fitting.
2026-07-26 06:26:05 | INFO | Optimizer status: STOP: TOTAL NO. OF OUTER ITERATIONS REACHED LIMIT
2026-07-26 06:26:05 | INFO | Best optimizer start: 1 / 1
2026-07-26 06:26:05 | INFO | Final Loss: 0.361221
2026-07-26 06:26:05 | INFO | Estimated vs True Parameters:
2026-07-26 06:26:05 | INFO |   beta: 0.0000 (True: -0.3000) | SQE: 0.090000
2026-07-26 06:26:05 | INFO |   xi: 0.0000 (True: 0.8000) | SQE: 0.640000
2026-07-26 06:26:05 | INFO |   eta: 0.0000 (True: 0.3000) | SQE: 0.090000
2026-07-26 06:26:05 | INFO | Treatment-split alternating low-rank optimizer diagnostics:
2026-07-26 06:26:05 | INFO |   penalized_objective: 0.397487
2026-07-26 06:26:05 | INFO |   mple_loss_without_penalty: 0.361221
2026-07-26 06:26:05 | INFO |   lambda_uv_ridge: 0.010000
2026-07-26 06:26:05 | INFO |   u_frobenius_norm: 3.162278
2026-07-26 06:26:05 | INFO |   v_frobenius_norm: 233.419036
2026-07-26 06:26:05 | INFO |   effective_rank: 50.000000
2026-07-26 06:26:05 | INFO | Field and interaction diagnostics:
2026-07-26 06:26:05 | INFO |   field_rmse: 0.958570
2026-07-26 06:26:05 | INFO |   interaction_fro_error: 2.834194
2026-07-26 06:26:05 | INFO |   estimated_field_max_abs_entry: 3.824750
2026-07-26 06:26:05 | INFO |   estimated_field_rank: 50.000000
2026-07-26 06:26:05 | INFO |   true_field_max_abs_entry: 4.447602
2026-07-26 06:26:05 | INFO |   true_field_rank: 3.000000
2026-07-26 06:26:05 | INFO | Saved summary table to /orcd/home/002/phevosp/MPLE-Causal-Inference/experiments/Synthetic/confounding_strong/cv_runs_baselines/treatment_split/candidates/treatment_split_candidate_0015/fold_6/mple_summary.csv
2026-07-26 06:26:05 | INFO | Log saved to /orcd/home/002/phevosp/MPLE-Causal-Inference/experiments/Synthetic/confounding_strong/cv_runs_baselines/treatment_split/candidates/treatment_split_candidate_0015/fold_6/mple.log
