2026-07-26 05:46:53 | INFO | Loading data...
2026-07-26 05:46:53 | INFO | Using panel artifact: /orcd/home/002/phevosp/MPLE-Causal-Inference/experiments/Synthetic/confounding_strong/panel_data.npz
2026-07-26 05:46:53 | INFO | Using x_0 artifact: /orcd/home/002/phevosp/MPLE-Causal-Inference/experiments/Synthetic/confounding_strong/x_0.npy
2026-07-26 05:46:53 | INFO | Using fit config: /orcd/home/002/phevosp/MPLE-Causal-Inference/experiments/Synthetic/confounding_strong/cv_runs_baselines/treatment_split/candidates/treatment_split_candidate_0005/fold_6/fit_realized_config.yaml
2026-07-26 05:46:53 | INFO | Using model artifact directory: /orcd/home/002/phevosp/MPLE-Causal-Inference/experiments/Synthetic/confounding_strong
2026-07-26 05:46:53 | INFO | Using truth artifact directory: /orcd/home/002/phevosp/MPLE-Causal-Inference/experiments/Synthetic/confounding_strong
2026-07-26 05:46:53 | INFO | Using loss mask artifact: /orcd/home/002/phevosp/MPLE-Causal-Inference/experiments/Synthetic/confounding_strong/cv_runs_baselines/treatment_split/candidates/treatment_split_candidate_0005/fold_6/loss_mask.npy
2026-07-26 05:46:53 | INFO | Configured optimizer mode: alternating_treatment_split_latent_rank
2026-07-26 05:46:53 | INFO | Configured latent rank: 1
2026-07-26 05:46:53 | INFO | Using a fixed known graph with scalar xi.
2026-07-26 05:46:53 | INFO | Fit-time hard bounds active: False
2026-07-26 05:46:53 | INFO | Fixed scalar parameters: {'beta': 0.0, 'xi': 0.0, 'eta': 0.0}
2026-07-26 05:46:53 | INFO | Warm-start fixed scalars: {} for 0 steps
2026-07-26 05:46:53 | INFO | Beta-gradient mask before s: False with s=0
2026-07-26 05:46:53 | INFO | Beta-gradient mask after e: False with e=11
2026-07-26 05:46:53 | INFO | Alternating V-column L2-ball constraint active with radius 1.0
2026-07-26 05:46:53 | INFO | Optimizer settings: steps=2000, tol=1e-07, n_starts=1, seed=0, lambda_nuclear=0.0, lambda_frobenius=0.0, lambda_uv_ridge=0.1, v_column_l2_max=1.0, proximal_lr=1.0
2026-07-26 05:46:53 | INFO | Treatment-split alternating low-rank start 1/1 | seed=0 | initial_loss=0.693131 | initial_penalized=0.693151
2026-07-26 05:46:53 | INFO | Treatment-split alternating low-rank iter 0 | Loss: 0.691033 | Penalized: 0.691065
2026-07-26 05:46:55 | INFO | Treatment-split alternating low-rank iter 100 | Loss: 0.620663 | Penalized: 0.641671
2026-07-26 05:46:56 | INFO | Treatment-split alternating low-rank iter 200 | Loss: 0.620664 | Penalized: 0.641671
2026-07-26 05:46:57 | INFO | Treatment-split alternating low-rank iter 300 | Loss: 0.620663 | Penalized: 0.641671
2026-07-26 05:46:59 | INFO | Treatment-split alternating low-rank iter 400 | Loss: 0.620663 | Penalized: 0.641671
2026-07-26 05:47:00 | INFO | Treatment-split alternating low-rank iter 500 | Loss: 0.620663 | Penalized: 0.641671
2026-07-26 05:47:01 | INFO | Treatment-split alternating low-rank iter 600 | Loss: 0.620663 | Penalized: 0.641671
2026-07-26 05:47:03 | INFO | Treatment-split alternating low-rank iter 700 | Loss: 0.620663 | Penalized: 0.641671
2026-07-26 05:47:04 | INFO | Treatment-split alternating low-rank iter 800 | Loss: 0.620663 | Penalized: 0.641671
2026-07-26 05:47:05 | INFO | Treatment-split alternating low-rank iter 900 | Loss: 0.620663 | Penalized: 0.641671
2026-07-26 05:47:07 | INFO | Treatment-split alternating low-rank iter 1000 | Loss: 0.620663 | Penalized: 0.641671
2026-07-26 05:47:08 | INFO | Treatment-split alternating low-rank iter 1100 | Loss: 0.620664 | Penalized: 0.641671
2026-07-26 05:47:09 | INFO | Treatment-split alternating low-rank iter 1200 | Loss: 0.620664 | Penalized: 0.641671
2026-07-26 05:47:11 | INFO | Treatment-split alternating low-rank iter 1300 | Loss: 0.620663 | Penalized: 0.641671
2026-07-26 05:47:12 | INFO | Treatment-split alternating low-rank iter 1400 | Loss: 0.620663 | Penalized: 0.641671
2026-07-26 05:47:13 | INFO | Treatment-split alternating low-rank iter 1500 | Loss: 0.620663 | Penalized: 0.641671
2026-07-26 05:47:15 | INFO | Treatment-split alternating low-rank iter 1600 | Loss: 0.620663 | Penalized: 0.641671
2026-07-26 05:47:16 | INFO | Treatment-split alternating low-rank iter 1700 | Loss: 0.620663 | Penalized: 0.641671
2026-07-26 05:47:17 | INFO | Treatment-split alternating low-rank iter 1800 | Loss: 0.620663 | Penalized: 0.641671
2026-07-26 05:47:19 | INFO | Treatment-split alternating low-rank iter 1900 | Loss: 0.620664 | Penalized: 0.641671
2026-07-26 05:47:20 | INFO | Done fitting.
2026-07-26 05:47:20 | INFO | Optimizer status: STOP: TOTAL NO. OF OUTER ITERATIONS REACHED LIMIT
2026-07-26 05:47:20 | INFO | Best optimizer start: 1 / 1
2026-07-26 05:47:20 | INFO | Final Loss: 0.620685
2026-07-26 05:47:20 | INFO | Estimated vs True Parameters:
2026-07-26 05:47:20 | INFO |   beta: 0.0000 (True: -0.3000) | SQE: 0.090000
2026-07-26 05:47:20 | INFO |   xi: 0.0000 (True: 0.8000) | SQE: 0.640000
2026-07-26 05:47:20 | INFO |   eta: 0.0000 (True: 0.3000) | SQE: 0.090000
2026-07-26 05:47:20 | INFO | Treatment-split alternating low-rank optimizer diagnostics:
2026-07-26 05:47:20 | INFO |   penalized_objective: 0.641657
2026-07-26 05:47:20 | INFO |   mple_loss_without_penalty: 0.620685
2026-07-26 05:47:20 | INFO |   lambda_uv_ridge: 0.100000
2026-07-26 05:47:20 | INFO |   u_frobenius_norm: 1.414214
2026-07-26 05:47:20 | INFO |   v_frobenius_norm: 56.118817
2026-07-26 05:47:20 | INFO |   effective_rank: 50.000000
2026-07-26 05:47:20 | INFO | Field and interaction diagnostics:
2026-07-26 05:47:20 | INFO |   field_rmse: 0.665368
2026-07-26 05:47:20 | INFO |   interaction_fro_error: 2.834194
2026-07-26 05:47:20 | INFO |   estimated_field_max_abs_entry: 1.150252
2026-07-26 05:47:20 | INFO |   estimated_field_rank: 50.000000
2026-07-26 05:47:20 | INFO |   true_field_max_abs_entry: 4.447602
2026-07-26 05:47:20 | INFO |   true_field_rank: 3.000000
2026-07-26 05:47:20 | INFO | Saved summary table to /orcd/home/002/phevosp/MPLE-Causal-Inference/experiments/Synthetic/confounding_strong/cv_runs_baselines/treatment_split/candidates/treatment_split_candidate_0005/fold_6/mple_summary.csv
2026-07-26 05:47:20 | INFO | Log saved to /orcd/home/002/phevosp/MPLE-Causal-Inference/experiments/Synthetic/confounding_strong/cv_runs_baselines/treatment_split/candidates/treatment_split_candidate_0005/fold_6/mple.log
