2026-04-08 12:27:56 | INFO | Loading data...
2026-04-08 12:27:56 | INFO | Loaded 6 field templates and 1 interaction templates.
2026-04-08 12:27:56 | INFO | Intervention-process model enabled: True
2026-04-08 12:27:56 | INFO | Tau zero-mean enabled: False
2026-04-08 12:27:56 | INFO | Tau smoothness lambda: 0.000000
2026-04-08 12:27:56 | INFO | Running conditional-model MPLE on x with shape=(67, 3137)
2026-04-08 12:27:56 | INFO | Eval 0  |  Loss: 0.687011
2026-04-08 12:27:56 | INFO |   field::population_density: +0.0126,  field::senior_population: -0.0132,  field::college_education: +0.0640,  field::poverty_rate: +0.0105,  field::log_population: -0.0536,  field::median_household_income: +0.0362,  tau block: mean=+0.0102, std=0.0970, min=-0.2325, max=+0.1960,  beta: -0.0618,  interaction::contiguity: +0.1822,  eta: -0.1320,  zeta: -0.0662,  psi: +0.0935
2026-04-08 12:28:00 | INFO | Done fitting.
2026-04-08 12:28:00 | INFO | Optimizer status: CONVERGENCE: RELATIVE REDUCTION OF F <= FACTR*EPSMCH
2026-04-08 12:28:00 | INFO | Final Loss: 0.155828
2026-04-08 12:28:00 | INFO | Estimated Parameters:
2026-04-08 12:28:00 | INFO |   field::population_density: -0.4277
2026-04-08 12:28:00 | INFO |   field::senior_population: -0.1998
2026-04-08 12:28:00 | INFO |   field::college_education: -0.2566
2026-04-08 12:28:00 | INFO |   field::poverty_rate: -0.1778
2026-04-08 12:28:00 | INFO |   field::log_population: 0.1510
2026-04-08 12:28:00 | INFO |   field::median_household_income: -0.0475
2026-04-08 12:28:00 | INFO |   tau::t_0: -0.2185
2026-04-08 12:28:00 | INFO |   tau::t_1: -0.2425
2026-04-08 12:28:00 | INFO |   tau::t_2: -0.3731
2026-04-08 12:28:00 | INFO |   tau::t_3: 0.0076
2026-04-08 12:28:00 | INFO |   tau::t_4: -0.2336
2026-04-08 12:28:00 | INFO |   tau::t_5: -0.0369
2026-04-08 12:28:00 | INFO |   tau::t_6: -0.1134
2026-04-08 12:28:00 | INFO |   tau::t_7: -0.0408
2026-04-08 12:28:00 | INFO |   tau::t_8: -0.1258
2026-04-08 12:28:00 | INFO |   tau::t_9: -0.0232
2026-04-08 12:28:00 | INFO |   tau::t_10: -0.0864
2026-04-08 12:28:00 | INFO |   tau::t_11: -0.2398
2026-04-08 12:28:00 | INFO |   tau::t_12: -0.2405
2026-04-08 12:28:00 | INFO |   tau::t_13: -0.3477
2026-04-08 12:28:00 | INFO |   tau::t_14: -0.3790
2026-04-08 12:28:00 | INFO |   tau::t_15: -0.5578
2026-04-08 12:28:00 | INFO |   tau::t_16: -0.5144
2026-04-08 12:28:00 | INFO |   tau::t_17: -0.7675
2026-04-08 12:28:00 | INFO |   tau::t_18: -0.4989
2026-04-08 12:28:00 | INFO |   tau::t_19: -0.6698
2026-04-08 12:28:00 | INFO |   tau::t_20: -0.5948
2026-04-08 12:28:00 | INFO |   tau::t_21: -0.5650
2026-04-08 12:28:00 | INFO |   tau::t_22: -0.2997
2026-04-08 12:28:00 | INFO |   tau::t_23: -0.1999
2026-04-08 12:28:00 | INFO |   tau::t_24: 0.0592
2026-04-08 12:28:00 | INFO |   tau::t_25: 0.2268
2026-04-08 12:28:00 | INFO |   tau::t_26: 0.2224
2026-04-08 12:28:00 | INFO |   tau::t_27: 0.2542
2026-04-08 12:28:00 | INFO |   tau::t_28: 0.2221
2026-04-08 12:28:00 | INFO |   tau::t_29: 0.2087
2026-04-08 12:28:00 | INFO |   tau::t_30: 0.1860
2026-04-08 12:28:00 | INFO |   tau::t_31: 0.0189
2026-04-08 12:28:00 | INFO |   tau::t_32: 0.1598
2026-04-08 12:28:00 | INFO |   tau::t_33: -0.0963
2026-04-08 12:28:00 | INFO |   tau::t_34: -0.1228
2026-04-08 12:28:00 | INFO |   tau::t_35: -0.1460
2026-04-08 12:28:00 | INFO |   tau::t_36: -0.1793
2026-04-08 12:28:00 | INFO |   tau::t_37: -0.2110
2026-04-08 12:28:00 | INFO |   tau::t_38: -0.0256
2026-04-08 12:28:00 | INFO |   tau::t_39: -0.0460
2026-04-08 12:28:00 | INFO |   tau::t_40: 0.0364
2026-04-08 12:28:00 | INFO |   tau::t_41: 0.0839
2026-04-08 12:28:00 | INFO |   tau::t_42: -0.3230
2026-04-08 12:28:00 | INFO |   tau::t_43: 0.3411
2026-04-08 12:28:00 | INFO |   tau::t_44: -0.0105
2026-04-08 12:28:00 | INFO |   tau::t_45: -0.0443
2026-04-08 12:28:00 | INFO |   tau::t_46: -0.0432
2026-04-08 12:28:00 | INFO |   tau::t_47: 0.5046
2026-04-08 12:28:00 | INFO |   tau::t_48: 0.8586
2026-04-08 12:28:00 | INFO |   tau::t_49: 0.9273
2026-04-08 12:28:00 | INFO |   tau::t_50: 1.2346
2026-04-08 12:28:00 | INFO |   tau::t_51: 1.2909
2026-04-08 12:28:00 | INFO |   tau::t_52: 0.3773
2026-04-08 12:28:00 | INFO |   tau::t_53: -0.2190
2026-04-08 12:28:00 | INFO |   tau::t_54: -0.3753
2026-04-08 12:28:00 | INFO |   tau::t_55: -0.4329
2026-04-08 12:28:00 | INFO |   tau::t_56: -0.2534
2026-04-08 12:28:00 | INFO |   tau::t_57: -0.2304
2026-04-08 12:28:00 | INFO |   tau::t_58: -0.2441
2026-04-08 12:28:00 | INFO |   tau::t_59: -0.3600
2026-04-08 12:28:00 | INFO |   tau::t_60: -0.4089
2026-04-08 12:28:00 | INFO |   tau::t_61: -0.3524
2026-04-08 12:28:00 | INFO |   tau::t_62: -0.1930
2026-04-08 12:28:00 | INFO |   tau::t_63: -0.1195
2026-04-08 12:28:00 | INFO |   tau::t_64: -0.1431
2026-04-08 12:28:00 | INFO |   tau::t_65: 0.0058
2026-04-08 12:28:00 | INFO |   tau::t_66: -0.0219
2026-04-08 12:28:00 | INFO |   beta: -0.0035
2026-04-08 12:28:00 | INFO |   interaction::contiguity: 2.6234
2026-04-08 12:28:00 | INFO |   eta: 0.5499
2026-04-08 12:28:00 | INFO |   zeta: -0.0108
2026-04-08 12:28:00 | INFO |   psi: 2.0796
2026-04-08 12:28:00 | INFO | Saved summary tables to C:\Users\phevo\Documents\MIT\Code\MPLE-Causal-Inference\experiments\USCountyVaccination_US_features_new\outcome_case_rate_100k_ge_200__intervention_partial_cov_ge_40__lag_3w__contiguity\mple_summary.csv and C:\Users\phevo\Documents\MIT\Code\MPLE-Causal-Inference\experiments\USCountyVaccination_US_features_new\outcome_case_rate_100k_ge_200__intervention_partial_cov_ge_40__lag_3w__contiguity\mple_summary.md
2026-04-08 12:28:00 | INFO | Log saved to C:\Users\phevo\Documents\MIT\Code\MPLE-Causal-Inference\experiments\USCountyVaccination_US_features_new\outcome_case_rate_100k_ge_200__intervention_partial_cov_ge_40__lag_3w__contiguity\mple.log
