2026-04-25 13:30:21 | INFO | Loading data...
2026-04-25 13:30:21 | INFO | Using panel artifact: /orcd/home/002/phevosp/MPLE-Causal-Inference/experiments/USCountyVaccination_US_trimmed/outcome_death_rate_100k_ge_2__intervention_complete_cov_ge_30__lag_2w__contiguity__start_2021_01_03/panel_data.npz
2026-04-25 13:30:21 | INFO | Using x_0 artifact: /orcd/home/002/phevosp/MPLE-Causal-Inference/experiments/USCountyVaccination_US_trimmed/outcome_death_rate_100k_ge_2__intervention_complete_cov_ge_30__lag_2w__contiguity__start_2021_01_03/x_0.npy
2026-04-25 13:30:21 | INFO | Using fit config: /orcd/home/002/phevosp/MPLE-Causal-Inference/experiments/USCountyVaccination_US_trimmed/outcome_death_rate_100k_ge_2__intervention_complete_cov_ge_30__lag_2w__contiguity__start_2021_01_03/fits/alternating_rank_5_lambda_14/fit_realized_config.yaml
2026-04-25 13:30:21 | INFO | Using model artifact directory: /orcd/home/002/phevosp/MPLE-Causal-Inference/experiments/USCountyVaccination_US_trimmed/outcome_death_rate_100k_ge_2__intervention_complete_cov_ge_30__lag_2w__contiguity__start_2021_01_03
2026-04-25 13:30:21 | INFO | Using truth artifact directory: /orcd/home/002/phevosp/MPLE-Causal-Inference/experiments/USCountyVaccination_US_trimmed/outcome_death_rate_100k_ge_2__intervention_complete_cov_ge_30__lag_2w__contiguity__start_2021_01_03
2026-04-25 13:30:21 | INFO | Configured optimizer mode: alternating_latent_rank
2026-04-25 13:30:21 | INFO | Configured latent rank: 5
2026-04-25 13:30:21 | INFO | Using a fixed known graph with scalar xi.
2026-04-25 13:30:21 | INFO | Fit-time hard bounds active: False
2026-04-25 13:30:21 | INFO | Fixed scalar parameters: {}
2026-04-25 13:30:21 | INFO | Optimizer settings: steps=20000, tol=1e-09, n_starts=1, seed=0, lambda_nuclear=0.0, lambda_frobenius=0.0, lambda_uv_ridge=14.0, proximal_lr=1.0
2026-04-25 13:30:21 | INFO | Alternating low-rank start 1/1 | seed=0 | initial_loss=0.721313 | initial_penalized=0.731373
2026-04-25 13:30:22 | INFO | Alternating low-rank iter 0 | Loss: 0.524809 | Penalized: 0.547660
2026-04-25 13:30:33 | INFO | Alternating low-rank iter 100 | Loss: 0.448642 | Penalized: 0.492876
2026-04-25 13:30:41 | INFO | Alternating low-rank iter 200 | Loss: 0.449582 | Penalized: 0.492398
2026-04-25 13:30:49 | INFO | Alternating low-rank iter 300 | Loss: 0.450009 | Penalized: 0.492370
2026-04-25 13:30:56 | INFO | Alternating low-rank iter 400 | Loss: 0.450190 | Penalized: 0.492365
2026-04-25 13:31:03 | INFO | Alternating low-rank iter 500 | Loss: 0.450246 | Penalized: 0.492364
2026-04-25 13:31:04 | INFO | Done fitting.
2026-04-25 13:31:04 | INFO | Optimizer status: CONVERGED: alternating objective tolerance reached
2026-04-25 13:31:04 | INFO | Best optimizer start: 1 / 1
2026-04-25 13:31:04 | INFO | Final Loss: 0.450249
2026-04-25 13:31:04 | INFO | Estimated Parameters:
2026-04-25 13:31:04 | INFO |   beta: -0.0175
2026-04-25 13:31:04 | INFO |   xi: 1.8124
2026-04-25 13:31:04 | INFO |   eta: 0.1621
2026-04-25 13:31:04 | INFO | Alternating low-rank optimizer diagnostics:
2026-04-25 13:31:04 | INFO |   penalized_objective: 0.492364
2026-04-25 13:31:04 | INFO |   mple_loss_without_penalty: 0.450249
2026-04-25 13:31:04 | INFO |   lambda_uv_ridge: 14.000000
2026-04-25 13:31:04 | INFO |   u_frobenius_norm: 17.925957
2026-04-25 13:31:04 | INFO |   v_frobenius_norm: 17.925958
2026-04-25 13:31:04 | INFO |   effective_rank: 5.000000
2026-04-25 13:31:04 | INFO | Field and interaction diagnostics:
2026-04-25 13:31:04 | INFO |   estimated_field_max_abs_entry: 1.326366
2026-04-25 13:31:04 | INFO |   estimated_field_rank: 5.000000
2026-04-25 13:31:04 | INFO | Saved summary tables to /orcd/home/002/phevosp/MPLE-Causal-Inference/experiments/USCountyVaccination_US_trimmed/outcome_death_rate_100k_ge_2__intervention_complete_cov_ge_30__lag_2w__contiguity__start_2021_01_03/fits/alternating_rank_5_lambda_14/mple_summary.csv and /orcd/home/002/phevosp/MPLE-Causal-Inference/experiments/USCountyVaccination_US_trimmed/outcome_death_rate_100k_ge_2__intervention_complete_cov_ge_30__lag_2w__contiguity__start_2021_01_03/fits/alternating_rank_5_lambda_14/mple_summary.md
2026-04-25 13:31:04 | INFO | Log saved to /orcd/home/002/phevosp/MPLE-Causal-Inference/experiments/USCountyVaccination_US_trimmed/outcome_death_rate_100k_ge_2__intervention_complete_cov_ge_30__lag_2w__contiguity__start_2021_01_03/fits/alternating_rank_5_lambda_14/mple.log
