2026-04-07 11:50:02 | INFO | Loading data...
2026-04-07 11:50:02 | INFO | Loaded 6 field templates and 1 interaction templates.
2026-04-07 11:50:02 | INFO | Intervention-process model enabled: True
2026-04-07 11:50:02 | INFO | Tau zero-mean enabled: False
2026-04-07 11:50:02 | INFO | Tau smoothness lambda: 0.000000
2026-04-07 11:50:02 | INFO | Running conditional-model MPLE on x with shape=(68, 3136)
2026-04-07 11:50:02 | INFO | Eval 0  |  Loss: 0.776786
2026-04-07 11:50:02 | INFO |   field::log_population: +0.0126,  field::median_household_income: -0.0132,  field::poverty_rate: +0.0640,  field::pct_black: +0.0105,  field::pct_hispanic: -0.0536,  field::pct_in_labor_force: +0.0362,  tau block: mean=+0.0092, std=0.0967, min=-0.2325, max=+0.1960,  beta: +0.1822,  interaction::contiguity: -0.1320,  eta: -0.0662,  zeta: +0.0935,  psi: +0.0049
2026-04-07 11:50:06 | INFO | Done fitting.
2026-04-07 11:50:06 | INFO | Optimizer status: CONVERGENCE: RELATIVE REDUCTION OF F <= FACTR*EPSMCH
2026-04-07 11:50:06 | INFO | Final Loss: 0.156562
2026-04-07 11:50:06 | INFO | Estimated Parameters:
2026-04-07 11:50:06 | INFO |   field::log_population: 0.1548
2026-04-07 11:50:06 | INFO |   field::median_household_income: -0.2528
2026-04-07 11:50:06 | INFO |   field::poverty_rate: -0.0378
2026-04-07 11:50:06 | INFO |   field::pct_black: -0.2021
2026-04-07 11:50:06 | INFO |   field::pct_hispanic: -0.0969
2026-04-07 11:50:06 | INFO |   field::pct_in_labor_force: 0.0612
2026-04-07 11:50:06 | INFO |   tau::t_0: -0.1881
2026-04-07 11:50:06 | INFO |   tau::t_1: -0.2214
2026-04-07 11:50:06 | INFO |   tau::t_2: -0.2411
2026-04-07 11:50:06 | INFO |   tau::t_3: -0.3733
2026-04-07 11:50:06 | INFO |   tau::t_4: 0.0110
2026-04-07 11:50:06 | INFO |   tau::t_5: -0.2301
2026-04-07 11:50:06 | INFO |   tau::t_6: -0.0361
2026-04-07 11:50:06 | INFO |   tau::t_7: -0.1161
2026-04-07 11:50:06 | INFO |   tau::t_8: -0.0429
2026-04-07 11:50:06 | INFO |   tau::t_9: -0.1318
2026-04-07 11:50:06 | INFO |   tau::t_10: -0.0260
2026-04-07 11:50:06 | INFO |   tau::t_11: -0.0894
2026-04-07 11:50:06 | INFO |   tau::t_12: -0.2440
2026-04-07 11:50:06 | INFO |   tau::t_13: -0.2461
2026-04-07 11:50:06 | INFO |   tau::t_14: -0.3559
2026-04-07 11:50:06 | INFO |   tau::t_15: -0.3868
2026-04-07 11:50:06 | INFO |   tau::t_16: -0.5640
2026-04-07 11:50:06 | INFO |   tau::t_17: -0.5204
2026-04-07 11:50:06 | INFO |   tau::t_18: -0.7797
2026-04-07 11:50:06 | INFO |   tau::t_19: -0.5014
2026-04-07 11:50:06 | INFO |   tau::t_20: -0.6770
2026-04-07 11:50:06 | INFO |   tau::t_21: -0.5997
2026-04-07 11:50:06 | INFO |   tau::t_22: -0.5683
2026-04-07 11:50:06 | INFO |   tau::t_23: -0.3002
2026-04-07 11:50:06 | INFO |   tau::t_24: -0.1969
2026-04-07 11:50:06 | INFO |   tau::t_25: 0.0711
2026-04-07 11:50:06 | INFO |   tau::t_26: 0.2367
2026-04-07 11:50:06 | INFO |   tau::t_27: 0.2287
2026-04-07 11:50:06 | INFO |   tau::t_28: 0.2545
2026-04-07 11:50:06 | INFO |   tau::t_29: 0.2212
2026-04-07 11:50:06 | INFO |   tau::t_30: 0.2044
2026-04-07 11:50:06 | INFO |   tau::t_31: 0.1805
2026-04-07 11:50:06 | INFO |   tau::t_32: 0.0172
2026-04-07 11:50:06 | INFO |   tau::t_33: 0.1593
2026-04-07 11:50:06 | INFO |   tau::t_34: -0.0884
2026-04-07 11:50:06 | INFO |   tau::t_35: -0.1114
2026-04-07 11:50:06 | INFO |   tau::t_36: -0.1366
2026-04-07 11:50:06 | INFO |   tau::t_37: -0.1741
2026-04-07 11:50:06 | INFO |   tau::t_38: -0.2113
2026-04-07 11:50:06 | INFO |   tau::t_39: -0.0265
2026-04-07 11:50:06 | INFO |   tau::t_40: -0.0457
2026-04-07 11:50:06 | INFO |   tau::t_41: 0.0380
2026-04-07 11:50:06 | INFO |   tau::t_42: 0.0862
2026-04-07 11:50:06 | INFO |   tau::t_43: -0.3312
2026-04-07 11:50:06 | INFO |   tau::t_44: 0.3474
2026-04-07 11:50:06 | INFO |   tau::t_45: -0.0067
2026-04-07 11:50:06 | INFO |   tau::t_46: -0.0425
2026-04-07 11:50:06 | INFO |   tau::t_47: -0.0413
2026-04-07 11:50:06 | INFO |   tau::t_48: 0.5194
2026-04-07 11:50:06 | INFO |   tau::t_49: 0.8625
2026-04-07 11:50:06 | INFO |   tau::t_50: 0.9350
2026-04-07 11:50:06 | INFO |   tau::t_51: 1.2435
2026-04-07 11:50:06 | INFO |   tau::t_52: 1.3063
2026-04-07 11:50:06 | INFO |   tau::t_53: 0.3811
2026-04-07 11:50:06 | INFO |   tau::t_54: -0.2157
2026-04-07 11:50:06 | INFO |   tau::t_55: -0.3673
2026-04-07 11:50:06 | INFO |   tau::t_56: -0.4332
2026-04-07 11:50:06 | INFO |   tau::t_57: -0.2574
2026-04-07 11:50:06 | INFO |   tau::t_58: -0.2346
2026-04-07 11:50:06 | INFO |   tau::t_59: -0.2442
2026-04-07 11:50:06 | INFO |   tau::t_60: -0.3616
2026-04-07 11:50:06 | INFO |   tau::t_61: -0.4124
2026-04-07 11:50:06 | INFO |   tau::t_62: -0.3557
2026-04-07 11:50:06 | INFO |   tau::t_63: -0.2035
2026-04-07 11:50:06 | INFO |   tau::t_64: -0.1298
2026-04-07 11:50:06 | INFO |   tau::t_65: -0.1543
2026-04-07 11:50:06 | INFO |   tau::t_66: -0.0030
2026-04-07 11:50:06 | INFO |   tau::t_67: -0.0294
2026-04-07 11:50:06 | INFO |   beta: -0.0076
2026-04-07 11:50:06 | INFO |   interaction::contiguity: 2.5945
2026-04-07 11:50:06 | INFO |   eta: 0.5516
2026-04-07 11:50:06 | INFO |   zeta: -0.3394
2026-04-07 11:50:06 | INFO |   psi: 2.0845
2026-04-07 11:50:06 | INFO | Saved summary tables to C:\Users\phevo\Documents\MIT\Code\MPLE-Causal-Inference\experiments\USCountyVaccination_US_tau_unrestricted\outcome_case_rate_100k_ge_200__intervention_partial_cov_ge_10__lag_2w__contiguity\mple_summary.csv and C:\Users\phevo\Documents\MIT\Code\MPLE-Causal-Inference\experiments\USCountyVaccination_US_tau_unrestricted\outcome_case_rate_100k_ge_200__intervention_partial_cov_ge_10__lag_2w__contiguity\mple_summary.md
2026-04-07 11:50:06 | INFO | Log saved to C:\Users\phevo\Documents\MIT\Code\MPLE-Causal-Inference\experiments\USCountyVaccination_US_tau_unrestricted\outcome_case_rate_100k_ge_200__intervention_partial_cov_ge_10__lag_2w__contiguity\mple.log
