2026-04-12 13:14:15 | INFO | Loading data...
2026-04-12 13:14:15 | INFO | Using panel artifact: C:\Users\phevo\Documents\MIT\Code\MPLE-Causal-Inference\experiments\SyntheticHybridExperiments\synthetic_rank_40_b1\panel_data.npz
2026-04-12 13:14:15 | INFO | Using x_0 artifact: C:\Users\phevo\Documents\MIT\Code\MPLE-Causal-Inference\experiments\SyntheticHybridExperiments\synthetic_rank_40_b1\x_0.npy
2026-04-12 13:14:15 | INFO | Using z_0 artifact: C:\Users\phevo\Documents\MIT\Code\MPLE-Causal-Inference\experiments\SyntheticHybridExperiments\synthetic_rank_40_b1\z_0.npy
2026-04-12 13:14:15 | INFO | Using fit config: C:\Users\phevo\Documents\MIT\Code\MPLE-Causal-Inference\experiments\SyntheticHybridExperiments\synthetic_rank_40_b1\fits\rank_0\fit_realized_config.yaml
2026-04-12 13:14:15 | INFO | Using model artifact directory: C:\Users\phevo\Documents\MIT\Code\MPLE-Causal-Inference\experiments\SyntheticHybridExperiments\synthetic_rank_40_b1
2026-04-12 13:14:15 | INFO | Using truth artifact directory: C:\Users\phevo\Documents\MIT\Code\MPLE-Causal-Inference\experiments\SyntheticHybridExperiments\synthetic_rank_40_b1
2026-04-12 13:14:15 | INFO | Configured latent rank: 0
2026-04-12 13:14:15 | INFO | Using a fixed known graph with scalar xi.
2026-04-12 13:14:15 | INFO | Intervention-process model enabled: True
2026-04-12 13:14:15 | INFO | Global temperature bound B active: True
2026-04-12 13:14:15 | INFO | Effective xi bound from interaction constraint: 1.000000
2026-04-12 13:14:15 | INFO | Beta mask pre-intervention enabled: False
2026-04-12 13:14:15 | INFO | Beta mask rescale enabled: False
2026-04-12 13:14:15 | INFO | Fixed scalar parameters: {}
2026-04-12 13:14:15 | INFO | Eval 0  |  Loss: 0.691373
2026-04-12 13:14:15 | INFO |   beta: +0.0126,  xi: -0.0132,  eta: +0.0640,  zeta: +0.0105,  psi: -0.0536
2026-04-12 13:14:15 | INFO | Done fitting.
2026-04-12 13:14:15 | INFO | Optimizer status: CONVERGENCE: RELATIVE REDUCTION OF F <= FACTR*EPSMCH
2026-04-12 13:14:15 | INFO | Final Loss: 0.516767
2026-04-12 13:14:15 | INFO | Estimated vs True Parameters:
2026-04-12 13:14:15 | INFO |   beta: 0.3625 (True: 0.3500) | SQE: 0.000156
2026-04-12 13:14:15 | INFO |   xi: 0.6734 (True: 0.7500) | SQE: 0.005871
2026-04-12 13:14:15 | INFO |   eta: 0.4900 (True: 0.4800) | SQE: 0.000100
2026-04-12 13:14:15 | INFO |   zeta: -0.5603 (True: -0.5500) | SQE: 0.000106
2026-04-12 13:14:15 | INFO |   psi: 0.8071 (True: 0.8000) | SQE: 0.000050
2026-04-12 13:14:15 | INFO | Field and interaction diagnostics:
2026-04-12 13:14:15 | INFO |   field_rmse: 0.001926
2026-04-12 13:14:15 | INFO |   interaction_fro_error: 0.203870
2026-04-12 13:14:15 | INFO |   estimated_field_inf_norm: 0.000000
2026-04-12 13:14:15 | INFO |   estimated_field_rank: 0.000000
2026-04-12 13:14:15 | INFO |   bound_B: 1.000000
2026-04-12 13:14:15 | INFO |   true_field_inf_norm: 1.000000
2026-04-12 13:14:15 | INFO |   true_field_rank: 40.000000
2026-04-12 13:14:15 | INFO | Saved summary tables to C:\Users\phevo\Documents\MIT\Code\MPLE-Causal-Inference\experiments\SyntheticHybridExperiments\synthetic_rank_40_b1\fits\rank_0\mple_summary.csv and C:\Users\phevo\Documents\MIT\Code\MPLE-Causal-Inference\experiments\SyntheticHybridExperiments\synthetic_rank_40_b1\fits\rank_0\mple_summary.md
2026-04-12 13:14:15 | INFO | Log saved to C:\Users\phevo\Documents\MIT\Code\MPLE-Causal-Inference\experiments\SyntheticHybridExperiments\synthetic_rank_40_b1\fits\rank_0\mple.log
