2026-05-01 20:48:33 | INFO | Loading data...
2026-05-01 20:48:33 | INFO | Using panel artifact: /orcd/home/002/phevosp/MPLE-Causal-Inference/experiments/SyntheticHybridExperimentsFinal/confounding_moderate/panel_data.npz
2026-05-01 20:48:33 | INFO | Using x_0 artifact: /orcd/home/002/phevosp/MPLE-Causal-Inference/experiments/SyntheticHybridExperimentsFinal/confounding_moderate/x_0.npy
2026-05-01 20:48:33 | INFO | Using fit config: /orcd/home/002/phevosp/MPLE-Causal-Inference/experiments/SyntheticHybridExperimentsFinal/confounding_moderate/cv_runs/alternating_uv_grid/candidates/alternating_uv_grid_candidate_0006/fold_8/fit_realized_config.yaml
2026-05-01 20:48:33 | INFO | Using model artifact directory: /orcd/home/002/phevosp/MPLE-Causal-Inference/experiments/SyntheticHybridExperimentsFinal/confounding_moderate
2026-05-01 20:48:33 | INFO | Using truth artifact directory: /orcd/home/002/phevosp/MPLE-Causal-Inference/experiments/SyntheticHybridExperimentsFinal/confounding_moderate
2026-05-01 20:48:33 | INFO | Using loss mask artifact: /orcd/home/002/phevosp/MPLE-Causal-Inference/experiments/SyntheticHybridExperimentsFinal/confounding_moderate/cv_runs/alternating_uv_grid/candidates/alternating_uv_grid_candidate_0006/fold_8/loss_mask.npy
2026-05-01 20:48:33 | INFO | Configured optimizer mode: alternating_latent_rank
2026-05-01 20:48:33 | INFO | Configured latent rank: 3
2026-05-01 20:48:33 | INFO | Using a fixed known graph with scalar xi.
2026-05-01 20:48:33 | INFO | Fit-time hard bounds active: False
2026-05-01 20:48:33 | INFO | Fixed scalar parameters: {}
2026-05-01 20:48:33 | INFO | Warm-start fixed scalars: {} for 0 steps
2026-05-01 20:48:33 | INFO | Beta mask before s: False with s=0
2026-05-01 20:48:33 | INFO | Beta mask after e: False with e=11
2026-05-01 20:48:33 | INFO | Alternating V-column L2-ball constraint active with radius 1.0
2026-05-01 20:48:33 | INFO | Optimizer settings: steps=2000, tol=1e-07, n_starts=1, seed=0, lambda_nuclear=0.0, lambda_frobenius=0.0, lambda_uv_ridge=0.5, v_column_l2_max=1.0, proximal_lr=1.0
2026-05-01 20:48:33 | INFO | Alternating low-rank start 1/1 | seed=0 | initial_loss=0.822282 | initial_penalized=0.822414
2026-05-01 20:48:33 | INFO | Alternating low-rank iter 0 | Loss: 0.611211 | Penalized: 0.628540
2026-05-01 20:48:35 | INFO | Alternating low-rank iter 100 | Loss: 0.568258 | Penalized: 0.594263
2026-05-01 20:48:35 | INFO | Alternating low-rank iter 200 | Loss: 0.567639 | Penalized: 0.593765
2026-05-01 20:48:36 | INFO | Alternating low-rank iter 300 | Loss: 0.567551 | Penalized: 0.593722
2026-05-01 20:48:36 | INFO | Done fitting.
2026-05-01 20:48:36 | INFO | Optimizer status: CONVERGED: alternating objective tolerance reached
2026-05-01 20:48:36 | INFO | Best optimizer start: 1 / 1
2026-05-01 20:48:36 | INFO | Final Loss: 0.567546
2026-05-01 20:48:36 | INFO | Estimated vs True Parameters:
2026-05-01 20:48:36 | INFO |   beta: -0.2308 (True: -0.3000) | SQE: 0.004790
2026-05-01 20:48:36 | INFO |   xi: 0.7192 (True: 0.8000) | SQE: 0.006536
2026-05-01 20:48:36 | INFO |   eta: 0.2663 (True: 0.3000) | SQE: 0.001132
2026-05-01 20:48:36 | INFO | Alternating low-rank optimizer diagnostics:
2026-05-01 20:48:36 | INFO |   penalized_objective: 0.593720
2026-05-01 20:48:36 | INFO |   mple_loss_without_penalty: 0.567546
2026-05-01 20:48:36 | INFO |   lambda_uv_ridge: 0.500000
2026-05-01 20:48:36 | INFO |   u_frobenius_norm: 30.001981
2026-05-01 20:48:36 | INFO |   v_frobenius_norm: 1.732051
2026-05-01 20:48:36 | INFO |   effective_rank: 3.000000
2026-05-01 20:48:36 | INFO | Field and interaction diagnostics:
2026-05-01 20:48:36 | INFO |   field_rmse: 0.345677
2026-05-01 20:48:36 | INFO |   interaction_fro_error: 0.286421
2026-05-01 20:48:36 | INFO |   estimated_field_max_abs_entry: 1.076176
2026-05-01 20:48:36 | INFO |   estimated_field_rank: 3.000000
2026-05-01 20:48:36 | INFO |   true_field_max_abs_entry: 3.479714
2026-05-01 20:48:36 | INFO |   true_field_rank: 3.000000
2026-05-01 20:48:36 | INFO | Saved summary table to /orcd/home/002/phevosp/MPLE-Causal-Inference/experiments/SyntheticHybridExperimentsFinal/confounding_moderate/cv_runs/alternating_uv_grid/candidates/alternating_uv_grid_candidate_0006/fold_8/mple_summary.csv
2026-05-01 20:48:36 | INFO | Log saved to /orcd/home/002/phevosp/MPLE-Causal-Inference/experiments/SyntheticHybridExperimentsFinal/confounding_moderate/cv_runs/alternating_uv_grid/candidates/alternating_uv_grid_candidate_0006/fold_8/mple.log
