2026-05-03 23:51:24 | INFO | Loading data...
2026-05-03 23:51:24 | INFO | Using panel artifact: /orcd/home/002/phevosp/MPLE-Causal-Inference/experiments/USCountyVaccination/outcome_death_rate_100k_ge_2__intervention_complete_cov_ge_30__lag_2w__distance_kernel_8__start_2020_03_01/panel_data.npz
2026-05-03 23:51:24 | INFO | Using x_0 artifact: /orcd/home/002/phevosp/MPLE-Causal-Inference/experiments/USCountyVaccination/outcome_death_rate_100k_ge_2__intervention_complete_cov_ge_30__lag_2w__distance_kernel_8__start_2020_03_01/x_0.npy
2026-05-03 23:51:24 | INFO | Using fit config: /orcd/home/002/phevosp/MPLE-Causal-Inference/experiments/USCountyVaccination/outcome_death_rate_100k_ge_2__intervention_complete_cov_ge_30__lag_2w__distance_kernel_8__start_2020_03_01/cv_runs/alternating_uv_grid/candidates/alternating_uv_grid_candidate_0004/fold_6/fit_realized_config.yaml
2026-05-03 23:51:24 | INFO | Using model artifact directory: /orcd/home/002/phevosp/MPLE-Causal-Inference/experiments/USCountyVaccination/outcome_death_rate_100k_ge_2__intervention_complete_cov_ge_30__lag_2w__distance_kernel_8__start_2020_03_01
2026-05-03 23:51:24 | INFO | Using truth artifact directory: /orcd/home/002/phevosp/MPLE-Causal-Inference/experiments/USCountyVaccination/outcome_death_rate_100k_ge_2__intervention_complete_cov_ge_30__lag_2w__distance_kernel_8__start_2020_03_01
2026-05-03 23:51:24 | INFO | Using loss mask artifact: /orcd/home/002/phevosp/MPLE-Causal-Inference/experiments/USCountyVaccination/outcome_death_rate_100k_ge_2__intervention_complete_cov_ge_30__lag_2w__distance_kernel_8__start_2020_03_01/cv_runs/alternating_uv_grid/candidates/alternating_uv_grid_candidate_0004/fold_6/loss_mask.npy
2026-05-03 23:51:24 | INFO | Configured optimizer mode: alternating_latent_rank
2026-05-03 23:51:24 | INFO | Configured latent rank: 1
2026-05-03 23:51:24 | INFO | Using a fixed known graph with scalar xi.
2026-05-03 23:51:24 | INFO | Fit-time hard bounds active: False
2026-05-03 23:51:24 | INFO | Fixed scalar parameters: {}
2026-05-03 23:51:24 | INFO | Warm-start fixed scalars: {} for 0 steps
2026-05-03 23:51:24 | INFO | Beta mask before s: True with s=50
2026-05-03 23:51:24 | INFO | Beta mask after e: True with e=115
2026-05-03 23:51:24 | INFO | Alternating V-column L2-ball constraint active with radius 1.0
2026-05-03 23:51:24 | INFO | Optimizer settings: steps=2000, tol=1e-07, n_starts=1, seed=0, lambda_nuclear=0.0, lambda_frobenius=0.0, lambda_uv_ridge=0.05, v_column_l2_max=1.0, proximal_lr=1.0
2026-05-03 23:51:24 | INFO | Alternating low-rank start 1/1 | seed=0 | initial_loss=0.703561 | initial_penalized=0.703562
2026-05-03 23:51:24 | INFO | Alternating low-rank iter 0 | Loss: 0.512381 | Penalized: 0.518136
2026-05-03 23:51:33 | INFO | Alternating low-rank iter 100 | Loss: 0.458222 | Penalized: 0.464297
2026-05-03 23:51:39 | INFO | Done fitting.
2026-05-03 23:51:39 | INFO | Optimizer status: CONVERGED: alternating objective tolerance reached
2026-05-03 23:51:39 | INFO | Best optimizer start: 1 / 1
2026-05-03 23:51:39 | INFO | Final Loss: 0.458021
2026-05-03 23:51:39 | INFO | Estimated Parameters:
2026-05-03 23:51:39 | INFO |   beta: 0.0058
2026-05-03 23:51:39 | INFO |   xi: 1.6111
2026-05-03 23:51:39 | INFO |   eta: 0.2109
2026-05-03 23:51:39 | INFO | Alternating low-rank optimizer diagnostics:
2026-05-03 23:51:39 | INFO |   penalized_objective: 0.464189
2026-05-03 23:51:39 | INFO |   mple_loss_without_penalty: 0.458021
2026-05-03 23:51:39 | INFO |   lambda_uv_ridge: 0.050000
2026-05-03 23:51:39 | INFO |   u_frobenius_norm: 170.633498
2026-05-03 23:51:39 | INFO |   v_frobenius_norm: 1.000000
2026-05-03 23:51:39 | INFO |   effective_rank: 1.000000
2026-05-03 23:51:39 | INFO | Field and interaction diagnostics:
2026-05-03 23:51:39 | INFO |   estimated_field_max_abs_entry: 1.350380
2026-05-03 23:51:39 | INFO |   estimated_field_rank: 1.000000
2026-05-03 23:51:39 | INFO | Saved summary table to /orcd/home/002/phevosp/MPLE-Causal-Inference/experiments/USCountyVaccination/outcome_death_rate_100k_ge_2__intervention_complete_cov_ge_30__lag_2w__distance_kernel_8__start_2020_03_01/cv_runs/alternating_uv_grid/candidates/alternating_uv_grid_candidate_0004/fold_6/mple_summary.csv
2026-05-03 23:51:39 | INFO | Log saved to /orcd/home/002/phevosp/MPLE-Causal-Inference/experiments/USCountyVaccination/outcome_death_rate_100k_ge_2__intervention_complete_cov_ge_30__lag_2w__distance_kernel_8__start_2020_03_01/cv_runs/alternating_uv_grid/candidates/alternating_uv_grid_candidate_0004/fold_6/mple.log
