2026-04-01 10:16:14 | INFO | Loading data...
2026-04-01 10:16:14 | INFO | Loaded 11 field templates and 1 interaction templates.
2026-04-01 10:16:14 | INFO | Running conditional-model MPLE on x with shape=(10, 100)
2026-04-01 10:16:14 | INFO | Eval 0  |  Loss: 0.834268
2026-04-01 10:16:14 | INFO |   field::intercept: +0.0126,  field::linear::feature_1: -0.0132,  field::quadratic::feature_1: +0.0640,  field::linear::feature_2: +0.0105,  field::quadratic::feature_2: -0.0536,  field::linear::feature_3: +0.0362,  field::quadratic::feature_3: +0.1304,  field::linear::feature_4: +0.0947,  field::quadratic::feature_4: -0.0704,  field::linear::feature_5: -0.1265,  field::quadratic::feature_5: -0.0623,  beta: +0.0041,  interaction::adjacency: -0.2325,  eta: -0.0219,  zeta: -0.1246,  psi: -0.0732
2026-04-01 10:16:14 | INFO | Done fitting.
2026-04-01 10:16:14 | INFO | Optimizer status: CONVERGENCE: RELATIVE REDUCTION OF F <= FACTR*EPSMCH
2026-04-01 10:16:14 | INFO | Final Loss: 0.198202
2026-04-01 10:16:14 | INFO | Estimated vs True Parameters:
2026-04-01 10:16:14 | INFO |   field::intercept: 0.5459 (True: 0.4250)
2026-04-01 10:16:14 | INFO |   field::intercept SQE: 0.014611
2026-04-01 10:16:14 | INFO |   field::linear::feature_1: 0.1047 (True: 0.2200)
2026-04-01 10:16:14 | INFO |   field::linear::feature_1 SQE: 0.013297
2026-04-01 10:16:14 | INFO |   field::quadratic::feature_1: 0.8823 (True: 0.6750)
2026-04-01 10:16:14 | INFO |   field::quadratic::feature_1 SQE: 0.042981
2026-04-01 10:16:14 | INFO |   field::linear::feature_2: 0.7250 (True: 0.9200)
2026-04-01 10:16:14 | INFO |   field::linear::feature_2 SQE: 0.038016
2026-04-01 10:16:14 | INFO |   field::quadratic::feature_2: -0.9422 (True: -0.7500)
2026-04-01 10:16:14 | INFO |   field::quadratic::feature_2 SQE: 0.036936
2026-04-01 10:16:14 | INFO |   field::linear::feature_3: 0.3373 (True: 0.4400)
2026-04-01 10:16:14 | INFO |   field::linear::feature_3 SQE: 0.010551
2026-04-01 10:16:14 | INFO |   field::quadratic::feature_3: -0.4474 (True: -0.1750)
2026-04-01 10:16:14 | INFO |   field::quadratic::feature_3 SQE: 0.074208
2026-04-01 10:16:14 | INFO |   field::linear::feature_4: 0.4113 (True: 0.5000)
2026-04-01 10:16:14 | INFO |   field::linear::feature_4 SQE: 0.007863
2026-04-01 10:16:14 | INFO |   field::quadratic::feature_4: -0.7561 (True: -0.0750)
2026-04-01 10:16:14 | INFO |   field::quadratic::feature_4 SQE: 0.463914
2026-04-01 10:16:14 | INFO |   field::linear::feature_5: 0.3962 (True: 0.2400)
2026-04-01 10:16:14 | INFO |   field::linear::feature_5 SQE: 0.024385
2026-04-01 10:16:14 | INFO |   field::quadratic::feature_5: 1.3791 (True: 0.8550)
2026-04-01 10:16:14 | INFO |   field::quadratic::feature_5 SQE: 0.274720
2026-04-01 10:16:14 | INFO |   beta: 1.3505 (True: 1.1000)
2026-04-01 10:16:14 | INFO |   beta SQE: 0.062758
2026-04-01 10:16:14 | INFO |   interaction::adjacency: 1.9393 (True: 2.0000)
2026-04-01 10:16:14 | INFO |   interaction::adjacency SQE: 0.003690
2026-04-01 10:16:14 | INFO |   eta: 0.6686 (True: 0.7000)
2026-04-01 10:16:14 | INFO |   eta SQE: 0.000989
2026-04-01 10:16:14 | INFO |   zeta: -0.9604 (True: -1.0000)
2026-04-01 10:16:14 | INFO |   zeta SQE: 0.001570
2026-04-01 10:16:14 | INFO |   psi: 0.4237 (True: 0.4000)
2026-04-01 10:16:14 | INFO |   psi SQE: 0.000560
2026-04-01 10:16:14 | INFO | Saved summary tables to C:\Users\phevo\Documents\MIT\Code\MPLE-Causal-Inference\experiments\n100_t10_low_temp_fro_small_shared_feature_field_known_graph_20260331_225901\mple_summary.csv and C:\Users\phevo\Documents\MIT\Code\MPLE-Causal-Inference\experiments\n100_t10_low_temp_fro_small_shared_feature_field_known_graph_20260331_225901\mple_summary.md
2026-04-01 10:16:14 | INFO | Log saved to C:\Users\phevo\Documents\MIT\Code\MPLE-Causal-Inference\experiments\n100_t10_low_temp_fro_small_shared_feature_field_known_graph_20260331_225901\mple.log
