2026-05-04 00:07:04 | INFO | Loading data...
2026-05-04 00:07:04 | INFO | Using panel artifact: /orcd/home/002/phevosp/MPLE-Causal-Inference/experiments/USCountyVaccination/outcome_death_rate_100k_ge_2__intervention_complete_cov_ge_30__lag_2w__distance_kernel_8__start_2020_03_01/panel_data.npz
2026-05-04 00:07:04 | INFO | Using x_0 artifact: /orcd/home/002/phevosp/MPLE-Causal-Inference/experiments/USCountyVaccination/outcome_death_rate_100k_ge_2__intervention_complete_cov_ge_30__lag_2w__distance_kernel_8__start_2020_03_01/x_0.npy
2026-05-04 00:07:04 | INFO | Using fit config: /orcd/home/002/phevosp/MPLE-Causal-Inference/experiments/USCountyVaccination/outcome_death_rate_100k_ge_2__intervention_complete_cov_ge_30__lag_2w__distance_kernel_8__start_2020_03_01/cv_runs/alternating_uv_grid/candidates/alternating_uv_grid_candidate_0005/fold_4/fit_realized_config.yaml
2026-05-04 00:07:04 | INFO | Using model artifact directory: /orcd/home/002/phevosp/MPLE-Causal-Inference/experiments/USCountyVaccination/outcome_death_rate_100k_ge_2__intervention_complete_cov_ge_30__lag_2w__distance_kernel_8__start_2020_03_01
2026-05-04 00:07:04 | INFO | Using truth artifact directory: /orcd/home/002/phevosp/MPLE-Causal-Inference/experiments/USCountyVaccination/outcome_death_rate_100k_ge_2__intervention_complete_cov_ge_30__lag_2w__distance_kernel_8__start_2020_03_01
2026-05-04 00:07:04 | INFO | Using loss mask artifact: /orcd/home/002/phevosp/MPLE-Causal-Inference/experiments/USCountyVaccination/outcome_death_rate_100k_ge_2__intervention_complete_cov_ge_30__lag_2w__distance_kernel_8__start_2020_03_01/cv_runs/alternating_uv_grid/candidates/alternating_uv_grid_candidate_0005/fold_4/loss_mask.npy
2026-05-04 00:07:04 | INFO | Configured optimizer mode: alternating_latent_rank
2026-05-04 00:07:04 | INFO | Configured latent rank: 1
2026-05-04 00:07:04 | INFO | Using a fixed known graph with scalar xi.
2026-05-04 00:07:04 | INFO | Fit-time hard bounds active: False
2026-05-04 00:07:04 | INFO | Fixed scalar parameters: {}
2026-05-04 00:07:04 | INFO | Warm-start fixed scalars: {} for 0 steps
2026-05-04 00:07:04 | INFO | Beta mask before s: True with s=50
2026-05-04 00:07:04 | INFO | Beta mask after e: True with e=115
2026-05-04 00:07:04 | INFO | Alternating V-column L2-ball constraint active with radius 1.0
2026-05-04 00:07:04 | INFO | Optimizer settings: steps=2000, tol=1e-07, n_starts=1, seed=0, lambda_nuclear=0.0, lambda_frobenius=0.0, lambda_uv_ridge=0.1, v_column_l2_max=1.0, proximal_lr=1.0
2026-05-04 00:07:04 | INFO | Alternating low-rank start 1/1 | seed=0 | initial_loss=0.702748 | initial_penalized=0.702749
2026-05-04 00:07:04 | INFO | Alternating low-rank iter 0 | Loss: 0.518242 | Penalized: 0.527085
2026-05-04 00:07:13 | INFO | Alternating low-rank iter 100 | Loss: 0.461440 | Penalized: 0.469393
2026-05-04 00:07:17 | INFO | Done fitting.
2026-05-04 00:07:17 | INFO | Optimizer status: CONVERGED: alternating objective tolerance reached
2026-05-04 00:07:17 | INFO | Best optimizer start: 1 / 1
2026-05-04 00:07:17 | INFO | Final Loss: 0.461296
2026-05-04 00:07:17 | INFO | Estimated Parameters:
2026-05-04 00:07:17 | INFO |   beta: 0.0028
2026-05-04 00:07:17 | INFO |   xi: 1.5904
2026-05-04 00:07:17 | INFO |   eta: 0.2276
2026-05-04 00:07:17 | INFO | Alternating low-rank optimizer diagnostics:
2026-05-04 00:07:17 | INFO |   penalized_objective: 0.469348
2026-05-04 00:07:17 | INFO |   mple_loss_without_penalty: 0.461296
2026-05-04 00:07:17 | INFO |   lambda_uv_ridge: 0.100000
2026-05-04 00:07:17 | INFO |   u_frobenius_norm: 138.035669
2026-05-04 00:07:17 | INFO |   v_frobenius_norm: 1.000000
2026-05-04 00:07:17 | INFO |   effective_rank: 1.000000
2026-05-04 00:07:17 | INFO | Field and interaction diagnostics:
2026-05-04 00:07:17 | INFO |   estimated_field_max_abs_entry: 1.110531
2026-05-04 00:07:17 | INFO |   estimated_field_rank: 1.000000
2026-05-04 00:07:17 | INFO | Saved summary table to /orcd/home/002/phevosp/MPLE-Causal-Inference/experiments/USCountyVaccination/outcome_death_rate_100k_ge_2__intervention_complete_cov_ge_30__lag_2w__distance_kernel_8__start_2020_03_01/cv_runs/alternating_uv_grid/candidates/alternating_uv_grid_candidate_0005/fold_4/mple_summary.csv
2026-05-04 00:07:17 | INFO | Log saved to /orcd/home/002/phevosp/MPLE-Causal-Inference/experiments/USCountyVaccination/outcome_death_rate_100k_ge_2__intervention_complete_cov_ge_30__lag_2w__distance_kernel_8__start_2020_03_01/cv_runs/alternating_uv_grid/candidates/alternating_uv_grid_candidate_0005/fold_4/mple.log
