2026-04-07 11:32:24 | INFO | Loading data...
2026-04-07 11:32:24 | INFO | Loaded 6 field templates and 1 interaction templates.
2026-04-07 11:32:24 | INFO | Intervention-process model enabled: True
2026-04-07 11:32:24 | INFO | Tau zero-mean enabled: True
2026-04-07 11:32:24 | INFO | Tau smoothness lambda: 1.000000
2026-04-07 11:32:24 | INFO | Running conditional-model MPLE on x with shape=(67, 3203)
2026-04-07 11:32:24 | INFO | Eval 0  |  Loss: 0.668237
2026-04-07 11:32:24 | INFO |   field::log_population: +0.0126,  field::median_household_income: -0.0132,  field::poverty_rate: +0.0640,  field::pct_black: +0.0105,  field::pct_hispanic: -0.0536,  field::pct_in_labor_force: +0.0362,  tau block: mean=-0.0000, std=0.0970, min=-0.2427, max=+0.1858,  beta: -0.0618,  interaction::contiguity: +0.1822,  eta: -0.1320,  zeta: -0.0662,  psi: +0.0935
2026-04-07 11:32:28 | INFO | Done fitting.
2026-04-07 11:32:28 | INFO | Optimizer status: CONVERGENCE: RELATIVE REDUCTION OF F <= FACTR*EPSMCH
2026-04-07 11:32:28 | INFO | Final Loss: 0.152104
2026-04-07 11:32:28 | INFO | Estimated Parameters:
2026-04-07 11:32:28 | INFO |   field::log_population: 0.1689
2026-04-07 11:32:28 | INFO |   field::median_household_income: -0.2842
2026-04-07 11:32:28 | INFO |   field::poverty_rate: -0.0210
2026-04-07 11:32:28 | INFO |   field::pct_black: -0.2366
2026-04-07 11:32:28 | INFO |   field::pct_hispanic: -0.1414
2026-04-07 11:32:28 | INFO |   field::pct_in_labor_force: 0.0789
2026-04-07 11:32:28 | INFO |   tau::t_0: -0.2625
2026-04-07 11:32:28 | INFO |   tau::t_1: -0.2783
2026-04-07 11:32:28 | INFO |   tau::t_2: -0.4003
2026-04-07 11:32:28 | INFO |   tau::t_3: -0.0314
2026-04-07 11:32:28 | INFO |   tau::t_4: -0.2469
2026-04-07 11:32:28 | INFO |   tau::t_5: -0.0723
2026-04-07 11:32:28 | INFO |   tau::t_6: -0.1282
2026-04-07 11:32:28 | INFO |   tau::t_7: -0.0401
2026-04-07 11:32:28 | INFO |   tau::t_8: -0.0962
2026-04-07 11:32:28 | INFO |   tau::t_9: 0.0059
2026-04-07 11:32:28 | INFO |   tau::t_10: -0.0423
2026-04-07 11:32:28 | INFO |   tau::t_11: -0.1840
2026-04-07 11:32:28 | INFO |   tau::t_12: -0.1783
2026-04-07 11:32:28 | INFO |   tau::t_13: -0.2661
2026-04-07 11:32:28 | INFO |   tau::t_14: -0.2978
2026-04-07 11:32:28 | INFO |   tau::t_15: -0.4472
2026-04-07 11:32:28 | INFO |   tau::t_16: -0.3136
2026-04-07 11:32:28 | INFO |   tau::t_17: -0.6215
2026-04-07 11:32:28 | INFO |   tau::t_18: -0.3917
2026-04-07 11:32:28 | INFO |   tau::t_19: -0.5448
2026-04-07 11:32:28 | INFO |   tau::t_20: -0.4631
2026-04-07 11:32:28 | INFO |   tau::t_21: -0.4619
2026-04-07 11:32:28 | INFO |   tau::t_22: -0.2136
2026-04-07 11:32:28 | INFO |   tau::t_23: -0.1055
2026-04-07 11:32:28 | INFO |   tau::t_24: 0.1311
2026-04-07 11:32:28 | INFO |   tau::t_25: 0.2908
2026-04-07 11:32:28 | INFO |   tau::t_26: 0.2830
2026-04-07 11:32:28 | INFO |   tau::t_27: 0.3105
2026-04-07 11:32:28 | INFO |   tau::t_28: 0.2807
2026-04-07 11:32:28 | INFO |   tau::t_29: 0.2665
2026-04-07 11:32:28 | INFO |   tau::t_30: 0.2395
2026-04-07 11:32:28 | INFO |   tau::t_31: 0.0829
2026-04-07 11:32:28 | INFO |   tau::t_32: 0.2195
2026-04-07 11:32:28 | INFO |   tau::t_33: -0.0185
2026-04-07 11:32:28 | INFO |   tau::t_34: -0.0722
2026-04-07 11:32:28 | INFO |   tau::t_35: -0.0832
2026-04-07 11:32:28 | INFO |   tau::t_36: -0.1257
2026-04-07 11:32:28 | INFO |   tau::t_37: -0.1473
2026-04-07 11:32:28 | INFO |   tau::t_38: 0.0293
2026-04-07 11:32:28 | INFO |   tau::t_39: 0.0045
2026-04-07 11:32:28 | INFO |   tau::t_40: 0.1033
2026-04-07 11:32:28 | INFO |   tau::t_41: 0.1375
2026-04-07 11:32:28 | INFO |   tau::t_42: -0.2633
2026-04-07 11:32:28 | INFO |   tau::t_43: 0.4085
2026-04-07 11:32:28 | INFO |   tau::t_44: 0.0521
2026-04-07 11:32:28 | INFO |   tau::t_45: 0.0143
2026-04-07 11:32:28 | INFO |   tau::t_46: 0.0312
2026-04-07 11:32:28 | INFO |   tau::t_47: 0.5689
2026-04-07 11:32:28 | INFO |   tau::t_48: 0.9088
2026-04-07 11:32:28 | INFO |   tau::t_49: 1.0412
2026-04-07 11:32:28 | INFO |   tau::t_50: 1.5170
2026-04-07 11:32:28 | INFO |   tau::t_51: 1.4967
2026-04-07 11:32:28 | INFO |   tau::t_52: 0.4332
2026-04-07 11:32:28 | INFO |   tau::t_53: -0.1568
2026-04-07 11:32:28 | INFO |   tau::t_54: -0.2951
2026-04-07 11:32:28 | INFO |   tau::t_55: -0.3456
2026-04-07 11:32:28 | INFO |   tau::t_56: -0.1452
2026-04-07 11:32:28 | INFO |   tau::t_57: -0.1506
2026-04-07 11:32:28 | INFO |   tau::t_58: -0.1472
2026-04-07 11:32:28 | INFO |   tau::t_59: -0.2585
2026-04-07 11:32:28 | INFO |   tau::t_60: -0.3018
2026-04-07 11:32:28 | INFO |   tau::t_61: -0.2448
2026-04-07 11:32:28 | INFO |   tau::t_62: -0.1042
2026-04-07 11:32:28 | INFO |   tau::t_63: 0.0077
2026-04-07 11:32:28 | INFO |   tau::t_64: -0.0649
2026-04-07 11:32:28 | INFO |   tau::t_65: 0.0831
2026-04-07 11:32:28 | INFO |   tau::t_66: 0.0646
2026-04-07 11:32:28 | INFO |   beta: -0.0668
2026-04-07 11:32:28 | INFO |   interaction::contiguity: 2.6381
2026-04-07 11:32:28 | INFO |   eta: 0.5470
2026-04-07 11:32:28 | INFO |   zeta: -0.5174
2026-04-07 11:32:28 | INFO |   psi: 2.2741
2026-04-07 11:32:28 | INFO | Saved summary tables to C:\Users\phevo\Documents\MIT\Code\MPLE-Causal-Inference\experiments\USCountyVaccination_US_tau_zero_mean_smooth\outcome_case_rate_100k_ge_200__intervention_complete_cov_ge_10__lag_3w__contiguity\mple_summary.csv and C:\Users\phevo\Documents\MIT\Code\MPLE-Causal-Inference\experiments\USCountyVaccination_US_tau_zero_mean_smooth\outcome_case_rate_100k_ge_200__intervention_complete_cov_ge_10__lag_3w__contiguity\mple_summary.md
2026-04-07 11:32:28 | INFO | Log saved to C:\Users\phevo\Documents\MIT\Code\MPLE-Causal-Inference\experiments\USCountyVaccination_US_tau_zero_mean_smooth\outcome_case_rate_100k_ge_200__intervention_complete_cov_ge_10__lag_3w__contiguity\mple.log
