2026-04-30 12:43:30 | INFO | Loading data...
2026-04-30 12:43:30 | INFO | Using panel artifact: /orcd/home/002/phevosp/MPLE-Causal-Inference/experiments/SyntheticHybridExperiments/r5_c1_hybrid_us_county_intervention_uscounty_graph_kernel_confounding/panel_data.npz
2026-04-30 12:43:30 | INFO | Using x_0 artifact: /orcd/home/002/phevosp/MPLE-Causal-Inference/experiments/SyntheticHybridExperiments/r5_c1_hybrid_us_county_intervention_uscounty_graph_kernel_confounding/x_0.npy
2026-04-30 12:43:30 | INFO | Using fit config: /orcd/home/002/phevosp/MPLE-Causal-Inference/experiments/SyntheticHybridExperiments/r5_c1_hybrid_us_county_intervention_uscounty_graph_kernel_confounding/fits/alternating_rank_5_uv_5_e2_beta_mask/fit_realized_config.yaml
2026-04-30 12:43:30 | INFO | Using model artifact directory: /orcd/home/002/phevosp/MPLE-Causal-Inference/experiments/SyntheticHybridExperiments/r5_c1_hybrid_us_county_intervention_uscounty_graph_kernel_confounding
2026-04-30 12:43:30 | INFO | Using truth artifact directory: /orcd/home/002/phevosp/MPLE-Causal-Inference/experiments/SyntheticHybridExperiments/r5_c1_hybrid_us_county_intervention_uscounty_graph_kernel_confounding
2026-04-30 12:43:30 | INFO | Configured optimizer mode: alternating_latent_rank
2026-04-30 12:43:30 | INFO | Configured latent rank: 5
2026-04-30 12:43:30 | INFO | Using a fixed known graph with scalar xi.
2026-04-30 12:43:30 | INFO | Fit-time hard bounds active: False
2026-04-30 12:43:30 | INFO | Fixed scalar parameters: {}
2026-04-30 12:43:30 | INFO | Warm-start fixed scalars: {} for 0 steps
2026-04-30 12:43:30 | INFO | Beta mask before s: True with s=55
2026-04-30 12:43:30 | INFO | Beta mask after e: True with e=120
2026-04-30 12:43:30 | INFO | Alternating V-column L2-ball constraint active with radius 1.0
2026-04-30 12:43:30 | INFO | Optimizer settings: steps=20000, tol=1e-09, n_starts=1, seed=0, lambda_nuclear=0.0, lambda_frobenius=0.0, lambda_uv_ridge=0.05, v_column_l2_max=1.0, proximal_lr=1.0
2026-04-30 12:43:30 | INFO | Alternating low-rank start 1/1 | seed=0 | initial_loss=0.697281 | initial_penalized=0.697283
2026-04-30 12:43:30 | INFO | Alternating low-rank iter 0 | Loss: 0.586752 | Penalized: 0.589440
2026-04-30 12:43:39 | INFO | Alternating low-rank iter 100 | Loss: 0.542724 | Penalized: 0.552240
2026-04-30 12:43:49 | INFO | Alternating low-rank iter 200 | Loss: 0.542728 | Penalized: 0.552232
2026-04-30 12:43:58 | INFO | Alternating low-rank iter 300 | Loss: 0.542729 | Penalized: 0.552231
2026-04-30 12:43:59 | INFO | Done fitting.
2026-04-30 12:43:59 | INFO | Optimizer status: CONVERGED: alternating objective tolerance reached
2026-04-30 12:43:59 | INFO | Best optimizer start: 1 / 1
2026-04-30 12:43:59 | INFO | Final Loss: 0.542729
2026-04-30 12:43:59 | INFO | Estimated vs True Parameters:
2026-04-30 12:43:59 | INFO |   beta: -0.2175 (True: -0.3000) | SQE: 0.006803
2026-04-30 12:43:59 | INFO |   xi: 0.8803 (True: 0.8000) | SQE: 0.006454
2026-04-30 12:43:59 | INFO |   eta: 0.2943 (True: 0.3000) | SQE: 0.000033
2026-04-30 12:43:59 | INFO | Alternating low-rank optimizer diagnostics:
2026-04-30 12:43:59 | INFO |   penalized_objective: 0.552231
2026-04-30 12:43:59 | INFO |   mple_loss_without_penalty: 0.542729
2026-04-30 12:43:59 | INFO |   lambda_uv_ridge: 0.050000
2026-04-30 12:43:59 | INFO |   u_frobenius_norm: 262.163245
2026-04-30 12:43:59 | INFO |   v_frobenius_norm: 2.236068
2026-04-30 12:43:59 | INFO |   effective_rank: 5.000000
2026-04-30 12:43:59 | INFO | Field and interaction diagnostics:
2026-04-30 12:43:59 | INFO |   field_rmse: 0.310521
2026-04-30 12:43:59 | INFO |   interaction_fro_error: 0.888868
2026-04-30 12:43:59 | INFO |   estimated_field_max_abs_entry: 2.556240
2026-04-30 12:43:59 | INFO |   estimated_field_rank: 5.000000
2026-04-30 12:43:59 | INFO |   true_field_max_abs_entry: 2.906201
2026-04-30 12:43:59 | INFO |   true_field_rank: 5.000000
2026-04-30 12:44:00 | INFO | Saved summary table to /orcd/home/002/phevosp/MPLE-Causal-Inference/experiments/SyntheticHybridExperiments/r5_c1_hybrid_us_county_intervention_uscounty_graph_kernel_confounding/fits/alternating_rank_5_uv_5_e2_beta_mask/mple_summary.csv
2026-04-30 12:44:00 | INFO | Log saved to /orcd/home/002/phevosp/MPLE-Causal-Inference/experiments/SyntheticHybridExperiments/r5_c1_hybrid_us_county_intervention_uscounty_graph_kernel_confounding/fits/alternating_rank_5_uv_5_e2_beta_mask/mple.log
