2026-04-30 00:30:18 | INFO | Loading data...
2026-04-30 00:30:18 | INFO | Using panel artifact: /orcd/home/002/phevosp/MPLE-Causal-Inference/experiments/SyntheticHybridExperiments/hybrid_us_county_intervention_uscounty_graph_confounding_weak/panel_data.npz
2026-04-30 00:30:18 | INFO | Using x_0 artifact: /orcd/home/002/phevosp/MPLE-Causal-Inference/experiments/SyntheticHybridExperiments/hybrid_us_county_intervention_uscounty_graph_confounding_weak/x_0.npy
2026-04-30 00:30:18 | INFO | Using fit config: /orcd/home/002/phevosp/MPLE-Causal-Inference/experiments/SyntheticHybridExperiments/hybrid_us_county_intervention_uscounty_graph_confounding_weak/fits/alternating_rank_3_uv_1_e1_beta_mask/fit_realized_config.yaml
2026-04-30 00:30:18 | INFO | Using model artifact directory: /orcd/home/002/phevosp/MPLE-Causal-Inference/experiments/SyntheticHybridExperiments/hybrid_us_county_intervention_uscounty_graph_confounding_weak
2026-04-30 00:30:18 | INFO | Using truth artifact directory: /orcd/home/002/phevosp/MPLE-Causal-Inference/experiments/SyntheticHybridExperiments/hybrid_us_county_intervention_uscounty_graph_confounding_weak
2026-04-30 00:30:18 | INFO | Configured optimizer mode: alternating_latent_rank
2026-04-30 00:30:18 | INFO | Configured latent rank: 3
2026-04-30 00:30:18 | INFO | Using a fixed known graph with scalar xi.
2026-04-30 00:30:18 | INFO | Fit-time hard bounds active: False
2026-04-30 00:30:18 | INFO | Fixed scalar parameters: {}
2026-04-30 00:30:18 | INFO | Warm-start fixed scalars: {} for 0 steps
2026-04-30 00:30:18 | INFO | Beta mask before s: True with s=55
2026-04-30 00:30:18 | INFO | Beta mask after e: True with e=120
2026-04-30 00:30:18 | INFO | Alternating V-column L2-ball constraint active with radius 1.0
2026-04-30 00:30:18 | INFO | Optimizer settings: steps=20000, tol=1e-09, n_starts=1, seed=0, lambda_nuclear=0.0, lambda_frobenius=0.0, lambda_uv_ridge=0.1, v_column_l2_max=1.0, proximal_lr=1.0
2026-04-30 00:30:18 | INFO | Alternating low-rank start 1/1 | seed=0 | initial_loss=0.685025 | initial_penalized=0.685027
2026-04-30 00:30:19 | INFO | Alternating low-rank iter 0 | Loss: 0.597017 | Penalized: 0.599686
2026-04-30 00:30:32 | INFO | Alternating low-rank iter 100 | Loss: 0.583847 | Penalized: 0.587249
2026-04-30 00:30:45 | INFO | Alternating low-rank iter 200 | Loss: 0.583816 | Penalized: 0.587187
2026-04-30 00:30:58 | INFO | Alternating low-rank iter 300 | Loss: 0.583817 | Penalized: 0.587186
2026-04-30 00:31:09 | INFO | Done fitting.
2026-04-30 00:31:09 | INFO | Optimizer status: CONVERGED: alternating objective tolerance reached
2026-04-30 00:31:09 | INFO | Best optimizer start: 1 / 1
2026-04-30 00:31:09 | INFO | Final Loss: 0.583818
2026-04-30 00:31:09 | INFO | Estimated vs True Parameters:
2026-04-30 00:31:09 | INFO |   beta: -0.1984 (True: -0.3000) | SQE: 0.010328
2026-04-30 00:31:09 | INFO |   xi: 0.8561 (True: 0.8000) | SQE: 0.003149
2026-04-30 00:31:09 | INFO |   eta: 0.2993 (True: 0.3000) | SQE: 0.000001
2026-04-30 00:31:09 | INFO | Alternating low-rank optimizer diagnostics:
2026-04-30 00:31:09 | INFO |   penalized_objective: 0.587185
2026-04-30 00:31:09 | INFO |   mple_loss_without_penalty: 0.583818
2026-04-30 00:31:09 | INFO |   lambda_uv_ridge: 0.100000
2026-04-30 00:31:09 | INFO |   u_frobenius_norm: 110.342841
2026-04-30 00:31:09 | INFO |   v_frobenius_norm: 1.732051
2026-04-30 00:31:09 | INFO |   effective_rank: 3.000000
2026-04-30 00:31:09 | INFO | Field and interaction diagnostics:
2026-04-30 00:31:09 | INFO |   field_rmse: 0.261493
2026-04-30 00:31:09 | INFO |   interaction_fro_error: 0.530637
2026-04-30 00:31:09 | INFO |   estimated_field_max_abs_entry: 1.616738
2026-04-30 00:31:09 | INFO |   estimated_field_rank: 3.000000
2026-04-30 00:31:09 | INFO |   true_field_max_abs_entry: 0.183816
2026-04-30 00:31:09 | INFO |   true_field_rank: 3.000000
2026-04-30 00:31:09 | INFO | Saved summary table to /orcd/home/002/phevosp/MPLE-Causal-Inference/experiments/SyntheticHybridExperiments/hybrid_us_county_intervention_uscounty_graph_confounding_weak/fits/alternating_rank_3_uv_1_e1_beta_mask/mple_summary.csv
2026-04-30 00:31:09 | INFO | Log saved to /orcd/home/002/phevosp/MPLE-Causal-Inference/experiments/SyntheticHybridExperiments/hybrid_us_county_intervention_uscounty_graph_confounding_weak/fits/alternating_rank_3_uv_1_e1_beta_mask/mple.log
