2026-04-24 01:07:57 | INFO | Loading data...
2026-04-24 01:07:57 | INFO | Using panel artifact: /orcd/home/002/phevosp/MPLE-Causal-Inference/experiments/SyntheticHybridExperiments/hybrid_us_county_intervention_uscounty_graph_base/panel_data.npz
2026-04-24 01:07:57 | INFO | Using x_0 artifact: /orcd/home/002/phevosp/MPLE-Causal-Inference/experiments/SyntheticHybridExperiments/hybrid_us_county_intervention_uscounty_graph_base/x_0.npy
2026-04-24 01:07:57 | INFO | Using fit config: /orcd/home/002/phevosp/MPLE-Causal-Inference/experiments/SyntheticHybridExperiments/hybrid_us_county_intervention_uscounty_graph_base/fits/zero_external_field/fit_realized_config.yaml
2026-04-24 01:07:57 | INFO | Using model artifact directory: /orcd/home/002/phevosp/MPLE-Causal-Inference/experiments/SyntheticHybridExperiments/hybrid_us_county_intervention_uscounty_graph_base
2026-04-24 01:07:57 | INFO | Using truth artifact directory: /orcd/home/002/phevosp/MPLE-Causal-Inference/experiments/SyntheticHybridExperiments/hybrid_us_county_intervention_uscounty_graph_base
2026-04-24 01:07:57 | INFO | Configured optimizer mode: no_external_field
2026-04-24 01:07:57 | INFO | Configured latent rank: 0
2026-04-24 01:07:57 | INFO | Using a fixed known graph with scalar xi.
2026-04-24 01:07:57 | INFO | Fit-time hard bounds active: False
2026-04-24 01:07:57 | INFO | Fixed scalar parameters: {}
2026-04-24 01:07:57 | INFO | Optimizer settings: steps=10000, tol=1e-09, n_starts=1, seed=0, lambda_nuclear=0.0, lambda_frobenius=0.0, lambda_uv_ridge=0.0, proximal_lr=1.0
2026-04-24 01:07:57 | INFO | Done fitting.
2026-04-24 01:07:57 | INFO | Optimizer status: Optimization terminated successfully.
2026-04-24 01:07:57 | INFO | Best optimizer start: 1 / 1
2026-04-24 01:07:57 | INFO | Final Loss: 0.553440
2026-04-24 01:07:57 | INFO | Estimated vs True Parameters:
2026-04-24 01:07:57 | INFO |   beta: 0.4996 (True: 0.5000) | SQE: 0.000000
2026-04-24 01:07:57 | INFO |   xi: 0.5903 (True: 0.6000) | SQE: 0.000093
2026-04-24 01:07:57 | INFO |   eta: -0.0983 (True: -0.1000) | SQE: 0.000003
2026-04-24 01:07:57 | INFO | Field and interaction diagnostics:
2026-04-24 01:07:57 | INFO |   field_rmse: 0.000000
2026-04-24 01:07:57 | INFO |   interaction_fro_error: 0.091155
2026-04-24 01:07:57 | INFO |   estimated_field_max_abs_entry: 0.000000
2026-04-24 01:07:57 | INFO |   estimated_field_rank: 0.000000
2026-04-24 01:07:57 | INFO |   true_field_max_abs_entry: 0.000000
2026-04-24 01:07:57 | INFO |   true_field_rank: 0.000000
2026-04-24 01:07:57 | INFO | Saved summary tables to /orcd/home/002/phevosp/MPLE-Causal-Inference/experiments/SyntheticHybridExperiments/hybrid_us_county_intervention_uscounty_graph_base/fits/zero_external_field/mple_summary.csv and /orcd/home/002/phevosp/MPLE-Causal-Inference/experiments/SyntheticHybridExperiments/hybrid_us_county_intervention_uscounty_graph_base/fits/zero_external_field/mple_summary.md
2026-04-24 01:07:57 | INFO | Log saved to /orcd/home/002/phevosp/MPLE-Causal-Inference/experiments/SyntheticHybridExperiments/hybrid_us_county_intervention_uscounty_graph_base/fits/zero_external_field/mple.log
