2026-04-30 11:17:25 | INFO | Loading data...
2026-04-30 11:17:25 | INFO | Using panel artifact: /orcd/home/002/phevosp/MPLE-Causal-Inference/experiments/SyntheticHybridExperiments/r3_hybrid_us_county_intervention_uscounty_graph_contiguous_confounding/panel_data.npz
2026-04-30 11:17:25 | INFO | Using x_0 artifact: /orcd/home/002/phevosp/MPLE-Causal-Inference/experiments/SyntheticHybridExperiments/r3_hybrid_us_county_intervention_uscounty_graph_contiguous_confounding/x_0.npy
2026-04-30 11:17:25 | INFO | Using fit config: /orcd/home/002/phevosp/MPLE-Causal-Inference/experiments/SyntheticHybridExperiments/r3_hybrid_us_county_intervention_uscounty_graph_contiguous_confounding/fits/alternating_rank_3_uv_4_e2_xi_zero/fit_realized_config.yaml
2026-04-30 11:17:25 | INFO | Using model artifact directory: /orcd/home/002/phevosp/MPLE-Causal-Inference/experiments/SyntheticHybridExperiments/r3_hybrid_us_county_intervention_uscounty_graph_contiguous_confounding
2026-04-30 11:17:25 | INFO | Using truth artifact directory: /orcd/home/002/phevosp/MPLE-Causal-Inference/experiments/SyntheticHybridExperiments/r3_hybrid_us_county_intervention_uscounty_graph_contiguous_confounding
2026-04-30 11:17:25 | INFO | Configured optimizer mode: alternating_latent_rank
2026-04-30 11:17:25 | INFO | Configured latent rank: 3
2026-04-30 11:17:25 | INFO | Using a fixed known graph with scalar xi.
2026-04-30 11:17:25 | INFO | Fit-time hard bounds active: False
2026-04-30 11:17:25 | INFO | Fixed scalar parameters: {'xi': 0.0}
2026-04-30 11:17:25 | INFO | Warm-start fixed scalars: {} for 0 steps
2026-04-30 11:17:25 | INFO | Beta mask before s: False with s=55
2026-04-30 11:17:25 | INFO | Beta mask after e: False with e=120
2026-04-30 11:17:25 | INFO | Alternating V-column L2-ball constraint active with radius 1.0
2026-04-30 11:17:25 | INFO | Optimizer settings: steps=20000, tol=1e-09, n_starts=1, seed=0, lambda_nuclear=0.0, lambda_frobenius=0.0, lambda_uv_ridge=0.04, v_column_l2_max=1.0, proximal_lr=1.0
2026-04-30 11:17:25 | INFO | Alternating low-rank start 1/1 | seed=0 | initial_loss=0.681683 | initial_penalized=0.681684
2026-04-30 11:17:25 | INFO | Alternating low-rank iter 0 | Loss: 0.591157 | Penalized: 0.592627
2026-04-30 11:17:38 | INFO | Alternating low-rank iter 100 | Loss: 0.577514 | Penalized: 0.581722
2026-04-30 11:17:51 | INFO | Alternating low-rank iter 200 | Loss: 0.576674 | Penalized: 0.581359
2026-04-30 11:17:55 | INFO | Done fitting.
2026-04-30 11:17:55 | INFO | Optimizer status: CONVERGED: alternating objective tolerance reached
2026-04-30 11:17:55 | INFO | Best optimizer start: 1 / 1
2026-04-30 11:17:55 | INFO | Final Loss: 0.576674
2026-04-30 11:17:55 | INFO | Estimated vs True Parameters:
2026-04-30 11:17:55 | INFO |   beta: 0.0722 (True: -0.3000) | SQE: 0.138538
2026-04-30 11:17:55 | INFO |   xi: 0.0000 (True: 0.8000) | SQE: 0.640000
2026-04-30 11:17:55 | INFO |   eta: 0.3021 (True: 0.3000) | SQE: 0.000004
2026-04-30 11:17:55 | INFO | Alternating low-rank optimizer diagnostics:
2026-04-30 11:17:55 | INFO |   penalized_objective: 0.581359
2026-04-30 11:17:55 | INFO |   mple_loss_without_penalty: 0.576674
2026-04-30 11:17:55 | INFO |   lambda_uv_ridge: 0.040000
2026-04-30 11:17:55 | INFO |   u_frobenius_norm: 205.823881
2026-04-30 11:17:55 | INFO |   v_frobenius_norm: 1.732051
2026-04-30 11:17:55 | INFO |   effective_rank: 3.000000
2026-04-30 11:17:55 | INFO | Field and interaction diagnostics:
2026-04-30 11:17:55 | INFO |   field_rmse: 0.399181
2026-04-30 11:17:55 | INFO |   interaction_fro_error: 7.565334
2026-04-30 11:17:55 | INFO |   estimated_field_max_abs_entry: 5.310214
2026-04-30 11:17:55 | INFO |   estimated_field_rank: 3.000000
2026-04-30 11:17:55 | INFO |   true_field_max_abs_entry: 2.169749
2026-04-30 11:17:55 | INFO |   true_field_rank: 3.000000
2026-04-30 11:17:55 | INFO | Saved summary table to /orcd/home/002/phevosp/MPLE-Causal-Inference/experiments/SyntheticHybridExperiments/r3_hybrid_us_county_intervention_uscounty_graph_contiguous_confounding/fits/alternating_rank_3_uv_4_e2_xi_zero/mple_summary.csv
2026-04-30 11:17:55 | INFO | Log saved to /orcd/home/002/phevosp/MPLE-Causal-Inference/experiments/SyntheticHybridExperiments/r3_hybrid_us_county_intervention_uscounty_graph_contiguous_confounding/fits/alternating_rank_3_uv_4_e2_xi_zero/mple.log
