2026-04-12 13:25:36 | INFO | Loading data...
2026-04-12 13:25:36 | INFO | Using panel artifact: C:\Users\phevo\Documents\MIT\Code\MPLE-Causal-Inference\experiments\SyntheticHybridExperiments\hybrid_generated_intervention_uscounty_graph_rank_0\panel_data.npz
2026-04-12 13:25:36 | INFO | Using x_0 artifact: C:\Users\phevo\Documents\MIT\Code\MPLE-Causal-Inference\experiments\SyntheticHybridExperiments\hybrid_generated_intervention_uscounty_graph_rank_0\x_0.npy
2026-04-12 13:25:36 | INFO | Using z_0 artifact: C:\Users\phevo\Documents\MIT\Code\MPLE-Causal-Inference\experiments\SyntheticHybridExperiments\hybrid_generated_intervention_uscounty_graph_rank_0\z_0.npy
2026-04-12 13:25:36 | INFO | Using fit config: C:\Users\phevo\Documents\MIT\Code\MPLE-Causal-Inference\experiments\SyntheticHybridExperiments\hybrid_generated_intervention_uscounty_graph_rank_0\fits\rank_40_b1_fixed_xi\fit_realized_config.yaml
2026-04-12 13:25:36 | INFO | Using model artifact directory: C:\Users\phevo\Documents\MIT\Code\MPLE-Causal-Inference\experiments\SyntheticHybridExperiments\hybrid_generated_intervention_uscounty_graph_rank_0
2026-04-12 13:25:36 | INFO | Using truth artifact directory: C:\Users\phevo\Documents\MIT\Code\MPLE-Causal-Inference\experiments\SyntheticHybridExperiments\hybrid_generated_intervention_uscounty_graph_rank_0
2026-04-12 13:25:36 | INFO | Configured latent rank: 40
2026-04-12 13:25:36 | INFO | Using a fixed known graph with scalar xi.
2026-04-12 13:25:36 | INFO | Intervention-process model enabled: True
2026-04-12 13:25:36 | INFO | Global temperature bound B active: True
2026-04-12 13:25:36 | INFO | Effective xi bound from interaction constraint: 1.000000
2026-04-12 13:25:36 | INFO | Beta mask pre-intervention enabled: False
2026-04-12 13:25:36 | INFO | Beta mask rescale enabled: False
2026-04-12 13:25:36 | INFO | Fixed scalar parameters: {'xi': 0.0}
2026-04-12 13:25:36 | INFO | Eval 0  |  Loss: 0.801419
2026-04-12 13:25:36 | INFO |   beta: +0.0793,  eta: -0.2085,  zeta: +0.0135,  psi: -0.2117
2026-04-12 13:25:42 | INFO | Done fitting.
2026-04-12 13:25:42 | INFO | Optimizer status: CONVERGENCE: RELATIVE REDUCTION OF F <= FACTR*EPSMCH
2026-04-12 13:25:42 | INFO | Final Loss: 0.537793
2026-04-12 13:25:42 | INFO | Estimated vs True Parameters:
2026-04-12 13:25:42 | INFO |   beta: 0.3456 (True: 0.3500) | SQE: 0.000019
2026-04-12 13:25:42 | INFO |   xi: 0.0000 (True: 0.7500) | SQE: 0.562500
2026-04-12 13:25:42 | INFO |   eta: 0.4843 (True: 0.4800) | SQE: 0.000019
2026-04-12 13:25:42 | INFO |   zeta: -0.5563 (True: -0.5500) | SQE: 0.000040
2026-04-12 13:25:42 | INFO |   psi: 0.8031 (True: 0.8000) | SQE: 0.000009
2026-04-12 13:25:42 | INFO | Field and interaction diagnostics:
2026-04-12 13:25:42 | INFO |   field_rmse: 0.000312
2026-04-12 13:25:42 | INFO |   interaction_fro_error: 7.082783
2026-04-12 13:25:42 | INFO |   estimated_field_inf_norm: 1.000000
2026-04-12 13:25:42 | INFO |   estimated_field_rank: 40.000000
2026-04-12 13:25:42 | INFO |   bound_B: 1.000000
2026-04-12 13:25:42 | INFO |   true_field_inf_norm: 0.000000
2026-04-12 13:25:42 | INFO |   true_field_rank: 0.000000
2026-04-12 13:25:42 | INFO | Saved summary tables to C:\Users\phevo\Documents\MIT\Code\MPLE-Causal-Inference\experiments\SyntheticHybridExperiments\hybrid_generated_intervention_uscounty_graph_rank_0\fits\rank_40_b1_fixed_xi\mple_summary.csv and C:\Users\phevo\Documents\MIT\Code\MPLE-Causal-Inference\experiments\SyntheticHybridExperiments\hybrid_generated_intervention_uscounty_graph_rank_0\fits\rank_40_b1_fixed_xi\mple_summary.md
2026-04-12 13:25:42 | INFO | Log saved to C:\Users\phevo\Documents\MIT\Code\MPLE-Causal-Inference\experiments\SyntheticHybridExperiments\hybrid_generated_intervention_uscounty_graph_rank_0\fits\rank_40_b1_fixed_xi\mple.log
