2026-04-01 10:21:26 | INFO | Loading data...
2026-04-01 10:21:30 | INFO | Loaded 1 field templates and 11 interaction templates.
2026-04-01 10:21:30 | INFO | Running conditional-model MPLE on x with shape=(10, 5000)
2026-04-01 10:21:30 | INFO | Eval 0  |  Loss: 0.688995
2026-04-01 10:21:30 | INFO |   field::intercept: +0.0126,  beta: -0.0132,  interaction::adjacency: +0.0640,  interaction::distance_kernel::feature_1: +0.0105,  interaction::cross_similarity::feature_1: -0.0536,  interaction::distance_kernel::feature_2: +0.0362,  interaction::cross_similarity::feature_2: +0.1304,  interaction::distance_kernel::feature_3: +0.0947,  interaction::cross_similarity::feature_3: -0.0704,  interaction::distance_kernel::feature_4: -0.1265,  interaction::cross_similarity::feature_4: -0.0623,  interaction::distance_kernel::feature_5: +0.0041,  interaction::cross_similarity::feature_5: -0.2325,  eta: -0.0219,  zeta: -0.1246,  psi: -0.0732
2026-04-01 10:21:31 | INFO | Done fitting.
2026-04-01 10:21:31 | INFO | Optimizer status: CONVERGENCE: RELATIVE REDUCTION OF F <= FACTR*EPSMCH
2026-04-01 10:21:31 | INFO | Final Loss: 0.674732
2026-04-01 10:21:31 | INFO | Estimated vs True Parameters:
2026-04-01 10:21:31 | INFO |   field::intercept: 0.1697 (True: 0.1800)
2026-04-01 10:21:31 | INFO |   field::intercept SQE: 0.000105
2026-04-01 10:21:31 | INFO |   beta: 0.1143 (True: 0.1200)
2026-04-01 10:21:31 | INFO |   beta SQE: 0.000032
2026-04-01 10:21:31 | INFO |   interaction::adjacency: -0.1740 (True: 0.1250)
2026-04-01 10:21:31 | INFO |   interaction::adjacency SQE: 0.089372
2026-04-01 10:21:31 | INFO |   interaction::distance_kernel::feature_1: 0.2368 (True: 0.0400)
2026-04-01 10:21:31 | INFO |   interaction::distance_kernel::feature_1 SQE: 0.038729
2026-04-01 10:21:31 | INFO |   interaction::cross_similarity::feature_1: 0.3153 (True: 0.0200)
2026-04-01 10:21:31 | INFO |   interaction::cross_similarity::feature_1 SQE: 0.087214
2026-04-01 10:21:31 | INFO |   interaction::distance_kernel::feature_2: -0.0590 (True: 0.0400)
2026-04-01 10:21:31 | INFO |   interaction::distance_kernel::feature_2 SQE: 0.009794
2026-04-01 10:21:31 | INFO |   interaction::cross_similarity::feature_2: -0.1014 (True: 0.0200)
2026-04-01 10:21:31 | INFO |   interaction::cross_similarity::feature_2 SQE: 0.014740
2026-04-01 10:21:31 | INFO |   interaction::distance_kernel::feature_3: 0.1495 (True: 0.0400)
2026-04-01 10:21:31 | INFO |   interaction::distance_kernel::feature_3 SQE: 0.011985
2026-04-01 10:21:31 | INFO |   interaction::cross_similarity::feature_3: 0.2172 (True: 0.0200)
2026-04-01 10:21:31 | INFO |   interaction::cross_similarity::feature_3 SQE: 0.038883
2026-04-01 10:21:31 | INFO |   interaction::distance_kernel::feature_4: 0.1647 (True: 0.0400)
2026-04-01 10:21:31 | INFO |   interaction::distance_kernel::feature_4 SQE: 0.015538
2026-04-01 10:21:31 | INFO |   interaction::cross_similarity::feature_4: -0.4012 (True: 0.0200)
2026-04-01 10:21:31 | INFO |   interaction::cross_similarity::feature_4 SQE: 0.177374
2026-04-01 10:21:31 | INFO |   interaction::distance_kernel::feature_5: 0.1052 (True: 0.0650)
2026-04-01 10:21:31 | INFO |   interaction::distance_kernel::feature_5 SQE: 0.001620
2026-04-01 10:21:31 | INFO |   interaction::cross_similarity::feature_5: 1.4913 (True: 0.0700)
2026-04-01 10:21:31 | INFO |   interaction::cross_similarity::feature_5 SQE: 2.020191
2026-04-01 10:21:31 | INFO |   eta: 0.0145 (True: 0.0100)
2026-04-01 10:21:31 | INFO |   eta SQE: 0.000020
2026-04-01 10:21:31 | INFO |   zeta: -0.1656 (True: -0.1500)
2026-04-01 10:21:31 | INFO |   zeta SQE: 0.000243
2026-04-01 10:21:31 | INFO |   psi: 0.0476 (True: 0.0500)
2026-04-01 10:21:31 | INFO |   psi SQE: 0.000006
2026-04-01 10:21:32 | INFO | Saved summary tables to C:\Users\phevo\Documents\MIT\Code\MPLE-Causal-Inference\experiments\n5000_t10_high_temp_fro_medium_uniform_shared_feature_interactions_20260331_235955\mple_summary.csv and C:\Users\phevo\Documents\MIT\Code\MPLE-Causal-Inference\experiments\n5000_t10_high_temp_fro_medium_uniform_shared_feature_interactions_20260331_235955\mple_summary.md
2026-04-01 10:21:32 | INFO | Log saved to C:\Users\phevo\Documents\MIT\Code\MPLE-Causal-Inference\experiments\n5000_t10_high_temp_fro_medium_uniform_shared_feature_interactions_20260331_235955\mple.log
