2026-04-07 11:51:19 | INFO | Loading data...
2026-04-07 11:51:19 | INFO | Loaded 6 field templates and 1 interaction templates.
2026-04-07 11:51:19 | INFO | Intervention-process model enabled: True
2026-04-07 11:51:19 | INFO | Tau zero-mean enabled: True
2026-04-07 11:51:19 | INFO | Tau smoothness lambda: 0.000000
2026-04-07 11:51:19 | INFO | Running conditional-model MPLE on x with shape=(69, 3135)
2026-04-07 11:51:19 | INFO | Eval 0  |  Loss: 0.583762
2026-04-07 11:51:19 | INFO |   field::log_population: +0.0126,  field::median_household_income: -0.0132,  field::poverty_rate: +0.0640,  field::pct_black: +0.0105,  field::pct_hispanic: -0.0536,  field::pct_in_labor_force: +0.0362,  tau block: mean=+0.0000, std=0.0982, min=-0.2442, max=+0.1843,  beta: -0.1320,  interaction::contiguity: -0.0662,  eta: +0.0935,  zeta: +0.0049,  psi: +0.2002
2026-04-07 11:51:21 | INFO | Done fitting.
2026-04-07 11:51:21 | INFO | Optimizer status: CONVERGENCE: RELATIVE REDUCTION OF F <= FACTR*EPSMCH
2026-04-07 11:51:21 | INFO | Final Loss: 0.289300
2026-04-07 11:51:21 | INFO | Estimated Parameters:
2026-04-07 11:51:21 | INFO |   field::log_population: 1.0033
2026-04-07 11:51:21 | INFO |   field::median_household_income: -1.2097
2026-04-07 11:51:21 | INFO |   field::poverty_rate: -0.5824
2026-04-07 11:51:21 | INFO |   field::pct_black: -0.1194
2026-04-07 11:51:21 | INFO |   field::pct_hispanic: -0.4694
2026-04-07 11:51:21 | INFO |   field::pct_in_labor_force: -0.0302
2026-04-07 11:51:21 | INFO |   tau::t_0: -0.0193
2026-04-07 11:51:21 | INFO |   tau::t_1: -0.0251
2026-04-07 11:51:21 | INFO |   tau::t_2: 0.0008
2026-04-07 11:51:21 | INFO |   tau::t_3: -0.0091
2026-04-07 11:51:21 | INFO |   tau::t_4: -0.0516
2026-04-07 11:51:21 | INFO |   tau::t_5: 0.0549
2026-04-07 11:51:21 | INFO |   tau::t_6: 0.0410
2026-04-07 11:51:21 | INFO |   tau::t_7: -0.0118
2026-04-07 11:51:21 | INFO |   tau::t_8: -0.0728
2026-04-07 11:51:21 | INFO |   tau::t_9: -0.0785
2026-04-07 11:51:21 | INFO |   tau::t_10: -0.1077
2026-04-07 11:51:21 | INFO |   tau::t_11: -0.0856
2026-04-07 11:51:21 | INFO |   tau::t_12: -0.0692
2026-04-07 11:51:21 | INFO |   tau::t_13: -0.1315
2026-04-07 11:51:21 | INFO |   tau::t_14: -0.1385
2026-04-07 11:51:21 | INFO |   tau::t_15: -0.1313
2026-04-07 11:51:21 | INFO |   tau::t_16: -0.1599
2026-04-07 11:51:21 | INFO |   tau::t_17: -0.1720
2026-04-07 11:51:21 | INFO |   tau::t_18: -0.0931
2026-04-07 11:51:21 | INFO |   tau::t_19: -0.2562
2026-04-07 11:51:21 | INFO |   tau::t_20: -0.2101
2026-04-07 11:51:21 | INFO |   tau::t_21: -0.3338
2026-04-07 11:51:21 | INFO |   tau::t_22: -0.3405
2026-04-07 11:51:21 | INFO |   tau::t_23: -0.3649
2026-04-07 11:51:21 | INFO |   tau::t_24: -0.4384
2026-04-07 11:51:21 | INFO |   tau::t_25: -0.3304
2026-04-07 11:51:21 | INFO |   tau::t_26: -0.3216
2026-04-07 11:51:21 | INFO |   tau::t_27: -0.2726
2026-04-07 11:51:21 | INFO |   tau::t_28: -0.1500
2026-04-07 11:51:21 | INFO |   tau::t_29: -0.0626
2026-04-07 11:51:21 | INFO |   tau::t_30: 0.0099
2026-04-07 11:51:21 | INFO |   tau::t_31: 0.0685
2026-04-07 11:51:21 | INFO |   tau::t_32: 0.0865
2026-04-07 11:51:21 | INFO |   tau::t_33: 0.1178
2026-04-07 11:51:21 | INFO |   tau::t_34: 0.2258
2026-04-07 11:51:21 | INFO |   tau::t_35: 0.2199
2026-04-07 11:51:21 | INFO |   tau::t_36: 0.2317
2026-04-07 11:51:21 | INFO |   tau::t_37: 0.1865
2026-04-07 11:51:21 | INFO |   tau::t_38: 0.1810
2026-04-07 11:51:21 | INFO |   tau::t_39: 0.1906
2026-04-07 11:51:21 | INFO |   tau::t_40: 0.1985
2026-04-07 11:51:21 | INFO |   tau::t_41: 0.1327
2026-04-07 11:51:21 | INFO |   tau::t_42: 0.1306
2026-04-07 11:51:21 | INFO |   tau::t_43: 0.1506
2026-04-07 11:51:21 | INFO |   tau::t_44: -0.0196
2026-04-07 11:51:21 | INFO |   tau::t_45: 0.2364
2026-04-07 11:51:21 | INFO |   tau::t_46: 0.1587
2026-04-07 11:51:21 | INFO |   tau::t_47: 0.1490
2026-04-07 11:51:21 | INFO |   tau::t_48: 0.1027
2026-04-07 11:51:21 | INFO |   tau::t_49: 0.1312
2026-04-07 11:51:21 | INFO |   tau::t_50: 0.2146
2026-04-07 11:51:21 | INFO |   tau::t_51: 0.2063
2026-04-07 11:51:21 | INFO |   tau::t_52: 0.2305
2026-04-07 11:51:21 | INFO |   tau::t_53: 0.2991
2026-04-07 11:51:21 | INFO |   tau::t_54: 0.3433
2026-04-07 11:51:21 | INFO |   tau::t_55: 0.3348
2026-04-07 11:51:21 | INFO |   tau::t_56: 0.3053
2026-04-07 11:51:21 | INFO |   tau::t_57: 0.2354
2026-04-07 11:51:21 | INFO |   tau::t_58: 0.1899
2026-04-07 11:51:21 | INFO |   tau::t_59: 0.1042
2026-04-07 11:51:21 | INFO |   tau::t_60: 0.0969
2026-04-07 11:51:21 | INFO |   tau::t_61: 0.0118
2026-04-07 11:51:21 | INFO |   tau::t_62: -0.0486
2026-04-07 11:51:21 | INFO |   tau::t_63: -0.1347
2026-04-07 11:51:21 | INFO |   tau::t_64: -0.1161
2026-04-07 11:51:21 | INFO |   tau::t_65: -0.2174
2026-04-07 11:51:21 | INFO |   tau::t_66: -0.2130
2026-04-07 11:51:21 | INFO |   tau::t_67: -0.0816
2026-04-07 11:51:21 | INFO |   tau::t_68: -0.3081
2026-04-07 11:51:21 | INFO |   beta: -0.1711
2026-04-07 11:51:21 | INFO |   interaction::contiguity: 1.4239
2026-04-07 11:51:21 | INFO |   eta: 0.2312
2026-04-07 11:51:21 | INFO |   zeta: -0.0912
2026-04-07 11:51:21 | INFO |   psi: 2.0311
2026-04-07 11:51:21 | INFO | Saved summary tables to C:\Users\phevo\Documents\MIT\Code\MPLE-Causal-Inference\experiments\USCountyVaccination_US_tau_zero_mean\outcome_death_rate_100k_ge_2__intervention_partial_cov_ge_10__lag_1w__contiguity\mple_summary.csv and C:\Users\phevo\Documents\MIT\Code\MPLE-Causal-Inference\experiments\USCountyVaccination_US_tau_zero_mean\outcome_death_rate_100k_ge_2__intervention_partial_cov_ge_10__lag_1w__contiguity\mple_summary.md
2026-04-07 11:51:21 | INFO | Log saved to C:\Users\phevo\Documents\MIT\Code\MPLE-Causal-Inference\experiments\USCountyVaccination_US_tau_zero_mean\outcome_death_rate_100k_ge_2__intervention_partial_cov_ge_10__lag_1w__contiguity\mple.log
