2026-04-29 14:58:28 | INFO | Loading data...
2026-04-29 14:58:28 | INFO | Using panel artifact: /orcd/home/002/phevosp/MPLE-Causal-Inference/experiments/SyntheticHybridExperiments/confounding_moderate/panel_data.npz
2026-04-29 14:58:28 | INFO | Using x_0 artifact: /orcd/home/002/phevosp/MPLE-Causal-Inference/experiments/SyntheticHybridExperiments/confounding_moderate/x_0.npy
2026-04-29 14:58:28 | INFO | Using fit config: /orcd/home/002/phevosp/MPLE-Causal-Inference/experiments/SyntheticHybridExperiments/confounding_moderate/fits/alternating_rank_3_uv_1_e1_xi_zero/fit_realized_config.yaml
2026-04-29 14:58:28 | INFO | Using model artifact directory: /orcd/home/002/phevosp/MPLE-Causal-Inference/experiments/SyntheticHybridExperiments/confounding_moderate
2026-04-29 14:58:28 | INFO | Using truth artifact directory: /orcd/home/002/phevosp/MPLE-Causal-Inference/experiments/SyntheticHybridExperiments/confounding_moderate
2026-04-29 14:58:28 | INFO | Configured optimizer mode: alternating_latent_rank
2026-04-29 14:58:28 | INFO | Configured latent rank: 3
2026-04-29 14:58:28 | INFO | Using a fixed known graph with scalar xi.
2026-04-29 14:58:28 | INFO | Fit-time hard bounds active: False
2026-04-29 14:58:28 | INFO | Fixed scalar parameters: {'xi': 0.0}
2026-04-29 14:58:28 | INFO | Warm-start fixed scalars: {} for 0 steps
2026-04-29 14:58:28 | INFO | Beta mask before s: False with s=0
2026-04-29 14:58:28 | INFO | Beta mask after e: False with e=11
2026-04-29 14:58:28 | INFO | Alternating V-column L2-ball constraint active with radius 1.0
2026-04-29 14:58:28 | INFO | Optimizer settings: steps=20000, tol=1e-09, n_starts=1, seed=0, lambda_nuclear=0.0, lambda_frobenius=0.0, lambda_uv_ridge=0.1, v_column_l2_max=1.0, proximal_lr=1.0
2026-04-29 14:58:28 | INFO | Alternating low-rank start 1/1 | seed=0 | initial_loss=0.750155 | initial_penalized=0.750173
2026-04-29 14:58:28 | INFO | Alternating low-rank iter 0 | Loss: 0.566156 | Penalized: 0.574868
2026-04-29 14:58:29 | INFO | Alternating low-rank iter 100 | Loss: 0.540916 | Penalized: 0.558318
2026-04-29 14:58:29 | INFO | Alternating low-rank iter 200 | Loss: 0.540856 | Penalized: 0.558295
2026-04-29 14:58:30 | INFO | Alternating low-rank iter 300 | Loss: 0.540841 | Penalized: 0.558293
2026-04-29 14:58:30 | INFO | Done fitting.
2026-04-29 14:58:30 | INFO | Optimizer status: CONVERGED: alternating objective tolerance reached
2026-04-29 14:58:30 | INFO | Best optimizer start: 1 / 1
2026-04-29 14:58:30 | INFO | Final Loss: 0.540840
2026-04-29 14:58:30 | INFO | Estimated vs True Parameters:
2026-04-29 14:58:30 | INFO |   beta: -0.2863 (True: -0.3000) | SQE: 0.000187
2026-04-29 14:58:30 | INFO |   xi: 0.0000 (True: 0.8000) | SQE: 0.640000
2026-04-29 14:58:30 | INFO |   eta: 0.3080 (True: 0.3000) | SQE: 0.000065
2026-04-29 14:58:30 | INFO | Alternating low-rank optimizer diagnostics:
2026-04-29 14:58:30 | INFO |   penalized_objective: 0.558293
2026-04-29 14:58:30 | INFO |   mple_loss_without_penalty: 0.540840
2026-04-29 14:58:30 | INFO |   lambda_uv_ridge: 0.100000
2026-04-29 14:58:30 | INFO |   u_frobenius_norm: 66.031871
2026-04-29 14:58:30 | INFO |   v_frobenius_norm: 1.732051
2026-04-29 14:58:30 | INFO |   effective_rank: 3.000000
2026-04-29 14:58:30 | INFO | Field and interaction diagnostics:
2026-04-29 14:58:30 | INFO |   field_rmse: 0.287460
2026-04-29 14:58:30 | INFO |   interaction_fro_error: 2.114543
2026-04-29 14:58:30 | INFO |   estimated_field_max_abs_entry: 2.210276
2026-04-29 14:58:30 | INFO |   estimated_field_rank: 3.000000
2026-04-29 14:58:30 | INFO |   true_field_max_abs_entry: 3.479714
2026-04-29 14:58:30 | INFO |   true_field_rank: 3.000000
2026-04-29 14:58:30 | INFO | Saved summary table to /orcd/home/002/phevosp/MPLE-Causal-Inference/experiments/SyntheticHybridExperiments/confounding_moderate/fits/alternating_rank_3_uv_1_e1_xi_zero/mple_summary.csv
2026-04-29 14:58:30 | INFO | Log saved to /orcd/home/002/phevosp/MPLE-Causal-Inference/experiments/SyntheticHybridExperiments/confounding_moderate/fits/alternating_rank_3_uv_1_e1_xi_zero/mple.log
