2026-04-08 11:45:34 | INFO | Loading data...
2026-04-08 11:45:34 | INFO | Loaded 6 field templates and 1 interaction templates.
2026-04-08 11:45:34 | INFO | Intervention-process model enabled: True
2026-04-08 11:45:34 | INFO | Tau zero-mean enabled: False
2026-04-08 11:45:34 | INFO | Tau smoothness lambda: 0.000000
2026-04-08 11:45:34 | INFO | Running conditional-model MPLE on x with shape=(67, 3203)
2026-04-08 11:45:34 | INFO | Eval 0  |  Loss: 0.683557
2026-04-08 11:45:34 | INFO |   field::population_density: +0.0126,  field::senior_population: -0.0132,  field::college_education: +0.0640,  field::poverty_rate: +0.0105,  field::log_population: -0.0536,  field::median_household_income: +0.0362,  tau block: mean=+0.0102, std=0.0970, min=-0.2325, max=+0.1960,  beta: -0.0618,  interaction::contiguity: +0.1822,  eta: -0.1320,  zeta: -0.0662,  psi: +0.0935
2026-04-08 11:45:39 | INFO | Done fitting.
2026-04-08 11:45:39 | INFO | Optimizer status: CONVERGENCE: RELATIVE REDUCTION OF F <= FACTR*EPSMCH
2026-04-08 11:45:39 | INFO | Final Loss: 0.179671
2026-04-08 11:45:39 | INFO | Estimated Parameters:
2026-04-08 11:45:39 | INFO |   field::population_density: -0.3260
2026-04-08 11:45:39 | INFO |   field::senior_population: -0.2833
2026-04-08 11:45:39 | INFO |   field::college_education: -0.0066
2026-04-08 11:45:39 | INFO |   field::poverty_rate: -0.2886
2026-04-08 11:45:39 | INFO |   field::log_population: 0.2648
2026-04-08 11:45:39 | INFO |   field::median_household_income: -0.2304
2026-04-08 11:45:39 | INFO |   tau::t_0: -0.0202
2026-04-08 11:45:39 | INFO |   tau::t_1: -0.1219
2026-04-08 11:45:39 | INFO |   tau::t_2: -0.2509
2026-04-08 11:45:39 | INFO |   tau::t_3: 0.0296
2026-04-08 11:45:39 | INFO |   tau::t_4: -0.1702
2026-04-08 11:45:39 | INFO |   tau::t_5: -0.0382
2026-04-08 11:45:39 | INFO |   tau::t_6: -0.0337
2026-04-08 11:45:39 | INFO |   tau::t_7: 0.0544
2026-04-08 11:45:39 | INFO |   tau::t_8: -0.0288
2026-04-08 11:45:39 | INFO |   tau::t_9: 0.1015
2026-04-08 11:45:39 | INFO |   tau::t_10: 0.0289
2026-04-08 11:45:39 | INFO |   tau::t_11: -0.0660
2026-04-08 11:45:39 | INFO |   tau::t_12: -0.0237
2026-04-08 11:45:39 | INFO |   tau::t_13: -0.1109
2026-04-08 11:45:39 | INFO |   tau::t_14: -0.1755
2026-04-08 11:45:39 | INFO |   tau::t_15: -0.2017
2026-04-08 11:45:39 | INFO |   tau::t_16: -0.1583
2026-04-08 11:45:39 | INFO |   tau::t_17: -0.3602
2026-04-08 11:45:39 | INFO |   tau::t_18: -0.1682
2026-04-08 11:45:39 | INFO |   tau::t_19: -0.3517
2026-04-08 11:45:39 | INFO |   tau::t_20: -0.2947
2026-04-08 11:45:39 | INFO |   tau::t_21: -0.2401
2026-04-08 11:45:39 | INFO |   tau::t_22: -0.0455
2026-04-08 11:45:39 | INFO |   tau::t_23: 0.0616
2026-04-08 11:45:39 | INFO |   tau::t_24: 0.2162
2026-04-08 11:45:39 | INFO |   tau::t_25: 0.2812
2026-04-08 11:45:39 | INFO |   tau::t_26: 0.3246
2026-04-08 11:45:39 | INFO |   tau::t_27: 0.3806
2026-04-08 11:45:39 | INFO |   tau::t_28: 0.2985
2026-04-08 11:45:39 | INFO |   tau::t_29: 0.4011
2026-04-08 11:45:39 | INFO |   tau::t_30: 0.3890
2026-04-08 11:45:39 | INFO |   tau::t_31: 0.2748
2026-04-08 11:45:39 | INFO |   tau::t_32: 0.4326
2026-04-08 11:45:39 | INFO |   tau::t_33: 0.3746
2026-04-08 11:45:39 | INFO |   tau::t_34: 0.1916
2026-04-08 11:45:39 | INFO |   tau::t_35: 0.0749
2026-04-08 11:45:39 | INFO |   tau::t_36: -0.0578
2026-04-08 11:45:39 | INFO |   tau::t_37: -0.0160
2026-04-08 11:45:39 | INFO |   tau::t_38: -0.0553
2026-04-08 11:45:39 | INFO |   tau::t_39: -0.0097
2026-04-08 11:45:39 | INFO |   tau::t_40: 0.0789
2026-04-08 11:45:39 | INFO |   tau::t_41: 0.1191
2026-04-08 11:45:39 | INFO |   tau::t_42: -0.2044
2026-04-08 11:45:39 | INFO |   tau::t_43: 0.4384
2026-04-08 11:45:39 | INFO |   tau::t_44: 0.1219
2026-04-08 11:45:39 | INFO |   tau::t_45: 0.0961
2026-04-08 11:45:39 | INFO |   tau::t_46: 0.1293
2026-04-08 11:45:39 | INFO |   tau::t_47: 0.5932
2026-04-08 11:45:39 | INFO |   tau::t_48: 1.1302
2026-04-08 11:45:39 | INFO |   tau::t_49: 1.1981
2026-04-08 11:45:39 | INFO |   tau::t_50: 1.8955
2026-04-08 11:45:39 | INFO |   tau::t_51: 1.8728
2026-04-08 11:45:39 | INFO |   tau::t_52: 1.0925
2026-04-08 11:45:39 | INFO |   tau::t_53: 0.3708
2026-04-08 11:45:39 | INFO |   tau::t_54: -0.0480
2026-04-08 11:45:39 | INFO |   tau::t_55: -0.3176
2026-04-08 11:45:39 | INFO |   tau::t_56: -0.2569
2026-04-08 11:45:39 | INFO |   tau::t_57: -0.2312
2026-04-08 11:45:39 | INFO |   tau::t_58: -0.1608
2026-04-08 11:45:39 | INFO |   tau::t_59: -0.1325
2026-04-08 11:45:39 | INFO |   tau::t_60: -0.1768
2026-04-08 11:45:39 | INFO |   tau::t_61: -0.0761
2026-04-08 11:45:39 | INFO |   tau::t_62: -0.0972
2026-04-08 11:45:39 | INFO |   tau::t_63: 0.1020
2026-04-08 11:45:39 | INFO |   tau::t_64: 0.0333
2026-04-08 11:45:39 | INFO |   tau::t_65: 0.1174
2026-04-08 11:45:39 | INFO |   tau::t_66: 0.1346
2026-04-08 11:45:39 | INFO |   beta: -0.0046
2026-04-08 11:45:39 | INFO |   interaction::contiguity: 2.4698
2026-04-08 11:45:39 | INFO |   eta: 0.5060
2026-04-08 11:45:39 | INFO |   zeta: -0.0410
2026-04-08 11:45:39 | INFO |   psi: 2.0772
2026-04-08 11:45:39 | INFO | Saved summary tables to C:\Users\phevo\Documents\MIT\Code\MPLE-Causal-Inference\experiments\USCountyVaccination_US_features_new\outcome_case_rate_100k_ge_100__intervention_complete_cov_ge_20__lag_3w__contiguity\mple_summary.csv and C:\Users\phevo\Documents\MIT\Code\MPLE-Causal-Inference\experiments\USCountyVaccination_US_features_new\outcome_case_rate_100k_ge_100__intervention_complete_cov_ge_20__lag_3w__contiguity\mple_summary.md
2026-04-08 11:45:39 | INFO | Log saved to C:\Users\phevo\Documents\MIT\Code\MPLE-Causal-Inference\experiments\USCountyVaccination_US_features_new\outcome_case_rate_100k_ge_100__intervention_complete_cov_ge_20__lag_3w__contiguity\mple.log
