2026-05-02 23:07:57 | INFO | Loading data...
2026-05-02 23:07:57 | INFO | Using panel artifact: /orcd/home/002/phevosp/MPLE-Causal-Inference/experiments/HybridExperiments_r5_c1_v2/r5_c1_hybrid_us_county_intervention_generated_graph_confounding/panel_data.npz
2026-05-02 23:07:57 | INFO | Using x_0 artifact: /orcd/home/002/phevosp/MPLE-Causal-Inference/experiments/HybridExperiments_r5_c1_v2/r5_c1_hybrid_us_county_intervention_generated_graph_confounding/x_0.npy
2026-05-02 23:07:57 | INFO | Using fit config: /orcd/home/002/phevosp/MPLE-Causal-Inference/experiments/HybridExperiments_r5_c1_v2/r5_c1_hybrid_us_county_intervention_generated_graph_confounding/cv_runs/alternating_uv_grid/candidates/alternating_uv_grid_candidate_0008/fold_7/fit_realized_config.yaml
2026-05-02 23:07:57 | INFO | Using model artifact directory: /orcd/home/002/phevosp/MPLE-Causal-Inference/experiments/HybridExperiments_r5_c1_v2/r5_c1_hybrid_us_county_intervention_generated_graph_confounding
2026-05-02 23:07:57 | INFO | Using truth artifact directory: /orcd/home/002/phevosp/MPLE-Causal-Inference/experiments/HybridExperiments_r5_c1_v2/r5_c1_hybrid_us_county_intervention_generated_graph_confounding
2026-05-02 23:07:57 | INFO | Using loss mask artifact: /orcd/home/002/phevosp/MPLE-Causal-Inference/experiments/HybridExperiments_r5_c1_v2/r5_c1_hybrid_us_county_intervention_generated_graph_confounding/cv_runs/alternating_uv_grid/candidates/alternating_uv_grid_candidate_0008/fold_7/loss_mask.npy
2026-05-02 23:07:57 | INFO | Configured optimizer mode: alternating_latent_rank
2026-05-02 23:07:57 | INFO | Configured latent rank: 5
2026-05-02 23:07:57 | INFO | Using a fixed known graph with scalar xi.
2026-05-02 23:07:57 | INFO | Fit-time hard bounds active: False
2026-05-02 23:07:57 | INFO | Fixed scalar parameters: {}
2026-05-02 23:07:57 | INFO | Warm-start fixed scalars: {} for 0 steps
2026-05-02 23:07:57 | INFO | Beta mask before s: True with s=50
2026-05-02 23:07:57 | INFO | Beta mask after e: True with e=115
2026-05-02 23:07:57 | INFO | Alternating V-column L2-ball constraint active with radius 1.0
2026-05-02 23:07:57 | INFO | Optimizer settings: steps=2000, tol=1e-07, n_starts=1, seed=0, lambda_nuclear=0.0, lambda_frobenius=0.0, lambda_uv_ridge=1.0, v_column_l2_max=1.0, proximal_lr=1.0
2026-05-02 23:07:57 | INFO | Alternating low-rank start 1/1 | seed=0 | initial_loss=0.760881 | initial_penalized=0.760995
2026-05-02 23:07:58 | INFO | Alternating low-rank iter 0 | Loss: 0.680374 | Penalized: 0.693462
2026-05-02 23:08:10 | INFO | Alternating low-rank iter 100 | Loss: 0.617220 | Penalized: 0.632050
2026-05-02 23:08:23 | INFO | Alternating low-rank iter 200 | Loss: 0.615731 | Penalized: 0.630503
2026-05-02 23:08:36 | INFO | Alternating low-rank iter 300 | Loss: 0.615043 | Penalized: 0.629788
2026-05-02 23:08:46 | INFO | Alternating low-rank iter 400 | Loss: 0.614724 | Penalized: 0.629457
2026-05-02 23:08:55 | INFO | Alternating low-rank iter 500 | Loss: 0.614575 | Penalized: 0.629303
2026-05-02 23:09:04 | INFO | Alternating low-rank iter 600 | Loss: 0.614506 | Penalized: 0.629231
2026-05-02 23:09:13 | INFO | Alternating low-rank iter 700 | Loss: 0.614473 | Penalized: 0.629198
2026-05-02 23:09:22 | INFO | Alternating low-rank iter 800 | Loss: 0.614458 | Penalized: 0.629182
2026-05-02 23:09:23 | INFO | Done fitting.
2026-05-02 23:09:23 | INFO | Optimizer status: CONVERGED: alternating objective tolerance reached
2026-05-02 23:09:23 | INFO | Best optimizer start: 1 / 1
2026-05-02 23:09:23 | INFO | Final Loss: 0.614457
2026-05-02 23:09:23 | INFO | Estimated vs True Parameters:
2026-05-02 23:09:23 | INFO |   beta: -0.0982 (True: -0.3000) | SQE: 0.040704
2026-05-02 23:09:23 | INFO |   xi: 0.7403 (True: 0.8000) | SQE: 0.003565
2026-05-02 23:09:23 | INFO |   eta: 0.2772 (True: 0.3000) | SQE: 0.000520
2026-05-02 23:09:23 | INFO | Alternating low-rank optimizer diagnostics:
2026-05-02 23:09:23 | INFO |   penalized_objective: 0.629181
2026-05-02 23:09:23 | INFO |   mple_loss_without_penalty: 0.614457
2026-05-02 23:09:23 | INFO |   lambda_uv_ridge: 1.000000
2026-05-02 23:09:23 | INFO |   u_frobenius_norm: 36.413438
2026-05-02 23:09:23 | INFO |   v_frobenius_norm: 2.236068
2026-05-02 23:09:23 | INFO |   effective_rank: 4.000000
2026-05-02 23:09:23 | INFO | Field and interaction diagnostics:
2026-05-02 23:09:23 | INFO |   field_rmse: 0.465216
2026-05-02 23:09:23 | INFO |   interaction_fro_error: 0.452378
2026-05-02 23:09:23 | INFO |   estimated_field_max_abs_entry: 0.591215
2026-05-02 23:09:23 | INFO |   estimated_field_rank: 4.000000
2026-05-02 23:09:23 | INFO |   true_field_max_abs_entry: 3.005890
2026-05-02 23:09:23 | INFO |   true_field_rank: 5.000000
2026-05-02 23:09:23 | INFO | Saved summary table to /orcd/home/002/phevosp/MPLE-Causal-Inference/experiments/HybridExperiments_r5_c1_v2/r5_c1_hybrid_us_county_intervention_generated_graph_confounding/cv_runs/alternating_uv_grid/candidates/alternating_uv_grid_candidate_0008/fold_7/mple_summary.csv
2026-05-02 23:09:23 | INFO | Log saved to /orcd/home/002/phevosp/MPLE-Causal-Inference/experiments/HybridExperiments_r5_c1_v2/r5_c1_hybrid_us_county_intervention_generated_graph_confounding/cv_runs/alternating_uv_grid/candidates/alternating_uv_grid_candidate_0008/fold_7/mple.log
