2026-05-02 01:44:51 | INFO | Loading data...
2026-05-02 01:44:51 | INFO | Using panel artifact: /orcd/home/002/phevosp/MPLE-Causal-Inference/experiments/SyntheticHybridExperimentsFinal/r5_c1_hybrid_us_county_intervention_generated_graph_confounding/panel_data.npz
2026-05-02 01:44:51 | INFO | Using x_0 artifact: /orcd/home/002/phevosp/MPLE-Causal-Inference/experiments/SyntheticHybridExperimentsFinal/r5_c1_hybrid_us_county_intervention_generated_graph_confounding/x_0.npy
2026-05-02 01:44:51 | INFO | Using fit config: /orcd/home/002/phevosp/MPLE-Causal-Inference/experiments/SyntheticHybridExperimentsFinal/r5_c1_hybrid_us_county_intervention_generated_graph_confounding/cv_runs/alternating_uv_grid/candidates/alternating_uv_grid_candidate_0005/fold_9/fit_realized_config.yaml
2026-05-02 01:44:51 | INFO | Using model artifact directory: /orcd/home/002/phevosp/MPLE-Causal-Inference/experiments/SyntheticHybridExperimentsFinal/r5_c1_hybrid_us_county_intervention_generated_graph_confounding
2026-05-02 01:44:51 | INFO | Using truth artifact directory: /orcd/home/002/phevosp/MPLE-Causal-Inference/experiments/SyntheticHybridExperimentsFinal/r5_c1_hybrid_us_county_intervention_generated_graph_confounding
2026-05-02 01:44:51 | INFO | Using loss mask artifact: /orcd/home/002/phevosp/MPLE-Causal-Inference/experiments/SyntheticHybridExperimentsFinal/r5_c1_hybrid_us_county_intervention_generated_graph_confounding/cv_runs/alternating_uv_grid/candidates/alternating_uv_grid_candidate_0005/fold_9/loss_mask.npy
2026-05-02 01:44:51 | INFO | Configured optimizer mode: alternating_latent_rank
2026-05-02 01:44:51 | INFO | Configured latent rank: 5
2026-05-02 01:44:51 | INFO | Using a fixed known graph with scalar xi.
2026-05-02 01:44:51 | INFO | Fit-time hard bounds active: False
2026-05-02 01:44:51 | INFO | Fixed scalar parameters: {}
2026-05-02 01:44:51 | INFO | Warm-start fixed scalars: {} for 0 steps
2026-05-02 01:44:51 | INFO | Beta mask before s: True with s=55
2026-05-02 01:44:51 | INFO | Beta mask after e: True with e=114
2026-05-02 01:44:51 | INFO | Alternating V-column L2-ball constraint active with radius 1.0
2026-05-02 01:44:51 | INFO | Optimizer settings: steps=2000, tol=1e-07, n_starts=1, seed=0, lambda_nuclear=0.0, lambda_frobenius=0.0, lambda_uv_ridge=0.05, v_column_l2_max=1.0, proximal_lr=1.0
2026-05-02 01:44:51 | INFO | Alternating low-rank start 1/1 | seed=0 | initial_loss=0.694437 | initial_penalized=0.694458
2026-05-02 01:44:51 | INFO | Alternating low-rank iter 0 | Loss: 0.596003 | Penalized: 0.601493
2026-05-02 01:45:05 | INFO | Alternating low-rank iter 100 | Loss: 0.432060 | Penalized: 0.486071
2026-05-02 01:45:18 | INFO | Alternating low-rank iter 200 | Loss: 0.427888 | Penalized: 0.481839
2026-05-02 01:45:32 | INFO | Alternating low-rank iter 300 | Loss: 0.425752 | Penalized: 0.479627
2026-05-02 01:45:46 | INFO | Alternating low-rank iter 400 | Loss: 0.424134 | Penalized: 0.477928
2026-05-02 01:46:00 | INFO | Alternating low-rank iter 500 | Loss: 0.422487 | Penalized: 0.476389
2026-05-02 01:46:14 | INFO | Alternating low-rank iter 600 | Loss: 0.421501 | Penalized: 0.475394
2026-05-02 01:46:27 | INFO | Alternating low-rank iter 700 | Loss: 0.420633 | Penalized: 0.474558
2026-05-02 01:46:41 | INFO | Alternating low-rank iter 800 | Loss: 0.419859 | Penalized: 0.473877
2026-05-02 01:46:55 | INFO | Alternating low-rank iter 900 | Loss: 0.418994 | Penalized: 0.473250
2026-05-02 01:47:08 | INFO | Alternating low-rank iter 1000 | Loss: 0.418325 | Penalized: 0.472782
2026-05-02 01:47:22 | INFO | Alternating low-rank iter 1100 | Loss: 0.417814 | Penalized: 0.472430
2026-05-02 01:47:35 | INFO | Alternating low-rank iter 1200 | Loss: 0.417385 | Penalized: 0.472139
2026-05-02 01:47:48 | INFO | Alternating low-rank iter 1300 | Loss: 0.417032 | Penalized: 0.471914
2026-05-02 01:48:02 | INFO | Alternating low-rank iter 1400 | Loss: 0.416821 | Penalized: 0.471784
2026-05-02 01:48:15 | INFO | Alternating low-rank iter 1500 | Loss: 0.416692 | Penalized: 0.471706
2026-05-02 01:48:28 | INFO | Alternating low-rank iter 1600 | Loss: 0.416603 | Penalized: 0.471653
2026-05-02 01:48:41 | INFO | Alternating low-rank iter 1700 | Loss: 0.416539 | Penalized: 0.471616
2026-05-02 01:48:55 | INFO | Alternating low-rank iter 1800 | Loss: 0.416491 | Penalized: 0.471589
2026-05-02 01:49:08 | INFO | Alternating low-rank iter 1900 | Loss: 0.416455 | Penalized: 0.471570
2026-05-02 01:49:21 | INFO | Done fitting.
2026-05-02 01:49:21 | INFO | Optimizer status: STOP: TOTAL NO. OF ITERATIONS REACHED LIMIT
2026-05-02 01:49:21 | INFO | Best optimizer start: 1 / 1
2026-05-02 01:49:21 | INFO | Final Loss: 0.416428
2026-05-02 01:49:21 | INFO | Estimated vs True Parameters:
2026-05-02 01:49:21 | INFO |   beta: -0.1758 (True: -0.3000) | SQE: 0.015433
2026-05-02 01:49:21 | INFO |   xi: 1.0497 (True: 0.8000) | SQE: 0.062337
2026-05-02 01:49:21 | INFO |   eta: 0.4232 (True: 0.3000) | SQE: 0.015183
2026-05-02 01:49:21 | INFO | Alternating low-rank optimizer diagnostics:
2026-05-02 01:49:21 | INFO |   penalized_objective: 0.471556
2026-05-02 01:49:21 | INFO |   mple_loss_without_penalty: 0.416428
2026-05-02 01:49:21 | INFO |   lambda_uv_ridge: 0.050000
2026-05-02 01:49:21 | INFO |   u_frobenius_norm: 168.958459
2026-05-02 01:49:21 | INFO |   v_frobenius_norm: 2.236068
2026-05-02 01:49:21 | INFO |   effective_rank: 5.000000
2026-05-02 01:49:21 | INFO | Field and interaction diagnostics:
2026-05-02 01:49:21 | INFO |   field_rmse: 0.373112
2026-05-02 01:49:21 | INFO |   interaction_fro_error: 1.561913
2026-05-02 01:49:21 | INFO |   estimated_field_max_abs_entry: 1.912417
2026-05-02 01:49:21 | INFO |   estimated_field_rank: 5.000000
2026-05-02 01:49:21 | INFO |   true_field_max_abs_entry: 1.442488
2026-05-02 01:49:21 | INFO |   true_field_rank: 5.000000
2026-05-02 01:49:21 | INFO | Saved summary table to /orcd/home/002/phevosp/MPLE-Causal-Inference/experiments/SyntheticHybridExperimentsFinal/r5_c1_hybrid_us_county_intervention_generated_graph_confounding/cv_runs/alternating_uv_grid/candidates/alternating_uv_grid_candidate_0005/fold_9/mple_summary.csv
2026-05-02 01:49:21 | INFO | Log saved to /orcd/home/002/phevosp/MPLE-Causal-Inference/experiments/SyntheticHybridExperimentsFinal/r5_c1_hybrid_us_county_intervention_generated_graph_confounding/cv_runs/alternating_uv_grid/candidates/alternating_uv_grid_candidate_0005/fold_9/mple.log
