2026-06-09 23:38:41 | INFO | Loading data...
2026-06-09 23:38:41 | INFO | Using panel artifact: /orcd/home/002/phevosp/MPLE-Causal-Inference/experiments/USCounty/outcome_death_rate_100k_ge_2__intervention_complete_cov_ge_30__lag_2w__distance_kernel_8__start_2020_03_01/panel_data.npz
2026-06-09 23:38:41 | INFO | Using x_0 artifact: /orcd/home/002/phevosp/MPLE-Causal-Inference/experiments/USCounty/outcome_death_rate_100k_ge_2__intervention_complete_cov_ge_30__lag_2w__distance_kernel_8__start_2020_03_01/x_0.npy
2026-06-09 23:38:41 | INFO | Using fit config: /orcd/home/002/phevosp/MPLE-Causal-Inference/experiments/USCounty/outcome_death_rate_100k_ge_2__intervention_complete_cov_ge_30__lag_2w__distance_kernel_8__start_2020_03_01/cv_runs/default/candidates/default_candidate_0015/fold_6/fit_realized_config.yaml
2026-06-09 23:38:41 | INFO | Using model artifact directory: /orcd/home/002/phevosp/MPLE-Causal-Inference/experiments/USCounty/outcome_death_rate_100k_ge_2__intervention_complete_cov_ge_30__lag_2w__distance_kernel_8__start_2020_03_01
2026-06-09 23:38:41 | INFO | Using truth artifact directory: /orcd/home/002/phevosp/MPLE-Causal-Inference/experiments/USCounty/outcome_death_rate_100k_ge_2__intervention_complete_cov_ge_30__lag_2w__distance_kernel_8__start_2020_03_01
2026-06-09 23:38:41 | INFO | Using loss mask artifact: /orcd/home/002/phevosp/MPLE-Causal-Inference/experiments/USCounty/outcome_death_rate_100k_ge_2__intervention_complete_cov_ge_30__lag_2w__distance_kernel_8__start_2020_03_01/cv_runs/default/candidates/default_candidate_0015/fold_6/loss_mask.npy
2026-06-09 23:38:41 | INFO | Configured optimizer mode: alternating_latent_rank
2026-06-09 23:38:41 | INFO | Configured latent rank: 8
2026-06-09 23:38:41 | INFO | Using a fixed known graph with scalar xi.
2026-06-09 23:38:41 | INFO | Fit-time hard bounds active: False
2026-06-09 23:38:41 | INFO | Fixed scalar parameters: {}
2026-06-09 23:38:41 | INFO | Warm-start fixed scalars: {} for 0 steps
2026-06-09 23:38:41 | INFO | Beta-gradient mask before s: True with s=50
2026-06-09 23:38:41 | INFO | Beta-gradient mask after e: True with e=115
2026-06-09 23:38:41 | INFO | Alternating V-column L2-ball constraint active with radius 1.0
2026-06-09 23:38:41 | INFO | Optimizer settings: steps=2000, tol=1e-07, n_starts=1, seed=0, lambda_nuclear=0.0, lambda_frobenius=0.0, lambda_uv_ridge=0.01, v_column_l2_max=1.0, proximal_lr=1.0
2026-06-09 23:38:41 | INFO | Alternating low-rank start 1/1 | seed=0 | initial_loss=0.757930 | initial_penalized=0.757931
2026-06-09 23:38:41 | INFO | Alternating low-rank iter 0 | Loss: 0.439415 | Penalized: 0.440125
2026-06-09 23:38:53 | INFO | Alternating low-rank iter 100 | Loss: 0.371032 | Penalized: 0.379957
2026-06-09 23:39:05 | INFO | Alternating low-rank iter 200 | Loss: 0.367108 | Penalized: 0.377712
2026-06-09 23:39:17 | INFO | Alternating low-rank iter 300 | Loss: 0.366367 | Penalized: 0.377325
2026-06-09 23:39:33 | INFO | Alternating low-rank iter 400 | Loss: 0.366124 | Penalized: 0.377198
2026-06-09 23:39:48 | INFO | Alternating low-rank iter 500 | Loss: 0.366047 | Penalized: 0.377151
2026-06-09 23:40:03 | INFO | Alternating low-rank iter 600 | Loss: 0.366012 | Penalized: 0.377124
2026-06-09 23:40:18 | INFO | Alternating low-rank iter 700 | Loss: 0.365978 | Penalized: 0.377101
2026-06-09 23:40:33 | INFO | Alternating low-rank iter 800 | Loss: 0.365912 | Penalized: 0.377072
2026-06-09 23:40:47 | INFO | Alternating low-rank iter 900 | Loss: 0.365836 | Penalized: 0.377046
2026-06-09 23:41:02 | INFO | Alternating low-rank iter 1000 | Loss: 0.365777 | Penalized: 0.377028
2026-06-09 23:41:18 | INFO | Alternating low-rank iter 1100 | Loss: 0.365726 | Penalized: 0.377011
2026-06-09 23:41:33 | INFO | Alternating low-rank iter 1200 | Loss: 0.365692 | Penalized: 0.376999
2026-06-09 23:41:34 | INFO | Done fitting.
2026-06-09 23:41:34 | INFO | Optimizer status: CONVERGED: alternating objective tolerance reached
2026-06-09 23:41:34 | INFO | Best optimizer start: 1 / 1
2026-06-09 23:41:34 | INFO | Final Loss: 0.365689
2026-06-09 23:41:34 | INFO | Estimated Parameters:
2026-06-09 23:41:34 | INFO |   beta: -0.0393
2026-06-09 23:41:34 | INFO |   xi: 1.1163
2026-06-09 23:41:34 | INFO |   eta: -0.0144
2026-06-09 23:41:34 | INFO | Alternating low-rank optimizer diagnostics:
2026-06-09 23:41:34 | INFO |   penalized_objective: 0.376998
2026-06-09 23:41:34 | INFO |   mple_loss_without_penalty: 0.365689
2026-06-09 23:41:34 | INFO |   lambda_uv_ridge: 0.010000
2026-06-09 23:41:34 | INFO |   u_frobenius_norm: 570.111269
2026-06-09 23:41:34 | INFO |   v_frobenius_norm: 2.828427
2026-06-09 23:41:34 | INFO |   effective_rank: 8.000000
2026-06-09 23:41:34 | INFO | Field and interaction diagnostics:
2026-06-09 23:41:34 | INFO |   estimated_field_max_abs_entry: 9.000623
2026-06-09 23:41:34 | INFO |   estimated_field_rank: 8.000000
2026-06-09 23:41:35 | INFO | Saved summary table to /orcd/home/002/phevosp/MPLE-Causal-Inference/experiments/USCounty/outcome_death_rate_100k_ge_2__intervention_complete_cov_ge_30__lag_2w__distance_kernel_8__start_2020_03_01/cv_runs/default/candidates/default_candidate_0015/fold_6/mple_summary.csv
2026-06-09 23:41:35 | INFO | Log saved to /orcd/home/002/phevosp/MPLE-Causal-Inference/experiments/USCounty/outcome_death_rate_100k_ge_2__intervention_complete_cov_ge_30__lag_2w__distance_kernel_8__start_2020_03_01/cv_runs/default/candidates/default_candidate_0015/fold_6/mple.log
