2026-05-01 08:36:37 | INFO | Loading data...
2026-05-01 08:36:37 | INFO | Using panel artifact: /orcd/home/002/phevosp/MPLE-Causal-Inference/experiments/SyntheticHybridExperiments/confounding_weak/panel_data.npz
2026-05-01 08:36:37 | INFO | Using x_0 artifact: /orcd/home/002/phevosp/MPLE-Causal-Inference/experiments/SyntheticHybridExperiments/confounding_weak/x_0.npy
2026-05-01 08:36:37 | INFO | Using fit config: /orcd/home/002/phevosp/MPLE-Causal-Inference/experiments/SyntheticHybridExperiments/confounding_weak/cv_runs/alternating_uv_grid/candidates/alternating_uv_grid_candidate_0004/fold_1/fit_realized_config.yaml
2026-05-01 08:36:37 | INFO | Using model artifact directory: /orcd/home/002/phevosp/MPLE-Causal-Inference/experiments/SyntheticHybridExperiments/confounding_weak
2026-05-01 08:36:37 | INFO | Using truth artifact directory: /orcd/home/002/phevosp/MPLE-Causal-Inference/experiments/SyntheticHybridExperiments/confounding_weak
2026-05-01 08:36:37 | INFO | Using loss mask artifact: /orcd/home/002/phevosp/MPLE-Causal-Inference/experiments/SyntheticHybridExperiments/confounding_weak/cv_runs/alternating_uv_grid/candidates/alternating_uv_grid_candidate_0004/fold_1/loss_mask.npy
2026-05-01 08:36:37 | INFO | Configured optimizer mode: alternating_latent_rank
2026-05-01 08:36:37 | INFO | Configured latent rank: 3
2026-05-01 08:36:37 | INFO | Using a fixed known graph with scalar xi.
2026-05-01 08:36:37 | INFO | Fit-time hard bounds active: False
2026-05-01 08:36:37 | INFO | Fixed scalar parameters: {}
2026-05-01 08:36:37 | INFO | Warm-start fixed scalars: {} for 0 steps
2026-05-01 08:36:37 | INFO | Beta mask before s: False with s=0
2026-05-01 08:36:37 | INFO | Beta mask after e: False with e=11
2026-05-01 08:36:37 | INFO | Alternating V-column L2-ball constraint active with radius 1.0
2026-05-01 08:36:37 | INFO | Optimizer settings: steps=2000, tol=1e-07, n_starts=1, seed=0, lambda_nuclear=0.0, lambda_frobenius=0.0, lambda_uv_ridge=0.05, v_column_l2_max=1.0, proximal_lr=1.0
2026-05-01 08:36:37 | INFO | Alternating low-rank start 1/1 | seed=0 | initial_loss=0.834094 | initial_penalized=0.834171
2026-05-01 08:36:37 | INFO | Alternating low-rank iter 0 | Loss: 0.644831 | Penalized: 0.656927
2026-05-01 08:36:38 | INFO | Alternating low-rank iter 100 | Loss: 0.398710 | Penalized: 0.466617
2026-05-01 08:36:39 | INFO | Alternating low-rank iter 200 | Loss: 0.396113 | Penalized: 0.464855
2026-05-01 08:36:40 | INFO | Alternating low-rank iter 300 | Loss: 0.395056 | Penalized: 0.463855
2026-05-01 08:36:41 | INFO | Alternating low-rank iter 400 | Loss: 0.394222 | Penalized: 0.463069
2026-05-01 08:36:42 | INFO | Alternating low-rank iter 500 | Loss: 0.393528 | Penalized: 0.462418
2026-05-01 08:36:43 | INFO | Alternating low-rank iter 600 | Loss: 0.392947 | Penalized: 0.461875
2026-05-01 08:36:44 | INFO | Alternating low-rank iter 700 | Loss: 0.392469 | Penalized: 0.461420
2026-05-01 08:36:45 | INFO | Alternating low-rank iter 800 | Loss: 0.392081 | Penalized: 0.461037
2026-05-01 08:36:46 | INFO | Alternating low-rank iter 900 | Loss: 0.391762 | Penalized: 0.460713
2026-05-01 08:36:47 | INFO | Alternating low-rank iter 1000 | Loss: 0.391496 | Penalized: 0.460437
2026-05-01 08:36:48 | INFO | Alternating low-rank iter 1100 | Loss: 0.391270 | Penalized: 0.460203
2026-05-01 08:36:48 | INFO | Alternating low-rank iter 1200 | Loss: 0.391075 | Penalized: 0.460003
2026-05-01 08:36:49 | INFO | Alternating low-rank iter 1300 | Loss: 0.390906 | Penalized: 0.459832
2026-05-01 08:36:50 | INFO | Alternating low-rank iter 1400 | Loss: 0.390756 | Penalized: 0.459686
2026-05-01 08:36:51 | INFO | Alternating low-rank iter 1500 | Loss: 0.390624 | Penalized: 0.459560
2026-05-01 08:36:52 | INFO | Alternating low-rank iter 1600 | Loss: 0.390506 | Penalized: 0.459452
2026-05-01 08:36:53 | INFO | Alternating low-rank iter 1700 | Loss: 0.390399 | Penalized: 0.459360
2026-05-01 08:36:54 | INFO | Alternating low-rank iter 1800 | Loss: 0.390302 | Penalized: 0.459280
2026-05-01 08:36:55 | INFO | Alternating low-rank iter 1900 | Loss: 0.390213 | Penalized: 0.459212
2026-05-01 08:36:56 | INFO | Done fitting.
2026-05-01 08:36:56 | INFO | Optimizer status: STOP: TOTAL NO. OF ITERATIONS REACHED LIMIT
2026-05-01 08:36:56 | INFO | Best optimizer start: 1 / 1
2026-05-01 08:36:56 | INFO | Final Loss: 0.390133
2026-05-01 08:36:56 | INFO | Estimated vs True Parameters:
2026-05-01 08:36:56 | INFO |   beta: -0.3414 (True: -0.3000) | SQE: 0.001714
2026-05-01 08:36:56 | INFO |   xi: 1.1039 (True: 0.8000) | SQE: 0.092378
2026-05-01 08:36:56 | INFO |   eta: 0.3461 (True: 0.3000) | SQE: 0.002124
2026-05-01 08:36:56 | INFO | Alternating low-rank optimizer diagnostics:
2026-05-01 08:36:56 | INFO |   penalized_objective: 0.459153
2026-05-01 08:36:56 | INFO |   mple_loss_without_penalty: 0.390133
2026-05-01 08:36:56 | INFO |   lambda_uv_ridge: 0.050000
2026-05-01 08:36:56 | INFO |   u_frobenius_norm: 63.984735
2026-05-01 08:36:56 | INFO |   v_frobenius_norm: 1.732051
2026-05-01 08:36:56 | INFO |   effective_rank: 3.000000
2026-05-01 08:36:56 | INFO | Field and interaction diagnostics:
2026-05-01 08:36:56 | INFO |   field_rmse: 0.425932
2026-05-01 08:36:56 | INFO |   interaction_fro_error: 0.803362
2026-05-01 08:36:56 | INFO |   estimated_field_max_abs_entry: 1.772380
2026-05-01 08:36:56 | INFO |   estimated_field_rank: 3.000000
2026-05-01 08:36:56 | INFO |   true_field_max_abs_entry: 1.115066
2026-05-01 08:36:56 | INFO |   true_field_rank: 3.000000
2026-05-01 08:36:56 | INFO | Saved summary table to /orcd/home/002/phevosp/MPLE-Causal-Inference/experiments/SyntheticHybridExperiments/confounding_weak/cv_runs/alternating_uv_grid/candidates/alternating_uv_grid_candidate_0004/fold_1/mple_summary.csv
2026-05-01 08:36:56 | INFO | Log saved to /orcd/home/002/phevosp/MPLE-Causal-Inference/experiments/SyntheticHybridExperiments/confounding_weak/cv_runs/alternating_uv_grid/candidates/alternating_uv_grid_candidate_0004/fold_1/mple.log
