2026-04-19 12:36:17 | INFO | Loading data...
2026-04-19 12:36:17 | INFO | Using panel artifact: C:\Users\phevo\Documents\MIT\Code\MPLE-Causal-Inference\experiments\USCountyVaccination_US_sensitivity\outcome_death_rate_100k_ge_2__intervention_complete_cov_ge_40__lag_2w__contiguity__start_2020_06_07\panel_data.npz
2026-04-19 12:36:17 | INFO | Using x_0 artifact: C:\Users\phevo\Documents\MIT\Code\MPLE-Causal-Inference\experiments\USCountyVaccination_US_sensitivity\outcome_death_rate_100k_ge_2__intervention_complete_cov_ge_40__lag_2w__contiguity__start_2020_06_07\x_0.npy
2026-04-19 12:36:17 | INFO | Using z_0 artifact: C:\Users\phevo\Documents\MIT\Code\MPLE-Causal-Inference\experiments\USCountyVaccination_US_sensitivity\outcome_death_rate_100k_ge_2__intervention_complete_cov_ge_40__lag_2w__contiguity__start_2020_06_07\z_0.npy
2026-04-19 12:36:17 | INFO | Using fit config: C:\Users\phevo\Documents\MIT\Code\MPLE-Causal-Inference\experiments\USCountyVaccination_US_sensitivity\outcome_death_rate_100k_ge_2__intervention_complete_cov_ge_40__lag_2w__contiguity__start_2020_06_07\fits\rank_0_b1\fit_realized_config.yaml
2026-04-19 12:36:17 | INFO | Using model artifact directory: C:\Users\phevo\Documents\MIT\Code\MPLE-Causal-Inference\experiments\USCountyVaccination_US_sensitivity\outcome_death_rate_100k_ge_2__intervention_complete_cov_ge_40__lag_2w__contiguity__start_2020_06_07
2026-04-19 12:36:17 | INFO | Using truth artifact directory: C:\Users\phevo\Documents\MIT\Code\MPLE-Causal-Inference\experiments\USCountyVaccination_US_sensitivity\outcome_death_rate_100k_ge_2__intervention_complete_cov_ge_40__lag_2w__contiguity__start_2020_06_07
2026-04-19 12:36:17 | INFO | Configured latent rank: 0
2026-04-19 12:36:17 | INFO | Using a fixed known graph with scalar xi.
2026-04-19 12:36:17 | INFO | Intervention-process model enabled: False
2026-04-19 12:36:17 | INFO | Global temperature bound B active: True
2026-04-19 12:36:17 | INFO | Effective xi bound from interaction constraint: 1.000000
2026-04-19 12:36:17 | INFO | Beta mask pre-intervention enabled: True
2026-04-19 12:36:17 | INFO | Fixed scalar parameters: {}
2026-04-19 12:36:17 | INFO | Optimizer settings: n_starts=5, lbfgs_steps=50000, tol=1e-09, adam_steps=1000, adam_lr=0.01, adam_device=cpu, seed=0
2026-04-19 12:36:17 | INFO | Optimizer start 1/5 | seed=0 | initial_loss=0.668459
2026-04-19 12:36:19 | INFO | Start 1 Adam step 0 | Loss: 0.668459
2026-04-19 12:36:20 | INFO | Start 1 Adam step 100 | Loss: 0.542993
2026-04-19 12:36:21 | INFO | Start 1 Adam step 200 | Loss: 0.533786
2026-04-19 12:36:22 | INFO | Start 1 Adam step 300 | Loss: 0.533786
2026-04-19 12:36:23 | INFO | Start 1 Adam step 400 | Loss: 0.533786
2026-04-19 12:36:24 | INFO | Start 1 Adam step 500 | Loss: 0.533786
2026-04-19 12:36:25 | INFO | Start 1 Adam step 600 | Loss: 0.533786
2026-04-19 12:36:26 | INFO | Start 1 Adam step 700 | Loss: 0.533786
2026-04-19 12:36:27 | INFO | Start 1 Adam step 800 | Loss: 0.533786
2026-04-19 12:36:28 | INFO | Start 1 Adam step 900 | Loss: 0.533786
2026-04-19 12:36:29 | INFO | Start 1 L-BFGS eval 0 | Loss: 0.533786
2026-04-19 12:36:29 | INFO |   beta: +0.0379,  xi: +1.0000,  eta: +0.3605
2026-04-19 12:36:29 | INFO | Optimizer start 1/5 complete | final_loss=0.533786 | status=ABNORMAL: 
2026-04-19 12:36:29 | INFO | Optimizer start 2/5 | seed=1 | initial_loss=0.666828
2026-04-19 12:36:29 | INFO | Start 2 Adam step 0 | Loss: 0.666828
2026-04-19 12:36:30 | INFO | Start 2 Adam step 100 | Loss: 0.539349
2026-04-19 12:36:31 | INFO | Start 2 Adam step 200 | Loss: 0.533786
2026-04-19 12:36:32 | INFO | Start 2 Adam step 300 | Loss: 0.533786
2026-04-19 12:36:33 | INFO | Start 2 Adam step 400 | Loss: 0.533786
2026-04-19 12:36:34 | INFO | Start 2 Adam step 500 | Loss: 0.533786
2026-04-19 12:36:35 | INFO | Start 2 Adam step 600 | Loss: 0.533786
2026-04-19 12:36:36 | INFO | Start 2 Adam step 700 | Loss: 0.533786
2026-04-19 12:36:37 | INFO | Start 2 Adam step 800 | Loss: 0.533786
2026-04-19 12:36:38 | INFO | Start 2 Adam step 900 | Loss: 0.533786
2026-04-19 12:36:39 | INFO | Start 2 L-BFGS eval 0 | Loss: 0.533786
2026-04-19 12:36:39 | INFO |   beta: +0.0379,  xi: +1.0000,  eta: +0.3605
2026-04-19 12:36:39 | INFO | Optimizer start 2/5 complete | final_loss=0.533786 | status=ABNORMAL: 
2026-04-19 12:36:39 | INFO | Optimizer start 3/5 | seed=2 | initial_loss=0.718969
2026-04-19 12:36:39 | INFO | Start 3 Adam step 0 | Loss: 0.718969
2026-04-19 12:36:40 | INFO | Start 3 Adam step 100 | Loss: 0.545419
2026-04-19 12:36:41 | INFO | Start 3 Adam step 200 | Loss: 0.533786
2026-04-19 12:36:42 | INFO | Start 3 Adam step 300 | Loss: 0.533786
2026-04-19 12:36:43 | INFO | Start 3 Adam step 400 | Loss: 0.533786
2026-04-19 12:36:44 | INFO | Start 3 Adam step 500 | Loss: 0.533786
2026-04-19 12:36:45 | INFO | Start 3 Adam step 600 | Loss: 0.533786
2026-04-19 12:36:46 | INFO | Start 3 Adam step 700 | Loss: 0.533786
2026-04-19 12:36:47 | INFO | Start 3 Adam step 800 | Loss: 0.533786
2026-04-19 12:36:48 | INFO | Start 3 Adam step 900 | Loss: 0.533786
2026-04-19 12:36:49 | INFO | Start 3 L-BFGS eval 0 | Loss: 0.533786
2026-04-19 12:36:49 | INFO |   beta: +0.0379,  xi: +1.0000,  eta: +0.3605
2026-04-19 12:36:49 | INFO | Optimizer start 3/5 complete | final_loss=0.533786 | status=ABNORMAL: 
2026-04-19 12:36:49 | INFO | Optimizer start 4/5 | seed=3 | initial_loss=0.715023
2026-04-19 12:36:49 | INFO | Start 4 Adam step 0 | Loss: 0.715023
2026-04-19 12:36:50 | INFO | Start 4 Adam step 100 | Loss: 0.554911
2026-04-19 12:36:51 | INFO | Start 4 Adam step 200 | Loss: 0.533786
2026-04-19 12:36:52 | INFO | Start 4 Adam step 300 | Loss: 0.533786
2026-04-19 12:36:53 | INFO | Start 4 Adam step 400 | Loss: 0.533786
2026-04-19 12:36:54 | INFO | Start 4 Adam step 500 | Loss: 0.533786
2026-04-19 12:36:55 | INFO | Start 4 Adam step 600 | Loss: 0.533786
2026-04-19 12:36:56 | INFO | Start 4 Adam step 700 | Loss: 0.533786
2026-04-19 12:36:57 | INFO | Start 4 Adam step 800 | Loss: 0.533786
2026-04-19 12:36:58 | INFO | Start 4 Adam step 900 | Loss: 0.533786
2026-04-19 12:36:59 | INFO | Start 4 L-BFGS eval 0 | Loss: 0.533786
2026-04-19 12:36:59 | INFO |   beta: +0.0379,  xi: +1.0000,  eta: +0.3605
2026-04-19 12:36:59 | INFO | Optimizer start 4/5 complete | final_loss=0.533786 | status=ABNORMAL: 
2026-04-19 12:36:59 | INFO | Optimizer start 5/5 | seed=4 | initial_loss=0.640513
2026-04-19 12:36:59 | INFO | Start 5 Adam step 0 | Loss: 0.640513
2026-04-19 12:37:00 | INFO | Start 5 Adam step 100 | Loss: 0.542072
2026-04-19 12:37:01 | INFO | Start 5 Adam step 200 | Loss: 0.533786
2026-04-19 12:37:02 | INFO | Start 5 Adam step 300 | Loss: 0.533786
2026-04-19 12:37:03 | INFO | Start 5 Adam step 400 | Loss: 0.533786
2026-04-19 12:37:04 | INFO | Start 5 Adam step 500 | Loss: 0.533786
2026-04-19 12:37:05 | INFO | Start 5 Adam step 600 | Loss: 0.533786
2026-04-19 12:37:06 | INFO | Start 5 Adam step 700 | Loss: 0.533786
2026-04-19 12:37:07 | INFO | Start 5 Adam step 800 | Loss: 0.533786
2026-04-19 12:37:08 | INFO | Start 5 Adam step 900 | Loss: 0.533786
2026-04-19 12:37:09 | INFO | Start 5 L-BFGS eval 0 | Loss: 0.533786
2026-04-19 12:37:09 | INFO |   beta: +0.0379,  xi: +1.0000,  eta: +0.3605
2026-04-19 12:37:09 | INFO | Optimizer start 5/5 complete | final_loss=0.533786 | status=ABNORMAL: 
2026-04-19 12:37:09 | INFO | Done fitting.
2026-04-19 12:37:09 | INFO | Optimizer status: ABNORMAL:  | best_start=2/5
2026-04-19 12:37:09 | INFO | Best optimizer start: 2 / 5
2026-04-19 12:37:09 | INFO | Final Loss: 0.533786
2026-04-19 12:37:09 | INFO | Estimated Parameters:
2026-04-19 12:37:09 | INFO |   beta: 0.0379
2026-04-19 12:37:09 | INFO |   xi: 1.0000
2026-04-19 12:37:09 | INFO |   eta: 0.3605
2026-04-19 12:37:09 | INFO | Field and interaction diagnostics:
2026-04-19 12:37:09 | INFO |   estimated_field_inf_norm: 0.000000
2026-04-19 12:37:09 | INFO |   estimated_field_rank: 0.000000
2026-04-19 12:37:09 | INFO |   bound_B: 1.000000
2026-04-19 12:37:09 | INFO | Saved summary tables to C:\Users\phevo\Documents\MIT\Code\MPLE-Causal-Inference\experiments\USCountyVaccination_US_sensitivity\outcome_death_rate_100k_ge_2__intervention_complete_cov_ge_40__lag_2w__contiguity__start_2020_06_07\fits\rank_0_b1\mple_summary.csv and C:\Users\phevo\Documents\MIT\Code\MPLE-Causal-Inference\experiments\USCountyVaccination_US_sensitivity\outcome_death_rate_100k_ge_2__intervention_complete_cov_ge_40__lag_2w__contiguity__start_2020_06_07\fits\rank_0_b1\mple_summary.md
2026-04-19 12:37:09 | INFO | Log saved to C:\Users\phevo\Documents\MIT\Code\MPLE-Causal-Inference\experiments\USCountyVaccination_US_sensitivity\outcome_death_rate_100k_ge_2__intervention_complete_cov_ge_40__lag_2w__contiguity__start_2020_06_07\fits\rank_0_b1\mple.log
