2026-04-01 10:18:03 | INFO | Loading data...
2026-04-01 10:18:03 | INFO | Loaded 1 field templates and 11 interaction templates.
2026-04-01 10:18:03 | INFO | Running conditional-model MPLE on x with shape=(10, 1000)
2026-04-01 10:18:03 | INFO | Eval 0  |  Loss: 0.678169
2026-04-01 10:18:03 | INFO |   field::intercept: +0.0126,  beta: -0.0132,  interaction::adjacency: +0.0640,  interaction::distance_kernel::feature_1: +0.0105,  interaction::cross_similarity::feature_1: -0.0536,  interaction::distance_kernel::feature_2: +0.0362,  interaction::cross_similarity::feature_2: +0.1304,  interaction::distance_kernel::feature_3: +0.0947,  interaction::cross_similarity::feature_3: -0.0704,  interaction::distance_kernel::feature_4: -0.1265,  interaction::cross_similarity::feature_4: -0.0623,  interaction::distance_kernel::feature_5: +0.0041,  interaction::cross_similarity::feature_5: -0.2325,  eta: -0.0219,  zeta: -0.1246,  psi: -0.0732
2026-04-01 10:18:03 | INFO | Eval 100  |  Loss: 0.559592
2026-04-01 10:18:03 | INFO |   field::intercept: +0.4130,  beta: +0.3598,  interaction::adjacency: +0.5148,  interaction::distance_kernel::feature_1: -0.1920,  interaction::cross_similarity::feature_1: -10.0148,  interaction::distance_kernel::feature_2: +0.1785,  interaction::cross_similarity::feature_2: -4.5755,  interaction::distance_kernel::feature_3: +0.0445,  interaction::cross_similarity::feature_3: -3.5244,  interaction::distance_kernel::feature_4: +0.1192,  interaction::cross_similarity::feature_4: +0.5503,  interaction::distance_kernel::feature_5: +0.2109,  interaction::cross_similarity::feature_5: +0.7321,  eta: +0.1039,  zeta: -0.4987,  psi: +0.4041
2026-04-01 10:18:03 | INFO | Eval 200  |  Loss: 0.559449
2026-04-01 10:18:03 | INFO |   field::intercept: +0.4109,  beta: +0.3563,  interaction::adjacency: +0.4328,  interaction::distance_kernel::feature_1: -0.1480,  interaction::cross_similarity::feature_1: -12.6627,  interaction::distance_kernel::feature_2: +0.1982,  interaction::cross_similarity::feature_2: -3.3928,  interaction::distance_kernel::feature_3: +0.0452,  interaction::cross_similarity::feature_3: -2.5239,  interaction::distance_kernel::feature_4: +0.1238,  interaction::cross_similarity::feature_4: +0.9880,  interaction::distance_kernel::feature_5: +0.2296,  interaction::cross_similarity::feature_5: +0.4533,  eta: +0.0985,  zeta: -0.4979,  psi: +0.4067
2026-04-01 10:18:04 | INFO | Done fitting.
2026-04-01 10:18:04 | INFO | Optimizer status: CONVERGENCE: RELATIVE REDUCTION OF F <= FACTR*EPSMCH
2026-04-01 10:18:04 | INFO | Final Loss: 0.559424
2026-04-01 10:18:04 | INFO | Estimated vs True Parameters:
2026-04-01 10:18:04 | INFO |   field::intercept: 0.4126 (True: 0.5000)
2026-04-01 10:18:04 | INFO |   field::intercept SQE: 0.007636
2026-04-01 10:18:04 | INFO |   beta: 0.3593 (True: 0.4000)
2026-04-01 10:18:04 | INFO |   beta SQE: 0.001657
2026-04-01 10:18:04 | INFO |   interaction::adjacency: 0.4929 (True: 0.2500)
2026-04-01 10:18:04 | INFO |   interaction::adjacency SQE: 0.059006
2026-04-01 10:18:04 | INFO |   interaction::distance_kernel::feature_1: -0.1658 (True: 0.0800)
2026-04-01 10:18:04 | INFO |   interaction::distance_kernel::feature_1 SQE: 0.060424
2026-04-01 10:18:04 | INFO |   interaction::cross_similarity::feature_1: -13.4503 (True: 0.0400)
2026-04-01 10:18:04 | INFO |   interaction::cross_similarity::feature_1 SQE: 181.987685
2026-04-01 10:18:04 | INFO |   interaction::distance_kernel::feature_2: 0.1799 (True: 0.0800)
2026-04-01 10:18:04 | INFO |   interaction::distance_kernel::feature_2 SQE: 0.009987
2026-04-01 10:18:04 | INFO |   interaction::cross_similarity::feature_2: -2.9826 (True: 0.0400)
2026-04-01 10:18:04 | INFO |   interaction::cross_similarity::feature_2 SQE: 9.136077
2026-04-01 10:18:04 | INFO |   interaction::distance_kernel::feature_3: 0.0504 (True: 0.0800)
2026-04-01 10:18:04 | INFO |   interaction::distance_kernel::feature_3 SQE: 0.000876
2026-04-01 10:18:04 | INFO |   interaction::cross_similarity::feature_3: -2.3040 (True: 0.0400)
2026-04-01 10:18:04 | INFO |   interaction::cross_similarity::feature_3 SQE: 5.494217
2026-04-01 10:18:04 | INFO |   interaction::distance_kernel::feature_4: 0.1013 (True: 0.0800)
2026-04-01 10:18:04 | INFO |   interaction::distance_kernel::feature_4 SQE: 0.000454
2026-04-01 10:18:04 | INFO |   interaction::cross_similarity::feature_4: 1.0617 (True: 0.0400)
2026-04-01 10:18:04 | INFO |   interaction::cross_similarity::feature_4 SQE: 1.043876
2026-04-01 10:18:04 | INFO |   interaction::distance_kernel::feature_5: 0.2157 (True: 0.1300)
2026-04-01 10:18:04 | INFO |   interaction::distance_kernel::feature_5 SQE: 0.007350
2026-04-01 10:18:04 | INFO |   interaction::cross_similarity::feature_5: 0.5451 (True: 0.1400)
2026-04-01 10:18:04 | INFO |   interaction::cross_similarity::feature_5 SQE: 0.164136
2026-04-01 10:18:04 | INFO |   eta: 0.1037 (True: 0.1000)
2026-04-01 10:18:04 | INFO |   eta SQE: 0.000014
2026-04-01 10:18:04 | INFO |   zeta: -0.4987 (True: -0.5000)
2026-04-01 10:18:04 | INFO |   zeta SQE: 0.000002
2026-04-01 10:18:04 | INFO |   psi: 0.4040 (True: 0.4000)
2026-04-01 10:18:04 | INFO |   psi SQE: 0.000016
2026-04-01 10:18:04 | INFO | Saved summary tables to C:\Users\phevo\Documents\MIT\Code\MPLE-Causal-Inference\experiments\n1000_t10_baseline_temp_fro_medium_uniform_shared_feature_interactions_20260331_230629\mple_summary.csv and C:\Users\phevo\Documents\MIT\Code\MPLE-Causal-Inference\experiments\n1000_t10_baseline_temp_fro_medium_uniform_shared_feature_interactions_20260331_230629\mple_summary.md
2026-04-01 10:18:04 | INFO | Log saved to C:\Users\phevo\Documents\MIT\Code\MPLE-Causal-Inference\experiments\n1000_t10_baseline_temp_fro_medium_uniform_shared_feature_interactions_20260331_230629\mple.log
