2026-04-08 11:59:33 | INFO | Loading data...
2026-04-08 11:59:33 | INFO | Loaded 6 field templates and 1 interaction templates.
2026-04-08 11:59:33 | INFO | Intervention-process model enabled: True
2026-04-08 11:59:33 | INFO | Tau zero-mean enabled: False
2026-04-08 11:59:33 | INFO | Tau smoothness lambda: 0.000000
2026-04-08 11:59:33 | INFO | Running conditional-model MPLE on x with shape=(70, 3203)
2026-04-08 11:59:33 | INFO | Eval 0  |  Loss: 0.667452
2026-04-08 11:59:33 | INFO |   field::population_density: +0.0126,  field::senior_population: -0.0132,  field::college_education: +0.0640,  field::poverty_rate: +0.0105,  field::log_population: -0.0536,  field::median_household_income: +0.0362,  tau block: mean=+0.0096, std=0.0990, min=-0.2325, max=+0.1960,  beta: -0.0662,  interaction::contiguity: +0.0935,  eta: +0.0049,  zeta: +0.2002,  psi: +0.0189
2026-04-08 11:59:37 | INFO | Done fitting.
2026-04-08 11:59:37 | INFO | Optimizer status: CONVERGENCE: RELATIVE REDUCTION OF F <= FACTR*EPSMCH
2026-04-08 11:59:37 | INFO | Final Loss: 0.156398
2026-04-08 11:59:37 | INFO | Estimated Parameters:
2026-04-08 11:59:37 | INFO |   field::population_density: -0.4171
2026-04-08 11:59:37 | INFO |   field::senior_population: -0.2285
2026-04-08 11:59:37 | INFO |   field::college_education: -0.2215
2026-04-08 11:59:37 | INFO |   field::poverty_rate: -0.2070
2026-04-08 11:59:37 | INFO |   field::log_population: 0.1508
2026-04-08 11:59:37 | INFO |   field::median_household_income: -0.0846
2026-04-08 11:59:37 | INFO |   tau::t_0: -0.1403
2026-04-08 11:59:37 | INFO |   tau::t_1: -0.1261
2026-04-08 11:59:37 | INFO |   tau::t_2: -0.1684
2026-04-08 11:59:37 | INFO |   tau::t_3: -0.2064
2026-04-08 11:59:37 | INFO |   tau::t_4: -0.2294
2026-04-08 11:59:37 | INFO |   tau::t_5: -0.3629
2026-04-08 11:59:37 | INFO |   tau::t_6: 0.0086
2026-04-08 11:59:37 | INFO |   tau::t_7: -0.2168
2026-04-08 11:59:37 | INFO |   tau::t_8: -0.0330
2026-04-08 11:59:37 | INFO |   tau::t_9: -0.1032
2026-04-08 11:59:37 | INFO |   tau::t_10: -0.0316
2026-04-08 11:59:37 | INFO |   tau::t_11: -0.1179
2026-04-08 11:59:37 | INFO |   tau::t_12: -0.0288
2026-04-08 11:59:37 | INFO |   tau::t_13: -0.0889
2026-04-08 11:59:37 | INFO |   tau::t_14: -0.2395
2026-04-08 11:59:37 | INFO |   tau::t_15: -0.2393
2026-04-08 11:59:37 | INFO |   tau::t_16: -0.3373
2026-04-08 11:59:37 | INFO |   tau::t_17: -0.3771
2026-04-08 11:59:37 | INFO |   tau::t_18: -0.5471
2026-04-08 11:59:37 | INFO |   tau::t_19: -0.4009
2026-04-08 11:59:37 | INFO |   tau::t_20: -0.7819
2026-04-08 11:59:37 | INFO |   tau::t_21: -0.4962
2026-04-08 11:59:37 | INFO |   tau::t_22: -0.6776
2026-04-08 11:59:37 | INFO |   tau::t_23: -0.5710
2026-04-08 11:59:37 | INFO |   tau::t_24: -0.5707
2026-04-08 11:59:37 | INFO |   tau::t_25: -0.3019
2026-04-08 11:59:37 | INFO |   tau::t_26: -0.1902
2026-04-08 11:59:37 | INFO |   tau::t_27: 0.0544
2026-04-08 11:59:37 | INFO |   tau::t_28: 0.2236
2026-04-08 11:59:37 | INFO |   tau::t_29: 0.2209
2026-04-08 11:59:37 | INFO |   tau::t_30: 0.2522
2026-04-08 11:59:37 | INFO |   tau::t_31: 0.2247
2026-04-08 11:59:37 | INFO |   tau::t_32: 0.2128
2026-04-08 11:59:37 | INFO |   tau::t_33: 0.1881
2026-04-08 11:59:37 | INFO |   tau::t_34: 0.0272
2026-04-08 11:59:37 | INFO |   tau::t_35: 0.1647
2026-04-08 11:59:37 | INFO |   tau::t_36: -0.0738
2026-04-08 11:59:37 | INFO |   tau::t_37: -0.1330
2026-04-08 11:59:37 | INFO |   tau::t_38: -0.1431
2026-04-08 11:59:37 | INFO |   tau::t_39: -0.1861
2026-04-08 11:59:37 | INFO |   tau::t_40: -0.2072
2026-04-08 11:59:37 | INFO |   tau::t_41: -0.0318
2026-04-08 11:59:37 | INFO |   tau::t_42: -0.0568
2026-04-08 11:59:37 | INFO |   tau::t_43: 0.0322
2026-04-08 11:59:37 | INFO |   tau::t_44: 0.0676
2026-04-08 11:59:37 | INFO |   tau::t_45: -0.3238
2026-04-08 11:59:37 | INFO |   tau::t_46: 0.3324
2026-04-08 11:59:37 | INFO |   tau::t_47: -0.0246
2026-04-08 11:59:37 | INFO |   tau::t_48: -0.0596
2026-04-08 11:59:37 | INFO |   tau::t_49: -0.0411
2026-04-08 11:59:37 | INFO |   tau::t_50: 0.4878
2026-04-08 11:59:37 | INFO |   tau::t_51: 0.8156
2026-04-08 11:59:37 | INFO |   tau::t_52: 0.8858
2026-04-08 11:59:37 | INFO |   tau::t_53: 1.1993
2026-04-08 11:59:37 | INFO |   tau::t_54: 1.1882
2026-04-08 11:59:37 | INFO |   tau::t_55: 0.3407
2026-04-08 11:59:37 | INFO |   tau::t_56: -0.2227
2026-04-08 11:59:37 | INFO |   tau::t_57: -0.3665
2026-04-08 11:59:37 | INFO |   tau::t_58: -0.4208
2026-04-08 11:59:37 | INFO |   tau::t_59: -0.2229
2026-04-08 11:59:37 | INFO |   tau::t_60: -0.2338
2026-04-08 11:59:37 | INFO |   tau::t_61: -0.2431
2026-04-08 11:59:37 | INFO |   tau::t_62: -0.3649
2026-04-08 11:59:37 | INFO |   tau::t_63: -0.4084
2026-04-08 11:59:37 | INFO |   tau::t_64: -0.3551
2026-04-08 11:59:37 | INFO |   tau::t_65: -0.1982
2026-04-08 11:59:37 | INFO |   tau::t_66: -0.0767
2026-04-08 11:59:37 | INFO |   tau::t_67: -0.1509
2026-04-08 11:59:37 | INFO |   tau::t_68: 0.0008
2026-04-08 11:59:37 | INFO |   tau::t_69: -0.0133
2026-04-08 11:59:37 | INFO |   beta: -0.0020
2026-04-08 11:59:37 | INFO |   interaction::contiguity: 2.6137
2026-04-08 11:59:37 | INFO |   eta: 0.5440
2026-04-08 11:59:37 | INFO |   zeta: 0.0002
2026-04-08 11:59:37 | INFO |   psi: 2.1481
2026-04-08 11:59:37 | INFO | Saved summary tables to C:\Users\phevo\Documents\MIT\Code\MPLE-Causal-Inference\experiments\USCountyVaccination_US_features_new\outcome_case_rate_100k_ge_200__intervention_complete_cov_ge_40__lag_0w__contiguity\mple_summary.csv and C:\Users\phevo\Documents\MIT\Code\MPLE-Causal-Inference\experiments\USCountyVaccination_US_features_new\outcome_case_rate_100k_ge_200__intervention_complete_cov_ge_40__lag_0w__contiguity\mple_summary.md
2026-04-08 11:59:37 | INFO | Log saved to C:\Users\phevo\Documents\MIT\Code\MPLE-Causal-Inference\experiments\USCountyVaccination_US_features_new\outcome_case_rate_100k_ge_200__intervention_complete_cov_ge_40__lag_0w__contiguity\mple.log
