2026-05-01 22:38:19 | INFO | Loading data...
2026-05-01 22:38:19 | INFO | Using panel artifact: /orcd/home/002/phevosp/MPLE-Causal-Inference/experiments/SyntheticHybridExperimentsFinal/r5_c1_hybrid_us_county_intervention_uscounty_graph_kernel_confounding/panel_data.npz
2026-05-01 22:38:19 | INFO | Using x_0 artifact: /orcd/home/002/phevosp/MPLE-Causal-Inference/experiments/SyntheticHybridExperimentsFinal/r5_c1_hybrid_us_county_intervention_uscounty_graph_kernel_confounding/x_0.npy
2026-05-01 22:38:19 | INFO | Using fit config: /orcd/home/002/phevosp/MPLE-Causal-Inference/experiments/SyntheticHybridExperimentsFinal/r5_c1_hybrid_us_county_intervention_uscounty_graph_kernel_confounding/cv_runs/alternating_uv_grid/candidates/alternating_uv_grid_candidate_0002/fold_2/fit_realized_config.yaml
2026-05-01 22:38:19 | INFO | Using model artifact directory: /orcd/home/002/phevosp/MPLE-Causal-Inference/experiments/SyntheticHybridExperimentsFinal/r5_c1_hybrid_us_county_intervention_uscounty_graph_kernel_confounding
2026-05-01 22:38:19 | INFO | Using truth artifact directory: /orcd/home/002/phevosp/MPLE-Causal-Inference/experiments/SyntheticHybridExperimentsFinal/r5_c1_hybrid_us_county_intervention_uscounty_graph_kernel_confounding
2026-05-01 22:38:19 | INFO | Using loss mask artifact: /orcd/home/002/phevosp/MPLE-Causal-Inference/experiments/SyntheticHybridExperimentsFinal/r5_c1_hybrid_us_county_intervention_uscounty_graph_kernel_confounding/cv_runs/alternating_uv_grid/candidates/alternating_uv_grid_candidate_0002/fold_2/loss_mask.npy
2026-05-01 22:38:20 | INFO | Configured optimizer mode: alternating_latent_rank
2026-05-01 22:38:20 | INFO | Configured latent rank: 5
2026-05-01 22:38:20 | INFO | Using a fixed known graph with scalar xi.
2026-05-01 22:38:20 | INFO | Fit-time hard bounds active: False
2026-05-01 22:38:20 | INFO | Fixed scalar parameters: {}
2026-05-01 22:38:20 | INFO | Warm-start fixed scalars: {} for 0 steps
2026-05-01 22:38:20 | INFO | Beta mask before s: True with s=55
2026-05-01 22:38:20 | INFO | Beta mask after e: True with e=114
2026-05-01 22:38:20 | INFO | Alternating V-column L2-ball constraint active with radius 1.0
2026-05-01 22:38:20 | INFO | Optimizer settings: steps=2000, tol=1e-07, n_starts=1, seed=0, lambda_nuclear=0.0, lambda_frobenius=0.0, lambda_uv_ridge=0.001, v_column_l2_max=1.0, proximal_lr=1.0
2026-05-01 22:38:20 | INFO | Alternating low-rank start 1/1 | seed=0 | initial_loss=0.692650 | initial_penalized=0.692650
2026-05-01 22:38:20 | INFO | Alternating low-rank iter 0 | Loss: 0.554449 | Penalized: 0.554520
2026-05-01 22:38:31 | INFO | Alternating low-rank iter 100 | Loss: 0.518940 | Penalized: 0.520080
2026-05-01 22:38:42 | INFO | Alternating low-rank iter 200 | Loss: 0.517176 | Penalized: 0.519031
2026-05-01 22:38:52 | INFO | Alternating low-rank iter 300 | Loss: 0.516753 | Penalized: 0.518912
2026-05-01 22:39:03 | INFO | Alternating low-rank iter 400 | Loss: 0.516620 | Penalized: 0.518891
2026-05-01 22:39:03 | INFO | Done fitting.
2026-05-01 22:39:03 | INFO | Optimizer status: CONVERGED: alternating objective tolerance reached
2026-05-01 22:39:03 | INFO | Best optimizer start: 1 / 1
2026-05-01 22:39:03 | INFO | Final Loss: 0.516618
2026-05-01 22:39:03 | INFO | Estimated vs True Parameters:
2026-05-01 22:39:03 | INFO |   beta: -0.2336 (True: -0.3000) | SQE: 0.004411
2026-05-01 22:39:03 | INFO |   xi: 0.8778 (True: 0.8000) | SQE: 0.006049
2026-05-01 22:39:03 | INFO |   eta: 0.2937 (True: 0.3000) | SQE: 0.000039
2026-05-01 22:39:03 | INFO | Alternating low-rank optimizer diagnostics:
2026-05-01 22:39:03 | INFO |   penalized_objective: 0.518891
2026-05-01 22:39:03 | INFO |   mple_loss_without_penalty: 0.516618
2026-05-01 22:39:03 | INFO |   lambda_uv_ridge: 0.001000
2026-05-01 22:39:03 | INFO |   u_frobenius_norm: 846.708467
2026-05-01 22:39:03 | INFO |   v_frobenius_norm: 2.236068
2026-05-01 22:39:03 | INFO |   effective_rank: 5.000000
2026-05-01 22:39:03 | INFO | Field and interaction diagnostics:
2026-05-01 22:39:03 | INFO |   field_rmse: 1.460808
2026-05-01 22:39:03 | INFO |   interaction_fro_error: 0.860510
2026-05-01 22:39:03 | INFO |   estimated_field_max_abs_entry: 36.175113
2026-05-01 22:39:03 | INFO |   estimated_field_rank: 5.000000
2026-05-01 22:39:03 | INFO |   true_field_max_abs_entry: 1.442488
2026-05-01 22:39:03 | INFO |   true_field_rank: 5.000000
2026-05-01 22:39:03 | INFO | Saved summary table to /orcd/home/002/phevosp/MPLE-Causal-Inference/experiments/SyntheticHybridExperimentsFinal/r5_c1_hybrid_us_county_intervention_uscounty_graph_kernel_confounding/cv_runs/alternating_uv_grid/candidates/alternating_uv_grid_candidate_0002/fold_2/mple_summary.csv
2026-05-01 22:39:03 | INFO | Log saved to /orcd/home/002/phevosp/MPLE-Causal-Inference/experiments/SyntheticHybridExperimentsFinal/r5_c1_hybrid_us_county_intervention_uscounty_graph_kernel_confounding/cv_runs/alternating_uv_grid/candidates/alternating_uv_grid_candidate_0002/fold_2/mple.log
