2026-04-19 15:36:12 | INFO | Loading data...
2026-04-19 15:36:12 | INFO | Using panel artifact: C:\Users\phevo\Documents\MIT\Code\MPLE-Causal-Inference\experiments\USCountyVaccination_US_sensitivity\outcome_death_rate_100k_ge_2__intervention_complete_cov_ge_30__lag_2w__contiguity__start_2020_09_06\panel_data.npz
2026-04-19 15:36:12 | INFO | Using x_0 artifact: C:\Users\phevo\Documents\MIT\Code\MPLE-Causal-Inference\experiments\USCountyVaccination_US_sensitivity\outcome_death_rate_100k_ge_2__intervention_complete_cov_ge_30__lag_2w__contiguity__start_2020_09_06\x_0.npy
2026-04-19 15:36:12 | INFO | Using z_0 artifact: C:\Users\phevo\Documents\MIT\Code\MPLE-Causal-Inference\experiments\USCountyVaccination_US_sensitivity\outcome_death_rate_100k_ge_2__intervention_complete_cov_ge_30__lag_2w__contiguity__start_2020_09_06\z_0.npy
2026-04-19 15:36:12 | INFO | Using fit config: C:\Users\phevo\Documents\MIT\Code\MPLE-Causal-Inference\experiments\USCountyVaccination_US_sensitivity\outcome_death_rate_100k_ge_2__intervention_complete_cov_ge_30__lag_2w__contiguity__start_2020_09_06\fits\rank_40_b5\fit_realized_config.yaml
2026-04-19 15:36:12 | INFO | Using model artifact directory: C:\Users\phevo\Documents\MIT\Code\MPLE-Causal-Inference\experiments\USCountyVaccination_US_sensitivity\outcome_death_rate_100k_ge_2__intervention_complete_cov_ge_30__lag_2w__contiguity__start_2020_09_06
2026-04-19 15:36:12 | INFO | Using truth artifact directory: C:\Users\phevo\Documents\MIT\Code\MPLE-Causal-Inference\experiments\USCountyVaccination_US_sensitivity\outcome_death_rate_100k_ge_2__intervention_complete_cov_ge_30__lag_2w__contiguity__start_2020_09_06
2026-04-19 15:36:12 | INFO | Configured latent rank: 40
2026-04-19 15:36:12 | INFO | Using a fixed known graph with scalar xi.
2026-04-19 15:36:12 | INFO | Intervention-process model enabled: False
2026-04-19 15:36:12 | INFO | Global temperature bound B active: True
2026-04-19 15:36:12 | INFO | Effective xi bound from interaction constraint: 5.000000
2026-04-19 15:36:12 | INFO | Beta mask pre-intervention enabled: True
2026-04-19 15:36:12 | INFO | Fixed scalar parameters: {}
2026-04-19 15:36:12 | INFO | Optimizer settings: n_starts=5, lbfgs_steps=50000, tol=1e-09, adam_steps=1000, adam_lr=0.01, adam_device=cpu, seed=0
2026-04-19 15:36:12 | INFO | Optimizer start 1/5 | seed=0 | initial_loss=0.673262
2026-04-19 15:36:14 | INFO | Start 1 Adam step 0 | Loss: 0.673262
2026-04-19 15:36:15 | INFO | Start 1 Adam step 100 | Loss: 0.210476
2026-04-19 15:36:17 | INFO | Start 1 Adam step 200 | Loss: 0.235201
2026-04-19 15:36:18 | INFO | Start 1 Adam step 300 | Loss: 0.229086
2026-04-19 15:36:20 | INFO | Start 1 Adam step 400 | Loss: 0.212796
2026-04-19 15:36:21 | INFO | Start 1 Adam step 500 | Loss: 0.215518
2026-04-19 15:36:22 | INFO | Start 1 Adam step 600 | Loss: 0.199276
2026-04-19 15:36:24 | INFO | Start 1 Adam step 700 | Loss: 0.202816
2026-04-19 15:36:25 | INFO | Start 1 Adam step 800 | Loss: 0.198875
2026-04-19 15:36:26 | INFO | Start 1 Adam step 900 | Loss: 0.198539
2026-04-19 15:36:28 | INFO | Start 1 L-BFGS eval 0 | Loss: 0.200277
2026-04-19 15:36:28 | INFO |   beta: -0.0014,  xi: +2.1021,  eta: +0.5873
2026-04-19 15:36:31 | INFO | Start 1 L-BFGS eval 100 | Loss: 0.194144
2026-04-19 15:36:31 | INFO |   beta: +0.0002,  xi: +2.0769,  eta: +0.5927
2026-04-19 15:36:35 | INFO | Start 1 L-BFGS eval 200 | Loss: 0.194096
2026-04-19 15:36:35 | INFO |   beta: +0.0002,  xi: +2.1088,  eta: +0.5542
2026-04-19 15:36:39 | INFO | Start 1 L-BFGS eval 300 | Loss: 0.193886
2026-04-19 15:36:39 | INFO |   beta: -0.0004,  xi: +2.1043,  eta: +0.5876
2026-04-19 15:36:39 | INFO | Optimizer start 1/5 complete | final_loss=0.193886 | status=CONVERGENCE: RELATIVE REDUCTION OF F <= FACTR*EPSMCH
2026-04-19 15:36:39 | INFO | Optimizer start 2/5 | seed=1 | initial_loss=0.642227
2026-04-19 15:36:39 | INFO | Start 2 Adam step 0 | Loss: 0.642227
2026-04-19 15:36:40 | INFO | Start 2 Adam step 100 | Loss: 0.207380
2026-04-19 15:36:42 | INFO | Start 2 Adam step 200 | Loss: 0.231664
2026-04-19 15:36:43 | INFO | Start 2 Adam step 300 | Loss: 0.216616
2026-04-19 15:36:44 | INFO | Start 2 Adam step 400 | Loss: 0.212582
2026-04-19 15:36:46 | INFO | Start 2 Adam step 500 | Loss: 0.212303
2026-04-19 15:36:47 | INFO | Start 2 Adam step 600 | Loss: 0.201138
2026-04-19 15:36:48 | INFO | Start 2 Adam step 700 | Loss: 0.198370
2026-04-19 15:36:50 | INFO | Start 2 Adam step 800 | Loss: 0.197055
2026-04-19 15:36:51 | INFO | Start 2 Adam step 900 | Loss: 0.200750
2026-04-19 15:36:52 | INFO | Start 2 L-BFGS eval 0 | Loss: 0.205197
2026-04-19 15:36:52 | INFO |   beta: +0.0018,  xi: +2.0675,  eta: +0.5445
2026-04-19 15:36:56 | INFO | Start 2 L-BFGS eval 100 | Loss: 0.196024
2026-04-19 15:36:56 | INFO |   beta: -0.0013,  xi: +2.0863,  eta: +0.5481
2026-04-19 15:36:58 | INFO | Optimizer start 2/5 complete | final_loss=0.196024 | status=ABNORMAL: 
2026-04-19 15:36:58 | INFO | Optimizer start 3/5 | seed=2 | initial_loss=0.719673
2026-04-19 15:36:58 | INFO | Start 3 Adam step 0 | Loss: 0.719673
2026-04-19 15:36:59 | INFO | Start 3 Adam step 100 | Loss: 0.212732
2026-04-19 15:37:01 | INFO | Start 3 Adam step 200 | Loss: 0.238574
2026-04-19 15:37:02 | INFO | Start 3 Adam step 300 | Loss: 0.221129
2026-04-19 15:37:03 | INFO | Start 3 Adam step 400 | Loss: 0.219208
2026-04-19 15:37:05 | INFO | Start 3 Adam step 500 | Loss: 0.217899
2026-04-19 15:37:06 | INFO | Start 3 Adam step 600 | Loss: 0.200974
2026-04-19 15:37:07 | INFO | Start 3 Adam step 700 | Loss: 0.207982
2026-04-19 15:37:09 | INFO | Start 3 Adam step 800 | Loss: 0.202884
2026-04-19 15:37:10 | INFO | Start 3 Adam step 900 | Loss: 0.202898
2026-04-19 15:37:12 | INFO | Start 3 L-BFGS eval 0 | Loss: 0.205430
2026-04-19 15:37:12 | INFO |   beta: -0.0066,  xi: +2.0342,  eta: +0.5583
2026-04-19 15:37:15 | INFO | Start 3 L-BFGS eval 100 | Loss: 0.193544
2026-04-19 15:37:15 | INFO |   beta: -0.0066,  xi: +2.1057,  eta: +0.5769
2026-04-19 15:37:17 | INFO | Optimizer start 3/5 complete | final_loss=0.193542 | status=CONVERGENCE: RELATIVE REDUCTION OF F <= FACTR*EPSMCH
2026-04-19 15:37:17 | INFO | Optimizer start 4/5 | seed=3 | initial_loss=0.730793
2026-04-19 15:37:17 | INFO | Start 4 Adam step 0 | Loss: 0.730793
2026-04-19 15:37:19 | INFO | Start 4 Adam step 100 | Loss: 0.215398
2026-04-19 15:37:20 | INFO | Start 4 Adam step 200 | Loss: 0.237452
2026-04-19 15:37:21 | INFO | Start 4 Adam step 300 | Loss: 0.251245
2026-04-19 15:37:23 | INFO | Start 4 Adam step 400 | Loss: 0.212943
2026-04-19 15:37:24 | INFO | Start 4 Adam step 500 | Loss: 0.211155
2026-04-19 15:37:25 | INFO | Start 4 Adam step 600 | Loss: 0.200372
2026-04-19 15:37:27 | INFO | Start 4 Adam step 700 | Loss: 0.198007
2026-04-19 15:37:28 | INFO | Start 4 Adam step 800 | Loss: 0.199268
2026-04-19 15:37:29 | INFO | Start 4 Adam step 900 | Loss: 0.201157
2026-04-19 15:37:31 | INFO | Start 4 L-BFGS eval 0 | Loss: 0.201363
2026-04-19 15:37:31 | INFO |   beta: +0.0042,  xi: +2.0570,  eta: +0.5557
2026-04-19 15:37:34 | INFO | Start 4 L-BFGS eval 100 | Loss: 0.196653
2026-04-19 15:37:34 | INFO |   beta: +0.0046,  xi: +2.0509,  eta: +0.5529
2026-04-19 15:37:34 | INFO | Optimizer start 4/5 complete | final_loss=0.196653 | status=ABNORMAL: 
2026-04-19 15:37:34 | INFO | Optimizer start 5/5 | seed=4 | initial_loss=0.679011
2026-04-19 15:37:34 | INFO | Start 5 Adam step 0 | Loss: 0.679011
2026-04-19 15:37:36 | INFO | Start 5 Adam step 100 | Loss: 0.215970
2026-04-19 15:37:37 | INFO | Start 5 Adam step 200 | Loss: 0.234956
2026-04-19 15:37:38 | INFO | Start 5 Adam step 300 | Loss: 0.208546
2026-04-19 15:37:40 | INFO | Start 5 Adam step 400 | Loss: 0.216001
2026-04-19 15:37:41 | INFO | Start 5 Adam step 500 | Loss: 0.207415
2026-04-19 15:37:42 | INFO | Start 5 Adam step 600 | Loss: 0.203013
2026-04-19 15:37:43 | INFO | Start 5 Adam step 700 | Loss: 0.203004
2026-04-19 15:37:45 | INFO | Start 5 Adam step 800 | Loss: 0.202432
2026-04-19 15:37:46 | INFO | Start 5 Adam step 900 | Loss: 0.201123
2026-04-19 15:37:47 | INFO | Start 5 L-BFGS eval 0 | Loss: 0.204965
2026-04-19 15:37:47 | INFO |   beta: +0.0028,  xi: +2.0527,  eta: +0.5444
2026-04-19 15:37:51 | INFO | Start 5 L-BFGS eval 100 | Loss: 0.197483
2026-04-19 15:37:51 | INFO |   beta: -0.0293,  xi: +2.0586,  eta: +0.5597
2026-04-19 15:37:54 | INFO | Start 5 L-BFGS eval 200 | Loss: 0.197259
2026-04-19 15:37:54 | INFO |   beta: -0.0485,  xi: +2.0037,  eta: +0.5555
2026-04-19 15:37:57 | INFO | Start 5 L-BFGS eval 300 | Loss: 0.196913
2026-04-19 15:37:57 | INFO |   beta: +0.0235,  xi: +2.0519,  eta: +0.5432
2026-04-19 15:38:01 | INFO | Start 5 L-BFGS eval 400 | Loss: 0.196395
2026-04-19 15:38:01 | INFO |   beta: -0.0238,  xi: +2.1596,  eta: +0.5385
2026-04-19 15:38:04 | INFO | Start 5 L-BFGS eval 500 | Loss: 0.196119
2026-04-19 15:38:04 | INFO |   beta: +0.0081,  xi: +2.0433,  eta: +0.5486
2026-04-19 15:38:07 | INFO | Start 5 L-BFGS eval 600 | Loss: 0.196821
2026-04-19 15:38:07 | INFO |   beta: -0.0915,  xi: +2.0762,  eta: +0.5387
2026-04-19 15:38:10 | INFO | Start 5 L-BFGS eval 700 | Loss: 0.195496
2026-04-19 15:38:10 | INFO |   beta: -0.0664,  xi: +2.1543,  eta: +0.5788
2026-04-19 15:38:14 | INFO | Start 5 L-BFGS eval 800 | Loss: 0.190811
2026-04-19 15:38:14 | INFO |   beta: +0.0073,  xi: +1.6725,  eta: +0.5839
2026-04-19 15:38:17 | INFO | Start 5 L-BFGS eval 900 | Loss: 0.183737
2026-04-19 15:38:17 | INFO |   beta: -0.0128,  xi: +2.1789,  eta: +0.5846
2026-04-19 15:38:20 | INFO | Start 5 L-BFGS eval 1000 | Loss: 0.231749
2026-04-19 15:38:20 | INFO |   beta: -0.4559,  xi: +3.2804,  eta: +0.8074
2026-04-19 15:38:24 | INFO | Start 5 L-BFGS eval 1100 | Loss: 0.183982
2026-04-19 15:38:24 | INFO |   beta: -0.0425,  xi: +2.3483,  eta: +0.5903
2026-04-19 15:38:27 | INFO | Start 5 L-BFGS eval 1200 | Loss: 0.183643
2026-04-19 15:38:27 | INFO |   beta: -0.0261,  xi: +2.2957,  eta: +0.5837
2026-04-19 15:38:30 | INFO | Start 5 L-BFGS eval 1300 | Loss: 0.193086
2026-04-19 15:38:30 | INFO |   beta: -0.0787,  xi: +3.3028,  eta: +0.5604
2026-04-19 15:38:33 | INFO | Start 5 L-BFGS eval 1400 | Loss: 0.181998
2026-04-19 15:38:33 | INFO |   beta: -0.0200,  xi: +2.0005,  eta: +0.5782
2026-04-19 15:38:37 | INFO | Start 5 L-BFGS eval 1500 | Loss: 0.181870
2026-04-19 15:38:37 | INFO |   beta: +0.0000,  xi: +2.0746,  eta: +0.5693
2026-04-19 15:38:40 | INFO | Start 5 L-BFGS eval 1600 | Loss: 0.181860
2026-04-19 15:38:40 | INFO |   beta: -0.0288,  xi: +2.0559,  eta: +0.5761
2026-04-19 15:38:43 | INFO | Start 5 L-BFGS eval 1700 | Loss: 0.184442
2026-04-19 15:38:43 | INFO |   beta: -0.0874,  xi: +1.5482,  eta: +0.7461
2026-04-19 15:38:47 | INFO | Start 5 L-BFGS eval 1800 | Loss: 0.178979
2026-04-19 15:38:47 | INFO |   beta: +0.0027,  xi: +2.1470,  eta: +0.5606
2026-04-19 15:38:50 | INFO | Start 5 L-BFGS eval 1900 | Loss: 0.178861
2026-04-19 15:38:50 | INFO |   beta: -0.0074,  xi: +2.0903,  eta: +0.5847
2026-04-19 15:38:51 | INFO | Optimizer start 5/5 complete | final_loss=0.178852 | status=CONVERGENCE: RELATIVE REDUCTION OF F <= FACTR*EPSMCH
2026-04-19 15:38:51 | INFO | Done fitting.
2026-04-19 15:38:51 | INFO | Optimizer status: CONVERGENCE: RELATIVE REDUCTION OF F <= FACTR*EPSMCH | best_start=5/5
2026-04-19 15:38:51 | INFO | Best optimizer start: 5 / 5
2026-04-19 15:38:51 | INFO | Final Loss: 0.178852
2026-04-19 15:38:51 | INFO | Estimated Parameters:
2026-04-19 15:38:51 | INFO |   beta: -0.0052
2026-04-19 15:38:51 | INFO |   xi: 2.0905
2026-04-19 15:38:51 | INFO |   eta: 0.5736
2026-04-19 15:38:51 | INFO | Field and interaction diagnostics:
2026-04-19 15:38:51 | INFO |   estimated_field_inf_norm: 5.000000
2026-04-19 15:38:51 | INFO |   estimated_field_rank: 40.000000
2026-04-19 15:38:51 | INFO |   bound_B: 5.000000
2026-04-19 15:38:51 | INFO | Saved summary tables to C:\Users\phevo\Documents\MIT\Code\MPLE-Causal-Inference\experiments\USCountyVaccination_US_sensitivity\outcome_death_rate_100k_ge_2__intervention_complete_cov_ge_30__lag_2w__contiguity__start_2020_09_06\fits\rank_40_b5\mple_summary.csv and C:\Users\phevo\Documents\MIT\Code\MPLE-Causal-Inference\experiments\USCountyVaccination_US_sensitivity\outcome_death_rate_100k_ge_2__intervention_complete_cov_ge_30__lag_2w__contiguity__start_2020_09_06\fits\rank_40_b5\mple_summary.md
2026-04-19 15:38:51 | INFO | Log saved to C:\Users\phevo\Documents\MIT\Code\MPLE-Causal-Inference\experiments\USCountyVaccination_US_sensitivity\outcome_death_rate_100k_ge_2__intervention_complete_cov_ge_30__lag_2w__contiguity__start_2020_09_06\fits\rank_40_b5\mple.log
