2026-04-05 18:41:22 | INFO | Loading data...
2026-04-05 18:41:22 | INFO | Loaded 9 field templates and 1 interaction templates.
2026-04-05 18:41:22 | INFO | Running conditional-model MPLE on x with shape=(15, 9642)
2026-04-05 18:41:22 | INFO | Eval 0  |  Loss: 0.742420
2026-04-05 18:41:22 | INFO |   field::intercept: +0.0126,  field::total_pop: -0.0132,  field::black_share: +0.0640,  field::hispanic_share: +0.0105,  field::male_1521_share: -0.0536,  field::family_household_share: +0.0362,  field::female_household_share: +0.1304,  field::renter_share: +0.0947,  field::vacant_share: -0.0704,  tau block: mean=-0.0323, std=0.0897, min=-0.2325, max=+0.1366,  beta: +0.0903,  interaction::knn_16: +0.0094,  eta: -0.0743,  zeta: -0.0922,  psi: -0.0458
2026-04-05 18:41:26 | INFO | Eval 100  |  Loss: 0.483166
2026-04-05 18:41:26 | INFO |   field::intercept: -0.0924,  field::total_pop: -6.7617,  field::black_share: -0.2191,  field::hispanic_share: -0.0261,  field::male_1521_share: +0.0433,  field::family_household_share: +0.1567,  field::female_household_share: -0.0441,  field::renter_share: -0.1052,  field::vacant_share: -0.9064,  tau block: mean=-0.0393, std=0.0322, min=-0.0835, max=+0.0276,  beta: -0.1207,  interaction::knn_16: +0.8125,  eta: +0.2355,  zeta: -0.7749,  psi: +3.9186
2026-04-05 18:41:29 | INFO | Eval 200  |  Loss: 0.483127
2026-04-05 18:41:29 | INFO |   field::intercept: -0.1071,  field::total_pop: -6.2992,  field::black_share: -0.1925,  field::hispanic_share: -0.0469,  field::male_1521_share: -0.0011,  field::family_household_share: +0.1543,  field::female_household_share: -0.0587,  field::renter_share: -0.1132,  field::vacant_share: -1.2357,  tau block: mean=-0.0403, std=0.0323, min=-0.0845, max=+0.0251,  beta: -0.1366,  interaction::knn_16: +0.8104,  eta: +0.2364,  zeta: -0.4508,  psi: +3.6442
2026-04-05 18:41:30 | INFO | Done fitting.
2026-04-05 18:41:30 | INFO | Optimizer status: CONVERGENCE: RELATIVE REDUCTION OF F <= FACTR*EPSMCH
2026-04-05 18:41:30 | INFO | Final Loss: 0.483127
2026-04-05 18:41:30 | INFO | Estimated Parameters:
2026-04-05 18:41:30 | INFO |   field::intercept: -0.1080
2026-04-05 18:41:30 | INFO |   field::total_pop: -6.3222
2026-04-05 18:41:30 | INFO |   field::black_share: -0.1928
2026-04-05 18:41:30 | INFO |   field::hispanic_share: -0.0498
2026-04-05 18:41:30 | INFO |   field::male_1521_share: 0.0070
2026-04-05 18:41:30 | INFO |   field::family_household_share: 0.1543
2026-04-05 18:41:30 | INFO |   field::female_household_share: -0.0577
2026-04-05 18:41:30 | INFO |   field::renter_share: -0.1126
2026-04-05 18:41:30 | INFO |   field::vacant_share: -1.2731
2026-04-05 18:41:30 | INFO |   tau::t_0: -0.0053
2026-04-05 18:41:30 | INFO |   tau::t_1: -0.0834
2026-04-05 18:41:30 | INFO |   tau::t_2: -0.0441
2026-04-05 18:41:30 | INFO |   tau::t_3: 0.0137
2026-04-05 18:41:30 | INFO |   tau::t_4: -0.0231
2026-04-05 18:41:30 | INFO |   tau::t_5: -0.0308
2026-04-05 18:41:30 | INFO |   tau::t_6: -0.0409
2026-04-05 18:41:30 | INFO |   tau::t_7: -0.0214
2026-04-05 18:41:30 | INFO |   tau::t_8: -0.0497
2026-04-05 18:41:30 | INFO |   tau::t_9: -0.0844
2026-04-05 18:41:30 | INFO |   tau::t_10: -0.0653
2026-04-05 18:41:30 | INFO |   tau::t_11: -0.0612
2026-04-05 18:41:30 | INFO |   tau::t_12: -0.0668
2026-04-05 18:41:30 | INFO |   tau::t_13: -0.0680
2026-04-05 18:41:30 | INFO |   tau::t_14: 0.0250
2026-04-05 18:41:30 | INFO |   beta: -0.1375
2026-04-05 18:41:30 | INFO |   interaction::knn_16: 0.8102
2026-04-05 18:41:30 | INFO |   eta: 0.2364
2026-04-05 18:41:30 | INFO |   zeta: -0.4608
2026-04-05 18:41:30 | INFO |   psi: 3.6488
2026-04-05 18:41:30 | INFO | Saved summary tables to C:\Users\phevo\Documents\MIT\Code\MPLE-Causal-Inference\experiments\SeattleDMI\any_crime_gt_0_pm1__knn_16\mple_summary.csv and C:\Users\phevo\Documents\MIT\Code\MPLE-Causal-Inference\experiments\SeattleDMI\any_crime_gt_0_pm1__knn_16\mple_summary.md
2026-04-05 18:41:30 | INFO | Log saved to C:\Users\phevo\Documents\MIT\Code\MPLE-Causal-Inference\experiments\SeattleDMI\any_crime_gt_0_pm1__knn_16\mple.log
