2026-04-08 12:09:59 | INFO | Loading data...
2026-04-08 12:09:59 | INFO | Loaded 6 field templates and 1 interaction templates.
2026-04-08 12:09:59 | INFO | Intervention-process model enabled: True
2026-04-08 12:09:59 | INFO | Tau zero-mean enabled: False
2026-04-08 12:09:59 | INFO | Tau smoothness lambda: 0.000000
2026-04-08 12:09:59 | INFO | Running conditional-model MPLE on x with shape=(67, 3137)
2026-04-08 12:09:59 | INFO | Eval 0  |  Loss: 0.660343
2026-04-08 12:09:59 | INFO |   field::population_density: +0.0126,  field::senior_population: -0.0132,  field::college_education: +0.0640,  field::poverty_rate: +0.0105,  field::log_population: -0.0536,  field::median_household_income: +0.0362,  tau block: mean=+0.0102, std=0.0970, min=-0.2325, max=+0.1960,  beta: -0.0618,  interaction::contiguity: +0.1822,  eta: -0.1320,  zeta: -0.0662,  psi: +0.0935
2026-04-08 12:10:02 | INFO | Done fitting.
2026-04-08 12:10:02 | INFO | Optimizer status: CONVERGENCE: RELATIVE REDUCTION OF F <= FACTR*EPSMCH
2026-04-08 12:10:02 | INFO | Final Loss: 0.287642
2026-04-08 12:10:02 | INFO | Estimated Parameters:
2026-04-08 12:10:02 | INFO |   field::population_density: -1.6783
2026-04-08 12:10:02 | INFO |   field::senior_population: -0.1180
2026-04-08 12:10:02 | INFO |   field::college_education: -0.8386
2026-04-08 12:10:02 | INFO |   field::poverty_rate: -0.7860
2026-04-08 12:10:02 | INFO |   field::log_population: 1.1759
2026-04-08 12:10:02 | INFO |   field::median_household_income: -0.7089
2026-04-08 12:10:02 | INFO |   tau::t_0: 0.0588
2026-04-08 12:10:02 | INFO |   tau::t_1: -0.0103
2026-04-08 12:10:02 | INFO |   tau::t_2: -0.1165
2026-04-08 12:10:02 | INFO |   tau::t_3: -0.0328
2026-04-08 12:10:02 | INFO |   tau::t_4: -0.0694
2026-04-08 12:10:02 | INFO |   tau::t_5: -0.1370
2026-04-08 12:10:02 | INFO |   tau::t_6: -0.2078
2026-04-08 12:10:02 | INFO |   tau::t_7: -0.2205
2026-04-08 12:10:02 | INFO |   tau::t_8: -0.2558
2026-04-08 12:10:02 | INFO |   tau::t_9: -0.2368
2026-04-08 12:10:02 | INFO |   tau::t_10: -0.2206
2026-04-08 12:10:02 | INFO |   tau::t_11: -0.2866
2026-04-08 12:10:02 | INFO |   tau::t_12: -0.2971
2026-04-08 12:10:02 | INFO |   tau::t_13: -0.2896
2026-04-08 12:10:02 | INFO |   tau::t_14: -0.3199
2026-04-08 12:10:02 | INFO |   tau::t_15: -0.3336
2026-04-08 12:10:02 | INFO |   tau::t_16: -0.2498
2026-04-08 12:10:02 | INFO |   tau::t_17: -0.4228
2026-04-08 12:10:02 | INFO |   tau::t_18: -0.3793
2026-04-08 12:10:02 | INFO |   tau::t_19: -0.5161
2026-04-08 12:10:02 | INFO |   tau::t_20: -0.5279
2026-04-08 12:10:02 | INFO |   tau::t_21: -0.5561
2026-04-08 12:10:02 | INFO |   tau::t_22: -0.6436
2026-04-08 12:10:02 | INFO |   tau::t_23: -0.5220
2026-04-08 12:10:02 | INFO |   tau::t_24: -0.5081
2026-04-08 12:10:02 | INFO |   tau::t_25: -0.4544
2026-04-08 12:10:02 | INFO |   tau::t_26: -0.3186
2026-04-08 12:10:02 | INFO |   tau::t_27: -0.2249
2026-04-08 12:10:02 | INFO |   tau::t_28: -0.1459
2026-04-08 12:10:02 | INFO |   tau::t_29: -0.0843
2026-04-08 12:10:02 | INFO |   tau::t_30: -0.0604
2026-04-08 12:10:02 | INFO |   tau::t_31: -0.0267
2026-04-08 12:10:02 | INFO |   tau::t_32: 0.0858
2026-04-08 12:10:02 | INFO |   tau::t_33: 0.0812
2026-04-08 12:10:02 | INFO |   tau::t_34: 0.0901
2026-04-08 12:10:02 | INFO |   tau::t_35: 0.0450
2026-04-08 12:10:02 | INFO |   tau::t_36: 0.0389
2026-04-08 12:10:02 | INFO |   tau::t_37: 0.0478
2026-04-08 12:10:02 | INFO |   tau::t_38: 0.0269
2026-04-08 12:10:02 | INFO |   tau::t_39: -0.0400
2026-04-08 12:10:02 | INFO |   tau::t_40: -0.0397
2026-04-08 12:10:02 | INFO |   tau::t_41: -0.0204
2026-04-08 12:10:02 | INFO |   tau::t_42: -0.1958
2026-04-08 12:10:02 | INFO |   tau::t_43: 0.0607
2026-04-08 12:10:02 | INFO |   tau::t_44: -0.0123
2026-04-08 12:10:02 | INFO |   tau::t_45: -0.0216
2026-04-08 12:10:02 | INFO |   tau::t_46: -0.0686
2026-04-08 12:10:02 | INFO |   tau::t_47: -0.0421
2026-04-08 12:10:02 | INFO |   tau::t_48: 0.0425
2026-04-08 12:10:02 | INFO |   tau::t_49: 0.0371
2026-04-08 12:10:02 | INFO |   tau::t_50: 0.0608
2026-04-08 12:10:02 | INFO |   tau::t_51: 0.1314
2026-04-08 12:10:02 | INFO |   tau::t_52: 0.1791
2026-04-08 12:10:02 | INFO |   tau::t_53: 0.1720
2026-04-08 12:10:02 | INFO |   tau::t_54: 0.1434
2026-04-08 12:10:02 | INFO |   tau::t_55: 0.0715
2026-04-08 12:10:02 | INFO |   tau::t_56: 0.0234
2026-04-08 12:10:02 | INFO |   tau::t_57: -0.0677
2026-04-08 12:10:02 | INFO |   tau::t_58: -0.0786
2026-04-08 12:10:02 | INFO |   tau::t_59: -0.1682
2026-04-08 12:10:02 | INFO |   tau::t_60: -0.2361
2026-04-08 12:10:02 | INFO |   tau::t_61: -0.3354
2026-04-08 12:10:02 | INFO |   tau::t_62: -0.3198
2026-04-08 12:10:02 | INFO |   tau::t_63: -0.4309
2026-04-08 12:10:02 | INFO |   tau::t_64: -0.4343
2026-04-08 12:10:02 | INFO |   tau::t_65: -0.2850
2026-04-08 12:10:02 | INFO |   tau::t_66: -0.5328
2026-04-08 12:10:02 | INFO |   beta: -0.0382
2026-04-08 12:10:02 | INFO |   interaction::contiguity: 1.3737
2026-04-08 12:10:02 | INFO |   eta: 0.2137
2026-04-08 12:10:02 | INFO |   zeta: -0.1586
2026-04-08 12:10:02 | INFO |   psi: 2.0168
2026-04-08 12:10:02 | INFO | Saved summary tables to C:\Users\phevo\Documents\MIT\Code\MPLE-Causal-Inference\experiments\USCountyVaccination_US_features_new\outcome_death_rate_100k_ge_2__intervention_partial_cov_ge_10__lag_3w__contiguity\mple_summary.csv and C:\Users\phevo\Documents\MIT\Code\MPLE-Causal-Inference\experiments\USCountyVaccination_US_features_new\outcome_death_rate_100k_ge_2__intervention_partial_cov_ge_10__lag_3w__contiguity\mple_summary.md
2026-04-08 12:10:02 | INFO | Log saved to C:\Users\phevo\Documents\MIT\Code\MPLE-Causal-Inference\experiments\USCountyVaccination_US_features_new\outcome_death_rate_100k_ge_2__intervention_partial_cov_ge_10__lag_3w__contiguity\mple.log
