2026-05-02 21:47:34 | INFO | Loading data...
2026-05-02 21:47:34 | INFO | Using panel artifact: /orcd/home/002/phevosp/MPLE-Causal-Inference/experiments/HybridExperiments_r5_c1_v2/r5_c1_hybrid_us_county_intervention_generated_graph_confounding/panel_data.npz
2026-05-02 21:47:34 | INFO | Using x_0 artifact: /orcd/home/002/phevosp/MPLE-Causal-Inference/experiments/HybridExperiments_r5_c1_v2/r5_c1_hybrid_us_county_intervention_generated_graph_confounding/x_0.npy
2026-05-02 21:47:34 | INFO | Using fit config: /orcd/home/002/phevosp/MPLE-Causal-Inference/experiments/HybridExperiments_r5_c1_v2/r5_c1_hybrid_us_county_intervention_generated_graph_confounding/cv_runs/alternating_uv_grid/candidates/alternating_uv_grid_candidate_0004/fold_7/fit_realized_config.yaml
2026-05-02 21:47:34 | INFO | Using model artifact directory: /orcd/home/002/phevosp/MPLE-Causal-Inference/experiments/HybridExperiments_r5_c1_v2/r5_c1_hybrid_us_county_intervention_generated_graph_confounding
2026-05-02 21:47:34 | INFO | Using truth artifact directory: /orcd/home/002/phevosp/MPLE-Causal-Inference/experiments/HybridExperiments_r5_c1_v2/r5_c1_hybrid_us_county_intervention_generated_graph_confounding
2026-05-02 21:47:34 | INFO | Using loss mask artifact: /orcd/home/002/phevosp/MPLE-Causal-Inference/experiments/HybridExperiments_r5_c1_v2/r5_c1_hybrid_us_county_intervention_generated_graph_confounding/cv_runs/alternating_uv_grid/candidates/alternating_uv_grid_candidate_0004/fold_7/loss_mask.npy
2026-05-02 21:47:35 | INFO | Configured optimizer mode: alternating_latent_rank
2026-05-02 21:47:35 | INFO | Configured latent rank: 5
2026-05-02 21:47:35 | INFO | Using a fixed known graph with scalar xi.
2026-05-02 21:47:35 | INFO | Fit-time hard bounds active: False
2026-05-02 21:47:35 | INFO | Fixed scalar parameters: {}
2026-05-02 21:47:35 | INFO | Warm-start fixed scalars: {} for 0 steps
2026-05-02 21:47:35 | INFO | Beta mask before s: True with s=50
2026-05-02 21:47:35 | INFO | Beta mask after e: True with e=115
2026-05-02 21:47:35 | INFO | Alternating V-column L2-ball constraint active with radius 1.0
2026-05-02 21:47:35 | INFO | Optimizer settings: steps=2000, tol=1e-07, n_starts=1, seed=0, lambda_nuclear=0.0, lambda_frobenius=0.0, lambda_uv_ridge=0.01, v_column_l2_max=1.0, proximal_lr=1.0
2026-05-02 21:47:35 | INFO | Alternating low-rank start 1/1 | seed=0 | initial_loss=0.760881 | initial_penalized=0.760882
2026-05-02 21:47:35 | INFO | Alternating low-rank iter 0 | Loss: 0.629752 | Penalized: 0.631208
2026-05-02 21:47:45 | INFO | Alternating low-rank iter 100 | Loss: 0.497200 | Penalized: 0.514640
2026-05-02 21:47:55 | INFO | Alternating low-rank iter 200 | Loss: 0.495350 | Penalized: 0.512786
2026-05-02 21:48:04 | INFO | Alternating low-rank iter 300 | Loss: 0.494125 | Penalized: 0.511467
2026-05-02 21:48:14 | INFO | Alternating low-rank iter 400 | Loss: 0.493307 | Penalized: 0.510621
2026-05-02 21:48:24 | INFO | Alternating low-rank iter 500 | Loss: 0.492768 | Penalized: 0.510100
2026-05-02 21:48:34 | INFO | Alternating low-rank iter 600 | Loss: 0.492357 | Penalized: 0.509705
2026-05-02 21:48:44 | INFO | Alternating low-rank iter 700 | Loss: 0.492161 | Penalized: 0.509524
2026-05-02 21:48:54 | INFO | Alternating low-rank iter 800 | Loss: 0.492065 | Penalized: 0.509433
2026-05-02 21:49:04 | INFO | Alternating low-rank iter 900 | Loss: 0.492003 | Penalized: 0.509377
2026-05-02 21:49:13 | INFO | Alternating low-rank iter 1000 | Loss: 0.491960 | Penalized: 0.509342
2026-05-02 21:49:23 | INFO | Alternating low-rank iter 1100 | Loss: 0.491929 | Penalized: 0.509319
2026-05-02 21:49:33 | INFO | Alternating low-rank iter 1200 | Loss: 0.491909 | Penalized: 0.509305
2026-05-02 21:49:36 | INFO | Done fitting.
2026-05-02 21:49:36 | INFO | Optimizer status: CONVERGED: alternating objective tolerance reached
2026-05-02 21:49:36 | INFO | Best optimizer start: 1 / 1
2026-05-02 21:49:36 | INFO | Final Loss: 0.491905
2026-05-02 21:49:36 | INFO | Estimated vs True Parameters:
2026-05-02 21:49:36 | INFO |   beta: -0.1323 (True: -0.3000) | SQE: 0.028130
2026-05-02 21:49:36 | INFO |   xi: 0.8883 (True: 0.8000) | SQE: 0.007798
2026-05-02 21:49:36 | INFO |   eta: 0.3371 (True: 0.3000) | SQE: 0.001376
2026-05-02 21:49:36 | INFO | Alternating low-rank optimizer diagnostics:
2026-05-02 21:49:36 | INFO |   penalized_objective: 0.509303
2026-05-02 21:49:36 | INFO |   mple_loss_without_penalty: 0.491905
2026-05-02 21:49:36 | INFO |   lambda_uv_ridge: 0.010000
2026-05-02 21:49:36 | INFO |   u_frobenius_norm: 396.548877
2026-05-02 21:49:36 | INFO |   v_frobenius_norm: 2.236068
2026-05-02 21:49:36 | INFO |   effective_rank: 5.000000
2026-05-02 21:49:36 | INFO | Field and interaction diagnostics:
2026-05-02 21:49:36 | INFO |   field_rmse: 0.629776
2026-05-02 21:49:36 | INFO |   interaction_fro_error: 0.669095
2026-05-02 21:49:36 | INFO |   estimated_field_max_abs_entry: 4.621644
2026-05-02 21:49:36 | INFO |   estimated_field_rank: 5.000000
2026-05-02 21:49:36 | INFO |   true_field_max_abs_entry: 3.005890
2026-05-02 21:49:36 | INFO |   true_field_rank: 5.000000
2026-05-02 21:49:36 | INFO | Saved summary table to /orcd/home/002/phevosp/MPLE-Causal-Inference/experiments/HybridExperiments_r5_c1_v2/r5_c1_hybrid_us_county_intervention_generated_graph_confounding/cv_runs/alternating_uv_grid/candidates/alternating_uv_grid_candidate_0004/fold_7/mple_summary.csv
2026-05-02 21:49:36 | INFO | Log saved to /orcd/home/002/phevosp/MPLE-Causal-Inference/experiments/HybridExperiments_r5_c1_v2/r5_c1_hybrid_us_county_intervention_generated_graph_confounding/cv_runs/alternating_uv_grid/candidates/alternating_uv_grid_candidate_0004/fold_7/mple.log
