2026-04-25 13:36:21 | INFO | Loading data...
2026-04-25 13:36:21 | INFO | Using panel artifact: /orcd/home/002/phevosp/MPLE-Causal-Inference/experiments/USCountyVaccination_US_trimmed/outcome_death_rate_100k_ge_2__intervention_complete_cov_ge_40__lag_2w__contiguity__start_2020_03_01/panel_data.npz
2026-04-25 13:36:21 | INFO | Using x_0 artifact: /orcd/home/002/phevosp/MPLE-Causal-Inference/experiments/USCountyVaccination_US_trimmed/outcome_death_rate_100k_ge_2__intervention_complete_cov_ge_40__lag_2w__contiguity__start_2020_03_01/x_0.npy
2026-04-25 13:36:21 | INFO | Using fit config: /orcd/home/002/phevosp/MPLE-Causal-Inference/experiments/USCountyVaccination_US_trimmed/outcome_death_rate_100k_ge_2__intervention_complete_cov_ge_40__lag_2w__contiguity__start_2020_03_01/fits/alternating_rank_2_lambda_5/fit_realized_config.yaml
2026-04-25 13:36:21 | INFO | Using model artifact directory: /orcd/home/002/phevosp/MPLE-Causal-Inference/experiments/USCountyVaccination_US_trimmed/outcome_death_rate_100k_ge_2__intervention_complete_cov_ge_40__lag_2w__contiguity__start_2020_03_01
2026-04-25 13:36:21 | INFO | Using truth artifact directory: /orcd/home/002/phevosp/MPLE-Causal-Inference/experiments/USCountyVaccination_US_trimmed/outcome_death_rate_100k_ge_2__intervention_complete_cov_ge_40__lag_2w__contiguity__start_2020_03_01
2026-04-25 13:36:21 | INFO | Configured optimizer mode: alternating_latent_rank
2026-04-25 13:36:21 | INFO | Configured latent rank: 2
2026-04-25 13:36:21 | INFO | Using a fixed known graph with scalar xi.
2026-04-25 13:36:21 | INFO | Fit-time hard bounds active: False
2026-04-25 13:36:21 | INFO | Fixed scalar parameters: {}
2026-04-25 13:36:21 | INFO | Optimizer settings: steps=20000, tol=1e-09, n_starts=1, seed=0, lambda_nuclear=0.0, lambda_frobenius=0.0, lambda_uv_ridge=5.0, proximal_lr=1.0
2026-04-25 13:36:21 | INFO | Alternating low-rank start 1/1 | seed=0 | initial_loss=0.712463 | initial_penalized=0.713359
2026-04-25 13:36:21 | INFO | Alternating low-rank iter 0 | Loss: 0.509567 | Penalized: 0.518339
2026-04-25 13:36:37 | INFO | Alternating low-rank iter 100 | Loss: 0.438613 | Penalized: 0.451010
2026-04-25 13:36:50 | INFO | Alternating low-rank iter 200 | Loss: 0.438147 | Penalized: 0.449891
2026-04-25 13:37:01 | INFO | Alternating low-rank iter 300 | Loss: 0.438221 | Penalized: 0.449840
2026-04-25 13:37:13 | INFO | Alternating low-rank iter 400 | Loss: 0.438245 | Penalized: 0.449838
2026-04-25 13:37:18 | INFO | Done fitting.
2026-04-25 13:37:18 | INFO | Optimizer status: CONVERGED: alternating objective tolerance reached
2026-04-25 13:37:18 | INFO | Best optimizer start: 1 / 1
2026-04-25 13:37:18 | INFO | Final Loss: 0.438249
2026-04-25 13:37:18 | INFO | Estimated Parameters:
2026-04-25 13:37:18 | INFO |   beta: -0.0046
2026-04-25 13:37:18 | INFO |   xi: 1.7163
2026-04-25 13:37:18 | INFO |   eta: 0.1796
2026-04-25 13:37:18 | INFO | Alternating low-rank optimizer diagnostics:
2026-04-25 13:37:18 | INFO |   penalized_objective: 0.449838
2026-04-25 13:37:18 | INFO |   mple_loss_without_penalty: 0.438249
2026-04-25 13:37:18 | INFO |   lambda_uv_ridge: 5.000000
2026-04-25 13:37:18 | INFO |   u_frobenius_norm: 20.025160
2026-04-25 13:37:18 | INFO |   v_frobenius_norm: 20.025177
2026-04-25 13:37:18 | INFO |   effective_rank: 2.000000
2026-04-25 13:37:18 | INFO | Field and interaction diagnostics:
2026-04-25 13:37:18 | INFO |   estimated_field_max_abs_entry: 2.661653
2026-04-25 13:37:18 | INFO |   estimated_field_rank: 2.000000
2026-04-25 13:37:19 | INFO | Saved summary tables to /orcd/home/002/phevosp/MPLE-Causal-Inference/experiments/USCountyVaccination_US_trimmed/outcome_death_rate_100k_ge_2__intervention_complete_cov_ge_40__lag_2w__contiguity__start_2020_03_01/fits/alternating_rank_2_lambda_5/mple_summary.csv and /orcd/home/002/phevosp/MPLE-Causal-Inference/experiments/USCountyVaccination_US_trimmed/outcome_death_rate_100k_ge_2__intervention_complete_cov_ge_40__lag_2w__contiguity__start_2020_03_01/fits/alternating_rank_2_lambda_5/mple_summary.md
2026-04-25 13:37:19 | INFO | Log saved to /orcd/home/002/phevosp/MPLE-Causal-Inference/experiments/USCountyVaccination_US_trimmed/outcome_death_rate_100k_ge_2__intervention_complete_cov_ge_40__lag_2w__contiguity__start_2020_03_01/fits/alternating_rank_2_lambda_5/mple.log
