2026-06-08 17:08:17 | INFO | Loading data...
2026-06-08 17:08:17 | INFO | Using panel artifact: /orcd/home/002/phevosp/MPLE-Causal-Inference/experiments/Synthetic/confounding_strong/panel_data.npz
2026-06-08 17:08:17 | INFO | Using x_0 artifact: /orcd/home/002/phevosp/MPLE-Causal-Inference/experiments/Synthetic/confounding_strong/x_0.npy
2026-06-08 17:08:17 | INFO | Using fit config: /orcd/home/002/phevosp/MPLE-Causal-Inference/experiments/Synthetic/confounding_strong/cv_runs/default/candidates/default_candidate_0003/fold_3/fit_realized_config.yaml
2026-06-08 17:08:17 | INFO | Using model artifact directory: /orcd/home/002/phevosp/MPLE-Causal-Inference/experiments/Synthetic/confounding_strong
2026-06-08 17:08:17 | INFO | Using truth artifact directory: /orcd/home/002/phevosp/MPLE-Causal-Inference/experiments/Synthetic/confounding_strong
2026-06-08 17:08:17 | INFO | Using loss mask artifact: /orcd/home/002/phevosp/MPLE-Causal-Inference/experiments/Synthetic/confounding_strong/cv_runs/default/candidates/default_candidate_0003/fold_3/loss_mask.npy
2026-06-08 17:08:17 | INFO | Configured optimizer mode: alternating_latent_rank
2026-06-08 17:08:17 | INFO | Configured latent rank: 3
2026-06-08 17:08:17 | INFO | Using a fixed known graph with scalar xi.
2026-06-08 17:08:17 | INFO | Fit-time hard bounds active: False
2026-06-08 17:08:17 | INFO | Fixed scalar parameters: {}
2026-06-08 17:08:17 | INFO | Warm-start fixed scalars: {} for 0 steps
2026-06-08 17:08:17 | INFO | Beta mask before s: True with s=0
2026-06-08 17:08:17 | INFO | Beta mask after e: True with e=11
2026-06-08 17:08:17 | INFO | Alternating V-column L2-ball constraint active with radius 1.0
2026-06-08 17:08:17 | INFO | Optimizer settings: steps=2000, tol=1e-07, n_starts=1, seed=0, lambda_nuclear=0.0, lambda_frobenius=0.0, lambda_uv_ridge=0.01, v_column_l2_max=1.0, proximal_lr=1.0
2026-06-08 17:08:17 | INFO | Alternating low-rank start 1/1 | seed=0 | initial_loss=0.797809 | initial_penalized=0.797812
2026-06-08 17:08:18 | INFO | Alternating low-rank iter 0 | Loss: 0.592698 | Penalized: 0.594073
2026-06-08 17:08:18 | INFO | Alternating low-rank iter 100 | Loss: 0.483306 | Penalized: 0.495615
2026-06-08 17:08:19 | INFO | Alternating low-rank iter 200 | Loss: 0.482512 | Penalized: 0.494806
2026-06-08 17:08:20 | INFO | Alternating low-rank iter 300 | Loss: 0.482303 | Penalized: 0.494600
2026-06-08 17:08:21 | INFO | Alternating low-rank iter 400 | Loss: 0.482246 | Penalized: 0.494547
2026-06-08 17:08:22 | INFO | Done fitting.
2026-06-08 17:08:22 | INFO | Optimizer status: CONVERGED: alternating objective tolerance reached
2026-06-08 17:08:22 | INFO | Best optimizer start: 1 / 1
2026-06-08 17:08:22 | INFO | Final Loss: 0.482231
2026-06-08 17:08:22 | INFO | Estimated vs True Parameters:
2026-06-08 17:08:22 | INFO |   beta: -0.2852 (True: -0.3000) | SQE: 0.000218
2026-06-08 17:08:22 | INFO |   xi: 0.7360 (True: 0.8000) | SQE: 0.004096
2026-06-08 17:08:22 | INFO |   eta: 0.3035 (True: 0.3000) | SQE: 0.000012
2026-06-08 17:08:22 | INFO | Alternating low-rank optimizer diagnostics:
2026-06-08 17:08:22 | INFO |   penalized_objective: 0.494535
2026-06-08 17:08:22 | INFO |   mple_loss_without_penalty: 0.482231
2026-06-08 17:08:22 | INFO |   lambda_uv_ridge: 0.010000
2026-06-08 17:08:22 | INFO |   u_frobenius_norm: 135.954178
2026-06-08 17:08:22 | INFO |   v_frobenius_norm: 1.732051
2026-06-08 17:08:22 | INFO |   effective_rank: 3.000000
2026-06-08 17:08:22 | INFO | Field and interaction diagnostics:
2026-06-08 17:08:22 | INFO |   field_rmse: 0.534957
2026-06-08 17:08:22 | INFO |   interaction_fro_error: 0.226729
2026-06-08 17:08:22 | INFO |   estimated_field_max_abs_entry: 6.323220
2026-06-08 17:08:22 | INFO |   estimated_field_rank: 3.000000
2026-06-08 17:08:22 | INFO |   true_field_max_abs_entry: 4.447602
2026-06-08 17:08:22 | INFO |   true_field_rank: 3.000000
2026-06-08 17:08:22 | INFO | Saved summary table to /orcd/home/002/phevosp/MPLE-Causal-Inference/experiments/Synthetic/confounding_strong/cv_runs/default/candidates/default_candidate_0003/fold_3/mple_summary.csv
2026-06-08 17:08:22 | INFO | Log saved to /orcd/home/002/phevosp/MPLE-Causal-Inference/experiments/Synthetic/confounding_strong/cv_runs/default/candidates/default_candidate_0003/fold_3/mple.log
