2026-05-02 12:16:55 | INFO | Loading data...
2026-05-02 12:16:55 | INFO | Using panel artifact: /orcd/home/002/phevosp/MPLE-Causal-Inference/experiments/Synthetic/spectral_low_rank/panel_data.npz
2026-05-02 12:16:55 | INFO | Using x_0 artifact: /orcd/home/002/phevosp/MPLE-Causal-Inference/experiments/Synthetic/spectral_low_rank/x_0.npy
2026-05-02 12:16:55 | INFO | Using fit config: /orcd/home/002/phevosp/MPLE-Causal-Inference/experiments/Synthetic/spectral_low_rank/cv_runs/alternating_uv_grid/candidates/alternating_uv_grid_candidate_0002/fold_10/fit_realized_config.yaml
2026-05-02 12:16:55 | INFO | Using model artifact directory: /orcd/home/002/phevosp/MPLE-Causal-Inference/experiments/Synthetic/spectral_low_rank
2026-05-02 12:16:55 | INFO | Using truth artifact directory: /orcd/home/002/phevosp/MPLE-Causal-Inference/experiments/Synthetic/spectral_low_rank
2026-05-02 12:16:55 | INFO | Using loss mask artifact: /orcd/home/002/phevosp/MPLE-Causal-Inference/experiments/Synthetic/spectral_low_rank/cv_runs/alternating_uv_grid/candidates/alternating_uv_grid_candidate_0002/fold_10/loss_mask.npy
2026-05-02 12:16:55 | INFO | Configured optimizer mode: alternating_latent_rank
2026-05-02 12:16:55 | INFO | Configured latent rank: 3
2026-05-02 12:16:55 | INFO | Using a fixed known graph with scalar xi.
2026-05-02 12:16:55 | INFO | Fit-time hard bounds active: False
2026-05-02 12:16:55 | INFO | Fixed scalar parameters: {}
2026-05-02 12:16:55 | INFO | Warm-start fixed scalars: {} for 0 steps
2026-05-02 12:16:55 | INFO | Beta mask before s: False with s=0
2026-05-02 12:16:55 | INFO | Beta mask after e: False with e=11
2026-05-02 12:16:55 | INFO | Alternating V-column L2-ball constraint active with radius 1.0
2026-05-02 12:16:55 | INFO | Optimizer settings: steps=2000, tol=1e-07, n_starts=1, seed=0, lambda_nuclear=0.0, lambda_frobenius=0.0, lambda_uv_ridge=0.005, v_column_l2_max=1.0, proximal_lr=1.0
2026-05-02 12:16:55 | INFO | Alternating low-rank start 1/1 | seed=0 | initial_loss=0.832650 | initial_penalized=0.832651
2026-05-02 12:16:55 | INFO | Alternating low-rank iter 0 | Loss: 0.575692 | Penalized: 0.576300
2026-05-02 12:16:55 | INFO | Alternating low-rank iter 100 | Loss: 0.505877 | Penalized: 0.512259
2026-05-02 12:16:56 | INFO | Alternating low-rank iter 200 | Loss: 0.503686 | Penalized: 0.510352
2026-05-02 12:16:57 | INFO | Alternating low-rank iter 300 | Loss: 0.503310 | Penalized: 0.510040
2026-05-02 12:16:58 | INFO | Alternating low-rank iter 400 | Loss: 0.503191 | Penalized: 0.509969
2026-05-02 12:16:58 | INFO | Done fitting.
2026-05-02 12:16:58 | INFO | Optimizer status: CONVERGED: alternating objective tolerance reached
2026-05-02 12:16:58 | INFO | Best optimizer start: 1 / 1
2026-05-02 12:16:58 | INFO | Final Loss: 0.503187
2026-05-02 12:16:58 | INFO | Estimated vs True Parameters:
2026-05-02 12:16:58 | INFO |   beta: -0.3243 (True: -0.3000) | SQE: 0.000592
2026-05-02 12:16:58 | INFO |   xi: 0.7726 (True: 0.8000) | SQE: 0.000750
2026-05-02 12:16:58 | INFO |   eta: 0.3199 (True: 0.3000) | SQE: 0.000396
2026-05-02 12:16:58 | INFO | Alternating low-rank optimizer diagnostics:
2026-05-02 12:16:58 | INFO |   penalized_objective: 0.509965
2026-05-02 12:16:58 | INFO |   mple_loss_without_penalty: 0.503187
2026-05-02 12:16:58 | INFO |   lambda_uv_ridge: 0.005000
2026-05-02 12:16:58 | INFO |   u_frobenius_norm: 152.929645
2026-05-02 12:16:58 | INFO |   v_frobenius_norm: 1.732051
2026-05-02 12:16:58 | INFO |   effective_rank: 3.000000
2026-05-02 12:16:58 | INFO | Field and interaction diagnostics:
2026-05-02 12:16:58 | INFO |   field_rmse: 0.868736
2026-05-02 12:16:58 | INFO |   interaction_fro_error: 0.096999
2026-05-02 12:16:58 | INFO |   estimated_field_max_abs_entry: 11.599244
2026-05-02 12:16:58 | INFO |   estimated_field_rank: 3.000000
2026-05-02 12:16:58 | INFO |   true_field_max_abs_entry: 2.857994
2026-05-02 12:16:58 | INFO |   true_field_rank: 3.000000
2026-05-02 12:16:58 | INFO | Saved summary table to /orcd/home/002/phevosp/MPLE-Causal-Inference/experiments/Synthetic/spectral_low_rank/cv_runs/alternating_uv_grid/candidates/alternating_uv_grid_candidate_0002/fold_10/mple_summary.csv
2026-05-02 12:16:58 | INFO | Log saved to /orcd/home/002/phevosp/MPLE-Causal-Inference/experiments/Synthetic/spectral_low_rank/cv_runs/alternating_uv_grid/candidates/alternating_uv_grid_candidate_0002/fold_10/mple.log
