2026-04-30 12:33:31 | INFO | Loading data...
2026-04-30 12:33:31 | INFO | Using panel artifact: /orcd/home/002/phevosp/MPLE-Causal-Inference/experiments/SyntheticHybridExperiments/r5_c1_hybrid_us_county_intervention_generated_graph_confounding/panel_data.npz
2026-04-30 12:33:31 | INFO | Using x_0 artifact: /orcd/home/002/phevosp/MPLE-Causal-Inference/experiments/SyntheticHybridExperiments/r5_c1_hybrid_us_county_intervention_generated_graph_confounding/x_0.npy
2026-04-30 12:33:31 | INFO | Using fit config: /orcd/home/002/phevosp/MPLE-Causal-Inference/experiments/SyntheticHybridExperiments/r5_c1_hybrid_us_county_intervention_generated_graph_confounding/fits/alternating_rank_5_uv_5_e1_beta_mask/fit_realized_config.yaml
2026-04-30 12:33:31 | INFO | Using model artifact directory: /orcd/home/002/phevosp/MPLE-Causal-Inference/experiments/SyntheticHybridExperiments/r5_c1_hybrid_us_county_intervention_generated_graph_confounding
2026-04-30 12:33:31 | INFO | Using truth artifact directory: /orcd/home/002/phevosp/MPLE-Causal-Inference/experiments/SyntheticHybridExperiments/r5_c1_hybrid_us_county_intervention_generated_graph_confounding
2026-04-30 12:33:31 | INFO | Configured optimizer mode: alternating_latent_rank
2026-04-30 12:33:31 | INFO | Configured latent rank: 5
2026-04-30 12:33:31 | INFO | Using a fixed known graph with scalar xi.
2026-04-30 12:33:31 | INFO | Fit-time hard bounds active: False
2026-04-30 12:33:31 | INFO | Fixed scalar parameters: {}
2026-04-30 12:33:31 | INFO | Warm-start fixed scalars: {} for 0 steps
2026-04-30 12:33:31 | INFO | Beta mask before s: True with s=55
2026-04-30 12:33:31 | INFO | Beta mask after e: True with e=120
2026-04-30 12:33:31 | INFO | Alternating V-column L2-ball constraint active with radius 1.0
2026-04-30 12:33:31 | INFO | Optimizer settings: steps=20000, tol=1e-09, n_starts=1, seed=0, lambda_nuclear=0.0, lambda_frobenius=0.0, lambda_uv_ridge=0.5, v_column_l2_max=1.0, proximal_lr=1.0
2026-04-30 12:33:31 | INFO | Alternating low-rank start 1/1 | seed=0 | initial_loss=0.698936 | initial_penalized=0.698950
2026-04-30 12:33:31 | INFO | Alternating low-rank iter 0 | Loss: 0.608258 | Penalized: 0.619153
2026-04-30 12:33:42 | INFO | Alternating low-rank iter 100 | Loss: 0.589968 | Penalized: 0.609333
2026-04-30 12:33:53 | INFO | Alternating low-rank iter 200 | Loss: 0.589670 | Penalized: 0.609004
2026-04-30 12:34:05 | INFO | Alternating low-rank iter 300 | Loss: 0.589634 | Penalized: 0.608965
2026-04-30 12:34:16 | INFO | Alternating low-rank iter 400 | Loss: 0.589630 | Penalized: 0.608960
2026-04-30 12:34:27 | INFO | Alternating low-rank iter 500 | Loss: 0.589629 | Penalized: 0.608959
2026-04-30 12:34:30 | INFO | Done fitting.
2026-04-30 12:34:30 | INFO | Optimizer status: CONVERGED: alternating objective tolerance reached
2026-04-30 12:34:30 | INFO | Best optimizer start: 1 / 1
2026-04-30 12:34:30 | INFO | Final Loss: 0.589629
2026-04-30 12:34:30 | INFO | Estimated vs True Parameters:
2026-04-30 12:34:30 | INFO |   beta: -0.1073 (True: -0.3000) | SQE: 0.037151
2026-04-30 12:34:30 | INFO |   xi: 0.8000 (True: 0.8000) | SQE: 0.000000
2026-04-30 12:34:30 | INFO |   eta: 0.2842 (True: 0.3000) | SQE: 0.000249
2026-04-30 12:34:31 | INFO | Alternating low-rank optimizer diagnostics:
2026-04-30 12:34:31 | INFO |   penalized_objective: 0.608959
2026-04-30 12:34:31 | INFO |   mple_loss_without_penalty: 0.589629
2026-04-30 12:34:31 | INFO |   lambda_uv_ridge: 0.500000
2026-04-30 12:34:31 | INFO |   u_frobenius_norm: 118.227084
2026-04-30 12:34:31 | INFO |   v_frobenius_norm: 2.236068
2026-04-30 12:34:31 | INFO |   effective_rank: 5.000000
2026-04-30 12:34:31 | INFO | Field and interaction diagnostics:
2026-04-30 12:34:31 | INFO |   field_rmse: 0.365571
2026-04-30 12:34:31 | INFO |   interaction_fro_error: 0.000304
2026-04-30 12:34:31 | INFO |   estimated_field_max_abs_entry: 1.111624
2026-04-30 12:34:31 | INFO |   estimated_field_rank: 5.000000
2026-04-30 12:34:31 | INFO |   true_field_max_abs_entry: 2.906201
2026-04-30 12:34:31 | INFO |   true_field_rank: 5.000000
2026-04-30 12:34:31 | INFO | Saved summary table to /orcd/home/002/phevosp/MPLE-Causal-Inference/experiments/SyntheticHybridExperiments/r5_c1_hybrid_us_county_intervention_generated_graph_confounding/fits/alternating_rank_5_uv_5_e1_beta_mask/mple_summary.csv
2026-04-30 12:34:31 | INFO | Log saved to /orcd/home/002/phevosp/MPLE-Causal-Inference/experiments/SyntheticHybridExperiments/r5_c1_hybrid_us_county_intervention_generated_graph_confounding/fits/alternating_rank_5_uv_5_e1_beta_mask/mple.log
