2026-04-06 14:11:56 | INFO | Loading data...
2026-04-06 14:11:56 | INFO | Loaded 9 field templates and 1 interaction templates.
2026-04-06 14:11:56 | INFO | Intervention-process model enabled: True
2026-04-06 14:11:56 | INFO | Running conditional-model MPLE on x with shape=(15, 9642)
2026-04-06 14:11:56 | INFO | Eval 0  |  Loss: 0.695137
2026-04-06 14:11:56 | INFO |   field::intercept: +0.0126,  field::total_pop: -0.0132,  field::black_share: +0.0640,  field::hispanic_share: +0.0105,  field::male_1521_share: -0.0536,  field::family_household_share: +0.0362,  field::female_household_share: +0.1304,  field::renter_share: +0.0947,  field::vacant_share: -0.0704,  tau block: mean=-0.0323, std=0.0897, min=-0.2325, max=+0.1366,  beta: +0.0903,  interaction::centroid_distance_kernel_8: +0.0094,  eta: -0.0743,  zeta: -0.0922,  psi: -0.0458
2026-04-06 14:11:59 | INFO | Eval 100  |  Loss: 0.502805
2026-04-06 14:11:59 | INFO |   field::intercept: -0.2484,  field::total_pop: +1.0426,  field::black_share: +0.0993,  field::hispanic_share: +0.0460,  field::male_1521_share: +0.0386,  field::family_household_share: -0.0274,  field::female_household_share: +0.0308,  field::renter_share: +0.1007,  field::vacant_share: +0.1785,  tau block: mean=-0.0497, std=0.0635, min=-0.1505, max=+0.0380,  beta: -0.0651,  interaction::centroid_distance_kernel_8: +0.4466,  eta: +0.0800,  zeta: +0.2061,  psi: +3.4462
2026-04-06 14:12:00 | INFO | Done fitting.
2026-04-06 14:12:00 | INFO | Optimizer status: CONVERGENCE: RELATIVE REDUCTION OF F <= FACTR*EPSMCH
2026-04-06 14:12:00 | INFO | Final Loss: 0.502804
2026-04-06 14:12:00 | INFO | Estimated Parameters:
2026-04-06 14:12:00 | INFO |   field::intercept: -0.2509
2026-04-06 14:12:00 | INFO |   field::total_pop: 1.0506
2026-04-06 14:12:00 | INFO |   field::black_share: 0.0994
2026-04-06 14:12:00 | INFO |   field::hispanic_share: 0.0493
2026-04-06 14:12:00 | INFO |   field::male_1521_share: 0.0421
2026-04-06 14:12:00 | INFO |   field::family_household_share: -0.0279
2026-04-06 14:12:00 | INFO |   field::female_household_share: 0.0332
2026-04-06 14:12:00 | INFO |   field::renter_share: 0.0998
2026-04-06 14:12:00 | INFO |   field::vacant_share: 0.2101
2026-04-06 14:12:00 | INFO |   tau::t_0: -0.1266
2026-04-06 14:12:00 | INFO |   tau::t_1: -0.0146
2026-04-06 14:12:00 | INFO |   tau::t_2: -0.0370
2026-04-06 14:12:00 | INFO |   tau::t_3: -0.1352
2026-04-06 14:12:00 | INFO |   tau::t_4: -0.1125
2026-04-06 14:12:00 | INFO |   tau::t_5: -0.0744
2026-04-06 14:12:00 | INFO |   tau::t_6: -0.0599
2026-04-06 14:12:00 | INFO |   tau::t_7: -0.1055
2026-04-06 14:12:00 | INFO |   tau::t_8: -0.0517
2026-04-06 14:12:00 | INFO |   tau::t_9: 0.0372
2026-04-06 14:12:00 | INFO |   tau::t_10: 0.0172
2026-04-06 14:12:00 | INFO |   tau::t_11: 0.0009
2026-04-06 14:12:00 | INFO |   tau::t_12: 0.0259
2026-04-06 14:12:00 | INFO |   tau::t_13: 0.0384
2026-04-06 14:12:00 | INFO |   tau::t_14: -0.1508
2026-04-06 14:12:00 | INFO |   beta: -0.0676
2026-04-06 14:12:00 | INFO |   interaction::centroid_distance_kernel_8: 0.4453
2026-04-06 14:12:00 | INFO |   eta: 0.0801
2026-04-06 14:12:00 | INFO |   zeta: 0.2258
2026-04-06 14:12:00 | INFO |   psi: 3.4458
2026-04-06 14:12:00 | INFO | Saved summary tables to C:\Users\phevo\Documents\MIT\Code\MPLE-Causal-Inference\experiments\SeattleDMI\any_crime_gt_block_mean_pm1__centroid_distance_kernel_8\mple_summary.csv and C:\Users\phevo\Documents\MIT\Code\MPLE-Causal-Inference\experiments\SeattleDMI\any_crime_gt_block_mean_pm1__centroid_distance_kernel_8\mple_summary.md
2026-04-06 14:12:00 | INFO | Log saved to C:\Users\phevo\Documents\MIT\Code\MPLE-Causal-Inference\experiments\SeattleDMI\any_crime_gt_block_mean_pm1__centroid_distance_kernel_8\mple.log
