2026-05-01 08:30:22 | INFO | Loading data...
2026-05-01 08:30:22 | INFO | Using panel artifact: /orcd/home/002/phevosp/MPLE-Causal-Inference/experiments/SyntheticHybridExperiments/base/panel_data.npz
2026-05-01 08:30:22 | INFO | Using x_0 artifact: /orcd/home/002/phevosp/MPLE-Causal-Inference/experiments/SyntheticHybridExperiments/base/x_0.npy
2026-05-01 08:30:22 | INFO | Using fit config: /orcd/home/002/phevosp/MPLE-Causal-Inference/experiments/SyntheticHybridExperiments/base/cv_runs/alternating_uv_grid/candidates/alternating_uv_grid_candidate_0002/fold_4/fit_realized_config.yaml
2026-05-01 08:30:22 | INFO | Using model artifact directory: /orcd/home/002/phevosp/MPLE-Causal-Inference/experiments/SyntheticHybridExperiments/base
2026-05-01 08:30:22 | INFO | Using truth artifact directory: /orcd/home/002/phevosp/MPLE-Causal-Inference/experiments/SyntheticHybridExperiments/base
2026-05-01 08:30:22 | INFO | Using loss mask artifact: /orcd/home/002/phevosp/MPLE-Causal-Inference/experiments/SyntheticHybridExperiments/base/cv_runs/alternating_uv_grid/candidates/alternating_uv_grid_candidate_0002/fold_4/loss_mask.npy
2026-05-01 08:30:22 | INFO | Configured optimizer mode: alternating_latent_rank
2026-05-01 08:30:22 | INFO | Configured latent rank: 3
2026-05-01 08:30:22 | INFO | Using a fixed known graph with scalar xi.
2026-05-01 08:30:22 | INFO | Fit-time hard bounds active: False
2026-05-01 08:30:22 | INFO | Fixed scalar parameters: {}
2026-05-01 08:30:22 | INFO | Warm-start fixed scalars: {} for 0 steps
2026-05-01 08:30:22 | INFO | Beta mask before s: False with s=0
2026-05-01 08:30:22 | INFO | Beta mask after e: False with e=11
2026-05-01 08:30:22 | INFO | Alternating V-column L2-ball constraint active with radius 1.0
2026-05-01 08:30:22 | INFO | Optimizer settings: steps=2000, tol=1e-07, n_starts=1, seed=0, lambda_nuclear=0.0, lambda_frobenius=0.0, lambda_uv_ridge=0.005, v_column_l2_max=1.0, proximal_lr=1.0
2026-05-01 08:30:22 | INFO | Alternating low-rank start 1/1 | seed=0 | initial_loss=0.841288 | initial_penalized=0.841296
2026-05-01 08:30:22 | INFO | Alternating low-rank iter 0 | Loss: 0.642610 | Penalized: 0.643980
2026-05-01 08:30:23 | INFO | Alternating low-rank iter 100 | Loss: 0.275997 | Penalized: 0.323233
2026-05-01 08:30:24 | INFO | Alternating low-rank iter 200 | Loss: 0.269860 | Penalized: 0.318105
2026-05-01 08:30:25 | INFO | Alternating low-rank iter 300 | Loss: 0.268390 | Penalized: 0.316883
2026-05-01 08:30:26 | INFO | Alternating low-rank iter 400 | Loss: 0.267368 | Penalized: 0.316148
2026-05-01 08:30:28 | INFO | Alternating low-rank iter 500 | Loss: 0.266602 | Penalized: 0.315636
2026-05-01 08:30:29 | INFO | Alternating low-rank iter 600 | Loss: 0.266124 | Penalized: 0.315240
2026-05-01 08:30:30 | INFO | Alternating low-rank iter 700 | Loss: 0.265704 | Penalized: 0.314751
2026-05-01 08:30:30 | INFO | Alternating low-rank iter 800 | Loss: 0.265279 | Penalized: 0.314140
2026-05-01 08:30:31 | INFO | Alternating low-rank iter 900 | Loss: 0.264829 | Penalized: 0.313541
2026-05-01 08:30:32 | INFO | Alternating low-rank iter 1000 | Loss: 0.264149 | Penalized: 0.312766
2026-05-01 08:30:33 | INFO | Alternating low-rank iter 1100 | Loss: 0.261337 | Penalized: 0.310217
2026-05-01 08:30:34 | INFO | Alternating low-rank iter 1200 | Loss: 0.258801 | Penalized: 0.308276
2026-05-01 08:30:35 | INFO | Alternating low-rank iter 1300 | Loss: 0.257656 | Penalized: 0.307417
2026-05-01 08:30:35 | INFO | Alternating low-rank iter 1400 | Loss: 0.256748 | Penalized: 0.306798
2026-05-01 08:30:36 | INFO | Alternating low-rank iter 1500 | Loss: 0.256358 | Penalized: 0.306492
2026-05-01 08:30:37 | INFO | Alternating low-rank iter 1600 | Loss: 0.256161 | Penalized: 0.306295
2026-05-01 08:30:38 | INFO | Alternating low-rank iter 1700 | Loss: 0.256015 | Penalized: 0.306134
2026-05-01 08:30:39 | INFO | Alternating low-rank iter 1800 | Loss: 0.255890 | Penalized: 0.305993
2026-05-01 08:30:40 | INFO | Alternating low-rank iter 1900 | Loss: 0.255777 | Penalized: 0.305864
2026-05-01 08:30:41 | INFO | Done fitting.
2026-05-01 08:30:41 | INFO | Optimizer status: STOP: TOTAL NO. OF ITERATIONS REACHED LIMIT
2026-05-01 08:30:41 | INFO | Best optimizer start: 1 / 1
2026-05-01 08:30:41 | INFO | Final Loss: 0.255671
2026-05-01 08:30:41 | INFO | Estimated vs True Parameters:
2026-05-01 08:30:41 | INFO |   beta: -0.5398 (True: -0.3000) | SQE: 0.057514
2026-05-01 08:30:41 | INFO |   xi: 0.9164 (True: 0.8000) | SQE: 0.013544
2026-05-01 08:30:41 | INFO |   eta: 0.2875 (True: 0.3000) | SQE: 0.000156
2026-05-01 08:30:41 | INFO | Alternating low-rank optimizer diagnostics:
2026-05-01 08:30:41 | INFO |   penalized_objective: 0.305746
2026-05-01 08:30:41 | INFO |   mple_loss_without_penalty: 0.255671
2026-05-01 08:30:41 | INFO |   lambda_uv_ridge: 0.005000
2026-05-01 08:30:41 | INFO |   u_frobenius_norm: 172.341992
2026-05-01 08:30:41 | INFO |   v_frobenius_norm: 1.732051
2026-05-01 08:30:41 | INFO |   effective_rank: 3.000000
2026-05-01 08:30:41 | INFO | Field and interaction diagnostics:
2026-05-01 08:30:41 | INFO |   field_rmse: 1.090253
2026-05-01 08:30:41 | INFO |   interaction_fro_error: 0.307607
2026-05-01 08:30:41 | INFO |   estimated_field_max_abs_entry: 5.062929
2026-05-01 08:30:41 | INFO |   estimated_field_rank: 3.000000
2026-05-01 08:30:41 | INFO |   true_field_max_abs_entry: 0.000000
2026-05-01 08:30:41 | INFO |   true_field_rank: 0.000000
2026-05-01 08:30:41 | INFO | Saved summary table to /orcd/home/002/phevosp/MPLE-Causal-Inference/experiments/SyntheticHybridExperiments/base/cv_runs/alternating_uv_grid/candidates/alternating_uv_grid_candidate_0002/fold_4/mple_summary.csv
2026-05-01 08:30:41 | INFO | Log saved to /orcd/home/002/phevosp/MPLE-Causal-Inference/experiments/SyntheticHybridExperiments/base/cv_runs/alternating_uv_grid/candidates/alternating_uv_grid_candidate_0002/fold_4/mple.log
