2026-05-03 22:45:58 | INFO | Loading data...
2026-05-03 22:45:58 | INFO | Using panel artifact: /orcd/home/002/phevosp/MPLE-Causal-Inference/experiments/USCountyVaccination/outcome_death_rate_100k_ge_2__intervention_complete_cov_ge_30__lag_2w__distance_kernel_8__start_2020_03_01/panel_data.npz
2026-05-03 22:45:58 | INFO | Using x_0 artifact: /orcd/home/002/phevosp/MPLE-Causal-Inference/experiments/USCountyVaccination/outcome_death_rate_100k_ge_2__intervention_complete_cov_ge_30__lag_2w__distance_kernel_8__start_2020_03_01/x_0.npy
2026-05-03 22:45:58 | INFO | Using fit config: /orcd/home/002/phevosp/MPLE-Causal-Inference/experiments/USCountyVaccination/outcome_death_rate_100k_ge_2__intervention_complete_cov_ge_30__lag_2w__distance_kernel_8__start_2020_03_01/cv_runs/alternating_uv_grid/candidates/alternating_uv_grid_candidate_0001/fold_4/fit_realized_config.yaml
2026-05-03 22:45:58 | INFO | Using model artifact directory: /orcd/home/002/phevosp/MPLE-Causal-Inference/experiments/USCountyVaccination/outcome_death_rate_100k_ge_2__intervention_complete_cov_ge_30__lag_2w__distance_kernel_8__start_2020_03_01
2026-05-03 22:45:58 | INFO | Using truth artifact directory: /orcd/home/002/phevosp/MPLE-Causal-Inference/experiments/USCountyVaccination/outcome_death_rate_100k_ge_2__intervention_complete_cov_ge_30__lag_2w__distance_kernel_8__start_2020_03_01
2026-05-03 22:45:58 | INFO | Using loss mask artifact: /orcd/home/002/phevosp/MPLE-Causal-Inference/experiments/USCountyVaccination/outcome_death_rate_100k_ge_2__intervention_complete_cov_ge_30__lag_2w__distance_kernel_8__start_2020_03_01/cv_runs/alternating_uv_grid/candidates/alternating_uv_grid_candidate_0001/fold_4/loss_mask.npy
2026-05-03 22:45:58 | INFO | Configured optimizer mode: alternating_latent_rank
2026-05-03 22:45:58 | INFO | Configured latent rank: 1
2026-05-03 22:45:58 | INFO | Using a fixed known graph with scalar xi.
2026-05-03 22:45:58 | INFO | Fit-time hard bounds active: False
2026-05-03 22:45:58 | INFO | Fixed scalar parameters: {}
2026-05-03 22:45:58 | INFO | Warm-start fixed scalars: {} for 0 steps
2026-05-03 22:45:58 | INFO | Beta mask before s: True with s=50
2026-05-03 22:45:58 | INFO | Beta mask after e: True with e=115
2026-05-03 22:45:58 | INFO | Alternating V-column L2-ball constraint active with radius 1.0
2026-05-03 22:45:58 | INFO | Optimizer settings: steps=2000, tol=1e-07, n_starts=1, seed=0, lambda_nuclear=0.0, lambda_frobenius=0.0, lambda_uv_ridge=0.001, v_column_l2_max=1.0, proximal_lr=1.0
2026-05-03 22:45:58 | INFO | Alternating low-rank start 1/1 | seed=0 | initial_loss=0.702748 | initial_penalized=0.702748
2026-05-03 22:45:58 | INFO | Alternating low-rank iter 0 | Loss: 0.510862 | Penalized: 0.511004
2026-05-03 22:46:07 | INFO | Alternating low-rank iter 100 | Loss: 0.458092 | Penalized: 0.458453
2026-05-03 22:46:16 | INFO | Alternating low-rank iter 200 | Loss: 0.456265 | Penalized: 0.456497
2026-05-03 22:46:18 | INFO | Done fitting.
2026-05-03 22:46:18 | INFO | Optimizer status: CONVERGED: alternating objective tolerance reached
2026-05-03 22:46:18 | INFO | Best optimizer start: 1 / 1
2026-05-03 22:46:18 | INFO | Final Loss: 0.456260
2026-05-03 22:46:18 | INFO | Estimated Parameters:
2026-05-03 22:46:18 | INFO |   beta: 0.0126
2026-05-03 22:46:18 | INFO |   xi: 1.6747
2026-05-03 22:46:18 | INFO |   eta: 0.1927
2026-05-03 22:46:18 | INFO | Alternating low-rank optimizer diagnostics:
2026-05-03 22:46:18 | INFO |   penalized_objective: 0.456492
2026-05-03 22:46:18 | INFO |   mple_loss_without_penalty: 0.456260
2026-05-03 22:46:18 | INFO |   lambda_uv_ridge: 0.001000
2026-05-03 22:46:18 | INFO |   u_frobenius_norm: 234.387532
2026-05-03 22:46:18 | INFO |   v_frobenius_norm: 1.000000
2026-05-03 22:46:18 | INFO |   effective_rank: 1.000000
2026-05-03 22:46:18 | INFO | Field and interaction diagnostics:
2026-05-03 22:46:18 | INFO |   estimated_field_max_abs_entry: 3.133633
2026-05-03 22:46:18 | INFO |   estimated_field_rank: 1.000000
2026-05-03 22:46:19 | INFO | Saved summary table to /orcd/home/002/phevosp/MPLE-Causal-Inference/experiments/USCountyVaccination/outcome_death_rate_100k_ge_2__intervention_complete_cov_ge_30__lag_2w__distance_kernel_8__start_2020_03_01/cv_runs/alternating_uv_grid/candidates/alternating_uv_grid_candidate_0001/fold_4/mple_summary.csv
2026-05-03 22:46:19 | INFO | Log saved to /orcd/home/002/phevosp/MPLE-Causal-Inference/experiments/USCountyVaccination/outcome_death_rate_100k_ge_2__intervention_complete_cov_ge_30__lag_2w__distance_kernel_8__start_2020_03_01/cv_runs/alternating_uv_grid/candidates/alternating_uv_grid_candidate_0001/fold_4/mple.log
