2026-04-19 11:35:33 | INFO | Loading data...
2026-04-19 11:35:33 | INFO | Using panel artifact: C:\Users\phevo\Documents\MIT\Code\MPLE-Causal-Inference\experiments\USCountyVaccination_US_sensitivity\outcome_death_rate_100k_ge_2__intervention_complete_cov_ge_40__lag_2w__contiguity__start_2020_01_26\panel_data.npz
2026-04-19 11:35:33 | INFO | Using x_0 artifact: C:\Users\phevo\Documents\MIT\Code\MPLE-Causal-Inference\experiments\USCountyVaccination_US_sensitivity\outcome_death_rate_100k_ge_2__intervention_complete_cov_ge_40__lag_2w__contiguity__start_2020_01_26\x_0.npy
2026-04-19 11:35:33 | INFO | Using z_0 artifact: C:\Users\phevo\Documents\MIT\Code\MPLE-Causal-Inference\experiments\USCountyVaccination_US_sensitivity\outcome_death_rate_100k_ge_2__intervention_complete_cov_ge_40__lag_2w__contiguity__start_2020_01_26\z_0.npy
2026-04-19 11:35:33 | INFO | Using fit config: C:\Users\phevo\Documents\MIT\Code\MPLE-Causal-Inference\experiments\USCountyVaccination_US_sensitivity\outcome_death_rate_100k_ge_2__intervention_complete_cov_ge_40__lag_2w__contiguity__start_2020_01_26\fits\rank_40_b5\fit_realized_config.yaml
2026-04-19 11:35:33 | INFO | Using model artifact directory: C:\Users\phevo\Documents\MIT\Code\MPLE-Causal-Inference\experiments\USCountyVaccination_US_sensitivity\outcome_death_rate_100k_ge_2__intervention_complete_cov_ge_40__lag_2w__contiguity__start_2020_01_26
2026-04-19 11:35:33 | INFO | Using truth artifact directory: C:\Users\phevo\Documents\MIT\Code\MPLE-Causal-Inference\experiments\USCountyVaccination_US_sensitivity\outcome_death_rate_100k_ge_2__intervention_complete_cov_ge_40__lag_2w__contiguity__start_2020_01_26
2026-04-19 11:35:33 | INFO | Configured latent rank: 40
2026-04-19 11:35:33 | INFO | Using a fixed known graph with scalar xi.
2026-04-19 11:35:33 | INFO | Intervention-process model enabled: False
2026-04-19 11:35:33 | INFO | Global temperature bound B active: True
2026-04-19 11:35:33 | INFO | Effective xi bound from interaction constraint: 5.000000
2026-04-19 11:35:33 | INFO | Beta mask pre-intervention enabled: True
2026-04-19 11:35:33 | INFO | Fixed scalar parameters: {}
2026-04-19 11:35:33 | INFO | Optimizer settings: n_starts=5, lbfgs_steps=50000, tol=1e-09, adam_steps=1000, adam_lr=0.01, adam_device=cpu, seed=0
2026-04-19 11:35:33 | INFO | Optimizer start 1/5 | seed=0 | initial_loss=0.723787
2026-04-19 11:35:37 | INFO | Start 1 Adam step 0 | Loss: 0.723787
2026-04-19 11:35:39 | INFO | Start 1 Adam step 100 | Loss: 0.227371
2026-04-19 11:35:42 | INFO | Start 1 Adam step 200 | Loss: 0.222541
2026-04-19 11:35:44 | INFO | Start 1 Adam step 300 | Loss: 0.234423
2026-04-19 11:35:47 | INFO | Start 1 Adam step 400 | Loss: 0.219969
2026-04-19 11:35:49 | INFO | Start 1 Adam step 500 | Loss: 0.221100
2026-04-19 11:35:52 | INFO | Start 1 Adam step 600 | Loss: 0.217036
2026-04-19 11:35:54 | INFO | Start 1 Adam step 700 | Loss: 0.209454
2026-04-19 11:35:56 | INFO | Start 1 Adam step 800 | Loss: 0.210927
2026-04-19 11:35:59 | INFO | Start 1 Adam step 900 | Loss: 0.206757
2026-04-19 11:36:01 | INFO | Start 1 L-BFGS eval 0 | Loss: 0.205697
2026-04-19 11:36:01 | INFO |   beta: -0.0093,  xi: +2.0168,  eta: +0.5081
2026-04-19 11:36:07 | INFO | Start 1 L-BFGS eval 100 | Loss: 0.201914
2026-04-19 11:36:07 | INFO |   beta: +0.0197,  xi: +1.9559,  eta: +0.4665
2026-04-19 11:36:13 | INFO | Start 1 L-BFGS eval 200 | Loss: 0.201435
2026-04-19 11:36:13 | INFO |   beta: -0.0080,  xi: +2.0235,  eta: +0.5116
2026-04-19 11:36:19 | INFO | Start 1 L-BFGS eval 300 | Loss: 0.201426
2026-04-19 11:36:19 | INFO |   beta: -0.0085,  xi: +2.0274,  eta: +0.5083
2026-04-19 11:36:24 | INFO | Start 1 L-BFGS eval 400 | Loss: 0.201423
2026-04-19 11:36:24 | INFO |   beta: -0.0087,  xi: +2.0299,  eta: +0.5069
2026-04-19 11:36:29 | INFO | Start 1 L-BFGS eval 500 | Loss: 0.201422
2026-04-19 11:36:29 | INFO |   beta: -0.0090,  xi: +2.0312,  eta: +0.5056
2026-04-19 11:36:32 | INFO | Optimizer start 1/5 complete | final_loss=0.201422 | status=CONVERGENCE: RELATIVE REDUCTION OF F <= FACTR*EPSMCH
2026-04-19 11:36:32 | INFO | Optimizer start 2/5 | seed=1 | initial_loss=0.847198
2026-04-19 11:36:32 | INFO | Start 2 Adam step 0 | Loss: 0.847198
2026-04-19 11:36:34 | INFO | Start 2 Adam step 100 | Loss: 0.246169
2026-04-19 11:36:36 | INFO | Start 2 Adam step 200 | Loss: 0.224638
2026-04-19 11:36:38 | INFO | Start 2 Adam step 300 | Loss: 0.230948
2026-04-19 11:36:40 | INFO | Start 2 Adam step 400 | Loss: 0.222954
2026-04-19 11:36:43 | INFO | Start 2 Adam step 500 | Loss: 0.217760
2026-04-19 11:36:45 | INFO | Start 2 Adam step 600 | Loss: 0.210441
2026-04-19 11:36:47 | INFO | Start 2 Adam step 700 | Loss: 0.206831
2026-04-19 11:36:49 | INFO | Start 2 Adam step 800 | Loss: 0.209587
2026-04-19 11:36:52 | INFO | Start 2 Adam step 900 | Loss: 0.210536
2026-04-19 11:36:54 | INFO | Start 2 L-BFGS eval 0 | Loss: 0.209227
2026-04-19 11:36:54 | INFO |   beta: -0.0029,  xi: +1.9405,  eta: +0.4461
2026-04-19 11:36:59 | INFO | Start 2 L-BFGS eval 100 | Loss: 0.208445
2026-04-19 11:36:59 | INFO |   beta: -0.0065,  xi: +2.0350,  eta: +0.4335
2026-04-19 11:37:05 | INFO | Start 2 L-BFGS eval 200 | Loss: 0.208429
2026-04-19 11:37:05 | INFO |   beta: -0.0050,  xi: +2.0085,  eta: +0.4444
2026-04-19 11:37:08 | INFO | Optimizer start 2/5 complete | final_loss=0.208426 | status=CONVERGENCE: RELATIVE REDUCTION OF F <= FACTR*EPSMCH
2026-04-19 11:37:08 | INFO | Optimizer start 3/5 | seed=2 | initial_loss=0.737686
2026-04-19 11:37:08 | INFO | Start 3 Adam step 0 | Loss: 0.737686
2026-04-19 11:37:10 | INFO | Start 3 Adam step 100 | Loss: 0.225964
2026-04-19 11:37:12 | INFO | Start 3 Adam step 200 | Loss: 0.224336
2026-04-19 11:37:15 | INFO | Start 3 Adam step 300 | Loss: 0.238696
2026-04-19 11:37:17 | INFO | Start 3 Adam step 400 | Loss: 0.218045
2026-04-19 11:37:19 | INFO | Start 3 Adam step 500 | Loss: 0.217549
2026-04-19 11:37:21 | INFO | Start 3 Adam step 600 | Loss: 0.215238
2026-04-19 11:37:24 | INFO | Start 3 Adam step 700 | Loss: 0.207537
2026-04-19 11:37:26 | INFO | Start 3 Adam step 800 | Loss: 0.208901
2026-04-19 11:37:28 | INFO | Start 3 Adam step 900 | Loss: 0.206493
2026-04-19 11:37:31 | INFO | Start 3 L-BFGS eval 0 | Loss: 0.206692
2026-04-19 11:37:31 | INFO |   beta: -0.0054,  xi: +2.0352,  eta: +0.4887
2026-04-19 11:37:35 | INFO | Optimizer start 3/5 complete | final_loss=0.205437 | status=CONVERGENCE: RELATIVE REDUCTION OF F <= FACTR*EPSMCH
2026-04-19 11:37:35 | INFO | Optimizer start 4/5 | seed=3 | initial_loss=0.697429
2026-04-19 11:37:35 | INFO | Start 4 Adam step 0 | Loss: 0.697429
2026-04-19 11:37:37 | INFO | Start 4 Adam step 100 | Loss: 0.228603
2026-04-19 11:37:40 | INFO | Start 4 Adam step 200 | Loss: 0.223564
2026-04-19 11:37:42 | INFO | Start 4 Adam step 300 | Loss: 0.234879
2026-04-19 11:37:44 | INFO | Start 4 Adam step 400 | Loss: 0.215794
2026-04-19 11:37:46 | INFO | Start 4 Adam step 500 | Loss: 0.215918
2026-04-19 11:37:49 | INFO | Start 4 Adam step 600 | Loss: 0.218093
2026-04-19 11:37:51 | INFO | Start 4 Adam step 700 | Loss: 0.211569
2026-04-19 11:37:53 | INFO | Start 4 Adam step 800 | Loss: 0.210362
2026-04-19 11:37:55 | INFO | Start 4 Adam step 900 | Loss: 0.210430
2026-04-19 11:37:58 | INFO | Start 4 L-BFGS eval 0 | Loss: 0.208022
2026-04-19 11:37:58 | INFO |   beta: +0.0001,  xi: +2.0114,  eta: +0.5079
2026-04-19 11:38:04 | INFO | Start 4 L-BFGS eval 100 | Loss: 0.200990
2026-04-19 11:38:04 | INFO |   beta: -0.0015,  xi: +2.0430,  eta: +0.5177
2026-04-19 11:38:05 | INFO | Optimizer start 4/5 complete | final_loss=0.200990 | status=ABNORMAL: 
2026-04-19 11:38:05 | INFO | Optimizer start 5/5 | seed=4 | initial_loss=0.730387
2026-04-19 11:38:05 | INFO | Start 5 Adam step 0 | Loss: 0.730387
2026-04-19 11:38:07 | INFO | Start 5 Adam step 100 | Loss: 0.226926
2026-04-19 11:38:10 | INFO | Start 5 Adam step 200 | Loss: 0.220541
2026-04-19 11:38:12 | INFO | Start 5 Adam step 300 | Loss: 0.238171
2026-04-19 11:38:14 | INFO | Start 5 Adam step 400 | Loss: 0.214447
2026-04-19 11:38:17 | INFO | Start 5 Adam step 500 | Loss: 0.215732
2026-04-19 11:38:19 | INFO | Start 5 Adam step 600 | Loss: 0.213231
2026-04-19 11:38:21 | INFO | Start 5 Adam step 700 | Loss: 0.208135
2026-04-19 11:38:24 | INFO | Start 5 Adam step 800 | Loss: 0.209271
2026-04-19 11:38:26 | INFO | Start 5 Adam step 900 | Loss: 0.210414
2026-04-19 11:38:29 | INFO | Start 5 L-BFGS eval 0 | Loss: 0.208438
2026-04-19 11:38:29 | INFO |   beta: +0.0012,  xi: +1.9868,  eta: +0.4954
2026-04-19 11:38:34 | INFO | Start 5 L-BFGS eval 100 | Loss: 0.206391
2026-04-19 11:38:34 | INFO |   beta: -0.0005,  xi: +2.0342,  eta: +0.4926
2026-04-19 11:38:39 | INFO | Start 5 L-BFGS eval 200 | Loss: 0.206385
2026-04-19 11:38:39 | INFO |   beta: -0.0006,  xi: +2.0227,  eta: +0.4892
2026-04-19 11:38:42 | INFO | Optimizer start 5/5 complete | final_loss=0.206385 | status=ABNORMAL: 
2026-04-19 11:38:42 | INFO | Done fitting.
2026-04-19 11:38:42 | INFO | Optimizer status: ABNORMAL:  | best_start=4/5
2026-04-19 11:38:42 | INFO | Best optimizer start: 4 / 5
2026-04-19 11:38:42 | INFO | Final Loss: 0.200990
2026-04-19 11:38:42 | INFO | Estimated Parameters:
2026-04-19 11:38:42 | INFO |   beta: -0.0015
2026-04-19 11:38:42 | INFO |   xi: 2.0430
2026-04-19 11:38:42 | INFO |   eta: 0.5177
2026-04-19 11:38:42 | INFO | Field and interaction diagnostics:
2026-04-19 11:38:42 | INFO |   estimated_field_inf_norm: 5.000000
2026-04-19 11:38:42 | INFO |   estimated_field_rank: 40.000000
2026-04-19 11:38:42 | INFO |   bound_B: 5.000000
2026-04-19 11:38:42 | INFO | Saved summary tables to C:\Users\phevo\Documents\MIT\Code\MPLE-Causal-Inference\experiments\USCountyVaccination_US_sensitivity\outcome_death_rate_100k_ge_2__intervention_complete_cov_ge_40__lag_2w__contiguity__start_2020_01_26\fits\rank_40_b5\mple_summary.csv and C:\Users\phevo\Documents\MIT\Code\MPLE-Causal-Inference\experiments\USCountyVaccination_US_sensitivity\outcome_death_rate_100k_ge_2__intervention_complete_cov_ge_40__lag_2w__contiguity__start_2020_01_26\fits\rank_40_b5\mple_summary.md
2026-04-19 11:38:42 | INFO | Log saved to C:\Users\phevo\Documents\MIT\Code\MPLE-Causal-Inference\experiments\USCountyVaccination_US_sensitivity\outcome_death_rate_100k_ge_2__intervention_complete_cov_ge_40__lag_2w__contiguity__start_2020_01_26\fits\rank_40_b5\mple.log
