2026-06-11 22:46:00 | INFO | Loading data...
2026-06-11 22:46:00 | INFO | Using panel artifact: /orcd/home/002/phevosp/MPLE-Causal-Inference/experiments/SyntheticNoInterference/synth_no_interference/panel_data.npz
2026-06-11 22:46:00 | INFO | Using x_0 artifact: /orcd/home/002/phevosp/MPLE-Causal-Inference/experiments/SyntheticNoInterference/synth_no_interference/x_0.npy
2026-06-11 22:46:00 | INFO | Using fit config: /orcd/home/002/phevosp/MPLE-Causal-Inference/experiments/SyntheticNoInterference/synth_no_interference/cv_runs/default/candidates/default_candidate_0002/fold_3/fit_realized_config.yaml
2026-06-11 22:46:00 | INFO | Using model artifact directory: /orcd/home/002/phevosp/MPLE-Causal-Inference/experiments/SyntheticNoInterference/synth_no_interference
2026-06-11 22:46:00 | INFO | Using truth artifact directory: /orcd/home/002/phevosp/MPLE-Causal-Inference/experiments/SyntheticNoInterference/synth_no_interference
2026-06-11 22:46:00 | INFO | Using loss mask artifact: /orcd/home/002/phevosp/MPLE-Causal-Inference/experiments/SyntheticNoInterference/synth_no_interference/cv_runs/default/candidates/default_candidate_0002/fold_3/loss_mask.npy
2026-06-11 22:46:00 | INFO | Configured optimizer mode: alternating_latent_rank
2026-06-11 22:46:00 | INFO | Configured latent rank: 3
2026-06-11 22:46:00 | INFO | Using a fixed known graph with scalar xi.
2026-06-11 22:46:00 | INFO | Fit-time hard bounds active: False
2026-06-11 22:46:00 | INFO | Fixed scalar parameters: {}
2026-06-11 22:46:00 | INFO | Warm-start fixed scalars: {} for 0 steps
2026-06-11 22:46:00 | INFO | Beta-gradient mask before s: True with s=0
2026-06-11 22:46:00 | INFO | Beta-gradient mask after e: True with e=11
2026-06-11 22:46:00 | INFO | Alternating V-column L2-ball constraint active with radius 1.0
2026-06-11 22:46:00 | INFO | Optimizer settings: steps=2000, tol=1e-07, n_starts=1, seed=0, lambda_nuclear=0.0, lambda_frobenius=0.0, lambda_uv_ridge=0.005, v_column_l2_max=1.0, proximal_lr=1.0
2026-06-11 22:46:00 | INFO | Alternating low-rank start 1/1 | seed=0 | initial_loss=0.809298 | initial_penalized=0.809300
2026-06-11 22:46:00 | INFO | Alternating low-rank iter 0 | Loss: 0.560366 | Penalized: 0.560984
2026-06-11 22:46:01 | INFO | Done fitting.
2026-06-11 22:46:01 | INFO | Optimizer status: CONVERGED: alternating objective tolerance reached
2026-06-11 22:46:01 | INFO | Best optimizer start: 1 / 1
2026-06-11 22:46:01 | INFO | Final Loss: 0.461068
2026-06-11 22:46:01 | INFO | Estimated vs True Parameters:
2026-06-11 22:46:01 | INFO |   beta: -0.2823 (True: -0.3000) | SQE: 0.000312
2026-06-11 22:46:01 | INFO |   xi: 0.0223 (True: 0.0000) | SQE: 0.000498
2026-06-11 22:46:01 | INFO |   eta: 0.3293 (True: 0.3000) | SQE: 0.000857
2026-06-11 22:46:01 | INFO | Alternating low-rank optimizer diagnostics:
2026-06-11 22:46:01 | INFO |   penalized_objective: 0.469875
2026-06-11 22:46:01 | INFO |   mple_loss_without_penalty: 0.461068
2026-06-11 22:46:01 | INFO |   lambda_uv_ridge: 0.005000
2026-06-11 22:46:01 | INFO |   u_frobenius_norm: 162.667234
2026-06-11 22:46:01 | INFO |   v_frobenius_norm: 1.732051
2026-06-11 22:46:01 | INFO |   effective_rank: 3.000000
2026-06-11 22:46:01 | INFO | Field and interaction diagnostics:
2026-06-11 22:46:01 | INFO |   field_rmse: 0.630802
2026-06-11 22:46:01 | INFO |   interaction_fro_error: 0.079031
2026-06-11 22:46:01 | INFO |   estimated_field_max_abs_entry: 7.989386
2026-06-11 22:46:01 | INFO |   estimated_field_rank: 3.000000
2026-06-11 22:46:01 | INFO |   true_field_max_abs_entry: 4.447602
2026-06-11 22:46:01 | INFO |   true_field_rank: 3.000000
2026-06-11 22:46:01 | INFO | Saved summary table to /orcd/home/002/phevosp/MPLE-Causal-Inference/experiments/SyntheticNoInterference/synth_no_interference/cv_runs/default/candidates/default_candidate_0002/fold_3/mple_summary.csv
2026-06-11 22:46:01 | INFO | Log saved to /orcd/home/002/phevosp/MPLE-Causal-Inference/experiments/SyntheticNoInterference/synth_no_interference/cv_runs/default/candidates/default_candidate_0002/fold_3/mple.log
