2026-08-27 10:24:42 | INFO | Loading data...
2026-08-27 10:24:42 | INFO | Using panel artifact: /orcd/home/002/phevosp/MPLE-Causal-Inference/experiments/SyntheticSNN/interference_confounding_beta_010_xi_080/panel_data.npz
2026-08-27 10:24:42 | INFO | Using x_0 artifact: /orcd/home/002/phevosp/MPLE-Causal-Inference/experiments/SyntheticSNN/interference_confounding_beta_010_xi_080/x_0.npy
2026-08-27 10:24:42 | INFO | Using fit config: /orcd/home/002/phevosp/MPLE-Causal-Inference/experiments/SyntheticSNN/interference_confounding_beta_010_xi_080/cv_runs/default/candidates/default_candidate_0002/fold_1/fit_realized_config.yaml
2026-08-27 10:24:42 | INFO | Using model artifact directory: /orcd/home/002/phevosp/MPLE-Causal-Inference/experiments/SyntheticSNN/interference_confounding_beta_010_xi_080
2026-08-27 10:24:42 | INFO | Using truth artifact directory: /orcd/home/002/phevosp/MPLE-Causal-Inference/experiments/SyntheticSNN/interference_confounding_beta_010_xi_080
2026-08-27 10:24:42 | INFO | Using loss mask artifact: /orcd/home/002/phevosp/MPLE-Causal-Inference/experiments/SyntheticSNN/interference_confounding_beta_010_xi_080/cv_runs/default/candidates/default_candidate_0002/fold_1/loss_mask.npy
2026-08-27 10:24:42 | INFO | Configured optimizer mode: alternating_latent_rank
2026-08-27 10:24:42 | INFO | Configured latent rank: 3
2026-08-27 10:24:42 | INFO | Using a fixed known graph with scalar xi.
2026-08-27 10:24:42 | INFO | Fit-time hard bounds active: False
2026-08-27 10:24:42 | INFO | Fixed scalar parameters: {}
2026-08-27 10:24:42 | INFO | Warm-start fixed scalars: {} for 0 steps
2026-08-27 10:24:42 | INFO | Beta-gradient mask before s: True with s=0
2026-08-27 10:24:42 | INFO | Beta-gradient mask after e: True with e=12
2026-08-27 10:24:42 | INFO | Alternating V-column L2-ball constraint active with radius 1.0
2026-08-27 10:24:42 | INFO | Optimizer settings: steps=2000, tol=1e-07, n_starts=1, seed=0, lambda_nuclear=0.0, lambda_frobenius=0.0, lambda_uv_ridge=0.005, v_column_l2_max=1.0, proximal_lr=1.0
2026-08-27 10:24:42 | INFO | Alternating low-rank start 1/1 | seed=0 | initial_loss=0.748714 | initial_penalized=0.748716
2026-08-27 10:24:42 | INFO | Alternating low-rank iter 0 | Loss: 0.557068 | Penalized: 0.558105
2026-08-27 10:24:43 | INFO | Done fitting.
2026-08-27 10:24:43 | INFO | Optimizer status: CONVERGED: alternating objective tolerance reached
2026-08-27 10:24:43 | INFO | Best optimizer start: 1 / 1
2026-08-27 10:24:43 | INFO | Final Loss: 0.469022
2026-08-27 10:24:43 | INFO | Estimated vs True Parameters:
2026-08-27 10:24:43 | INFO |   beta: 0.1100 (True: 0.1000) | SQE: 0.000100
2026-08-27 10:24:43 | INFO |   xi: 1.0012 (True: 0.8000) | SQE: 0.040482
2026-08-27 10:24:43 | INFO |   eta: 0.1070 (True: 0.1000) | SQE: 0.000050
2026-08-27 10:24:43 | INFO | Alternating low-rank optimizer diagnostics:
2026-08-27 10:24:43 | INFO |   penalized_objective: 0.478986
2026-08-27 10:24:43 | INFO |   mple_loss_without_penalty: 0.469022
2026-08-27 10:24:43 | INFO |   lambda_uv_ridge: 0.005000
2026-08-27 10:24:43 | INFO |   u_frobenius_norm: 170.275083
2026-08-27 10:24:43 | INFO |   v_frobenius_norm: 1.732051
2026-08-27 10:24:43 | INFO |   effective_rank: 3.000000
2026-08-27 10:24:43 | INFO | Field and interaction diagnostics:
2026-08-27 10:24:43 | INFO |   field_rmse: 0.678436
2026-08-27 10:24:43 | INFO |   interaction_fro_error: 0.858554
2026-08-27 10:24:43 | INFO |   estimated_field_max_abs_entry: 7.759849
2026-08-27 10:24:43 | INFO |   estimated_field_rank: 3.000000
2026-08-27 10:24:43 | INFO |   true_field_max_abs_entry: 5.073226
2026-08-27 10:24:43 | INFO |   true_field_rank: 3.000000
2026-08-27 10:24:43 | INFO | Saved summary table to /orcd/home/002/phevosp/MPLE-Causal-Inference/experiments/SyntheticSNN/interference_confounding_beta_010_xi_080/cv_runs/default/candidates/default_candidate_0002/fold_1/mple_summary.csv
2026-08-27 10:24:43 | INFO | Log saved to /orcd/home/002/phevosp/MPLE-Causal-Inference/experiments/SyntheticSNN/interference_confounding_beta_010_xi_080/cv_runs/default/candidates/default_candidate_0002/fold_1/mple.log
