2026-05-04 02:59:35 | INFO | Loading data...
2026-05-04 02:59:35 | INFO | Using panel artifact: /orcd/home/002/phevosp/MPLE-Causal-Inference/experiments/USCountyVaccination/outcome_death_rate_100k_ge_2__intervention_complete_cov_ge_30__lag_2w__distance_kernel_8__start_2020_03_01/panel_data.npz
2026-05-04 02:59:35 | INFO | Using x_0 artifact: /orcd/home/002/phevosp/MPLE-Causal-Inference/experiments/USCountyVaccination/outcome_death_rate_100k_ge_2__intervention_complete_cov_ge_30__lag_2w__distance_kernel_8__start_2020_03_01/x_0.npy
2026-05-04 02:59:35 | INFO | Using fit config: /orcd/home/002/phevosp/MPLE-Causal-Inference/experiments/USCountyVaccination/outcome_death_rate_100k_ge_2__intervention_complete_cov_ge_30__lag_2w__distance_kernel_8__start_2020_03_01/cv_runs/alternating_uv_grid/candidates/alternating_uv_grid_candidate_0012/fold_3/fit_realized_config.yaml
2026-05-04 02:59:35 | INFO | Using model artifact directory: /orcd/home/002/phevosp/MPLE-Causal-Inference/experiments/USCountyVaccination/outcome_death_rate_100k_ge_2__intervention_complete_cov_ge_30__lag_2w__distance_kernel_8__start_2020_03_01
2026-05-04 02:59:35 | INFO | Using truth artifact directory: /orcd/home/002/phevosp/MPLE-Causal-Inference/experiments/USCountyVaccination/outcome_death_rate_100k_ge_2__intervention_complete_cov_ge_30__lag_2w__distance_kernel_8__start_2020_03_01
2026-05-04 02:59:35 | INFO | Using loss mask artifact: /orcd/home/002/phevosp/MPLE-Causal-Inference/experiments/USCountyVaccination/outcome_death_rate_100k_ge_2__intervention_complete_cov_ge_30__lag_2w__distance_kernel_8__start_2020_03_01/cv_runs/alternating_uv_grid/candidates/alternating_uv_grid_candidate_0012/fold_3/loss_mask.npy
2026-05-04 02:59:35 | INFO | Configured optimizer mode: alternating_latent_rank
2026-05-04 02:59:35 | INFO | Configured latent rank: 5
2026-05-04 02:59:35 | INFO | Using a fixed known graph with scalar xi.
2026-05-04 02:59:35 | INFO | Fit-time hard bounds active: False
2026-05-04 02:59:35 | INFO | Fixed scalar parameters: {}
2026-05-04 02:59:35 | INFO | Warm-start fixed scalars: {} for 0 steps
2026-05-04 02:59:35 | INFO | Beta mask before s: True with s=50
2026-05-04 02:59:35 | INFO | Beta mask after e: True with e=115
2026-05-04 02:59:35 | INFO | Alternating V-column L2-ball constraint active with radius 1.0
2026-05-04 02:59:35 | INFO | Optimizer settings: steps=2000, tol=1e-07, n_starts=1, seed=0, lambda_nuclear=0.0, lambda_frobenius=0.0, lambda_uv_ridge=0.1, v_column_l2_max=1.0, proximal_lr=1.0
2026-05-04 02:59:35 | INFO | Alternating low-rank start 1/1 | seed=0 | initial_loss=0.835738 | initial_penalized=0.835742
2026-05-04 02:59:35 | INFO | Alternating low-rank iter 0 | Loss: 0.477579 | Penalized: 0.489192
2026-05-04 02:59:48 | INFO | Alternating low-rank iter 100 | Loss: 0.401955 | Penalized: 0.420141
2026-05-04 03:00:01 | INFO | Alternating low-rank iter 200 | Loss: 0.401762 | Penalized: 0.419424
2026-05-04 03:00:14 | INFO | Alternating low-rank iter 300 | Loss: 0.401789 | Penalized: 0.419389
2026-05-04 03:00:14 | INFO | Done fitting.
2026-05-04 03:00:14 | INFO | Optimizer status: CONVERGED: alternating objective tolerance reached
2026-05-04 03:00:14 | INFO | Best optimizer start: 1 / 1
2026-05-04 03:00:14 | INFO | Final Loss: 0.401789
2026-05-04 03:00:14 | INFO | Estimated Parameters:
2026-05-04 03:00:14 | INFO |   beta: -0.0130
2026-05-04 03:00:14 | INFO |   xi: 1.5820
2026-05-04 03:00:14 | INFO |   eta: 0.2014
2026-05-04 03:00:14 | INFO | Alternating low-rank optimizer diagnostics:
2026-05-04 03:00:14 | INFO |   penalized_objective: 0.419389
2026-05-04 03:00:14 | INFO |   mple_loss_without_penalty: 0.401789
2026-05-04 03:00:14 | INFO |   lambda_uv_ridge: 0.100000
2026-05-04 03:00:14 | INFO |   u_frobenius_norm: 202.621989
2026-05-04 03:00:14 | INFO |   v_frobenius_norm: 2.236068
2026-05-04 03:00:14 | INFO |   effective_rank: 5.000000
2026-05-04 03:00:14 | INFO | Field and interaction diagnostics:
2026-05-04 03:00:14 | INFO |   estimated_field_max_abs_entry: 1.806206
2026-05-04 03:00:14 | INFO |   estimated_field_rank: 5.000000
2026-05-04 03:00:14 | INFO | Saved summary table to /orcd/home/002/phevosp/MPLE-Causal-Inference/experiments/USCountyVaccination/outcome_death_rate_100k_ge_2__intervention_complete_cov_ge_30__lag_2w__distance_kernel_8__start_2020_03_01/cv_runs/alternating_uv_grid/candidates/alternating_uv_grid_candidate_0012/fold_3/mple_summary.csv
2026-05-04 03:00:14 | INFO | Log saved to /orcd/home/002/phevosp/MPLE-Causal-Inference/experiments/USCountyVaccination/outcome_death_rate_100k_ge_2__intervention_complete_cov_ge_30__lag_2w__distance_kernel_8__start_2020_03_01/cv_runs/alternating_uv_grid/candidates/alternating_uv_grid_candidate_0012/fold_3/mple.log
