2026-04-01 10:31:13 | INFO | Loading data...
2026-04-01 10:31:18 | INFO | Loaded 11 field templates and 11 interaction templates.
2026-04-01 10:31:18 | INFO | Running conditional-model MPLE on x with shape=(100, 5000)
2026-04-01 10:31:18 | INFO | Eval 0  |  Loss: 0.734882
2026-04-01 10:31:18 | INFO |   field::intercept: +0.0126,  field::linear::feature_1: -0.0132,  field::quadratic::feature_1: +0.0640,  field::linear::feature_2: +0.0105,  field::quadratic::feature_2: -0.0536,  field::linear::feature_3: +0.0362,  field::quadratic::feature_3: +0.1304,  field::linear::feature_4: +0.0947,  field::quadratic::feature_4: -0.0704,  field::linear::feature_5: -0.1265,  field::quadratic::feature_5: -0.0623,  beta: +0.0041,  interaction::adjacency: -0.2325,  interaction::distance_kernel::feature_1: -0.0219,  interaction::cross_similarity::feature_1: -0.1246,  interaction::distance_kernel::feature_2: -0.0732,  interaction::cross_similarity::feature_2: -0.0544,  interaction::distance_kernel::feature_3: -0.0316,  interaction::cross_similarity::feature_3: +0.0412,  interaction::distance_kernel::feature_4: +0.1043,  interaction::cross_similarity::feature_4: -0.0129,  interaction::distance_kernel::feature_5: +0.1366,  interaction::cross_similarity::feature_5: -0.0665,  eta: +0.0352,  zeta: +0.0903,  psi: +0.0094
2026-04-01 10:31:28 | INFO | Done fitting.
2026-04-01 10:31:28 | INFO | Optimizer status: CONVERGENCE: RELATIVE REDUCTION OF F <= FACTR*EPSMCH
2026-04-01 10:31:28 | INFO | Final Loss: 0.553050
2026-04-01 10:31:28 | INFO | Estimated vs True Parameters:
2026-04-01 10:31:28 | INFO |   field::intercept: 0.3157 (True: 0.3150)
2026-04-01 10:31:28 | INFO |   field::intercept SQE: 0.000001
2026-04-01 10:31:28 | INFO |   field::linear::feature_1: 0.3313 (True: 0.3080)
2026-04-01 10:31:28 | INFO |   field::linear::feature_1 SQE: 0.000541
2026-04-01 10:31:28 | INFO |   field::quadratic::feature_1: 0.3514 (True: 0.3500)
2026-04-01 10:31:28 | INFO |   field::quadratic::feature_1 SQE: 0.000002
2026-04-01 10:31:28 | INFO |   field::linear::feature_2: -0.5878 (True: -0.5800)
2026-04-01 10:31:28 | INFO |   field::linear::feature_2 SQE: 0.000061
2026-04-01 10:31:28 | INFO |   field::quadratic::feature_2: 0.4586 (True: 0.5000)
2026-04-01 10:31:28 | INFO |   field::quadratic::feature_2 SQE: 0.001715
2026-04-01 10:31:28 | INFO |   field::linear::feature_3: -0.5660 (True: -0.6000)
2026-04-01 10:31:28 | INFO |   field::linear::feature_3 SQE: 0.001155
2026-04-01 10:31:28 | INFO |   field::quadratic::feature_3: -0.0380 (True: -0.0500)
2026-04-01 10:31:28 | INFO |   field::quadratic::feature_3 SQE: 0.000144
2026-04-01 10:31:28 | INFO |   field::linear::feature_4: 0.0765 (True: 0.0800)
2026-04-01 10:31:28 | INFO |   field::linear::feature_4 SQE: 0.000012
2026-04-01 10:31:28 | INFO |   field::quadratic::feature_4: 0.1046 (True: 0.1000)
2026-04-01 10:31:28 | INFO |   field::quadratic::feature_4 SQE: 0.000021
2026-04-01 10:31:28 | INFO |   field::linear::feature_5: 0.3196 (True: 0.3000)
2026-04-01 10:31:28 | INFO |   field::linear::feature_5 SQE: 0.000386
2026-04-01 10:31:28 | INFO |   field::quadratic::feature_5: 0.4566 (True: 0.4000)
2026-04-01 10:31:28 | INFO |   field::quadratic::feature_5 SQE: 0.003202
2026-04-01 10:31:28 | INFO |   beta: 0.4008 (True: 0.4000)
2026-04-01 10:31:28 | INFO |   beta SQE: 0.000001
2026-04-01 10:31:28 | INFO |   interaction::adjacency: 0.2508 (True: 0.2500)
2026-04-01 10:31:28 | INFO |   interaction::adjacency SQE: 0.000001
2026-04-01 10:31:28 | INFO |   interaction::distance_kernel::feature_1: 0.0411 (True: 0.0800)
2026-04-01 10:31:28 | INFO |   interaction::distance_kernel::feature_1 SQE: 0.001512
2026-04-01 10:31:28 | INFO |   interaction::cross_similarity::feature_1: -0.1219 (True: 0.0400)
2026-04-01 10:31:28 | INFO |   interaction::cross_similarity::feature_1 SQE: 0.026214
2026-04-01 10:31:28 | INFO |   interaction::distance_kernel::feature_2: -0.0028 (True: 0.0800)
2026-04-01 10:31:28 | INFO |   interaction::distance_kernel::feature_2 SQE: 0.006848
2026-04-01 10:31:28 | INFO |   interaction::cross_similarity::feature_2: -0.0030 (True: 0.0400)
2026-04-01 10:31:28 | INFO |   interaction::cross_similarity::feature_2 SQE: 0.001849
2026-04-01 10:31:28 | INFO |   interaction::distance_kernel::feature_3: 0.1475 (True: 0.0800)
2026-04-01 10:31:28 | INFO |   interaction::distance_kernel::feature_3 SQE: 0.004553
2026-04-01 10:31:28 | INFO |   interaction::cross_similarity::feature_3: 0.1141 (True: 0.0400)
2026-04-01 10:31:28 | INFO |   interaction::cross_similarity::feature_3 SQE: 0.005496
2026-04-01 10:31:28 | INFO |   interaction::distance_kernel::feature_4: 0.0900 (True: 0.0800)
2026-04-01 10:31:28 | INFO |   interaction::distance_kernel::feature_4 SQE: 0.000100
2026-04-01 10:31:28 | INFO |   interaction::cross_similarity::feature_4: -0.0189 (True: 0.0400)
2026-04-01 10:31:28 | INFO |   interaction::cross_similarity::feature_4 SQE: 0.003468
2026-04-01 10:31:28 | INFO |   interaction::distance_kernel::feature_5: 0.1706 (True: 0.1300)
2026-04-01 10:31:28 | INFO |   interaction::distance_kernel::feature_5 SQE: 0.001651
2026-04-01 10:31:28 | INFO |   interaction::cross_similarity::feature_5: -0.0246 (True: 0.1400)
2026-04-01 10:31:28 | INFO |   interaction::cross_similarity::feature_5 SQE: 0.027086
2026-04-01 10:31:28 | INFO |   eta: 0.1007 (True: 0.1000)
2026-04-01 10:31:28 | INFO |   eta SQE: 0.000000
2026-04-01 10:31:28 | INFO |   zeta: -0.4994 (True: -0.5000)
2026-04-01 10:31:28 | INFO |   zeta SQE: 0.000000
2026-04-01 10:31:28 | INFO |   psi: 0.3987 (True: 0.4000)
2026-04-01 10:31:28 | INFO |   psi SQE: 0.000002
2026-04-01 10:31:30 | INFO | Saved summary tables to C:\Users\phevo\Documents\MIT\Code\MPLE-Causal-Inference\experiments\n5000_t100_baseline_temp_fro_large_shared_feature_field_shared_feature_interactions_20260401_045051\mple_summary.csv and C:\Users\phevo\Documents\MIT\Code\MPLE-Causal-Inference\experiments\n5000_t100_baseline_temp_fro_large_shared_feature_field_shared_feature_interactions_20260401_045051\mple_summary.md
2026-04-01 10:31:30 | INFO | Log saved to C:\Users\phevo\Documents\MIT\Code\MPLE-Causal-Inference\experiments\n5000_t100_baseline_temp_fro_large_shared_feature_field_shared_feature_interactions_20260401_045051\mple.log
