2026-04-08 11:44:40 | INFO | Loading data...
2026-04-08 11:44:40 | INFO | Loaded 6 field templates and 1 interaction templates.
2026-04-08 11:44:40 | INFO | Intervention-process model enabled: True
2026-04-08 11:44:40 | INFO | Tau zero-mean enabled: False
2026-04-08 11:44:40 | INFO | Tau smoothness lambda: 0.000000
2026-04-08 11:44:40 | INFO | Running conditional-model MPLE on x with shape=(69, 3203)
2026-04-08 11:44:40 | INFO | Eval 0  |  Loss: 0.591099
2026-04-08 11:44:40 | INFO |   field::population_density: +0.0126,  field::senior_population: -0.0132,  field::college_education: +0.0640,  field::poverty_rate: +0.0105,  field::log_population: -0.0536,  field::median_household_income: +0.0362,  tau block: mean=+0.0117, std=0.0982, min=-0.2325, max=+0.1960,  beta: -0.1320,  interaction::contiguity: -0.0662,  eta: +0.0935,  zeta: +0.0049,  psi: +0.2002
2026-04-08 11:44:44 | INFO | Done fitting.
2026-04-08 11:44:44 | INFO | Optimizer status: CONVERGENCE: RELATIVE REDUCTION OF F <= FACTR*EPSMCH
2026-04-08 11:44:44 | INFO | Final Loss: 0.177928
2026-04-08 11:44:44 | INFO | Estimated Parameters:
2026-04-08 11:44:44 | INFO |   field::population_density: -0.3245
2026-04-08 11:44:44 | INFO |   field::senior_population: -0.3068
2026-04-08 11:44:44 | INFO |   field::college_education: -0.0112
2026-04-08 11:44:44 | INFO |   field::poverty_rate: -0.2972
2026-04-08 11:44:44 | INFO |   field::log_population: 0.2810
2026-04-08 11:44:44 | INFO |   field::median_household_income: -0.2376
2026-04-08 11:44:44 | INFO |   tau::t_0: 0.1418
2026-04-08 11:44:44 | INFO |   tau::t_1: 0.0504
2026-04-08 11:44:44 | INFO |   tau::t_2: -0.0198
2026-04-08 11:44:44 | INFO |   tau::t_3: -0.1222
2026-04-08 11:44:44 | INFO |   tau::t_4: -0.2511
2026-04-08 11:44:44 | INFO |   tau::t_5: 0.0302
2026-04-08 11:44:44 | INFO |   tau::t_6: -0.1706
2026-04-08 11:44:44 | INFO |   tau::t_7: -0.0378
2026-04-08 11:44:44 | INFO |   tau::t_8: -0.0328
2026-04-08 11:44:44 | INFO |   tau::t_9: 0.0553
2026-04-08 11:44:44 | INFO |   tau::t_10: -0.0280
2026-04-08 11:44:44 | INFO |   tau::t_11: 0.1034
2026-04-08 11:44:44 | INFO |   tau::t_12: 0.0315
2026-04-08 11:44:44 | INFO |   tau::t_13: -0.0630
2026-04-08 11:44:44 | INFO |   tau::t_14: -0.0218
2026-04-08 11:44:44 | INFO |   tau::t_15: -0.1088
2026-04-08 11:44:44 | INFO |   tau::t_16: -0.1749
2026-04-08 11:44:44 | INFO |   tau::t_17: -0.2011
2026-04-08 11:44:44 | INFO |   tau::t_18: -0.1567
2026-04-08 11:44:44 | INFO |   tau::t_19: -0.3556
2026-04-08 11:44:44 | INFO |   tau::t_20: -0.1658
2026-04-08 11:44:44 | INFO |   tau::t_21: -0.3495
2026-04-08 11:44:44 | INFO |   tau::t_22: -0.2928
2026-04-08 11:44:44 | INFO |   tau::t_23: -0.2375
2026-04-08 11:44:44 | INFO |   tau::t_24: -0.0447
2026-04-08 11:44:44 | INFO |   tau::t_25: 0.0633
2026-04-08 11:44:44 | INFO |   tau::t_26: 0.2168
2026-04-08 11:44:44 | INFO |   tau::t_27: 0.2821
2026-04-08 11:44:44 | INFO |   tau::t_28: 0.3252
2026-04-08 11:44:44 | INFO |   tau::t_29: 0.3834
2026-04-08 11:44:44 | INFO |   tau::t_30: 0.3002
2026-04-08 11:44:44 | INFO |   tau::t_31: 0.4032
2026-04-08 11:44:44 | INFO |   tau::t_32: 0.3885
2026-04-08 11:44:44 | INFO |   tau::t_33: 0.2763
2026-04-08 11:44:44 | INFO |   tau::t_34: 0.4317
2026-04-08 11:44:44 | INFO |   tau::t_35: 0.3772
2026-04-08 11:44:44 | INFO |   tau::t_36: 0.1916
2026-04-08 11:44:44 | INFO |   tau::t_37: 0.0742
2026-04-08 11:44:44 | INFO |   tau::t_38: -0.0589
2026-04-08 11:44:44 | INFO |   tau::t_39: -0.0167
2026-04-08 11:44:44 | INFO |   tau::t_40: -0.0544
2026-04-08 11:44:44 | INFO |   tau::t_41: -0.0090
2026-04-08 11:44:44 | INFO |   tau::t_42: 0.0786
2026-04-08 11:44:44 | INFO |   tau::t_43: 0.1186
2026-04-08 11:44:44 | INFO |   tau::t_44: -0.2031
2026-04-08 11:44:44 | INFO |   tau::t_45: 0.4404
2026-04-08 11:44:44 | INFO |   tau::t_46: 0.1221
2026-04-08 11:44:44 | INFO |   tau::t_47: 0.0963
2026-04-08 11:44:44 | INFO |   tau::t_48: 0.1299
2026-04-08 11:44:44 | INFO |   tau::t_49: 0.5942
2026-04-08 11:44:44 | INFO |   tau::t_50: 1.1055
2026-04-08 11:44:44 | INFO |   tau::t_51: 1.2261
2026-04-08 11:44:44 | INFO |   tau::t_52: 1.8821
2026-04-08 11:44:44 | INFO |   tau::t_53: 1.8540
2026-04-08 11:44:44 | INFO |   tau::t_54: 1.1120
2026-04-08 11:44:44 | INFO |   tau::t_55: 0.3758
2026-04-08 11:44:44 | INFO |   tau::t_56: -0.0490
2026-04-08 11:44:44 | INFO |   tau::t_57: -0.3171
2026-04-08 11:44:44 | INFO |   tau::t_58: -0.2579
2026-04-08 11:44:44 | INFO |   tau::t_59: -0.2306
2026-04-08 11:44:45 | INFO |   tau::t_60: -0.1608
2026-04-08 11:44:45 | INFO |   tau::t_61: -0.1317
2026-04-08 11:44:45 | INFO |   tau::t_62: -0.1764
2026-04-08 11:44:45 | INFO |   tau::t_63: -0.0757
2026-04-08 11:44:45 | INFO |   tau::t_64: -0.0967
2026-04-08 11:44:45 | INFO |   tau::t_65: 0.1038
2026-04-08 11:44:45 | INFO |   tau::t_66: 0.0341
2026-04-08 11:44:45 | INFO |   tau::t_67: 0.1172
2026-04-08 11:44:45 | INFO |   tau::t_68: 0.1354
2026-04-08 11:44:45 | INFO |   beta: -0.0045
2026-04-08 11:44:45 | INFO |   interaction::contiguity: 2.4730
2026-04-08 11:44:45 | INFO |   eta: 0.5067
2026-04-08 11:44:45 | INFO |   zeta: -0.0231
2026-04-08 11:44:45 | INFO |   psi: 2.0881
2026-04-08 11:44:45 | INFO | Saved summary tables to C:\Users\phevo\Documents\MIT\Code\MPLE-Causal-Inference\experiments\USCountyVaccination_US_features_new\outcome_case_rate_100k_ge_100__intervention_complete_cov_ge_20__lag_1w__contiguity\mple_summary.csv and C:\Users\phevo\Documents\MIT\Code\MPLE-Causal-Inference\experiments\USCountyVaccination_US_features_new\outcome_case_rate_100k_ge_100__intervention_complete_cov_ge_20__lag_1w__contiguity\mple_summary.md
2026-04-08 11:44:45 | INFO | Log saved to C:\Users\phevo\Documents\MIT\Code\MPLE-Causal-Inference\experiments\USCountyVaccination_US_features_new\outcome_case_rate_100k_ge_100__intervention_complete_cov_ge_20__lag_1w__contiguity\mple.log
