2026-05-01 22:42:05 | INFO | Loading data...
2026-05-01 22:42:05 | INFO | Using panel artifact: /orcd/home/002/phevosp/MPLE-Causal-Inference/experiments/SyntheticHybridExperimentsFinal/r5_c1_hybrid_us_county_intervention_uscounty_graph_contiguous_confounding/panel_data.npz
2026-05-01 22:42:05 | INFO | Using x_0 artifact: /orcd/home/002/phevosp/MPLE-Causal-Inference/experiments/SyntheticHybridExperimentsFinal/r5_c1_hybrid_us_county_intervention_uscounty_graph_contiguous_confounding/x_0.npy
2026-05-01 22:42:05 | INFO | Using fit config: /orcd/home/002/phevosp/MPLE-Causal-Inference/experiments/SyntheticHybridExperimentsFinal/r5_c1_hybrid_us_county_intervention_uscounty_graph_contiguous_confounding/cv_runs/alternating_uv_grid/candidates/alternating_uv_grid_candidate_0002/fold_4/fit_realized_config.yaml
2026-05-01 22:42:05 | INFO | Using model artifact directory: /orcd/home/002/phevosp/MPLE-Causal-Inference/experiments/SyntheticHybridExperimentsFinal/r5_c1_hybrid_us_county_intervention_uscounty_graph_contiguous_confounding
2026-05-01 22:42:05 | INFO | Using truth artifact directory: /orcd/home/002/phevosp/MPLE-Causal-Inference/experiments/SyntheticHybridExperimentsFinal/r5_c1_hybrid_us_county_intervention_uscounty_graph_contiguous_confounding
2026-05-01 22:42:05 | INFO | Using loss mask artifact: /orcd/home/002/phevosp/MPLE-Causal-Inference/experiments/SyntheticHybridExperimentsFinal/r5_c1_hybrid_us_county_intervention_uscounty_graph_contiguous_confounding/cv_runs/alternating_uv_grid/candidates/alternating_uv_grid_candidate_0002/fold_4/loss_mask.npy
2026-05-01 22:42:05 | INFO | Configured optimizer mode: alternating_latent_rank
2026-05-01 22:42:05 | INFO | Configured latent rank: 5
2026-05-01 22:42:05 | INFO | Using a fixed known graph with scalar xi.
2026-05-01 22:42:05 | INFO | Fit-time hard bounds active: False
2026-05-01 22:42:05 | INFO | Fixed scalar parameters: {}
2026-05-01 22:42:05 | INFO | Warm-start fixed scalars: {} for 0 steps
2026-05-01 22:42:05 | INFO | Beta mask before s: True with s=55
2026-05-01 22:42:05 | INFO | Beta mask after e: True with e=114
2026-05-01 22:42:05 | INFO | Alternating V-column L2-ball constraint active with radius 1.0
2026-05-01 22:42:05 | INFO | Optimizer settings: steps=2000, tol=1e-07, n_starts=1, seed=0, lambda_nuclear=0.0, lambda_frobenius=0.0, lambda_uv_ridge=0.001, v_column_l2_max=1.0, proximal_lr=1.0
2026-05-01 22:42:05 | INFO | Alternating low-rank start 1/1 | seed=0 | initial_loss=0.694589 | initial_penalized=0.694589
2026-05-01 22:42:05 | INFO | Alternating low-rank iter 0 | Loss: 0.579491 | Penalized: 0.579555
2026-05-01 22:42:18 | INFO | Alternating low-rank iter 100 | Loss: 0.548223 | Penalized: 0.549017
2026-05-01 22:42:30 | INFO | Alternating low-rank iter 200 | Loss: 0.546238 | Penalized: 0.547571
2026-05-01 22:42:42 | INFO | Alternating low-rank iter 300 | Loss: 0.545720 | Penalized: 0.547358
2026-05-01 22:42:54 | INFO | Alternating low-rank iter 400 | Loss: 0.545346 | Penalized: 0.547159
2026-05-01 22:43:06 | INFO | Alternating low-rank iter 500 | Loss: 0.544619 | Penalized: 0.546657
2026-05-01 22:43:18 | INFO | Alternating low-rank iter 600 | Loss: 0.544295 | Penalized: 0.546500
2026-05-01 22:43:30 | INFO | Alternating low-rank iter 700 | Loss: 0.544205 | Penalized: 0.546477
2026-05-01 22:43:30 | INFO | Done fitting.
2026-05-01 22:43:30 | INFO | Optimizer status: CONVERGED: alternating objective tolerance reached
2026-05-01 22:43:30 | INFO | Best optimizer start: 1 / 1
2026-05-01 22:43:30 | INFO | Final Loss: 0.544204
2026-05-01 22:43:30 | INFO | Estimated vs True Parameters:
2026-05-01 22:43:30 | INFO |   beta: -0.2342 (True: -0.3000) | SQE: 0.004325
2026-05-01 22:43:30 | INFO |   xi: 0.8883 (True: 0.8000) | SQE: 0.007797
2026-05-01 22:43:30 | INFO |   eta: 0.2989 (True: 0.3000) | SQE: 0.000001
2026-05-01 22:43:30 | INFO | Alternating low-rank optimizer diagnostics:
2026-05-01 22:43:30 | INFO |   penalized_objective: 0.546476
2026-05-01 22:43:30 | INFO |   mple_loss_without_penalty: 0.544204
2026-05-01 22:43:30 | INFO |   lambda_uv_ridge: 0.001000
2026-05-01 22:43:30 | INFO |   u_frobenius_norm: 848.981609
2026-05-01 22:43:30 | INFO |   v_frobenius_norm: 2.236068
2026-05-01 22:43:30 | INFO |   effective_rank: 5.000000
2026-05-01 22:43:30 | INFO | Field and interaction diagnostics:
2026-05-01 22:43:30 | INFO |   field_rmse: 1.450258
2026-05-01 22:43:30 | INFO |   interaction_fro_error: 0.835029
2026-05-01 22:43:30 | INFO |   estimated_field_max_abs_entry: 32.957225
2026-05-01 22:43:30 | INFO |   estimated_field_rank: 5.000000
2026-05-01 22:43:30 | INFO |   true_field_max_abs_entry: 1.442488
2026-05-01 22:43:30 | INFO |   true_field_rank: 5.000000
2026-05-01 22:43:30 | INFO | Saved summary table to /orcd/home/002/phevosp/MPLE-Causal-Inference/experiments/SyntheticHybridExperimentsFinal/r5_c1_hybrid_us_county_intervention_uscounty_graph_contiguous_confounding/cv_runs/alternating_uv_grid/candidates/alternating_uv_grid_candidate_0002/fold_4/mple_summary.csv
2026-05-01 22:43:30 | INFO | Log saved to /orcd/home/002/phevosp/MPLE-Causal-Inference/experiments/SyntheticHybridExperimentsFinal/r5_c1_hybrid_us_county_intervention_uscounty_graph_contiguous_confounding/cv_runs/alternating_uv_grid/candidates/alternating_uv_grid_candidate_0002/fold_4/mple.log
