2026-05-06 02:18:40 | INFO | Loading data...
2026-05-06 02:18:40 | INFO | Using panel artifact: /orcd/home/002/phevosp/MPLE-Causal-Inference/experiments/FINAL/USCountyVaccination/outcome_death_rate_100k_ge_2__intervention_complete_cov_ge_30__lag_2w__distance_kernel_8__start_2020_03_01/panel_data.npz
2026-05-06 02:18:40 | INFO | Using x_0 artifact: /orcd/home/002/phevosp/MPLE-Causal-Inference/experiments/FINAL/USCountyVaccination/outcome_death_rate_100k_ge_2__intervention_complete_cov_ge_30__lag_2w__distance_kernel_8__start_2020_03_01/x_0.npy
2026-05-06 02:18:40 | INFO | Using fit config: /orcd/home/002/phevosp/MPLE-Causal-Inference/experiments/FINAL/USCountyVaccination/outcome_death_rate_100k_ge_2__intervention_complete_cov_ge_30__lag_2w__distance_kernel_8__start_2020_03_01/cv_runs/alternating_uv_grid_xi_zero/candidates/alternating_uv_grid_xi_zero_candidate_0010/fold_6/fit_realized_config.yaml
2026-05-06 02:18:40 | INFO | Using model artifact directory: /orcd/home/002/phevosp/MPLE-Causal-Inference/experiments/FINAL/USCountyVaccination/outcome_death_rate_100k_ge_2__intervention_complete_cov_ge_30__lag_2w__distance_kernel_8__start_2020_03_01
2026-05-06 02:18:40 | INFO | Using truth artifact directory: /orcd/home/002/phevosp/MPLE-Causal-Inference/experiments/FINAL/USCountyVaccination/outcome_death_rate_100k_ge_2__intervention_complete_cov_ge_30__lag_2w__distance_kernel_8__start_2020_03_01
2026-05-06 02:18:40 | INFO | Using loss mask artifact: /orcd/home/002/phevosp/MPLE-Causal-Inference/experiments/FINAL/USCountyVaccination/outcome_death_rate_100k_ge_2__intervention_complete_cov_ge_30__lag_2w__distance_kernel_8__start_2020_03_01/cv_runs/alternating_uv_grid_xi_zero/candidates/alternating_uv_grid_xi_zero_candidate_0010/fold_6/loss_mask.npy
2026-05-06 02:18:40 | INFO | Configured optimizer mode: alternating_latent_rank
2026-05-06 02:18:40 | INFO | Configured latent rank: 5
2026-05-06 02:18:40 | INFO | Using a fixed known graph with scalar xi.
2026-05-06 02:18:40 | INFO | Fit-time hard bounds active: False
2026-05-06 02:18:40 | INFO | Fixed scalar parameters: {'xi': 0.0}
2026-05-06 02:18:40 | INFO | Warm-start fixed scalars: {} for 0 steps
2026-05-06 02:18:40 | INFO | Beta mask before s: True with s=50
2026-05-06 02:18:40 | INFO | Beta mask after e: True with e=115
2026-05-06 02:18:40 | INFO | Alternating V-column L2-ball constraint active with radius 1.0
2026-05-06 02:18:40 | INFO | Optimizer settings: steps=2000, tol=1e-07, n_starts=1, seed=0, lambda_nuclear=0.0, lambda_frobenius=0.0, lambda_uv_ridge=0.05, v_column_l2_max=1.0, proximal_lr=1.0
2026-05-06 02:18:40 | INFO | Alternating low-rank start 1/1 | seed=0 | initial_loss=0.772093 | initial_penalized=0.772095
2026-05-06 02:18:40 | INFO | Alternating low-rank iter 0 | Loss: 0.493437 | Penalized: 0.500030
2026-05-06 02:18:53 | INFO | Alternating low-rank iter 100 | Loss: 0.423452 | Penalized: 0.452347
2026-05-06 02:19:08 | INFO | Alternating low-rank iter 200 | Loss: 0.423265 | Penalized: 0.452151
2026-05-06 02:19:22 | INFO | Done fitting.
2026-05-06 02:19:22 | INFO | Optimizer status: CONVERGED: alternating objective tolerance reached
2026-05-06 02:19:22 | INFO | Best optimizer start: 1 / 1
2026-05-06 02:19:22 | INFO | Final Loss: 0.423295
2026-05-06 02:19:22 | INFO | Estimated Parameters:
2026-05-06 02:19:22 | INFO |   beta: -0.0293
2026-05-06 02:19:22 | INFO |   xi: 0.0000
2026-05-06 02:19:22 | INFO |   eta: 0.1545
2026-05-06 02:19:22 | INFO | Alternating low-rank optimizer diagnostics:
2026-05-06 02:19:22 | INFO |   penalized_objective: 0.452129
2026-05-06 02:19:22 | INFO |   mple_loss_without_penalty: 0.423295
2026-05-06 02:19:22 | INFO |   lambda_uv_ridge: 0.050000
2026-05-06 02:19:22 | INFO |   u_frobenius_norm: 368.932673
2026-05-06 02:19:22 | INFO |   v_frobenius_norm: 2.236068
2026-05-06 02:19:22 | INFO |   effective_rank: 5.000000
2026-05-06 02:19:22 | INFO | Field and interaction diagnostics:
2026-05-06 02:19:22 | INFO |   estimated_field_max_abs_entry: 2.891849
2026-05-06 02:19:22 | INFO |   estimated_field_rank: 5.000000
2026-05-06 02:19:22 | INFO | Saved summary table to /orcd/home/002/phevosp/MPLE-Causal-Inference/experiments/FINAL/USCountyVaccination/outcome_death_rate_100k_ge_2__intervention_complete_cov_ge_30__lag_2w__distance_kernel_8__start_2020_03_01/cv_runs/alternating_uv_grid_xi_zero/candidates/alternating_uv_grid_xi_zero_candidate_0010/fold_6/mple_summary.csv
2026-05-06 02:19:22 | INFO | Log saved to /orcd/home/002/phevosp/MPLE-Causal-Inference/experiments/FINAL/USCountyVaccination/outcome_death_rate_100k_ge_2__intervention_complete_cov_ge_30__lag_2w__distance_kernel_8__start_2020_03_01/cv_runs/alternating_uv_grid_xi_zero/candidates/alternating_uv_grid_xi_zero_candidate_0010/fold_6/mple.log
