2026-05-04 05:13:34 | INFO | Loading data...
2026-05-04 05:13:34 | INFO | Using panel artifact: /orcd/home/002/phevosp/MPLE-Causal-Inference/experiments/USCountyVaccination/outcome_death_rate_100k_ge_2__intervention_complete_cov_ge_30__lag_2w__distance_kernel_8__start_2020_03_01/panel_data.npz
2026-05-04 05:13:34 | INFO | Using x_0 artifact: /orcd/home/002/phevosp/MPLE-Causal-Inference/experiments/USCountyVaccination/outcome_death_rate_100k_ge_2__intervention_complete_cov_ge_30__lag_2w__distance_kernel_8__start_2020_03_01/x_0.npy
2026-05-04 05:13:34 | INFO | Using fit config: /orcd/home/002/phevosp/MPLE-Causal-Inference/experiments/USCountyVaccination/outcome_death_rate_100k_ge_2__intervention_complete_cov_ge_30__lag_2w__distance_kernel_8__start_2020_03_01/cv_runs/alternating_uv_grid/candidates/alternating_uv_grid_candidate_0017/fold_1/fit_realized_config.yaml
2026-05-04 05:13:34 | INFO | Using model artifact directory: /orcd/home/002/phevosp/MPLE-Causal-Inference/experiments/USCountyVaccination/outcome_death_rate_100k_ge_2__intervention_complete_cov_ge_30__lag_2w__distance_kernel_8__start_2020_03_01
2026-05-04 05:13:34 | INFO | Using truth artifact directory: /orcd/home/002/phevosp/MPLE-Causal-Inference/experiments/USCountyVaccination/outcome_death_rate_100k_ge_2__intervention_complete_cov_ge_30__lag_2w__distance_kernel_8__start_2020_03_01
2026-05-04 05:13:34 | INFO | Using loss mask artifact: /orcd/home/002/phevosp/MPLE-Causal-Inference/experiments/USCountyVaccination/outcome_death_rate_100k_ge_2__intervention_complete_cov_ge_30__lag_2w__distance_kernel_8__start_2020_03_01/cv_runs/alternating_uv_grid/candidates/alternating_uv_grid_candidate_0017/fold_1/loss_mask.npy
2026-05-04 05:13:34 | INFO | Configured optimizer mode: alternating_latent_rank
2026-05-04 05:13:34 | INFO | Configured latent rank: 8
2026-05-04 05:13:34 | INFO | Using a fixed known graph with scalar xi.
2026-05-04 05:13:34 | INFO | Fit-time hard bounds active: False
2026-05-04 05:13:34 | INFO | Fixed scalar parameters: {}
2026-05-04 05:13:34 | INFO | Warm-start fixed scalars: {} for 0 steps
2026-05-04 05:13:34 | INFO | Beta mask before s: True with s=50
2026-05-04 05:13:34 | INFO | Beta mask after e: True with e=115
2026-05-04 05:13:34 | INFO | Alternating V-column L2-ball constraint active with radius 1.0
2026-05-04 05:13:34 | INFO | Optimizer settings: steps=2000, tol=1e-07, n_starts=1, seed=0, lambda_nuclear=0.0, lambda_frobenius=0.0, lambda_uv_ridge=0.01, v_column_l2_max=1.0, proximal_lr=1.0
2026-05-04 05:13:34 | INFO | Alternating low-rank start 1/1 | seed=0 | initial_loss=0.742869 | initial_penalized=0.742870
2026-05-04 05:13:34 | INFO | Alternating low-rank iter 0 | Loss: 0.466980 | Penalized: 0.467686
2026-05-04 05:13:48 | INFO | Alternating low-rank iter 100 | Loss: 0.347158 | Penalized: 0.362292
2026-05-04 05:14:02 | INFO | Alternating low-rank iter 200 | Loss: 0.344570 | Penalized: 0.360081
2026-05-04 05:14:16 | INFO | Alternating low-rank iter 300 | Loss: 0.344079 | Penalized: 0.359605
2026-05-04 05:14:30 | INFO | Alternating low-rank iter 400 | Loss: 0.344017 | Penalized: 0.359495
2026-05-04 05:14:44 | INFO | Alternating low-rank iter 500 | Loss: 0.344010 | Penalized: 0.359456
2026-05-04 05:14:58 | INFO | Alternating low-rank iter 600 | Loss: 0.344001 | Penalized: 0.359433
2026-05-04 05:15:13 | INFO | Alternating low-rank iter 700 | Loss: 0.343987 | Penalized: 0.359412
2026-05-04 05:15:27 | INFO | Alternating low-rank iter 800 | Loss: 0.343974 | Penalized: 0.359393
2026-05-04 05:15:41 | INFO | Alternating low-rank iter 900 | Loss: 0.343963 | Penalized: 0.359373
2026-05-04 05:15:54 | INFO | Alternating low-rank iter 1000 | Loss: 0.343958 | Penalized: 0.359355
2026-05-04 05:16:07 | INFO | Alternating low-rank iter 1100 | Loss: 0.343960 | Penalized: 0.359341
2026-05-04 05:16:21 | INFO | Alternating low-rank iter 1200 | Loss: 0.343967 | Penalized: 0.359329
2026-05-04 05:16:23 | INFO | Done fitting.
2026-05-04 05:16:23 | INFO | Optimizer status: CONVERGED: alternating objective tolerance reached
2026-05-04 05:16:23 | INFO | Best optimizer start: 1 / 1
2026-05-04 05:16:23 | INFO | Final Loss: 0.343968
2026-05-04 05:16:23 | INFO | Estimated Parameters:
2026-05-04 05:16:23 | INFO |   beta: -0.0410
2026-05-04 05:16:23 | INFO |   xi: 1.2554
2026-05-04 05:16:23 | INFO |   eta: -0.0337
2026-05-04 05:16:23 | INFO | Alternating low-rank optimizer diagnostics:
2026-05-04 05:16:23 | INFO |   penalized_objective: 0.359327
2026-05-04 05:16:23 | INFO |   mple_loss_without_penalty: 0.343968
2026-05-04 05:16:23 | INFO |   lambda_uv_ridge: 0.010000
2026-05-04 05:16:23 | INFO |   u_frobenius_norm: 582.814200
2026-05-04 05:16:23 | INFO |   v_frobenius_norm: 2.828427
2026-05-04 05:16:23 | INFO |   effective_rank: 8.000000
2026-05-04 05:16:23 | INFO | Field and interaction diagnostics:
2026-05-04 05:16:23 | INFO |   estimated_field_max_abs_entry: 6.773280
2026-05-04 05:16:23 | INFO |   estimated_field_rank: 8.000000
2026-05-04 05:16:23 | INFO | Saved summary table to /orcd/home/002/phevosp/MPLE-Causal-Inference/experiments/USCountyVaccination/outcome_death_rate_100k_ge_2__intervention_complete_cov_ge_30__lag_2w__distance_kernel_8__start_2020_03_01/cv_runs/alternating_uv_grid/candidates/alternating_uv_grid_candidate_0017/fold_1/mple_summary.csv
2026-05-04 05:16:23 | INFO | Log saved to /orcd/home/002/phevosp/MPLE-Causal-Inference/experiments/USCountyVaccination/outcome_death_rate_100k_ge_2__intervention_complete_cov_ge_30__lag_2w__distance_kernel_8__start_2020_03_01/cv_runs/alternating_uv_grid/candidates/alternating_uv_grid_candidate_0017/fold_1/mple.log
