2026-07-26 05:50:48 | INFO | Loading data...
2026-07-26 05:50:48 | INFO | Using panel artifact: /orcd/home/002/phevosp/MPLE-Causal-Inference/experiments/SyntheticNoInterference/synth_no_interference/panel_data.npz
2026-07-26 05:50:48 | INFO | Using x_0 artifact: /orcd/home/002/phevosp/MPLE-Causal-Inference/experiments/SyntheticNoInterference/synth_no_interference/x_0.npy
2026-07-26 05:50:48 | INFO | Using fit config: /orcd/home/002/phevosp/MPLE-Causal-Inference/experiments/SyntheticNoInterference/synth_no_interference/cv_runs_baselines/treatment_shared_unit/candidates/treatment_shared_unit_candidate_0008/fold_4/fit_realized_config.yaml
2026-07-26 05:50:48 | INFO | Using model artifact directory: /orcd/home/002/phevosp/MPLE-Causal-Inference/experiments/SyntheticNoInterference/synth_no_interference
2026-07-26 05:50:48 | INFO | Using truth artifact directory: /orcd/home/002/phevosp/MPLE-Causal-Inference/experiments/SyntheticNoInterference/synth_no_interference
2026-07-26 05:50:48 | INFO | Using loss mask artifact: /orcd/home/002/phevosp/MPLE-Causal-Inference/experiments/SyntheticNoInterference/synth_no_interference/cv_runs_baselines/treatment_shared_unit/candidates/treatment_shared_unit_candidate_0008/fold_4/loss_mask.npy
2026-07-26 05:50:48 | INFO | Configured optimizer mode: alternating_treatment_shared_unit_latent_rank
2026-07-26 05:50:48 | INFO | Configured latent rank: 3
2026-07-26 05:50:48 | INFO | Using a fixed known graph with scalar xi.
2026-07-26 05:50:48 | INFO | Fit-time hard bounds active: False
2026-07-26 05:50:48 | INFO | Fixed scalar parameters: {'beta': 0.0, 'xi': 0.0, 'eta': 0.0}
2026-07-26 05:50:48 | INFO | Warm-start fixed scalars: {} for 0 steps
2026-07-26 05:50:48 | INFO | Beta-gradient mask before s: False with s=0
2026-07-26 05:50:48 | INFO | Beta-gradient mask after e: False with e=11
2026-07-26 05:50:48 | INFO | Alternating V-column L2-ball constraint active with radius 1.0
2026-07-26 05:50:48 | INFO | Optimizer settings: steps=2000, tol=1e-07, n_starts=1, seed=0, lambda_nuclear=0.0, lambda_frobenius=0.0, lambda_uv_ridge=0.005, v_column_l2_max=1.0, proximal_lr=1.0
2026-07-26 05:50:48 | INFO | Treatment-shared-unit alternating low-rank start 1/1 | seed=0 | initial_loss=0.693201 | initial_penalized=0.693203
2026-07-26 05:50:48 | INFO | Treatment-shared-unit alternating low-rank iter 0 | Loss: 0.682440 | Penalized: 0.682458
2026-07-26 05:50:50 | INFO | Treatment-shared-unit alternating low-rank iter 100 | Loss: 0.505080 | Penalized: 0.518368
2026-07-26 05:50:51 | INFO | Treatment-shared-unit alternating low-rank iter 200 | Loss: 0.505065 | Penalized: 0.518360
2026-07-26 05:50:53 | INFO | Treatment-shared-unit alternating low-rank iter 300 | Loss: 0.505067 | Penalized: 0.518359
2026-07-26 05:50:55 | INFO | Treatment-shared-unit alternating low-rank iter 400 | Loss: 0.505069 | Penalized: 0.518359
2026-07-26 05:50:56 | INFO | Treatment-shared-unit alternating low-rank iter 500 | Loss: 0.505070 | Penalized: 0.518360
2026-07-26 05:50:58 | INFO | Treatment-shared-unit alternating low-rank iter 600 | Loss: 0.505071 | Penalized: 0.518360
2026-07-26 05:51:00 | INFO | Treatment-shared-unit alternating low-rank iter 700 | Loss: 0.505071 | Penalized: 0.518360
2026-07-26 05:51:01 | INFO | Treatment-shared-unit alternating low-rank iter 800 | Loss: 0.505072 | Penalized: 0.518360
2026-07-26 05:51:03 | INFO | Treatment-shared-unit alternating low-rank iter 900 | Loss: 0.505072 | Penalized: 0.518360
2026-07-26 05:51:05 | INFO | Treatment-shared-unit alternating low-rank iter 1000 | Loss: 0.505072 | Penalized: 0.518360
2026-07-26 05:51:06 | INFO | Treatment-shared-unit alternating low-rank iter 1100 | Loss: 0.505072 | Penalized: 0.518360
2026-07-26 05:51:08 | INFO | Treatment-shared-unit alternating low-rank iter 1200 | Loss: 0.505072 | Penalized: 0.518360
2026-07-26 05:51:10 | INFO | Treatment-shared-unit alternating low-rank iter 1300 | Loss: 0.505072 | Penalized: 0.518360
2026-07-26 05:51:11 | INFO | Treatment-shared-unit alternating low-rank iter 1400 | Loss: 0.505072 | Penalized: 0.518360
2026-07-26 05:51:13 | INFO | Treatment-shared-unit alternating low-rank iter 1500 | Loss: 0.505073 | Penalized: 0.518360
2026-07-26 05:51:15 | INFO | Treatment-shared-unit alternating low-rank iter 1600 | Loss: 0.505073 | Penalized: 0.518360
2026-07-26 05:51:16 | INFO | Treatment-shared-unit alternating low-rank iter 1700 | Loss: 0.505073 | Penalized: 0.518360
2026-07-26 05:51:18 | INFO | Treatment-shared-unit alternating low-rank iter 1800 | Loss: 0.505073 | Penalized: 0.518360
2026-07-26 05:51:20 | INFO | Treatment-shared-unit alternating low-rank iter 1900 | Loss: 0.505073 | Penalized: 0.518360
2026-07-26 05:51:21 | INFO | Done fitting.
2026-07-26 05:51:21 | INFO | Optimizer status: STOP: TOTAL NO. OF OUTER ITERATIONS REACHED LIMIT
2026-07-26 05:51:21 | INFO | Best optimizer start: 1 / 1
2026-07-26 05:51:21 | INFO | Final Loss: 0.505039
2026-07-26 05:51:21 | INFO | Estimated vs True Parameters:
2026-07-26 05:51:21 | INFO |   beta: 0.0000 (True: -0.3000) | SQE: 0.090000
2026-07-26 05:51:21 | INFO |   xi: 0.0000 (True: 0.0000) | SQE: 0.000000
2026-07-26 05:51:21 | INFO |   eta: 0.0000 (True: 0.3000) | SQE: 0.090000
2026-07-26 05:51:21 | INFO | Treatment-shared-unit alternating low-rank optimizer diagnostics:
2026-07-26 05:51:21 | INFO |   penalized_objective: 0.518323
2026-07-26 05:51:21 | INFO |   mple_loss_without_penalty: 0.505039
2026-07-26 05:51:21 | INFO |   lambda_uv_ridge: 0.005000
2026-07-26 05:51:21 | INFO |   u_frobenius_norm: 1.732051
2026-07-26 05:51:21 | INFO |   v_frobenius_norm: 199.808588
2026-07-26 05:51:21 | INFO |   effective_rank: 50.000000
2026-07-26 05:51:21 | INFO | Field and interaction diagnostics:
2026-07-26 05:51:21 | INFO |   field_rmse: 0.689958
2026-07-26 05:51:21 | INFO |   interaction_fro_error: 0.000000
2026-07-26 05:51:21 | INFO |   estimated_field_max_abs_entry: 5.346789
2026-07-26 05:51:21 | INFO |   estimated_field_rank: 50.000000
2026-07-26 05:51:21 | INFO |   true_field_max_abs_entry: 4.447602
2026-07-26 05:51:21 | INFO |   true_field_rank: 3.000000
2026-07-26 05:51:21 | INFO | Saved summary table to /orcd/home/002/phevosp/MPLE-Causal-Inference/experiments/SyntheticNoInterference/synth_no_interference/cv_runs_baselines/treatment_shared_unit/candidates/treatment_shared_unit_candidate_0008/fold_4/mple_summary.csv
2026-07-26 05:51:21 | INFO | Log saved to /orcd/home/002/phevosp/MPLE-Causal-Inference/experiments/SyntheticNoInterference/synth_no_interference/cv_runs_baselines/treatment_shared_unit/candidates/treatment_shared_unit_candidate_0008/fold_4/mple.log
