2026-04-01 10:33:26 | INFO | Loading data...
2026-04-01 10:33:27 | INFO | Loaded 1 field templates and 1 interaction templates.
2026-04-01 10:33:27 | INFO | Running conditional-model MPLE on x with shape=(100, 5000)
2026-04-01 10:33:27 | INFO | Eval 0  |  Loss: 0.614310
2026-04-01 10:33:27 | INFO |   field::intercept: +0.0126,  beta: -0.0132,  interaction::adjacency: +0.0640,  eta: +0.0105,  zeta: -0.0536,  psi: +0.0362
2026-04-01 10:33:30 | INFO | Done fitting.
2026-04-01 10:33:30 | INFO | Optimizer status: CONVERGENCE: RELATIVE REDUCTION OF F <= FACTR*EPSMCH
2026-04-01 10:33:30 | INFO | Final Loss: 0.145991
2026-04-01 10:33:30 | INFO | Estimated vs True Parameters:
2026-04-01 10:33:30 | INFO |   field::intercept: 0.9656 (True: 1.0000)
2026-04-01 10:33:30 | INFO |   field::intercept SQE: 0.001182
2026-04-01 10:33:30 | INFO |   beta: 1.0562 (True: 1.1000)
2026-04-01 10:33:30 | INFO |   beta SQE: 0.001922
2026-04-01 10:33:30 | INFO |   interaction::adjacency: 1.9952 (True: 2.0000)
2026-04-01 10:33:30 | INFO |   interaction::adjacency SQE: 0.000023
2026-04-01 10:33:30 | INFO |   eta: 0.6967 (True: 0.7000)
2026-04-01 10:33:30 | INFO |   eta SQE: 0.000011
2026-04-01 10:33:30 | INFO |   zeta: -1.0002 (True: -1.0000)
2026-04-01 10:33:30 | INFO |   zeta SQE: 0.000000
2026-04-01 10:33:30 | INFO |   psi: 0.4012 (True: 0.4000)
2026-04-01 10:33:30 | INFO |   psi SQE: 0.000002
2026-04-01 10:33:30 | INFO | Saved summary tables to C:\Users\phevo\Documents\MIT\Code\MPLE-Causal-Inference\experiments\n5000_t100_low_temp_fro_large_uniform_known_graph_20260401_062847\mple_summary.csv and C:\Users\phevo\Documents\MIT\Code\MPLE-Causal-Inference\experiments\n5000_t100_low_temp_fro_large_uniform_known_graph_20260401_062847\mple_summary.md
2026-04-01 10:33:30 | INFO | Log saved to C:\Users\phevo\Documents\MIT\Code\MPLE-Causal-Inference\experiments\n5000_t100_low_temp_fro_large_uniform_known_graph_20260401_062847\mple.log
