2026-04-06 17:42:26 | INFO | Loading data...
2026-04-06 17:42:26 | INFO | Loaded 8 field templates and 1 interaction templates.
2026-04-06 17:42:26 | INFO | Intervention-process model enabled: False
2026-04-06 17:42:26 | INFO | Running conditional-model MPLE on x with shape=(15, 9642)
2026-04-06 17:42:26 | INFO | Eval 0  |  Loss: 0.589367
2026-04-06 17:42:26 | INFO |   field::total_pop: +0.0126,  field::black_share: -0.0132,  field::hispanic_share: +0.0640,  field::male_1521_share: +0.0105,  field::family_household_share: -0.0536,  field::female_household_share: +0.0362,  field::renter_share: +0.1304,  field::vacant_share: +0.0947,  tau block: mean=-0.0394, std=0.0882, min=-0.2325, max=+0.1366,  beta: +0.0352,  interaction::knn_8: +0.0903,  eta: +0.0094
2026-04-06 17:42:28 | INFO | Eval 100  |  Loss: 0.209070
2026-04-06 17:42:28 | INFO |   field::total_pop: +3.4240,  field::black_share: +0.3248,  field::hispanic_share: +0.4379,  field::male_1521_share: -0.2110,  field::family_household_share: -0.4326,  field::female_household_share: +0.4992,  field::renter_share: +0.1204,  field::vacant_share: +1.2052,  tau block: mean=-0.3107, std=0.0700, min=-0.4950, max=-0.2135,  beta: +0.0202,  interaction::knn_8: +1.2670,  eta: +0.6668
2026-04-06 17:42:28 | INFO | Done fitting.
2026-04-06 17:42:28 | INFO | Optimizer status: CONVERGENCE: RELATIVE REDUCTION OF F <= FACTR*EPSMCH
2026-04-06 17:42:28 | INFO | Final Loss: 0.209070
2026-04-06 17:42:28 | INFO | Estimated Parameters:
2026-04-06 17:42:28 | INFO |   field::total_pop: 3.4241
2026-04-06 17:42:28 | INFO |   field::black_share: 0.3250
2026-04-06 17:42:28 | INFO |   field::hispanic_share: 0.4380
2026-04-06 17:42:28 | INFO |   field::male_1521_share: -0.2118
2026-04-06 17:42:28 | INFO |   field::family_household_share: -0.4326
2026-04-06 17:42:28 | INFO |   field::female_household_share: 0.4991
2026-04-06 17:42:28 | INFO |   field::renter_share: 0.1204
2026-04-06 17:42:28 | INFO |   field::vacant_share: 1.2037
2026-04-06 17:42:28 | INFO |   tau::t_0: -0.3806
2026-04-06 17:42:28 | INFO |   tau::t_1: -0.2541
2026-04-06 17:42:28 | INFO |   tau::t_2: -0.3200
2026-04-06 17:42:28 | INFO |   tau::t_3: -0.3848
2026-04-06 17:42:28 | INFO |   tau::t_4: -0.3464
2026-04-06 17:42:28 | INFO |   tau::t_5: -0.2842
2026-04-06 17:42:28 | INFO |   tau::t_6: -0.3274
2026-04-06 17:42:28 | INFO |   tau::t_7: -0.3340
2026-04-06 17:42:28 | INFO |   tau::t_8: -0.2779
2026-04-06 17:42:28 | INFO |   tau::t_9: -0.2134
2026-04-06 17:42:28 | INFO |   tau::t_10: -0.2794
2026-04-06 17:42:28 | INFO |   tau::t_11: -0.2899
2026-04-06 17:42:28 | INFO |   tau::t_12: -0.2435
2026-04-06 17:42:28 | INFO |   tau::t_13: -0.2293
2026-04-06 17:42:28 | INFO |   tau::t_14: -0.4949
2026-04-06 17:42:28 | INFO |   beta: 0.0202
2026-04-06 17:42:28 | INFO |   interaction::knn_8: 1.2671
2026-04-06 17:42:28 | INFO |   eta: 0.6668
2026-04-06 17:42:28 | INFO | Saved summary tables to C:\Users\phevo\Documents\MIT\Code\MPLE-Causal-Inference\experiments\SeattleDMI\outcome_only\any_crime_gt_3_pm1__knn_8\mple_summary.csv and C:\Users\phevo\Documents\MIT\Code\MPLE-Causal-Inference\experiments\SeattleDMI\outcome_only\any_crime_gt_3_pm1__knn_8\mple_summary.md
2026-04-06 17:42:28 | INFO | Log saved to C:\Users\phevo\Documents\MIT\Code\MPLE-Causal-Inference\experiments\SeattleDMI\outcome_only\any_crime_gt_3_pm1__knn_8\mple.log
