2026-05-01 20:49:54 | INFO | Loading data...
2026-05-01 20:49:54 | INFO | Using panel artifact: /orcd/home/002/phevosp/MPLE-Causal-Inference/experiments/SyntheticHybridExperimentsFinal/confounding_weak/panel_data.npz
2026-05-01 20:49:54 | INFO | Using x_0 artifact: /orcd/home/002/phevosp/MPLE-Causal-Inference/experiments/SyntheticHybridExperimentsFinal/confounding_weak/x_0.npy
2026-05-01 20:49:54 | INFO | Using fit config: /orcd/home/002/phevosp/MPLE-Causal-Inference/experiments/SyntheticHybridExperimentsFinal/confounding_weak/cv_runs/alternating_uv_grid/candidates/alternating_uv_grid_candidate_0005/fold_10/fit_realized_config.yaml
2026-05-01 20:49:54 | INFO | Using model artifact directory: /orcd/home/002/phevosp/MPLE-Causal-Inference/experiments/SyntheticHybridExperimentsFinal/confounding_weak
2026-05-01 20:49:54 | INFO | Using truth artifact directory: /orcd/home/002/phevosp/MPLE-Causal-Inference/experiments/SyntheticHybridExperimentsFinal/confounding_weak
2026-05-01 20:49:54 | INFO | Using loss mask artifact: /orcd/home/002/phevosp/MPLE-Causal-Inference/experiments/SyntheticHybridExperimentsFinal/confounding_weak/cv_runs/alternating_uv_grid/candidates/alternating_uv_grid_candidate_0005/fold_10/loss_mask.npy
2026-05-01 20:49:54 | INFO | Configured optimizer mode: alternating_latent_rank
2026-05-01 20:49:54 | INFO | Configured latent rank: 3
2026-05-01 20:49:54 | INFO | Using a fixed known graph with scalar xi.
2026-05-01 20:49:54 | INFO | Fit-time hard bounds active: False
2026-05-01 20:49:54 | INFO | Fixed scalar parameters: {}
2026-05-01 20:49:54 | INFO | Warm-start fixed scalars: {} for 0 steps
2026-05-01 20:49:54 | INFO | Beta mask before s: False with s=0
2026-05-01 20:49:54 | INFO | Beta mask after e: False with e=11
2026-05-01 20:49:54 | INFO | Alternating V-column L2-ball constraint active with radius 1.0
2026-05-01 20:49:54 | INFO | Optimizer settings: steps=2000, tol=1e-07, n_starts=1, seed=0, lambda_nuclear=0.0, lambda_frobenius=0.0, lambda_uv_ridge=0.1, v_column_l2_max=1.0, proximal_lr=1.0
2026-05-01 20:49:54 | INFO | Alternating low-rank start 1/1 | seed=0 | initial_loss=0.835977 | initial_penalized=0.836003
2026-05-01 20:49:54 | INFO | Alternating low-rank iter 0 | Loss: 0.601848 | Penalized: 0.608685
2026-05-01 20:49:56 | INFO | Alternating low-rank iter 100 | Loss: 0.548127 | Penalized: 0.563673
2026-05-01 20:49:57 | INFO | Alternating low-rank iter 200 | Loss: 0.547305 | Penalized: 0.562921
2026-05-01 20:49:58 | INFO | Alternating low-rank iter 300 | Loss: 0.547030 | Penalized: 0.562757
2026-05-01 20:49:58 | INFO | Done fitting.
2026-05-01 20:49:58 | INFO | Optimizer status: CONVERGED: alternating objective tolerance reached
2026-05-01 20:49:58 | INFO | Best optimizer start: 1 / 1
2026-05-01 20:49:58 | INFO | Final Loss: 0.546494
2026-05-01 20:49:58 | INFO | Estimated vs True Parameters:
2026-05-01 20:49:58 | INFO |   beta: -0.3098 (True: -0.3000) | SQE: 0.000096
2026-05-01 20:49:58 | INFO |   xi: 0.8687 (True: 0.8000) | SQE: 0.004713
2026-05-01 20:49:58 | INFO |   eta: 0.3309 (True: 0.3000) | SQE: 0.000957
2026-05-01 20:49:58 | INFO | Alternating low-rank optimizer diagnostics:
2026-05-01 20:49:58 | INFO |   penalized_objective: 0.562482
2026-05-01 20:49:58 | INFO |   mple_loss_without_penalty: 0.546494
2026-05-01 20:49:58 | INFO |   lambda_uv_ridge: 0.100000
2026-05-01 20:49:58 | INFO |   u_frobenius_norm: 52.495638
2026-05-01 20:49:58 | INFO |   v_frobenius_norm: 1.732051
2026-05-01 20:49:58 | INFO |   effective_rank: 3.000000
2026-05-01 20:49:58 | INFO | Field and interaction diagnostics:
2026-05-01 20:49:58 | INFO |   field_rmse: 0.333206
2026-05-01 20:49:58 | INFO |   interaction_fro_error: 0.243217
2026-05-01 20:49:58 | INFO |   estimated_field_max_abs_entry: 1.982237
2026-05-01 20:49:58 | INFO |   estimated_field_rank: 3.000000
2026-05-01 20:49:58 | INFO |   true_field_max_abs_entry: 1.115066
2026-05-01 20:49:58 | INFO |   true_field_rank: 3.000000
2026-05-01 20:49:58 | INFO | Saved summary table to /orcd/home/002/phevosp/MPLE-Causal-Inference/experiments/SyntheticHybridExperimentsFinal/confounding_weak/cv_runs/alternating_uv_grid/candidates/alternating_uv_grid_candidate_0005/fold_10/mple_summary.csv
2026-05-01 20:49:58 | INFO | Log saved to /orcd/home/002/phevosp/MPLE-Causal-Inference/experiments/SyntheticHybridExperimentsFinal/confounding_weak/cv_runs/alternating_uv_grid/candidates/alternating_uv_grid_candidate_0005/fold_10/mple.log
