2026-04-07 11:54:21 | INFO | Loading data...
2026-04-07 11:54:21 | INFO | Loaded 6 field templates and 1 interaction templates.
2026-04-07 11:54:21 | INFO | Intervention-process model enabled: True
2026-04-07 11:54:21 | INFO | Tau zero-mean enabled: False
2026-04-07 11:54:21 | INFO | Tau smoothness lambda: 0.000000
2026-04-07 11:54:21 | INFO | Running conditional-model MPLE on x with shape=(67, 3137)
2026-04-07 11:54:21 | INFO | Eval 0  |  Loss: 0.683607
2026-04-07 11:54:21 | INFO |   field::log_population: +0.0126,  field::median_household_income: -0.0132,  field::poverty_rate: +0.0640,  field::pct_black: +0.0105,  field::pct_hispanic: -0.0536,  field::pct_in_labor_force: +0.0362,  tau block: mean=+0.0102, std=0.0970, min=-0.2325, max=+0.1960,  beta: -0.0618,  interaction::contiguity: +0.1822,  eta: -0.1320,  zeta: -0.0662,  psi: +0.0935
2026-04-07 11:54:27 | INFO | Done fitting.
2026-04-07 11:54:27 | INFO | Optimizer status: CONVERGENCE: RELATIVE REDUCTION OF F <= FACTR*EPSMCH
2026-04-07 11:54:27 | INFO | Final Loss: 0.178389
2026-04-07 11:54:27 | INFO | Estimated Parameters:
2026-04-07 11:54:27 | INFO |   field::log_population: 0.3257
2026-04-07 11:54:27 | INFO |   field::median_household_income: -0.2088
2026-04-07 11:54:27 | INFO |   field::poverty_rate: -0.0051
2026-04-07 11:54:27 | INFO |   field::pct_black: -0.1737
2026-04-07 11:54:27 | INFO |   field::pct_hispanic: -0.1365
2026-04-07 11:54:27 | INFO |   field::pct_in_labor_force: 0.0950
2026-04-07 11:54:27 | INFO |   tau::t_0: -0.0369
2026-04-07 11:54:27 | INFO |   tau::t_1: -0.1469
2026-04-07 11:54:27 | INFO |   tau::t_2: -0.2797
2026-04-07 11:54:27 | INFO |   tau::t_3: 0.0061
2026-04-07 11:54:27 | INFO |   tau::t_4: -0.2009
2026-04-07 11:54:27 | INFO |   tau::t_5: -0.0647
2026-04-07 11:54:27 | INFO |   tau::t_6: -0.0587
2026-04-07 11:54:27 | INFO |   tau::t_7: 0.0297
2026-04-07 11:54:27 | INFO |   tau::t_8: -0.0539
2026-04-07 11:54:27 | INFO |   tau::t_9: 0.0906
2026-04-07 11:54:27 | INFO |   tau::t_10: 0.0117
2026-04-07 11:54:27 | INFO |   tau::t_11: -0.0818
2026-04-07 11:54:27 | INFO |   tau::t_12: -0.0375
2026-04-07 11:54:27 | INFO |   tau::t_13: -0.1280
2026-04-07 11:54:27 | INFO |   tau::t_14: -0.1902
2026-04-07 11:54:27 | INFO |   tau::t_15: -0.2148
2026-04-07 11:54:27 | INFO |   tau::t_16: -0.1990
2026-04-07 11:54:27 | INFO |   tau::t_17: -0.3630
2026-04-07 11:54:27 | INFO |   tau::t_18: -0.1701
2026-04-07 11:54:27 | INFO |   tau::t_19: -0.3523
2026-04-07 11:54:27 | INFO |   tau::t_20: -0.3072
2026-04-07 11:54:27 | INFO |   tau::t_21: -0.2405
2026-04-07 11:54:27 | INFO |   tau::t_22: -0.0404
2026-04-07 11:54:27 | INFO |   tau::t_23: 0.0625
2026-04-07 11:54:27 | INFO |   tau::t_24: 0.2309
2026-04-07 11:54:27 | INFO |   tau::t_25: 0.2863
2026-04-07 11:54:27 | INFO |   tau::t_26: 0.3276
2026-04-07 11:54:27 | INFO |   tau::t_27: 0.3823
2026-04-07 11:54:27 | INFO |   tau::t_28: 0.3021
2026-04-07 11:54:27 | INFO |   tau::t_29: 0.4050
2026-04-07 11:54:27 | INFO |   tau::t_30: 0.3995
2026-04-07 11:54:27 | INFO |   tau::t_31: 0.2780
2026-04-07 11:54:27 | INFO |   tau::t_32: 0.4415
2026-04-07 11:54:27 | INFO |   tau::t_33: 0.3751
2026-04-07 11:54:27 | INFO |   tau::t_34: 0.2300
2026-04-07 11:54:27 | INFO |   tau::t_35: 0.0920
2026-04-07 11:54:27 | INFO |   tau::t_36: -0.0314
2026-04-07 11:54:27 | INFO |   tau::t_37: 0.0131
2026-04-07 11:54:27 | INFO |   tau::t_38: -0.0354
2026-04-07 11:54:27 | INFO |   tau::t_39: 0.0174
2026-04-07 11:54:27 | INFO |   tau::t_40: 0.1045
2026-04-07 11:54:27 | INFO |   tau::t_41: 0.1532
2026-04-07 11:54:27 | INFO |   tau::t_42: -0.1873
2026-04-07 11:54:27 | INFO |   tau::t_43: 0.4765
2026-04-07 11:54:27 | INFO |   tau::t_44: 0.1595
2026-04-07 11:54:27 | INFO |   tau::t_45: 0.1347
2026-04-07 11:54:27 | INFO |   tau::t_46: 0.1681
2026-04-07 11:54:27 | INFO |   tau::t_47: 0.6523
2026-04-07 11:54:27 | INFO |   tau::t_48: 1.2613
2026-04-07 11:54:27 | INFO |   tau::t_49: 1.3075
2026-04-07 11:54:27 | INFO |   tau::t_50: 2.0775
2026-04-07 11:54:27 | INFO |   tau::t_51: 2.0535
2026-04-07 11:54:27 | INFO |   tau::t_52: 1.1975
2026-04-07 11:54:27 | INFO |   tau::t_53: 0.4294
2026-04-07 11:54:27 | INFO |   tau::t_54: -0.0084
2026-04-07 11:54:27 | INFO |   tau::t_55: -0.3053
2026-04-07 11:54:27 | INFO |   tau::t_56: -0.2584
2026-04-07 11:54:27 | INFO |   tau::t_57: -0.2202
2026-04-07 11:54:27 | INFO |   tau::t_58: -0.1522
2026-04-07 11:54:27 | INFO |   tau::t_59: -0.1176
2026-04-07 11:54:27 | INFO |   tau::t_60: -0.1752
2026-04-07 11:54:27 | INFO |   tau::t_61: -0.0599
2026-04-07 11:54:27 | INFO |   tau::t_62: -0.0955
2026-04-07 11:54:27 | INFO |   tau::t_63: 0.1040
2026-04-07 11:54:27 | INFO |   tau::t_64: 0.0436
2026-04-07 11:54:27 | INFO |   tau::t_65: 0.1361
2026-04-07 11:54:27 | INFO |   tau::t_66: 0.1427
2026-04-07 11:54:27 | INFO |   beta: -0.0238
2026-04-07 11:54:27 | INFO |   interaction::contiguity: 2.4539
2026-04-07 11:54:27 | INFO |   eta: 0.5111
2026-04-07 11:54:27 | INFO |   zeta: 0.0785
2026-04-07 11:54:27 | INFO |   psi: 2.0501
2026-04-07 11:54:27 | INFO | Saved summary tables to C:\Users\phevo\Documents\MIT\Code\MPLE-Causal-Inference\experiments\USCountyVaccination_US_tau_unrestricted\outcome_case_rate_100k_ge_100__intervention_partial_cov_ge_30__lag_3w__contiguity\mple_summary.csv and C:\Users\phevo\Documents\MIT\Code\MPLE-Causal-Inference\experiments\USCountyVaccination_US_tau_unrestricted\outcome_case_rate_100k_ge_100__intervention_partial_cov_ge_30__lag_3w__contiguity\mple_summary.md
2026-04-07 11:54:27 | INFO | Log saved to C:\Users\phevo\Documents\MIT\Code\MPLE-Causal-Inference\experiments\USCountyVaccination_US_tau_unrestricted\outcome_case_rate_100k_ge_100__intervention_partial_cov_ge_30__lag_3w__contiguity\mple.log
