2026-04-07 13:22:34 | INFO | Loading data...
2026-04-07 13:22:34 | INFO | Loaded 6 field templates and 1 interaction templates.
2026-04-07 13:22:34 | INFO | Intervention-process model enabled: True
2026-04-07 13:22:34 | INFO | Tau zero-mean enabled: True
2026-04-07 13:22:34 | INFO | Tau smoothness lambda: 1.000000
2026-04-07 13:22:34 | INFO | Running conditional-model MPLE on x with shape=(70, 3203)
2026-04-07 13:22:34 | INFO | Eval 0  |  Loss: 0.672571
2026-04-07 13:22:34 | INFO |   field::log_population: +0.0126,  field::median_household_income: -0.0132,  field::poverty_rate: +0.0640,  field::pct_black: +0.0105,  field::pct_hispanic: -0.0536,  field::pct_in_labor_force: +0.0362,  tau block: mean=-0.0000, std=0.0990, min=-0.2421, max=+0.1864,  beta: -0.0662,  interaction::contiguity: +0.0935,  eta: +0.0049,  zeta: +0.2002,  psi: +0.0189
2026-04-07 13:22:38 | INFO | Done fitting.
2026-04-07 13:22:38 | INFO | Optimizer status: CONVERGENCE: RELATIVE REDUCTION OF F <= FACTR*EPSMCH
2026-04-07 13:22:38 | INFO | Final Loss: 0.166767
2026-04-07 13:22:38 | INFO | Estimated Parameters:
2026-04-07 13:22:38 | INFO |   field::log_population: 0.3296
2026-04-07 13:22:38 | INFO |   field::median_household_income: -0.1349
2026-04-07 13:22:38 | INFO |   field::poverty_rate: 0.0291
2026-04-07 13:22:38 | INFO |   field::pct_black: -0.1479
2026-04-07 13:22:38 | INFO |   field::pct_hispanic: -0.0897
2026-04-07 13:22:38 | INFO |   field::pct_in_labor_force: 0.0997
2026-04-07 13:22:38 | INFO |   tau::t_0: 0.0861
2026-04-07 13:22:38 | INFO |   tau::t_1: 0.0105
2026-04-07 13:22:38 | INFO |   tau::t_2: -0.0638
2026-04-07 13:22:38 | INFO |   tau::t_3: -0.1212
2026-04-07 13:22:38 | INFO |   tau::t_4: -0.2122
2026-04-07 13:22:38 | INFO |   tau::t_5: -0.3260
2026-04-07 13:22:38 | INFO |   tau::t_6: -0.0442
2026-04-07 13:22:38 | INFO |   tau::t_7: -0.2430
2026-04-07 13:22:38 | INFO |   tau::t_8: -0.1102
2026-04-07 13:22:38 | INFO |   tau::t_9: -0.1088
2026-04-07 13:22:38 | INFO |   tau::t_10: -0.0193
2026-04-07 13:22:38 | INFO |   tau::t_11: -0.1094
2026-04-07 13:22:38 | INFO |   tau::t_12: 0.0246
2026-04-07 13:22:38 | INFO |   tau::t_13: -0.0520
2026-04-07 13:22:38 | INFO |   tau::t_14: -0.1497
2026-04-07 13:22:38 | INFO |   tau::t_15: -0.1082
2026-04-07 13:22:38 | INFO |   tau::t_16: -0.2018
2026-04-07 13:22:38 | INFO |   tau::t_17: -0.2704
2026-04-07 13:22:38 | INFO |   tau::t_18: -0.3025
2026-04-07 13:22:38 | INFO |   tau::t_19: -0.2638
2026-04-07 13:22:38 | INFO |   tau::t_20: -0.5039
2026-04-07 13:22:38 | INFO |   tau::t_21: -0.2864
2026-04-07 13:22:38 | INFO |   tau::t_22: -0.5034
2026-04-07 13:22:38 | INFO |   tau::t_23: -0.4438
2026-04-07 13:22:38 | INFO |   tau::t_24: -0.3711
2026-04-07 13:22:38 | INFO |   tau::t_25: -0.1397
2026-04-07 13:22:38 | INFO |   tau::t_26: -0.0145
2026-04-07 13:22:38 | INFO |   tau::t_27: 0.1535
2026-04-07 13:22:38 | INFO |   tau::t_28: 0.2106
2026-04-07 13:22:38 | INFO |   tau::t_29: 0.2485
2026-04-07 13:22:38 | INFO |   tau::t_30: 0.2904
2026-04-07 13:22:38 | INFO |   tau::t_31: 0.1917
2026-04-07 13:22:38 | INFO |   tau::t_32: 0.2699
2026-04-07 13:22:38 | INFO |   tau::t_33: 0.2398
2026-04-07 13:22:38 | INFO |   tau::t_34: 0.1407
2026-04-07 13:22:38 | INFO |   tau::t_35: 0.2743
2026-04-07 13:22:38 | INFO |   tau::t_36: 0.2235
2026-04-07 13:22:38 | INFO |   tau::t_37: 0.0710
2026-04-07 13:22:38 | INFO |   tau::t_38: -0.0231
2026-04-07 13:22:38 | INFO |   tau::t_39: -0.1344
2026-04-07 13:22:38 | INFO |   tau::t_40: -0.0888
2026-04-07 13:22:38 | INFO |   tau::t_41: -0.1232
2026-04-07 13:22:38 | INFO |   tau::t_42: -0.0766
2026-04-07 13:22:38 | INFO |   tau::t_43: 0.0093
2026-04-07 13:22:38 | INFO |   tau::t_44: 0.0472
2026-04-07 13:22:38 | INFO |   tau::t_45: -0.2739
2026-04-07 13:22:38 | INFO |   tau::t_46: 0.3769
2026-04-07 13:22:38 | INFO |   tau::t_47: 0.0522
2026-04-07 13:22:38 | INFO |   tau::t_48: 0.0324
2026-04-07 13:22:38 | INFO |   tau::t_49: 0.0670
2026-04-07 13:22:38 | INFO |   tau::t_50: 0.4884
2026-04-07 13:22:38 | INFO |   tau::t_51: 0.7512
2026-04-07 13:22:38 | INFO |   tau::t_52: 0.6882
2026-04-07 13:22:38 | INFO |   tau::t_53: 0.8295
2026-04-07 13:22:38 | INFO |   tau::t_54: 0.8122
2026-04-07 13:22:38 | INFO |   tau::t_55: 0.6307
2026-04-07 13:22:38 | INFO |   tau::t_56: 0.2208
2026-04-07 13:22:38 | INFO |   tau::t_57: -0.1189
2026-04-07 13:22:38 | INFO |   tau::t_58: -0.3587
2026-04-07 13:22:38 | INFO |   tau::t_59: -0.2972
2026-04-07 13:22:38 | INFO |   tau::t_60: -0.2768
2026-04-07 13:22:38 | INFO |   tau::t_61: -0.2104
2026-04-07 13:22:38 | INFO |   tau::t_62: -0.1880
2026-04-07 13:22:38 | INFO |   tau::t_63: -0.2401
2026-04-07 13:22:38 | INFO |   tau::t_64: -0.1334
2026-04-07 13:22:38 | INFO |   tau::t_65: -0.1610
2026-04-07 13:22:38 | INFO |   tau::t_66: 0.0609
2026-04-07 13:22:38 | INFO |   tau::t_67: -0.0079
2026-04-07 13:22:38 | INFO |   tau::t_68: 0.0804
2026-04-07 13:22:38 | INFO |   tau::t_69: 0.0990
2026-04-07 13:22:38 | INFO |   beta: -0.0474
2026-04-07 13:22:38 | INFO |   interaction::contiguity: 2.4942
2026-04-07 13:22:38 | INFO |   eta: 0.5146
2026-04-07 13:22:38 | INFO |   zeta: 0.1608
2026-04-07 13:22:38 | INFO |   psi: 2.3823
2026-04-07 13:22:38 | INFO | Saved summary tables to C:\Users\phevo\Documents\MIT\Code\MPLE-Causal-Inference\experiments\USCountyVaccination_US\USCountyVaccination_US_tau_zero_mean_smooth\outcome_case_rate_100k_ge_100__intervention_complete_cov_ge_50__lag_0w__contiguity\mple_summary.csv and C:\Users\phevo\Documents\MIT\Code\MPLE-Causal-Inference\experiments\USCountyVaccination_US\USCountyVaccination_US_tau_zero_mean_smooth\outcome_case_rate_100k_ge_100__intervention_complete_cov_ge_50__lag_0w__contiguity\mple_summary.md
2026-04-07 13:22:38 | INFO | Log saved to C:\Users\phevo\Documents\MIT\Code\MPLE-Causal-Inference\experiments\USCountyVaccination_US\USCountyVaccination_US_tau_zero_mean_smooth\outcome_case_rate_100k_ge_100__intervention_complete_cov_ge_50__lag_0w__contiguity\mple.log
