2026-04-07 11:48:12 | INFO | Loading data...
2026-04-07 11:48:12 | INFO | Loaded 6 field templates and 1 interaction templates.
2026-04-07 11:48:12 | INFO | Intervention-process model enabled: True
2026-04-07 11:48:12 | INFO | Tau zero-mean enabled: True
2026-04-07 11:48:12 | INFO | Tau smoothness lambda: 1.000000
2026-04-07 11:48:12 | INFO | Running conditional-model MPLE on x with shape=(67, 3137)
2026-04-07 11:48:12 | INFO | Eval 0  |  Loss: 0.679096
2026-04-07 11:48:12 | INFO |   field::log_population: +0.0126,  field::median_household_income: -0.0132,  field::poverty_rate: +0.0640,  field::pct_black: +0.0105,  field::pct_hispanic: -0.0536,  field::pct_in_labor_force: +0.0362,  tau block: mean=-0.0000, std=0.0970, min=-0.2427, max=+0.1858,  beta: -0.0618,  interaction::contiguity: +0.1822,  eta: -0.1320,  zeta: -0.0662,  psi: +0.0935
2026-04-07 11:48:15 | INFO | Done fitting.
2026-04-07 11:48:15 | INFO | Optimizer status: CONVERGENCE: RELATIVE REDUCTION OF F <= FACTR*EPSMCH
2026-04-07 11:48:15 | INFO | Final Loss: 0.180110
2026-04-07 11:48:15 | INFO | Estimated Parameters:
2026-04-07 11:48:15 | INFO |   field::log_population: 0.2699
2026-04-07 11:48:15 | INFO |   field::median_household_income: -0.1818
2026-04-07 11:48:15 | INFO |   field::poverty_rate: -0.0547
2026-04-07 11:48:15 | INFO |   field::pct_black: -0.1342
2026-04-07 11:48:15 | INFO |   field::pct_hispanic: -0.0585
2026-04-07 11:48:15 | INFO |   field::pct_in_labor_force: 0.0885
2026-04-07 11:48:15 | INFO |   tau::t_0: 0.0106
2026-04-07 11:48:15 | INFO |   tau::t_1: -0.0924
2026-04-07 11:48:15 | INFO |   tau::t_2: -0.2273
2026-04-07 11:48:15 | INFO |   tau::t_3: 0.0345
2026-04-07 11:48:15 | INFO |   tau::t_4: -0.1954
2026-04-07 11:48:15 | INFO |   tau::t_5: -0.0728
2026-04-07 11:48:15 | INFO |   tau::t_6: -0.0862
2026-04-07 11:48:15 | INFO |   tau::t_7: -0.0048
2026-04-07 11:48:15 | INFO |   tau::t_8: -0.0996
2026-04-07 11:48:15 | INFO |   tau::t_9: 0.0403
2026-04-07 11:48:15 | INFO |   tau::t_10: -0.0471
2026-04-07 11:48:15 | INFO |   tau::t_11: -0.1466
2026-04-07 11:48:15 | INFO |   tau::t_12: -0.1082
2026-04-07 11:48:15 | INFO |   tau::t_13: -0.2060
2026-04-07 11:48:15 | INFO |   tau::t_14: -0.2745
2026-04-07 11:48:15 | INFO |   tau::t_15: -0.3049
2026-04-07 11:48:15 | INFO |   tau::t_16: -0.2965
2026-04-07 11:48:15 | INFO |   tau::t_17: -0.4842
2026-04-07 11:48:15 | INFO |   tau::t_18: -0.2738
2026-04-07 11:48:15 | INFO |   tau::t_19: -0.4752
2026-04-07 11:48:15 | INFO |   tau::t_20: -0.4311
2026-04-07 11:48:15 | INFO |   tau::t_21: -0.3551
2026-04-07 11:48:15 | INFO |   tau::t_22: -0.1363
2026-04-07 11:48:15 | INFO |   tau::t_23: -0.0170
2026-04-07 11:48:15 | INFO |   tau::t_24: 0.1602
2026-04-07 11:48:15 | INFO |   tau::t_25: 0.2087
2026-04-07 11:48:15 | INFO |   tau::t_26: 0.2430
2026-04-07 11:48:15 | INFO |   tau::t_27: 0.2863
2026-04-07 11:48:15 | INFO |   tau::t_28: 0.1906
2026-04-07 11:48:15 | INFO |   tau::t_29: 0.2732
2026-04-07 11:48:15 | INFO |   tau::t_30: 0.2538
2026-04-07 11:48:15 | INFO |   tau::t_31: 0.1381
2026-04-07 11:48:15 | INFO |   tau::t_32: 0.2826
2026-04-07 11:48:15 | INFO |   tau::t_33: 0.2207
2026-04-07 11:48:15 | INFO |   tau::t_34: 0.0963
2026-04-07 11:48:15 | INFO |   tau::t_35: -0.0246
2026-04-07 11:48:15 | INFO |   tau::t_36: -0.1366
2026-04-07 11:48:15 | INFO |   tau::t_37: -0.0880
2026-04-07 11:48:15 | INFO |   tau::t_38: -0.1346
2026-04-07 11:48:15 | INFO |   tau::t_39: -0.0846
2026-04-07 11:48:15 | INFO |   tau::t_40: -0.0199
2026-04-07 11:48:15 | INFO |   tau::t_41: 0.0217
2026-04-07 11:48:15 | INFO |   tau::t_42: -0.3058
2026-04-07 11:48:15 | INFO |   tau::t_43: 0.3462
2026-04-07 11:48:15 | INFO |   tau::t_44: 0.0234
2026-04-07 11:48:15 | INFO |   tau::t_45: 0.0010
2026-04-07 11:48:15 | INFO |   tau::t_46: 0.0381
2026-04-07 11:48:15 | INFO |   tau::t_47: 0.4840
2026-04-07 11:48:15 | INFO |   tau::t_48: 0.8333
2026-04-07 11:48:15 | INFO |   tau::t_49: 0.7688
2026-04-07 11:48:15 | INFO |   tau::t_50: 0.9428
2026-04-07 11:48:15 | INFO |   tau::t_51: 0.9217
2026-04-07 11:48:15 | INFO |   tau::t_52: 0.7007
2026-04-07 11:48:15 | INFO |   tau::t_53: 0.2175
2026-04-07 11:48:15 | INFO |   tau::t_54: -0.1531
2026-04-07 11:48:15 | INFO |   tau::t_55: -0.4230
2026-04-07 11:48:15 | INFO |   tau::t_56: -0.3737
2026-04-07 11:48:15 | INFO |   tau::t_57: -0.3388
2026-04-07 11:48:15 | INFO |   tau::t_58: -0.2766
2026-04-07 11:48:15 | INFO |   tau::t_59: -0.2476
2026-04-07 11:48:15 | INFO |   tau::t_60: -0.3099
2026-04-07 11:48:15 | INFO |   tau::t_61: -0.1943
2026-04-07 11:48:15 | INFO |   tau::t_62: -0.2342
2026-04-07 11:48:15 | INFO |   tau::t_63: -0.0199
2026-04-07 11:48:15 | INFO |   tau::t_64: -0.0803
2026-04-07 11:48:15 | INFO |   tau::t_65: 0.0174
2026-04-07 11:48:15 | INFO |   tau::t_66: 0.0250
2026-04-07 11:48:15 | INFO |   beta: 0.0692
2026-04-07 11:48:15 | INFO |   interaction::contiguity: 2.4709
2026-04-07 11:48:15 | INFO |   eta: 0.5162
2026-04-07 11:48:15 | INFO |   zeta: 0.0416
2026-04-07 11:48:15 | INFO |   psi: 2.0254
2026-04-07 11:48:16 | INFO | Saved summary tables to C:\Users\phevo\Documents\MIT\Code\MPLE-Causal-Inference\experiments\USCountyVaccination_US_tau_zero_mean_smooth\outcome_case_rate_100k_ge_100__intervention_partial_cov_ge_10__lag_3w__contiguity\mple_summary.csv and C:\Users\phevo\Documents\MIT\Code\MPLE-Causal-Inference\experiments\USCountyVaccination_US_tau_zero_mean_smooth\outcome_case_rate_100k_ge_100__intervention_partial_cov_ge_10__lag_3w__contiguity\mple_summary.md
2026-04-07 11:48:16 | INFO | Log saved to C:\Users\phevo\Documents\MIT\Code\MPLE-Causal-Inference\experiments\USCountyVaccination_US_tau_zero_mean_smooth\outcome_case_rate_100k_ge_100__intervention_partial_cov_ge_10__lag_3w__contiguity\mple.log
