2026-05-02 23:11:50 | INFO | Loading data...
2026-05-02 23:11:50 | INFO | Using panel artifact: /orcd/home/002/phevosp/MPLE-Causal-Inference/experiments/HybridExperiments_r1_v2/r1_hybrid_us_county_intervention_generated_graph_confounding/panel_data.npz
2026-05-02 23:11:50 | INFO | Using x_0 artifact: /orcd/home/002/phevosp/MPLE-Causal-Inference/experiments/HybridExperiments_r1_v2/r1_hybrid_us_county_intervention_generated_graph_confounding/x_0.npy
2026-05-02 23:11:50 | INFO | Using fit config: /orcd/home/002/phevosp/MPLE-Causal-Inference/experiments/HybridExperiments_r1_v2/r1_hybrid_us_county_intervention_generated_graph_confounding/cv_runs/alternating_uv_grid/candidates/alternating_uv_grid_candidate_0002/fold_3/fit_realized_config.yaml
2026-05-02 23:11:50 | INFO | Using model artifact directory: /orcd/home/002/phevosp/MPLE-Causal-Inference/experiments/HybridExperiments_r1_v2/r1_hybrid_us_county_intervention_generated_graph_confounding
2026-05-02 23:11:50 | INFO | Using truth artifact directory: /orcd/home/002/phevosp/MPLE-Causal-Inference/experiments/HybridExperiments_r1_v2/r1_hybrid_us_county_intervention_generated_graph_confounding
2026-05-02 23:11:50 | INFO | Using loss mask artifact: /orcd/home/002/phevosp/MPLE-Causal-Inference/experiments/HybridExperiments_r1_v2/r1_hybrid_us_county_intervention_generated_graph_confounding/cv_runs/alternating_uv_grid/candidates/alternating_uv_grid_candidate_0002/fold_3/loss_mask.npy
2026-05-02 23:11:50 | INFO | Configured optimizer mode: alternating_latent_rank
2026-05-02 23:11:50 | INFO | Configured latent rank: 1
2026-05-02 23:11:50 | INFO | Using a fixed known graph with scalar xi.
2026-05-02 23:11:50 | INFO | Fit-time hard bounds active: False
2026-05-02 23:11:50 | INFO | Fixed scalar parameters: {}
2026-05-02 23:11:50 | INFO | Warm-start fixed scalars: {} for 0 steps
2026-05-02 23:11:50 | INFO | Beta mask before s: True with s=50
2026-05-02 23:11:50 | INFO | Beta mask after e: True with e=115
2026-05-02 23:11:50 | INFO | Alternating V-column L2-ball constraint active with radius 1.0
2026-05-02 23:11:50 | INFO | Optimizer settings: steps=2000, tol=1e-07, n_starts=1, seed=0, lambda_nuclear=0.0, lambda_frobenius=0.0, lambda_uv_ridge=0.0005, v_column_l2_max=1.0, proximal_lr=1.0
2026-05-02 23:11:51 | INFO | Alternating low-rank start 1/1 | seed=0 | initial_loss=0.697609 | initial_penalized=0.697609
2026-05-02 23:11:51 | INFO | Alternating low-rank iter 0 | Loss: 0.615461 | Penalized: 0.615495
2026-05-02 23:11:57 | INFO | Alternating low-rank iter 100 | Loss: 0.522937 | Penalized: 0.523684
2026-05-02 23:12:04 | INFO | Alternating low-rank iter 200 | Loss: 0.522192 | Penalized: 0.522942
2026-05-02 23:12:11 | INFO | Alternating low-rank iter 300 | Loss: 0.521767 | Penalized: 0.522488
2026-05-02 23:12:18 | INFO | Alternating low-rank iter 400 | Loss: 0.521493 | Penalized: 0.522190
2026-05-02 23:12:25 | INFO | Alternating low-rank iter 500 | Loss: 0.521315 | Penalized: 0.521993
2026-05-02 23:12:32 | INFO | Alternating low-rank iter 600 | Loss: 0.521199 | Penalized: 0.521863
2026-05-02 23:12:39 | INFO | Alternating low-rank iter 700 | Loss: 0.521124 | Penalized: 0.521777
2026-05-02 23:12:45 | INFO | Alternating low-rank iter 800 | Loss: 0.521075 | Penalized: 0.521719
2026-05-02 23:12:52 | INFO | Alternating low-rank iter 900 | Loss: 0.521043 | Penalized: 0.521681
2026-05-02 23:12:59 | INFO | Alternating low-rank iter 1000 | Loss: 0.521023 | Penalized: 0.521656
2026-05-02 23:13:06 | INFO | Alternating low-rank iter 1100 | Loss: 0.521010 | Penalized: 0.521639
2026-05-02 23:13:11 | INFO | Done fitting.
2026-05-02 23:13:11 | INFO | Optimizer status: CONVERGED: alternating objective tolerance reached
2026-05-02 23:13:11 | INFO | Best optimizer start: 1 / 1
2026-05-02 23:13:11 | INFO | Final Loss: 0.521003
2026-05-02 23:13:11 | INFO | Estimated vs True Parameters:
2026-05-02 23:13:11 | INFO |   beta: -0.3226 (True: -0.3000) | SQE: 0.000510
2026-05-02 23:13:11 | INFO |   xi: 0.8728 (True: 0.8000) | SQE: 0.005298
2026-05-02 23:13:11 | INFO |   eta: 0.2665 (True: 0.3000) | SQE: 0.001122
2026-05-02 23:13:11 | INFO | Alternating low-rank optimizer diagnostics:
2026-05-02 23:13:11 | INFO |   penalized_objective: 0.521629
2026-05-02 23:13:11 | INFO |   mple_loss_without_penalty: 0.521003
2026-05-02 23:13:11 | INFO |   lambda_uv_ridge: 0.000500
2026-05-02 23:13:11 | INFO |   u_frobenius_norm: 336.446861
2026-05-02 23:13:11 | INFO |   v_frobenius_norm: 1.000000
2026-05-02 23:13:11 | INFO |   effective_rank: 1.000000
2026-05-02 23:13:11 | INFO | Field and interaction diagnostics:
2026-05-02 23:13:11 | INFO |   field_rmse: 0.451509
2026-05-02 23:13:11 | INFO |   interaction_fro_error: 0.551509
2026-05-02 23:13:11 | INFO |   estimated_field_max_abs_entry: 6.275195
2026-05-02 23:13:11 | INFO |   estimated_field_rank: 1.000000
2026-05-02 23:13:11 | INFO |   true_field_max_abs_entry: 0.609457
2026-05-02 23:13:11 | INFO |   true_field_rank: 1.000000
2026-05-02 23:13:12 | INFO | Saved summary table to /orcd/home/002/phevosp/MPLE-Causal-Inference/experiments/HybridExperiments_r1_v2/r1_hybrid_us_county_intervention_generated_graph_confounding/cv_runs/alternating_uv_grid/candidates/alternating_uv_grid_candidate_0002/fold_3/mple_summary.csv
2026-05-02 23:13:12 | INFO | Log saved to /orcd/home/002/phevosp/MPLE-Causal-Inference/experiments/HybridExperiments_r1_v2/r1_hybrid_us_county_intervention_generated_graph_confounding/cv_runs/alternating_uv_grid/candidates/alternating_uv_grid_candidate_0002/fold_3/mple.log
