2026-05-02 20:58:04 | INFO | Loading data...
2026-05-02 20:58:04 | INFO | Using panel artifact: /orcd/home/002/phevosp/MPLE-Causal-Inference/experiments/HybridExperiments_r5_c1_v2/r5_c1_hybrid_us_county_intervention_uscounty_graph_contiguous_confounding/panel_data.npz
2026-05-02 20:58:04 | INFO | Using x_0 artifact: /orcd/home/002/phevosp/MPLE-Causal-Inference/experiments/HybridExperiments_r5_c1_v2/r5_c1_hybrid_us_county_intervention_uscounty_graph_contiguous_confounding/x_0.npy
2026-05-02 20:58:04 | INFO | Using fit config: /orcd/home/002/phevosp/MPLE-Causal-Inference/experiments/HybridExperiments_r5_c1_v2/r5_c1_hybrid_us_county_intervention_uscounty_graph_contiguous_confounding/cv_runs/alternating_uv_grid/candidates/alternating_uv_grid_candidate_0003/fold_3/fit_realized_config.yaml
2026-05-02 20:58:04 | INFO | Using model artifact directory: /orcd/home/002/phevosp/MPLE-Causal-Inference/experiments/HybridExperiments_r5_c1_v2/r5_c1_hybrid_us_county_intervention_uscounty_graph_contiguous_confounding
2026-05-02 20:58:04 | INFO | Using truth artifact directory: /orcd/home/002/phevosp/MPLE-Causal-Inference/experiments/HybridExperiments_r5_c1_v2/r5_c1_hybrid_us_county_intervention_uscounty_graph_contiguous_confounding
2026-05-02 20:58:04 | INFO | Using loss mask artifact: /orcd/home/002/phevosp/MPLE-Causal-Inference/experiments/HybridExperiments_r5_c1_v2/r5_c1_hybrid_us_county_intervention_uscounty_graph_contiguous_confounding/cv_runs/alternating_uv_grid/candidates/alternating_uv_grid_candidate_0003/fold_3/loss_mask.npy
2026-05-02 20:58:04 | INFO | Configured optimizer mode: alternating_latent_rank
2026-05-02 20:58:04 | INFO | Configured latent rank: 5
2026-05-02 20:58:04 | INFO | Using a fixed known graph with scalar xi.
2026-05-02 20:58:04 | INFO | Fit-time hard bounds active: False
2026-05-02 20:58:04 | INFO | Fixed scalar parameters: {}
2026-05-02 20:58:04 | INFO | Warm-start fixed scalars: {} for 0 steps
2026-05-02 20:58:04 | INFO | Beta mask before s: True with s=50
2026-05-02 20:58:04 | INFO | Beta mask after e: True with e=115
2026-05-02 20:58:04 | INFO | Alternating V-column L2-ball constraint active with radius 1.0
2026-05-02 20:58:04 | INFO | Optimizer settings: steps=2000, tol=1e-07, n_starts=1, seed=0, lambda_nuclear=0.0, lambda_frobenius=0.0, lambda_uv_ridge=0.005, v_column_l2_max=1.0, proximal_lr=1.0
2026-05-02 20:58:04 | INFO | Alternating low-rank start 1/1 | seed=0 | initial_loss=0.767020 | initial_penalized=0.767020
2026-05-02 20:58:04 | INFO | Alternating low-rank iter 0 | Loss: 0.597520 | Penalized: 0.597919
2026-05-02 20:58:17 | INFO | Alternating low-rank iter 100 | Loss: 0.542501 | Penalized: 0.544768
2026-05-02 20:58:30 | INFO | Alternating low-rank iter 200 | Loss: 0.541835 | Penalized: 0.544329
2026-05-02 20:58:41 | INFO | Done fitting.
2026-05-02 20:58:41 | INFO | Optimizer status: CONVERGED: alternating objective tolerance reached
2026-05-02 20:58:41 | INFO | Best optimizer start: 1 / 1
2026-05-02 20:58:41 | INFO | Final Loss: 0.541806
2026-05-02 20:58:41 | INFO | Estimated vs True Parameters:
2026-05-02 20:58:41 | INFO |   beta: -0.0759 (True: -0.3000) | SQE: 0.050211
2026-05-02 20:58:41 | INFO |   xi: 0.9213 (True: 0.8000) | SQE: 0.014712
2026-05-02 20:58:41 | INFO |   eta: 0.3145 (True: 0.3000) | SQE: 0.000209
2026-05-02 20:58:41 | INFO | Alternating low-rank optimizer diagnostics:
2026-05-02 20:58:41 | INFO |   penalized_objective: 0.544308
2026-05-02 20:58:41 | INFO |   mple_loss_without_penalty: 0.541806
2026-05-02 20:58:41 | INFO |   lambda_uv_ridge: 0.005000
2026-05-02 20:58:41 | INFO |   u_frobenius_norm: 380.287520
2026-05-02 20:58:41 | INFO |   v_frobenius_norm: 2.236068
2026-05-02 20:58:41 | INFO |   effective_rank: 5.000000
2026-05-02 20:58:41 | INFO | Field and interaction diagnostics:
2026-05-02 20:58:41 | INFO |   field_rmse: 0.535659
2026-05-02 20:58:41 | INFO |   interaction_fro_error: 1.147036
2026-05-02 20:58:41 | INFO |   estimated_field_max_abs_entry: 14.092409
2026-05-02 20:58:41 | INFO |   estimated_field_rank: 5.000000
2026-05-02 20:58:41 | INFO |   true_field_max_abs_entry: 3.005890
2026-05-02 20:58:41 | INFO |   true_field_rank: 5.000000
2026-05-02 20:58:41 | INFO | Saved summary table to /orcd/home/002/phevosp/MPLE-Causal-Inference/experiments/HybridExperiments_r5_c1_v2/r5_c1_hybrid_us_county_intervention_uscounty_graph_contiguous_confounding/cv_runs/alternating_uv_grid/candidates/alternating_uv_grid_candidate_0003/fold_3/mple_summary.csv
2026-05-02 20:58:41 | INFO | Log saved to /orcd/home/002/phevosp/MPLE-Causal-Inference/experiments/HybridExperiments_r5_c1_v2/r5_c1_hybrid_us_county_intervention_uscounty_graph_contiguous_confounding/cv_runs/alternating_uv_grid/candidates/alternating_uv_grid_candidate_0003/fold_3/mple.log
