2026-04-12 13:15:26 | INFO | Loading data...
2026-04-12 13:15:26 | INFO | Using panel artifact: C:\Users\phevo\Documents\MIT\Code\MPLE-Causal-Inference\experiments\SyntheticHybridExperiments\synthetic_rank_40_b6\panel_data.npz
2026-04-12 13:15:26 | INFO | Using x_0 artifact: C:\Users\phevo\Documents\MIT\Code\MPLE-Causal-Inference\experiments\SyntheticHybridExperiments\synthetic_rank_40_b6\x_0.npy
2026-04-12 13:15:26 | INFO | Using z_0 artifact: C:\Users\phevo\Documents\MIT\Code\MPLE-Causal-Inference\experiments\SyntheticHybridExperiments\synthetic_rank_40_b6\z_0.npy
2026-04-12 13:15:26 | INFO | Using fit config: C:\Users\phevo\Documents\MIT\Code\MPLE-Causal-Inference\experiments\SyntheticHybridExperiments\synthetic_rank_40_b6\fits\rank_40_b6_fixed_xi\fit_realized_config.yaml
2026-04-12 13:15:26 | INFO | Using model artifact directory: C:\Users\phevo\Documents\MIT\Code\MPLE-Causal-Inference\experiments\SyntheticHybridExperiments\synthetic_rank_40_b6
2026-04-12 13:15:26 | INFO | Using truth artifact directory: C:\Users\phevo\Documents\MIT\Code\MPLE-Causal-Inference\experiments\SyntheticHybridExperiments\synthetic_rank_40_b6
2026-04-12 13:15:26 | INFO | Configured latent rank: 40
2026-04-12 13:15:26 | INFO | Using a fixed known graph with scalar xi.
2026-04-12 13:15:26 | INFO | Intervention-process model enabled: True
2026-04-12 13:15:26 | INFO | Global temperature bound B active: True
2026-04-12 13:15:26 | INFO | Effective xi bound from interaction constraint: 6.000000
2026-04-12 13:15:26 | INFO | Beta mask pre-intervention enabled: False
2026-04-12 13:15:26 | INFO | Beta mask rescale enabled: False
2026-04-12 13:15:26 | INFO | Fixed scalar parameters: {'xi': 0.0}
2026-04-12 13:15:26 | INFO | Eval 0  |  Loss: 0.708420
2026-04-12 13:15:26 | INFO |   beta: +0.0567,  eta: -0.0042,  zeta: -0.0514,  psi: -0.1078
2026-04-12 13:15:27 | INFO | Eval 100  |  Loss: 0.518042
2026-04-12 13:15:27 | INFO |   beta: +0.4208,  eta: +0.5487,  zeta: -0.5043,  psi: +0.7632
2026-04-12 13:15:28 | INFO | Eval 200  |  Loss: 0.516865
2026-04-12 13:15:28 | INFO |   beta: +0.4314,  eta: +0.5028,  zeta: -0.5953,  psi: +0.8078
2026-04-12 13:15:28 | INFO | Done fitting.
2026-04-12 13:15:28 | INFO | Optimizer status: CONVERGENCE: RELATIVE REDUCTION OF F <= FACTR*EPSMCH
2026-04-12 13:15:28 | INFO | Final Loss: 0.516388
2026-04-12 13:15:28 | INFO | Estimated vs True Parameters:
2026-04-12 13:15:28 | INFO |   beta: 0.4161 (True: 0.3500) | SQE: 0.004374
2026-04-12 13:15:28 | INFO |   xi: 0.0000 (True: 0.7500) | SQE: 0.562500
2026-04-12 13:15:28 | INFO |   eta: 0.5323 (True: 0.4800) | SQE: 0.002732
2026-04-12 13:15:28 | INFO |   zeta: -0.5593 (True: -0.5500) | SQE: 0.000087
2026-04-12 13:15:28 | INFO |   psi: 0.8084 (True: 0.8000) | SQE: 0.000070
2026-04-12 13:15:28 | INFO | Field and interaction diagnostics:
2026-04-12 13:15:28 | INFO |   field_rmse: 0.015052
2026-04-12 13:15:28 | INFO |   interaction_fro_error: 1.995531
2026-04-12 13:15:28 | INFO |   estimated_field_inf_norm: 6.000000
2026-04-12 13:15:28 | INFO |   estimated_field_rank: 40.000000
2026-04-12 13:15:28 | INFO |   bound_B: 6.000000
2026-04-12 13:15:28 | INFO |   true_field_inf_norm: 6.000000
2026-04-12 13:15:28 | INFO |   true_field_rank: 40.000000
2026-04-12 13:15:28 | INFO | Saved summary tables to C:\Users\phevo\Documents\MIT\Code\MPLE-Causal-Inference\experiments\SyntheticHybridExperiments\synthetic_rank_40_b6\fits\rank_40_b6_fixed_xi\mple_summary.csv and C:\Users\phevo\Documents\MIT\Code\MPLE-Causal-Inference\experiments\SyntheticHybridExperiments\synthetic_rank_40_b6\fits\rank_40_b6_fixed_xi\mple_summary.md
2026-04-12 13:15:28 | INFO | Log saved to C:\Users\phevo\Documents\MIT\Code\MPLE-Causal-Inference\experiments\SyntheticHybridExperiments\synthetic_rank_40_b6\fits\rank_40_b6_fixed_xi\mple.log
