2026-04-07 11:46:55 | INFO | Loading data...
2026-04-07 11:46:55 | INFO | Loaded 6 field templates and 1 interaction templates.
2026-04-07 11:46:55 | INFO | Intervention-process model enabled: True
2026-04-07 11:46:55 | INFO | Tau zero-mean enabled: True
2026-04-07 11:46:55 | INFO | Tau smoothness lambda: 0.000000
2026-04-07 11:46:55 | INFO | Running conditional-model MPLE on x with shape=(70, 3135)
2026-04-07 11:46:55 | INFO | Eval 0  |  Loss: 0.675807
2026-04-07 11:46:55 | INFO |   field::log_population: +0.0126,  field::median_household_income: -0.0132,  field::poverty_rate: +0.0640,  field::pct_black: +0.0105,  field::pct_hispanic: -0.0536,  field::pct_in_labor_force: +0.0362,  tau block: mean=-0.0000, std=0.0990, min=-0.2421, max=+0.1864,  beta: -0.0662,  interaction::contiguity: +0.0935,  eta: +0.0049,  zeta: +0.2002,  psi: +0.0189
2026-04-07 11:46:58 | INFO | Done fitting.
2026-04-07 11:46:58 | INFO | Optimizer status: CONVERGENCE: RELATIVE REDUCTION OF F <= FACTR*EPSMCH
2026-04-07 11:46:58 | INFO | Final Loss: 0.175905
2026-04-07 11:46:58 | INFO | Estimated Parameters:
2026-04-07 11:46:58 | INFO |   field::log_population: 0.2950
2026-04-07 11:46:58 | INFO |   field::median_household_income: -0.1873
2026-04-07 11:46:58 | INFO |   field::poverty_rate: -0.0617
2026-04-07 11:46:58 | INFO |   field::pct_black: -0.1095
2026-04-07 11:46:58 | INFO |   field::pct_hispanic: -0.0594
2026-04-07 11:46:58 | INFO |   field::pct_in_labor_force: 0.0884
2026-04-07 11:46:58 | INFO |   tau::t_0: 0.2349
2026-04-07 11:46:58 | INFO |   tau::t_1: 0.1509
2026-04-07 11:46:58 | INFO |   tau::t_2: 0.0640
2026-04-07 11:46:58 | INFO |   tau::t_3: -0.0318
2026-04-07 11:46:58 | INFO |   tau::t_4: -0.1617
2026-04-07 11:46:58 | INFO |   tau::t_5: -0.2938
2026-04-07 11:46:58 | INFO |   tau::t_6: -0.0182
2026-04-07 11:46:58 | INFO |   tau::t_7: -0.2328
2026-04-07 11:46:58 | INFO |   tau::t_8: -0.1011
2026-04-07 11:46:58 | INFO |   tau::t_9: -0.1033
2026-04-07 11:46:58 | INFO |   tau::t_10: -0.0136
2026-04-07 11:46:58 | INFO |   tau::t_11: -0.1062
2026-04-07 11:46:58 | INFO |   tau::t_12: 0.0393
2026-04-07 11:46:58 | INFO |   tau::t_13: -0.0477
2026-04-07 11:46:58 | INFO |   tau::t_14: -0.1490
2026-04-07 11:46:58 | INFO |   tau::t_15: -0.1057
2026-04-07 11:46:58 | INFO |   tau::t_16: -0.2045
2026-04-07 11:46:58 | INFO |   tau::t_17: -0.2721
2026-04-07 11:46:58 | INFO |   tau::t_18: -0.3009
2026-04-07 11:46:58 | INFO |   tau::t_19: -0.2893
2026-04-07 11:46:58 | INFO |   tau::t_20: -0.4789
2026-04-07 11:46:58 | INFO |   tau::t_21: -0.2651
2026-04-07 11:46:58 | INFO |   tau::t_22: -0.4693
2026-04-07 11:46:58 | INFO |   tau::t_23: -0.4239
2026-04-07 11:46:58 | INFO |   tau::t_24: -0.3493
2026-04-07 11:46:58 | INFO |   tau::t_25: -0.1304
2026-04-07 11:46:58 | INFO |   tau::t_26: -0.0138
2026-04-07 11:46:58 | INFO |   tau::t_27: 0.1628
2026-04-07 11:46:58 | INFO |   tau::t_28: 0.2095
2026-04-07 11:46:58 | INFO |   tau::t_29: 0.2411
2026-04-07 11:46:58 | INFO |   tau::t_30: 0.2830
2026-04-07 11:46:58 | INFO |   tau::t_31: 0.1862
2026-04-07 11:46:58 | INFO |   tau::t_32: 0.2684
2026-04-07 11:46:58 | INFO |   tau::t_33: 0.2484
2026-04-07 11:46:58 | INFO |   tau::t_34: 0.1326
2026-04-07 11:46:58 | INFO |   tau::t_35: 0.2794
2026-04-07 11:46:58 | INFO |   tau::t_36: 0.2105
2026-04-07 11:46:58 | INFO |   tau::t_37: 0.0860
2026-04-07 11:46:58 | INFO |   tau::t_38: -0.0354
2026-04-07 11:46:58 | INFO |   tau::t_39: -0.1421
2026-04-07 11:46:58 | INFO |   tau::t_40: -0.1143
2026-04-07 11:46:58 | INFO |   tau::t_41: -0.1582
2026-04-07 11:46:58 | INFO |   tau::t_42: -0.1049
2026-04-07 11:46:58 | INFO |   tau::t_43: -0.0243
2026-04-07 11:46:58 | INFO |   tau::t_44: 0.0183
2026-04-07 11:46:58 | INFO |   tau::t_45: -0.3129
2026-04-07 11:46:58 | INFO |   tau::t_46: 0.3452
2026-04-07 11:46:58 | INFO |   tau::t_47: 0.0195
2026-04-07 11:46:58 | INFO |   tau::t_48: -0.0034
2026-04-07 11:46:58 | INFO |   tau::t_49: 0.0355
2026-04-07 11:46:58 | INFO |   tau::t_50: 0.4810
2026-04-07 11:46:58 | INFO |   tau::t_51: 0.8328
2026-04-07 11:46:58 | INFO |   tau::t_52: 0.7699
2026-04-07 11:46:58 | INFO |   tau::t_53: 0.9361
2026-04-07 11:46:58 | INFO |   tau::t_54: 0.9195
2026-04-07 11:46:58 | INFO |   tau::t_55: 0.6927
2026-04-07 11:46:58 | INFO |   tau::t_56: 0.2130
2026-04-07 11:46:58 | INFO |   tau::t_57: -0.1625
2026-04-07 11:46:58 | INFO |   tau::t_58: -0.4295
2026-04-07 11:46:58 | INFO |   tau::t_59: -0.3758
2026-04-07 11:46:58 | INFO |   tau::t_60: -0.3373
2026-04-07 11:46:58 | INFO |   tau::t_61: -0.2747
2026-04-07 11:46:58 | INFO |   tau::t_62: -0.2446
2026-04-07 11:46:58 | INFO |   tau::t_63: -0.3085
2026-04-07 11:46:58 | INFO |   tau::t_64: -0.1900
2026-04-07 11:46:58 | INFO |   tau::t_65: -0.2310
2026-04-07 11:46:58 | INFO |   tau::t_66: -0.0172
2026-04-07 11:46:58 | INFO |   tau::t_67: -0.0770
2026-04-07 11:46:58 | INFO |   tau::t_68: 0.0188
2026-04-07 11:46:58 | INFO |   tau::t_69: 0.0265
2026-04-07 11:46:58 | INFO |   beta: 0.0707
2026-04-07 11:46:58 | INFO |   interaction::contiguity: 2.4888
2026-04-07 11:46:58 | INFO |   eta: 0.5196
2026-04-07 11:46:58 | INFO |   zeta: 0.2522
2026-04-07 11:46:58 | INFO |   psi: 2.1029
2026-04-07 11:46:58 | INFO | Saved summary tables to C:\Users\phevo\Documents\MIT\Code\MPLE-Causal-Inference\experiments\USCountyVaccination_US_tau_zero_mean\outcome_case_rate_100k_ge_100__intervention_partial_cov_ge_10__lag_0w__contiguity\mple_summary.csv and C:\Users\phevo\Documents\MIT\Code\MPLE-Causal-Inference\experiments\USCountyVaccination_US_tau_zero_mean\outcome_case_rate_100k_ge_100__intervention_partial_cov_ge_10__lag_0w__contiguity\mple_summary.md
2026-04-07 11:46:58 | INFO | Log saved to C:\Users\phevo\Documents\MIT\Code\MPLE-Causal-Inference\experiments\USCountyVaccination_US_tau_zero_mean\outcome_case_rate_100k_ge_100__intervention_partial_cov_ge_10__lag_0w__contiguity\mple.log
