2026-03-17 11:12:13 | INFO | Loading data...
2026-03-17 11:12:13 | INFO | Loaded gamma_matrix with shape=(1000, 1000)
2026-03-17 11:12:13 | INFO | Running Stage 1 MPLE on x with shape=(100, 1000)
2026-03-17 11:12:13 | INFO | Eval 0  |  Loss: 0.688707
2026-03-17 11:12:13 | INFO |   alpha: +0.0126,  beta: -0.0132,  xi: +0.0640,  eta: +0.0105,  zeta: -0.0536,  psi: +0.0362
2026-03-17 11:12:14 | INFO | Running Stage 2 MPLE (conditioning on all z's and even x's)...
2026-03-17 11:12:14 | INFO | Eval 0  |  Loss: 0.686375
2026-03-17 11:12:14 | INFO |   alpha: +0.0126,  beta: -0.0132,  xi: +0.0640,  eta: +0.0105,  zeta: -0.0536,  psi: +0.0362
2026-03-17 11:12:14 | INFO | Done fitting.
2026-03-17 11:12:14 | INFO | Final Loss (Unconditioned): 0.639917
2026-03-17 11:12:14 | INFO | Estimated vs True Parameters (Unconditioned):
2026-03-17 11:12:14 | INFO |   alpha: 0.3326 (True: 0.3500)
2026-03-17 11:12:14 | INFO |   alpha SQE: 0.000302
2026-03-17 11:12:14 | INFO |   beta: 0.2297 (True: 0.2500)
2026-03-17 11:12:14 | INFO |   beta SQE: 0.000411
2026-03-17 11:12:14 | INFO |   xi: 0.0618 (True: 0.0500)
2026-03-17 11:12:14 | INFO |   xi SQE: 0.000140
2026-03-17 11:12:14 | INFO |   eta: 0.0180 (True: 0.0100)
2026-03-17 11:12:14 | INFO |   eta SQE: 0.000065
2026-03-17 11:12:14 | INFO |   zeta: -0.0407 (True: -0.0300)
2026-03-17 11:12:14 | INFO |   zeta SQE: 0.000114
2026-03-17 11:12:14 | INFO |   psi: 0.1029 (True: 0.1000)
2026-03-17 11:12:14 | INFO |   psi SQE: 0.000009
2026-03-17 11:12:14 | INFO | =================================================
2026-03-17 11:12:14 | INFO | Final Loss (Conditioned): 0.620695
2026-03-17 11:12:14 | INFO | Estimated vs True Parameters (Conditioned):
2026-03-17 11:12:14 | INFO |   alpha: 0.3318 (True: 0.3500)
2026-03-17 11:12:14 | INFO |   alpha SQE: 0.000330
2026-03-17 11:12:14 | INFO |   beta: 0.2442 (True: 0.2500)
2026-03-17 11:12:14 | INFO |   beta SQE: 0.000033
2026-03-17 11:12:14 | INFO |   xi: 0.0780 (True: 0.0500)
2026-03-17 11:12:14 | INFO |   xi SQE: 0.000785
2026-03-17 11:12:14 | INFO |   eta: 0.0157 (True: 0.0100)
2026-03-17 11:12:14 | INFO |   eta SQE: 0.000033
2026-03-17 11:12:14 | INFO |   zeta: -0.0319 (True: -0.0300)
2026-03-17 11:12:14 | INFO |   zeta SQE: 0.000004
2026-03-17 11:12:14 | INFO |   psi: 0.0362 (True: 0.1000)
2026-03-17 11:12:14 | INFO |   psi SQE: 0.004076
2026-03-17 11:12:14 | INFO | =================================================
2026-03-17 11:12:14 | INFO | Final Parameters:
2026-03-17 11:12:14 | INFO |   alpha: 0.3318 (True: 0.3500)
2026-03-17 11:12:14 | INFO |   alpha SQE: 0.000330
2026-03-17 11:12:14 | INFO |   beta: 0.2297 (True: 0.2500)
2026-03-17 11:12:14 | INFO |   beta SQE: 0.000411
2026-03-17 11:12:14 | INFO |   xi: 0.0618 (True: 0.0500)
2026-03-17 11:12:14 | INFO |   xi SQE: 0.000140
2026-03-17 11:12:14 | INFO |   eta: 0.0180 (True: 0.0100)
2026-03-17 11:12:14 | INFO |   eta SQE: 0.000065
2026-03-17 11:12:14 | INFO |   zeta: -0.0407 (True: -0.0300)
2026-03-17 11:12:14 | INFO |   zeta SQE: 0.000114
2026-03-17 11:12:14 | INFO |   psi: 0.1029 (True: 0.1000)
2026-03-17 11:12:14 | INFO |   psi SQE: 0.000009
2026-03-17 11:12:14 | INFO | Log saved to experiments\synthetic_data_20260317_110342\mple_full.log
