2026-04-07 13:12:25 | INFO | Loading data...
2026-04-07 13:12:26 | INFO | Loaded 6 field templates and 1 interaction templates.
2026-04-07 13:12:26 | INFO | Intervention-process model enabled: True
2026-04-07 13:12:26 | INFO | Tau zero-mean enabled: False
2026-04-07 13:12:26 | INFO | Tau smoothness lambda: 0.000000
2026-04-07 13:12:26 | INFO | Running conditional-model MPLE on x with shape=(66, 3203)
2026-04-07 13:12:26 | INFO | Eval 0  |  Loss: 0.707382
2026-04-07 13:12:26 | INFO |   field::log_population: +0.0126,  field::median_household_income: -0.0132,  field::poverty_rate: +0.0640,  field::pct_black: +0.0105,  field::pct_hispanic: -0.0536,  field::pct_in_labor_force: +0.0362,  tau block: mean=+0.0089, std=0.0971, min=-0.2325, max=+0.1960,  beta: +0.1004,  interaction::contiguity: -0.0618,  eta: +0.1822,  zeta: -0.1320,  psi: -0.0662
2026-04-07 13:12:28 | INFO | Done fitting.
2026-04-07 13:12:28 | INFO | Optimizer status: CONVERGENCE: RELATIVE REDUCTION OF F <= FACTR*EPSMCH
2026-04-07 13:12:28 | INFO | Final Loss: 0.281827
2026-04-07 13:12:28 | INFO | Estimated Parameters:
2026-04-07 13:12:28 | INFO |   field::log_population: 1.0136
2026-04-07 13:12:28 | INFO |   field::median_household_income: -1.1236
2026-04-07 13:12:28 | INFO |   field::poverty_rate: -0.6153
2026-04-07 13:12:28 | INFO |   field::pct_black: -0.1053
2026-04-07 13:12:28 | INFO |   field::pct_hispanic: -0.3505
2026-04-07 13:12:28 | INFO |   field::pct_in_labor_force: -0.0649
2026-04-07 13:12:28 | INFO |   tau::t_0: -0.0582
2026-04-07 13:12:28 | INFO |   tau::t_1: -0.1626
2026-04-07 13:12:28 | INFO |   tau::t_2: -0.0947
2026-04-07 13:12:28 | INFO |   tau::t_3: -0.1463
2026-04-07 13:12:28 | INFO |   tau::t_4: -0.2222
2026-04-07 13:12:28 | INFO |   tau::t_5: -0.2960
2026-04-07 13:12:28 | INFO |   tau::t_6: -0.3077
2026-04-07 13:12:28 | INFO |   tau::t_7: -0.3503
2026-04-07 13:12:28 | INFO |   tau::t_8: -0.3265
2026-04-07 13:12:28 | INFO |   tau::t_9: -0.3192
2026-04-07 13:12:28 | INFO |   tau::t_10: -0.3815
2026-04-07 13:12:28 | INFO |   tau::t_11: -0.3972
2026-04-07 13:12:28 | INFO |   tau::t_12: -0.3849
2026-04-07 13:12:28 | INFO |   tau::t_13: -0.4120
2026-04-07 13:12:28 | INFO |   tau::t_14: -0.4274
2026-04-07 13:12:28 | INFO |   tau::t_15: -0.3355
2026-04-07 13:12:28 | INFO |   tau::t_16: -0.5162
2026-04-07 13:12:28 | INFO |   tau::t_17: -0.4703
2026-04-07 13:12:28 | INFO |   tau::t_18: -0.6066
2026-04-07 13:12:28 | INFO |   tau::t_19: -0.6165
2026-04-07 13:12:28 | INFO |   tau::t_20: -0.6447
2026-04-07 13:12:28 | INFO |   tau::t_21: -0.7279
2026-04-07 13:12:28 | INFO |   tau::t_22: -0.6029
2026-04-07 13:12:28 | INFO |   tau::t_23: -0.5868
2026-04-07 13:12:28 | INFO |   tau::t_24: -0.5314
2026-04-07 13:12:28 | INFO |   tau::t_25: -0.3948
2026-04-07 13:12:28 | INFO |   tau::t_26: -0.3031
2026-04-07 13:12:28 | INFO |   tau::t_27: -0.2253
2026-04-07 13:12:28 | INFO |   tau::t_28: -0.1674
2026-04-07 13:12:28 | INFO |   tau::t_29: -0.1432
2026-04-07 13:12:28 | INFO |   tau::t_30: -0.1118
2026-04-07 13:12:28 | INFO |   tau::t_31: -0.0008
2026-04-07 13:12:28 | INFO |   tau::t_32: -0.0055
2026-04-07 13:12:28 | INFO |   tau::t_33: 0.0127
2026-04-07 13:12:28 | INFO |   tau::t_34: -0.0379
2026-04-07 13:12:28 | INFO |   tau::t_35: -0.0399
2026-04-07 13:12:28 | INFO |   tau::t_36: -0.0265
2026-04-07 13:12:28 | INFO |   tau::t_37: -0.0474
2026-04-07 13:12:28 | INFO |   tau::t_38: -0.1101
2026-04-07 13:12:28 | INFO |   tau::t_39: -0.1083
2026-04-07 13:12:28 | INFO |   tau::t_40: -0.0907
2026-04-07 13:12:28 | INFO |   tau::t_41: -0.2582
2026-04-07 13:12:28 | INFO |   tau::t_42: -0.0050
2026-04-07 13:12:28 | INFO |   tau::t_43: -0.0770
2026-04-07 13:12:28 | INFO |   tau::t_44: -0.0834
2026-04-07 13:12:28 | INFO |   tau::t_45: -0.1315
2026-04-07 13:12:28 | INFO |   tau::t_46: -0.1013
2026-04-07 13:12:28 | INFO |   tau::t_47: -0.0129
2026-04-07 13:12:28 | INFO |   tau::t_48: -0.0163
2026-04-07 13:12:28 | INFO |   tau::t_49: 0.0039
2026-04-07 13:12:28 | INFO |   tau::t_50: 0.0742
2026-04-07 13:12:28 | INFO |   tau::t_51: 0.1198
2026-04-07 13:12:28 | INFO |   tau::t_52: 0.1106
2026-04-07 13:12:28 | INFO |   tau::t_53: 0.0925
2026-04-07 13:12:28 | INFO |   tau::t_54: 0.0253
2026-04-07 13:12:28 | INFO |   tau::t_55: -0.0237
2026-04-07 13:12:28 | INFO |   tau::t_56: -0.1051
2026-04-07 13:12:28 | INFO |   tau::t_57: -0.1202
2026-04-07 13:12:28 | INFO |   tau::t_58: -0.2078
2026-04-07 13:12:28 | INFO |   tau::t_59: -0.2745
2026-04-07 13:12:28 | INFO |   tau::t_60: -0.3722
2026-04-07 13:12:28 | INFO |   tau::t_61: -0.3377
2026-04-07 13:12:28 | INFO |   tau::t_62: -0.4653
2026-04-07 13:12:28 | INFO |   tau::t_63: -0.4695
2026-04-07 13:12:28 | INFO |   tau::t_64: -0.3196
2026-04-07 13:12:28 | INFO |   tau::t_65: -0.5612
2026-04-07 13:12:28 | INFO |   beta: -0.0784
2026-04-07 13:12:28 | INFO |   interaction::contiguity: 1.3792
2026-04-07 13:12:28 | INFO |   eta: 0.2202
2026-04-07 13:12:28 | INFO |   zeta: -0.0417
2026-04-07 13:12:28 | INFO |   psi: 2.3529
2026-04-07 13:12:28 | INFO | Saved summary tables to C:\Users\phevo\Documents\MIT\Code\MPLE-Causal-Inference\experiments\USCountyVaccination_US\USCountyVaccination_US_tau_unrestricted\outcome_death_rate_100k_ge_2__intervention_complete_cov_ge_50__lag_4w__contiguity\mple_summary.csv and C:\Users\phevo\Documents\MIT\Code\MPLE-Causal-Inference\experiments\USCountyVaccination_US\USCountyVaccination_US_tau_unrestricted\outcome_death_rate_100k_ge_2__intervention_complete_cov_ge_50__lag_4w__contiguity\mple_summary.md
2026-04-07 13:12:28 | INFO | Log saved to C:\Users\phevo\Documents\MIT\Code\MPLE-Causal-Inference\experiments\USCountyVaccination_US\USCountyVaccination_US_tau_unrestricted\outcome_death_rate_100k_ge_2__intervention_complete_cov_ge_50__lag_4w__contiguity\mple.log
