2026-05-01 18:45:15 | INFO | Loading data...
2026-05-01 18:45:15 | INFO | Using panel artifact: /orcd/home/002/phevosp/MPLE-Causal-Inference/experiments/SyntheticHybridExperiments/r5_c1_hybrid_us_county_intervention_uscounty_graph_kernel_confounding/panel_data.npz
2026-05-01 18:45:15 | INFO | Using x_0 artifact: /orcd/home/002/phevosp/MPLE-Causal-Inference/experiments/SyntheticHybridExperiments/r5_c1_hybrid_us_county_intervention_uscounty_graph_kernel_confounding/x_0.npy
2026-05-01 18:45:15 | INFO | Using fit config: /orcd/home/002/phevosp/MPLE-Causal-Inference/experiments/SyntheticHybridExperiments/r5_c1_hybrid_us_county_intervention_uscounty_graph_kernel_confounding/cv_runs/alternating_uv_grid/candidates/alternating_uv_grid_candidate_0001/fold_6/fit_realized_config.yaml
2026-05-01 18:45:15 | INFO | Using model artifact directory: /orcd/home/002/phevosp/MPLE-Causal-Inference/experiments/SyntheticHybridExperiments/r5_c1_hybrid_us_county_intervention_uscounty_graph_kernel_confounding
2026-05-01 18:45:15 | INFO | Using truth artifact directory: /orcd/home/002/phevosp/MPLE-Causal-Inference/experiments/SyntheticHybridExperiments/r5_c1_hybrid_us_county_intervention_uscounty_graph_kernel_confounding
2026-05-01 18:45:15 | INFO | Using loss mask artifact: /orcd/home/002/phevosp/MPLE-Causal-Inference/experiments/SyntheticHybridExperiments/r5_c1_hybrid_us_county_intervention_uscounty_graph_kernel_confounding/cv_runs/alternating_uv_grid/candidates/alternating_uv_grid_candidate_0001/fold_6/loss_mask.npy
2026-05-01 18:45:15 | INFO | Configured optimizer mode: alternating_latent_rank
2026-05-01 18:45:15 | INFO | Configured latent rank: 5
2026-05-01 18:45:15 | INFO | Using a fixed known graph with scalar xi.
2026-05-01 18:45:15 | INFO | Fit-time hard bounds active: False
2026-05-01 18:45:15 | INFO | Fixed scalar parameters: {}
2026-05-01 18:45:15 | INFO | Warm-start fixed scalars: {} for 0 steps
2026-05-01 18:45:15 | INFO | Beta mask before s: True with s=55
2026-05-01 18:45:15 | INFO | Beta mask after e: True with e=120
2026-05-01 18:45:15 | INFO | Alternating V-column L2-ball constraint active with radius 1.0
2026-05-01 18:45:15 | INFO | Optimizer settings: steps=2000, tol=1e-07, n_starts=1, seed=0, lambda_nuclear=0.0, lambda_frobenius=0.0, lambda_uv_ridge=0.0005, v_column_l2_max=1.0, proximal_lr=1.0
2026-05-01 18:45:15 | INFO | Alternating low-rank start 1/1 | seed=0 | initial_loss=0.697303 | initial_penalized=0.697303
2026-05-01 18:45:15 | INFO | Alternating low-rank iter 0 | Loss: 0.588534 | Penalized: 0.588565
2026-05-01 18:45:26 | INFO | Alternating low-rank iter 100 | Loss: 0.536929 | Penalized: 0.537291
2026-05-01 18:45:38 | INFO | Alternating low-rank iter 200 | Loss: 0.536351 | Penalized: 0.536872
2026-05-01 18:45:50 | INFO | Alternating low-rank iter 300 | Loss: 0.536112 | Penalized: 0.536740
2026-05-01 18:46:02 | INFO | Alternating low-rank iter 400 | Loss: 0.535983 | Penalized: 0.536684
2026-05-01 18:46:14 | INFO | Alternating low-rank iter 500 | Loss: 0.535905 | Penalized: 0.536658
2026-05-01 18:46:25 | INFO | Alternating low-rank iter 600 | Loss: 0.535855 | Penalized: 0.536643
2026-05-01 18:46:29 | INFO | Done fitting.
2026-05-01 18:46:29 | INFO | Optimizer status: CONVERGED: alternating objective tolerance reached
2026-05-01 18:46:29 | INFO | Best optimizer start: 1 / 1
2026-05-01 18:46:29 | INFO | Final Loss: 0.535841
2026-05-01 18:46:29 | INFO | Estimated vs True Parameters:
2026-05-01 18:46:29 | INFO |   beta: -0.0739 (True: -0.3000) | SQE: 0.051128
2026-05-01 18:46:29 | INFO |   xi: 0.9149 (True: 0.8000) | SQE: 0.013209
2026-05-01 18:46:29 | INFO |   eta: 0.3126 (True: 0.3000) | SQE: 0.000158
2026-05-01 18:46:29 | INFO | Alternating low-rank optimizer diagnostics:
2026-05-01 18:46:29 | INFO |   penalized_objective: 0.536639
2026-05-01 18:46:29 | INFO |   mple_loss_without_penalty: 0.535841
2026-05-01 18:46:29 | INFO |   lambda_uv_ridge: 0.000500
2026-05-01 18:46:29 | INFO |   u_frobenius_norm: 709.346108
2026-05-01 18:46:29 | INFO |   v_frobenius_norm: 2.236068
2026-05-01 18:46:29 | INFO |   effective_rank: 5.000000
2026-05-01 18:46:29 | INFO | Field and interaction diagnostics:
2026-05-01 18:46:29 | INFO |   field_rmse: 1.361275
2026-05-01 18:46:29 | INFO |   interaction_fro_error: 1.271589
2026-05-01 18:46:29 | INFO |   estimated_field_max_abs_entry: 70.581037
2026-05-01 18:46:29 | INFO |   estimated_field_rank: 5.000000
2026-05-01 18:46:29 | INFO |   true_field_max_abs_entry: 2.906201
2026-05-01 18:46:29 | INFO |   true_field_rank: 5.000000
2026-05-01 18:46:30 | INFO | Saved summary table to /orcd/home/002/phevosp/MPLE-Causal-Inference/experiments/SyntheticHybridExperiments/r5_c1_hybrid_us_county_intervention_uscounty_graph_kernel_confounding/cv_runs/alternating_uv_grid/candidates/alternating_uv_grid_candidate_0001/fold_6/mple_summary.csv
2026-05-01 18:46:30 | INFO | Log saved to /orcd/home/002/phevosp/MPLE-Causal-Inference/experiments/SyntheticHybridExperiments/r5_c1_hybrid_us_county_intervention_uscounty_graph_kernel_confounding/cv_runs/alternating_uv_grid/candidates/alternating_uv_grid_candidate_0001/fold_6/mple.log
