2026-05-01 20:42:06 | INFO | Loading data...
2026-05-01 20:42:06 | INFO | Using panel artifact: /orcd/home/002/phevosp/MPLE-Causal-Inference/experiments/SyntheticHybridExperimentsFinal/spectral_low_rank/panel_data.npz
2026-05-01 20:42:06 | INFO | Using x_0 artifact: /orcd/home/002/phevosp/MPLE-Causal-Inference/experiments/SyntheticHybridExperimentsFinal/spectral_low_rank/x_0.npy
2026-05-01 20:42:06 | INFO | Using fit config: /orcd/home/002/phevosp/MPLE-Causal-Inference/experiments/SyntheticHybridExperimentsFinal/spectral_low_rank/cv_runs/alternating_uv_grid/candidates/alternating_uv_grid_candidate_0001/fold_4/fit_realized_config.yaml
2026-05-01 20:42:06 | INFO | Using model artifact directory: /orcd/home/002/phevosp/MPLE-Causal-Inference/experiments/SyntheticHybridExperimentsFinal/spectral_low_rank
2026-05-01 20:42:06 | INFO | Using truth artifact directory: /orcd/home/002/phevosp/MPLE-Causal-Inference/experiments/SyntheticHybridExperimentsFinal/spectral_low_rank
2026-05-01 20:42:06 | INFO | Using loss mask artifact: /orcd/home/002/phevosp/MPLE-Causal-Inference/experiments/SyntheticHybridExperimentsFinal/spectral_low_rank/cv_runs/alternating_uv_grid/candidates/alternating_uv_grid_candidate_0001/fold_4/loss_mask.npy
2026-05-01 20:42:06 | INFO | Configured optimizer mode: alternating_latent_rank
2026-05-01 20:42:06 | INFO | Configured latent rank: 3
2026-05-01 20:42:06 | INFO | Using a fixed known graph with scalar xi.
2026-05-01 20:42:06 | INFO | Fit-time hard bounds active: False
2026-05-01 20:42:06 | INFO | Fixed scalar parameters: {}
2026-05-01 20:42:06 | INFO | Warm-start fixed scalars: {} for 0 steps
2026-05-01 20:42:06 | INFO | Beta mask before s: False with s=0
2026-05-01 20:42:06 | INFO | Beta mask after e: False with e=11
2026-05-01 20:42:06 | INFO | Alternating V-column L2-ball constraint active with radius 1.0
2026-05-01 20:42:06 | INFO | Optimizer settings: steps=2000, tol=1e-07, n_starts=1, seed=0, lambda_nuclear=0.0, lambda_frobenius=0.0, lambda_uv_ridge=0.001, v_column_l2_max=1.0, proximal_lr=1.0
2026-05-01 20:42:06 | INFO | Alternating low-rank start 1/1 | seed=0 | initial_loss=0.832001 | initial_penalized=0.832001
2026-05-01 20:42:06 | INFO | Alternating low-rank iter 0 | Loss: 0.574975 | Penalized: 0.575112
2026-05-01 20:42:07 | INFO | Alternating low-rank iter 100 | Loss: 0.504637 | Penalized: 0.507335
2026-05-01 20:42:08 | INFO | Alternating low-rank iter 200 | Loss: 0.501850 | Penalized: 0.505510
2026-05-01 20:42:08 | INFO | Alternating low-rank iter 300 | Loss: 0.500803 | Penalized: 0.504910
2026-05-01 20:42:09 | INFO | Alternating low-rank iter 400 | Loss: 0.500271 | Penalized: 0.504548
2026-05-01 20:42:10 | INFO | Alternating low-rank iter 500 | Loss: 0.499939 | Penalized: 0.504287
2026-05-01 20:42:11 | INFO | Alternating low-rank iter 600 | Loss: 0.499758 | Penalized: 0.504142
2026-05-01 20:42:11 | INFO | Alternating low-rank iter 700 | Loss: 0.499679 | Penalized: 0.504070
2026-05-01 20:42:12 | INFO | Alternating low-rank iter 800 | Loss: 0.499641 | Penalized: 0.504029
2026-05-01 20:42:13 | INFO | Alternating low-rank iter 900 | Loss: 0.499621 | Penalized: 0.504004
2026-05-01 20:42:14 | INFO | Alternating low-rank iter 1000 | Loss: 0.499607 | Penalized: 0.503987
2026-05-01 20:42:15 | INFO | Done fitting.
2026-05-01 20:42:15 | INFO | Optimizer status: CONVERGED: alternating objective tolerance reached
2026-05-01 20:42:15 | INFO | Best optimizer start: 1 / 1
2026-05-01 20:42:15 | INFO | Final Loss: 0.499598
2026-05-01 20:42:15 | INFO | Estimated vs True Parameters:
2026-05-01 20:42:15 | INFO |   beta: -0.3358 (True: -0.3000) | SQE: 0.001279
2026-05-01 20:42:15 | INFO |   xi: 0.7030 (True: 0.8000) | SQE: 0.009404
2026-05-01 20:42:15 | INFO |   eta: 0.3043 (True: 0.3000) | SQE: 0.000018
2026-05-01 20:42:15 | INFO | Alternating low-rank optimizer diagnostics:
2026-05-01 20:42:15 | INFO |   penalized_objective: 0.503977
2026-05-01 20:42:15 | INFO |   mple_loss_without_penalty: 0.499598
2026-05-01 20:42:15 | INFO |   lambda_uv_ridge: 0.001000
2026-05-01 20:42:15 | INFO |   u_frobenius_norm: 274.836075
2026-05-01 20:42:15 | INFO |   v_frobenius_norm: 1.732051
2026-05-01 20:42:15 | INFO |   effective_rank: 3.000000
2026-05-01 20:42:15 | INFO | Field and interaction diagnostics:
2026-05-01 20:42:15 | INFO |   field_rmse: 1.656530
2026-05-01 20:42:15 | INFO |   interaction_fro_error: 0.343548
2026-05-01 20:42:15 | INFO |   estimated_field_max_abs_entry: 27.755197
2026-05-01 20:42:15 | INFO |   estimated_field_rank: 3.000000
2026-05-01 20:42:15 | INFO |   true_field_max_abs_entry: 2.857994
2026-05-01 20:42:15 | INFO |   true_field_rank: 3.000000
2026-05-01 20:42:15 | INFO | Saved summary table to /orcd/home/002/phevosp/MPLE-Causal-Inference/experiments/SyntheticHybridExperimentsFinal/spectral_low_rank/cv_runs/alternating_uv_grid/candidates/alternating_uv_grid_candidate_0001/fold_4/mple_summary.csv
2026-05-01 20:42:15 | INFO | Log saved to /orcd/home/002/phevosp/MPLE-Causal-Inference/experiments/SyntheticHybridExperimentsFinal/spectral_low_rank/cv_runs/alternating_uv_grid/candidates/alternating_uv_grid_candidate_0001/fold_4/mple.log
