2026-04-07 11:36:02 | INFO | Loading data...
2026-04-07 11:36:02 | INFO | Loaded 6 field templates and 1 interaction templates.
2026-04-07 11:36:02 | INFO | Intervention-process model enabled: True
2026-04-07 11:36:02 | INFO | Tau zero-mean enabled: True
2026-04-07 11:36:02 | INFO | Tau smoothness lambda: 0.000000
2026-04-07 11:36:02 | INFO | Running conditional-model MPLE on x with shape=(68, 3203)
2026-04-07 11:36:02 | INFO | Eval 0  |  Loss: 0.726228
2026-04-07 11:36:02 | INFO |   field::log_population: +0.0126,  field::median_household_income: -0.0132,  field::poverty_rate: +0.0640,  field::pct_black: +0.0105,  field::pct_hispanic: -0.0536,  field::pct_in_labor_force: +0.0362,  tau block: mean=-0.0000, std=0.0967, min=-0.2417, max=+0.1869,  beta: +0.1822,  interaction::contiguity: -0.1320,  eta: -0.0662,  zeta: +0.0935,  psi: +0.0049
2026-04-07 11:36:05 | INFO | Done fitting.
2026-04-07 11:36:05 | INFO | Optimizer status: CONVERGENCE: RELATIVE REDUCTION OF F <= FACTR*EPSMCH
2026-04-07 11:36:05 | INFO | Final Loss: 0.179253
2026-04-07 11:36:05 | INFO | Estimated Parameters:
2026-04-07 11:36:05 | INFO |   field::log_population: 0.2767
2026-04-07 11:36:05 | INFO |   field::median_household_income: -0.1824
2026-04-07 11:36:05 | INFO |   field::poverty_rate: -0.0132
2026-04-07 11:36:05 | INFO |   field::pct_black: -0.1450
2026-04-07 11:36:05 | INFO |   field::pct_hispanic: -0.0984
2026-04-07 11:36:05 | INFO |   field::pct_in_labor_force: 0.0946
2026-04-07 11:36:05 | INFO |   tau::t_0: -0.0197
2026-04-07 11:36:05 | INFO |   tau::t_1: -0.0750
2026-04-07 11:36:05 | INFO |   tau::t_2: -0.1638
2026-04-07 11:36:05 | INFO |   tau::t_3: -0.2754
2026-04-07 11:36:05 | INFO |   tau::t_4: 0.0079
2026-04-07 11:36:05 | INFO |   tau::t_5: -0.1924
2026-04-07 11:36:05 | INFO |   tau::t_6: -0.0581
2026-04-07 11:36:05 | INFO |   tau::t_7: -0.0586
2026-04-07 11:36:05 | INFO |   tau::t_8: 0.0310
2026-04-07 11:36:05 | INFO |   tau::t_9: -0.0609
2026-04-07 11:36:05 | INFO |   tau::t_10: 0.0733
2026-04-07 11:36:05 | INFO |   tau::t_11: -0.0042
2026-04-07 11:36:05 | INFO |   tau::t_12: -0.1030
2026-04-07 11:36:05 | INFO |   tau::t_13: -0.0628
2026-04-07 11:36:05 | INFO |   tau::t_14: -0.1598
2026-04-07 11:36:05 | INFO |   tau::t_15: -0.2323
2026-04-07 11:36:05 | INFO |   tau::t_16: -0.2710
2026-04-07 11:36:05 | INFO |   tau::t_17: -0.2376
2026-04-07 11:36:05 | INFO |   tau::t_18: -0.4952
2026-04-07 11:36:05 | INFO |   tau::t_19: -0.2670
2026-04-07 11:36:05 | INFO |   tau::t_20: -0.5007
2026-04-07 11:36:05 | INFO |   tau::t_21: -0.4411
2026-04-07 11:36:05 | INFO |   tau::t_22: -0.3634
2026-04-07 11:36:05 | INFO |   tau::t_23: -0.1207
2026-04-07 11:36:05 | INFO |   tau::t_24: 0.0088
2026-04-07 11:36:05 | INFO |   tau::t_25: 0.1784
2026-04-07 11:36:05 | INFO |   tau::t_26: 0.2316
2026-04-07 11:36:05 | INFO |   tau::t_27: 0.2617
2026-04-07 11:36:05 | INFO |   tau::t_28: 0.2991
2026-04-07 11:36:05 | INFO |   tau::t_29: 0.1947
2026-04-07 11:36:05 | INFO |   tau::t_30: 0.2665
2026-04-07 11:36:05 | INFO |   tau::t_31: 0.2332
2026-04-07 11:36:05 | INFO |   tau::t_32: 0.1346
2026-04-07 11:36:05 | INFO |   tau::t_33: 0.2638
2026-04-07 11:36:05 | INFO |   tau::t_34: 0.2144
2026-04-07 11:36:05 | INFO |   tau::t_35: 0.0678
2026-04-07 11:36:05 | INFO |   tau::t_36: -0.0233
2026-04-07 11:36:05 | INFO |   tau::t_37: -0.1276
2026-04-07 11:36:05 | INFO |   tau::t_38: -0.0826
2026-04-07 11:36:05 | INFO |   tau::t_39: -0.1193
2026-04-07 11:36:05 | INFO |   tau::t_40: -0.0767
2026-04-07 11:36:05 | INFO |   tau::t_41: 0.0083
2026-04-07 11:36:05 | INFO |   tau::t_42: 0.0436
2026-04-07 11:36:05 | INFO |   tau::t_43: -0.2786
2026-04-07 11:36:05 | INFO |   tau::t_44: 0.3735
2026-04-07 11:36:05 | INFO |   tau::t_45: 0.0414
2026-04-07 11:36:05 | INFO |   tau::t_46: 0.0210
2026-04-07 11:36:05 | INFO |   tau::t_47: 0.0576
2026-04-07 11:36:05 | INFO |   tau::t_48: 0.4704
2026-04-07 11:36:05 | INFO |   tau::t_49: 0.6959
2026-04-07 11:36:05 | INFO |   tau::t_50: 0.6129
2026-04-07 11:36:05 | INFO |   tau::t_51: 0.7292
2026-04-07 11:36:05 | INFO |   tau::t_52: 0.7119
2026-04-07 11:36:05 | INFO |   tau::t_53: 0.5581
2026-04-07 11:36:05 | INFO |   tau::t_54: 0.1815
2026-04-07 11:36:05 | INFO |   tau::t_55: -0.1409
2026-04-07 11:36:05 | INFO |   tau::t_56: -0.3767
2026-04-07 11:36:05 | INFO |   tau::t_57: -0.3167
2026-04-07 11:36:05 | INFO |   tau::t_58: -0.2969
2026-04-07 11:36:05 | INFO |   tau::t_59: -0.2346
2026-04-07 11:36:05 | INFO |   tau::t_60: -0.2149
2026-04-07 11:36:05 | INFO |   tau::t_61: -0.2719
2026-04-07 11:36:05 | INFO |   tau::t_62: -0.1658
2026-04-07 11:36:05 | INFO |   tau::t_63: -0.1968
2026-04-07 11:36:05 | INFO |   tau::t_64: 0.0313
2026-04-07 11:36:05 | INFO |   tau::t_65: -0.0405
2026-04-07 11:36:05 | INFO |   tau::t_66: 0.0517
2026-04-07 11:36:05 | INFO |   tau::t_67: 0.0715
2026-04-07 11:36:05 | INFO |   beta: 0.0123
2026-04-07 11:36:05 | INFO |   interaction::contiguity: 2.4857
2026-04-07 11:36:05 | INFO |   eta: 0.5140
2026-04-07 11:36:05 | INFO |   zeta: 0.0484
2026-04-07 11:36:05 | INFO |   psi: 2.0777
2026-04-07 11:36:05 | INFO | Saved summary tables to C:\Users\phevo\Documents\MIT\Code\MPLE-Causal-Inference\experiments\USCountyVaccination_US_tau_zero_mean\outcome_case_rate_100k_ge_100__intervention_complete_cov_ge_30__lag_2w__contiguity\mple_summary.csv and C:\Users\phevo\Documents\MIT\Code\MPLE-Causal-Inference\experiments\USCountyVaccination_US_tau_zero_mean\outcome_case_rate_100k_ge_100__intervention_complete_cov_ge_30__lag_2w__contiguity\mple_summary.md
2026-04-07 11:36:05 | INFO | Log saved to C:\Users\phevo\Documents\MIT\Code\MPLE-Causal-Inference\experiments\USCountyVaccination_US_tau_zero_mean\outcome_case_rate_100k_ge_100__intervention_complete_cov_ge_30__lag_2w__contiguity\mple.log
