2026-04-30 09:35:17 | INFO | Loading data...
2026-04-30 09:35:17 | INFO | Using panel artifact: /orcd/home/002/phevosp/MPLE-Causal-Inference/experiments/SyntheticHybridExperiments/r3_hybrid_us_county_intervention_uscounty_graph_contiguous_confounding/panel_data.npz
2026-04-30 09:35:17 | INFO | Using x_0 artifact: /orcd/home/002/phevosp/MPLE-Causal-Inference/experiments/SyntheticHybridExperiments/r3_hybrid_us_county_intervention_uscounty_graph_contiguous_confounding/x_0.npy
2026-04-30 09:35:17 | INFO | Using fit config: /orcd/home/002/phevosp/MPLE-Causal-Inference/experiments/SyntheticHybridExperiments/r3_hybrid_us_county_intervention_uscounty_graph_contiguous_confounding/fits/alternating_rank_3_uv_5_e4_beta_mask/fit_realized_config.yaml
2026-04-30 09:35:17 | INFO | Using model artifact directory: /orcd/home/002/phevosp/MPLE-Causal-Inference/experiments/SyntheticHybridExperiments/r3_hybrid_us_county_intervention_uscounty_graph_contiguous_confounding
2026-04-30 09:35:17 | INFO | Using truth artifact directory: /orcd/home/002/phevosp/MPLE-Causal-Inference/experiments/SyntheticHybridExperiments/r3_hybrid_us_county_intervention_uscounty_graph_contiguous_confounding
2026-04-30 09:35:17 | INFO | Configured optimizer mode: alternating_latent_rank
2026-04-30 09:35:17 | INFO | Configured latent rank: 3
2026-04-30 09:35:17 | INFO | Using a fixed known graph with scalar xi.
2026-04-30 09:35:17 | INFO | Fit-time hard bounds active: False
2026-04-30 09:35:17 | INFO | Fixed scalar parameters: {}
2026-04-30 09:35:17 | INFO | Warm-start fixed scalars: {} for 0 steps
2026-04-30 09:35:17 | INFO | Beta mask before s: True with s=55
2026-04-30 09:35:17 | INFO | Beta mask after e: True with e=120
2026-04-30 09:35:17 | INFO | Alternating V-column L2-ball constraint active with radius 1.0
2026-04-30 09:35:17 | INFO | Optimizer settings: steps=20000, tol=1e-09, n_starts=1, seed=0, lambda_nuclear=0.0, lambda_frobenius=0.0, lambda_uv_ridge=0.0005, v_column_l2_max=1.0, proximal_lr=1.0
2026-04-30 09:35:17 | INFO | Alternating low-rank start 1/1 | seed=0 | initial_loss=0.684374 | initial_penalized=0.684374
2026-04-30 09:35:17 | INFO | Alternating low-rank iter 0 | Loss: 0.588717 | Penalized: 0.588739
2026-04-30 09:35:31 | INFO | Alternating low-rank iter 100 | Loss: 0.564283 | Penalized: 0.564659
2026-04-30 09:35:46 | INFO | Alternating low-rank iter 200 | Loss: 0.563610 | Penalized: 0.564224
2026-04-30 09:36:02 | INFO | Alternating low-rank iter 300 | Loss: 0.563396 | Penalized: 0.564137
2026-04-30 09:36:18 | INFO | Alternating low-rank iter 400 | Loss: 0.563290 | Penalized: 0.564104
2026-04-30 09:36:35 | INFO | Alternating low-rank iter 500 | Loss: 0.563228 | Penalized: 0.564086
2026-04-30 09:36:51 | INFO | Alternating low-rank iter 600 | Loss: 0.563188 | Penalized: 0.564073
2026-04-30 09:37:06 | INFO | Alternating low-rank iter 700 | Loss: 0.563161 | Penalized: 0.564063
2026-04-30 09:37:19 | INFO | Alternating low-rank iter 800 | Loss: 0.563140 | Penalized: 0.564054
2026-04-30 09:37:32 | INFO | Alternating low-rank iter 900 | Loss: 0.563124 | Penalized: 0.564045
2026-04-30 09:37:48 | INFO | Alternating low-rank iter 1000 | Loss: 0.563111 | Penalized: 0.564038
2026-04-30 09:38:04 | INFO | Alternating low-rank iter 1100 | Loss: 0.563099 | Penalized: 0.564031
2026-04-30 09:38:18 | INFO | Alternating low-rank iter 1200 | Loss: 0.563090 | Penalized: 0.564024
2026-04-30 09:38:31 | INFO | Alternating low-rank iter 1300 | Loss: 0.563082 | Penalized: 0.564019
2026-04-30 09:38:45 | INFO | Alternating low-rank iter 1400 | Loss: 0.563074 | Penalized: 0.564013
2026-04-30 09:39:00 | INFO | Alternating low-rank iter 1500 | Loss: 0.563068 | Penalized: 0.564009
2026-04-30 09:39:17 | INFO | Alternating low-rank iter 1600 | Loss: 0.563062 | Penalized: 0.564005
2026-04-30 09:39:32 | INFO | Alternating low-rank iter 1700 | Loss: 0.563057 | Penalized: 0.564001
2026-04-30 09:39:48 | INFO | Alternating low-rank iter 1800 | Loss: 0.563053 | Penalized: 0.563998
2026-04-30 09:40:04 | INFO | Alternating low-rank iter 1900 | Loss: 0.563049 | Penalized: 0.563995
2026-04-30 09:40:21 | INFO | Alternating low-rank iter 2000 | Loss: 0.563046 | Penalized: 0.563992
2026-04-30 09:40:36 | INFO | Alternating low-rank iter 2100 | Loss: 0.563043 | Penalized: 0.563990
2026-04-30 09:40:52 | INFO | Alternating low-rank iter 2200 | Loss: 0.563041 | Penalized: 0.563988
2026-04-30 09:41:08 | INFO | Alternating low-rank iter 2300 | Loss: 0.563038 | Penalized: 0.563986
2026-04-30 09:41:24 | INFO | Alternating low-rank iter 2400 | Loss: 0.563036 | Penalized: 0.563984
2026-04-30 09:41:40 | INFO | Alternating low-rank iter 2500 | Loss: 0.563035 | Penalized: 0.563983
2026-04-30 09:41:53 | INFO | Alternating low-rank iter 2600 | Loss: 0.563033 | Penalized: 0.563981
2026-04-30 09:42:05 | INFO | Alternating low-rank iter 2700 | Loss: 0.563032 | Penalized: 0.563980
2026-04-30 09:42:18 | INFO | Alternating low-rank iter 2800 | Loss: 0.563030 | Penalized: 0.563979
2026-04-30 09:42:31 | INFO | Alternating low-rank iter 2900 | Loss: 0.563029 | Penalized: 0.563978
2026-04-30 09:42:44 | INFO | Alternating low-rank iter 3000 | Loss: 0.563028 | Penalized: 0.563977
2026-04-30 09:42:57 | INFO | Alternating low-rank iter 3100 | Loss: 0.563027 | Penalized: 0.563976
2026-04-30 09:43:09 | INFO | Alternating low-rank iter 3200 | Loss: 0.563026 | Penalized: 0.563975
2026-04-30 09:43:22 | INFO | Alternating low-rank iter 3300 | Loss: 0.563026 | Penalized: 0.563975
2026-04-30 09:43:35 | INFO | Alternating low-rank iter 3400 | Loss: 0.563025 | Penalized: 0.563974
2026-04-30 09:43:48 | INFO | Alternating low-rank iter 3500 | Loss: 0.563024 | Penalized: 0.563973
2026-04-30 09:44:00 | INFO | Alternating low-rank iter 3600 | Loss: 0.563024 | Penalized: 0.563973
2026-04-30 09:44:13 | INFO | Alternating low-rank iter 3700 | Loss: 0.563023 | Penalized: 0.563972
2026-04-30 09:44:23 | INFO | Alternating low-rank iter 3800 | Loss: 0.563023 | Penalized: 0.563972
2026-04-30 09:44:33 | INFO | Alternating low-rank iter 3900 | Loss: 0.563023 | Penalized: 0.563972
2026-04-30 09:44:42 | INFO | Alternating low-rank iter 4000 | Loss: 0.563022 | Penalized: 0.563971
2026-04-30 09:44:52 | INFO | Alternating low-rank iter 4100 | Loss: 0.563022 | Penalized: 0.563971
2026-04-30 09:45:02 | INFO | Alternating low-rank iter 4200 | Loss: 0.563022 | Penalized: 0.563971
2026-04-30 09:45:11 | INFO | Alternating low-rank iter 4300 | Loss: 0.563022 | Penalized: 0.563971
2026-04-30 09:45:21 | INFO | Alternating low-rank iter 4400 | Loss: 0.563021 | Penalized: 0.563970
2026-04-30 09:45:30 | INFO | Alternating low-rank iter 4500 | Loss: 0.563021 | Penalized: 0.563970
2026-04-30 09:45:40 | INFO | Alternating low-rank iter 4600 | Loss: 0.563021 | Penalized: 0.563970
2026-04-30 09:45:49 | INFO | Alternating low-rank iter 4700 | Loss: 0.563021 | Penalized: 0.563970
2026-04-30 09:45:59 | INFO | Alternating low-rank iter 4800 | Loss: 0.563021 | Penalized: 0.563970
2026-04-30 09:46:09 | INFO | Alternating low-rank iter 4900 | Loss: 0.563021 | Penalized: 0.563970
2026-04-30 09:46:18 | INFO | Alternating low-rank iter 5000 | Loss: 0.563021 | Penalized: 0.563969
2026-04-30 09:46:25 | INFO | Done fitting.
2026-04-30 09:46:25 | INFO | Optimizer status: CONVERGED: alternating objective tolerance reached
2026-04-30 09:46:25 | INFO | Best optimizer start: 1 / 1
2026-04-30 09:46:25 | INFO | Final Loss: 0.563021
2026-04-30 09:46:25 | INFO | Estimated vs True Parameters:
2026-04-30 09:46:25 | INFO |   beta: 0.0165 (True: -0.3000) | SQE: 0.100184
2026-04-30 09:46:25 | INFO |   xi: 0.8933 (True: 0.8000) | SQE: 0.008698
2026-04-30 09:46:25 | INFO |   eta: 0.2963 (True: 0.3000) | SQE: 0.000014
2026-04-30 09:46:25 | INFO | Alternating low-rank optimizer diagnostics:
2026-04-30 09:46:25 | INFO |   penalized_objective: 0.563969
2026-04-30 09:46:25 | INFO |   mple_loss_without_penalty: 0.563021
2026-04-30 09:46:25 | INFO |   lambda_uv_ridge: 0.000500
2026-04-30 09:46:25 | INFO |   u_frobenius_norm: 828.457592
2026-04-30 09:46:25 | INFO |   v_frobenius_norm: 1.732051
2026-04-30 09:46:25 | INFO |   effective_rank: 3.000000
2026-04-30 09:46:25 | INFO | Field and interaction diagnostics:
2026-04-30 09:46:25 | INFO |   field_rmse: 1.476510
2026-04-30 09:46:25 | INFO |   interaction_fro_error: 0.881964
2026-04-30 09:46:25 | INFO |   estimated_field_max_abs_entry: 69.814259
2026-04-30 09:46:25 | INFO |   estimated_field_rank: 3.000000
2026-04-30 09:46:25 | INFO |   true_field_max_abs_entry: 2.169749
2026-04-30 09:46:25 | INFO |   true_field_rank: 3.000000
2026-04-30 09:46:25 | INFO | Saved summary table to /orcd/home/002/phevosp/MPLE-Causal-Inference/experiments/SyntheticHybridExperiments/r3_hybrid_us_county_intervention_uscounty_graph_contiguous_confounding/fits/alternating_rank_3_uv_5_e4_beta_mask/mple_summary.csv
2026-04-30 09:46:25 | INFO | Log saved to /orcd/home/002/phevosp/MPLE-Causal-Inference/experiments/SyntheticHybridExperiments/r3_hybrid_us_county_intervention_uscounty_graph_contiguous_confounding/fits/alternating_rank_3_uv_5_e4_beta_mask/mple.log
