2026-04-29 10:07:58 | INFO | Loading data...
2026-04-29 10:07:58 | INFO | Using panel artifact: /orcd/home/002/phevosp/MPLE-Causal-Inference/experiments/SyntheticHybridExperiments/hybrid_us_county_intervention_uscounty_graph_confounding/panel_data.npz
2026-04-29 10:07:58 | INFO | Using x_0 artifact: /orcd/home/002/phevosp/MPLE-Causal-Inference/experiments/SyntheticHybridExperiments/hybrid_us_county_intervention_uscounty_graph_confounding/x_0.npy
2026-04-29 10:07:58 | INFO | Using fit config: /orcd/home/002/phevosp/MPLE-Causal-Inference/experiments/SyntheticHybridExperiments/hybrid_us_county_intervention_uscounty_graph_confounding/fits/alternating_rank_10_uv_9/fit_realized_config.yaml
2026-04-29 10:07:58 | INFO | Using model artifact directory: /orcd/home/002/phevosp/MPLE-Causal-Inference/experiments/SyntheticHybridExperiments/hybrid_us_county_intervention_uscounty_graph_confounding
2026-04-29 10:07:58 | INFO | Using truth artifact directory: /orcd/home/002/phevosp/MPLE-Causal-Inference/experiments/SyntheticHybridExperiments/hybrid_us_county_intervention_uscounty_graph_confounding
2026-04-29 10:07:58 | INFO | Configured optimizer mode: alternating_latent_rank
2026-04-29 10:07:58 | INFO | Configured latent rank: 10
2026-04-29 10:07:58 | INFO | Using a fixed known graph with scalar xi.
2026-04-29 10:07:58 | INFO | Fit-time hard bounds active: False
2026-04-29 10:07:58 | INFO | Fixed scalar parameters: {}
2026-04-29 10:07:58 | INFO | Warm-start fixed scalars: {} for 0 steps
2026-04-29 10:07:58 | INFO | Beta mask before s: False with s=55
2026-04-29 10:07:58 | INFO | Beta mask after e: False with e=120
2026-04-29 10:07:58 | INFO | Alternating V-column L2-ball constraint active with radius 1.0
2026-04-29 10:07:58 | INFO | Optimizer settings: steps=20000, tol=1e-09, n_starts=1, seed=0, lambda_nuclear=0.0, lambda_frobenius=0.0, lambda_uv_ridge=9.0, v_column_l2_max=1.0, proximal_lr=1.0
2026-04-29 10:07:58 | INFO | Alternating low-rank start 1/1 | seed=0 | initial_loss=0.766729 | initial_penalized=0.767274
2026-04-29 10:07:58 | INFO | Alternating low-rank iter 0 | Loss: 0.571983 | Penalized: 0.579027
2026-04-29 10:08:11 | INFO | Alternating low-rank iter 100 | Loss: 0.554495 | Penalized: 0.557895
2026-04-29 10:08:24 | INFO | Alternating low-rank iter 200 | Loss: 0.554534 | Penalized: 0.557709
2026-04-29 10:08:37 | INFO | Alternating low-rank iter 300 | Loss: 0.554555 | Penalized: 0.557707
2026-04-29 10:08:37 | INFO | Done fitting.
2026-04-29 10:08:37 | INFO | Optimizer status: CONVERGED: alternating objective tolerance reached
2026-04-29 10:08:37 | INFO | Best optimizer start: 1 / 1
2026-04-29 10:08:37 | INFO | Final Loss: 0.554555
2026-04-29 10:08:37 | INFO | Estimated vs True Parameters:
2026-04-29 10:08:37 | INFO |   beta: -0.1568 (True: -0.3000) | SQE: 0.020518
2026-04-29 10:08:37 | INFO |   xi: 1.1853 (True: 0.8000) | SQE: 0.148462
2026-04-29 10:08:37 | INFO |   eta: 0.3040 (True: 0.3000) | SQE: 0.000016
2026-04-29 10:08:37 | INFO | Alternating low-rank optimizer diagnostics:
2026-04-29 10:08:37 | INFO |   penalized_objective: 0.557707
2026-04-29 10:08:37 | INFO |   mple_loss_without_penalty: 0.554555
2026-04-29 10:08:37 | INFO |   lambda_uv_ridge: 9.000000
2026-04-29 10:08:37 | INFO |   u_frobenius_norm: 10.792003
2026-04-29 10:08:37 | INFO |   v_frobenius_norm: 3.162278
2026-04-29 10:08:37 | INFO |   effective_rank: 1.000000
2026-04-29 10:08:37 | INFO | Field and interaction diagnostics:
2026-04-29 10:08:37 | INFO |   field_rmse: 0.387464
2026-04-29 10:08:37 | INFO |   interaction_fro_error: 3.638729
2026-04-29 10:08:37 | INFO |   estimated_field_max_abs_entry: 0.218633
2026-04-29 10:08:37 | INFO |   estimated_field_rank: 1.000000
2026-04-29 10:08:37 | INFO |   true_field_max_abs_entry: 2.000000
2026-04-29 10:08:37 | INFO |   true_field_rank: 21.000000
2026-04-29 10:08:38 | INFO | Saved summary table to /orcd/home/002/phevosp/MPLE-Causal-Inference/experiments/SyntheticHybridExperiments/hybrid_us_county_intervention_uscounty_graph_confounding/fits/alternating_rank_10_uv_9/mple_summary.csv
2026-04-29 10:08:38 | INFO | Log saved to /orcd/home/002/phevosp/MPLE-Causal-Inference/experiments/SyntheticHybridExperiments/hybrid_us_county_intervention_uscounty_graph_confounding/fits/alternating_rank_10_uv_9/mple.log
