2026-04-01 10:17:07 | INFO | Loading data...
2026-04-01 10:17:07 | INFO | Loaded 11 field templates and 11 interaction templates.
2026-04-01 10:17:07 | INFO | Running conditional-model MPLE on x with shape=(100, 100)
2026-04-01 10:17:07 | INFO | Eval 0  |  Loss: 0.735632
2026-04-01 10:17:07 | INFO |   field::intercept: +0.0126,  field::linear::feature_1: -0.0132,  field::quadratic::feature_1: +0.0640,  field::linear::feature_2: +0.0105,  field::quadratic::feature_2: -0.0536,  field::linear::feature_3: +0.0362,  field::quadratic::feature_3: +0.1304,  field::linear::feature_4: +0.0947,  field::quadratic::feature_4: -0.0704,  field::linear::feature_5: -0.1265,  field::quadratic::feature_5: -0.0623,  beta: +0.0041,  interaction::adjacency: -0.2325,  interaction::distance_kernel::feature_1: -0.0219,  interaction::cross_similarity::feature_1: -0.1246,  interaction::distance_kernel::feature_2: -0.0732,  interaction::cross_similarity::feature_2: -0.0544,  interaction::distance_kernel::feature_3: -0.0316,  interaction::cross_similarity::feature_3: +0.0412,  interaction::distance_kernel::feature_4: +0.1043,  interaction::cross_similarity::feature_4: -0.0129,  interaction::distance_kernel::feature_5: +0.1366,  interaction::cross_similarity::feature_5: -0.0665,  eta: +0.0352,  zeta: +0.0903,  psi: +0.0094
2026-04-01 10:17:08 | INFO | Eval 100  |  Loss: 0.549411
2026-04-01 10:17:08 | INFO |   field::intercept: +0.3112,  field::linear::feature_1: +0.3724,  field::quadratic::feature_1: +0.4497,  field::linear::feature_2: -0.5531,  field::quadratic::feature_2: +0.6861,  field::linear::feature_3: -0.5635,  field::quadratic::feature_3: -0.0260,  field::linear::feature_4: +0.0527,  field::quadratic::feature_4: +0.1323,  field::linear::feature_5: +0.1548,  field::quadratic::feature_5: +0.4231,  beta: +0.3925,  interaction::adjacency: +0.2183,  interaction::distance_kernel::feature_1: +0.0257,  interaction::cross_similarity::feature_1: -0.1251,  interaction::distance_kernel::feature_2: +0.3353,  interaction::cross_similarity::feature_2: -0.1874,  interaction::distance_kernel::feature_3: -0.1290,  interaction::cross_similarity::feature_3: +0.4841,  interaction::distance_kernel::feature_4: +0.3047,  interaction::cross_similarity::feature_4: +0.0408,  interaction::distance_kernel::feature_5: -0.0376,  interaction::cross_similarity::feature_5: +0.9377,  eta: +0.1102,  zeta: -0.5000,  psi: +0.3807
2026-04-01 10:17:08 | INFO | Done fitting.
2026-04-01 10:17:08 | INFO | Optimizer status: CONVERGENCE: RELATIVE REDUCTION OF F <= FACTR*EPSMCH
2026-04-01 10:17:08 | INFO | Final Loss: 0.549411
2026-04-01 10:17:08 | INFO | Estimated vs True Parameters:
2026-04-01 10:17:08 | INFO |   field::intercept: 0.3115 (True: 0.3150)
2026-04-01 10:17:08 | INFO |   field::intercept SQE: 0.000012
2026-04-01 10:17:08 | INFO |   field::linear::feature_1: 0.3713 (True: 0.3080)
2026-04-01 10:17:08 | INFO |   field::linear::feature_1 SQE: 0.004003
2026-04-01 10:17:08 | INFO |   field::quadratic::feature_1: 0.4463 (True: 0.3500)
2026-04-01 10:17:08 | INFO |   field::quadratic::feature_1 SQE: 0.009274
2026-04-01 10:17:08 | INFO |   field::linear::feature_2: -0.5537 (True: -0.5800)
2026-04-01 10:17:08 | INFO |   field::linear::feature_2 SQE: 0.000694
2026-04-01 10:17:08 | INFO |   field::quadratic::feature_2: 0.6934 (True: 0.5000)
2026-04-01 10:17:08 | INFO |   field::quadratic::feature_2 SQE: 0.037386
2026-04-01 10:17:08 | INFO |   field::linear::feature_3: -0.5637 (True: -0.6000)
2026-04-01 10:17:08 | INFO |   field::linear::feature_3 SQE: 0.001317
2026-04-01 10:17:08 | INFO |   field::quadratic::feature_3: -0.0276 (True: -0.0500)
2026-04-01 10:17:08 | INFO |   field::quadratic::feature_3 SQE: 0.000503
2026-04-01 10:17:08 | INFO |   field::linear::feature_4: 0.0518 (True: 0.0800)
2026-04-01 10:17:08 | INFO |   field::linear::feature_4 SQE: 0.000797
2026-04-01 10:17:08 | INFO |   field::quadratic::feature_4: 0.1313 (True: 0.1000)
2026-04-01 10:17:08 | INFO |   field::quadratic::feature_4 SQE: 0.000980
2026-04-01 10:17:08 | INFO |   field::linear::feature_5: 0.1555 (True: 0.3000)
2026-04-01 10:17:08 | INFO |   field::linear::feature_5 SQE: 0.020879
2026-04-01 10:17:08 | INFO |   field::quadratic::feature_5: 0.4227 (True: 0.4000)
2026-04-01 10:17:08 | INFO |   field::quadratic::feature_5 SQE: 0.000513
2026-04-01 10:17:08 | INFO |   beta: 0.3926 (True: 0.4000)
2026-04-01 10:17:08 | INFO |   beta SQE: 0.000055
2026-04-01 10:17:08 | INFO |   interaction::adjacency: 0.2184 (True: 0.2500)
2026-04-01 10:17:08 | INFO |   interaction::adjacency SQE: 0.000997
2026-04-01 10:17:08 | INFO |   interaction::distance_kernel::feature_1: 0.0167 (True: 0.0800)
2026-04-01 10:17:08 | INFO |   interaction::distance_kernel::feature_1 SQE: 0.004004
2026-04-01 10:17:08 | INFO |   interaction::cross_similarity::feature_1: -0.1074 (True: 0.0400)
2026-04-01 10:17:08 | INFO |   interaction::cross_similarity::feature_1 SQE: 0.021737
2026-04-01 10:17:08 | INFO |   interaction::distance_kernel::feature_2: 0.3470 (True: 0.0800)
2026-04-01 10:17:08 | INFO |   interaction::distance_kernel::feature_2 SQE: 0.071294
2026-04-01 10:17:08 | INFO |   interaction::cross_similarity::feature_2: -0.2012 (True: 0.0400)
2026-04-01 10:17:08 | INFO |   interaction::cross_similarity::feature_2 SQE: 0.058173
2026-04-01 10:17:08 | INFO |   interaction::distance_kernel::feature_3: -0.1333 (True: 0.0800)
2026-04-01 10:17:08 | INFO |   interaction::distance_kernel::feature_3 SQE: 0.045486
2026-04-01 10:17:08 | INFO |   interaction::cross_similarity::feature_3: 0.4841 (True: 0.0400)
2026-04-01 10:17:08 | INFO |   interaction::cross_similarity::feature_3 SQE: 0.197229
2026-04-01 10:17:08 | INFO |   interaction::distance_kernel::feature_4: 0.3035 (True: 0.0800)
2026-04-01 10:17:08 | INFO |   interaction::distance_kernel::feature_4 SQE: 0.049967
2026-04-01 10:17:08 | INFO |   interaction::cross_similarity::feature_4: 0.0434 (True: 0.0400)
2026-04-01 10:17:08 | INFO |   interaction::cross_similarity::feature_4 SQE: 0.000011
2026-04-01 10:17:08 | INFO |   interaction::distance_kernel::feature_5: -0.0359 (True: 0.1300)
2026-04-01 10:17:08 | INFO |   interaction::distance_kernel::feature_5 SQE: 0.027537
2026-04-01 10:17:08 | INFO |   interaction::cross_similarity::feature_5: 0.9326 (True: 0.1400)
2026-04-01 10:17:08 | INFO |   interaction::cross_similarity::feature_5 SQE: 0.628269
2026-04-01 10:17:08 | INFO |   eta: 0.1101 (True: 0.1000)
2026-04-01 10:17:08 | INFO |   eta SQE: 0.000103
2026-04-01 10:17:08 | INFO |   zeta: -0.4999 (True: -0.5000)
2026-04-01 10:17:08 | INFO |   zeta SQE: 0.000000
2026-04-01 10:17:08 | INFO |   psi: 0.3807 (True: 0.4000)
2026-04-01 10:17:08 | INFO |   psi SQE: 0.000371
2026-04-01 10:17:08 | INFO | Saved summary tables to C:\Users\phevo\Documents\MIT\Code\MPLE-Causal-Inference\experiments\n100_t100_baseline_temp_fro_large_shared_feature_field_shared_feature_interactions_20260331_230215\mple_summary.csv and C:\Users\phevo\Documents\MIT\Code\MPLE-Causal-Inference\experiments\n100_t100_baseline_temp_fro_large_shared_feature_field_shared_feature_interactions_20260331_230215\mple_summary.md
2026-04-01 10:17:08 | INFO | Log saved to C:\Users\phevo\Documents\MIT\Code\MPLE-Causal-Inference\experiments\n100_t100_baseline_temp_fro_large_shared_feature_field_shared_feature_interactions_20260331_230215\mple.log
