2026-05-01 20:45:38 | INFO | Loading data...
2026-05-01 20:45:38 | INFO | Using panel artifact: /orcd/home/002/phevosp/MPLE-Causal-Inference/experiments/SyntheticHybridExperimentsFinal/spectral_low_rank/panel_data.npz
2026-05-01 20:45:38 | INFO | Using x_0 artifact: /orcd/home/002/phevosp/MPLE-Causal-Inference/experiments/SyntheticHybridExperimentsFinal/spectral_low_rank/x_0.npy
2026-05-01 20:45:38 | INFO | Using fit config: /orcd/home/002/phevosp/MPLE-Causal-Inference/experiments/SyntheticHybridExperimentsFinal/spectral_low_rank/cv_runs/alternating_uv_grid/candidates/alternating_uv_grid_candidate_0003/fold_7/fit_realized_config.yaml
2026-05-01 20:45:38 | INFO | Using model artifact directory: /orcd/home/002/phevosp/MPLE-Causal-Inference/experiments/SyntheticHybridExperimentsFinal/spectral_low_rank
2026-05-01 20:45:38 | INFO | Using truth artifact directory: /orcd/home/002/phevosp/MPLE-Causal-Inference/experiments/SyntheticHybridExperimentsFinal/spectral_low_rank
2026-05-01 20:45:38 | INFO | Using loss mask artifact: /orcd/home/002/phevosp/MPLE-Causal-Inference/experiments/SyntheticHybridExperimentsFinal/spectral_low_rank/cv_runs/alternating_uv_grid/candidates/alternating_uv_grid_candidate_0003/fold_7/loss_mask.npy
2026-05-01 20:45:38 | INFO | Configured optimizer mode: alternating_latent_rank
2026-05-01 20:45:38 | INFO | Configured latent rank: 3
2026-05-01 20:45:38 | INFO | Using a fixed known graph with scalar xi.
2026-05-01 20:45:38 | INFO | Fit-time hard bounds active: False
2026-05-01 20:45:38 | INFO | Fixed scalar parameters: {}
2026-05-01 20:45:38 | INFO | Warm-start fixed scalars: {} for 0 steps
2026-05-01 20:45:38 | INFO | Beta mask before s: False with s=0
2026-05-01 20:45:38 | INFO | Beta mask after e: False with e=11
2026-05-01 20:45:38 | INFO | Alternating V-column L2-ball constraint active with radius 1.0
2026-05-01 20:45:38 | INFO | Optimizer settings: steps=2000, tol=1e-07, n_starts=1, seed=0, lambda_nuclear=0.0, lambda_frobenius=0.0, lambda_uv_ridge=0.01, v_column_l2_max=1.0, proximal_lr=1.0
2026-05-01 20:45:38 | INFO | Alternating low-rank start 1/1 | seed=0 | initial_loss=0.832337 | initial_penalized=0.832340
2026-05-01 20:45:38 | INFO | Alternating low-rank iter 0 | Loss: 0.573280 | Penalized: 0.574598
2026-05-01 20:45:39 | INFO | Alternating low-rank iter 100 | Loss: 0.509154 | Penalized: 0.516790
2026-05-01 20:45:39 | INFO | Alternating low-rank iter 200 | Loss: 0.507808 | Penalized: 0.515533
2026-05-01 20:45:40 | INFO | Alternating low-rank iter 300 | Loss: 0.507347 | Penalized: 0.515170
2026-05-01 20:45:41 | INFO | Alternating low-rank iter 400 | Loss: 0.507285 | Penalized: 0.515109
2026-05-01 20:45:42 | INFO | Alternating low-rank iter 500 | Loss: 0.507051 | Penalized: 0.514951
2026-05-01 20:45:42 | INFO | Alternating low-rank iter 600 | Loss: 0.506830 | Penalized: 0.514831
2026-05-01 20:45:43 | INFO | Done fitting.
2026-05-01 20:45:43 | INFO | Optimizer status: CONVERGED: alternating objective tolerance reached
2026-05-01 20:45:43 | INFO | Best optimizer start: 1 / 1
2026-05-01 20:45:43 | INFO | Final Loss: 0.506828
2026-05-01 20:45:43 | INFO | Estimated vs True Parameters:
2026-05-01 20:45:43 | INFO |   beta: -0.3312 (True: -0.3000) | SQE: 0.000972
2026-05-01 20:45:43 | INFO |   xi: 0.8550 (True: 0.8000) | SQE: 0.003023
2026-05-01 20:45:43 | INFO |   eta: 0.3185 (True: 0.3000) | SQE: 0.000341
2026-05-01 20:45:43 | INFO | Alternating low-rank optimizer diagnostics:
2026-05-01 20:45:43 | INFO |   penalized_objective: 0.514821
2026-05-01 20:45:43 | INFO |   mple_loss_without_penalty: 0.506828
2026-05-01 20:45:43 | INFO |   lambda_uv_ridge: 0.010000
2026-05-01 20:45:43 | INFO |   u_frobenius_norm: 117.420280
2026-05-01 20:45:43 | INFO |   v_frobenius_norm: 1.732051
2026-05-01 20:45:43 | INFO |   effective_rank: 3.000000
2026-05-01 20:45:43 | INFO | Field and interaction diagnostics:
2026-05-01 20:45:43 | INFO |   field_rmse: 0.644928
2026-05-01 20:45:43 | INFO |   interaction_fro_error: 0.194791
2026-05-01 20:45:43 | INFO |   estimated_field_max_abs_entry: 7.999354
2026-05-01 20:45:43 | INFO |   estimated_field_rank: 3.000000
2026-05-01 20:45:43 | INFO |   true_field_max_abs_entry: 2.857994
2026-05-01 20:45:43 | INFO |   true_field_rank: 3.000000
2026-05-01 20:45:43 | INFO | Saved summary table to /orcd/home/002/phevosp/MPLE-Causal-Inference/experiments/SyntheticHybridExperimentsFinal/spectral_low_rank/cv_runs/alternating_uv_grid/candidates/alternating_uv_grid_candidate_0003/fold_7/mple_summary.csv
2026-05-01 20:45:43 | INFO | Log saved to /orcd/home/002/phevosp/MPLE-Causal-Inference/experiments/SyntheticHybridExperimentsFinal/spectral_low_rank/cv_runs/alternating_uv_grid/candidates/alternating_uv_grid_candidate_0003/fold_7/mple.log
