2026-05-04 23:33:38 | INFO | Loading data...
2026-05-04 23:33:38 | INFO | Using panel artifact: /orcd/home/002/phevosp/MPLE-Causal-Inference/experiments/USCountyVaccination/outcome_death_rate_100k_ge_2__intervention_complete_cov_ge_30__lag_2w__distance_kernel_8__start_2020_03_01/panel_data.npz
2026-05-04 23:33:38 | INFO | Using x_0 artifact: /orcd/home/002/phevosp/MPLE-Causal-Inference/experiments/USCountyVaccination/outcome_death_rate_100k_ge_2__intervention_complete_cov_ge_30__lag_2w__distance_kernel_8__start_2020_03_01/x_0.npy
2026-05-04 23:33:38 | INFO | Using fit config: /orcd/home/002/phevosp/MPLE-Causal-Inference/experiments/USCountyVaccination/outcome_death_rate_100k_ge_2__intervention_complete_cov_ge_30__lag_2w__distance_kernel_8__start_2020_03_01/fits/alternating_rank_5_uv_5_e2_beta_mask_xi_zero/fit_realized_config.yaml
2026-05-04 23:33:38 | INFO | Using model artifact directory: /orcd/home/002/phevosp/MPLE-Causal-Inference/experiments/USCountyVaccination/outcome_death_rate_100k_ge_2__intervention_complete_cov_ge_30__lag_2w__distance_kernel_8__start_2020_03_01
2026-05-04 23:33:38 | INFO | Using truth artifact directory: /orcd/home/002/phevosp/MPLE-Causal-Inference/experiments/USCountyVaccination/outcome_death_rate_100k_ge_2__intervention_complete_cov_ge_30__lag_2w__distance_kernel_8__start_2020_03_01
2026-05-04 23:33:38 | INFO | Configured optimizer mode: alternating_latent_rank
2026-05-04 23:33:38 | INFO | Configured latent rank: 5
2026-05-04 23:33:38 | INFO | Using a fixed known graph with scalar xi.
2026-05-04 23:33:38 | INFO | Fit-time hard bounds active: False
2026-05-04 23:33:38 | INFO | Fixed scalar parameters: {'xi': 0.0}
2026-05-04 23:33:38 | INFO | Warm-start fixed scalars: {} for 0 steps
2026-05-04 23:33:38 | INFO | Beta mask before s: True with s=50
2026-05-04 23:33:38 | INFO | Beta mask after e: True with e=115
2026-05-04 23:33:38 | INFO | Alternating V-column L2-ball constraint active with radius 1.0
2026-05-04 23:33:38 | INFO | Optimizer settings: steps=20000, tol=1e-09, n_starts=1, seed=0, lambda_nuclear=0.0, lambda_frobenius=0.0, lambda_uv_ridge=0.05, v_column_l2_max=1.0, proximal_lr=1.0
2026-05-04 23:33:38 | INFO | Alternating low-rank start 1/1 | seed=0 | initial_loss=0.772846 | initial_penalized=0.772847
2026-05-04 23:33:39 | INFO | Alternating low-rank iter 0 | Loss: 0.493912 | Penalized: 0.498738
2026-05-04 23:33:52 | INFO | Alternating low-rank iter 100 | Loss: 0.420790 | Penalized: 0.444068
2026-05-04 23:34:06 | INFO | Alternating low-rank iter 200 | Loss: 0.420781 | Penalized: 0.444055
2026-05-04 23:34:10 | INFO | Done fitting.
2026-05-04 23:34:10 | INFO | Optimizer status: CONVERGED: alternating objective tolerance reached
2026-05-04 23:34:10 | INFO | Best optimizer start: 1 / 1
2026-05-04 23:34:10 | INFO | Final Loss: 0.420780
2026-05-04 23:34:10 | INFO | Estimated Parameters:
2026-05-04 23:34:10 | INFO |   beta: -0.0259
2026-05-04 23:34:10 | INFO |   xi: 0.0000
2026-05-04 23:34:10 | INFO |   eta: 0.1529
2026-05-04 23:34:10 | INFO | Alternating low-rank optimizer diagnostics:
2026-05-04 23:34:10 | INFO |   penalized_objective: 0.444055
2026-05-04 23:34:10 | INFO |   mple_loss_without_penalty: 0.420780
2026-05-04 23:34:10 | INFO |   lambda_uv_ridge: 0.050000
2026-05-04 23:34:10 | INFO |   u_frobenius_norm: 401.668952
2026-05-04 23:34:10 | INFO |   v_frobenius_norm: 2.236068
2026-05-04 23:34:10 | INFO |   effective_rank: 5.000000
2026-05-04 23:34:10 | INFO | Field and interaction diagnostics:
2026-05-04 23:34:10 | INFO |   estimated_field_max_abs_entry: 3.629254
2026-05-04 23:34:10 | INFO |   estimated_field_rank: 5.000000
2026-05-04 23:34:10 | INFO | Saved summary table to /orcd/home/002/phevosp/MPLE-Causal-Inference/experiments/USCountyVaccination/outcome_death_rate_100k_ge_2__intervention_complete_cov_ge_30__lag_2w__distance_kernel_8__start_2020_03_01/fits/alternating_rank_5_uv_5_e2_beta_mask_xi_zero/mple_summary.csv
2026-05-04 23:34:10 | INFO | Log saved to /orcd/home/002/phevosp/MPLE-Causal-Inference/experiments/USCountyVaccination/outcome_death_rate_100k_ge_2__intervention_complete_cov_ge_30__lag_2w__distance_kernel_8__start_2020_03_01/fits/alternating_rank_5_uv_5_e2_beta_mask_xi_zero/mple.log
