2026-04-30 00:12:17 | INFO | Loading data...
2026-04-30 00:12:17 | INFO | Using panel artifact: /orcd/home/002/phevosp/MPLE-Causal-Inference/experiments/SyntheticHybridExperiments/hybrid_us_county_intervention_uscounty_graph_base/panel_data.npz
2026-04-30 00:12:17 | INFO | Using x_0 artifact: /orcd/home/002/phevosp/MPLE-Causal-Inference/experiments/SyntheticHybridExperiments/hybrid_us_county_intervention_uscounty_graph_base/x_0.npy
2026-04-30 00:12:17 | INFO | Using fit config: /orcd/home/002/phevosp/MPLE-Causal-Inference/experiments/SyntheticHybridExperiments/hybrid_us_county_intervention_uscounty_graph_base/fits/alternating_rank_3_uv_5_e4_beta_mask/fit_realized_config.yaml
2026-04-30 00:12:17 | INFO | Using model artifact directory: /orcd/home/002/phevosp/MPLE-Causal-Inference/experiments/SyntheticHybridExperiments/hybrid_us_county_intervention_uscounty_graph_base
2026-04-30 00:12:17 | INFO | Using truth artifact directory: /orcd/home/002/phevosp/MPLE-Causal-Inference/experiments/SyntheticHybridExperiments/hybrid_us_county_intervention_uscounty_graph_base
2026-04-30 00:12:17 | INFO | Configured optimizer mode: alternating_latent_rank
2026-04-30 00:12:17 | INFO | Configured latent rank: 3
2026-04-30 00:12:17 | INFO | Using a fixed known graph with scalar xi.
2026-04-30 00:12:17 | INFO | Fit-time hard bounds active: False
2026-04-30 00:12:17 | INFO | Fixed scalar parameters: {}
2026-04-30 00:12:17 | INFO | Warm-start fixed scalars: {} for 0 steps
2026-04-30 00:12:17 | INFO | Beta mask before s: True with s=55
2026-04-30 00:12:17 | INFO | Beta mask after e: True with e=120
2026-04-30 00:12:17 | INFO | Alternating V-column L2-ball constraint active with radius 1.0
2026-04-30 00:12:17 | INFO | Optimizer settings: steps=20000, tol=1e-09, n_starts=1, seed=0, lambda_nuclear=0.0, lambda_frobenius=0.0, lambda_uv_ridge=0.0005, v_column_l2_max=1.0, proximal_lr=1.0
2026-04-30 00:12:17 | INFO | Alternating low-rank start 1/1 | seed=0 | initial_loss=0.681208 | initial_penalized=0.681208
2026-04-30 00:12:17 | INFO | Alternating low-rank iter 0 | Loss: 0.515509 | Penalized: 0.515544
2026-04-30 00:12:26 | INFO | Alternating low-rank iter 100 | Loss: 0.497091 | Penalized: 0.497449
2026-04-30 00:12:34 | INFO | Alternating low-rank iter 200 | Loss: 0.495648 | Penalized: 0.496327
2026-04-30 00:12:43 | INFO | Alternating low-rank iter 300 | Loss: 0.495048 | Penalized: 0.495951
2026-04-30 00:12:52 | INFO | Alternating low-rank iter 400 | Loss: 0.494807 | Penalized: 0.495843
2026-04-30 00:13:01 | INFO | Alternating low-rank iter 500 | Loss: 0.494686 | Penalized: 0.495799
2026-04-30 00:13:10 | INFO | Alternating low-rank iter 600 | Loss: 0.494619 | Penalized: 0.495777
2026-04-30 00:13:19 | INFO | Alternating low-rank iter 700 | Loss: 0.494580 | Penalized: 0.495765
2026-04-30 00:13:28 | INFO | Alternating low-rank iter 800 | Loss: 0.494557 | Penalized: 0.495757
2026-04-30 00:13:38 | INFO | Alternating low-rank iter 900 | Loss: 0.494542 | Penalized: 0.495753
2026-04-30 00:13:47 | INFO | Alternating low-rank iter 1000 | Loss: 0.494534 | Penalized: 0.495750
2026-04-30 00:13:56 | INFO | Alternating low-rank iter 1100 | Loss: 0.494528 | Penalized: 0.495748
2026-04-30 00:14:05 | INFO | Alternating low-rank iter 1200 | Loss: 0.494524 | Penalized: 0.495747
2026-04-30 00:14:14 | INFO | Alternating low-rank iter 1300 | Loss: 0.494522 | Penalized: 0.495746
2026-04-30 00:14:23 | INFO | Alternating low-rank iter 1400 | Loss: 0.494520 | Penalized: 0.495745
2026-04-30 00:14:31 | INFO | Alternating low-rank iter 1500 | Loss: 0.494519 | Penalized: 0.495745
2026-04-30 00:14:40 | INFO | Alternating low-rank iter 1600 | Loss: 0.494518 | Penalized: 0.495745
2026-04-30 00:14:49 | INFO | Alternating low-rank iter 1700 | Loss: 0.494518 | Penalized: 0.495745
2026-04-30 00:14:52 | INFO | Done fitting.
2026-04-30 00:14:52 | INFO | Optimizer status: CONVERGED: alternating objective tolerance reached
2026-04-30 00:14:52 | INFO | Best optimizer start: 1 / 1
2026-04-30 00:14:52 | INFO | Final Loss: 0.494518
2026-04-30 00:14:52 | INFO | Estimated vs True Parameters:
2026-04-30 00:14:52 | INFO |   beta: -0.3028 (True: -0.3000) | SQE: 0.000008
2026-04-30 00:14:52 | INFO |   xi: 0.8810 (True: 0.8000) | SQE: 0.006563
2026-04-30 00:14:52 | INFO |   eta: 0.2915 (True: 0.3000) | SQE: 0.000072
2026-04-30 00:14:52 | INFO | Alternating low-rank optimizer diagnostics:
2026-04-30 00:14:52 | INFO |   penalized_objective: 0.495745
2026-04-30 00:14:52 | INFO |   mple_loss_without_penalty: 0.494518
2026-04-30 00:14:52 | INFO |   lambda_uv_ridge: 0.000500
2026-04-30 00:14:52 | INFO |   u_frobenius_norm: 942.079151
2026-04-30 00:14:52 | INFO |   v_frobenius_norm: 1.732051
2026-04-30 00:14:52 | INFO |   effective_rank: 3.000000
2026-04-30 00:14:52 | INFO | Field and interaction diagnostics:
2026-04-30 00:14:52 | INFO |   field_rmse: 1.569022
2026-04-30 00:14:52 | INFO |   interaction_fro_error: 0.766119
2026-04-30 00:14:52 | INFO |   estimated_field_max_abs_entry: 57.534685
2026-04-30 00:14:52 | INFO |   estimated_field_rank: 3.000000
2026-04-30 00:14:52 | INFO |   true_field_max_abs_entry: 0.000000
2026-04-30 00:14:52 | INFO |   true_field_rank: 0.000000
2026-04-30 00:14:52 | INFO | Saved summary table to /orcd/home/002/phevosp/MPLE-Causal-Inference/experiments/SyntheticHybridExperiments/hybrid_us_county_intervention_uscounty_graph_base/fits/alternating_rank_3_uv_5_e4_beta_mask/mple_summary.csv
2026-04-30 00:14:52 | INFO | Log saved to /orcd/home/002/phevosp/MPLE-Causal-Inference/experiments/SyntheticHybridExperiments/hybrid_us_county_intervention_uscounty_graph_base/fits/alternating_rank_3_uv_5_e4_beta_mask/mple.log
