2026-04-30 23:43:32 | INFO | Loading data...
2026-04-30 23:43:32 | INFO | Using panel artifact: /orcd/home/002/phevosp/MPLE-Causal-Inference/experiments/SyntheticHybridExperiments/r5_c1_hybrid_us_county_intervention_uscounty_graph_kernel_confounding/panel_data.npz
2026-04-30 23:43:32 | INFO | Using x_0 artifact: /orcd/home/002/phevosp/MPLE-Causal-Inference/experiments/SyntheticHybridExperiments/r5_c1_hybrid_us_county_intervention_uscounty_graph_kernel_confounding/x_0.npy
2026-04-30 23:43:32 | INFO | Using fit config: /orcd/home/002/phevosp/MPLE-Causal-Inference/experiments/SyntheticHybridExperiments/r5_c1_hybrid_us_county_intervention_uscounty_graph_kernel_confounding/cv_runs/alternating_uv_grid/candidates/alternating_uv_grid_candidate_0005/fold_3/fit_realized_config.yaml
2026-04-30 23:43:32 | INFO | Using model artifact directory: /orcd/home/002/phevosp/MPLE-Causal-Inference/experiments/SyntheticHybridExperiments/r5_c1_hybrid_us_county_intervention_uscounty_graph_kernel_confounding
2026-04-30 23:43:32 | INFO | Using truth artifact directory: /orcd/home/002/phevosp/MPLE-Causal-Inference/experiments/SyntheticHybridExperiments/r5_c1_hybrid_us_county_intervention_uscounty_graph_kernel_confounding
2026-04-30 23:43:32 | INFO | Using loss mask artifact: /orcd/home/002/phevosp/MPLE-Causal-Inference/experiments/SyntheticHybridExperiments/r5_c1_hybrid_us_county_intervention_uscounty_graph_kernel_confounding/cv_runs/alternating_uv_grid/candidates/alternating_uv_grid_candidate_0005/fold_3/loss_mask.npy
2026-04-30 23:43:32 | INFO | Configured optimizer mode: alternating_latent_rank
2026-04-30 23:43:32 | INFO | Configured latent rank: 5
2026-04-30 23:43:32 | INFO | Using a fixed known graph with scalar xi.
2026-04-30 23:43:32 | INFO | Fit-time hard bounds active: False
2026-04-30 23:43:32 | INFO | Fixed scalar parameters: {}
2026-04-30 23:43:32 | INFO | Warm-start fixed scalars: {} for 0 steps
2026-04-30 23:43:32 | INFO | Beta mask before s: True with s=55
2026-04-30 23:43:32 | INFO | Beta mask after e: True with e=120
2026-04-30 23:43:32 | INFO | Alternating V-column L2-ball constraint active with radius 1.0
2026-04-30 23:43:32 | INFO | Optimizer settings: steps=2000, tol=1e-07, n_starts=1, seed=0, lambda_nuclear=0.0, lambda_frobenius=0.0, lambda_uv_ridge=0.05, v_column_l2_max=1.0, proximal_lr=1.0
2026-04-30 23:43:32 | INFO | Alternating low-rank start 1/1 | seed=0 | initial_loss=0.697220 | initial_penalized=0.697222
2026-04-30 23:43:32 | INFO | Alternating low-rank iter 0 | Loss: 0.591968 | Penalized: 0.594817
2026-04-30 23:43:43 | INFO | Alternating low-rank iter 100 | Loss: 0.536124 | Penalized: 0.548464
2026-04-30 23:43:49 | INFO | Done fitting.
2026-04-30 23:43:49 | INFO | Optimizer status: CONVERGED: alternating objective tolerance reached
2026-04-30 23:43:49 | INFO | Best optimizer start: 1 / 1
2026-04-30 23:43:49 | INFO | Final Loss: 0.536104
2026-04-30 23:43:49 | INFO | Estimated vs True Parameters:
2026-04-30 23:43:49 | INFO |   beta: -0.2031 (True: -0.3000) | SQE: 0.009384
2026-04-30 23:43:49 | INFO |   xi: 0.8887 (True: 0.8000) | SQE: 0.007874
2026-04-30 23:43:49 | INFO |   eta: 0.2894 (True: 0.3000) | SQE: 0.000113
2026-04-30 23:43:49 | INFO | Alternating low-rank optimizer diagnostics:
2026-04-30 23:43:49 | INFO |   penalized_objective: 0.548429
2026-04-30 23:43:49 | INFO |   mple_loss_without_penalty: 0.536104
2026-04-30 23:43:49 | INFO |   lambda_uv_ridge: 0.050000
2026-04-30 23:43:49 | INFO |   u_frobenius_norm: 262.306789
2026-04-30 23:43:49 | INFO |   v_frobenius_norm: 2.236068
2026-04-30 23:43:49 | INFO |   effective_rank: 5.000000
2026-04-30 23:43:49 | INFO | Field and interaction diagnostics:
2026-04-30 23:43:49 | INFO |   field_rmse: 0.334434
2026-04-30 23:43:49 | INFO |   interaction_fro_error: 0.981805
2026-04-30 23:43:49 | INFO |   estimated_field_max_abs_entry: 2.641252
2026-04-30 23:43:49 | INFO |   estimated_field_rank: 5.000000
2026-04-30 23:43:49 | INFO |   true_field_max_abs_entry: 2.906201
2026-04-30 23:43:49 | INFO |   true_field_rank: 5.000000
2026-04-30 23:43:49 | INFO | Saved summary table to /orcd/home/002/phevosp/MPLE-Causal-Inference/experiments/SyntheticHybridExperiments/r5_c1_hybrid_us_county_intervention_uscounty_graph_kernel_confounding/cv_runs/alternating_uv_grid/candidates/alternating_uv_grid_candidate_0005/fold_3/mple_summary.csv
2026-04-30 23:43:49 | INFO | Log saved to /orcd/home/002/phevosp/MPLE-Causal-Inference/experiments/SyntheticHybridExperiments/r5_c1_hybrid_us_county_intervention_uscounty_graph_kernel_confounding/cv_runs/alternating_uv_grid/candidates/alternating_uv_grid_candidate_0005/fold_3/mple.log
