2026-08-24 20:51:29 | INFO | Starting SNN fit in /orcd/home/002/phevosp/MPLE-Causal-Inference/experiments/SyntheticSNN/interference_confounding_beta_020_xi_080/fits/snn_8nn_u_mr1
2026-08-24 20:51:29 | INFO | Resolved SNN parameters: {'n_neighbors': 8, 'weights': 'uniform', 'anchor_solver': 'bitset_exact', 'anchor_max_rows': None, 'anchor_max_cols': None, 'random_splits': False, 'max_rank': 1, 'spectral_t': None, 'linear_span_eps': 0.05, 'subspace_eps': 0.05, 'min_value': None, 'max_value': None}
2026-08-24 20:51:29 | INFO | Loaded panel with shape T=50, N=500
2026-08-24 20:51:29 | INFO | Starting treated completion for 12555 target-missing entries.
2026-08-24 20:51:29 | INFO | treated completion progress: 0/12555 (0.0%)
2026-08-24 20:52:49 | INFO | treated completion progress: 250/12555 (2.0%) elapsed=79.9s eta=3934.5s
2026-08-24 20:54:02 | INFO | treated completion progress: 500/12555 (4.0%) elapsed=153.4s eta=3699.6s
2026-08-24 20:55:19 | INFO | treated completion progress: 750/12555 (6.0%) elapsed=229.7s eta=3614.9s
2026-08-24 20:56:36 | INFO | treated completion progress: 1000/12555 (8.0%) elapsed=307.2s eta=3549.6s
2026-08-24 20:57:42 | INFO | treated completion progress: 1250/12555 (10.0%) elapsed=373.5s eta=3378.2s
2026-08-24 20:58:54 | INFO | treated completion progress: 1500/12555 (11.9%) elapsed=444.8s eta=3278.4s
2026-08-24 21:00:17 | INFO | treated completion progress: 1750/12555 (13.9%) elapsed=527.6s eta=3257.6s
2026-08-24 21:01:31 | INFO | treated completion progress: 2000/12555 (15.9%) elapsed=601.7s eta=3175.5s
2026-08-24 21:02:46 | INFO | treated completion progress: 2250/12555 (17.9%) elapsed=677.5s eta=3103.1s
2026-08-24 21:04:02 | INFO | treated completion progress: 2500/12555 (19.9%) elapsed=753.0s eta=3028.5s
2026-08-24 21:05:24 | INFO | treated completion progress: 2750/12555 (21.9%) elapsed=835.2s eta=2977.8s
2026-08-24 21:06:39 | INFO | treated completion progress: 3000/12555 (23.9%) elapsed=910.3s eta=2899.3s
2026-08-24 21:07:56 | INFO | treated completion progress: 3250/12555 (25.9%) elapsed=987.1s eta=2826.3s
2026-08-24 21:09:18 | INFO | treated completion progress: 3500/12555 (27.9%) elapsed=1068.7s eta=2764.9s
2026-08-24 21:10:35 | INFO | treated completion progress: 3750/12555 (29.9%) elapsed=1146.4s eta=2691.8s
2026-08-24 21:11:53 | INFO | treated completion progress: 4000/12555 (31.9%) elapsed=1224.3s eta=2618.5s
2026-08-24 21:13:09 | INFO | treated completion progress: 4250/12555 (33.9%) elapsed=1299.9s eta=2540.2s
2026-08-24 21:14:27 | INFO | treated completion progress: 4500/12555 (35.8%) elapsed=1377.9s eta=2466.4s
2026-08-24 21:15:40 | INFO | treated completion progress: 4750/12555 (37.8%) elapsed=1451.4s eta=2384.9s
2026-08-24 21:16:55 | INFO | treated completion progress: 5000/12555 (39.8%) elapsed=1526.4s eta=2306.3s
2026-08-24 21:18:09 | INFO | treated completion progress: 5250/12555 (41.8%) elapsed=1600.0s eta=2226.3s
2026-08-24 21:19:30 | INFO | treated completion progress: 5500/12555 (43.8%) elapsed=1680.8s eta=2156.0s
2026-08-24 21:20:38 | INFO | treated completion progress: 5750/12555 (45.8%) elapsed=1749.2s eta=2070.1s
2026-08-24 21:21:53 | INFO | treated completion progress: 6000/12555 (47.8%) elapsed=1823.8s eta=1992.5s
2026-08-24 21:23:11 | INFO | treated completion progress: 6250/12555 (49.8%) elapsed=1902.5s eta=1919.2s
2026-08-24 21:24:36 | INFO | treated completion progress: 6500/12555 (51.8%) elapsed=1986.8s eta=1850.8s
2026-08-24 21:25:52 | INFO | treated completion progress: 6750/12555 (53.8%) elapsed=2063.3s eta=1774.4s
2026-08-24 21:26:57 | INFO | treated completion progress: 7000/12555 (55.8%) elapsed=2128.0s eta=1688.7s
2026-08-24 21:28:16 | INFO | treated completion progress: 7250/12555 (57.7%) elapsed=2207.1s eta=1615.0s
2026-08-24 21:29:29 | INFO | treated completion progress: 7500/12555 (59.7%) elapsed=2279.8s eta=1536.6s
2026-08-24 21:30:38 | INFO | treated completion progress: 7750/12555 (61.7%) elapsed=2349.0s eta=1456.4s
2026-08-24 21:31:51 | INFO | treated completion progress: 8000/12555 (63.7%) elapsed=2422.0s eta=1379.0s
2026-08-24 21:33:04 | INFO | treated completion progress: 8250/12555 (65.7%) elapsed=2495.5s eta=1302.2s
2026-08-24 21:34:10 | INFO | treated completion progress: 8500/12555 (67.7%) elapsed=2561.2s eta=1221.8s
2026-08-24 21:35:28 | INFO | treated completion progress: 8750/12555 (69.7%) elapsed=2638.9s eta=1147.5s
2026-08-24 21:36:48 | INFO | treated completion progress: 9000/12555 (71.7%) elapsed=2719.3s eta=1074.1s
2026-08-24 21:38:02 | INFO | treated completion progress: 9250/12555 (73.7%) elapsed=2792.7s eta=997.8s
2026-08-24 21:39:22 | INFO | treated completion progress: 9500/12555 (75.7%) elapsed=2872.9s eta=923.9s
2026-08-24 21:40:47 | INFO | treated completion progress: 9750/12555 (77.7%) elapsed=2958.4s eta=851.1s
2026-08-24 21:42:09 | INFO | treated completion progress: 10000/12555 (79.6%) elapsed=3040.5s eta=776.8s
2026-08-24 21:43:26 | INFO | treated completion progress: 10250/12555 (81.6%) elapsed=3117.0s eta=701.0s
2026-08-24 21:44:39 | INFO | treated completion progress: 10500/12555 (83.6%) elapsed=3190.0s eta=624.3s
2026-08-24 21:45:53 | INFO | treated completion progress: 10750/12555 (85.6%) elapsed=3264.2s eta=548.1s
2026-08-24 21:47:09 | INFO | treated completion progress: 11000/12555 (87.6%) elapsed=3339.7s eta=472.1s
2026-08-24 21:48:23 | INFO | treated completion progress: 11250/12555 (89.6%) elapsed=3414.4s eta=396.1s
2026-08-24 21:49:38 | INFO | treated completion progress: 11500/12555 (91.6%) elapsed=3489.1s eta=320.1s
2026-08-24 21:50:51 | INFO | treated completion progress: 11750/12555 (93.6%) elapsed=3562.0s eta=244.0s
2026-08-24 21:52:01 | INFO | treated completion progress: 12000/12555 (95.6%) elapsed=3632.4s eta=168.0s
2026-08-24 21:53:19 | INFO | treated completion progress: 12250/12555 (97.6%) elapsed=3710.0s eta=92.4s
2026-08-24 21:54:35 | INFO | treated completion progress: 12500/12555 (99.6%) elapsed=3786.4s eta=16.7s
2026-08-24 21:54:51 | INFO | treated completion progress: 12555/12555 (100.0%) elapsed=3802.3s eta=0.0s
2026-08-24 21:54:51 | INFO | treated completion finished.
2026-08-24 21:54:51 | INFO | Starting untreated completion for 12445 target-missing entries.
2026-08-24 21:54:51 | INFO | untreated completion progress: 0/12445 (0.0%)
2026-08-24 21:56:12 | INFO | untreated completion progress: 250/12445 (2.0%) elapsed=81.0s eta=3953.4s
2026-08-24 21:57:33 | INFO | untreated completion progress: 500/12445 (4.0%) elapsed=161.6s eta=3860.8s
2026-08-24 21:58:57 | INFO | untreated completion progress: 750/12445 (6.0%) elapsed=245.6s eta=3829.9s
2026-08-24 22:00:20 | INFO | untreated completion progress: 1000/12445 (8.0%) elapsed=328.4s eta=3758.2s
2026-08-24 22:01:54 | INFO | untreated completion progress: 1250/12445 (10.0%) elapsed=422.7s eta=3785.9s
2026-08-24 22:03:18 | INFO | untreated completion progress: 1500/12445 (12.1%) elapsed=506.9s eta=3698.6s
2026-08-24 22:04:30 | INFO | untreated completion progress: 1750/12445 (14.1%) elapsed=578.3s eta=3534.0s
2026-08-24 22:05:58 | INFO | untreated completion progress: 2000/12445 (16.1%) elapsed=666.9s eta=3483.1s
2026-08-24 22:07:27 | INFO | untreated completion progress: 2250/12445 (18.1%) elapsed=756.2s eta=3426.2s
2026-08-24 22:08:52 | INFO | untreated completion progress: 2500/12445 (20.1%) elapsed=841.1s eta=3346.0s
2026-08-24 22:10:03 | INFO | untreated completion progress: 2750/12445 (22.1%) elapsed=911.8s eta=3214.5s
2026-08-24 22:11:31 | INFO | untreated completion progress: 3000/12445 (24.1%) elapsed=999.5s eta=3146.8s
2026-08-24 22:12:52 | INFO | untreated completion progress: 3250/12445 (26.1%) elapsed=1081.1s eta=3058.6s
2026-08-24 22:14:06 | INFO | untreated completion progress: 3500/12445 (28.1%) elapsed=1154.3s eta=2950.1s
2026-08-24 22:15:25 | INFO | untreated completion progress: 3750/12445 (30.1%) elapsed=1234.1s eta=2861.4s
2026-08-24 22:16:49 | INFO | untreated completion progress: 4000/12445 (32.1%) elapsed=1318.2s eta=2783.1s
2026-08-24 22:18:19 | INFO | untreated completion progress: 4250/12445 (34.2%) elapsed=1407.9s eta=2714.7s
2026-08-24 22:19:40 | INFO | untreated completion progress: 4500/12445 (36.2%) elapsed=1488.8s eta=2628.5s
2026-08-24 22:21:09 | INFO | untreated completion progress: 4750/12445 (38.2%) elapsed=1577.8s eta=2556.0s
2026-08-24 22:22:25 | INFO | untreated completion progress: 5000/12445 (40.2%) elapsed=1653.8s eta=2462.5s
2026-08-24 22:23:48 | INFO | untreated completion progress: 5250/12445 (42.2%) elapsed=1736.8s eta=2380.2s
2026-08-24 22:25:04 | INFO | untreated completion progress: 5500/12445 (44.2%) elapsed=1812.9s eta=2289.2s
2026-08-24 22:26:38 | INFO | untreated completion progress: 5750/12445 (46.2%) elapsed=1907.1s eta=2220.5s
2026-08-24 22:28:04 | INFO | untreated completion progress: 6000/12445 (48.2%) elapsed=1992.7s eta=2140.5s
2026-08-24 22:29:22 | INFO | untreated completion progress: 6250/12445 (50.2%) elapsed=2070.3s eta=2052.0s
2026-08-24 22:30:38 | INFO | untreated completion progress: 6500/12445 (52.2%) elapsed=2146.9s eta=1963.5s
2026-08-24 22:31:59 | INFO | untreated completion progress: 6750/12445 (54.2%) elapsed=2227.7s eta=1879.6s
2026-08-24 22:33:34 | INFO | untreated completion progress: 7000/12445 (56.2%) elapsed=2322.9s eta=1806.9s
2026-08-24 22:34:53 | INFO | untreated completion progress: 7250/12445 (58.3%) elapsed=2401.7s eta=1721.0s
2026-08-24 22:36:20 | INFO | untreated completion progress: 7500/12445 (60.3%) elapsed=2488.3s eta=1640.6s
2026-08-24 22:37:53 | INFO | untreated completion progress: 7750/12445 (62.3%) elapsed=2582.2s eta=1564.3s
2026-08-24 22:39:20 | INFO | untreated completion progress: 8000/12445 (64.3%) elapsed=2668.9s eta=1482.9s
2026-08-24 22:40:48 | INFO | untreated completion progress: 8250/12445 (66.3%) elapsed=2756.6s eta=1401.7s
2026-08-24 22:42:17 | INFO | untreated completion progress: 8500/12445 (68.3%) elapsed=2845.5s eta=1320.7s
2026-08-24 22:43:36 | INFO | untreated completion progress: 8750/12445 (70.3%) elapsed=2924.7s eta=1235.1s
2026-08-24 22:45:01 | INFO | untreated completion progress: 9000/12445 (72.3%) elapsed=3009.6s eta=1152.0s
2026-08-24 22:46:26 | INFO | untreated completion progress: 9250/12445 (74.3%) elapsed=3095.1s eta=1069.1s
2026-08-24 22:47:42 | INFO | untreated completion progress: 9500/12445 (76.3%) elapsed=3170.9s eta=983.0s
2026-08-24 22:48:57 | INFO | untreated completion progress: 9750/12445 (78.3%) elapsed=3245.9s eta=897.2s
2026-08-24 22:50:16 | INFO | untreated completion progress: 10000/12445 (80.4%) elapsed=3324.8s eta=812.9s
2026-08-24 22:51:45 | INFO | untreated completion progress: 10250/12445 (82.4%) elapsed=3414.1s eta=731.1s
2026-08-24 22:53:20 | INFO | untreated completion progress: 10500/12445 (84.4%) elapsed=3508.7s eta=650.0s
2026-08-24 22:54:50 | INFO | untreated completion progress: 10750/12445 (86.4%) elapsed=3598.9s eta=567.5s
2026-08-24 22:56:13 | INFO | untreated completion progress: 11000/12445 (88.4%) elapsed=3681.9s eta=483.7s
2026-08-24 22:57:37 | INFO | untreated completion progress: 11250/12445 (90.4%) elapsed=3766.1s eta=400.0s
2026-08-24 22:59:00 | INFO | untreated completion progress: 11500/12445 (92.4%) elapsed=3848.3s eta=316.2s
2026-08-24 23:00:29 | INFO | untreated completion progress: 11750/12445 (94.4%) elapsed=3937.5s eta=232.9s
2026-08-24 23:02:02 | INFO | untreated completion progress: 12000/12445 (96.4%) elapsed=4030.5s eta=149.5s
2026-08-24 23:03:26 | INFO | untreated completion progress: 12250/12445 (98.4%) elapsed=4115.2s eta=65.5s
2026-08-24 23:04:31 | INFO | untreated completion progress: 12445/12445 (100.0%) elapsed=4179.3s eta=0.0s
2026-08-24 23:04:31 | INFO | untreated completion finished.
2026-08-24 23:04:31 | INFO | Treated stats: observed=12445 target_missing=12555 completed=12555 failed=0
2026-08-24 23:04:31 | INFO | Untreated stats: observed=12555 target_missing=12445 completed=12445 failed=0
2026-08-24 23:04:31 | INFO | Completed SNN fit successfully.
