2026-04-01 10:18:16 | INFO | Loading data...
2026-04-01 10:18:16 | INFO | Loaded 1 field templates and 1 interaction templates.
2026-04-01 10:18:16 | INFO | Running conditional-model MPLE on x with shape=(10, 1000)
2026-04-01 10:18:16 | INFO | Eval 0  |  Loss: 0.635668
2026-04-01 10:18:16 | INFO |   field::intercept: +0.0126,  beta: -0.0132,  interaction::adjacency: +0.0640,  eta: +0.0105,  zeta: -0.0536,  psi: +0.0362
2026-04-01 10:18:17 | INFO | Done fitting.
2026-04-01 10:18:17 | INFO | Optimizer status: CONVERGENCE: RELATIVE REDUCTION OF F <= FACTR*EPSMCH
2026-04-01 10:18:17 | INFO | Final Loss: 0.151073
2026-04-01 10:18:17 | INFO | Estimated vs True Parameters:
2026-04-01 10:18:17 | INFO |   field::intercept: 3.8904 (True: 1.0000)
2026-04-01 10:18:17 | INFO |   field::intercept SQE: 8.354327
2026-04-01 10:18:17 | INFO |   beta: 3.9700 (True: 1.1000)
2026-04-01 10:18:17 | INFO |   beta SQE: 8.236616
2026-04-01 10:18:17 | INFO |   interaction::adjacency: 1.9140 (True: 2.0000)
2026-04-01 10:18:17 | INFO |   interaction::adjacency SQE: 0.007397
2026-04-01 10:18:17 | INFO |   eta: 0.6531 (True: 0.7000)
2026-04-01 10:18:17 | INFO |   eta SQE: 0.002195
2026-04-01 10:18:17 | INFO |   zeta: -1.0432 (True: -1.0000)
2026-04-01 10:18:17 | INFO |   zeta SQE: 0.001868
2026-04-01 10:18:17 | INFO |   psi: 0.4046 (True: 0.4000)
2026-04-01 10:18:17 | INFO |   psi SQE: 0.000021
2026-04-01 10:18:17 | INFO | Saved summary tables to C:\Users\phevo\Documents\MIT\Code\MPLE-Causal-Inference\experiments\n1000_t10_low_temp_fro_small_uniform_known_graph_20260331_230732\mple_summary.csv and C:\Users\phevo\Documents\MIT\Code\MPLE-Causal-Inference\experiments\n1000_t10_low_temp_fro_small_uniform_known_graph_20260331_230732\mple_summary.md
2026-04-01 10:18:17 | INFO | Log saved to C:\Users\phevo\Documents\MIT\Code\MPLE-Causal-Inference\experiments\n1000_t10_low_temp_fro_small_uniform_known_graph_20260331_230732\mple.log
