2026-05-01 08:26:31 | INFO | Loading data...
2026-05-01 08:26:31 | INFO | Using panel artifact: /orcd/home/002/phevosp/MPLE-Causal-Inference/experiments/SyntheticHybridExperiments/spectral_low_rank/panel_data.npz
2026-05-01 08:26:31 | INFO | Using x_0 artifact: /orcd/home/002/phevosp/MPLE-Causal-Inference/experiments/SyntheticHybridExperiments/spectral_low_rank/x_0.npy
2026-05-01 08:26:31 | INFO | Using fit config: /orcd/home/002/phevosp/MPLE-Causal-Inference/experiments/SyntheticHybridExperiments/spectral_low_rank/cv_runs/alternating_uv_grid/candidates/alternating_uv_grid_candidate_0001/fold_4/fit_realized_config.yaml
2026-05-01 08:26:31 | INFO | Using model artifact directory: /orcd/home/002/phevosp/MPLE-Causal-Inference/experiments/SyntheticHybridExperiments/spectral_low_rank
2026-05-01 08:26:31 | INFO | Using truth artifact directory: /orcd/home/002/phevosp/MPLE-Causal-Inference/experiments/SyntheticHybridExperiments/spectral_low_rank
2026-05-01 08:26:31 | INFO | Using loss mask artifact: /orcd/home/002/phevosp/MPLE-Causal-Inference/experiments/SyntheticHybridExperiments/spectral_low_rank/cv_runs/alternating_uv_grid/candidates/alternating_uv_grid_candidate_0001/fold_4/loss_mask.npy
2026-05-01 08:26:31 | INFO | Configured optimizer mode: alternating_latent_rank
2026-05-01 08:26:31 | INFO | Configured latent rank: 3
2026-05-01 08:26:31 | INFO | Using a fixed known graph with scalar xi.
2026-05-01 08:26:31 | INFO | Fit-time hard bounds active: False
2026-05-01 08:26:31 | INFO | Fixed scalar parameters: {}
2026-05-01 08:26:31 | INFO | Warm-start fixed scalars: {} for 0 steps
2026-05-01 08:26:31 | INFO | Beta mask before s: False with s=0
2026-05-01 08:26:31 | INFO | Beta mask after e: False with e=11
2026-05-01 08:26:31 | INFO | Alternating V-column L2-ball constraint active with radius 1.0
2026-05-01 08:26:31 | INFO | Optimizer settings: steps=2000, tol=1e-07, n_starts=1, seed=0, lambda_nuclear=0.0, lambda_frobenius=0.0, lambda_uv_ridge=0.001, v_column_l2_max=1.0, proximal_lr=1.0
2026-05-01 08:26:31 | INFO | Alternating low-rank start 1/1 | seed=0 | initial_loss=0.832382 | initial_penalized=0.832384
2026-05-01 08:26:31 | INFO | Alternating low-rank iter 0 | Loss: 0.626476 | Penalized: 0.626812
2026-05-01 08:26:31 | INFO | Alternating low-rank iter 100 | Loss: 0.253740 | Penalized: 0.277081
2026-05-01 08:26:32 | INFO | Alternating low-rank iter 200 | Loss: 0.240654 | Penalized: 0.269566
2026-05-01 08:26:33 | INFO | Alternating low-rank iter 300 | Loss: 0.235866 | Penalized: 0.266594
2026-05-01 08:26:34 | INFO | Alternating low-rank iter 400 | Loss: 0.231397 | Penalized: 0.262929
2026-05-01 08:26:35 | INFO | Alternating low-rank iter 500 | Loss: 0.227378 | Penalized: 0.259800
2026-05-01 08:26:35 | INFO | Alternating low-rank iter 600 | Loss: 0.224667 | Penalized: 0.257839
2026-05-01 08:26:36 | INFO | Alternating low-rank iter 700 | Loss: 0.222858 | Penalized: 0.256646
2026-05-01 08:26:37 | INFO | Alternating low-rank iter 800 | Loss: 0.221710 | Penalized: 0.255952
2026-05-01 08:26:37 | INFO | Alternating low-rank iter 900 | Loss: 0.221017 | Penalized: 0.255551
2026-05-01 08:26:38 | INFO | Alternating low-rank iter 1000 | Loss: 0.220590 | Penalized: 0.255275
2026-05-01 08:26:38 | INFO | Alternating low-rank iter 1100 | Loss: 0.220257 | Penalized: 0.254985
2026-05-01 08:26:39 | INFO | Alternating low-rank iter 1200 | Loss: 0.219810 | Penalized: 0.254557
2026-05-01 08:26:40 | INFO | Alternating low-rank iter 1300 | Loss: 0.219457 | Penalized: 0.254237
2026-05-01 08:26:40 | INFO | Alternating low-rank iter 1400 | Loss: 0.219218 | Penalized: 0.254014
2026-05-01 08:26:41 | INFO | Alternating low-rank iter 1500 | Loss: 0.219021 | Penalized: 0.253838
2026-05-01 08:26:42 | INFO | Alternating low-rank iter 1600 | Loss: 0.218850 | Penalized: 0.253697
2026-05-01 08:26:42 | INFO | Alternating low-rank iter 1700 | Loss: 0.218711 | Penalized: 0.253590
2026-05-01 08:26:43 | INFO | Alternating low-rank iter 1800 | Loss: 0.218604 | Penalized: 0.253510
2026-05-01 08:26:44 | INFO | Alternating low-rank iter 1900 | Loss: 0.218521 | Penalized: 0.253446
2026-05-01 08:26:44 | INFO | Done fitting.
2026-05-01 08:26:44 | INFO | Optimizer status: STOP: TOTAL NO. OF ITERATIONS REACHED LIMIT
2026-05-01 08:26:44 | INFO | Best optimizer start: 1 / 1
2026-05-01 08:26:44 | INFO | Final Loss: 0.218459
2026-05-01 08:26:44 | INFO | Estimated vs True Parameters:
2026-05-01 08:26:44 | INFO |   beta: -0.6625 (True: -0.3000) | SQE: 0.131375
2026-05-01 08:26:44 | INFO |   xi: 0.4349 (True: 0.8000) | SQE: 0.133277
2026-05-01 08:26:44 | INFO |   eta: 0.2468 (True: 0.3000) | SQE: 0.002834
2026-05-01 08:26:44 | INFO | Alternating low-rank optimizer diagnostics:
2026-05-01 08:26:44 | INFO |   penalized_objective: 0.253394
2026-05-01 08:26:44 | INFO |   mple_loss_without_penalty: 0.218459
2026-05-01 08:26:44 | INFO |   lambda_uv_ridge: 0.001000
2026-05-01 08:26:44 | INFO |   u_frobenius_norm: 321.894092
2026-05-01 08:26:44 | INFO |   v_frobenius_norm: 1.732051
2026-05-01 08:26:44 | INFO |   effective_rank: 3.000000
2026-05-01 08:26:44 | INFO | Field and interaction diagnostics:
2026-05-01 08:26:44 | INFO |   field_rmse: 2.023519
2026-05-01 08:26:44 | INFO |   interaction_fro_error: 0.964950
2026-05-01 08:26:44 | INFO |   estimated_field_max_abs_entry: 11.373321
2026-05-01 08:26:44 | INFO |   estimated_field_rank: 3.000000
2026-05-01 08:26:44 | INFO |   true_field_max_abs_entry: 2.857994
2026-05-01 08:26:44 | INFO |   true_field_rank: 3.000000
2026-05-01 08:26:44 | INFO | Saved summary table to /orcd/home/002/phevosp/MPLE-Causal-Inference/experiments/SyntheticHybridExperiments/spectral_low_rank/cv_runs/alternating_uv_grid/candidates/alternating_uv_grid_candidate_0001/fold_4/mple_summary.csv
2026-05-01 08:26:44 | INFO | Log saved to /orcd/home/002/phevosp/MPLE-Causal-Inference/experiments/SyntheticHybridExperiments/spectral_low_rank/cv_runs/alternating_uv_grid/candidates/alternating_uv_grid_candidate_0001/fold_4/mple.log
