2026-06-09 16:48:44 | INFO | Loading data...
2026-06-09 16:48:44 | INFO | Using panel artifact: /orcd/home/002/phevosp/MPLE-Causal-Inference/experiments/USCounty/outcome_death_rate_100k_ge_2__intervention_complete_cov_ge_30__lag_2w__distance_kernel_8__start_2020_03_01/panel_data.npz
2026-06-09 16:48:44 | INFO | Using x_0 artifact: /orcd/home/002/phevosp/MPLE-Causal-Inference/experiments/USCounty/outcome_death_rate_100k_ge_2__intervention_complete_cov_ge_30__lag_2w__distance_kernel_8__start_2020_03_01/x_0.npy
2026-06-09 16:48:44 | INFO | Using fit config: /orcd/home/002/phevosp/MPLE-Causal-Inference/experiments/USCounty/outcome_death_rate_100k_ge_2__intervention_complete_cov_ge_30__lag_2w__distance_kernel_8__start_2020_03_01/cv_runs/default/candidates/default_candidate_0002/fold_1/fit_realized_config.yaml
2026-06-09 16:48:44 | INFO | Using model artifact directory: /orcd/home/002/phevosp/MPLE-Causal-Inference/experiments/USCounty/outcome_death_rate_100k_ge_2__intervention_complete_cov_ge_30__lag_2w__distance_kernel_8__start_2020_03_01
2026-06-09 16:48:44 | INFO | Using truth artifact directory: /orcd/home/002/phevosp/MPLE-Causal-Inference/experiments/USCounty/outcome_death_rate_100k_ge_2__intervention_complete_cov_ge_30__lag_2w__distance_kernel_8__start_2020_03_01
2026-06-09 16:48:44 | INFO | Using loss mask artifact: /orcd/home/002/phevosp/MPLE-Causal-Inference/experiments/USCounty/outcome_death_rate_100k_ge_2__intervention_complete_cov_ge_30__lag_2w__distance_kernel_8__start_2020_03_01/cv_runs/default/candidates/default_candidate_0002/fold_1/loss_mask.npy
2026-06-09 16:48:44 | INFO | Configured optimizer mode: alternating_latent_rank
2026-06-09 16:48:44 | INFO | Configured latent rank: 3
2026-06-09 16:48:44 | INFO | Using a fixed known graph with scalar xi.
2026-06-09 16:48:44 | INFO | Fit-time hard bounds active: False
2026-06-09 16:48:44 | INFO | Fixed scalar parameters: {}
2026-06-09 16:48:44 | INFO | Warm-start fixed scalars: {} for 0 steps
2026-06-09 16:48:44 | INFO | Beta-gradient mask before s: True with s=50
2026-06-09 16:48:44 | INFO | Beta-gradient mask after e: True with e=115
2026-06-09 16:48:44 | INFO | Alternating V-column L2-ball constraint active with radius 1.0
2026-06-09 16:48:44 | INFO | Optimizer settings: steps=2000, tol=1e-07, n_starts=1, seed=0, lambda_nuclear=0.0, lambda_frobenius=0.0, lambda_uv_ridge=0.005, v_column_l2_max=1.0, proximal_lr=1.0
2026-06-09 16:48:44 | INFO | Alternating low-rank start 1/1 | seed=0 | initial_loss=0.675084 | initial_penalized=0.675084
2026-06-09 16:48:44 | INFO | Alternating low-rank iter 0 | Loss: 0.456255 | Penalized: 0.456522
2026-06-09 16:49:01 | INFO | Alternating low-rank iter 100 | Loss: 0.410337 | Penalized: 0.413800
2026-06-09 16:49:17 | INFO | Alternating low-rank iter 200 | Loss: 0.409935 | Penalized: 0.413485
2026-06-09 16:49:35 | INFO | Alternating low-rank iter 300 | Loss: 0.409874 | Penalized: 0.413416
2026-06-09 16:49:52 | INFO | Alternating low-rank iter 400 | Loss: 0.409862 | Penalized: 0.413396
2026-06-09 16:50:09 | INFO | Alternating low-rank iter 500 | Loss: 0.409853 | Penalized: 0.413384
2026-06-09 16:50:26 | INFO | Alternating low-rank iter 600 | Loss: 0.409843 | Penalized: 0.413374
2026-06-09 16:50:43 | INFO | Alternating low-rank iter 700 | Loss: 0.409822 | Penalized: 0.413356
2026-06-09 16:51:01 | INFO | Alternating low-rank iter 800 | Loss: 0.409739 | Penalized: 0.413288
2026-06-09 16:51:18 | INFO | Alternating low-rank iter 900 | Loss: 0.409602 | Penalized: 0.413174
2026-06-09 16:51:31 | INFO | Alternating low-rank iter 1000 | Loss: 0.409567 | Penalized: 0.413135
2026-06-09 16:51:34 | INFO | Done fitting.
2026-06-09 16:51:34 | INFO | Optimizer status: CONVERGED: alternating objective tolerance reached
2026-06-09 16:51:34 | INFO | Best optimizer start: 1 / 1
2026-06-09 16:51:34 | INFO | Final Loss: 0.409565
2026-06-09 16:51:34 | INFO | Estimated Parameters:
2026-06-09 16:51:34 | INFO |   beta: -0.0403
2026-06-09 16:51:34 | INFO |   xi: 1.3165
2026-06-09 16:51:34 | INFO |   eta: 0.1065
2026-06-09 16:51:34 | INFO | Alternating low-rank optimizer diagnostics:
2026-06-09 16:51:34 | INFO |   penalized_objective: 0.413133
2026-06-09 16:51:34 | INFO |   mple_loss_without_penalty: 0.409565
2026-06-09 16:51:34 | INFO |   lambda_uv_ridge: 0.005000
2026-06-09 16:51:34 | INFO |   u_frobenius_norm: 452.892151
2026-06-09 16:51:34 | INFO |   v_frobenius_norm: 1.732051
2026-06-09 16:51:34 | INFO |   effective_rank: 3.000000
2026-06-09 16:51:34 | INFO | Field and interaction diagnostics:
2026-06-09 16:51:34 | INFO |   estimated_field_max_abs_entry: 6.489101
2026-06-09 16:51:34 | INFO |   estimated_field_rank: 3.000000
2026-06-09 16:51:34 | INFO | Saved summary table to /orcd/home/002/phevosp/MPLE-Causal-Inference/experiments/USCounty/outcome_death_rate_100k_ge_2__intervention_complete_cov_ge_30__lag_2w__distance_kernel_8__start_2020_03_01/cv_runs/default/candidates/default_candidate_0002/fold_1/mple_summary.csv
2026-06-09 16:51:34 | INFO | Log saved to /orcd/home/002/phevosp/MPLE-Causal-Inference/experiments/USCounty/outcome_death_rate_100k_ge_2__intervention_complete_cov_ge_30__lag_2w__distance_kernel_8__start_2020_03_01/cv_runs/default/candidates/default_candidate_0002/fold_1/mple.log
