2026-04-07 11:39:13 | INFO | Loading data...
2026-04-07 11:39:13 | INFO | Loaded 6 field templates and 1 interaction templates.
2026-04-07 11:39:13 | INFO | Intervention-process model enabled: True
2026-04-07 11:39:13 | INFO | Tau zero-mean enabled: True
2026-04-07 11:39:13 | INFO | Tau smoothness lambda: 0.000000
2026-04-07 11:39:13 | INFO | Running conditional-model MPLE on x with shape=(70, 3203)
2026-04-07 11:39:13 | INFO | Eval 0  |  Loss: 0.690457
2026-04-07 11:39:13 | INFO |   field::log_population: +0.0126,  field::median_household_income: -0.0132,  field::poverty_rate: +0.0640,  field::pct_black: +0.0105,  field::pct_hispanic: -0.0536,  field::pct_in_labor_force: +0.0362,  tau block: mean=-0.0000, std=0.0990, min=-0.2421, max=+0.1864,  beta: -0.0662,  interaction::contiguity: +0.0935,  eta: +0.0049,  zeta: +0.2002,  psi: +0.0189
2026-04-07 11:39:15 | INFO | Done fitting.
2026-04-07 11:39:15 | INFO | Optimizer status: CONVERGENCE: RELATIVE REDUCTION OF F <= FACTR*EPSMCH
2026-04-07 11:39:15 | INFO | Final Loss: 0.289130
2026-04-07 11:39:15 | INFO | Estimated Parameters:
2026-04-07 11:39:15 | INFO |   field::log_population: 0.9536
2026-04-07 11:39:15 | INFO |   field::median_household_income: -1.1317
2026-04-07 11:39:15 | INFO |   field::poverty_rate: -0.5704
2026-04-07 11:39:15 | INFO |   field::pct_black: -0.1252
2026-04-07 11:39:15 | INFO |   field::pct_hispanic: -0.3120
2026-04-07 11:39:15 | INFO |   field::pct_in_labor_force: 0.0436
2026-04-07 11:39:15 | INFO |   tau::t_0: 0.0733
2026-04-07 11:39:15 | INFO |   tau::t_1: 0.0524
2026-04-07 11:39:15 | INFO |   tau::t_2: 0.0434
2026-04-07 11:39:15 | INFO |   tau::t_3: 0.0364
2026-04-07 11:39:15 | INFO |   tau::t_4: -0.0303
2026-04-07 11:39:15 | INFO |   tau::t_5: -0.1276
2026-04-07 11:39:15 | INFO |   tau::t_6: -0.0549
2026-04-07 11:39:15 | INFO |   tau::t_7: -0.1039
2026-04-07 11:39:15 | INFO |   tau::t_8: -0.1734
2026-04-07 11:39:15 | INFO |   tau::t_9: -0.2287
2026-04-07 11:39:15 | INFO |   tau::t_10: -0.2274
2026-04-07 11:39:15 | INFO |   tau::t_11: -0.2590
2026-04-07 11:39:15 | INFO |   tau::t_12: -0.2236
2026-04-07 11:39:15 | INFO |   tau::t_13: -0.2008
2026-04-07 11:39:15 | INFO |   tau::t_14: -0.2284
2026-04-07 11:39:15 | INFO |   tau::t_15: -0.2140
2026-04-07 11:39:15 | INFO |   tau::t_16: -0.1826
2026-04-07 11:39:15 | INFO |   tau::t_17: -0.1874
2026-04-07 11:39:15 | INFO |   tau::t_18: -0.1892
2026-04-07 11:39:15 | INFO |   tau::t_19: -0.1079
2026-04-07 11:39:15 | INFO |   tau::t_20: -0.2464
2026-04-07 11:39:15 | INFO |   tau::t_21: -0.1964
2026-04-07 11:39:15 | INFO |   tau::t_22: -0.2938
2026-04-07 11:39:15 | INFO |   tau::t_23: -0.2837
2026-04-07 11:39:15 | INFO |   tau::t_24: -0.2965
2026-04-07 11:39:15 | INFO |   tau::t_25: -0.3450
2026-04-07 11:39:15 | INFO |   tau::t_26: -0.2591
2026-04-07 11:39:15 | INFO |   tau::t_27: -0.2525
2026-04-07 11:39:15 | INFO |   tau::t_28: -0.2156
2026-04-07 11:39:15 | INFO |   tau::t_29: -0.1121
2026-04-07 11:39:15 | INFO |   tau::t_30: -0.0467
2026-04-07 11:39:15 | INFO |   tau::t_31: 0.0172
2026-04-07 11:39:15 | INFO |   tau::t_32: 0.0660
2026-04-07 11:39:15 | INFO |   tau::t_33: 0.0834
2026-04-07 11:39:15 | INFO |   tau::t_34: 0.1133
2026-04-07 11:39:15 | INFO |   tau::t_35: 0.2197
2026-04-07 11:39:15 | INFO |   tau::t_36: 0.2208
2026-04-07 11:39:15 | INFO |   tau::t_37: 0.2361
2026-04-07 11:39:15 | INFO |   tau::t_38: 0.1833
2026-04-07 11:39:15 | INFO |   tau::t_39: 0.1809
2026-04-07 11:39:15 | INFO |   tau::t_40: 0.2158
2026-04-07 11:39:15 | INFO |   tau::t_41: 0.1932
2026-04-07 11:39:15 | INFO |   tau::t_42: 0.1305
2026-04-07 11:39:15 | INFO |   tau::t_43: 0.1363
2026-04-07 11:39:15 | INFO |   tau::t_44: 0.1518
2026-04-07 11:39:15 | INFO |   tau::t_45: -0.0002
2026-04-07 11:39:15 | INFO |   tau::t_46: 0.2371
2026-04-07 11:39:15 | INFO |   tau::t_47: 0.1618
2026-04-07 11:39:15 | INFO |   tau::t_48: 0.1551
2026-04-07 11:39:15 | INFO |   tau::t_49: 0.1135
2026-04-07 11:39:15 | INFO |   tau::t_50: 0.1437
2026-04-07 11:39:15 | INFO |   tau::t_51: 0.2205
2026-04-07 11:39:15 | INFO |   tau::t_52: 0.2106
2026-04-07 11:39:15 | INFO |   tau::t_53: 0.2401
2026-04-07 11:39:15 | INFO |   tau::t_54: 0.3038
2026-04-07 11:39:15 | INFO |   tau::t_55: 0.3430
2026-04-07 11:39:15 | INFO |   tau::t_56: 0.3300
2026-04-07 11:39:15 | INFO |   tau::t_57: 0.3046
2026-04-07 11:39:15 | INFO |   tau::t_58: 0.2371
2026-04-07 11:39:15 | INFO |   tau::t_59: 0.1941
2026-04-07 11:39:15 | INFO |   tau::t_60: 0.1231
2026-04-07 11:39:15 | INFO |   tau::t_61: 0.1182
2026-04-07 11:39:15 | INFO |   tau::t_62: 0.0451
2026-04-07 11:39:15 | INFO |   tau::t_63: -0.0030
2026-04-07 11:39:15 | INFO |   tau::t_64: -0.0686
2026-04-07 11:39:15 | INFO |   tau::t_65: -0.0305
2026-04-07 11:39:15 | INFO |   tau::t_66: -0.1264
2026-04-07 11:39:15 | INFO |   tau::t_67: -0.1167
2026-04-07 11:39:15 | INFO |   tau::t_68: -0.0076
2026-04-07 11:39:15 | INFO |   tau::t_69: -0.1955
2026-04-07 11:39:15 | INFO |   beta: -0.1351
2026-04-07 11:39:15 | INFO |   interaction::contiguity: 1.5883
2026-04-07 11:39:15 | INFO |   eta: 0.2438
2026-04-07 11:39:15 | INFO |   zeta: -0.2161
2026-04-07 11:39:15 | INFO |   psi: 2.1304
2026-04-07 11:39:15 | INFO | Saved summary tables to C:\Users\phevo\Documents\MIT\Code\MPLE-Causal-Inference\experiments\USCountyVaccination_US_tau_zero_mean\outcome_death_rate_100k_ge_2__intervention_complete_cov_ge_30__lag_0w__contiguity\mple_summary.csv and C:\Users\phevo\Documents\MIT\Code\MPLE-Causal-Inference\experiments\USCountyVaccination_US_tau_zero_mean\outcome_death_rate_100k_ge_2__intervention_complete_cov_ge_30__lag_0w__contiguity\mple_summary.md
2026-04-07 11:39:16 | INFO | Log saved to C:\Users\phevo\Documents\MIT\Code\MPLE-Causal-Inference\experiments\USCountyVaccination_US_tau_zero_mean\outcome_death_rate_100k_ge_2__intervention_complete_cov_ge_30__lag_0w__contiguity\mple.log
