2026-06-09 20:50:42 | INFO | Loading data...
2026-06-09 20:50:42 | INFO | Using panel artifact: /orcd/home/002/phevosp/MPLE-Causal-Inference/experiments/USCounty/outcome_death_rate_100k_ge_2__intervention_complete_cov_ge_30__lag_2w__distance_kernel_8__start_2020_03_01/panel_data.npz
2026-06-09 20:50:42 | INFO | Using x_0 artifact: /orcd/home/002/phevosp/MPLE-Causal-Inference/experiments/USCounty/outcome_death_rate_100k_ge_2__intervention_complete_cov_ge_30__lag_2w__distance_kernel_8__start_2020_03_01/x_0.npy
2026-06-09 20:50:42 | INFO | Using fit config: /orcd/home/002/phevosp/MPLE-Causal-Inference/experiments/USCounty/outcome_death_rate_100k_ge_2__intervention_complete_cov_ge_30__lag_2w__distance_kernel_8__start_2020_03_01/cv_runs/default/candidates/default_candidate_0011/fold_1/fit_realized_config.yaml
2026-06-09 20:50:42 | INFO | Using model artifact directory: /orcd/home/002/phevosp/MPLE-Causal-Inference/experiments/USCounty/outcome_death_rate_100k_ge_2__intervention_complete_cov_ge_30__lag_2w__distance_kernel_8__start_2020_03_01
2026-06-09 20:50:42 | INFO | Using truth artifact directory: /orcd/home/002/phevosp/MPLE-Causal-Inference/experiments/USCounty/outcome_death_rate_100k_ge_2__intervention_complete_cov_ge_30__lag_2w__distance_kernel_8__start_2020_03_01
2026-06-09 20:50:42 | INFO | Using loss mask artifact: /orcd/home/002/phevosp/MPLE-Causal-Inference/experiments/USCounty/outcome_death_rate_100k_ge_2__intervention_complete_cov_ge_30__lag_2w__distance_kernel_8__start_2020_03_01/cv_runs/default/candidates/default_candidate_0011/fold_1/loss_mask.npy
2026-06-09 20:50:42 | INFO | Configured optimizer mode: alternating_latent_rank
2026-06-09 20:50:42 | INFO | Configured latent rank: 5
2026-06-09 20:50:42 | INFO | Using a fixed known graph with scalar xi.
2026-06-09 20:50:42 | INFO | Fit-time hard bounds active: False
2026-06-09 20:50:42 | INFO | Fixed scalar parameters: {}
2026-06-09 20:50:42 | INFO | Warm-start fixed scalars: {} for 0 steps
2026-06-09 20:50:42 | INFO | Beta-gradient mask before s: True with s=50
2026-06-09 20:50:42 | INFO | Beta-gradient mask after e: True with e=115
2026-06-09 20:50:42 | INFO | Alternating V-column L2-ball constraint active with radius 1.0
2026-06-09 20:50:42 | INFO | Optimizer settings: steps=2000, tol=1e-07, n_starts=1, seed=0, lambda_nuclear=0.0, lambda_frobenius=0.0, lambda_uv_ridge=0.1, v_column_l2_max=1.0, proximal_lr=1.0
2026-06-09 20:50:42 | INFO | Alternating low-rank start 1/1 | seed=0 | initial_loss=0.826191 | initial_penalized=0.826195
2026-06-09 20:50:42 | INFO | Alternating low-rank iter 0 | Loss: 0.449190 | Penalized: 0.454342
2026-06-09 20:50:55 | INFO | Alternating low-rank iter 100 | Loss: 0.408330 | Penalized: 0.423805
2026-06-09 20:51:08 | INFO | Alternating low-rank iter 200 | Loss: 0.408109 | Penalized: 0.423772
2026-06-09 20:51:21 | INFO | Alternating low-rank iter 300 | Loss: 0.407960 | Penalized: 0.423748
2026-06-09 20:51:34 | INFO | Alternating low-rank iter 400 | Loss: 0.407848 | Penalized: 0.423722
2026-06-09 20:51:46 | INFO | Alternating low-rank iter 500 | Loss: 0.407797 | Penalized: 0.423703
2026-06-09 20:51:49 | INFO | Done fitting.
2026-06-09 20:51:49 | INFO | Optimizer status: CONVERGED: alternating objective tolerance reached
2026-06-09 20:51:49 | INFO | Best optimizer start: 1 / 1
2026-06-09 20:51:49 | INFO | Final Loss: 0.407792
2026-06-09 20:51:49 | INFO | Estimated Parameters:
2026-06-09 20:51:49 | INFO |   beta: -0.0182
2026-06-09 20:51:49 | INFO |   xi: 1.5575
2026-06-09 20:51:49 | INFO |   eta: 0.1668
2026-06-09 20:51:49 | INFO | Alternating low-rank optimizer diagnostics:
2026-06-09 20:51:49 | INFO |   penalized_objective: 0.423700
2026-06-09 20:51:49 | INFO |   mple_loss_without_penalty: 0.407792
2026-06-09 20:51:49 | INFO |   lambda_uv_ridge: 0.100000
2026-06-09 20:51:49 | INFO |   u_frobenius_norm: 213.843807
2026-06-09 20:51:49 | INFO |   v_frobenius_norm: 2.236068
2026-06-09 20:51:49 | INFO |   effective_rank: 5.000000
2026-06-09 20:51:49 | INFO | Field and interaction diagnostics:
2026-06-09 20:51:49 | INFO |   estimated_field_max_abs_entry: 1.987812
2026-06-09 20:51:49 | INFO |   estimated_field_rank: 5.000000
2026-06-09 20:51:49 | INFO | Saved summary table to /orcd/home/002/phevosp/MPLE-Causal-Inference/experiments/USCounty/outcome_death_rate_100k_ge_2__intervention_complete_cov_ge_30__lag_2w__distance_kernel_8__start_2020_03_01/cv_runs/default/candidates/default_candidate_0011/fold_1/mple_summary.csv
2026-06-09 20:51:49 | INFO | Log saved to /orcd/home/002/phevosp/MPLE-Causal-Inference/experiments/USCounty/outcome_death_rate_100k_ge_2__intervention_complete_cov_ge_30__lag_2w__distance_kernel_8__start_2020_03_01/cv_runs/default/candidates/default_candidate_0011/fold_1/mple.log
