2026-03-16 22:32:36 | INFO | Loading data...
2026-03-16 22:32:37 | INFO | Loaded gamma_matrix with shape=(5000, 5000)
2026-03-16 22:32:37 | INFO | Running MPLE on x with shape=(100, 5000)
2026-03-16 22:32:37 | INFO | Eval 0  |  Loss: 0.691303
2026-03-16 22:32:37 | INFO |   alpha: +0.0126,  beta: -0.0132,  xi: +0.0640,  eta: +0.0105,  zeta: -0.0536,  psi: +0.0362
2026-03-16 22:32:39 | INFO | Eval 0  |  Loss: 0.685874
2026-03-16 22:32:39 | INFO |   alpha: +0.0126,  beta: -0.0132,  xi: +0.0640,  eta: +0.0105,  zeta: -0.0536,  psi: +0.0362
2026-03-16 22:32:41 | INFO | Done fitting.
2026-03-16 22:32:41 | INFO | Final Loss (Unconditioned): 0.642027
2026-03-16 22:32:41 | INFO | Estimated vs True Parameters (Unconditioned):
2026-03-16 22:32:41 | INFO |   alpha: 0.3414 (True: 0.3500)
2026-03-16 22:32:41 | INFO |   alpha SE: 0.000074
2026-03-16 22:32:41 | INFO |   beta: 0.2358 (True: 0.2500)
2026-03-16 22:32:41 | INFO |   beta SE: 0.000202
2026-03-16 22:32:41 | INFO |   xi: 0.0701 (True: 0.0500)
2026-03-16 22:32:41 | INFO |   xi SE: 0.000406
2026-03-16 22:32:41 | INFO |   eta: 0.0087 (True: 0.0100)
2026-03-16 22:32:41 | INFO |   eta SE: 0.000002
2026-03-16 22:32:41 | INFO |   zeta: -0.0393 (True: -0.0300)
2026-03-16 22:32:41 | INFO |   zeta SE: 0.000086
2026-03-16 22:32:41 | INFO |   psi: 0.0048 (True: 0.1000)
2026-03-16 22:32:41 | INFO |   psi SE: 0.009068
2026-03-16 22:32:41 | INFO | Final Loss (Conditioned): 0.618245
2026-03-16 22:32:41 | INFO | Estimated vs True Parameters (Conditioned):
2026-03-16 22:32:41 | INFO |   alpha: 0.3438 (True: 0.3500)
2026-03-16 22:32:41 | INFO |   alpha SE: 0.000038
2026-03-16 22:32:41 | INFO |   beta: 0.2477 (True: 0.2500)
2026-03-16 22:32:41 | INFO |   beta SE: 0.000005
2026-03-16 22:32:41 | INFO |   xi: 0.0768 (True: 0.0500)
2026-03-16 22:32:41 | INFO |   xi SE: 0.000717
2026-03-16 22:32:41 | INFO |   eta: 0.0073 (True: 0.0100)
2026-03-16 22:32:41 | INFO |   eta SE: 0.000008
2026-03-16 22:32:41 | INFO |   zeta: -0.0276 (True: -0.0300)
2026-03-16 22:32:41 | INFO |   zeta SE: 0.000006
2026-03-16 22:32:41 | INFO |   psi: 0.0362 (True: 0.1000)
2026-03-16 22:32:41 | INFO |   psi SE: 0.004076
2026-03-16 22:32:41 | INFO | Final Parameters:
2026-03-16 22:32:41 | INFO |   alpha: 0.3438 (True: 0.3500)
2026-03-16 22:32:41 | INFO |   alpha SE: 0.000038
2026-03-16 22:32:41 | INFO |   beta: 0.2358 (True: 0.2500)
2026-03-16 22:32:41 | INFO |   beta SE: 0.000202
2026-03-16 22:32:41 | INFO |   xi: 0.0701 (True: 0.0500)
2026-03-16 22:32:41 | INFO |   xi SE: 0.000406
2026-03-16 22:32:41 | INFO |   eta: 0.0087 (True: 0.0100)
2026-03-16 22:32:41 | INFO |   eta SE: 0.000002
2026-03-16 22:32:41 | INFO |   zeta: -0.0393 (True: -0.0300)
2026-03-16 22:32:41 | INFO |   zeta SE: 0.000086
2026-03-16 22:32:41 | INFO |   psi: 0.0048 (True: 0.1000)
2026-03-16 22:32:41 | INFO |   psi SE: 0.009068
2026-03-16 22:32:41 | INFO | Log saved to experiments\synthetic_data_20260316_153826\mple.log
