2026-06-12 00:50:21 | INFO | Loading data...
2026-06-12 00:50:21 | INFO | Using panel artifact: /orcd/home/002/phevosp/MPLE-Causal-Inference/experiments/HybridAlt/partial_confounding/panel_data.npz
2026-06-12 00:50:21 | INFO | Using x_0 artifact: /orcd/home/002/phevosp/MPLE-Causal-Inference/experiments/HybridAlt/partial_confounding/x_0.npy
2026-06-12 00:50:21 | INFO | Using fit config: /orcd/home/002/phevosp/MPLE-Causal-Inference/experiments/HybridAlt/partial_confounding/cv_runs/xi_zero/candidates/xi_zero_candidate_0003/fold_1/fit_realized_config.yaml
2026-06-12 00:50:21 | INFO | Using model artifact directory: /orcd/home/002/phevosp/MPLE-Causal-Inference/experiments/HybridAlt/partial_confounding
2026-06-12 00:50:21 | INFO | Using truth artifact directory: /orcd/home/002/phevosp/MPLE-Causal-Inference/experiments/HybridAlt/partial_confounding
2026-06-12 00:50:21 | INFO | Using loss mask artifact: /orcd/home/002/phevosp/MPLE-Causal-Inference/experiments/HybridAlt/partial_confounding/cv_runs/xi_zero/candidates/xi_zero_candidate_0003/fold_1/loss_mask.npy
2026-06-12 00:50:21 | INFO | Configured optimizer mode: alternating_latent_rank
2026-06-12 00:50:21 | INFO | Configured latent rank: 5
2026-06-12 00:50:21 | INFO | Using a fixed known graph with scalar xi.
2026-06-12 00:50:21 | INFO | Fit-time hard bounds active: False
2026-06-12 00:50:21 | INFO | Fixed scalar parameters: {'xi': 0.0}
2026-06-12 00:50:21 | INFO | Warm-start fixed scalars: {} for 0 steps
2026-06-12 00:50:21 | INFO | Beta-gradient mask before s: True with s=50
2026-06-12 00:50:21 | INFO | Beta-gradient mask after e: True with e=115
2026-06-12 00:50:21 | INFO | Alternating V-column L2-ball constraint active with radius 1.0
2026-06-12 00:50:21 | INFO | Optimizer settings: steps=2000, tol=1e-07, n_starts=1, seed=0, lambda_nuclear=0.0, lambda_frobenius=0.0, lambda_uv_ridge=0.01, v_column_l2_max=1.0, proximal_lr=1.0
2026-06-12 00:50:21 | INFO | Alternating low-rank start 1/1 | seed=0 | initial_loss=0.746574 | initial_penalized=0.746574
2026-06-12 00:50:21 | INFO | Alternating low-rank iter 0 | Loss: 0.523043 | Penalized: 0.523645
2026-06-12 00:50:35 | INFO | Alternating low-rank iter 100 | Loss: 0.466812 | Penalized: 0.472245
2026-06-12 00:50:39 | INFO | Done fitting.
2026-06-12 00:50:39 | INFO | Optimizer status: CONVERGED: alternating objective tolerance reached
2026-06-12 00:50:39 | INFO | Best optimizer start: 1 / 1
2026-06-12 00:50:39 | INFO | Final Loss: 0.466796
2026-06-12 00:50:39 | INFO | Estimated vs True Parameters:
2026-06-12 00:50:39 | INFO |   beta: 0.3129 (True: -0.3000) | SQE: 0.375670
2026-06-12 00:50:39 | INFO |   xi: 0.0000 (True: 0.8000) | SQE: 0.640000
2026-06-12 00:50:39 | INFO |   eta: 0.3091 (True: 0.3000) | SQE: 0.000083
2026-06-12 00:50:39 | INFO | Alternating low-rank optimizer diagnostics:
2026-06-12 00:50:39 | INFO |   penalized_objective: 0.472237
2026-06-12 00:50:39 | INFO |   mple_loss_without_penalty: 0.466796
2026-06-12 00:50:39 | INFO |   lambda_uv_ridge: 0.010000
2026-06-12 00:50:39 | INFO |   u_frobenius_norm: 395.503241
2026-06-12 00:50:39 | INFO |   v_frobenius_norm: 2.236068
2026-06-12 00:50:39 | INFO |   effective_rank: 5.000000
2026-06-12 00:50:39 | INFO | Field and interaction diagnostics:
2026-06-12 00:50:39 | INFO |   field_rmse: 0.626443
2026-06-12 00:50:39 | INFO |   interaction_fro_error: 8.851317
2026-06-12 00:50:39 | INFO |   estimated_field_max_abs_entry: 8.583104
2026-06-12 00:50:39 | INFO |   estimated_field_rank: 5.000000
2026-06-12 00:50:39 | INFO |   true_field_max_abs_entry: 4.167041
2026-06-12 00:50:39 | INFO |   true_field_rank: 5.000000
2026-06-12 00:50:39 | INFO | Saved summary table to /orcd/home/002/phevosp/MPLE-Causal-Inference/experiments/HybridAlt/partial_confounding/cv_runs/xi_zero/candidates/xi_zero_candidate_0003/fold_1/mple_summary.csv
2026-06-12 00:50:39 | INFO | Log saved to /orcd/home/002/phevosp/MPLE-Causal-Inference/experiments/HybridAlt/partial_confounding/cv_runs/xi_zero/candidates/xi_zero_candidate_0003/fold_1/mple.log
