2026-04-19 15:38:53 | INFO | Loading data...
2026-04-19 15:38:53 | INFO | Using panel artifact: C:\Users\phevo\Documents\MIT\Code\MPLE-Causal-Inference\experiments\USCountyVaccination_US_sensitivity\outcome_death_rate_100k_ge_2__intervention_complete_cov_ge_30__lag_2w__contiguity__start_2020_09_06\panel_data.npz
2026-04-19 15:38:53 | INFO | Using x_0 artifact: C:\Users\phevo\Documents\MIT\Code\MPLE-Causal-Inference\experiments\USCountyVaccination_US_sensitivity\outcome_death_rate_100k_ge_2__intervention_complete_cov_ge_30__lag_2w__contiguity__start_2020_09_06\x_0.npy
2026-04-19 15:38:53 | INFO | Using z_0 artifact: C:\Users\phevo\Documents\MIT\Code\MPLE-Causal-Inference\experiments\USCountyVaccination_US_sensitivity\outcome_death_rate_100k_ge_2__intervention_complete_cov_ge_30__lag_2w__contiguity__start_2020_09_06\z_0.npy
2026-04-19 15:38:53 | INFO | Using fit config: C:\Users\phevo\Documents\MIT\Code\MPLE-Causal-Inference\experiments\USCountyVaccination_US_sensitivity\outcome_death_rate_100k_ge_2__intervention_complete_cov_ge_30__lag_2w__contiguity__start_2020_09_06\fits\rank_40_b10\fit_realized_config.yaml
2026-04-19 15:38:53 | INFO | Using model artifact directory: C:\Users\phevo\Documents\MIT\Code\MPLE-Causal-Inference\experiments\USCountyVaccination_US_sensitivity\outcome_death_rate_100k_ge_2__intervention_complete_cov_ge_30__lag_2w__contiguity__start_2020_09_06
2026-04-19 15:38:53 | INFO | Using truth artifact directory: C:\Users\phevo\Documents\MIT\Code\MPLE-Causal-Inference\experiments\USCountyVaccination_US_sensitivity\outcome_death_rate_100k_ge_2__intervention_complete_cov_ge_30__lag_2w__contiguity__start_2020_09_06
2026-04-19 15:38:53 | INFO | Configured latent rank: 40
2026-04-19 15:38:53 | INFO | Using a fixed known graph with scalar xi.
2026-04-19 15:38:53 | INFO | Intervention-process model enabled: False
2026-04-19 15:38:53 | INFO | Global temperature bound B active: True
2026-04-19 15:38:53 | INFO | Effective xi bound from interaction constraint: 10.000000
2026-04-19 15:38:53 | INFO | Beta mask pre-intervention enabled: True
2026-04-19 15:38:53 | INFO | Fixed scalar parameters: {}
2026-04-19 15:38:53 | INFO | Optimizer settings: n_starts=5, lbfgs_steps=50000, tol=1e-09, adam_steps=1000, adam_lr=0.01, adam_device=cpu, seed=0
2026-04-19 15:38:53 | INFO | Optimizer start 1/5 | seed=0 | initial_loss=0.673262
2026-04-19 15:38:56 | INFO | Start 1 Adam step 0 | Loss: 0.673262
2026-04-19 15:38:57 | INFO | Start 1 Adam step 100 | Loss: 0.143112
2026-04-19 15:38:58 | INFO | Start 1 Adam step 200 | Loss: 0.126035
2026-04-19 15:38:59 | INFO | Start 1 Adam step 300 | Loss: 0.135741
2026-04-19 15:39:01 | INFO | Start 1 Adam step 400 | Loss: 0.122117
2026-04-19 15:39:02 | INFO | Start 1 Adam step 500 | Loss: 0.120694
2026-04-19 15:39:03 | INFO | Start 1 Adam step 600 | Loss: 0.115087
2026-04-19 15:39:05 | INFO | Start 1 Adam step 700 | Loss: 0.115002
2026-04-19 15:39:06 | INFO | Start 1 Adam step 800 | Loss: 0.116153
2026-04-19 15:39:07 | INFO | Start 1 Adam step 900 | Loss: 0.117760
2026-04-19 15:39:09 | INFO | Start 1 L-BFGS eval 0 | Loss: 0.117711
2026-04-19 15:39:09 | INFO |   beta: +0.0101,  xi: +2.0743,  eta: +0.5674
2026-04-19 15:39:12 | INFO | Start 1 L-BFGS eval 100 | Loss: 0.117553
2026-04-19 15:39:12 | INFO |   beta: +0.0191,  xi: +2.2594,  eta: +0.6228
2026-04-19 15:39:15 | INFO | Start 1 L-BFGS eval 200 | Loss: 0.116895
2026-04-19 15:39:15 | INFO |   beta: +0.0107,  xi: +2.1834,  eta: +0.5622
2026-04-19 15:39:17 | INFO | Optimizer start 1/5 complete | final_loss=0.116895 | status=CONVERGENCE: RELATIVE REDUCTION OF F <= FACTR*EPSMCH
2026-04-19 15:39:17 | INFO | Optimizer start 2/5 | seed=1 | initial_loss=0.642227
2026-04-19 15:39:17 | INFO | Start 2 Adam step 0 | Loss: 0.642227
2026-04-19 15:39:18 | INFO | Start 2 Adam step 100 | Loss: 0.137738
2026-04-19 15:39:19 | INFO | Start 2 Adam step 200 | Loss: 0.125553
2026-04-19 15:39:21 | INFO | Start 2 Adam step 300 | Loss: 0.135124
2026-04-19 15:39:22 | INFO | Start 2 Adam step 400 | Loss: 0.119525
2026-04-19 15:39:23 | INFO | Start 2 Adam step 500 | Loss: 0.118858
2026-04-19 15:39:25 | INFO | Start 2 Adam step 600 | Loss: 0.116415
2026-04-19 15:39:26 | INFO | Start 2 Adam step 700 | Loss: 0.117401
2026-04-19 15:39:27 | INFO | Start 2 Adam step 800 | Loss: 0.118479
2026-04-19 15:39:29 | INFO | Start 2 Adam step 900 | Loss: 0.119530
2026-04-19 15:39:30 | INFO | Start 2 L-BFGS eval 0 | Loss: 0.119834
2026-04-19 15:39:30 | INFO |   beta: -0.0181,  xi: +2.0825,  eta: +0.5081
2026-04-19 15:39:33 | INFO | Optimizer start 2/5 complete | final_loss=0.118476 | status=ABNORMAL: 
2026-04-19 15:39:33 | INFO | Optimizer start 3/5 | seed=2 | initial_loss=0.719673
2026-04-19 15:39:33 | INFO | Start 3 Adam step 0 | Loss: 0.719673
2026-04-19 15:39:34 | INFO | Start 3 Adam step 100 | Loss: 0.149249
2026-04-19 15:39:36 | INFO | Start 3 Adam step 200 | Loss: 0.127241
2026-04-19 15:39:37 | INFO | Start 3 Adam step 300 | Loss: 0.132472
2026-04-19 15:39:38 | INFO | Start 3 Adam step 400 | Loss: 0.117155
2026-04-19 15:39:40 | INFO | Start 3 Adam step 500 | Loss: 0.123174
2026-04-19 15:39:41 | INFO | Start 3 Adam step 600 | Loss: 0.123163
2026-04-19 15:39:42 | INFO | Start 3 Adam step 700 | Loss: 0.117600
2026-04-19 15:39:44 | INFO | Start 3 Adam step 800 | Loss: 0.121499
2026-04-19 15:39:45 | INFO | Start 3 Adam step 900 | Loss: 0.121517
2026-04-19 15:39:46 | INFO | Start 3 L-BFGS eval 0 | Loss: 0.121258
2026-04-19 15:39:46 | INFO |   beta: -0.0102,  xi: +1.9161,  eta: +0.2852
2026-04-19 15:39:50 | INFO | Start 3 L-BFGS eval 100 | Loss: 0.131450
2026-04-19 15:39:50 | INFO |   beta: +0.0524,  xi: +1.1117,  eta: +0.5214
2026-04-19 15:39:53 | INFO | Start 3 L-BFGS eval 200 | Loss: 0.118105
2026-04-19 15:39:53 | INFO |   beta: +0.0153,  xi: +2.0453,  eta: +0.3008
2026-04-19 15:39:56 | INFO | Start 3 L-BFGS eval 300 | Loss: 0.118000
2026-04-19 15:39:56 | INFO |   beta: -0.0239,  xi: +2.0230,  eta: +0.2614
2026-04-19 15:40:00 | INFO | Start 3 L-BFGS eval 400 | Loss: 0.117356
2026-04-19 15:40:00 | INFO |   beta: -0.0621,  xi: +1.9010,  eta: +0.2304
2026-04-19 15:40:03 | INFO | Start 3 L-BFGS eval 500 | Loss: 0.116195
2026-04-19 15:40:03 | INFO |   beta: -0.0147,  xi: +2.0814,  eta: +0.2731
2026-04-19 15:40:07 | INFO | Start 3 L-BFGS eval 600 | Loss: 0.116548
2026-04-19 15:40:07 | INFO |   beta: +0.0476,  xi: +1.9763,  eta: +0.3335
2026-04-19 15:40:10 | INFO | Start 3 L-BFGS eval 700 | Loss: 0.113240
2026-04-19 15:40:10 | INFO |   beta: +0.1217,  xi: +2.1644,  eta: +0.3317
2026-04-19 15:40:14 | INFO | Start 3 L-BFGS eval 800 | Loss: 0.107661
2026-04-19 15:40:14 | INFO |   beta: +0.0069,  xi: +2.0891,  eta: +0.2826
2026-04-19 15:40:18 | INFO | Start 3 L-BFGS eval 900 | Loss: 0.103687
2026-04-19 15:40:18 | INFO |   beta: +0.0067,  xi: +2.4329,  eta: +0.3142
2026-04-19 15:40:21 | INFO | Start 3 L-BFGS eval 1000 | Loss: 0.103654
2026-04-19 15:40:21 | INFO |   beta: +0.0248,  xi: +2.2643,  eta: +0.3227
2026-04-19 15:40:25 | INFO | Start 3 L-BFGS eval 1100 | Loss: 0.103300
2026-04-19 15:40:25 | INFO |   beta: +0.0124,  xi: +2.3899,  eta: +0.3164
2026-04-19 15:40:29 | INFO | Start 3 L-BFGS eval 1200 | Loss: 0.102903
2026-04-19 15:40:29 | INFO |   beta: -0.0340,  xi: +2.5047,  eta: +0.3201
2026-04-19 15:40:32 | INFO | Start 3 L-BFGS eval 1300 | Loss: 0.102843
2026-04-19 15:40:32 | INFO |   beta: +0.0095,  xi: +2.4416,  eta: +0.3254
2026-04-19 15:40:36 | INFO | Start 3 L-BFGS eval 1400 | Loss: 0.102795
2026-04-19 15:40:36 | INFO |   beta: -0.0197,  xi: +2.4319,  eta: +0.3248
2026-04-19 15:40:39 | INFO | Start 3 L-BFGS eval 1500 | Loss: 0.102772
2026-04-19 15:40:39 | INFO |   beta: -0.0428,  xi: +2.3531,  eta: +0.3340
2026-04-19 15:40:43 | INFO | Start 3 L-BFGS eval 1600 | Loss: 0.102549
2026-04-19 15:40:43 | INFO |   beta: -0.0132,  xi: +2.4607,  eta: +0.3283
2026-04-19 15:40:47 | INFO | Start 3 L-BFGS eval 1700 | Loss: 0.102549
2026-04-19 15:40:47 | INFO |   beta: -0.0159,  xi: +2.4564,  eta: +0.3296
2026-04-19 15:40:50 | INFO | Start 3 L-BFGS eval 1800 | Loss: 0.102542
2026-04-19 15:40:50 | INFO |   beta: -0.0232,  xi: +2.4043,  eta: +0.3356
2026-04-19 15:40:54 | INFO | Start 3 L-BFGS eval 1900 | Loss: 0.102503
2026-04-19 15:40:54 | INFO |   beta: +0.0048,  xi: +2.4384,  eta: +0.3252
2026-04-19 15:40:57 | INFO | Start 3 L-BFGS eval 2000 | Loss: 0.102474
2026-04-19 15:40:57 | INFO |   beta: -0.0116,  xi: +2.4440,  eta: +0.3307
2026-04-19 15:41:00 | INFO | Optimizer start 3/5 complete | final_loss=0.102474 | status=ABNORMAL: 
2026-04-19 15:41:00 | INFO | Optimizer start 4/5 | seed=3 | initial_loss=0.730793
2026-04-19 15:41:00 | INFO | Start 4 Adam step 0 | Loss: 0.730793
2026-04-19 15:41:02 | INFO | Start 4 Adam step 100 | Loss: 0.150523
2026-04-19 15:41:03 | INFO | Start 4 Adam step 200 | Loss: 0.128567
2026-04-19 15:41:04 | INFO | Start 4 Adam step 300 | Loss: 0.139139
2026-04-19 15:41:05 | INFO | Start 4 Adam step 400 | Loss: 0.130153
2026-04-19 15:41:07 | INFO | Start 4 Adam step 500 | Loss: 0.123395
2026-04-19 15:41:08 | INFO | Start 4 Adam step 600 | Loss: 0.123679
2026-04-19 15:41:09 | INFO | Start 4 Adam step 700 | Loss: 0.119580
2026-04-19 15:41:11 | INFO | Start 4 Adam step 800 | Loss: 0.123090
2026-04-19 15:41:12 | INFO | Start 4 Adam step 900 | Loss: 0.121302
2026-04-19 15:41:14 | INFO | Start 4 L-BFGS eval 0 | Loss: 0.122650
2026-04-19 15:41:14 | INFO |   beta: +0.0002,  xi: +1.9557,  eta: +0.2777
2026-04-19 15:41:17 | INFO | Start 4 L-BFGS eval 100 | Loss: 0.118736
2026-04-19 15:41:17 | INFO |   beta: -0.0080,  xi: +2.0679,  eta: +0.2762
2026-04-19 15:41:21 | INFO | Start 4 L-BFGS eval 200 | Loss: 0.118730
2026-04-19 15:41:21 | INFO |   beta: -0.0045,  xi: +2.0663,  eta: +0.2718
2026-04-19 15:41:21 | INFO | Optimizer start 4/5 complete | final_loss=0.118729 | status=CONVERGENCE: RELATIVE REDUCTION OF F <= FACTR*EPSMCH
2026-04-19 15:41:21 | INFO | Optimizer start 5/5 | seed=4 | initial_loss=0.679011
2026-04-19 15:41:21 | INFO | Start 5 Adam step 0 | Loss: 0.679011
2026-04-19 15:41:22 | INFO | Start 5 Adam step 100 | Loss: 0.143265
2026-04-19 15:41:24 | INFO | Start 5 Adam step 200 | Loss: 0.126790
2026-04-19 15:41:25 | INFO | Start 5 Adam step 300 | Loss: 0.136556
2026-04-19 15:41:26 | INFO | Start 5 Adam step 400 | Loss: 0.124269
2026-04-19 15:41:28 | INFO | Start 5 Adam step 500 | Loss: 0.122648
2026-04-19 15:41:29 | INFO | Start 5 Adam step 600 | Loss: 0.119945
2026-04-19 15:41:30 | INFO | Start 5 Adam step 700 | Loss: 0.117753
2026-04-19 15:41:32 | INFO | Start 5 Adam step 800 | Loss: 0.117299
2026-04-19 15:41:33 | INFO | Start 5 Adam step 900 | Loss: 0.117676
2026-04-19 15:41:34 | INFO | Start 5 L-BFGS eval 0 | Loss: 0.120048
2026-04-19 15:41:34 | INFO |   beta: -0.0027,  xi: +1.9989,  eta: +0.4884
2026-04-19 15:41:38 | INFO | Start 5 L-BFGS eval 100 | Loss: 0.116317
2026-04-19 15:41:38 | INFO |   beta: +0.0036,  xi: +2.0201,  eta: +0.4865
2026-04-19 15:41:41 | INFO | Start 5 L-BFGS eval 200 | Loss: 0.116269
2026-04-19 15:41:41 | INFO |   beta: -0.0104,  xi: +2.0569,  eta: +0.4906
2026-04-19 15:41:45 | INFO | Start 5 L-BFGS eval 300 | Loss: 0.116268
2026-04-19 15:41:45 | INFO |   beta: -0.0154,  xi: +2.0712,  eta: +0.4920
2026-04-19 15:41:49 | INFO | Start 5 L-BFGS eval 400 | Loss: 0.116246
2026-04-19 15:41:49 | INFO |   beta: -0.0054,  xi: +2.0837,  eta: +0.4856
2026-04-19 15:41:52 | INFO | Start 5 L-BFGS eval 500 | Loss: 0.112435
2026-04-19 15:41:52 | INFO |   beta: -0.0071,  xi: +2.2819,  eta: +0.5107
2026-04-19 15:41:56 | INFO | Start 5 L-BFGS eval 600 | Loss: 0.106755
2026-04-19 15:41:56 | INFO |   beta: +0.0067,  xi: +2.3815,  eta: +0.5532
2026-04-19 15:41:59 | INFO | Start 5 L-BFGS eval 700 | Loss: 0.106686
2026-04-19 15:41:59 | INFO |   beta: +0.0156,  xi: +2.4069,  eta: +0.5613
2026-04-19 15:42:03 | INFO | Start 5 L-BFGS eval 800 | Loss: 0.106809
2026-04-19 15:42:03 | INFO |   beta: +0.0415,  xi: +2.6390,  eta: +0.5777
2026-04-19 15:42:07 | INFO | Start 5 L-BFGS eval 900 | Loss: 0.104855
2026-04-19 15:42:07 | INFO |   beta: -0.0049,  xi: +2.2638,  eta: +0.5810
2026-04-19 15:42:10 | INFO | Optimizer start 5/5 complete | final_loss=0.104756 | status=CONVERGENCE: RELATIVE REDUCTION OF F <= FACTR*EPSMCH
2026-04-19 15:42:10 | INFO | Done fitting.
2026-04-19 15:42:10 | INFO | Optimizer status: ABNORMAL:  | best_start=3/5
2026-04-19 15:42:10 | INFO | Best optimizer start: 3 / 5
2026-04-19 15:42:10 | INFO | Final Loss: 0.102474
2026-04-19 15:42:10 | INFO | Estimated Parameters:
2026-04-19 15:42:10 | INFO |   beta: -0.0115
2026-04-19 15:42:10 | INFO |   xi: 2.4451
2026-04-19 15:42:10 | INFO |   eta: 0.3299
2026-04-19 15:42:10 | INFO | Field and interaction diagnostics:
2026-04-19 15:42:10 | INFO |   estimated_field_inf_norm: 10.000000
2026-04-19 15:42:10 | INFO |   estimated_field_rank: 40.000000
2026-04-19 15:42:10 | INFO |   bound_B: 10.000000
2026-04-19 15:42:10 | INFO | Saved summary tables to C:\Users\phevo\Documents\MIT\Code\MPLE-Causal-Inference\experiments\USCountyVaccination_US_sensitivity\outcome_death_rate_100k_ge_2__intervention_complete_cov_ge_30__lag_2w__contiguity__start_2020_09_06\fits\rank_40_b10\mple_summary.csv and C:\Users\phevo\Documents\MIT\Code\MPLE-Causal-Inference\experiments\USCountyVaccination_US_sensitivity\outcome_death_rate_100k_ge_2__intervention_complete_cov_ge_30__lag_2w__contiguity__start_2020_09_06\fits\rank_40_b10\mple_summary.md
2026-04-19 15:42:10 | INFO | Log saved to C:\Users\phevo\Documents\MIT\Code\MPLE-Causal-Inference\experiments\USCountyVaccination_US_sensitivity\outcome_death_rate_100k_ge_2__intervention_complete_cov_ge_30__lag_2w__contiguity__start_2020_09_06\fits\rank_40_b10\mple.log
