2026-04-12 13:24:06 | INFO | Loading data...
2026-04-12 13:24:06 | INFO | Using panel artifact: C:\Users\phevo\Documents\MIT\Code\MPLE-Causal-Inference\experiments\SyntheticHybridExperiments\hybrid_generated_intervention_uscounty_graph_rank_0\panel_data.npz
2026-04-12 13:24:06 | INFO | Using x_0 artifact: C:\Users\phevo\Documents\MIT\Code\MPLE-Causal-Inference\experiments\SyntheticHybridExperiments\hybrid_generated_intervention_uscounty_graph_rank_0\x_0.npy
2026-04-12 13:24:06 | INFO | Using z_0 artifact: C:\Users\phevo\Documents\MIT\Code\MPLE-Causal-Inference\experiments\SyntheticHybridExperiments\hybrid_generated_intervention_uscounty_graph_rank_0\z_0.npy
2026-04-12 13:24:06 | INFO | Using fit config: C:\Users\phevo\Documents\MIT\Code\MPLE-Causal-Inference\experiments\SyntheticHybridExperiments\hybrid_generated_intervention_uscounty_graph_rank_0\fits\rank_40_b1\fit_realized_config.yaml
2026-04-12 13:24:06 | INFO | Using model artifact directory: C:\Users\phevo\Documents\MIT\Code\MPLE-Causal-Inference\experiments\SyntheticHybridExperiments\hybrid_generated_intervention_uscounty_graph_rank_0
2026-04-12 13:24:06 | INFO | Using truth artifact directory: C:\Users\phevo\Documents\MIT\Code\MPLE-Causal-Inference\experiments\SyntheticHybridExperiments\hybrid_generated_intervention_uscounty_graph_rank_0
2026-04-12 13:24:06 | INFO | Configured latent rank: 40
2026-04-12 13:24:06 | INFO | Using a fixed known graph with scalar xi.
2026-04-12 13:24:06 | INFO | Intervention-process model enabled: True
2026-04-12 13:24:06 | INFO | Global temperature bound B active: True
2026-04-12 13:24:06 | INFO | Effective xi bound from interaction constraint: 1.000000
2026-04-12 13:24:06 | INFO | Beta mask pre-intervention enabled: False
2026-04-12 13:24:06 | INFO | Beta mask rescale enabled: False
2026-04-12 13:24:06 | INFO | Fixed scalar parameters: {}
2026-04-12 13:24:06 | INFO | Eval 0  |  Loss: 0.728326
2026-04-12 13:24:06 | INFO |   beta: +0.0793,  xi: -0.2085,  eta: +0.0135,  zeta: -0.2117,  psi: -0.1690
2026-04-12 13:24:11 | INFO | Done fitting.
2026-04-12 13:24:11 | INFO | Optimizer status: CONVERGENCE: RELATIVE REDUCTION OF F <= FACTR*EPSMCH
2026-04-12 13:24:11 | INFO | Final Loss: 0.533851
2026-04-12 13:24:11 | INFO | Estimated vs True Parameters:
2026-04-12 13:24:11 | INFO |   beta: 0.3452 (True: 0.3500) | SQE: 0.000023
2026-04-12 13:24:11 | INFO |   xi: 0.7524 (True: 0.7500) | SQE: 0.000006
2026-04-12 13:24:11 | INFO |   eta: 0.4813 (True: 0.4800) | SQE: 0.000002
2026-04-12 13:24:11 | INFO |   zeta: -0.5554 (True: -0.5500) | SQE: 0.000029
2026-04-12 13:24:11 | INFO |   psi: 0.8014 (True: 0.8000) | SQE: 0.000002
2026-04-12 13:24:11 | INFO | Field and interaction diagnostics:
2026-04-12 13:24:11 | INFO |   field_rmse: 0.000312
2026-04-12 13:24:11 | INFO |   interaction_fro_error: 0.022867
2026-04-12 13:24:11 | INFO |   estimated_field_inf_norm: 1.000000
2026-04-12 13:24:11 | INFO |   estimated_field_rank: 40.000000
2026-04-12 13:24:11 | INFO |   bound_B: 1.000000
2026-04-12 13:24:11 | INFO |   true_field_inf_norm: 0.000000
2026-04-12 13:24:11 | INFO |   true_field_rank: 0.000000
2026-04-12 13:24:11 | INFO | Saved summary tables to C:\Users\phevo\Documents\MIT\Code\MPLE-Causal-Inference\experiments\SyntheticHybridExperiments\hybrid_generated_intervention_uscounty_graph_rank_0\fits\rank_40_b1\mple_summary.csv and C:\Users\phevo\Documents\MIT\Code\MPLE-Causal-Inference\experiments\SyntheticHybridExperiments\hybrid_generated_intervention_uscounty_graph_rank_0\fits\rank_40_b1\mple_summary.md
2026-04-12 13:24:11 | INFO | Log saved to C:\Users\phevo\Documents\MIT\Code\MPLE-Causal-Inference\experiments\SyntheticHybridExperiments\hybrid_generated_intervention_uscounty_graph_rank_0\fits\rank_40_b1\mple.log
