2026-05-02 20:03:34 | INFO | Loading data...
2026-05-02 20:03:34 | INFO | Using panel artifact: /orcd/home/002/phevosp/MPLE-Causal-Inference/experiments/HybridExperiments_r5_c1_v2/r5_c1_hybrid_us_county_intervention_uscounty_graph_kernel_confounding/panel_data.npz
2026-05-02 20:03:34 | INFO | Using x_0 artifact: /orcd/home/002/phevosp/MPLE-Causal-Inference/experiments/HybridExperiments_r5_c1_v2/r5_c1_hybrid_us_county_intervention_uscounty_graph_kernel_confounding/x_0.npy
2026-05-02 20:03:34 | INFO | Using fit config: /orcd/home/002/phevosp/MPLE-Causal-Inference/experiments/HybridExperiments_r5_c1_v2/r5_c1_hybrid_us_county_intervention_uscounty_graph_kernel_confounding/cv_runs/alternating_uv_grid/candidates/alternating_uv_grid_candidate_0001/fold_4/fit_realized_config.yaml
2026-05-02 20:03:34 | INFO | Using model artifact directory: /orcd/home/002/phevosp/MPLE-Causal-Inference/experiments/HybridExperiments_r5_c1_v2/r5_c1_hybrid_us_county_intervention_uscounty_graph_kernel_confounding
2026-05-02 20:03:34 | INFO | Using truth artifact directory: /orcd/home/002/phevosp/MPLE-Causal-Inference/experiments/HybridExperiments_r5_c1_v2/r5_c1_hybrid_us_county_intervention_uscounty_graph_kernel_confounding
2026-05-02 20:03:34 | INFO | Using loss mask artifact: /orcd/home/002/phevosp/MPLE-Causal-Inference/experiments/HybridExperiments_r5_c1_v2/r5_c1_hybrid_us_county_intervention_uscounty_graph_kernel_confounding/cv_runs/alternating_uv_grid/candidates/alternating_uv_grid_candidate_0001/fold_4/loss_mask.npy
2026-05-02 20:03:34 | INFO | Configured optimizer mode: alternating_latent_rank
2026-05-02 20:03:34 | INFO | Configured latent rank: 5
2026-05-02 20:03:34 | INFO | Using a fixed known graph with scalar xi.
2026-05-02 20:03:34 | INFO | Fit-time hard bounds active: False
2026-05-02 20:03:34 | INFO | Fixed scalar parameters: {}
2026-05-02 20:03:34 | INFO | Warm-start fixed scalars: {} for 0 steps
2026-05-02 20:03:34 | INFO | Beta mask before s: True with s=50
2026-05-02 20:03:34 | INFO | Beta mask after e: True with e=115
2026-05-02 20:03:34 | INFO | Alternating V-column L2-ball constraint active with radius 1.0
2026-05-02 20:03:34 | INFO | Optimizer settings: steps=2000, tol=1e-07, n_starts=1, seed=0, lambda_nuclear=0.0, lambda_frobenius=0.0, lambda_uv_ridge=0.0005, v_column_l2_max=1.0, proximal_lr=1.0
2026-05-02 20:03:34 | INFO | Alternating low-rank start 1/1 | seed=0 | initial_loss=0.772274 | initial_penalized=0.772274
2026-05-02 20:03:34 | INFO | Alternating low-rank iter 0 | Loss: 0.600714 | Penalized: 0.600745
2026-05-02 20:03:45 | INFO | Alternating low-rank iter 100 | Loss: 0.532552 | Penalized: 0.532989
2026-05-02 20:03:55 | INFO | Alternating low-rank iter 200 | Loss: 0.531945 | Penalized: 0.532556
2026-05-02 20:04:06 | INFO | Alternating low-rank iter 300 | Loss: 0.531716 | Penalized: 0.532436
2026-05-02 20:04:16 | INFO | Alternating low-rank iter 400 | Loss: 0.531586 | Penalized: 0.532380
2026-05-02 20:04:27 | INFO | Alternating low-rank iter 500 | Loss: 0.531503 | Penalized: 0.532349
2026-05-02 20:04:37 | INFO | Alternating low-rank iter 600 | Loss: 0.531445 | Penalized: 0.532328
2026-05-02 20:04:48 | INFO | Alternating low-rank iter 700 | Loss: 0.531404 | Penalized: 0.532314
2026-05-02 20:04:57 | INFO | Done fitting.
2026-05-02 20:04:57 | INFO | Optimizer status: CONVERGED: alternating objective tolerance reached
2026-05-02 20:04:57 | INFO | Best optimizer start: 1 / 1
2026-05-02 20:04:57 | INFO | Final Loss: 0.531376
2026-05-02 20:04:57 | INFO | Estimated vs True Parameters:
2026-05-02 20:04:57 | INFO |   beta: -0.0757 (True: -0.3000) | SQE: 0.050312
2026-05-02 20:04:57 | INFO |   xi: 0.9068 (True: 0.8000) | SQE: 0.011416
2026-05-02 20:04:57 | INFO |   eta: 0.3138 (True: 0.3000) | SQE: 0.000191
2026-05-02 20:04:57 | INFO | Alternating low-rank optimizer diagnostics:
2026-05-02 20:04:57 | INFO |   penalized_objective: 0.532304
2026-05-02 20:04:57 | INFO |   mple_loss_without_penalty: 0.531376
2026-05-02 20:04:57 | INFO |   lambda_uv_ridge: 0.000500
2026-05-02 20:04:57 | INFO |   u_frobenius_norm: 730.402766
2026-05-02 20:04:57 | INFO |   v_frobenius_norm: 2.236068
2026-05-02 20:04:57 | INFO |   effective_rank: 5.000000
2026-05-02 20:04:57 | INFO | Field and interaction diagnostics:
2026-05-02 20:04:57 | INFO |   field_rmse: 1.468017
2026-05-02 20:04:57 | INFO |   interaction_fro_error: 1.182174
2026-05-02 20:04:57 | INFO |   estimated_field_max_abs_entry: 73.142713
2026-05-02 20:04:57 | INFO |   estimated_field_rank: 5.000000
2026-05-02 20:04:57 | INFO |   true_field_max_abs_entry: 3.005890
2026-05-02 20:04:57 | INFO |   true_field_rank: 5.000000
2026-05-02 20:04:57 | INFO | Saved summary table to /orcd/home/002/phevosp/MPLE-Causal-Inference/experiments/HybridExperiments_r5_c1_v2/r5_c1_hybrid_us_county_intervention_uscounty_graph_kernel_confounding/cv_runs/alternating_uv_grid/candidates/alternating_uv_grid_candidate_0001/fold_4/mple_summary.csv
2026-05-02 20:04:57 | INFO | Log saved to /orcd/home/002/phevosp/MPLE-Causal-Inference/experiments/HybridExperiments_r5_c1_v2/r5_c1_hybrid_us_county_intervention_uscounty_graph_kernel_confounding/cv_runs/alternating_uv_grid/candidates/alternating_uv_grid_candidate_0001/fold_4/mple.log
