2026-06-12 01:11:52 | INFO | Loading data...
2026-06-12 01:11:52 | INFO | Using panel artifact: /orcd/home/002/phevosp/MPLE-Causal-Inference/experiments/HybridAlt/partial_confounding/panel_data.npz
2026-06-12 01:11:52 | INFO | Using x_0 artifact: /orcd/home/002/phevosp/MPLE-Causal-Inference/experiments/HybridAlt/partial_confounding/x_0.npy
2026-06-12 01:11:52 | INFO | Using fit config: /orcd/home/002/phevosp/MPLE-Causal-Inference/experiments/HybridAlt/partial_confounding/cv_runs/default/candidates/default_candidate_0003/fold_2/fit_realized_config.yaml
2026-06-12 01:11:52 | INFO | Using model artifact directory: /orcd/home/002/phevosp/MPLE-Causal-Inference/experiments/HybridAlt/partial_confounding
2026-06-12 01:11:52 | INFO | Using truth artifact directory: /orcd/home/002/phevosp/MPLE-Causal-Inference/experiments/HybridAlt/partial_confounding
2026-06-12 01:11:52 | INFO | Using loss mask artifact: /orcd/home/002/phevosp/MPLE-Causal-Inference/experiments/HybridAlt/partial_confounding/cv_runs/default/candidates/default_candidate_0003/fold_2/loss_mask.npy
2026-06-12 01:11:52 | INFO | Configured optimizer mode: alternating_latent_rank
2026-06-12 01:11:52 | INFO | Configured latent rank: 5
2026-06-12 01:11:52 | INFO | Using a fixed known graph with scalar xi.
2026-06-12 01:11:52 | INFO | Fit-time hard bounds active: False
2026-06-12 01:11:52 | INFO | Fixed scalar parameters: {}
2026-06-12 01:11:52 | INFO | Warm-start fixed scalars: {} for 0 steps
2026-06-12 01:11:52 | INFO | Beta-gradient mask before s: True with s=50
2026-06-12 01:11:52 | INFO | Beta-gradient mask after e: True with e=115
2026-06-12 01:11:52 | INFO | Alternating V-column L2-ball constraint active with radius 1.0
2026-06-12 01:11:52 | INFO | Optimizer settings: steps=2000, tol=1e-07, n_starts=1, seed=0, lambda_nuclear=0.0, lambda_frobenius=0.0, lambda_uv_ridge=0.01, v_column_l2_max=1.0, proximal_lr=1.0
2026-06-12 01:11:52 | INFO | Alternating low-rank start 1/1 | seed=0 | initial_loss=0.788160 | initial_penalized=0.788160
2026-06-12 01:11:52 | INFO | Alternating low-rank iter 0 | Loss: 0.521122 | Penalized: 0.522176
2026-06-12 01:12:05 | INFO | Alternating low-rank iter 100 | Loss: 0.458199 | Penalized: 0.462751
2026-06-12 01:12:16 | INFO | Alternating low-rank iter 200 | Loss: 0.457290 | Penalized: 0.462239
2026-06-12 01:12:22 | INFO | Done fitting.
2026-06-12 01:12:22 | INFO | Optimizer status: CONVERGED: alternating objective tolerance reached
2026-06-12 01:12:22 | INFO | Best optimizer start: 1 / 1
2026-06-12 01:12:22 | INFO | Final Loss: 0.457194
2026-06-12 01:12:22 | INFO | Estimated vs True Parameters:
2026-06-12 01:12:22 | INFO |   beta: 0.0818 (True: -0.3000) | SQE: 0.145747
2026-06-12 01:12:22 | INFO |   xi: 1.0749 (True: 0.8000) | SQE: 0.075582
2026-06-12 01:12:22 | INFO |   eta: 0.2935 (True: 0.3000) | SQE: 0.000042
2026-06-12 01:12:22 | INFO | Alternating low-rank optimizer diagnostics:
2026-06-12 01:12:22 | INFO |   penalized_objective: 0.462217
2026-06-12 01:12:22 | INFO |   mple_loss_without_penalty: 0.457194
2026-06-12 01:12:22 | INFO |   lambda_uv_ridge: 0.010000
2026-06-12 01:12:22 | INFO |   u_frobenius_norm: 380.039721
2026-06-12 01:12:22 | INFO |   v_frobenius_norm: 2.236068
2026-06-12 01:12:22 | INFO |   effective_rank: 5.000000
2026-06-12 01:12:22 | INFO | Field and interaction diagnostics:
2026-06-12 01:12:22 | INFO |   field_rmse: 0.602658
2026-06-12 01:12:22 | INFO |   interaction_fro_error: 3.041774
2026-06-12 01:12:22 | INFO |   estimated_field_max_abs_entry: 11.554948
2026-06-12 01:12:22 | INFO |   estimated_field_rank: 5.000000
2026-06-12 01:12:22 | INFO |   true_field_max_abs_entry: 4.167041
2026-06-12 01:12:22 | INFO |   true_field_rank: 5.000000
2026-06-12 01:12:22 | INFO | Saved summary table to /orcd/home/002/phevosp/MPLE-Causal-Inference/experiments/HybridAlt/partial_confounding/cv_runs/default/candidates/default_candidate_0003/fold_2/mple_summary.csv
2026-06-12 01:12:22 | INFO | Log saved to /orcd/home/002/phevosp/MPLE-Causal-Inference/experiments/HybridAlt/partial_confounding/cv_runs/default/candidates/default_candidate_0003/fold_2/mple.log
