2026-04-07 13:25:09 | INFO | Loading data...
2026-04-07 13:25:09 | INFO | Loaded 6 field templates and 1 interaction templates.
2026-04-07 13:25:09 | INFO | Intervention-process model enabled: True
2026-04-07 13:25:09 | INFO | Tau zero-mean enabled: True
2026-04-07 13:25:09 | INFO | Tau smoothness lambda: 1.000000
2026-04-07 13:25:09 | INFO | Running conditional-model MPLE on x with shape=(70, 3203)
2026-04-07 13:25:09 | INFO | Eval 0  |  Loss: 0.662525
2026-04-07 13:25:09 | INFO |   field::log_population: +0.0126,  field::median_household_income: -0.0132,  field::poverty_rate: +0.0640,  field::pct_black: +0.0105,  field::pct_hispanic: -0.0536,  field::pct_in_labor_force: +0.0362,  tau block: mean=-0.0000, std=0.0990, min=-0.2421, max=+0.1864,  beta: -0.0662,  interaction::contiguity: +0.0935,  eta: +0.0049,  zeta: +0.2002,  psi: +0.0189
2026-04-07 13:25:13 | INFO | Done fitting.
2026-04-07 13:25:13 | INFO | Optimizer status: CONVERGENCE: RELATIVE REDUCTION OF F <= FACTR*EPSMCH
2026-04-07 13:25:13 | INFO | Final Loss: 0.147204
2026-04-07 13:25:13 | INFO | Estimated Parameters:
2026-04-07 13:25:13 | INFO |   field::log_population: 0.1568
2026-04-07 13:25:13 | INFO |   field::median_household_income: -0.3033
2026-04-07 13:25:13 | INFO |   field::poverty_rate: -0.0699
2026-04-07 13:25:13 | INFO |   field::pct_black: -0.1610
2026-04-07 13:25:13 | INFO |   field::pct_hispanic: -0.1011
2026-04-07 13:25:13 | INFO |   field::pct_in_labor_force: 0.0850
2026-04-07 13:25:13 | INFO |   tau::t_0: -0.1136
2026-04-07 13:25:13 | INFO |   tau::t_1: -0.0954
2026-04-07 13:25:13 | INFO |   tau::t_2: -0.1370
2026-04-07 13:25:13 | INFO |   tau::t_3: -0.1694
2026-04-07 13:25:13 | INFO |   tau::t_4: -0.1853
2026-04-07 13:25:13 | INFO |   tau::t_5: -0.3040
2026-04-07 13:25:13 | INFO |   tau::t_6: 0.0660
2026-04-07 13:25:13 | INFO |   tau::t_7: -0.1442
2026-04-07 13:25:13 | INFO |   tau::t_8: 0.0267
2026-04-07 13:25:13 | INFO |   tau::t_9: -0.0397
2026-04-07 13:25:13 | INFO |   tau::t_10: 0.0277
2026-04-07 13:25:13 | INFO |   tau::t_11: -0.0588
2026-04-07 13:25:13 | INFO |   tau::t_12: 0.0273
2026-04-07 13:25:13 | INFO |   tau::t_13: -0.0337
2026-04-07 13:25:13 | INFO |   tau::t_14: -0.1826
2026-04-07 13:25:13 | INFO |   tau::t_15: -0.1801
2026-04-07 13:25:13 | INFO |   tau::t_16: -0.2639
2026-04-07 13:25:13 | INFO |   tau::t_17: -0.2876
2026-04-07 13:25:13 | INFO |   tau::t_18: -0.4240
2026-04-07 13:25:13 | INFO |   tau::t_19: -0.3011
2026-04-07 13:25:13 | INFO |   tau::t_20: -0.5864
2026-04-07 13:25:13 | INFO |   tau::t_21: -0.3695
2026-04-07 13:25:13 | INFO |   tau::t_22: -0.5153
2026-04-07 13:25:13 | INFO |   tau::t_23: -0.4366
2026-04-07 13:25:13 | INFO |   tau::t_24: -0.4387
2026-04-07 13:25:13 | INFO |   tau::t_25: -0.2122
2026-04-07 13:25:13 | INFO |   tau::t_26: -0.1122
2026-04-07 13:25:13 | INFO |   tau::t_27: 0.1160
2026-04-07 13:25:13 | INFO |   tau::t_28: 0.2736
2026-04-07 13:25:13 | INFO |   tau::t_29: 0.2618
2026-04-07 13:25:13 | INFO |   tau::t_30: 0.2854
2026-04-07 13:25:13 | INFO |   tau::t_31: 0.2534
2026-04-07 13:25:13 | INFO |   tau::t_32: 0.2346
2026-04-07 13:25:13 | INFO |   tau::t_33: 0.2056
2026-04-07 13:25:13 | INFO |   tau::t_34: 0.0462
2026-04-07 13:25:13 | INFO |   tau::t_35: 0.1857
2026-04-07 13:25:13 | INFO |   tau::t_36: -0.0512
2026-04-07 13:25:13 | INFO |   tau::t_37: -0.1059
2026-04-07 13:25:13 | INFO |   tau::t_38: -0.1163
2026-04-07 13:25:13 | INFO |   tau::t_39: -0.1617
2026-04-07 13:25:13 | INFO |   tau::t_40: -0.1858
2026-04-07 13:25:13 | INFO |   tau::t_41: -0.0076
2026-04-07 13:25:13 | INFO |   tau::t_42: -0.0325
2026-04-07 13:25:13 | INFO |   tau::t_43: 0.0577
2026-04-07 13:25:13 | INFO |   tau::t_44: 0.0917
2026-04-07 13:25:13 | INFO |   tau::t_45: -0.3103
2026-04-07 13:25:13 | INFO |   tau::t_46: 0.3601
2026-04-07 13:25:13 | INFO |   tau::t_47: 0.0025
2026-04-07 13:25:13 | INFO |   tau::t_48: -0.0366
2026-04-07 13:25:13 | INFO |   tau::t_49: -0.0231
2026-04-07 13:25:13 | INFO |   tau::t_50: 0.5194
2026-04-07 13:25:13 | INFO |   tau::t_51: 0.8887
2026-04-07 13:25:13 | INFO |   tau::t_52: 1.1025
2026-04-07 13:25:13 | INFO |   tau::t_53: 1.9672
2026-04-07 13:25:13 | INFO |   tau::t_54: 1.9409
2026-04-07 13:25:13 | INFO |   tau::t_55: 0.4026
2026-04-07 13:25:13 | INFO |   tau::t_56: -0.2170
2026-04-07 13:25:13 | INFO |   tau::t_57: -0.3582
2026-04-07 13:25:13 | INFO |   tau::t_58: -0.4025
2026-04-07 13:25:13 | INFO |   tau::t_59: -0.1953
2026-04-07 13:25:13 | INFO |   tau::t_60: -0.1955
2026-04-07 13:25:13 | INFO |   tau::t_61: -0.1890
2026-04-07 13:25:13 | INFO |   tau::t_62: -0.2943
2026-04-07 13:25:13 | INFO |   tau::t_63: -0.3324
2026-04-07 13:25:13 | INFO |   tau::t_64: -0.2789
2026-04-07 13:25:13 | INFO |   tau::t_65: -0.1503
2026-04-07 13:25:13 | INFO |   tau::t_66: -0.0380
2026-04-07 13:25:13 | INFO |   tau::t_67: -0.1110
2026-04-07 13:25:13 | INFO |   tau::t_68: 0.0317
2026-04-07 13:25:13 | INFO |   tau::t_69: 0.0099
2026-04-07 13:25:13 | INFO |   beta: 0.0205
2026-04-07 13:25:13 | INFO |   interaction::contiguity: 2.6474
2026-04-07 13:25:13 | INFO |   eta: 0.5499
2026-04-07 13:25:13 | INFO |   zeta: 0.0879
2026-04-07 13:25:13 | INFO |   psi: 2.3537
2026-04-07 13:25:13 | INFO | Saved summary tables to C:\Users\phevo\Documents\MIT\Code\MPLE-Causal-Inference\experiments\USCountyVaccination_US\USCountyVaccination_US_tau_zero_mean_smooth\outcome_case_rate_100k_ge_200__intervention_complete_cov_ge_50__lag_0w__contiguity\mple_summary.csv and C:\Users\phevo\Documents\MIT\Code\MPLE-Causal-Inference\experiments\USCountyVaccination_US\USCountyVaccination_US_tau_zero_mean_smooth\outcome_case_rate_100k_ge_200__intervention_complete_cov_ge_50__lag_0w__contiguity\mple_summary.md
2026-04-07 13:25:13 | INFO | Log saved to C:\Users\phevo\Documents\MIT\Code\MPLE-Causal-Inference\experiments\USCountyVaccination_US\USCountyVaccination_US_tau_zero_mean_smooth\outcome_case_rate_100k_ge_200__intervention_complete_cov_ge_50__lag_0w__contiguity\mple.log
