2026-04-30 09:45:21 | INFO | Loading data...
2026-04-30 09:45:21 | INFO | Using panel artifact: /orcd/home/002/phevosp/MPLE-Causal-Inference/experiments/SyntheticHybridExperiments/r3_hybrid_us_county_intervention_uscounty_graph_contiguous_confounding/panel_data.npz
2026-04-30 09:45:21 | INFO | Using x_0 artifact: /orcd/home/002/phevosp/MPLE-Causal-Inference/experiments/SyntheticHybridExperiments/r3_hybrid_us_county_intervention_uscounty_graph_contiguous_confounding/x_0.npy
2026-04-30 09:45:21 | INFO | Using fit config: /orcd/home/002/phevosp/MPLE-Causal-Inference/experiments/SyntheticHybridExperiments/r3_hybrid_us_county_intervention_uscounty_graph_contiguous_confounding/fits/alternating_rank_3_uv_1_beta_mask/fit_realized_config.yaml
2026-04-30 09:45:21 | INFO | Using model artifact directory: /orcd/home/002/phevosp/MPLE-Causal-Inference/experiments/SyntheticHybridExperiments/r3_hybrid_us_county_intervention_uscounty_graph_contiguous_confounding
2026-04-30 09:45:21 | INFO | Using truth artifact directory: /orcd/home/002/phevosp/MPLE-Causal-Inference/experiments/SyntheticHybridExperiments/r3_hybrid_us_county_intervention_uscounty_graph_contiguous_confounding
2026-04-30 09:45:21 | INFO | Configured optimizer mode: alternating_latent_rank
2026-04-30 09:45:21 | INFO | Configured latent rank: 3
2026-04-30 09:45:21 | INFO | Using a fixed known graph with scalar xi.
2026-04-30 09:45:21 | INFO | Fit-time hard bounds active: False
2026-04-30 09:45:21 | INFO | Fixed scalar parameters: {}
2026-04-30 09:45:21 | INFO | Warm-start fixed scalars: {} for 0 steps
2026-04-30 09:45:21 | INFO | Beta mask before s: True with s=55
2026-04-30 09:45:21 | INFO | Beta mask after e: True with e=120
2026-04-30 09:45:21 | INFO | Alternating V-column L2-ball constraint active with radius 1.0
2026-04-30 09:45:21 | INFO | Optimizer settings: steps=20000, tol=1e-09, n_starts=1, seed=0, lambda_nuclear=0.0, lambda_frobenius=0.0, lambda_uv_ridge=1.0, v_column_l2_max=1.0, proximal_lr=1.0
2026-04-30 09:45:21 | INFO | Alternating low-rank start 1/1 | seed=0 | initial_loss=0.684374 | initial_penalized=0.684392
2026-04-30 09:45:21 | INFO | Alternating low-rank iter 0 | Loss: 0.600955 | Penalized: 0.605971
2026-04-30 09:45:33 | INFO | Alternating low-rank iter 100 | Loss: 0.585637 | Penalized: 0.590827
2026-04-30 09:45:46 | INFO | Alternating low-rank iter 200 | Loss: 0.585623 | Penalized: 0.590787
2026-04-30 09:45:51 | INFO | Done fitting.
2026-04-30 09:45:51 | INFO | Optimizer status: CONVERGED: alternating objective tolerance reached
2026-04-30 09:45:51 | INFO | Best optimizer start: 1 / 1
2026-04-30 09:45:51 | INFO | Final Loss: 0.585623
2026-04-30 09:45:51 | INFO | Estimated vs True Parameters:
2026-04-30 09:45:51 | INFO |   beta: 0.0974 (True: -0.3000) | SQE: 0.157941
2026-04-30 09:45:51 | INFO |   xi: 1.0225 (True: 0.8000) | SQE: 0.049492
2026-04-30 09:45:51 | INFO |   eta: 0.3318 (True: 0.3000) | SQE: 0.001009
2026-04-30 09:45:51 | INFO | Alternating low-rank optimizer diagnostics:
2026-04-30 09:45:51 | INFO |   penalized_objective: 0.590787
2026-04-30 09:45:51 | INFO |   mple_loss_without_penalty: 0.585623
2026-04-30 09:45:51 | INFO |   lambda_uv_ridge: 1.000000
2026-04-30 09:45:51 | INFO |   u_frobenius_norm: 43.180921
2026-04-30 09:45:51 | INFO |   v_frobenius_norm: 1.732051
2026-04-30 09:45:51 | INFO |   effective_rank: 3.000000
2026-04-30 09:45:51 | INFO | Field and interaction diagnostics:
2026-04-30 09:45:51 | INFO |   field_rmse: 0.465705
2026-04-30 09:45:51 | INFO |   interaction_fro_error: 2.103804
2026-04-30 09:45:51 | INFO |   estimated_field_max_abs_entry: 0.513480
2026-04-30 09:45:51 | INFO |   estimated_field_rank: 3.000000
2026-04-30 09:45:51 | INFO |   true_field_max_abs_entry: 2.169749
2026-04-30 09:45:51 | INFO |   true_field_rank: 3.000000
2026-04-30 09:45:51 | INFO | Saved summary table to /orcd/home/002/phevosp/MPLE-Causal-Inference/experiments/SyntheticHybridExperiments/r3_hybrid_us_county_intervention_uscounty_graph_contiguous_confounding/fits/alternating_rank_3_uv_1_beta_mask/mple_summary.csv
2026-04-30 09:45:51 | INFO | Log saved to /orcd/home/002/phevosp/MPLE-Causal-Inference/experiments/SyntheticHybridExperiments/r3_hybrid_us_county_intervention_uscounty_graph_contiguous_confounding/fits/alternating_rank_3_uv_1_beta_mask/mple.log
