2026-05-03 00:03:36 | INFO | Loading data...
2026-05-03 00:03:36 | INFO | Using panel artifact: /orcd/home/002/phevosp/MPLE-Causal-Inference/experiments/HybridExperiments_r1_v2/r1_hybrid_us_county_intervention_uscounty_graph_kernel_confounding/panel_data.npz
2026-05-03 00:03:36 | INFO | Using x_0 artifact: /orcd/home/002/phevosp/MPLE-Causal-Inference/experiments/HybridExperiments_r1_v2/r1_hybrid_us_county_intervention_uscounty_graph_kernel_confounding/x_0.npy
2026-05-03 00:03:36 | INFO | Using fit config: /orcd/home/002/phevosp/MPLE-Causal-Inference/experiments/HybridExperiments_r1_v2/r1_hybrid_us_county_intervention_uscounty_graph_kernel_confounding/cv_runs/alternating_uv_grid/candidates/alternating_uv_grid_candidate_0003/fold_5/fit_realized_config.yaml
2026-05-03 00:03:36 | INFO | Using model artifact directory: /orcd/home/002/phevosp/MPLE-Causal-Inference/experiments/HybridExperiments_r1_v2/r1_hybrid_us_county_intervention_uscounty_graph_kernel_confounding
2026-05-03 00:03:36 | INFO | Using truth artifact directory: /orcd/home/002/phevosp/MPLE-Causal-Inference/experiments/HybridExperiments_r1_v2/r1_hybrid_us_county_intervention_uscounty_graph_kernel_confounding
2026-05-03 00:03:36 | INFO | Using loss mask artifact: /orcd/home/002/phevosp/MPLE-Causal-Inference/experiments/HybridExperiments_r1_v2/r1_hybrid_us_county_intervention_uscounty_graph_kernel_confounding/cv_runs/alternating_uv_grid/candidates/alternating_uv_grid_candidate_0003/fold_5/loss_mask.npy
2026-05-03 00:03:36 | INFO | Configured optimizer mode: alternating_latent_rank
2026-05-03 00:03:36 | INFO | Configured latent rank: 1
2026-05-03 00:03:36 | INFO | Using a fixed known graph with scalar xi.
2026-05-03 00:03:36 | INFO | Fit-time hard bounds active: False
2026-05-03 00:03:36 | INFO | Fixed scalar parameters: {}
2026-05-03 00:03:36 | INFO | Warm-start fixed scalars: {} for 0 steps
2026-05-03 00:03:36 | INFO | Beta mask before s: True with s=50
2026-05-03 00:03:36 | INFO | Beta mask after e: True with e=115
2026-05-03 00:03:36 | INFO | Alternating V-column L2-ball constraint active with radius 1.0
2026-05-03 00:03:36 | INFO | Optimizer settings: steps=2000, tol=1e-07, n_starts=1, seed=0, lambda_nuclear=0.0, lambda_frobenius=0.0, lambda_uv_ridge=0.001, v_column_l2_max=1.0, proximal_lr=1.0
2026-05-03 00:03:36 | INFO | Alternating low-rank start 1/1 | seed=0 | initial_loss=0.695884 | initial_penalized=0.695884
2026-05-03 00:03:36 | INFO | Alternating low-rank iter 0 | Loss: 0.521159 | Penalized: 0.521256
2026-05-03 00:03:42 | INFO | Alternating low-rank iter 100 | Loss: 0.493902 | Penalized: 0.494132
2026-05-03 00:03:48 | INFO | Done fitting.
2026-05-03 00:03:48 | INFO | Optimizer status: CONVERGED: alternating objective tolerance reached
2026-05-03 00:03:48 | INFO | Best optimizer start: 1 / 1
2026-05-03 00:03:48 | INFO | Final Loss: 0.493862
2026-05-03 00:03:48 | INFO | Estimated vs True Parameters:
2026-05-03 00:03:48 | INFO |   beta: -0.3053 (True: -0.3000) | SQE: 0.000028
2026-05-03 00:03:48 | INFO |   xi: 0.8020 (True: 0.8000) | SQE: 0.000004
2026-05-03 00:03:48 | INFO |   eta: 0.2867 (True: 0.3000) | SQE: 0.000178
2026-05-03 00:03:48 | INFO | Alternating low-rank optimizer diagnostics:
2026-05-03 00:03:48 | INFO |   penalized_objective: 0.494075
2026-05-03 00:03:48 | INFO |   mple_loss_without_penalty: 0.493862
2026-05-03 00:03:48 | INFO |   lambda_uv_ridge: 0.001000
2026-05-03 00:03:48 | INFO |   u_frobenius_norm: 247.572443
2026-05-03 00:03:48 | INFO |   v_frobenius_norm: 1.000000
2026-05-03 00:03:48 | INFO |   effective_rank: 1.000000
2026-05-03 00:03:48 | INFO | Field and interaction diagnostics:
2026-05-03 00:03:48 | INFO |   field_rmse: 0.238579
2026-05-03 00:03:48 | INFO |   interaction_fro_error: 0.022381
2026-05-03 00:03:48 | INFO |   estimated_field_max_abs_entry: 1.609284
2026-05-03 00:03:48 | INFO |   estimated_field_rank: 1.000000
2026-05-03 00:03:48 | INFO |   true_field_max_abs_entry: 0.609457
2026-05-03 00:03:48 | INFO |   true_field_rank: 1.000000
2026-05-03 00:03:48 | INFO | Saved summary table to /orcd/home/002/phevosp/MPLE-Causal-Inference/experiments/HybridExperiments_r1_v2/r1_hybrid_us_county_intervention_uscounty_graph_kernel_confounding/cv_runs/alternating_uv_grid/candidates/alternating_uv_grid_candidate_0003/fold_5/mple_summary.csv
2026-05-03 00:03:48 | INFO | Log saved to /orcd/home/002/phevosp/MPLE-Causal-Inference/experiments/HybridExperiments_r1_v2/r1_hybrid_us_county_intervention_uscounty_graph_kernel_confounding/cv_runs/alternating_uv_grid/candidates/alternating_uv_grid_candidate_0003/fold_5/mple.log
