2026-04-08 11:55:58 | INFO | Loading data...
2026-04-08 11:55:58 | INFO | Loaded 6 field templates and 1 interaction templates.
2026-04-08 11:55:58 | INFO | Intervention-process model enabled: True
2026-04-08 11:55:58 | INFO | Tau zero-mean enabled: False
2026-04-08 11:55:58 | INFO | Tau smoothness lambda: 0.000000
2026-04-08 11:55:58 | INFO | Running conditional-model MPLE on x with shape=(68, 3203)
2026-04-08 11:55:58 | INFO | Eval 0  |  Loss: 0.740858
2026-04-08 11:55:58 | INFO |   field::population_density: +0.0126,  field::senior_population: -0.0132,  field::college_education: +0.0640,  field::poverty_rate: +0.0105,  field::log_population: -0.0536,  field::median_household_income: +0.0362,  tau block: mean=+0.0092, std=0.0967, min=-0.2325, max=+0.1960,  beta: +0.1822,  interaction::contiguity: -0.1320,  eta: -0.0662,  zeta: +0.0935,  psi: +0.0049
2026-04-08 11:56:01 | INFO | Done fitting.
2026-04-08 11:56:01 | INFO | Optimizer status: CONVERGENCE: RELATIVE REDUCTION OF F <= FACTR*EPSMCH
2026-04-08 11:56:01 | INFO | Final Loss: 0.285898
2026-04-08 11:56:01 | INFO | Estimated Parameters:
2026-04-08 11:56:01 | INFO |   field::population_density: -1.6967
2026-04-08 11:56:01 | INFO |   field::senior_population: -0.1114
2026-04-08 11:56:01 | INFO |   field::college_education: -0.8161
2026-04-08 11:56:01 | INFO |   field::poverty_rate: -0.7707
2026-04-08 11:56:01 | INFO |   field::log_population: 1.2011
2026-04-08 11:56:01 | INFO |   field::median_household_income: -0.6925
2026-04-08 11:56:01 | INFO |   tau::t_0: 0.0514
2026-04-08 11:56:01 | INFO |   tau::t_1: 0.0408
2026-04-08 11:56:01 | INFO |   tau::t_2: -0.0288
2026-04-08 11:56:01 | INFO |   tau::t_3: -0.1385
2026-04-08 11:56:01 | INFO |   tau::t_4: -0.0689
2026-04-08 11:56:01 | INFO |   tau::t_5: -0.1209
2026-04-08 11:56:01 | INFO |   tau::t_6: -0.1992
2026-04-08 11:56:01 | INFO |   tau::t_7: -0.2755
2026-04-08 11:56:01 | INFO |   tau::t_8: -0.2875
2026-04-08 11:56:01 | INFO |   tau::t_9: -0.3316
2026-04-08 11:56:01 | INFO |   tau::t_10: -0.3076
2026-04-08 11:56:01 | INFO |   tau::t_11: -0.2972
2026-04-08 11:56:01 | INFO |   tau::t_12: -0.3556
2026-04-08 11:56:01 | INFO |   tau::t_13: -0.3673
2026-04-08 11:56:01 | INFO |   tau::t_14: -0.3482
2026-04-08 11:56:01 | INFO |   tau::t_15: -0.3664
2026-04-08 11:56:01 | INFO |   tau::t_16: -0.3764
2026-04-08 11:56:01 | INFO |   tau::t_17: -0.2792
2026-04-08 11:56:01 | INFO |   tau::t_18: -0.4550
2026-04-08 11:56:01 | INFO |   tau::t_19: -0.4097
2026-04-08 11:56:01 | INFO |   tau::t_20: -0.5472
2026-04-08 11:56:01 | INFO |   tau::t_21: -0.5559
2026-04-08 11:56:01 | INFO |   tau::t_22: -0.5827
2026-04-08 11:56:01 | INFO |   tau::t_23: -0.6639
2026-04-08 11:56:01 | INFO |   tau::t_24: -0.5426
2026-04-08 11:56:01 | INFO |   tau::t_25: -0.5260
2026-04-08 11:56:01 | INFO |   tau::t_26: -0.4736
2026-04-08 11:56:01 | INFO |   tau::t_27: -0.3389
2026-04-08 11:56:01 | INFO |   tau::t_28: -0.2456
2026-04-08 11:56:01 | INFO |   tau::t_29: -0.1637
2026-04-08 11:56:01 | INFO |   tau::t_30: -0.1034
2026-04-08 11:56:01 | INFO |   tau::t_31: -0.0765
2026-04-08 11:56:01 | INFO |   tau::t_32: -0.0422
2026-04-08 11:56:01 | INFO |   tau::t_33: 0.0706
2026-04-08 11:56:01 | INFO |   tau::t_34: 0.0676
2026-04-08 11:56:01 | INFO |   tau::t_35: 0.0867
2026-04-08 11:56:01 | INFO |   tau::t_36: 0.0365
2026-04-08 11:56:01 | INFO |   tau::t_37: 0.0323
2026-04-08 11:56:01 | INFO |   tau::t_38: 0.0422
2026-04-08 11:56:01 | INFO |   tau::t_39: 0.0209
2026-04-08 11:56:01 | INFO |   tau::t_40: -0.0369
2026-04-08 11:56:01 | INFO |   tau::t_41: -0.0382
2026-04-08 11:56:01 | INFO |   tau::t_42: -0.0236
2026-04-08 11:56:01 | INFO |   tau::t_43: -0.1942
2026-04-08 11:56:01 | INFO |   tau::t_44: 0.0570
2026-04-08 11:56:01 | INFO |   tau::t_45: -0.0142
2026-04-08 11:56:01 | INFO |   tau::t_46: -0.0214
2026-04-08 11:56:01 | INFO |   tau::t_47: -0.0705
2026-04-08 11:56:01 | INFO |   tau::t_48: -0.0436
2026-04-08 11:56:01 | INFO |   tau::t_49: 0.0428
2026-04-08 11:56:01 | INFO |   tau::t_50: 0.0387
2026-04-08 11:56:01 | INFO |   tau::t_51: 0.0589
2026-04-08 11:56:01 | INFO |   tau::t_52: 0.1300
2026-04-08 11:56:01 | INFO |   tau::t_53: 0.1800
2026-04-08 11:56:01 | INFO |   tau::t_54: 0.1706
2026-04-08 11:56:01 | INFO |   tau::t_55: 0.1459
2026-04-08 11:56:01 | INFO |   tau::t_56: 0.0741
2026-04-08 11:56:01 | INFO |   tau::t_57: 0.0230
2026-04-08 11:56:01 | INFO |   tau::t_58: -0.0610
2026-04-08 11:56:01 | INFO |   tau::t_59: -0.0777
2026-04-08 11:56:01 | INFO |   tau::t_60: -0.1642
2026-04-08 11:56:01 | INFO |   tau::t_61: -0.2311
2026-04-08 11:56:01 | INFO |   tau::t_62: -0.3305
2026-04-08 11:56:01 | INFO |   tau::t_63: -0.2955
2026-04-08 11:56:01 | INFO |   tau::t_64: -0.4225
2026-04-08 11:56:01 | INFO |   tau::t_65: -0.4292
2026-04-08 11:56:01 | INFO |   tau::t_66: -0.2783
2026-04-08 11:56:01 | INFO |   tau::t_67: -0.5217
2026-04-08 11:56:01 | INFO |   beta: -0.0489
2026-04-08 11:56:01 | INFO |   interaction::contiguity: 1.3864
2026-04-08 11:56:01 | INFO |   eta: 0.2138
2026-04-08 11:56:01 | INFO |   zeta: -0.2020
2026-04-08 11:56:01 | INFO |   psi: 2.1157
2026-04-08 11:56:01 | INFO | Saved summary tables to C:\Users\phevo\Documents\MIT\Code\MPLE-Causal-Inference\experiments\USCountyVaccination_US_features_new\outcome_death_rate_100k_ge_2__intervention_complete_cov_ge_30__lag_2w__contiguity\mple_summary.csv and C:\Users\phevo\Documents\MIT\Code\MPLE-Causal-Inference\experiments\USCountyVaccination_US_features_new\outcome_death_rate_100k_ge_2__intervention_complete_cov_ge_30__lag_2w__contiguity\mple_summary.md
2026-04-08 11:56:01 | INFO | Log saved to C:\Users\phevo\Documents\MIT\Code\MPLE-Causal-Inference\experiments\USCountyVaccination_US_features_new\outcome_death_rate_100k_ge_2__intervention_complete_cov_ge_30__lag_2w__contiguity\mple.log
