2026-04-12 13:21:22 | INFO | Loading data...
2026-04-12 13:21:22 | INFO | Using panel artifact: C:\Users\phevo\Documents\MIT\Code\MPLE-Causal-Inference\experiments\SyntheticHybridExperiments\hybrid_uscounty_intervention_generated_graph_rank_40\panel_data.npz
2026-04-12 13:21:22 | INFO | Using x_0 artifact: C:\Users\phevo\Documents\MIT\Code\MPLE-Causal-Inference\experiments\SyntheticHybridExperiments\hybrid_uscounty_intervention_generated_graph_rank_40\x_0.npy
2026-04-12 13:21:22 | INFO | Using z_0 artifact: C:\Users\phevo\Documents\MIT\Code\MPLE-Causal-Inference\experiments\SyntheticHybridExperiments\hybrid_uscounty_intervention_generated_graph_rank_40\z_0.npy
2026-04-12 13:21:22 | INFO | Using fit config: C:\Users\phevo\Documents\MIT\Code\MPLE-Causal-Inference\experiments\SyntheticHybridExperiments\hybrid_uscounty_intervention_generated_graph_rank_40\fits\rank_6_b6\fit_realized_config.yaml
2026-04-12 13:21:22 | INFO | Using model artifact directory: C:\Users\phevo\Documents\MIT\Code\MPLE-Causal-Inference\experiments\SyntheticHybridExperiments\hybrid_uscounty_intervention_generated_graph_rank_40
2026-04-12 13:21:22 | INFO | Using truth artifact directory: C:\Users\phevo\Documents\MIT\Code\MPLE-Causal-Inference\experiments\SyntheticHybridExperiments\hybrid_uscounty_intervention_generated_graph_rank_40
2026-04-12 13:21:22 | INFO | Configured latent rank: 6
2026-04-12 13:21:22 | INFO | Using a fixed known graph with scalar xi.
2026-04-12 13:21:22 | INFO | Intervention-process model enabled: True
2026-04-12 13:21:22 | INFO | Global temperature bound B active: True
2026-04-12 13:21:22 | INFO | Effective xi bound from interaction constraint: 6.000000
2026-04-12 13:21:22 | INFO | Beta mask pre-intervention enabled: False
2026-04-12 13:21:22 | INFO | Beta mask rescale enabled: False
2026-04-12 13:21:22 | INFO | Fixed scalar parameters: {}
2026-04-12 13:21:22 | INFO | Eval 0  |  Loss: 0.787380
2026-04-12 13:21:22 | INFO |   beta: -0.0150,  xi: -0.0239,  eta: -0.1255,  zeta: -0.0447,  psi: -0.0128
2026-04-12 13:21:32 | INFO | Eval 100  |  Loss: 0.237210
2026-04-12 13:21:32 | INFO |   beta: +0.3555,  xi: +0.7587,  eta: +0.4766,  zeta: +0.1124,  psi: +2.0241
2026-04-12 13:21:43 | INFO | Eval 200  |  Loss: 0.237171
2026-04-12 13:21:43 | INFO |   beta: +0.3564,  xi: +0.7443,  eta: +0.4801,  zeta: +0.1241,  psi: +1.9989
2026-04-12 13:21:53 | INFO | Eval 300  |  Loss: 0.237171
2026-04-12 13:21:53 | INFO |   beta: +0.3556,  xi: +0.7444,  eta: +0.4804,  zeta: +0.1173,  psi: +2.0002
2026-04-12 13:21:56 | INFO | Done fitting.
2026-04-12 13:21:56 | INFO | Optimizer status: CONVERGENCE: RELATIVE REDUCTION OF F <= FACTR*EPSMCH
2026-04-12 13:21:56 | INFO | Final Loss: 0.237171
2026-04-12 13:21:56 | INFO | Estimated vs True Parameters:
2026-04-12 13:21:56 | INFO |   beta: 0.3557 (True: 0.3500) | SQE: 0.000033
2026-04-12 13:21:56 | INFO |   xi: 0.7441 (True: 0.7500) | SQE: 0.000034
2026-04-12 13:21:56 | INFO |   eta: 0.4804 (True: 0.4800) | SQE: 0.000000
2026-04-12 13:21:56 | INFO |   zeta: 0.1165 (True: -0.5500) | SQE: 0.444220
2026-04-12 13:21:56 | INFO |   psi: 2.0005 (True: 0.8000) | SQE: 1.441211
2026-04-12 13:21:56 | INFO | Field and interaction diagnostics:
2026-04-12 13:21:56 | INFO |   field_rmse: 0.001901
2026-04-12 13:21:56 | INFO |   interaction_fro_error: 0.020075
2026-04-12 13:21:56 | INFO |   estimated_field_inf_norm: 6.000000
2026-04-12 13:21:56 | INFO |   estimated_field_rank: 6.000000
2026-04-12 13:21:56 | INFO |   bound_B: 6.000000
2026-04-12 13:21:56 | INFO |   true_field_inf_norm: 5.000000
2026-04-12 13:21:56 | INFO |   true_field_rank: 40.000000
2026-04-12 13:21:57 | INFO | Saved summary tables to C:\Users\phevo\Documents\MIT\Code\MPLE-Causal-Inference\experiments\SyntheticHybridExperiments\hybrid_uscounty_intervention_generated_graph_rank_40\fits\rank_6_b6\mple_summary.csv and C:\Users\phevo\Documents\MIT\Code\MPLE-Causal-Inference\experiments\SyntheticHybridExperiments\hybrid_uscounty_intervention_generated_graph_rank_40\fits\rank_6_b6\mple_summary.md
2026-04-12 13:21:57 | INFO | Log saved to C:\Users\phevo\Documents\MIT\Code\MPLE-Causal-Inference\experiments\SyntheticHybridExperiments\hybrid_uscounty_intervention_generated_graph_rank_40\fits\rank_6_b6\mple.log
