2026-05-01 00:01:42 | INFO | Loading data...
2026-05-01 00:01:42 | INFO | Using panel artifact: /orcd/home/002/phevosp/MPLE-Causal-Inference/experiments/SyntheticHybridExperiments/r5_c1_hybrid_us_county_intervention_uscounty_graph_contiguous_confounding/panel_data.npz
2026-05-01 00:01:42 | INFO | Using x_0 artifact: /orcd/home/002/phevosp/MPLE-Causal-Inference/experiments/SyntheticHybridExperiments/r5_c1_hybrid_us_county_intervention_uscounty_graph_contiguous_confounding/x_0.npy
2026-05-01 00:01:42 | INFO | Using fit config: /orcd/home/002/phevosp/MPLE-Causal-Inference/experiments/SyntheticHybridExperiments/r5_c1_hybrid_us_county_intervention_uscounty_graph_contiguous_confounding/cv_runs/alternating_uv_grid/candidates/alternating_uv_grid_candidate_0007/fold_2/fit_realized_config.yaml
2026-05-01 00:01:42 | INFO | Using model artifact directory: /orcd/home/002/phevosp/MPLE-Causal-Inference/experiments/SyntheticHybridExperiments/r5_c1_hybrid_us_county_intervention_uscounty_graph_contiguous_confounding
2026-05-01 00:01:42 | INFO | Using truth artifact directory: /orcd/home/002/phevosp/MPLE-Causal-Inference/experiments/SyntheticHybridExperiments/r5_c1_hybrid_us_county_intervention_uscounty_graph_contiguous_confounding
2026-05-01 00:01:42 | INFO | Using loss mask artifact: /orcd/home/002/phevosp/MPLE-Causal-Inference/experiments/SyntheticHybridExperiments/r5_c1_hybrid_us_county_intervention_uscounty_graph_contiguous_confounding/cv_runs/alternating_uv_grid/candidates/alternating_uv_grid_candidate_0007/fold_2/loss_mask.npy
2026-05-01 00:01:42 | INFO | Configured optimizer mode: alternating_latent_rank
2026-05-01 00:01:42 | INFO | Configured latent rank: 5
2026-05-01 00:01:42 | INFO | Using a fixed known graph with scalar xi.
2026-05-01 00:01:42 | INFO | Fit-time hard bounds active: False
2026-05-01 00:01:42 | INFO | Fixed scalar parameters: {}
2026-05-01 00:01:42 | INFO | Warm-start fixed scalars: {} for 0 steps
2026-05-01 00:01:42 | INFO | Beta mask before s: True with s=55
2026-05-01 00:01:42 | INFO | Beta mask after e: True with e=120
2026-05-01 00:01:42 | INFO | Alternating V-column L2-ball constraint active with radius 1.0
2026-05-01 00:01:42 | INFO | Optimizer settings: steps=2000, tol=1e-07, n_starts=1, seed=0, lambda_nuclear=0.0, lambda_frobenius=0.0, lambda_uv_ridge=0.5, v_column_l2_max=1.0, proximal_lr=1.0
2026-05-01 00:01:42 | INFO | Alternating low-rank start 1/1 | seed=0 | initial_loss=0.697832 | initial_penalized=0.697850
2026-05-01 00:01:42 | INFO | Alternating low-rank iter 0 | Loss: 0.610209 | Penalized: 0.620390
2026-05-01 00:01:57 | INFO | Alternating low-rank iter 100 | Loss: 0.580371 | Penalized: 0.600119
2026-05-01 00:02:11 | INFO | Done fitting.
2026-05-01 00:02:11 | INFO | Optimizer status: CONVERGED: alternating objective tolerance reached
2026-05-01 00:02:11 | INFO | Best optimizer start: 1 / 1
2026-05-01 00:02:11 | INFO | Final Loss: 0.580234
2026-05-01 00:02:11 | INFO | Estimated vs True Parameters:
2026-05-01 00:02:11 | INFO |   beta: -0.0976 (True: -0.3000) | SQE: 0.040950
2026-05-01 00:02:11 | INFO |   xi: 0.8574 (True: 0.8000) | SQE: 0.003299
2026-05-01 00:02:11 | INFO |   eta: 0.2847 (True: 0.3000) | SQE: 0.000235
2026-05-01 00:02:11 | INFO | Alternating low-rank optimizer diagnostics:
2026-05-01 00:02:11 | INFO |   penalized_objective: 0.600005
2026-05-01 00:02:11 | INFO |   mple_loss_without_penalty: 0.580234
2026-05-01 00:02:11 | INFO |   lambda_uv_ridge: 0.500000
2026-05-01 00:02:11 | INFO |   u_frobenius_norm: 105.294929
2026-05-01 00:02:11 | INFO |   v_frobenius_norm: 2.236068
2026-05-01 00:02:11 | INFO |   effective_rank: 5.000000
2026-05-01 00:02:11 | INFO | Field and interaction diagnostics:
2026-05-01 00:02:11 | INFO |   field_rmse: 0.383020
2026-05-01 00:02:11 | INFO |   interaction_fro_error: 0.543168
2026-05-01 00:02:11 | INFO |   estimated_field_max_abs_entry: 1.012555
2026-05-01 00:02:11 | INFO |   estimated_field_rank: 5.000000
2026-05-01 00:02:11 | INFO |   true_field_max_abs_entry: 2.906201
2026-05-01 00:02:11 | INFO |   true_field_rank: 5.000000
2026-05-01 00:02:11 | INFO | Saved summary table to /orcd/home/002/phevosp/MPLE-Causal-Inference/experiments/SyntheticHybridExperiments/r5_c1_hybrid_us_county_intervention_uscounty_graph_contiguous_confounding/cv_runs/alternating_uv_grid/candidates/alternating_uv_grid_candidate_0007/fold_2/mple_summary.csv
2026-05-01 00:02:11 | INFO | Log saved to /orcd/home/002/phevosp/MPLE-Causal-Inference/experiments/SyntheticHybridExperiments/r5_c1_hybrid_us_county_intervention_uscounty_graph_contiguous_confounding/cv_runs/alternating_uv_grid/candidates/alternating_uv_grid_candidate_0007/fold_2/mple.log
