2026-04-12 13:14:16 | INFO | Loading data...
2026-04-12 13:14:16 | INFO | Using panel artifact: C:\Users\phevo\Documents\MIT\Code\MPLE-Causal-Inference\experiments\SyntheticHybridExperiments\synthetic_rank_40_b1\panel_data.npz
2026-04-12 13:14:16 | INFO | Using x_0 artifact: C:\Users\phevo\Documents\MIT\Code\MPLE-Causal-Inference\experiments\SyntheticHybridExperiments\synthetic_rank_40_b1\x_0.npy
2026-04-12 13:14:16 | INFO | Using z_0 artifact: C:\Users\phevo\Documents\MIT\Code\MPLE-Causal-Inference\experiments\SyntheticHybridExperiments\synthetic_rank_40_b1\z_0.npy
2026-04-12 13:14:16 | INFO | Using fit config: C:\Users\phevo\Documents\MIT\Code\MPLE-Causal-Inference\experiments\SyntheticHybridExperiments\synthetic_rank_40_b1\fits\rank_6_b1\fit_realized_config.yaml
2026-04-12 13:14:16 | INFO | Using model artifact directory: C:\Users\phevo\Documents\MIT\Code\MPLE-Causal-Inference\experiments\SyntheticHybridExperiments\synthetic_rank_40_b1
2026-04-12 13:14:16 | INFO | Using truth artifact directory: C:\Users\phevo\Documents\MIT\Code\MPLE-Causal-Inference\experiments\SyntheticHybridExperiments\synthetic_rank_40_b1
2026-04-12 13:14:16 | INFO | Configured latent rank: 6
2026-04-12 13:14:16 | INFO | Using a fixed known graph with scalar xi.
2026-04-12 13:14:16 | INFO | Intervention-process model enabled: True
2026-04-12 13:14:16 | INFO | Global temperature bound B active: True
2026-04-12 13:14:16 | INFO | Effective xi bound from interaction constraint: 1.000000
2026-04-12 13:14:16 | INFO | Beta mask pre-intervention enabled: False
2026-04-12 13:14:16 | INFO | Beta mask rescale enabled: False
2026-04-12 13:14:16 | INFO | Fixed scalar parameters: {}
2026-04-12 13:14:16 | INFO | Eval 0  |  Loss: 0.685078
2026-04-12 13:14:16 | INFO |   beta: +0.0391,  xi: -0.1539,  eta: +0.1189,  zeta: -0.0461,  psi: -0.0806
2026-04-12 13:14:17 | INFO | Eval 100  |  Loss: 0.516627
2026-04-12 13:14:17 | INFO |   beta: +0.3593,  xi: +0.7112,  eta: +0.4885,  zeta: -0.5507,  psi: +0.8009
2026-04-12 13:14:17 | INFO | Eval 200  |  Loss: 0.516604
2026-04-12 13:14:17 | INFO |   beta: +0.3615,  xi: +0.6446,  eta: +0.4925,  zeta: -0.5521,  psi: +0.7967
2026-04-12 13:14:18 | INFO | Eval 300  |  Loss: 0.516604
2026-04-12 13:14:18 | INFO |   beta: +0.3597,  xi: +0.6428,  eta: +0.4932,  zeta: -0.5472,  psi: +0.7904
2026-04-12 13:14:18 | INFO | Eval 400  |  Loss: 0.516579
2026-04-12 13:14:18 | INFO |   beta: +0.3655,  xi: +0.6446,  eta: +0.4901,  zeta: -0.5511,  psi: +0.7990
2026-04-12 13:14:19 | INFO | Eval 500  |  Loss: 0.516570
2026-04-12 13:14:19 | INFO |   beta: +0.3574,  xi: +0.7261,  eta: +0.4887,  zeta: -0.5624,  psi: +0.8097
2026-04-12 13:14:19 | INFO | Done fitting.
2026-04-12 13:14:19 | INFO | Optimizer status: CONVERGENCE: RELATIVE REDUCTION OF F <= FACTR*EPSMCH
2026-04-12 13:14:19 | INFO | Final Loss: 0.516554
2026-04-12 13:14:19 | INFO | Estimated vs True Parameters:
2026-04-12 13:14:19 | INFO |   beta: 0.3656 (True: 0.3500) | SQE: 0.000244
2026-04-12 13:14:19 | INFO |   xi: 0.6502 (True: 0.7500) | SQE: 0.009966
2026-04-12 13:14:19 | INFO |   eta: 0.4904 (True: 0.4800) | SQE: 0.000108
2026-04-12 13:14:19 | INFO |   zeta: -0.5585 (True: -0.5500) | SQE: 0.000073
2026-04-12 13:14:19 | INFO |   psi: 0.8054 (True: 0.8000) | SQE: 0.000029
2026-04-12 13:14:19 | INFO | Field and interaction diagnostics:
2026-04-12 13:14:19 | INFO |   field_rmse: 0.002531
2026-04-12 13:14:19 | INFO |   interaction_fro_error: 0.265624
2026-04-12 13:14:19 | INFO |   estimated_field_inf_norm: 1.000000
2026-04-12 13:14:19 | INFO |   estimated_field_rank: 6.000000
2026-04-12 13:14:19 | INFO |   bound_B: 1.000000
2026-04-12 13:14:19 | INFO |   true_field_inf_norm: 1.000000
2026-04-12 13:14:19 | INFO |   true_field_rank: 40.000000
2026-04-12 13:14:19 | INFO | Saved summary tables to C:\Users\phevo\Documents\MIT\Code\MPLE-Causal-Inference\experiments\SyntheticHybridExperiments\synthetic_rank_40_b1\fits\rank_6_b1\mple_summary.csv and C:\Users\phevo\Documents\MIT\Code\MPLE-Causal-Inference\experiments\SyntheticHybridExperiments\synthetic_rank_40_b1\fits\rank_6_b1\mple_summary.md
2026-04-12 13:14:19 | INFO | Log saved to C:\Users\phevo\Documents\MIT\Code\MPLE-Causal-Inference\experiments\SyntheticHybridExperiments\synthetic_rank_40_b1\fits\rank_6_b1\mple.log
