2026-04-06 09:08:40 | INFO | Loading data...
2026-04-06 09:08:40 | INFO | Loaded 9 field templates and 1 interaction templates.
2026-04-06 09:08:40 | INFO | Intervention-process model enabled: False
2026-04-06 09:08:40 | INFO | Running conditional-model MPLE on x with shape=(15, 9642)
2026-04-06 09:08:40 | INFO | Eval 0  |  Loss: 0.811400
2026-04-06 09:08:40 | INFO |   field::intercept: +0.0126,  field::total_pop: -0.0132,  field::black_share: +0.0640,  field::hispanic_share: +0.0105,  field::male_1521_share: -0.0536,  field::family_household_share: +0.0362,  field::female_household_share: +0.1304,  field::renter_share: +0.0947,  field::vacant_share: -0.0704,  tau block: mean=-0.0323, std=0.0897, min=-0.2325, max=+0.1366,  beta: +0.0903,  interaction::centroid_distance_kernel_8: +0.0094,  eta: -0.0743
2026-04-06 09:08:42 | INFO | Eval 100  |  Loss: 0.449878
2026-04-06 09:08:42 | INFO |   field::intercept: +0.1517,  field::total_pop: -4.4749,  field::black_share: -0.2780,  field::hispanic_share: -0.2094,  field::male_1521_share: +0.1346,  field::family_household_share: +0.2537,  field::female_household_share: -0.2188,  field::renter_share: -0.1399,  field::vacant_share: -1.4221,  tau block: mean=-0.0231, std=0.0549, min=-0.0930, max=+0.1069,  beta: -0.0945,  interaction::centroid_distance_kernel_8: +1.0696,  eta: +0.3876
2026-04-06 09:08:42 | INFO | Done fitting.
2026-04-06 09:08:42 | INFO | Optimizer status: CONVERGENCE: RELATIVE REDUCTION OF F <= FACTR*EPSMCH
2026-04-06 09:08:42 | INFO | Final Loss: 0.449878
2026-04-06 09:08:42 | INFO | Estimated Parameters:
2026-04-06 09:08:42 | INFO |   field::intercept: 0.1537
2026-04-06 09:08:42 | INFO |   field::total_pop: -4.4500
2026-04-06 09:08:42 | INFO |   field::black_share: -0.2778
2026-04-06 09:08:42 | INFO |   field::hispanic_share: -0.2126
2026-04-06 09:08:42 | INFO |   field::male_1521_share: 0.1404
2026-04-06 09:08:42 | INFO |   field::family_household_share: 0.2532
2026-04-06 09:08:42 | INFO |   field::female_household_share: -0.2177
2026-04-06 09:08:42 | INFO |   field::renter_share: -0.1404
2026-04-06 09:08:42 | INFO |   field::vacant_share: -1.4184
2026-04-06 09:08:42 | INFO |   tau::t_0: 0.0386
2026-04-06 09:08:42 | INFO |   tau::t_1: -0.0837
2026-04-06 09:08:42 | INFO |   tau::t_2: -0.0305
2026-04-06 09:08:42 | INFO |   tau::t_3: 0.0487
2026-04-06 09:08:42 | INFO |   tau::t_4: 0.0093
2026-04-06 09:08:42 | INFO |   tau::t_5: -0.0306
2026-04-06 09:08:42 | INFO |   tau::t_6: -0.0312
2026-04-06 09:08:42 | INFO |   tau::t_7: 0.0117
2026-04-06 09:08:42 | INFO |   tau::t_8: -0.0313
2026-04-06 09:08:42 | INFO |   tau::t_9: -0.0861
2026-04-06 09:08:42 | INFO |   tau::t_10: -0.0517
2026-04-06 09:08:42 | INFO |   tau::t_11: -0.0434
2026-04-06 09:08:42 | INFO |   tau::t_12: -0.0779
2026-04-06 09:08:42 | INFO |   tau::t_13: -0.0928
2026-04-06 09:08:42 | INFO |   tau::t_14: 0.1069
2026-04-06 09:08:42 | INFO |   beta: -0.0923
2026-04-06 09:08:42 | INFO |   interaction::centroid_distance_kernel_8: 1.0703
2026-04-06 09:08:42 | INFO |   eta: 0.3877
2026-04-06 09:08:42 | INFO | Saved summary tables to C:\Users\phevo\Documents\MIT\Code\MPLE-Causal-Inference\experiments\SeattleDMI_outcome_only\any_crime_gt_1_pm1__centroid_distance_kernel_8\mple_summary.csv and C:\Users\phevo\Documents\MIT\Code\MPLE-Causal-Inference\experiments\SeattleDMI_outcome_only\any_crime_gt_1_pm1__centroid_distance_kernel_8\mple_summary.md
2026-04-06 09:08:42 | INFO | Log saved to C:\Users\phevo\Documents\MIT\Code\MPLE-Causal-Inference\experiments\SeattleDMI_outcome_only\any_crime_gt_1_pm1__centroid_distance_kernel_8\mple.log
