2026-04-12 13:13:14 | INFO | Loading data...
2026-04-12 13:13:14 | INFO | Using panel artifact: C:\Users\phevo\Documents\MIT\Code\MPLE-Causal-Inference\experiments\SyntheticHybridExperiments\synthetic_rank_0\panel_data.npz
2026-04-12 13:13:14 | INFO | Using x_0 artifact: C:\Users\phevo\Documents\MIT\Code\MPLE-Causal-Inference\experiments\SyntheticHybridExperiments\synthetic_rank_0\x_0.npy
2026-04-12 13:13:14 | INFO | Using z_0 artifact: C:\Users\phevo\Documents\MIT\Code\MPLE-Causal-Inference\experiments\SyntheticHybridExperiments\synthetic_rank_0\z_0.npy
2026-04-12 13:13:14 | INFO | Using fit config: C:\Users\phevo\Documents\MIT\Code\MPLE-Causal-Inference\experiments\SyntheticHybridExperiments\synthetic_rank_0\fits\rank_6_b1\fit_realized_config.yaml
2026-04-12 13:13:14 | INFO | Using model artifact directory: C:\Users\phevo\Documents\MIT\Code\MPLE-Causal-Inference\experiments\SyntheticHybridExperiments\synthetic_rank_0
2026-04-12 13:13:14 | INFO | Using truth artifact directory: C:\Users\phevo\Documents\MIT\Code\MPLE-Causal-Inference\experiments\SyntheticHybridExperiments\synthetic_rank_0
2026-04-12 13:13:14 | INFO | Configured latent rank: 6
2026-04-12 13:13:14 | INFO | Using a fixed known graph with scalar xi.
2026-04-12 13:13:14 | INFO | Intervention-process model enabled: True
2026-04-12 13:13:14 | INFO | Global temperature bound B active: True
2026-04-12 13:13:14 | INFO | Effective xi bound from interaction constraint: 1.000000
2026-04-12 13:13:14 | INFO | Beta mask pre-intervention enabled: False
2026-04-12 13:13:14 | INFO | Beta mask rescale enabled: False
2026-04-12 13:13:14 | INFO | Fixed scalar parameters: {}
2026-04-12 13:13:14 | INFO | Eval 0  |  Loss: 0.684799
2026-04-12 13:13:14 | INFO |   beta: +0.0391,  xi: -0.1539,  eta: +0.1189,  zeta: -0.0461,  psi: -0.0806
2026-04-12 13:13:15 | INFO | Eval 100  |  Loss: 0.522415
2026-04-12 13:13:15 | INFO |   beta: +0.3532,  xi: +0.6816,  eta: +0.4885,  zeta: -0.5467,  psi: +0.7855
2026-04-12 13:13:15 | INFO | Eval 200  |  Loss: 0.522426
2026-04-12 13:13:15 | INFO |   beta: +0.3607,  xi: +0.6101,  eta: +0.4925,  zeta: -0.5437,  psi: +0.7807
2026-04-12 13:13:16 | INFO | Eval 300  |  Loss: 0.522390
2026-04-12 13:13:16 | INFO |   beta: +0.3493,  xi: +0.7124,  eta: +0.4852,  zeta: -0.5519,  psi: +0.7910
2026-04-12 13:13:16 | INFO | Done fitting.
2026-04-12 13:13:16 | INFO | Optimizer status: CONVERGENCE: RELATIVE REDUCTION OF F <= FACTR*EPSMCH
2026-04-12 13:13:16 | INFO | Final Loss: 0.522385
2026-04-12 13:13:16 | INFO | Estimated vs True Parameters:
2026-04-12 13:13:16 | INFO |   beta: 0.3504 (True: 0.3500) | SQE: 0.000000
2026-04-12 13:13:16 | INFO |   xi: 0.6596 (True: 0.7500) | SQE: 0.008175
2026-04-12 13:13:16 | INFO |   eta: 0.4870 (True: 0.4800) | SQE: 0.000050
2026-04-12 13:13:16 | INFO |   zeta: -0.5459 (True: -0.5500) | SQE: 0.000017
2026-04-12 13:13:16 | INFO |   psi: 0.7867 (True: 0.8000) | SQE: 0.000178
2026-04-12 13:13:16 | INFO | Field and interaction diagnostics:
2026-04-12 13:13:16 | INFO |   field_rmse: 0.001332
2026-04-12 13:13:16 | INFO |   interaction_fro_error: 0.238983
2026-04-12 13:13:16 | INFO |   estimated_field_inf_norm: 1.000000
2026-04-12 13:13:16 | INFO |   estimated_field_rank: 6.000000
2026-04-12 13:13:16 | INFO |   bound_B: 1.000000
2026-04-12 13:13:16 | INFO |   true_field_inf_norm: 0.000000
2026-04-12 13:13:16 | INFO |   true_field_rank: 0.000000
2026-04-12 13:13:16 | INFO | Saved summary tables to C:\Users\phevo\Documents\MIT\Code\MPLE-Causal-Inference\experiments\SyntheticHybridExperiments\synthetic_rank_0\fits\rank_6_b1\mple_summary.csv and C:\Users\phevo\Documents\MIT\Code\MPLE-Causal-Inference\experiments\SyntheticHybridExperiments\synthetic_rank_0\fits\rank_6_b1\mple_summary.md
2026-04-12 13:13:16 | INFO | Log saved to C:\Users\phevo\Documents\MIT\Code\MPLE-Causal-Inference\experiments\SyntheticHybridExperiments\synthetic_rank_0\fits\rank_6_b1\mple.log
