2026-04-01 10:19:47 | INFO | Loading data...
2026-04-01 10:19:47 | INFO | Loaded 11 field templates and 11 interaction templates.
2026-04-01 10:19:47 | INFO | Running conditional-model MPLE on x with shape=(100, 1000)
2026-04-01 10:19:47 | INFO | Eval 0  |  Loss: 0.714883
2026-04-01 10:19:47 | INFO |   field::intercept: +0.0126,  field::linear::feature_1: -0.0132,  field::quadratic::feature_1: +0.0640,  field::linear::feature_2: +0.0105,  field::quadratic::feature_2: -0.0536,  field::linear::feature_3: +0.0362,  field::quadratic::feature_3: +0.1304,  field::linear::feature_4: +0.0947,  field::quadratic::feature_4: -0.0704,  field::linear::feature_5: -0.1265,  field::quadratic::feature_5: -0.0623,  beta: +0.0041,  interaction::adjacency: -0.2325,  interaction::distance_kernel::feature_1: -0.0219,  interaction::cross_similarity::feature_1: -0.1246,  interaction::distance_kernel::feature_2: -0.0732,  interaction::cross_similarity::feature_2: -0.0544,  interaction::distance_kernel::feature_3: -0.0316,  interaction::cross_similarity::feature_3: +0.0412,  interaction::distance_kernel::feature_4: +0.1043,  interaction::cross_similarity::feature_4: -0.0129,  interaction::distance_kernel::feature_5: +0.1366,  interaction::cross_similarity::feature_5: -0.0665,  eta: +0.0352,  zeta: +0.0903,  psi: +0.0094
2026-04-01 10:19:50 | INFO | Eval 100  |  Loss: 0.559050
2026-04-01 10:19:50 | INFO |   field::intercept: +0.3187,  field::linear::feature_1: +0.2968,  field::quadratic::feature_1: +0.3490,  field::linear::feature_2: -0.6668,  field::quadratic::feature_2: +0.4455,  field::linear::feature_3: -0.5897,  field::quadratic::feature_3: -0.0544,  field::linear::feature_4: +0.0709,  field::quadratic::feature_4: +0.0911,  field::linear::feature_5: +0.2880,  field::quadratic::feature_5: +0.5247,  beta: +0.4005,  interaction::adjacency: +0.1920,  interaction::distance_kernel::feature_1: +0.1199,  interaction::cross_similarity::feature_1: -0.0506,  interaction::distance_kernel::feature_2: +0.0040,  interaction::cross_similarity::feature_2: -0.4627,  interaction::distance_kernel::feature_3: +0.0828,  interaction::cross_similarity::feature_3: +0.3350,  interaction::distance_kernel::feature_4: -0.0421,  interaction::cross_similarity::feature_4: -0.3952,  interaction::distance_kernel::feature_5: +0.3294,  interaction::cross_similarity::feature_5: +0.0491,  eta: +0.1000,  zeta: -0.5024,  psi: +0.3985
2026-04-01 10:19:51 | INFO | Done fitting.
2026-04-01 10:19:51 | INFO | Optimizer status: CONVERGENCE: RELATIVE REDUCTION OF F <= FACTR*EPSMCH
2026-04-01 10:19:51 | INFO | Final Loss: 0.559046
2026-04-01 10:19:51 | INFO | Estimated vs True Parameters:
2026-04-01 10:19:51 | INFO |   field::intercept: 0.3181 (True: 0.3150)
2026-04-01 10:19:51 | INFO |   field::intercept SQE: 0.000009
2026-04-01 10:19:51 | INFO |   field::linear::feature_1: 0.2951 (True: 0.3080)
2026-04-01 10:19:51 | INFO |   field::linear::feature_1 SQE: 0.000167
2026-04-01 10:19:51 | INFO |   field::quadratic::feature_1: 0.3386 (True: 0.3500)
2026-04-01 10:19:51 | INFO |   field::quadratic::feature_1 SQE: 0.000129
2026-04-01 10:19:51 | INFO |   field::linear::feature_2: -0.6929 (True: -0.5800)
2026-04-01 10:19:51 | INFO |   field::linear::feature_2 SQE: 0.012737
2026-04-01 10:19:51 | INFO |   field::quadratic::feature_2: 0.4555 (True: 0.5000)
2026-04-01 10:19:51 | INFO |   field::quadratic::feature_2 SQE: 0.001979
2026-04-01 10:19:51 | INFO |   field::linear::feature_3: -0.5788 (True: -0.6000)
2026-04-01 10:19:51 | INFO |   field::linear::feature_3 SQE: 0.000449
2026-04-01 10:19:51 | INFO |   field::quadratic::feature_3: -0.0705 (True: -0.0500)
2026-04-01 10:19:51 | INFO |   field::quadratic::feature_3 SQE: 0.000418
2026-04-01 10:19:51 | INFO |   field::linear::feature_4: 0.0749 (True: 0.0800)
2026-04-01 10:19:51 | INFO |   field::linear::feature_4 SQE: 0.000026
2026-04-01 10:19:51 | INFO |   field::quadratic::feature_4: 0.0954 (True: 0.1000)
2026-04-01 10:19:51 | INFO |   field::quadratic::feature_4 SQE: 0.000021
2026-04-01 10:19:51 | INFO |   field::linear::feature_5: 0.2867 (True: 0.3000)
2026-04-01 10:19:51 | INFO |   field::linear::feature_5 SQE: 0.000176
2026-04-01 10:19:51 | INFO |   field::quadratic::feature_5: 0.5169 (True: 0.4000)
2026-04-01 10:19:51 | INFO |   field::quadratic::feature_5 SQE: 0.013668
2026-04-01 10:19:51 | INFO |   beta: 0.4007 (True: 0.4000)
2026-04-01 10:19:51 | INFO |   beta SQE: 0.000001
2026-04-01 10:19:51 | INFO |   interaction::adjacency: 0.1637 (True: 0.2500)
2026-04-01 10:19:51 | INFO |   interaction::adjacency SQE: 0.007454
2026-04-01 10:19:51 | INFO |   interaction::distance_kernel::feature_1: 0.1061 (True: 0.0800)
2026-04-01 10:19:51 | INFO |   interaction::distance_kernel::feature_1 SQE: 0.000682
2026-04-01 10:19:51 | INFO |   interaction::cross_similarity::feature_1: -0.0330 (True: 0.0400)
2026-04-01 10:19:51 | INFO |   interaction::cross_similarity::feature_1 SQE: 0.005322
2026-04-01 10:19:51 | INFO |   interaction::distance_kernel::feature_2: 0.0541 (True: 0.0800)
2026-04-01 10:19:51 | INFO |   interaction::distance_kernel::feature_2 SQE: 0.000671
2026-04-01 10:19:51 | INFO |   interaction::cross_similarity::feature_2: -0.6564 (True: 0.0400)
2026-04-01 10:19:51 | INFO |   interaction::cross_similarity::feature_2 SQE: 0.484916
2026-04-01 10:19:51 | INFO |   interaction::distance_kernel::feature_3: 0.0492 (True: 0.0800)
2026-04-01 10:19:51 | INFO |   interaction::distance_kernel::feature_3 SQE: 0.000948
2026-04-01 10:19:51 | INFO |   interaction::cross_similarity::feature_3: 0.4127 (True: 0.0400)
2026-04-01 10:19:51 | INFO |   interaction::cross_similarity::feature_3 SQE: 0.138887
2026-04-01 10:19:51 | INFO |   interaction::distance_kernel::feature_4: -0.0143 (True: 0.0800)
2026-04-01 10:19:51 | INFO |   interaction::distance_kernel::feature_4 SQE: 0.008897
2026-04-01 10:19:51 | INFO |   interaction::cross_similarity::feature_4: -0.5671 (True: 0.0400)
2026-04-01 10:19:51 | INFO |   interaction::cross_similarity::feature_4 SQE: 0.368628
2026-04-01 10:19:51 | INFO |   interaction::distance_kernel::feature_5: 0.3286 (True: 0.1300)
2026-04-01 10:19:51 | INFO |   interaction::distance_kernel::feature_5 SQE: 0.039435
2026-04-01 10:19:51 | INFO |   interaction::cross_similarity::feature_5: 0.0784 (True: 0.1400)
2026-04-01 10:19:51 | INFO |   interaction::cross_similarity::feature_5 SQE: 0.003798
2026-04-01 10:19:51 | INFO |   eta: 0.1003 (True: 0.1000)
2026-04-01 10:19:51 | INFO |   eta SQE: 0.000000
2026-04-01 10:19:51 | INFO |   zeta: -0.5021 (True: -0.5000)
2026-04-01 10:19:51 | INFO |   zeta SQE: 0.000004
2026-04-01 10:19:51 | INFO |   psi: 0.3985 (True: 0.4000)
2026-04-01 10:19:51 | INFO |   psi SQE: 0.000002
2026-04-01 10:19:51 | INFO | Saved summary tables to C:\Users\phevo\Documents\MIT\Code\MPLE-Causal-Inference\experiments\n1000_t100_baseline_temp_fro_medium_shared_feature_field_shared_feature_interactions_20260331_233150\mple_summary.csv and C:\Users\phevo\Documents\MIT\Code\MPLE-Causal-Inference\experiments\n1000_t100_baseline_temp_fro_medium_shared_feature_field_shared_feature_interactions_20260331_233150\mple_summary.md
2026-04-01 10:19:51 | INFO | Log saved to C:\Users\phevo\Documents\MIT\Code\MPLE-Causal-Inference\experiments\n1000_t100_baseline_temp_fro_medium_shared_feature_field_shared_feature_interactions_20260331_233150\mple.log
