2026-06-12 00:22:14 | INFO | Loading data...
2026-06-12 00:22:14 | INFO | Using panel artifact: /orcd/home/002/phevosp/MPLE-Causal-Inference/experiments/HybridAlt/partial_confounding/panel_data.npz
2026-06-12 00:22:14 | INFO | Using x_0 artifact: /orcd/home/002/phevosp/MPLE-Causal-Inference/experiments/HybridAlt/partial_confounding/x_0.npy
2026-06-12 00:22:14 | INFO | Using fit config: /orcd/home/002/phevosp/MPLE-Causal-Inference/experiments/HybridAlt/partial_confounding/cv_runs/default/candidates/default_candidate_0001/fold_3/fit_realized_config.yaml
2026-06-12 00:22:14 | INFO | Using model artifact directory: /orcd/home/002/phevosp/MPLE-Causal-Inference/experiments/HybridAlt/partial_confounding
2026-06-12 00:22:14 | INFO | Using truth artifact directory: /orcd/home/002/phevosp/MPLE-Causal-Inference/experiments/HybridAlt/partial_confounding
2026-06-12 00:22:14 | INFO | Using loss mask artifact: /orcd/home/002/phevosp/MPLE-Causal-Inference/experiments/HybridAlt/partial_confounding/cv_runs/default/candidates/default_candidate_0001/fold_3/loss_mask.npy
2026-06-12 00:22:14 | INFO | Configured optimizer mode: alternating_latent_rank
2026-06-12 00:22:14 | INFO | Configured latent rank: 5
2026-06-12 00:22:14 | INFO | Using a fixed known graph with scalar xi.
2026-06-12 00:22:14 | INFO | Fit-time hard bounds active: False
2026-06-12 00:22:14 | INFO | Fixed scalar parameters: {}
2026-06-12 00:22:14 | INFO | Warm-start fixed scalars: {} for 0 steps
2026-06-12 00:22:14 | INFO | Beta-gradient mask before s: True with s=50
2026-06-12 00:22:14 | INFO | Beta-gradient mask after e: True with e=115
2026-06-12 00:22:14 | INFO | Alternating V-column L2-ball constraint active with radius 1.0
2026-06-12 00:22:14 | INFO | Optimizer settings: steps=2000, tol=1e-07, n_starts=1, seed=0, lambda_nuclear=0.0, lambda_frobenius=0.0, lambda_uv_ridge=0.001, v_column_l2_max=1.0, proximal_lr=1.0
2026-06-12 00:22:14 | INFO | Alternating low-rank start 1/1 | seed=0 | initial_loss=0.789816 | initial_penalized=0.789816
2026-06-12 00:22:14 | INFO | Alternating low-rank iter 0 | Loss: 0.524821 | Penalized: 0.524916
2026-06-12 00:22:28 | INFO | Alternating low-rank iter 100 | Loss: 0.448761 | Penalized: 0.449890
2026-06-12 00:22:42 | INFO | Alternating low-rank iter 200 | Loss: 0.447631 | Penalized: 0.449364
2026-06-12 00:22:57 | INFO | Alternating low-rank iter 300 | Loss: 0.447297 | Penalized: 0.449276
2026-06-12 00:23:11 | INFO | Alternating low-rank iter 400 | Loss: 0.447158 | Penalized: 0.449244
2026-06-12 00:23:25 | INFO | Alternating low-rank iter 500 | Loss: 0.447084 | Penalized: 0.449221
2026-06-12 00:23:40 | INFO | Alternating low-rank iter 600 | Loss: 0.447032 | Penalized: 0.449199
2026-06-12 00:23:53 | INFO | Alternating low-rank iter 700 | Loss: 0.446990 | Penalized: 0.449180
2026-06-12 00:24:05 | INFO | Alternating low-rank iter 800 | Loss: 0.446959 | Penalized: 0.449164
2026-06-12 00:24:11 | INFO | Done fitting.
2026-06-12 00:24:11 | INFO | Optimizer status: CONVERGED: alternating objective tolerance reached
2026-06-12 00:24:11 | INFO | Best optimizer start: 1 / 1
2026-06-12 00:24:11 | INFO | Final Loss: 0.446947
2026-06-12 00:24:11 | INFO | Estimated vs True Parameters:
2026-06-12 00:24:11 | INFO |   beta: 0.0901 (True: -0.3000) | SQE: 0.152148
2026-06-12 00:24:11 | INFO |   xi: 1.0942 (True: 0.8000) | SQE: 0.086534
2026-06-12 00:24:11 | INFO |   eta: 0.3060 (True: 0.3000) | SQE: 0.000036
2026-06-12 00:24:11 | INFO | Alternating low-rank optimizer diagnostics:
2026-06-12 00:24:11 | INFO |   penalized_objective: 0.449159
2026-06-12 00:24:11 | INFO |   mple_loss_without_penalty: 0.446947
2026-06-12 00:24:11 | INFO |   lambda_uv_ridge: 0.001000
2026-06-12 00:24:11 | INFO |   u_frobenius_norm: 797.507418
2026-06-12 00:24:11 | INFO |   v_frobenius_norm: 2.236068
2026-06-12 00:24:11 | INFO |   effective_rank: 5.000000
2026-06-12 00:24:11 | INFO | Field and interaction diagnostics:
2026-06-12 00:24:11 | INFO |   field_rmse: 1.264658
2026-06-12 00:24:11 | INFO |   interaction_fro_error: 3.254707
2026-06-12 00:24:11 | INFO |   estimated_field_max_abs_entry: 34.839111
2026-06-12 00:24:11 | INFO |   estimated_field_rank: 5.000000
2026-06-12 00:24:11 | INFO |   true_field_max_abs_entry: 4.167041
2026-06-12 00:24:11 | INFO |   true_field_rank: 5.000000
2026-06-12 00:24:11 | INFO | Saved summary table to /orcd/home/002/phevosp/MPLE-Causal-Inference/experiments/HybridAlt/partial_confounding/cv_runs/default/candidates/default_candidate_0001/fold_3/mple_summary.csv
2026-06-12 00:24:11 | INFO | Log saved to /orcd/home/002/phevosp/MPLE-Causal-Inference/experiments/HybridAlt/partial_confounding/cv_runs/default/candidates/default_candidate_0001/fold_3/mple.log
