2026-05-02 22:53:10 | INFO | Loading data...
2026-05-02 22:53:10 | INFO | Using panel artifact: /orcd/home/002/phevosp/MPLE-Causal-Inference/experiments/HybridExperiments_r1_v2/r1_hybrid_us_county_intervention_generated_graph_confounding/panel_data.npz
2026-05-02 22:53:10 | INFO | Using x_0 artifact: /orcd/home/002/phevosp/MPLE-Causal-Inference/experiments/HybridExperiments_r1_v2/r1_hybrid_us_county_intervention_generated_graph_confounding/x_0.npy
2026-05-02 22:53:10 | INFO | Using fit config: /orcd/home/002/phevosp/MPLE-Causal-Inference/experiments/HybridExperiments_r1_v2/r1_hybrid_us_county_intervention_generated_graph_confounding/cv_runs/alternating_uv_grid/candidates/alternating_uv_grid_candidate_0001/fold_2/fit_realized_config.yaml
2026-05-02 22:53:10 | INFO | Using model artifact directory: /orcd/home/002/phevosp/MPLE-Causal-Inference/experiments/HybridExperiments_r1_v2/r1_hybrid_us_county_intervention_generated_graph_confounding
2026-05-02 22:53:10 | INFO | Using truth artifact directory: /orcd/home/002/phevosp/MPLE-Causal-Inference/experiments/HybridExperiments_r1_v2/r1_hybrid_us_county_intervention_generated_graph_confounding
2026-05-02 22:53:10 | INFO | Using loss mask artifact: /orcd/home/002/phevosp/MPLE-Causal-Inference/experiments/HybridExperiments_r1_v2/r1_hybrid_us_county_intervention_generated_graph_confounding/cv_runs/alternating_uv_grid/candidates/alternating_uv_grid_candidate_0001/fold_2/loss_mask.npy
2026-05-02 22:53:10 | INFO | Configured optimizer mode: alternating_latent_rank
2026-05-02 22:53:10 | INFO | Configured latent rank: 1
2026-05-02 22:53:10 | INFO | Using a fixed known graph with scalar xi.
2026-05-02 22:53:10 | INFO | Fit-time hard bounds active: False
2026-05-02 22:53:10 | INFO | Fixed scalar parameters: {}
2026-05-02 22:53:10 | INFO | Warm-start fixed scalars: {} for 0 steps
2026-05-02 22:53:10 | INFO | Beta mask before s: True with s=50
2026-05-02 22:53:10 | INFO | Beta mask after e: True with e=115
2026-05-02 22:53:10 | INFO | Alternating V-column L2-ball constraint active with radius 1.0
2026-05-02 22:53:10 | INFO | Optimizer settings: steps=2000, tol=1e-07, n_starts=1, seed=0, lambda_nuclear=0.0, lambda_frobenius=0.0, lambda_uv_ridge=0.0001, v_column_l2_max=1.0, proximal_lr=1.0
2026-05-02 22:53:10 | INFO | Alternating low-rank start 1/1 | seed=0 | initial_loss=0.697633 | initial_penalized=0.697633
2026-05-02 22:53:10 | INFO | Alternating low-rank iter 0 | Loss: 0.615873 | Penalized: 0.615880
2026-05-02 22:53:17 | INFO | Alternating low-rank iter 100 | Loss: 0.524886 | Penalized: 0.525046
2026-05-02 22:53:24 | INFO | Alternating low-rank iter 200 | Loss: 0.524261 | Penalized: 0.524429
2026-05-02 22:53:32 | INFO | Alternating low-rank iter 300 | Loss: 0.523894 | Penalized: 0.524063
2026-05-02 22:53:39 | INFO | Alternating low-rank iter 400 | Loss: 0.523656 | Penalized: 0.523823
2026-05-02 22:53:47 | INFO | Alternating low-rank iter 500 | Loss: 0.523499 | Penalized: 0.523666
2026-05-02 22:53:54 | INFO | Alternating low-rank iter 600 | Loss: 0.523395 | Penalized: 0.523561
2026-05-02 22:54:01 | INFO | Alternating low-rank iter 700 | Loss: 0.523326 | Penalized: 0.523492
2026-05-02 22:54:09 | INFO | Alternating low-rank iter 800 | Loss: 0.523280 | Penalized: 0.523446
2026-05-02 22:54:16 | INFO | Alternating low-rank iter 900 | Loss: 0.523249 | Penalized: 0.523415
2026-05-02 22:54:23 | INFO | Alternating low-rank iter 1000 | Loss: 0.523229 | Penalized: 0.523394
2026-05-02 22:54:30 | INFO | Alternating low-rank iter 1100 | Loss: 0.523215 | Penalized: 0.523381
2026-05-02 22:54:32 | INFO | Done fitting.
2026-05-02 22:54:32 | INFO | Optimizer status: CONVERGED: alternating objective tolerance reached
2026-05-02 22:54:32 | INFO | Best optimizer start: 1 / 1
2026-05-02 22:54:32 | INFO | Final Loss: 0.523212
2026-05-02 22:54:32 | INFO | Estimated vs True Parameters:
2026-05-02 22:54:32 | INFO |   beta: -0.3071 (True: -0.3000) | SQE: 0.000051
2026-05-02 22:54:32 | INFO |   xi: 0.7876 (True: 0.8000) | SQE: 0.000153
2026-05-02 22:54:32 | INFO |   eta: 0.2623 (True: 0.3000) | SQE: 0.001424
2026-05-02 22:54:33 | INFO | Alternating low-rank optimizer diagnostics:
2026-05-02 22:54:33 | INFO |   penalized_objective: 0.523377
2026-05-02 22:54:33 | INFO |   mple_loss_without_penalty: 0.523212
2026-05-02 22:54:33 | INFO |   lambda_uv_ridge: 0.000100
2026-05-02 22:54:33 | INFO |   u_frobenius_norm: 386.838890
2026-05-02 22:54:33 | INFO |   v_frobenius_norm: 1.000000
2026-05-02 22:54:33 | INFO |   effective_rank: 1.000000
2026-05-02 22:54:33 | INFO | Field and interaction diagnostics:
2026-05-02 22:54:33 | INFO |   field_rmse: 0.528517
2026-05-02 22:54:33 | INFO |   interaction_fro_error: 0.093597
2026-05-02 22:54:33 | INFO |   estimated_field_max_abs_entry: 11.701250
2026-05-02 22:54:33 | INFO |   estimated_field_rank: 1.000000
2026-05-02 22:54:33 | INFO |   true_field_max_abs_entry: 0.609457
2026-05-02 22:54:33 | INFO |   true_field_rank: 1.000000
2026-05-02 22:54:33 | INFO | Saved summary table to /orcd/home/002/phevosp/MPLE-Causal-Inference/experiments/HybridExperiments_r1_v2/r1_hybrid_us_county_intervention_generated_graph_confounding/cv_runs/alternating_uv_grid/candidates/alternating_uv_grid_candidate_0001/fold_2/mple_summary.csv
2026-05-02 22:54:33 | INFO | Log saved to /orcd/home/002/phevosp/MPLE-Causal-Inference/experiments/HybridExperiments_r1_v2/r1_hybrid_us_county_intervention_generated_graph_confounding/cv_runs/alternating_uv_grid/candidates/alternating_uv_grid_candidate_0001/fold_2/mple.log
