2026-06-09 21:58:15 | INFO | Loading data...
2026-06-09 21:58:15 | INFO | Using panel artifact: /orcd/home/002/phevosp/MPLE-Causal-Inference/experiments/USCounty/outcome_death_rate_100k_ge_2__intervention_complete_cov_ge_30__lag_2w__distance_kernel_8__start_2020_03_01/panel_data.npz
2026-06-09 21:58:15 | INFO | Using x_0 artifact: /orcd/home/002/phevosp/MPLE-Causal-Inference/experiments/USCounty/outcome_death_rate_100k_ge_2__intervention_complete_cov_ge_30__lag_2w__distance_kernel_8__start_2020_03_01/x_0.npy
2026-06-09 21:58:15 | INFO | Using fit config: /orcd/home/002/phevosp/MPLE-Causal-Inference/experiments/USCounty/outcome_death_rate_100k_ge_2__intervention_complete_cov_ge_30__lag_2w__distance_kernel_8__start_2020_03_01/cv_runs/default/candidates/default_candidate_0013/fold_3/fit_realized_config.yaml
2026-06-09 21:58:15 | INFO | Using model artifact directory: /orcd/home/002/phevosp/MPLE-Causal-Inference/experiments/USCounty/outcome_death_rate_100k_ge_2__intervention_complete_cov_ge_30__lag_2w__distance_kernel_8__start_2020_03_01
2026-06-09 21:58:15 | INFO | Using truth artifact directory: /orcd/home/002/phevosp/MPLE-Causal-Inference/experiments/USCounty/outcome_death_rate_100k_ge_2__intervention_complete_cov_ge_30__lag_2w__distance_kernel_8__start_2020_03_01
2026-06-09 21:58:15 | INFO | Using loss mask artifact: /orcd/home/002/phevosp/MPLE-Causal-Inference/experiments/USCounty/outcome_death_rate_100k_ge_2__intervention_complete_cov_ge_30__lag_2w__distance_kernel_8__start_2020_03_01/cv_runs/default/candidates/default_candidate_0013/fold_3/loss_mask.npy
2026-06-09 21:58:15 | INFO | Configured optimizer mode: alternating_latent_rank
2026-06-09 21:58:15 | INFO | Configured latent rank: 8
2026-06-09 21:58:15 | INFO | Using a fixed known graph with scalar xi.
2026-06-09 21:58:15 | INFO | Fit-time hard bounds active: False
2026-06-09 21:58:15 | INFO | Fixed scalar parameters: {}
2026-06-09 21:58:15 | INFO | Warm-start fixed scalars: {} for 0 steps
2026-06-09 21:58:15 | INFO | Beta-gradient mask before s: True with s=50
2026-06-09 21:58:15 | INFO | Beta-gradient mask after e: True with e=115
2026-06-09 21:58:15 | INFO | Alternating V-column L2-ball constraint active with radius 1.0
2026-06-09 21:58:15 | INFO | Optimizer settings: steps=2000, tol=1e-07, n_starts=1, seed=0, lambda_nuclear=0.0, lambda_frobenius=0.0, lambda_uv_ridge=0.001, v_column_l2_max=1.0, proximal_lr=1.0
2026-06-09 21:58:15 | INFO | Alternating low-rank start 1/1 | seed=0 | initial_loss=0.762674 | initial_penalized=0.762674
2026-06-09 21:58:15 | INFO | Alternating low-rank iter 0 | Loss: 0.434096 | Penalized: 0.434166
2026-06-09 21:58:31 | INFO | Alternating low-rank iter 100 | Loss: 0.360481 | Penalized: 0.362695
2026-06-09 21:58:48 | INFO | Alternating low-rank iter 200 | Loss: 0.354154 | Penalized: 0.357749
2026-06-09 21:59:04 | INFO | Alternating low-rank iter 300 | Loss: 0.352110 | Penalized: 0.356412
2026-06-09 21:59:20 | INFO | Alternating low-rank iter 400 | Loss: 0.351279 | Penalized: 0.355930
2026-06-09 21:59:36 | INFO | Alternating low-rank iter 500 | Loss: 0.350846 | Penalized: 0.355688
2026-06-09 21:59:53 | INFO | Alternating low-rank iter 600 | Loss: 0.350589 | Penalized: 0.355546
2026-06-09 22:00:09 | INFO | Alternating low-rank iter 700 | Loss: 0.350421 | Penalized: 0.355452
2026-06-09 22:00:25 | INFO | Alternating low-rank iter 800 | Loss: 0.350301 | Penalized: 0.355381
2026-06-09 22:00:41 | INFO | Alternating low-rank iter 900 | Loss: 0.350203 | Penalized: 0.355320
2026-06-09 22:00:58 | INFO | Alternating low-rank iter 1000 | Loss: 0.350118 | Penalized: 0.355267
2026-06-09 22:01:15 | INFO | Alternating low-rank iter 1100 | Loss: 0.350045 | Penalized: 0.355223
2026-06-09 22:01:32 | INFO | Alternating low-rank iter 1200 | Loss: 0.349984 | Penalized: 0.355188
2026-06-09 22:01:50 | INFO | Alternating low-rank iter 1300 | Loss: 0.349936 | Penalized: 0.355162
2026-06-09 22:02:06 | INFO | Alternating low-rank iter 1400 | Loss: 0.349899 | Penalized: 0.355142
2026-06-09 22:02:23 | INFO | Alternating low-rank iter 1500 | Loss: 0.349869 | Penalized: 0.355126
2026-06-09 22:02:37 | INFO | Alternating low-rank iter 1600 | Loss: 0.349847 | Penalized: 0.355114
2026-06-09 22:02:46 | INFO | Done fitting.
2026-06-09 22:02:46 | INFO | Optimizer status: CONVERGED: alternating objective tolerance reached
2026-06-09 22:02:46 | INFO | Best optimizer start: 1 / 1
2026-06-09 22:02:46 | INFO | Final Loss: 0.349833
2026-06-09 22:02:46 | INFO | Estimated Parameters:
2026-06-09 22:02:46 | INFO |   beta: -0.0201
2026-06-09 22:02:46 | INFO |   xi: 1.0245
2026-06-09 22:02:46 | INFO |   eta: -0.0178
2026-06-09 22:02:46 | INFO | Alternating low-rank optimizer diagnostics:
2026-06-09 22:02:46 | INFO |   penalized_objective: 0.355106
2026-06-09 22:02:46 | INFO |   mple_loss_without_penalty: 0.349833
2026-06-09 22:02:46 | INFO |   lambda_uv_ridge: 0.001000
2026-06-09 22:02:46 | INFO |   u_frobenius_norm: 1231.424289
2026-06-09 22:02:46 | INFO |   v_frobenius_norm: 2.828427
2026-06-09 22:02:46 | INFO |   effective_rank: 8.000000
2026-06-09 22:02:46 | INFO | Field and interaction diagnostics:
2026-06-09 22:02:46 | INFO |   estimated_field_max_abs_entry: 42.957646
2026-06-09 22:02:46 | INFO |   estimated_field_rank: 8.000000
2026-06-09 22:02:46 | INFO | Saved summary table to /orcd/home/002/phevosp/MPLE-Causal-Inference/experiments/USCounty/outcome_death_rate_100k_ge_2__intervention_complete_cov_ge_30__lag_2w__distance_kernel_8__start_2020_03_01/cv_runs/default/candidates/default_candidate_0013/fold_3/mple_summary.csv
2026-06-09 22:02:46 | INFO | Log saved to /orcd/home/002/phevosp/MPLE-Causal-Inference/experiments/USCounty/outcome_death_rate_100k_ge_2__intervention_complete_cov_ge_30__lag_2w__distance_kernel_8__start_2020_03_01/cv_runs/default/candidates/default_candidate_0013/fold_3/mple.log
