2026-05-02 12:14:55 | INFO | Loading data...
2026-05-02 12:14:55 | INFO | Using panel artifact: /orcd/home/002/phevosp/MPLE-Causal-Inference/experiments/Synthetic/confounding_strong/panel_data.npz
2026-05-02 12:14:55 | INFO | Using x_0 artifact: /orcd/home/002/phevosp/MPLE-Causal-Inference/experiments/Synthetic/confounding_strong/x_0.npy
2026-05-02 12:14:55 | INFO | Using fit config: /orcd/home/002/phevosp/MPLE-Causal-Inference/experiments/Synthetic/confounding_strong/cv_runs/alternating_uv_grid/candidates/alternating_uv_grid_candidate_0001/fold_8/fit_realized_config.yaml
2026-05-02 12:14:55 | INFO | Using model artifact directory: /orcd/home/002/phevosp/MPLE-Causal-Inference/experiments/Synthetic/confounding_strong
2026-05-02 12:14:55 | INFO | Using truth artifact directory: /orcd/home/002/phevosp/MPLE-Causal-Inference/experiments/Synthetic/confounding_strong
2026-05-02 12:14:55 | INFO | Using loss mask artifact: /orcd/home/002/phevosp/MPLE-Causal-Inference/experiments/Synthetic/confounding_strong/cv_runs/alternating_uv_grid/candidates/alternating_uv_grid_candidate_0001/fold_8/loss_mask.npy
2026-05-02 12:14:55 | INFO | Configured optimizer mode: alternating_latent_rank
2026-05-02 12:14:55 | INFO | Configured latent rank: 3
2026-05-02 12:14:55 | INFO | Using a fixed known graph with scalar xi.
2026-05-02 12:14:55 | INFO | Fit-time hard bounds active: False
2026-05-02 12:14:55 | INFO | Fixed scalar parameters: {}
2026-05-02 12:14:55 | INFO | Warm-start fixed scalars: {} for 0 steps
2026-05-02 12:14:55 | INFO | Beta mask before s: False with s=0
2026-05-02 12:14:55 | INFO | Beta mask after e: False with e=11
2026-05-02 12:14:55 | INFO | Alternating V-column L2-ball constraint active with radius 1.0
2026-05-02 12:14:55 | INFO | Optimizer settings: steps=2000, tol=1e-07, n_starts=1, seed=0, lambda_nuclear=0.0, lambda_frobenius=0.0, lambda_uv_ridge=0.001, v_column_l2_max=1.0, proximal_lr=1.0
2026-05-02 12:14:55 | INFO | Alternating low-rank start 1/1 | seed=0 | initial_loss=0.809445 | initial_penalized=0.809445
2026-05-02 12:14:55 | INFO | Alternating low-rank iter 0 | Loss: 0.576654 | Penalized: 0.576812
2026-05-02 12:14:56 | INFO | Alternating low-rank iter 100 | Loss: 0.469654 | Penalized: 0.471710
2026-05-02 12:14:58 | INFO | Alternating low-rank iter 200 | Loss: 0.468417 | Penalized: 0.470759
2026-05-02 12:14:59 | INFO | Alternating low-rank iter 300 | Loss: 0.468050 | Penalized: 0.470550
2026-05-02 12:14:59 | INFO | Alternating low-rank iter 400 | Loss: 0.467935 | Penalized: 0.470505
2026-05-02 12:15:00 | INFO | Done fitting.
2026-05-02 12:15:00 | INFO | Optimizer status: CONVERGED: alternating objective tolerance reached
2026-05-02 12:15:00 | INFO | Best optimizer start: 1 / 1
2026-05-02 12:15:00 | INFO | Final Loss: 0.467908
2026-05-02 12:15:00 | INFO | Estimated vs True Parameters:
2026-05-02 12:15:00 | INFO |   beta: -0.3234 (True: -0.3000) | SQE: 0.000548
2026-05-02 12:15:00 | INFO |   xi: 0.7635 (True: 0.8000) | SQE: 0.001330
2026-05-02 12:15:00 | INFO |   eta: 0.3388 (True: 0.3000) | SQE: 0.001505
2026-05-02 12:15:00 | INFO | Alternating low-rank optimizer diagnostics:
2026-05-02 12:15:00 | INFO |   penalized_objective: 0.470497
2026-05-02 12:15:00 | INFO |   mple_loss_without_penalty: 0.467908
2026-05-02 12:15:00 | INFO |   lambda_uv_ridge: 0.001000
2026-05-02 12:15:00 | INFO |   u_frobenius_norm: 211.325636
2026-05-02 12:15:00 | INFO |   v_frobenius_norm: 1.732051
2026-05-02 12:15:00 | INFO |   effective_rank: 3.000000
2026-05-02 12:15:00 | INFO | Field and interaction diagnostics:
2026-05-02 12:15:00 | INFO |   field_rmse: 0.942994
2026-05-02 12:15:00 | INFO |   interaction_fro_error: 0.129192
2026-05-02 12:15:00 | INFO |   estimated_field_max_abs_entry: 25.995145
2026-05-02 12:15:00 | INFO |   estimated_field_rank: 3.000000
2026-05-02 12:15:00 | INFO |   true_field_max_abs_entry: 4.447602
2026-05-02 12:15:00 | INFO |   true_field_rank: 3.000000
2026-05-02 12:15:00 | INFO | Saved summary table to /orcd/home/002/phevosp/MPLE-Causal-Inference/experiments/Synthetic/confounding_strong/cv_runs/alternating_uv_grid/candidates/alternating_uv_grid_candidate_0001/fold_8/mple_summary.csv
2026-05-02 12:15:00 | INFO | Log saved to /orcd/home/002/phevosp/MPLE-Causal-Inference/experiments/Synthetic/confounding_strong/cv_runs/alternating_uv_grid/candidates/alternating_uv_grid_candidate_0001/fold_8/mple.log
