2026-05-03 00:03:05 | INFO | Loading data...
2026-05-03 00:03:05 | INFO | Using panel artifact: /orcd/home/002/phevosp/MPLE-Causal-Inference/experiments/HybridExperiments_r1_v2/r1_hybrid_us_county_intervention_generated_graph_confounding/panel_data.npz
2026-05-03 00:03:05 | INFO | Using x_0 artifact: /orcd/home/002/phevosp/MPLE-Causal-Inference/experiments/HybridExperiments_r1_v2/r1_hybrid_us_county_intervention_generated_graph_confounding/x_0.npy
2026-05-03 00:03:05 | INFO | Using fit config: /orcd/home/002/phevosp/MPLE-Causal-Inference/experiments/HybridExperiments_r1_v2/r1_hybrid_us_county_intervention_generated_graph_confounding/cv_runs/alternating_uv_grid/candidates/alternating_uv_grid_candidate_0005/fold_4/fit_realized_config.yaml
2026-05-03 00:03:05 | INFO | Using model artifact directory: /orcd/home/002/phevosp/MPLE-Causal-Inference/experiments/HybridExperiments_r1_v2/r1_hybrid_us_county_intervention_generated_graph_confounding
2026-05-03 00:03:05 | INFO | Using truth artifact directory: /orcd/home/002/phevosp/MPLE-Causal-Inference/experiments/HybridExperiments_r1_v2/r1_hybrid_us_county_intervention_generated_graph_confounding
2026-05-03 00:03:05 | INFO | Using loss mask artifact: /orcd/home/002/phevosp/MPLE-Causal-Inference/experiments/HybridExperiments_r1_v2/r1_hybrid_us_county_intervention_generated_graph_confounding/cv_runs/alternating_uv_grid/candidates/alternating_uv_grid_candidate_0005/fold_4/loss_mask.npy
2026-05-03 00:03:06 | INFO | Configured optimizer mode: alternating_latent_rank
2026-05-03 00:03:06 | INFO | Configured latent rank: 1
2026-05-03 00:03:06 | INFO | Using a fixed known graph with scalar xi.
2026-05-03 00:03:06 | INFO | Fit-time hard bounds active: False
2026-05-03 00:03:06 | INFO | Fixed scalar parameters: {}
2026-05-03 00:03:06 | INFO | Warm-start fixed scalars: {} for 0 steps
2026-05-03 00:03:06 | INFO | Beta mask before s: True with s=50
2026-05-03 00:03:06 | INFO | Beta mask after e: True with e=115
2026-05-03 00:03:06 | INFO | Alternating V-column L2-ball constraint active with radius 1.0
2026-05-03 00:03:06 | INFO | Optimizer settings: steps=2000, tol=1e-07, n_starts=1, seed=0, lambda_nuclear=0.0, lambda_frobenius=0.0, lambda_uv_ridge=0.01, v_column_l2_max=1.0, proximal_lr=1.0
2026-05-03 00:03:06 | INFO | Alternating low-rank start 1/1 | seed=0 | initial_loss=0.697538 | initial_penalized=0.697538
2026-05-03 00:03:06 | INFO | Alternating low-rank iter 0 | Loss: 0.627067 | Penalized: 0.627549
2026-05-03 00:03:13 | INFO | Alternating low-rank iter 100 | Loss: 0.525945 | Penalized: 0.532405
2026-05-03 00:03:20 | INFO | Alternating low-rank iter 200 | Loss: 0.525146 | Penalized: 0.531093
2026-05-03 00:03:27 | INFO | Alternating low-rank iter 300 | Loss: 0.524901 | Penalized: 0.530372
2026-05-03 00:03:33 | INFO | Alternating low-rank iter 400 | Loss: 0.524829 | Penalized: 0.529967
2026-05-03 00:03:40 | INFO | Alternating low-rank iter 500 | Loss: 0.524835 | Penalized: 0.529740
2026-05-03 00:03:47 | INFO | Alternating low-rank iter 600 | Loss: 0.524875 | Penalized: 0.529611
2026-05-03 00:03:54 | INFO | Alternating low-rank iter 700 | Loss: 0.524923 | Penalized: 0.529539
2026-05-03 00:04:01 | INFO | Alternating low-rank iter 800 | Loss: 0.524971 | Penalized: 0.529498
2026-05-03 00:04:07 | INFO | Alternating low-rank iter 900 | Loss: 0.525013 | Penalized: 0.529474
2026-05-03 00:04:14 | INFO | Done fitting.
2026-05-03 00:04:14 | INFO | Optimizer status: CONVERGED: alternating objective tolerance reached
2026-05-03 00:04:14 | INFO | Best optimizer start: 1 / 1
2026-05-03 00:04:14 | INFO | Final Loss: 0.525047
2026-05-03 00:04:14 | INFO | Estimated vs True Parameters:
2026-05-03 00:04:14 | INFO |   beta: -0.2237 (True: -0.3000) | SQE: 0.005828
2026-05-03 00:04:14 | INFO |   xi: 1.1058 (True: 0.8000) | SQE: 0.093510
2026-05-03 00:04:14 | INFO |   eta: 0.2841 (True: 0.3000) | SQE: 0.000254
2026-05-03 00:04:14 | INFO | Alternating low-rank optimizer diagnostics:
2026-05-03 00:04:14 | INFO |   penalized_objective: 0.529462
2026-05-03 00:04:14 | INFO |   mple_loss_without_penalty: 0.525047
2026-05-03 00:04:14 | INFO |   lambda_uv_ridge: 0.010000
2026-05-03 00:04:14 | INFO |   u_frobenius_norm: 199.747350
2026-05-03 00:04:14 | INFO |   v_frobenius_norm: 1.000000
2026-05-03 00:04:14 | INFO |   effective_rank: 1.000000
2026-05-03 00:04:14 | INFO | Field and interaction diagnostics:
2026-05-03 00:04:14 | INFO |   field_rmse: 0.369186
2026-05-03 00:04:14 | INFO |   interaction_fro_error: 2.317003
2026-05-03 00:04:14 | INFO |   estimated_field_max_abs_entry: 1.953538
2026-05-03 00:04:14 | INFO |   estimated_field_rank: 1.000000
2026-05-03 00:04:14 | INFO |   true_field_max_abs_entry: 0.609457
2026-05-03 00:04:14 | INFO |   true_field_rank: 1.000000
2026-05-03 00:04:14 | INFO | Saved summary table to /orcd/home/002/phevosp/MPLE-Causal-Inference/experiments/HybridExperiments_r1_v2/r1_hybrid_us_county_intervention_generated_graph_confounding/cv_runs/alternating_uv_grid/candidates/alternating_uv_grid_candidate_0005/fold_4/mple_summary.csv
2026-05-03 00:04:14 | INFO | Log saved to /orcd/home/002/phevosp/MPLE-Causal-Inference/experiments/HybridExperiments_r1_v2/r1_hybrid_us_county_intervention_generated_graph_confounding/cv_runs/alternating_uv_grid/candidates/alternating_uv_grid_candidate_0005/fold_4/mple.log
