2026-04-01 10:22:19 | INFO | Loading data...
2026-04-01 10:22:23 | INFO | Loaded 1 field templates and 11 interaction templates.
2026-04-01 10:22:23 | INFO | Running conditional-model MPLE on x with shape=(10, 5000)
2026-04-01 10:22:24 | INFO | Eval 0  |  Loss: 0.673156
2026-04-01 10:22:24 | INFO |   field::intercept: +0.0126,  beta: -0.0132,  interaction::adjacency: +0.0640,  interaction::distance_kernel::feature_1: +0.0105,  interaction::cross_similarity::feature_1: -0.0536,  interaction::distance_kernel::feature_2: +0.0362,  interaction::cross_similarity::feature_2: +0.1304,  interaction::distance_kernel::feature_3: +0.0947,  interaction::cross_similarity::feature_3: -0.0704,  interaction::distance_kernel::feature_4: -0.1265,  interaction::cross_similarity::feature_4: -0.0623,  interaction::distance_kernel::feature_5: +0.0041,  interaction::cross_similarity::feature_5: -0.2325,  eta: -0.0219,  zeta: -0.1246,  psi: -0.0732
2026-04-01 10:22:24 | INFO | Done fitting.
2026-04-01 10:22:24 | INFO | Optimizer status: CONVERGENCE: RELATIVE REDUCTION OF F <= FACTR*EPSMCH
2026-04-01 10:22:24 | INFO | Final Loss: 0.544453
2026-04-01 10:22:24 | INFO | Estimated vs True Parameters:
2026-04-01 10:22:24 | INFO |   field::intercept: 0.4895 (True: 0.5000)
2026-04-01 10:22:24 | INFO |   field::intercept SQE: 0.000111
2026-04-01 10:22:24 | INFO |   beta: 0.3923 (True: 0.4000)
2026-04-01 10:22:24 | INFO |   beta SQE: 0.000059
2026-04-01 10:22:24 | INFO |   interaction::adjacency: 0.2309 (True: 0.2500)
2026-04-01 10:22:24 | INFO |   interaction::adjacency SQE: 0.000363
2026-04-01 10:22:24 | INFO |   interaction::distance_kernel::feature_1: 0.0524 (True: 0.0800)
2026-04-01 10:22:24 | INFO |   interaction::distance_kernel::feature_1 SQE: 0.000761
2026-04-01 10:22:24 | INFO |   interaction::cross_similarity::feature_1: 1.6603 (True: 0.0400)
2026-04-01 10:22:24 | INFO |   interaction::cross_similarity::feature_1 SQE: 2.625262
2026-04-01 10:22:24 | INFO |   interaction::distance_kernel::feature_2: 0.0906 (True: 0.0800)
2026-04-01 10:22:24 | INFO |   interaction::distance_kernel::feature_2 SQE: 0.000112
2026-04-01 10:22:25 | INFO |   interaction::cross_similarity::feature_2: -0.5410 (True: 0.0400)
2026-04-01 10:22:25 | INFO |   interaction::cross_similarity::feature_2 SQE: 0.337600
2026-04-01 10:22:25 | INFO |   interaction::distance_kernel::feature_3: 0.0613 (True: 0.0800)
2026-04-01 10:22:25 | INFO |   interaction::distance_kernel::feature_3 SQE: 0.000350
2026-04-01 10:22:25 | INFO |   interaction::cross_similarity::feature_3: -0.9849 (True: 0.0400)
2026-04-01 10:22:25 | INFO |   interaction::cross_similarity::feature_3 SQE: 1.050339
2026-04-01 10:22:25 | INFO |   interaction::distance_kernel::feature_4: 0.0289 (True: 0.0800)
2026-04-01 10:22:25 | INFO |   interaction::distance_kernel::feature_4 SQE: 0.002608
2026-04-01 10:22:25 | INFO |   interaction::cross_similarity::feature_4: 0.2285 (True: 0.0400)
2026-04-01 10:22:25 | INFO |   interaction::cross_similarity::feature_4 SQE: 0.035543
2026-04-01 10:22:25 | INFO |   interaction::distance_kernel::feature_5: 0.2501 (True: 0.1300)
2026-04-01 10:22:25 | INFO |   interaction::distance_kernel::feature_5 SQE: 0.014415
2026-04-01 10:22:25 | INFO |   interaction::cross_similarity::feature_5: -0.6134 (True: 0.1400)
2026-04-01 10:22:25 | INFO |   interaction::cross_similarity::feature_5 SQE: 0.567562
2026-04-01 10:22:25 | INFO |   eta: 0.0979 (True: 0.1000)
2026-04-01 10:22:25 | INFO |   eta SQE: 0.000004
2026-04-01 10:22:25 | INFO |   zeta: -0.4976 (True: -0.5000)
2026-04-01 10:22:25 | INFO |   zeta SQE: 0.000006
2026-04-01 10:22:25 | INFO |   psi: 0.4068 (True: 0.4000)
2026-04-01 10:22:25 | INFO |   psi SQE: 0.000047
2026-04-01 10:22:26 | INFO | Saved summary tables to C:\Users\phevo\Documents\MIT\Code\MPLE-Causal-Inference\experiments\n5000_t10_baseline_temp_fro_small_uniform_shared_feature_interactions_20260401_001027\mple_summary.csv and C:\Users\phevo\Documents\MIT\Code\MPLE-Causal-Inference\experiments\n5000_t10_baseline_temp_fro_small_uniform_shared_feature_interactions_20260401_001027\mple_summary.md
2026-04-01 10:22:26 | INFO | Log saved to C:\Users\phevo\Documents\MIT\Code\MPLE-Causal-Inference\experiments\n5000_t10_baseline_temp_fro_small_uniform_shared_feature_interactions_20260401_001027\mple.log
