2026-04-12 13:20:01 | INFO | Loading data...
2026-04-12 13:20:01 | INFO | Using panel artifact: C:\Users\phevo\Documents\MIT\Code\MPLE-Causal-Inference\experiments\SyntheticHybridExperiments\hybrid_uscounty_intervention_generated_graph_rank_40\panel_data.npz
2026-04-12 13:20:01 | INFO | Using x_0 artifact: C:\Users\phevo\Documents\MIT\Code\MPLE-Causal-Inference\experiments\SyntheticHybridExperiments\hybrid_uscounty_intervention_generated_graph_rank_40\x_0.npy
2026-04-12 13:20:01 | INFO | Using z_0 artifact: C:\Users\phevo\Documents\MIT\Code\MPLE-Causal-Inference\experiments\SyntheticHybridExperiments\hybrid_uscounty_intervention_generated_graph_rank_40\z_0.npy
2026-04-12 13:20:01 | INFO | Using fit config: C:\Users\phevo\Documents\MIT\Code\MPLE-Causal-Inference\experiments\SyntheticHybridExperiments\hybrid_uscounty_intervention_generated_graph_rank_40\fits\rank_6_b1\fit_realized_config.yaml
2026-04-12 13:20:01 | INFO | Using model artifact directory: C:\Users\phevo\Documents\MIT\Code\MPLE-Causal-Inference\experiments\SyntheticHybridExperiments\hybrid_uscounty_intervention_generated_graph_rank_40
2026-04-12 13:20:01 | INFO | Using truth artifact directory: C:\Users\phevo\Documents\MIT\Code\MPLE-Causal-Inference\experiments\SyntheticHybridExperiments\hybrid_uscounty_intervention_generated_graph_rank_40
2026-04-12 13:20:01 | INFO | Configured latent rank: 6
2026-04-12 13:20:01 | INFO | Using a fixed known graph with scalar xi.
2026-04-12 13:20:01 | INFO | Intervention-process model enabled: True
2026-04-12 13:20:01 | INFO | Global temperature bound B active: True
2026-04-12 13:20:01 | INFO | Effective xi bound from interaction constraint: 1.000000
2026-04-12 13:20:01 | INFO | Beta mask pre-intervention enabled: False
2026-04-12 13:20:01 | INFO | Beta mask rescale enabled: False
2026-04-12 13:20:01 | INFO | Fixed scalar parameters: {}
2026-04-12 13:20:01 | INFO | Eval 0  |  Loss: 0.787380
2026-04-12 13:20:01 | INFO |   beta: -0.0150,  xi: -0.0239,  eta: -0.1255,  zeta: -0.0447,  psi: -0.0128
2026-04-12 13:20:12 | INFO | Eval 100  |  Loss: 0.255204
2026-04-12 13:20:12 | INFO |   beta: +0.4866,  xi: +0.5424,  eta: +0.5220,  zeta: +0.4353,  psi: +1.0000
2026-04-12 13:20:23 | INFO | Eval 200  |  Loss: 0.254464
2026-04-12 13:20:23 | INFO |   beta: +0.4191,  xi: +0.6203,  eta: +0.4929,  zeta: +0.4313,  psi: +1.0000
2026-04-12 13:20:31 | INFO | Done fitting.
2026-04-12 13:20:31 | INFO | Optimizer status: ABNORMAL: 
2026-04-12 13:20:31 | INFO | Final Loss: 0.254447
2026-04-12 13:20:31 | INFO | Estimated vs True Parameters:
2026-04-12 13:20:31 | INFO |   beta: 0.4142 (True: 0.3500) | SQE: 0.004121
2026-04-12 13:20:31 | INFO |   xi: 0.6213 (True: 0.7500) | SQE: 0.016564
2026-04-12 13:20:31 | INFO |   eta: 0.4897 (True: 0.4800) | SQE: 0.000094
2026-04-12 13:20:31 | INFO |   zeta: 0.4313 (True: -0.5500) | SQE: 0.962862
2026-04-12 13:20:31 | INFO |   psi: 1.0000 (True: 0.8000) | SQE: 0.040000
2026-04-12 13:20:31 | INFO | Field and interaction diagnostics:
2026-04-12 13:20:31 | INFO |   field_rmse: 0.001559
2026-04-12 13:20:31 | INFO |   interaction_fro_error: 0.440063
2026-04-12 13:20:31 | INFO |   estimated_field_inf_norm: 1.000000
2026-04-12 13:20:31 | INFO |   estimated_field_rank: 6.000000
2026-04-12 13:20:31 | INFO |   bound_B: 1.000000
2026-04-12 13:20:31 | INFO |   true_field_inf_norm: 5.000000
2026-04-12 13:20:31 | INFO |   true_field_rank: 40.000000
2026-04-12 13:20:31 | INFO | Saved summary tables to C:\Users\phevo\Documents\MIT\Code\MPLE-Causal-Inference\experiments\SyntheticHybridExperiments\hybrid_uscounty_intervention_generated_graph_rank_40\fits\rank_6_b1\mple_summary.csv and C:\Users\phevo\Documents\MIT\Code\MPLE-Causal-Inference\experiments\SyntheticHybridExperiments\hybrid_uscounty_intervention_generated_graph_rank_40\fits\rank_6_b1\mple_summary.md
2026-04-12 13:20:31 | INFO | Log saved to C:\Users\phevo\Documents\MIT\Code\MPLE-Causal-Inference\experiments\SyntheticHybridExperiments\hybrid_uscounty_intervention_generated_graph_rank_40\fits\rank_6_b1\mple.log
