2026-05-02 23:25:24 | INFO | Loading data...
2026-05-02 23:25:24 | INFO | Using panel artifact: /orcd/home/002/phevosp/MPLE-Causal-Inference/experiments/HybridExperiments_r1_v2/r1_hybrid_us_county_intervention_uscounty_graph_kernel_confounding/panel_data.npz
2026-05-02 23:25:24 | INFO | Using x_0 artifact: /orcd/home/002/phevosp/MPLE-Causal-Inference/experiments/HybridExperiments_r1_v2/r1_hybrid_us_county_intervention_uscounty_graph_kernel_confounding/x_0.npy
2026-05-02 23:25:24 | INFO | Using fit config: /orcd/home/002/phevosp/MPLE-Causal-Inference/experiments/HybridExperiments_r1_v2/r1_hybrid_us_county_intervention_uscounty_graph_kernel_confounding/cv_runs/alternating_uv_grid/candidates/alternating_uv_grid_candidate_0001/fold_6/fit_realized_config.yaml
2026-05-02 23:25:24 | INFO | Using model artifact directory: /orcd/home/002/phevosp/MPLE-Causal-Inference/experiments/HybridExperiments_r1_v2/r1_hybrid_us_county_intervention_uscounty_graph_kernel_confounding
2026-05-02 23:25:24 | INFO | Using truth artifact directory: /orcd/home/002/phevosp/MPLE-Causal-Inference/experiments/HybridExperiments_r1_v2/r1_hybrid_us_county_intervention_uscounty_graph_kernel_confounding
2026-05-02 23:25:24 | INFO | Using loss mask artifact: /orcd/home/002/phevosp/MPLE-Causal-Inference/experiments/HybridExperiments_r1_v2/r1_hybrid_us_county_intervention_uscounty_graph_kernel_confounding/cv_runs/alternating_uv_grid/candidates/alternating_uv_grid_candidate_0001/fold_6/loss_mask.npy
2026-05-02 23:25:24 | INFO | Configured optimizer mode: alternating_latent_rank
2026-05-02 23:25:24 | INFO | Configured latent rank: 1
2026-05-02 23:25:24 | INFO | Using a fixed known graph with scalar xi.
2026-05-02 23:25:24 | INFO | Fit-time hard bounds active: False
2026-05-02 23:25:24 | INFO | Fixed scalar parameters: {}
2026-05-02 23:25:24 | INFO | Warm-start fixed scalars: {} for 0 steps
2026-05-02 23:25:24 | INFO | Beta mask before s: True with s=50
2026-05-02 23:25:24 | INFO | Beta mask after e: True with e=115
2026-05-02 23:25:24 | INFO | Alternating V-column L2-ball constraint active with radius 1.0
2026-05-02 23:25:24 | INFO | Optimizer settings: steps=2000, tol=1e-07, n_starts=1, seed=0, lambda_nuclear=0.0, lambda_frobenius=0.0, lambda_uv_ridge=0.0001, v_column_l2_max=1.0, proximal_lr=1.0
2026-05-02 23:25:24 | INFO | Alternating low-rank start 1/1 | seed=0 | initial_loss=0.695797 | initial_penalized=0.695797
2026-05-02 23:25:24 | INFO | Alternating low-rank iter 0 | Loss: 0.521308 | Penalized: 0.521317
2026-05-02 23:25:31 | INFO | Alternating low-rank iter 100 | Loss: 0.493442 | Penalized: 0.493467
2026-05-02 23:25:36 | INFO | Done fitting.
2026-05-02 23:25:36 | INFO | Optimizer status: CONVERGED: alternating objective tolerance reached
2026-05-02 23:25:36 | INFO | Best optimizer start: 1 / 1
2026-05-02 23:25:36 | INFO | Final Loss: 0.493391
2026-05-02 23:25:36 | INFO | Estimated vs True Parameters:
2026-05-02 23:25:36 | INFO |   beta: -0.3146 (True: -0.3000) | SQE: 0.000213
2026-05-02 23:25:36 | INFO |   xi: 0.7871 (True: 0.8000) | SQE: 0.000167
2026-05-02 23:25:36 | INFO |   eta: 0.2848 (True: 0.3000) | SQE: 0.000232
2026-05-02 23:25:36 | INFO | Alternating low-rank optimizer diagnostics:
2026-05-02 23:25:36 | INFO |   penalized_objective: 0.493414
2026-05-02 23:25:36 | INFO |   mple_loss_without_penalty: 0.493391
2026-05-02 23:25:36 | INFO |   lambda_uv_ridge: 0.000100
2026-05-02 23:25:36 | INFO |   u_frobenius_norm: 255.232269
2026-05-02 23:25:36 | INFO |   v_frobenius_norm: 1.000000
2026-05-02 23:25:36 | INFO |   effective_rank: 1.000000
2026-05-02 23:25:36 | INFO | Field and interaction diagnostics:
2026-05-02 23:25:36 | INFO |   field_rmse: 0.237965
2026-05-02 23:25:36 | INFO |   interaction_fro_error: 0.143117
2026-05-02 23:25:36 | INFO |   estimated_field_max_abs_entry: 2.274949
2026-05-02 23:25:36 | INFO |   estimated_field_rank: 1.000000
2026-05-02 23:25:36 | INFO |   true_field_max_abs_entry: 0.609457
2026-05-02 23:25:36 | INFO |   true_field_rank: 1.000000
2026-05-02 23:25:36 | INFO | Saved summary table to /orcd/home/002/phevosp/MPLE-Causal-Inference/experiments/HybridExperiments_r1_v2/r1_hybrid_us_county_intervention_uscounty_graph_kernel_confounding/cv_runs/alternating_uv_grid/candidates/alternating_uv_grid_candidate_0001/fold_6/mple_summary.csv
2026-05-02 23:25:36 | INFO | Log saved to /orcd/home/002/phevosp/MPLE-Causal-Inference/experiments/HybridExperiments_r1_v2/r1_hybrid_us_county_intervention_uscounty_graph_kernel_confounding/cv_runs/alternating_uv_grid/candidates/alternating_uv_grid_candidate_0001/fold_6/mple.log
