2026-06-09 22:16:57 | INFO | Loading data...
2026-06-09 22:16:57 | INFO | Using panel artifact: /orcd/home/002/phevosp/MPLE-Causal-Inference/experiments/Hybrid/partial_confounding_1/panel_data.npz
2026-06-09 22:16:57 | INFO | Using x_0 artifact: /orcd/home/002/phevosp/MPLE-Causal-Inference/experiments/Hybrid/partial_confounding_1/x_0.npy
2026-06-09 22:16:57 | INFO | Using fit config: /orcd/home/002/phevosp/MPLE-Causal-Inference/experiments/Hybrid/partial_confounding_1/fits/alternating_rank_5_uv_1_e3_beta_mask/fit_realized_config.yaml
2026-06-09 22:16:57 | INFO | Using model artifact directory: /orcd/home/002/phevosp/MPLE-Causal-Inference/experiments/Hybrid/partial_confounding_1
2026-06-09 22:16:57 | INFO | Using truth artifact directory: /orcd/home/002/phevosp/MPLE-Causal-Inference/experiments/Hybrid/partial_confounding_1
2026-06-09 22:16:57 | INFO | Configured optimizer mode: alternating_latent_rank
2026-06-09 22:16:57 | INFO | Configured latent rank: 5
2026-06-09 22:16:57 | INFO | Using a fixed known graph with scalar xi.
2026-06-09 22:16:57 | INFO | Fit-time hard bounds active: False
2026-06-09 22:16:57 | INFO | Fixed scalar parameters: {}
2026-06-09 22:16:57 | INFO | Warm-start fixed scalars: {} for 0 steps
2026-06-09 22:16:57 | INFO | Beta-gradient mask before s: True with s=50
2026-06-09 22:16:57 | INFO | Beta-gradient mask after e: True with e=115
2026-06-09 22:16:57 | INFO | Alternating V-column L2-ball constraint active with radius 1.0
2026-06-09 22:16:57 | INFO | Optimizer settings: steps=20000, tol=1e-09, n_starts=1, seed=0, lambda_nuclear=0.0, lambda_frobenius=0.0, lambda_uv_ridge=0.001, v_column_l2_max=1.0, proximal_lr=1.0
2026-06-09 22:16:57 | INFO | Alternating low-rank start 1/1 | seed=0 | initial_loss=0.784702 | initial_penalized=0.784702
2026-06-09 22:16:57 | INFO | Alternating low-rank iter 0 | Loss: 0.577635 | Penalized: 0.577733
2026-06-09 22:17:03 | INFO | Done fitting.
2026-06-09 22:17:03 | INFO | Optimizer status: CONVERGED: alternating objective tolerance reached
2026-06-09 22:17:03 | INFO | Best optimizer start: 1 / 1
2026-06-09 22:17:03 | INFO | Final Loss: 0.543787
2026-06-09 22:17:03 | INFO | Estimated vs True Parameters:
2026-06-09 22:17:03 | INFO |   beta: -0.3068 (True: -0.3000) | SQE: 0.000046
2026-06-09 22:17:03 | INFO |   xi: 0.8423 (True: 0.8000) | SQE: 0.001793
2026-06-09 22:17:03 | INFO |   eta: 0.2951 (True: 0.3000) | SQE: 0.000024
2026-06-09 22:17:03 | INFO | Alternating low-rank optimizer diagnostics:
2026-06-09 22:17:03 | INFO |   penalized_objective: 0.544041
2026-06-09 22:17:03 | INFO |   mple_loss_without_penalty: 0.543787
2026-06-09 22:17:03 | INFO |   lambda_uv_ridge: 0.001000
2026-06-09 22:17:03 | INFO |   u_frobenius_norm: 296.295337
2026-06-09 22:17:03 | INFO |   v_frobenius_norm: 2.236068
2026-06-09 22:17:03 | INFO |   effective_rank: 5.000000
2026-06-09 22:17:03 | INFO | Field and interaction diagnostics:
2026-06-09 22:17:03 | INFO |   field_rmse: 0.279527
2026-06-09 22:17:03 | INFO |   interaction_fro_error: 0.468467
2026-06-09 22:17:03 | INFO |   estimated_field_max_abs_entry: 4.927881
2026-06-09 22:17:03 | INFO |   estimated_field_rank: 5.000000
2026-06-09 22:17:03 | INFO |   true_field_max_abs_entry: 2.360404
2026-06-09 22:17:03 | INFO |   true_field_rank: 5.000000
2026-06-09 22:17:03 | INFO | Saved summary table to /orcd/home/002/phevosp/MPLE-Causal-Inference/experiments/Hybrid/partial_confounding_1/fits/alternating_rank_5_uv_1_e3_beta_mask/mple_summary.csv
2026-06-09 22:17:03 | INFO | Log saved to /orcd/home/002/phevosp/MPLE-Causal-Inference/experiments/Hybrid/partial_confounding_1/fits/alternating_rank_5_uv_1_e3_beta_mask/mple.log
