2026-04-24 12:32:19 | INFO | Loading data...
2026-04-24 12:32:19 | INFO | Using panel artifact: /orcd/home/002/phevosp/MPLE-Causal-Inference/experiments/SyntheticHybridExperiments/synthetic_base/panel_data.npz
2026-04-24 12:32:19 | INFO | Using x_0 artifact: /orcd/home/002/phevosp/MPLE-Causal-Inference/experiments/SyntheticHybridExperiments/synthetic_base/x_0.npy
2026-04-24 12:32:19 | INFO | Using fit config: /orcd/home/002/phevosp/MPLE-Causal-Inference/experiments/SyntheticHybridExperiments/synthetic_base/fits/alternating_rank_2/fit_realized_config.yaml
2026-04-24 12:32:19 | INFO | Using model artifact directory: /orcd/home/002/phevosp/MPLE-Causal-Inference/experiments/SyntheticHybridExperiments/synthetic_base
2026-04-24 12:32:19 | INFO | Using truth artifact directory: /orcd/home/002/phevosp/MPLE-Causal-Inference/experiments/SyntheticHybridExperiments/synthetic_base
2026-04-24 12:32:19 | INFO | Configured optimizer mode: alternating_latent_rank
2026-04-24 12:32:19 | INFO | Configured latent rank: 2
2026-04-24 12:32:19 | INFO | Using a fixed known graph with scalar xi.
2026-04-24 12:32:19 | INFO | Fit-time hard bounds active: False
2026-04-24 12:32:19 | INFO | Fixed scalar parameters: {}
2026-04-24 12:32:19 | INFO | Optimizer settings: steps=20000, tol=1e-09, n_starts=1, seed=0, lambda_nuclear=0.0, lambda_frobenius=0.0, lambda_uv_ridge=10.0, proximal_lr=1.0
2026-04-24 12:32:19 | INFO | Alternating low-rank start 1/1 | seed=0 | initial_loss=0.714782 | initial_penalized=0.716977
2026-04-24 12:32:19 | INFO | Alternating low-rank iter 0 | Loss: 0.575488 | Penalized: 0.579840
2026-04-24 12:32:23 | INFO | Alternating low-rank iter 100 | Loss: 0.567429 | Penalized: 0.575756
2026-04-24 12:32:27 | INFO | Alternating low-rank iter 200 | Loss: 0.566987 | Penalized: 0.575314
2026-04-24 12:32:30 | INFO | Alternating low-rank iter 300 | Loss: 0.566857 | Penalized: 0.575190
2026-04-24 12:32:34 | INFO | Alternating low-rank iter 400 | Loss: 0.566818 | Penalized: 0.575155
2026-04-24 12:32:38 | INFO | Alternating low-rank iter 500 | Loss: 0.566805 | Penalized: 0.575145
2026-04-24 12:32:41 | INFO | Alternating low-rank iter 600 | Loss: 0.566801 | Penalized: 0.575142
2026-04-24 12:32:46 | INFO | Alternating low-rank iter 700 | Loss: 0.566799 | Penalized: 0.575141
2026-04-24 12:32:50 | INFO | Alternating low-rank iter 800 | Loss: 0.566798 | Penalized: 0.575141
2026-04-24 12:32:50 | INFO | Done fitting.
2026-04-24 12:32:50 | INFO | Optimizer status: CONVERGED: alternating objective tolerance reached
2026-04-24 12:32:50 | INFO | Best optimizer start: 1 / 1
2026-04-24 12:32:50 | INFO | Final Loss: 0.566798
2026-04-24 12:32:50 | INFO | Estimated vs True Parameters:
2026-04-24 12:32:50 | INFO |   beta: 0.5043 (True: 0.5000) | SQE: 0.000018
2026-04-24 12:32:50 | INFO |   xi: 0.6581 (True: 0.6000) | SQE: 0.003372
2026-04-24 12:32:50 | INFO |   eta: -0.0986 (True: -0.1000) | SQE: 0.000002
2026-04-24 12:32:50 | INFO | Alternating low-rank optimizer diagnostics:
2026-04-24 12:32:50 | INFO |   penalized_objective: 0.575141
2026-04-24 12:32:50 | INFO |   mple_loss_without_penalty: 0.566798
2026-04-24 12:32:50 | INFO |   lambda_uv_ridge: 10.000000
2026-04-24 12:32:50 | INFO |   u_frobenius_norm: 6.458665
2026-04-24 12:32:50 | INFO |   v_frobenius_norm: 6.458665
2026-04-24 12:32:50 | INFO |   effective_rank: 2.000000
2026-04-24 12:32:50 | INFO | Field and interaction diagnostics:
2026-04-24 12:32:50 | INFO |   field_rmse: 0.093281
2026-04-24 12:32:50 | INFO |   interaction_fro_error: 0.165803
2026-04-24 12:32:50 | INFO |   estimated_field_max_abs_entry: 0.590683
2026-04-24 12:32:50 | INFO |   estimated_field_rank: 2.000000
2026-04-24 12:32:50 | INFO |   true_field_max_abs_entry: 0.000000
2026-04-24 12:32:50 | INFO |   true_field_rank: 0.000000
2026-04-24 12:32:50 | INFO | Saved summary tables to /orcd/home/002/phevosp/MPLE-Causal-Inference/experiments/SyntheticHybridExperiments/synthetic_base/fits/alternating_rank_2/mple_summary.csv and /orcd/home/002/phevosp/MPLE-Causal-Inference/experiments/SyntheticHybridExperiments/synthetic_base/fits/alternating_rank_2/mple_summary.md
2026-04-24 12:32:50 | INFO | Log saved to /orcd/home/002/phevosp/MPLE-Causal-Inference/experiments/SyntheticHybridExperiments/synthetic_base/fits/alternating_rank_2/mple.log
