2026-05-01 22:29:37 | INFO | Loading data...
2026-05-01 22:29:37 | INFO | Using panel artifact: /orcd/home/002/phevosp/MPLE-Causal-Inference/experiments/SyntheticHybridExperimentsFinal/r5_c1_hybrid_us_county_intervention_uscounty_graph_kernel_confounding/panel_data.npz
2026-05-01 22:29:37 | INFO | Using x_0 artifact: /orcd/home/002/phevosp/MPLE-Causal-Inference/experiments/SyntheticHybridExperimentsFinal/r5_c1_hybrid_us_county_intervention_uscounty_graph_kernel_confounding/x_0.npy
2026-05-01 22:29:37 | INFO | Using fit config: /orcd/home/002/phevosp/MPLE-Causal-Inference/experiments/SyntheticHybridExperimentsFinal/r5_c1_hybrid_us_county_intervention_uscounty_graph_kernel_confounding/cv_runs/alternating_uv_grid/candidates/alternating_uv_grid_candidate_0001/fold_8/fit_realized_config.yaml
2026-05-01 22:29:37 | INFO | Using model artifact directory: /orcd/home/002/phevosp/MPLE-Causal-Inference/experiments/SyntheticHybridExperimentsFinal/r5_c1_hybrid_us_county_intervention_uscounty_graph_kernel_confounding
2026-05-01 22:29:37 | INFO | Using truth artifact directory: /orcd/home/002/phevosp/MPLE-Causal-Inference/experiments/SyntheticHybridExperimentsFinal/r5_c1_hybrid_us_county_intervention_uscounty_graph_kernel_confounding
2026-05-01 22:29:37 | INFO | Using loss mask artifact: /orcd/home/002/phevosp/MPLE-Causal-Inference/experiments/SyntheticHybridExperimentsFinal/r5_c1_hybrid_us_county_intervention_uscounty_graph_kernel_confounding/cv_runs/alternating_uv_grid/candidates/alternating_uv_grid_candidate_0001/fold_8/loss_mask.npy
2026-05-01 22:29:37 | INFO | Configured optimizer mode: alternating_latent_rank
2026-05-01 22:29:37 | INFO | Configured latent rank: 5
2026-05-01 22:29:37 | INFO | Using a fixed known graph with scalar xi.
2026-05-01 22:29:37 | INFO | Fit-time hard bounds active: False
2026-05-01 22:29:37 | INFO | Fixed scalar parameters: {}
2026-05-01 22:29:37 | INFO | Warm-start fixed scalars: {} for 0 steps
2026-05-01 22:29:37 | INFO | Beta mask before s: True with s=55
2026-05-01 22:29:37 | INFO | Beta mask after e: True with e=114
2026-05-01 22:29:37 | INFO | Alternating V-column L2-ball constraint active with radius 1.0
2026-05-01 22:29:37 | INFO | Optimizer settings: steps=2000, tol=1e-07, n_starts=1, seed=0, lambda_nuclear=0.0, lambda_frobenius=0.0, lambda_uv_ridge=0.0005, v_column_l2_max=1.0, proximal_lr=1.0
2026-05-01 22:29:37 | INFO | Alternating low-rank start 1/1 | seed=0 | initial_loss=0.692742 | initial_penalized=0.692742
2026-05-01 22:29:37 | INFO | Alternating low-rank iter 0 | Loss: 0.555485 | Penalized: 0.555517
2026-05-01 22:29:48 | INFO | Alternating low-rank iter 100 | Loss: 0.519967 | Penalized: 0.520355
2026-05-01 22:29:59 | INFO | Alternating low-rank iter 200 | Loss: 0.517051 | Penalized: 0.517992
2026-05-01 22:30:10 | INFO | Alternating low-rank iter 300 | Loss: 0.515711 | Penalized: 0.517085
2026-05-01 22:30:21 | INFO | Alternating low-rank iter 400 | Loss: 0.515082 | Penalized: 0.516752
2026-05-01 22:30:32 | INFO | Alternating low-rank iter 500 | Loss: 0.514808 | Penalized: 0.516655
2026-05-01 22:30:43 | INFO | Alternating low-rank iter 600 | Loss: 0.514666 | Penalized: 0.516618
2026-05-01 22:30:54 | INFO | Alternating low-rank iter 700 | Loss: 0.514584 | Penalized: 0.516601
2026-05-01 22:30:58 | INFO | Done fitting.
2026-05-01 22:30:58 | INFO | Optimizer status: CONVERGED: alternating objective tolerance reached
2026-05-01 22:30:58 | INFO | Best optimizer start: 1 / 1
2026-05-01 22:30:58 | INFO | Final Loss: 0.514562
2026-05-01 22:30:58 | INFO | Estimated vs True Parameters:
2026-05-01 22:30:58 | INFO |   beta: -0.2245 (True: -0.3000) | SQE: 0.005694
2026-05-01 22:30:58 | INFO |   xi: 0.8841 (True: 0.8000) | SQE: 0.007081
2026-05-01 22:30:58 | INFO |   eta: 0.2966 (True: 0.3000) | SQE: 0.000011
2026-05-01 22:30:58 | INFO | Alternating low-rank optimizer diagnostics:
2026-05-01 22:30:58 | INFO |   penalized_objective: 0.516597
2026-05-01 22:30:58 | INFO |   mple_loss_without_penalty: 0.514562
2026-05-01 22:30:58 | INFO |   lambda_uv_ridge: 0.000500
2026-05-01 22:30:58 | INFO |   u_frobenius_norm: 1133.051092
2026-05-01 22:30:58 | INFO |   v_frobenius_norm: 2.236068
2026-05-01 22:30:58 | INFO |   effective_rank: 5.000000
2026-05-01 22:30:58 | INFO | Field and interaction diagnostics:
2026-05-01 22:30:58 | INFO |   field_rmse: 1.935840
2026-05-01 22:30:58 | INFO |   interaction_fro_error: 0.931039
2026-05-01 22:30:58 | INFO |   estimated_field_max_abs_entry: 55.572054
2026-05-01 22:30:58 | INFO |   estimated_field_rank: 5.000000
2026-05-01 22:30:58 | INFO |   true_field_max_abs_entry: 1.442488
2026-05-01 22:30:58 | INFO |   true_field_rank: 5.000000
2026-05-01 22:30:58 | INFO | Saved summary table to /orcd/home/002/phevosp/MPLE-Causal-Inference/experiments/SyntheticHybridExperimentsFinal/r5_c1_hybrid_us_county_intervention_uscounty_graph_kernel_confounding/cv_runs/alternating_uv_grid/candidates/alternating_uv_grid_candidate_0001/fold_8/mple_summary.csv
2026-05-01 22:30:58 | INFO | Log saved to /orcd/home/002/phevosp/MPLE-Causal-Inference/experiments/SyntheticHybridExperimentsFinal/r5_c1_hybrid_us_county_intervention_uscounty_graph_kernel_confounding/cv_runs/alternating_uv_grid/candidates/alternating_uv_grid_candidate_0001/fold_8/mple.log
