2026-05-06 03:26:41 | INFO | Loading data...
2026-05-06 03:26:41 | INFO | Using panel artifact: /orcd/home/002/phevosp/MPLE-Causal-Inference/experiments/FINAL/USCountyVaccination/outcome_death_rate_100k_ge_2__intervention_complete_cov_ge_30__lag_2w__distance_kernel_8__start_2020_03_01/panel_data.npz
2026-05-06 03:26:41 | INFO | Using x_0 artifact: /orcd/home/002/phevosp/MPLE-Causal-Inference/experiments/FINAL/USCountyVaccination/outcome_death_rate_100k_ge_2__intervention_complete_cov_ge_30__lag_2w__distance_kernel_8__start_2020_03_01/x_0.npy
2026-05-06 03:26:41 | INFO | Using fit config: /orcd/home/002/phevosp/MPLE-Causal-Inference/experiments/FINAL/USCountyVaccination/outcome_death_rate_100k_ge_2__intervention_complete_cov_ge_30__lag_2w__distance_kernel_8__start_2020_03_01/cv_runs/alternating_uv_grid/candidates/alternating_uv_grid_candidate_0009/fold_1/fit_realized_config.yaml
2026-05-06 03:26:41 | INFO | Using model artifact directory: /orcd/home/002/phevosp/MPLE-Causal-Inference/experiments/FINAL/USCountyVaccination/outcome_death_rate_100k_ge_2__intervention_complete_cov_ge_30__lag_2w__distance_kernel_8__start_2020_03_01
2026-05-06 03:26:41 | INFO | Using truth artifact directory: /orcd/home/002/phevosp/MPLE-Causal-Inference/experiments/FINAL/USCountyVaccination/outcome_death_rate_100k_ge_2__intervention_complete_cov_ge_30__lag_2w__distance_kernel_8__start_2020_03_01
2026-05-06 03:26:41 | INFO | Using loss mask artifact: /orcd/home/002/phevosp/MPLE-Causal-Inference/experiments/FINAL/USCountyVaccination/outcome_death_rate_100k_ge_2__intervention_complete_cov_ge_30__lag_2w__distance_kernel_8__start_2020_03_01/cv_runs/alternating_uv_grid/candidates/alternating_uv_grid_candidate_0009/fold_1/loss_mask.npy
2026-05-06 03:26:41 | INFO | Configured optimizer mode: alternating_latent_rank
2026-05-06 03:26:41 | INFO | Configured latent rank: 5
2026-05-06 03:26:41 | INFO | Using a fixed known graph with scalar xi.
2026-05-06 03:26:41 | INFO | Fit-time hard bounds active: False
2026-05-06 03:26:41 | INFO | Fixed scalar parameters: {}
2026-05-06 03:26:41 | INFO | Warm-start fixed scalars: {} for 0 steps
2026-05-06 03:26:41 | INFO | Beta mask before s: True with s=50
2026-05-06 03:26:41 | INFO | Beta mask after e: True with e=115
2026-05-06 03:26:41 | INFO | Alternating V-column L2-ball constraint active with radius 1.0
2026-05-06 03:26:41 | INFO | Optimizer settings: steps=2000, tol=1e-07, n_starts=1, seed=0, lambda_nuclear=0.0, lambda_frobenius=0.0, lambda_uv_ridge=0.01, v_column_l2_max=1.0, proximal_lr=1.0
2026-05-06 03:26:41 | INFO | Alternating low-rank start 1/1 | seed=0 | initial_loss=0.832712 | initial_penalized=0.832713
2026-05-06 03:26:42 | INFO | Alternating low-rank iter 0 | Loss: 0.494354 | Penalized: 0.495266
2026-05-06 03:26:54 | INFO | Alternating low-rank iter 100 | Loss: 0.382224 | Penalized: 0.393313
2026-05-06 03:27:06 | INFO | Alternating low-rank iter 200 | Loss: 0.381072 | Penalized: 0.391879
2026-05-06 03:27:19 | INFO | Alternating low-rank iter 300 | Loss: 0.381024 | Penalized: 0.391640
2026-05-06 03:27:31 | INFO | Alternating low-rank iter 400 | Loss: 0.381073 | Penalized: 0.391589
2026-05-06 03:27:44 | INFO | Alternating low-rank iter 500 | Loss: 0.381099 | Penalized: 0.391573
2026-05-06 03:27:45 | INFO | Done fitting.
2026-05-06 03:27:45 | INFO | Optimizer status: CONVERGED: alternating objective tolerance reached
2026-05-06 03:27:45 | INFO | Best optimizer start: 1 / 1
2026-05-06 03:27:45 | INFO | Final Loss: 0.381100
2026-05-06 03:27:45 | INFO | Estimated Parameters:
2026-05-06 03:27:45 | INFO |   beta: -0.0419
2026-05-06 03:27:45 | INFO |   xi: 1.2341
2026-05-06 03:27:45 | INFO |   eta: 0.0361
2026-05-06 03:27:45 | INFO | Alternating low-rank optimizer diagnostics:
2026-05-06 03:27:45 | INFO |   penalized_objective: 0.391572
2026-05-06 03:27:45 | INFO |   mple_loss_without_penalty: 0.381100
2026-05-06 03:27:45 | INFO |   lambda_uv_ridge: 0.010000
2026-05-06 03:27:45 | INFO |   u_frobenius_norm: 481.235296
2026-05-06 03:27:45 | INFO |   v_frobenius_norm: 2.236068
2026-05-06 03:27:45 | INFO |   effective_rank: 5.000000
2026-05-06 03:27:45 | INFO | Field and interaction diagnostics:
2026-05-06 03:27:45 | INFO |   estimated_field_max_abs_entry: 5.226129
2026-05-06 03:27:45 | INFO |   estimated_field_rank: 5.000000
2026-05-06 03:27:45 | INFO | Saved summary table to /orcd/home/002/phevosp/MPLE-Causal-Inference/experiments/FINAL/USCountyVaccination/outcome_death_rate_100k_ge_2__intervention_complete_cov_ge_30__lag_2w__distance_kernel_8__start_2020_03_01/cv_runs/alternating_uv_grid/candidates/alternating_uv_grid_candidate_0009/fold_1/mple_summary.csv
2026-05-06 03:27:45 | INFO | Log saved to /orcd/home/002/phevosp/MPLE-Causal-Inference/experiments/FINAL/USCountyVaccination/outcome_death_rate_100k_ge_2__intervention_complete_cov_ge_30__lag_2w__distance_kernel_8__start_2020_03_01/cv_runs/alternating_uv_grid/candidates/alternating_uv_grid_candidate_0009/fold_1/mple.log
