2026-05-01 20:48:21 | INFO | Loading data...
2026-05-01 20:48:21 | INFO | Using panel artifact: /orcd/home/002/phevosp/MPLE-Causal-Inference/experiments/SyntheticHybridExperimentsFinal/confounding_strong/panel_data.npz
2026-05-01 20:48:21 | INFO | Using x_0 artifact: /orcd/home/002/phevosp/MPLE-Causal-Inference/experiments/SyntheticHybridExperimentsFinal/confounding_strong/x_0.npy
2026-05-01 20:48:21 | INFO | Using fit config: /orcd/home/002/phevosp/MPLE-Causal-Inference/experiments/SyntheticHybridExperimentsFinal/confounding_strong/cv_runs/alternating_uv_grid/candidates/alternating_uv_grid_candidate_0007/fold_4/fit_realized_config.yaml
2026-05-01 20:48:21 | INFO | Using model artifact directory: /orcd/home/002/phevosp/MPLE-Causal-Inference/experiments/SyntheticHybridExperimentsFinal/confounding_strong
2026-05-01 20:48:21 | INFO | Using truth artifact directory: /orcd/home/002/phevosp/MPLE-Causal-Inference/experiments/SyntheticHybridExperimentsFinal/confounding_strong
2026-05-01 20:48:21 | INFO | Using loss mask artifact: /orcd/home/002/phevosp/MPLE-Causal-Inference/experiments/SyntheticHybridExperimentsFinal/confounding_strong/cv_runs/alternating_uv_grid/candidates/alternating_uv_grid_candidate_0007/fold_4/loss_mask.npy
2026-05-01 20:48:21 | INFO | Configured optimizer mode: alternating_latent_rank
2026-05-01 20:48:21 | INFO | Configured latent rank: 3
2026-05-01 20:48:21 | INFO | Using a fixed known graph with scalar xi.
2026-05-01 20:48:21 | INFO | Fit-time hard bounds active: False
2026-05-01 20:48:21 | INFO | Fixed scalar parameters: {}
2026-05-01 20:48:21 | INFO | Warm-start fixed scalars: {} for 0 steps
2026-05-01 20:48:21 | INFO | Beta mask before s: False with s=0
2026-05-01 20:48:21 | INFO | Beta mask after e: False with e=11
2026-05-01 20:48:21 | INFO | Alternating V-column L2-ball constraint active with radius 1.0
2026-05-01 20:48:21 | INFO | Optimizer settings: steps=2000, tol=1e-07, n_starts=1, seed=0, lambda_nuclear=0.0, lambda_frobenius=0.0, lambda_uv_ridge=1.0, v_column_l2_max=1.0, proximal_lr=1.0
2026-05-01 20:48:21 | INFO | Alternating low-rank start 1/1 | seed=0 | initial_loss=0.791760 | initial_penalized=0.792025
2026-05-01 20:48:21 | INFO | Alternating low-rank iter 0 | Loss: 0.606352 | Penalized: 0.636371
2026-05-01 20:48:22 | INFO | Alternating low-rank iter 100 | Loss: 0.575718 | Penalized: 0.616690
2026-05-01 20:48:23 | INFO | Alternating low-rank iter 200 | Loss: 0.575532 | Penalized: 0.616530
2026-05-01 20:48:23 | INFO | Done fitting.
2026-05-01 20:48:23 | INFO | Optimizer status: CONVERGED: alternating objective tolerance reached
2026-05-01 20:48:23 | INFO | Best optimizer start: 1 / 1
2026-05-01 20:48:23 | INFO | Final Loss: 0.575518
2026-05-01 20:48:23 | INFO | Estimated vs True Parameters:
2026-05-01 20:48:23 | INFO |   beta: -0.1138 (True: -0.3000) | SQE: 0.034675
2026-05-01 20:48:23 | INFO |   xi: 0.3803 (True: 0.8000) | SQE: 0.176155
2026-05-01 20:48:23 | INFO |   eta: 0.1801 (True: 0.3000) | SQE: 0.014365
2026-05-01 20:48:23 | INFO | Alternating low-rank optimizer diagnostics:
2026-05-01 20:48:23 | INFO |   penalized_objective: 0.616522
2026-05-01 20:48:23 | INFO |   mple_loss_without_penalty: 0.575518
2026-05-01 20:48:23 | INFO |   lambda_uv_ridge: 1.000000
2026-05-01 20:48:23 | INFO |   u_frobenius_norm: 26.541246
2026-05-01 20:48:23 | INFO |   v_frobenius_norm: 1.732051
2026-05-01 20:48:23 | INFO |   effective_rank: 3.000000
2026-05-01 20:48:23 | INFO | Field and interaction diagnostics:
2026-05-01 20:48:23 | INFO |   field_rmse: 1.092863
2026-05-01 20:48:23 | INFO |   interaction_fro_error: 1.486919
2026-05-01 20:48:23 | INFO |   estimated_field_max_abs_entry: 0.671292
2026-05-01 20:48:23 | INFO |   estimated_field_rank: 3.000000
2026-05-01 20:48:23 | INFO |   true_field_max_abs_entry: 7.412670
2026-05-01 20:48:23 | INFO |   true_field_rank: 3.000000
2026-05-01 20:48:23 | INFO | Saved summary table to /orcd/home/002/phevosp/MPLE-Causal-Inference/experiments/SyntheticHybridExperimentsFinal/confounding_strong/cv_runs/alternating_uv_grid/candidates/alternating_uv_grid_candidate_0007/fold_4/mple_summary.csv
2026-05-01 20:48:23 | INFO | Log saved to /orcd/home/002/phevosp/MPLE-Causal-Inference/experiments/SyntheticHybridExperimentsFinal/confounding_strong/cv_runs/alternating_uv_grid/candidates/alternating_uv_grid_candidate_0007/fold_4/mple.log
