2026-05-03 01:09:29 | INFO | Loading data...
2026-05-03 01:09:29 | INFO | Using panel artifact: /orcd/home/002/phevosp/MPLE-Causal-Inference/experiments/HybridExperiments_r1_v2/r1_hybrid_us_county_intervention_uscounty_graph_contiguous_confounding/panel_data.npz
2026-05-03 01:09:29 | INFO | Using x_0 artifact: /orcd/home/002/phevosp/MPLE-Causal-Inference/experiments/HybridExperiments_r1_v2/r1_hybrid_us_county_intervention_uscounty_graph_contiguous_confounding/x_0.npy
2026-05-03 01:09:29 | INFO | Using fit config: /orcd/home/002/phevosp/MPLE-Causal-Inference/experiments/HybridExperiments_r1_v2/r1_hybrid_us_county_intervention_uscounty_graph_contiguous_confounding/cv_runs/alternating_uv_grid/candidates/alternating_uv_grid_candidate_0007/fold_5/fit_realized_config.yaml
2026-05-03 01:09:29 | INFO | Using model artifact directory: /orcd/home/002/phevosp/MPLE-Causal-Inference/experiments/HybridExperiments_r1_v2/r1_hybrid_us_county_intervention_uscounty_graph_contiguous_confounding
2026-05-03 01:09:29 | INFO | Using truth artifact directory: /orcd/home/002/phevosp/MPLE-Causal-Inference/experiments/HybridExperiments_r1_v2/r1_hybrid_us_county_intervention_uscounty_graph_contiguous_confounding
2026-05-03 01:09:29 | INFO | Using loss mask artifact: /orcd/home/002/phevosp/MPLE-Causal-Inference/experiments/HybridExperiments_r1_v2/r1_hybrid_us_county_intervention_uscounty_graph_contiguous_confounding/cv_runs/alternating_uv_grid/candidates/alternating_uv_grid_candidate_0007/fold_5/loss_mask.npy
2026-05-03 01:09:29 | INFO | Configured optimizer mode: alternating_latent_rank
2026-05-03 01:09:29 | INFO | Configured latent rank: 1
2026-05-03 01:09:29 | INFO | Using a fixed known graph with scalar xi.
2026-05-03 01:09:29 | INFO | Fit-time hard bounds active: False
2026-05-03 01:09:29 | INFO | Fixed scalar parameters: {}
2026-05-03 01:09:29 | INFO | Warm-start fixed scalars: {} for 0 steps
2026-05-03 01:09:29 | INFO | Beta mask before s: True with s=50
2026-05-03 01:09:29 | INFO | Beta mask after e: True with e=115
2026-05-03 01:09:29 | INFO | Alternating V-column L2-ball constraint active with radius 1.0
2026-05-03 01:09:29 | INFO | Optimizer settings: steps=2000, tol=1e-07, n_starts=1, seed=0, lambda_nuclear=0.0, lambda_frobenius=0.0, lambda_uv_ridge=0.1, v_column_l2_max=1.0, proximal_lr=1.0
2026-05-03 01:09:29 | INFO | Alternating low-rank start 1/1 | seed=0 | initial_loss=0.698491 | initial_penalized=0.698492
2026-05-03 01:09:29 | INFO | Alternating low-rank iter 0 | Loss: 0.563792 | Penalized: 0.569134
2026-05-03 01:09:36 | INFO | Alternating low-rank iter 100 | Loss: 0.541467 | Penalized: 0.546374
2026-05-03 01:09:43 | INFO | Alternating low-rank iter 200 | Loss: 0.541766 | Penalized: 0.546193
2026-05-03 01:09:43 | INFO | Done fitting.
2026-05-03 01:09:43 | INFO | Optimizer status: CONVERGED: alternating objective tolerance reached
2026-05-03 01:09:43 | INFO | Best optimizer start: 1 / 1
2026-05-03 01:09:43 | INFO | Final Loss: 0.541769
2026-05-03 01:09:43 | INFO | Estimated vs True Parameters:
2026-05-03 01:09:43 | INFO |   beta: -0.1172 (True: -0.3000) | SQE: 0.033434
2026-05-03 01:09:43 | INFO |   xi: 1.1659 (True: 0.8000) | SQE: 0.133856
2026-05-03 01:09:43 | INFO |   eta: 0.3138 (True: 0.3000) | SQE: 0.000189
2026-05-03 01:09:43 | INFO | Alternating low-rank optimizer diagnostics:
2026-05-03 01:09:43 | INFO |   penalized_objective: 0.546192
2026-05-03 01:09:43 | INFO |   mple_loss_without_penalty: 0.541769
2026-05-03 01:09:43 | INFO |   lambda_uv_ridge: 0.100000
2026-05-03 01:09:43 | INFO |   u_frobenius_norm: 113.030613
2026-05-03 01:09:43 | INFO |   v_frobenius_norm: 1.000000
2026-05-03 01:09:43 | INFO |   effective_rank: 1.000000
2026-05-03 01:09:43 | INFO | Field and interaction diagnostics:
2026-05-03 01:09:43 | INFO |   field_rmse: 0.348416
2026-05-03 01:09:43 | INFO |   interaction_fro_error: 3.459852
2026-05-03 01:09:43 | INFO |   estimated_field_max_abs_entry: 0.741728
2026-05-03 01:09:43 | INFO |   estimated_field_rank: 1.000000
2026-05-03 01:09:43 | INFO |   true_field_max_abs_entry: 0.609457
2026-05-03 01:09:43 | INFO |   true_field_rank: 1.000000
2026-05-03 01:09:44 | INFO | Saved summary table to /orcd/home/002/phevosp/MPLE-Causal-Inference/experiments/HybridExperiments_r1_v2/r1_hybrid_us_county_intervention_uscounty_graph_contiguous_confounding/cv_runs/alternating_uv_grid/candidates/alternating_uv_grid_candidate_0007/fold_5/mple_summary.csv
2026-05-03 01:09:44 | INFO | Log saved to /orcd/home/002/phevosp/MPLE-Causal-Inference/experiments/HybridExperiments_r1_v2/r1_hybrid_us_county_intervention_uscounty_graph_contiguous_confounding/cv_runs/alternating_uv_grid/candidates/alternating_uv_grid_candidate_0007/fold_5/mple.log
