2026-05-02 12:14:34 | INFO | Loading data...
2026-05-02 12:14:34 | INFO | Using panel artifact: /orcd/home/002/phevosp/MPLE-Causal-Inference/experiments/Synthetic/confounding_moderate/panel_data.npz
2026-05-02 12:14:34 | INFO | Using x_0 artifact: /orcd/home/002/phevosp/MPLE-Causal-Inference/experiments/Synthetic/confounding_moderate/x_0.npy
2026-05-02 12:14:34 | INFO | Using fit config: /orcd/home/002/phevosp/MPLE-Causal-Inference/experiments/Synthetic/confounding_moderate/cv_runs/alternating_uv_grid/candidates/alternating_uv_grid_candidate_0001/fold_5/fit_realized_config.yaml
2026-05-02 12:14:34 | INFO | Using model artifact directory: /orcd/home/002/phevosp/MPLE-Causal-Inference/experiments/Synthetic/confounding_moderate
2026-05-02 12:14:34 | INFO | Using truth artifact directory: /orcd/home/002/phevosp/MPLE-Causal-Inference/experiments/Synthetic/confounding_moderate
2026-05-02 12:14:34 | INFO | Using loss mask artifact: /orcd/home/002/phevosp/MPLE-Causal-Inference/experiments/Synthetic/confounding_moderate/cv_runs/alternating_uv_grid/candidates/alternating_uv_grid_candidate_0001/fold_5/loss_mask.npy
2026-05-02 12:14:34 | INFO | Configured optimizer mode: alternating_latent_rank
2026-05-02 12:14:34 | INFO | Configured latent rank: 3
2026-05-02 12:14:34 | INFO | Using a fixed known graph with scalar xi.
2026-05-02 12:14:34 | INFO | Fit-time hard bounds active: False
2026-05-02 12:14:34 | INFO | Fixed scalar parameters: {}
2026-05-02 12:14:34 | INFO | Warm-start fixed scalars: {} for 0 steps
2026-05-02 12:14:34 | INFO | Beta mask before s: False with s=0
2026-05-02 12:14:34 | INFO | Beta mask after e: False with e=11
2026-05-02 12:14:34 | INFO | Alternating V-column L2-ball constraint active with radius 1.0
2026-05-02 12:14:34 | INFO | Optimizer settings: steps=2000, tol=1e-07, n_starts=1, seed=0, lambda_nuclear=0.0, lambda_frobenius=0.0, lambda_uv_ridge=0.001, v_column_l2_max=1.0, proximal_lr=1.0
2026-05-02 12:14:34 | INFO | Alternating low-rank start 1/1 | seed=0 | initial_loss=0.817583 | initial_penalized=0.817584
2026-05-02 12:14:34 | INFO | Alternating low-rank iter 0 | Loss: 0.572701 | Penalized: 0.572843
2026-05-02 12:14:36 | INFO | Alternating low-rank iter 100 | Loss: 0.482933 | Penalized: 0.485635
2026-05-02 12:14:38 | INFO | Alternating low-rank iter 200 | Loss: 0.480604 | Penalized: 0.484143
2026-05-02 12:14:39 | INFO | Alternating low-rank iter 300 | Loss: 0.479864 | Penalized: 0.483779
2026-05-02 12:14:40 | INFO | Alternating low-rank iter 400 | Loss: 0.479571 | Penalized: 0.483653
2026-05-02 12:14:41 | INFO | Alternating low-rank iter 500 | Loss: 0.479446 | Penalized: 0.483600
2026-05-02 12:14:41 | INFO | Alternating low-rank iter 600 | Loss: 0.479398 | Penalized: 0.483577
2026-05-02 12:14:42 | INFO | Done fitting.
2026-05-02 12:14:42 | INFO | Optimizer status: CONVERGED: alternating objective tolerance reached
2026-05-02 12:14:42 | INFO | Best optimizer start: 1 / 1
2026-05-02 12:14:42 | INFO | Final Loss: 0.479385
2026-05-02 12:14:42 | INFO | Estimated vs True Parameters:
2026-05-02 12:14:42 | INFO |   beta: -0.3129 (True: -0.3000) | SQE: 0.000166
2026-05-02 12:14:42 | INFO |   xi: 0.9026 (True: 0.8000) | SQE: 0.010528
2026-05-02 12:14:42 | INFO |   eta: 0.3305 (True: 0.3000) | SQE: 0.000931
2026-05-02 12:14:42 | INFO | Alternating low-rank optimizer diagnostics:
2026-05-02 12:14:42 | INFO |   penalized_objective: 0.483569
2026-05-02 12:14:42 | INFO |   mple_loss_without_penalty: 0.479385
2026-05-02 12:14:42 | INFO |   lambda_uv_ridge: 0.001000
2026-05-02 12:14:42 | INFO |   u_frobenius_norm: 268.655840
2026-05-02 12:14:42 | INFO |   v_frobenius_norm: 1.732051
2026-05-02 12:14:42 | INFO |   effective_rank: 3.000000
2026-05-02 12:14:42 | INFO | Field and interaction diagnostics:
2026-05-02 12:14:42 | INFO |   field_rmse: 1.503842
2026-05-02 12:14:42 | INFO |   interaction_fro_error: 0.363504
2026-05-02 12:14:42 | INFO |   estimated_field_max_abs_entry: 26.366861
2026-05-02 12:14:42 | INFO |   estimated_field_rank: 3.000000
2026-05-02 12:14:42 | INFO |   true_field_max_abs_entry: 4.175656
2026-05-02 12:14:42 | INFO |   true_field_rank: 3.000000
2026-05-02 12:14:42 | INFO | Saved summary table to /orcd/home/002/phevosp/MPLE-Causal-Inference/experiments/Synthetic/confounding_moderate/cv_runs/alternating_uv_grid/candidates/alternating_uv_grid_candidate_0001/fold_5/mple_summary.csv
2026-05-02 12:14:42 | INFO | Log saved to /orcd/home/002/phevosp/MPLE-Causal-Inference/experiments/Synthetic/confounding_moderate/cv_runs/alternating_uv_grid/candidates/alternating_uv_grid_candidate_0001/fold_5/mple.log
