2026-04-19 12:46:21 | INFO | Loading data...
2026-04-19 12:46:21 | INFO | Using panel artifact: C:\Users\phevo\Documents\MIT\Code\MPLE-Causal-Inference\experiments\USCountyVaccination_US_sensitivity\outcome_death_rate_100k_ge_2__intervention_complete_cov_ge_40__lag_2w__contiguity__start_2020_06_07\panel_data.npz
2026-04-19 12:46:21 | INFO | Using x_0 artifact: C:\Users\phevo\Documents\MIT\Code\MPLE-Causal-Inference\experiments\USCountyVaccination_US_sensitivity\outcome_death_rate_100k_ge_2__intervention_complete_cov_ge_40__lag_2w__contiguity__start_2020_06_07\x_0.npy
2026-04-19 12:46:21 | INFO | Using z_0 artifact: C:\Users\phevo\Documents\MIT\Code\MPLE-Causal-Inference\experiments\USCountyVaccination_US_sensitivity\outcome_death_rate_100k_ge_2__intervention_complete_cov_ge_40__lag_2w__contiguity__start_2020_06_07\z_0.npy
2026-04-19 12:46:21 | INFO | Using fit config: C:\Users\phevo\Documents\MIT\Code\MPLE-Causal-Inference\experiments\USCountyVaccination_US_sensitivity\outcome_death_rate_100k_ge_2__intervention_complete_cov_ge_40__lag_2w__contiguity__start_2020_06_07\fits\rank_10_b10\fit_realized_config.yaml
2026-04-19 12:46:21 | INFO | Using model artifact directory: C:\Users\phevo\Documents\MIT\Code\MPLE-Causal-Inference\experiments\USCountyVaccination_US_sensitivity\outcome_death_rate_100k_ge_2__intervention_complete_cov_ge_40__lag_2w__contiguity__start_2020_06_07
2026-04-19 12:46:21 | INFO | Using truth artifact directory: C:\Users\phevo\Documents\MIT\Code\MPLE-Causal-Inference\experiments\USCountyVaccination_US_sensitivity\outcome_death_rate_100k_ge_2__intervention_complete_cov_ge_40__lag_2w__contiguity__start_2020_06_07
2026-04-19 12:46:21 | INFO | Configured latent rank: 10
2026-04-19 12:46:21 | INFO | Using a fixed known graph with scalar xi.
2026-04-19 12:46:21 | INFO | Intervention-process model enabled: False
2026-04-19 12:46:21 | INFO | Global temperature bound B active: True
2026-04-19 12:46:21 | INFO | Effective xi bound from interaction constraint: 10.000000
2026-04-19 12:46:21 | INFO | Beta mask pre-intervention enabled: True
2026-04-19 12:46:21 | INFO | Fixed scalar parameters: {}
2026-04-19 12:46:21 | INFO | Optimizer settings: n_starts=5, lbfgs_steps=50000, tol=1e-09, adam_steps=1000, adam_lr=0.01, adam_device=cpu, seed=0
2026-04-19 12:46:21 | INFO | Optimizer start 1/5 | seed=0 | initial_loss=0.675633
2026-04-19 12:46:24 | INFO | Start 1 Adam step 0 | Loss: 0.675633
2026-04-19 12:46:25 | INFO | Start 1 Adam step 100 | Loss: 0.407632
2026-04-19 12:46:26 | INFO | Start 1 Adam step 200 | Loss: 0.383888
2026-04-19 12:46:27 | INFO | Start 1 Adam step 300 | Loss: 0.377201
2026-04-19 12:46:29 | INFO | Start 1 Adam step 400 | Loss: 0.374355
2026-04-19 12:46:30 | INFO | Start 1 Adam step 500 | Loss: 0.372902
2026-04-19 12:46:31 | INFO | Start 1 Adam step 600 | Loss: 0.372606
2026-04-19 12:46:33 | INFO | Start 1 Adam step 700 | Loss: 0.372239
2026-04-19 12:46:34 | INFO | Start 1 Adam step 800 | Loss: 0.371912
2026-04-19 12:46:35 | INFO | Start 1 Adam step 900 | Loss: 0.371898
2026-04-19 12:46:37 | INFO | Start 1 L-BFGS eval 0 | Loss: 0.371689
2026-04-19 12:46:37 | INFO |   beta: -0.0154,  xi: +0.9859,  eta: -0.1205
2026-04-19 12:46:40 | INFO | Start 1 L-BFGS eval 100 | Loss: 0.371652
2026-04-19 12:46:40 | INFO |   beta: -0.0150,  xi: +0.9782,  eta: -0.1205
2026-04-19 12:46:41 | INFO | Optimizer start 1/5 complete | final_loss=0.371652 | status=CONVERGENCE: RELATIVE REDUCTION OF F <= FACTR*EPSMCH
2026-04-19 12:46:41 | INFO | Optimizer start 2/5 | seed=1 | initial_loss=0.648040
2026-04-19 12:46:41 | INFO | Start 2 Adam step 0 | Loss: 0.648040
2026-04-19 12:46:42 | INFO | Start 2 Adam step 100 | Loss: 0.405722
2026-04-19 12:46:43 | INFO | Start 2 Adam step 200 | Loss: 0.384634
2026-04-19 12:46:45 | INFO | Start 2 Adam step 300 | Loss: 0.377192
2026-04-19 12:46:46 | INFO | Start 2 Adam step 400 | Loss: 0.374886
2026-04-19 12:46:47 | INFO | Start 2 Adam step 500 | Loss: 0.373678
2026-04-19 12:46:49 | INFO | Start 2 Adam step 600 | Loss: 0.373021
2026-04-19 12:46:50 | INFO | Start 2 Adam step 700 | Loss: 0.372312
2026-04-19 12:46:51 | INFO | Start 2 Adam step 800 | Loss: 0.372159
2026-04-19 12:46:53 | INFO | Start 2 Adam step 900 | Loss: 0.372054
2026-04-19 12:46:54 | INFO | Start 2 L-BFGS eval 0 | Loss: 0.371977
2026-04-19 12:46:54 | INFO |   beta: -0.0208,  xi: +1.0046,  eta: -0.1206
2026-04-19 12:46:57 | INFO | Optimizer start 2/5 complete | final_loss=0.371902 | status=CONVERGENCE: RELATIVE REDUCTION OF F <= FACTR*EPSMCH
2026-04-19 12:46:57 | INFO | Optimizer start 3/5 | seed=2 | initial_loss=0.625782
2026-04-19 12:46:57 | INFO | Start 3 Adam step 0 | Loss: 0.625782
2026-04-19 12:46:58 | INFO | Start 3 Adam step 100 | Loss: 0.405263
2026-04-19 12:46:59 | INFO | Start 3 Adam step 200 | Loss: 0.384094
2026-04-19 12:47:01 | INFO | Start 3 Adam step 300 | Loss: 0.377005
2026-04-19 12:47:02 | INFO | Start 3 Adam step 400 | Loss: 0.374402
2026-04-19 12:47:03 | INFO | Start 3 Adam step 500 | Loss: 0.372915
2026-04-19 12:47:05 | INFO | Start 3 Adam step 600 | Loss: 0.372611
2026-04-19 12:47:06 | INFO | Start 3 Adam step 700 | Loss: 0.372474
2026-04-19 12:47:07 | INFO | Start 3 Adam step 800 | Loss: 0.372371
2026-04-19 12:47:08 | INFO | Start 3 Adam step 900 | Loss: 0.372369
2026-04-19 12:47:10 | INFO | Start 3 L-BFGS eval 0 | Loss: 0.372215
2026-04-19 12:47:10 | INFO |   beta: -0.0235,  xi: +1.0267,  eta: -0.1160
2026-04-19 12:47:11 | INFO | Optimizer start 3/5 complete | final_loss=0.372215 | status=CONVERGENCE: RELATIVE REDUCTION OF F <= FACTR*EPSMCH
2026-04-19 12:47:11 | INFO | Optimizer start 4/5 | seed=3 | initial_loss=0.890432
2026-04-19 12:47:11 | INFO | Start 4 Adam step 0 | Loss: 0.890432
2026-04-19 12:47:12 | INFO | Start 4 Adam step 100 | Loss: 0.407489
2026-04-19 12:47:13 | INFO | Start 4 Adam step 200 | Loss: 0.382577
2026-04-19 12:47:15 | INFO | Start 4 Adam step 300 | Loss: 0.375675
2026-04-19 12:47:16 | INFO | Start 4 Adam step 400 | Loss: 0.373506
2026-04-19 12:47:17 | INFO | Start 4 Adam step 500 | Loss: 0.372287
2026-04-19 12:47:19 | INFO | Start 4 Adam step 600 | Loss: 0.371743
2026-04-19 12:47:20 | INFO | Start 4 Adam step 700 | Loss: 0.371486
2026-04-19 12:47:21 | INFO | Start 4 Adam step 800 | Loss: 0.371363
2026-04-19 12:47:22 | INFO | Start 4 Adam step 900 | Loss: 0.371223
2026-04-19 12:47:24 | INFO | Start 4 L-BFGS eval 0 | Loss: 0.371282
2026-04-19 12:47:24 | INFO |   beta: -0.0207,  xi: +0.9956,  eta: -0.1183
2026-04-19 12:47:25 | INFO | Optimizer start 4/5 complete | final_loss=0.371282 | status=ABNORMAL: 
2026-04-19 12:47:25 | INFO | Optimizer start 5/5 | seed=4 | initial_loss=0.677414
2026-04-19 12:47:25 | INFO | Start 5 Adam step 0 | Loss: 0.677414
2026-04-19 12:47:27 | INFO | Start 5 Adam step 100 | Loss: 0.407540
2026-04-19 12:47:28 | INFO | Start 5 Adam step 200 | Loss: 0.384686
2026-04-19 12:47:29 | INFO | Start 5 Adam step 300 | Loss: 0.377494
2026-04-19 12:47:31 | INFO | Start 5 Adam step 400 | Loss: 0.374415
2026-04-19 12:47:32 | INFO | Start 5 Adam step 500 | Loss: 0.373125
2026-04-19 12:47:33 | INFO | Start 5 Adam step 600 | Loss: 0.372335
2026-04-19 12:47:35 | INFO | Start 5 Adam step 700 | Loss: 0.372056
2026-04-19 12:47:36 | INFO | Start 5 Adam step 800 | Loss: 0.372079
2026-04-19 12:47:37 | INFO | Start 5 Adam step 900 | Loss: 0.371826
2026-04-19 12:47:39 | INFO | Start 5 L-BFGS eval 0 | Loss: 0.371606
2026-04-19 12:47:39 | INFO |   beta: -0.0199,  xi: +0.9827,  eta: -0.1236
2026-04-19 12:47:41 | INFO | Optimizer start 5/5 complete | final_loss=0.371601 | status=CONVERGENCE: RELATIVE REDUCTION OF F <= FACTR*EPSMCH
2026-04-19 12:47:41 | INFO | Done fitting.
2026-04-19 12:47:41 | INFO | Optimizer status: ABNORMAL:  | best_start=4/5
2026-04-19 12:47:41 | INFO | Best optimizer start: 4 / 5
2026-04-19 12:47:41 | INFO | Final Loss: 0.371282
2026-04-19 12:47:41 | INFO | Estimated Parameters:
2026-04-19 12:47:41 | INFO |   beta: -0.0205
2026-04-19 12:47:41 | INFO |   xi: 0.9958
2026-04-19 12:47:41 | INFO |   eta: -0.1178
2026-04-19 12:47:41 | INFO | Field and interaction diagnostics:
2026-04-19 12:47:41 | INFO |   estimated_field_inf_norm: 10.000000
2026-04-19 12:47:41 | INFO |   estimated_field_rank: 10.000000
2026-04-19 12:47:41 | INFO |   bound_B: 10.000000
2026-04-19 12:47:41 | INFO | Saved summary tables to C:\Users\phevo\Documents\MIT\Code\MPLE-Causal-Inference\experiments\USCountyVaccination_US_sensitivity\outcome_death_rate_100k_ge_2__intervention_complete_cov_ge_40__lag_2w__contiguity__start_2020_06_07\fits\rank_10_b10\mple_summary.csv and C:\Users\phevo\Documents\MIT\Code\MPLE-Causal-Inference\experiments\USCountyVaccination_US_sensitivity\outcome_death_rate_100k_ge_2__intervention_complete_cov_ge_40__lag_2w__contiguity__start_2020_06_07\fits\rank_10_b10\mple_summary.md
2026-04-19 12:47:41 | INFO | Log saved to C:\Users\phevo\Documents\MIT\Code\MPLE-Causal-Inference\experiments\USCountyVaccination_US_sensitivity\outcome_death_rate_100k_ge_2__intervention_complete_cov_ge_40__lag_2w__contiguity__start_2020_06_07\fits\rank_10_b10\mple.log
