2026-04-30 12:30:30 | INFO | Loading data...
2026-04-30 12:30:30 | INFO | Using panel artifact: /orcd/home/002/phevosp/MPLE-Causal-Inference/experiments/SyntheticHybridExperiments/r5_c1_hybrid_us_county_intervention_generated_graph_confounding/panel_data.npz
2026-04-30 12:30:30 | INFO | Using x_0 artifact: /orcd/home/002/phevosp/MPLE-Causal-Inference/experiments/SyntheticHybridExperiments/r5_c1_hybrid_us_county_intervention_generated_graph_confounding/x_0.npy
2026-04-30 12:30:30 | INFO | Using fit config: /orcd/home/002/phevosp/MPLE-Causal-Inference/experiments/SyntheticHybridExperiments/r5_c1_hybrid_us_county_intervention_generated_graph_confounding/fits/alternating_rank_5_uv_1/fit_realized_config.yaml
2026-04-30 12:30:30 | INFO | Using model artifact directory: /orcd/home/002/phevosp/MPLE-Causal-Inference/experiments/SyntheticHybridExperiments/r5_c1_hybrid_us_county_intervention_generated_graph_confounding
2026-04-30 12:30:30 | INFO | Using truth artifact directory: /orcd/home/002/phevosp/MPLE-Causal-Inference/experiments/SyntheticHybridExperiments/r5_c1_hybrid_us_county_intervention_generated_graph_confounding
2026-04-30 12:30:30 | INFO | Configured optimizer mode: alternating_latent_rank
2026-04-30 12:30:30 | INFO | Configured latent rank: 5
2026-04-30 12:30:30 | INFO | Using a fixed known graph with scalar xi.
2026-04-30 12:30:30 | INFO | Fit-time hard bounds active: False
2026-04-30 12:30:30 | INFO | Fixed scalar parameters: {}
2026-04-30 12:30:30 | INFO | Warm-start fixed scalars: {} for 0 steps
2026-04-30 12:30:30 | INFO | Beta mask before s: False with s=55
2026-04-30 12:30:30 | INFO | Beta mask after e: False with e=120
2026-04-30 12:30:30 | INFO | Alternating V-column L2-ball constraint active with radius 1.0
2026-04-30 12:30:30 | INFO | Optimizer settings: steps=20000, tol=1e-09, n_starts=1, seed=0, lambda_nuclear=0.0, lambda_frobenius=0.0, lambda_uv_ridge=1.0, v_column_l2_max=1.0, proximal_lr=1.0
2026-04-30 12:30:30 | INFO | Alternating low-rank start 1/1 | seed=0 | initial_loss=0.699452 | initial_penalized=0.699481
2026-04-30 12:30:30 | INFO | Alternating low-rank iter 0 | Loss: 0.617838 | Penalized: 0.629455
2026-04-30 12:30:39 | INFO | Alternating low-rank iter 100 | Loss: 0.606268 | Penalized: 0.623036
2026-04-30 12:30:47 | INFO | Alternating low-rank iter 200 | Loss: 0.605949 | Penalized: 0.622703
2026-04-30 12:30:56 | INFO | Alternating low-rank iter 300 | Loss: 0.605911 | Penalized: 0.622664
2026-04-30 12:31:05 | INFO | Alternating low-rank iter 400 | Loss: 0.605906 | Penalized: 0.622659
2026-04-30 12:31:14 | INFO | Alternating low-rank iter 500 | Loss: 0.605905 | Penalized: 0.622658
2026-04-30 12:31:16 | INFO | Done fitting.
2026-04-30 12:31:16 | INFO | Optimizer status: CONVERGED: alternating objective tolerance reached
2026-04-30 12:31:16 | INFO | Best optimizer start: 1 / 1
2026-04-30 12:31:16 | INFO | Final Loss: 0.605905
2026-04-30 12:31:16 | INFO | Estimated vs True Parameters:
2026-04-30 12:31:16 | INFO |   beta: -0.0545 (True: -0.3000) | SQE: 0.060274
2026-04-30 12:31:16 | INFO |   xi: 0.7858 (True: 0.8000) | SQE: 0.000202
2026-04-30 12:31:16 | INFO |   eta: 0.2827 (True: 0.3000) | SQE: 0.000299
2026-04-30 12:31:16 | INFO | Alternating low-rank optimizer diagnostics:
2026-04-30 12:31:16 | INFO |   penalized_objective: 0.622658
2026-04-30 12:31:16 | INFO |   mple_loss_without_penalty: 0.605905
2026-04-30 12:31:16 | INFO |   lambda_uv_ridge: 1.000000
2026-04-30 12:31:16 | INFO |   u_frobenius_norm: 77.810002
2026-04-30 12:31:16 | INFO |   v_frobenius_norm: 2.236068
2026-04-30 12:31:16 | INFO |   effective_rank: 4.000000
2026-04-30 12:31:16 | INFO | Field and interaction diagnostics:
2026-04-30 12:31:16 | INFO |   field_rmse: 0.399919
2026-04-30 12:31:16 | INFO |   interaction_fro_error: 0.088871
2026-04-30 12:31:16 | INFO |   estimated_field_max_abs_entry: 0.788562
2026-04-30 12:31:16 | INFO |   estimated_field_rank: 4.000000
2026-04-30 12:31:16 | INFO |   true_field_max_abs_entry: 2.906201
2026-04-30 12:31:16 | INFO |   true_field_rank: 5.000000
2026-04-30 12:31:16 | INFO | Saved summary table to /orcd/home/002/phevosp/MPLE-Causal-Inference/experiments/SyntheticHybridExperiments/r5_c1_hybrid_us_county_intervention_generated_graph_confounding/fits/alternating_rank_5_uv_1/mple_summary.csv
2026-04-30 12:31:16 | INFO | Log saved to /orcd/home/002/phevosp/MPLE-Causal-Inference/experiments/SyntheticHybridExperiments/r5_c1_hybrid_us_county_intervention_generated_graph_confounding/fits/alternating_rank_5_uv_1/mple.log
