2026-06-09 19:20:14 | INFO | Loading data...
2026-06-09 19:20:14 | INFO | Using panel artifact: /orcd/home/002/phevosp/MPLE-Causal-Inference/experiments/USCounty/outcome_death_rate_100k_ge_2__intervention_complete_cov_ge_30__lag_2w__distance_kernel_8__start_2020_03_01/panel_data.npz
2026-06-09 19:20:14 | INFO | Using x_0 artifact: /orcd/home/002/phevosp/MPLE-Causal-Inference/experiments/USCounty/outcome_death_rate_100k_ge_2__intervention_complete_cov_ge_30__lag_2w__distance_kernel_8__start_2020_03_01/x_0.npy
2026-06-09 19:20:14 | INFO | Using fit config: /orcd/home/002/phevosp/MPLE-Causal-Inference/experiments/USCounty/outcome_death_rate_100k_ge_2__intervention_complete_cov_ge_30__lag_2w__distance_kernel_8__start_2020_03_01/cv_runs/default/candidates/default_candidate_0007/fold_6/fit_realized_config.yaml
2026-06-09 19:20:14 | INFO | Using model artifact directory: /orcd/home/002/phevosp/MPLE-Causal-Inference/experiments/USCounty/outcome_death_rate_100k_ge_2__intervention_complete_cov_ge_30__lag_2w__distance_kernel_8__start_2020_03_01
2026-06-09 19:20:14 | INFO | Using truth artifact directory: /orcd/home/002/phevosp/MPLE-Causal-Inference/experiments/USCounty/outcome_death_rate_100k_ge_2__intervention_complete_cov_ge_30__lag_2w__distance_kernel_8__start_2020_03_01
2026-06-09 19:20:14 | INFO | Using loss mask artifact: /orcd/home/002/phevosp/MPLE-Causal-Inference/experiments/USCounty/outcome_death_rate_100k_ge_2__intervention_complete_cov_ge_30__lag_2w__distance_kernel_8__start_2020_03_01/cv_runs/default/candidates/default_candidate_0007/fold_6/loss_mask.npy
2026-06-09 19:20:14 | INFO | Configured optimizer mode: alternating_latent_rank
2026-06-09 19:20:14 | INFO | Configured latent rank: 5
2026-06-09 19:20:14 | INFO | Using a fixed known graph with scalar xi.
2026-06-09 19:20:14 | INFO | Fit-time hard bounds active: False
2026-06-09 19:20:14 | INFO | Fixed scalar parameters: {}
2026-06-09 19:20:14 | INFO | Warm-start fixed scalars: {} for 0 steps
2026-06-09 19:20:14 | INFO | Beta-gradient mask before s: True with s=50
2026-06-09 19:20:14 | INFO | Beta-gradient mask after e: True with e=115
2026-06-09 19:20:14 | INFO | Alternating V-column L2-ball constraint active with radius 1.0
2026-06-09 19:20:14 | INFO | Optimizer settings: steps=2000, tol=1e-07, n_starts=1, seed=0, lambda_nuclear=0.0, lambda_frobenius=0.0, lambda_uv_ridge=0.001, v_column_l2_max=1.0, proximal_lr=1.0
2026-06-09 19:20:14 | INFO | Alternating low-rank start 1/1 | seed=0 | initial_loss=0.825042 | initial_penalized=0.825042
2026-06-09 19:20:14 | INFO | Alternating low-rank iter 0 | Loss: 0.455189 | Penalized: 0.455255
2026-06-09 19:20:30 | INFO | Alternating low-rank iter 100 | Loss: 0.394078 | Penalized: 0.395616
2026-06-09 19:20:43 | INFO | Alternating low-rank iter 200 | Loss: 0.391518 | Penalized: 0.393726
2026-06-09 19:20:54 | INFO | Alternating low-rank iter 300 | Loss: 0.390961 | Penalized: 0.393419
2026-06-09 19:21:05 | INFO | Alternating low-rank iter 400 | Loss: 0.390758 | Penalized: 0.393312
2026-06-09 19:21:17 | INFO | Alternating low-rank iter 500 | Loss: 0.390664 | Penalized: 0.393257
2026-06-09 19:21:29 | INFO | Alternating low-rank iter 600 | Loss: 0.390617 | Penalized: 0.393226
2026-06-09 19:21:41 | INFO | Alternating low-rank iter 700 | Loss: 0.390590 | Penalized: 0.393207
2026-06-09 19:21:54 | INFO | Alternating low-rank iter 800 | Loss: 0.390573 | Penalized: 0.393193
2026-06-09 19:22:06 | INFO | Alternating low-rank iter 900 | Loss: 0.390559 | Penalized: 0.393182
2026-06-09 19:22:19 | INFO | Alternating low-rank iter 1000 | Loss: 0.390547 | Penalized: 0.393171
2026-06-09 19:22:31 | INFO | Alternating low-rank iter 1100 | Loss: 0.390534 | Penalized: 0.393160
2026-06-09 19:22:44 | INFO | Alternating low-rank iter 1200 | Loss: 0.390522 | Penalized: 0.393149
2026-06-09 19:22:56 | INFO | Alternating low-rank iter 1300 | Loss: 0.390509 | Penalized: 0.393138
2026-06-09 19:23:09 | INFO | Alternating low-rank iter 1400 | Loss: 0.390496 | Penalized: 0.393127
2026-06-09 19:23:21 | INFO | Alternating low-rank iter 1500 | Loss: 0.390484 | Penalized: 0.393115
2026-06-09 19:23:27 | INFO | Done fitting.
2026-06-09 19:23:27 | INFO | Optimizer status: CONVERGED: alternating objective tolerance reached
2026-06-09 19:23:27 | INFO | Best optimizer start: 1 / 1
2026-06-09 19:23:27 | INFO | Final Loss: 0.390478
2026-06-09 19:23:27 | INFO | Estimated Parameters:
2026-06-09 19:23:27 | INFO |   beta: 0.0011
2026-06-09 19:23:27 | INFO |   xi: 1.0348
2026-06-09 19:23:27 | INFO |   eta: 0.0310
2026-06-09 19:23:27 | INFO | Alternating low-rank optimizer diagnostics:
2026-06-09 19:23:27 | INFO |   penalized_objective: 0.393111
2026-06-09 19:23:27 | INFO |   mple_loss_without_penalty: 0.390478
2026-06-09 19:23:27 | INFO |   lambda_uv_ridge: 0.001000
2026-06-09 19:23:27 | INFO |   u_frobenius_norm: 869.799941
2026-06-09 19:23:27 | INFO |   v_frobenius_norm: 2.236068
2026-06-09 19:23:27 | INFO |   effective_rank: 5.000000
2026-06-09 19:23:27 | INFO | Field and interaction diagnostics:
2026-06-09 19:23:27 | INFO |   estimated_field_max_abs_entry: 32.140723
2026-06-09 19:23:27 | INFO |   estimated_field_rank: 5.000000
2026-06-09 19:23:27 | INFO | Saved summary table to /orcd/home/002/phevosp/MPLE-Causal-Inference/experiments/USCounty/outcome_death_rate_100k_ge_2__intervention_complete_cov_ge_30__lag_2w__distance_kernel_8__start_2020_03_01/cv_runs/default/candidates/default_candidate_0007/fold_6/mple_summary.csv
2026-06-09 19:23:27 | INFO | Log saved to /orcd/home/002/phevosp/MPLE-Causal-Inference/experiments/USCounty/outcome_death_rate_100k_ge_2__intervention_complete_cov_ge_30__lag_2w__distance_kernel_8__start_2020_03_01/cv_runs/default/candidates/default_candidate_0007/fold_6/mple.log
