2026-04-07 11:58:12 | INFO | Loading data...
2026-04-07 11:58:12 | INFO | Loaded 6 field templates and 1 interaction templates.
2026-04-07 11:58:12 | INFO | Intervention-process model enabled: True
2026-04-07 11:58:12 | INFO | Tau zero-mean enabled: False
2026-04-07 11:58:12 | INFO | Tau smoothness lambda: 0.000000
2026-04-07 11:58:12 | INFO | Running conditional-model MPLE on x with shape=(67, 3137)
2026-04-07 11:58:12 | INFO | Eval 0  |  Loss: 0.666593
2026-04-07 11:58:12 | INFO |   field::log_population: +0.0126,  field::median_household_income: -0.0132,  field::poverty_rate: +0.0640,  field::pct_black: +0.0105,  field::pct_hispanic: -0.0536,  field::pct_in_labor_force: +0.0362,  tau block: mean=+0.0102, std=0.0970, min=-0.2325, max=+0.1960,  beta: -0.0618,  interaction::contiguity: +0.1822,  eta: -0.1320,  zeta: -0.0662,  psi: +0.0935
2026-04-07 11:58:15 | INFO | Done fitting.
2026-04-07 11:58:15 | INFO | Optimizer status: CONVERGENCE: RELATIVE REDUCTION OF F <= FACTR*EPSMCH
2026-04-07 11:58:15 | INFO | Final Loss: 0.288408
2026-04-07 11:58:15 | INFO | Estimated Parameters:
2026-04-07 11:58:15 | INFO |   field::log_population: 0.9840
2026-04-07 11:58:15 | INFO |   field::median_household_income: -1.2338
2026-04-07 11:58:15 | INFO |   field::poverty_rate: -0.6793
2026-04-07 11:58:15 | INFO |   field::pct_black: -0.1004
2026-04-07 11:58:15 | INFO |   field::pct_hispanic: -0.3939
2026-04-07 11:58:15 | INFO |   field::pct_in_labor_force: -0.0507
2026-04-07 11:58:15 | INFO |   tau::t_0: 0.0354
2026-04-07 11:58:15 | INFO |   tau::t_1: -0.0337
2026-04-07 11:58:15 | INFO |   tau::t_2: -0.1412
2026-04-07 11:58:15 | INFO |   tau::t_3: -0.0711
2026-04-07 11:58:15 | INFO |   tau::t_4: -0.1233
2026-04-07 11:58:15 | INFO |   tau::t_5: -0.1951
2026-04-07 11:58:15 | INFO |   tau::t_6: -0.2710
2026-04-07 11:58:15 | INFO |   tau::t_7: -0.2873
2026-04-07 11:58:15 | INFO |   tau::t_8: -0.3216
2026-04-07 11:58:15 | INFO |   tau::t_9: -0.2978
2026-04-07 11:58:15 | INFO |   tau::t_10: -0.2755
2026-04-07 11:58:15 | INFO |   tau::t_11: -0.3320
2026-04-07 11:58:15 | INFO |   tau::t_12: -0.3285
2026-04-07 11:58:15 | INFO |   tau::t_13: -0.3118
2026-04-07 11:58:15 | INFO |   tau::t_14: -0.3371
2026-04-07 11:58:15 | INFO |   tau::t_15: -0.3477
2026-04-07 11:58:15 | INFO |   tau::t_16: -0.2591
2026-04-07 11:58:15 | INFO |   tau::t_17: -0.4312
2026-04-07 11:58:15 | INFO |   tau::t_18: -0.3840
2026-04-07 11:58:15 | INFO |   tau::t_19: -0.5186
2026-04-07 11:58:15 | INFO |   tau::t_20: -0.5266
2026-04-07 11:58:15 | INFO |   tau::t_21: -0.5537
2026-04-07 11:58:15 | INFO |   tau::t_22: -0.6401
2026-04-07 11:58:15 | INFO |   tau::t_23: -0.5175
2026-04-07 11:58:15 | INFO |   tau::t_24: -0.5022
2026-04-07 11:58:15 | INFO |   tau::t_25: -0.4460
2026-04-07 11:58:15 | INFO |   tau::t_26: -0.3062
2026-04-07 11:58:15 | INFO |   tau::t_27: -0.2130
2026-04-07 11:58:15 | INFO |   tau::t_28: -0.1353
2026-04-07 11:58:15 | INFO |   tau::t_29: -0.0740
2026-04-07 11:58:15 | INFO |   tau::t_30: -0.0515
2026-04-07 11:58:15 | INFO |   tau::t_31: -0.0190
2026-04-07 11:58:15 | INFO |   tau::t_32: 0.0926
2026-04-07 11:58:15 | INFO |   tau::t_33: 0.0863
2026-04-07 11:58:15 | INFO |   tau::t_34: 0.0947
2026-04-07 11:58:15 | INFO |   tau::t_35: 0.0515
2026-04-07 11:58:15 | INFO |   tau::t_36: 0.0489
2026-04-07 11:58:15 | INFO |   tau::t_37: 0.0588
2026-04-07 11:58:15 | INFO |   tau::t_38: 0.0382
2026-04-07 11:58:15 | INFO |   tau::t_39: -0.0294
2026-04-07 11:58:15 | INFO |   tau::t_40: -0.0236
2026-04-07 11:58:15 | INFO |   tau::t_41: -0.0041
2026-04-07 11:58:15 | INFO |   tau::t_42: -0.1806
2026-04-07 11:58:15 | INFO |   tau::t_43: 0.0794
2026-04-07 11:58:15 | INFO |   tau::t_44: 0.0041
2026-04-07 11:58:15 | INFO |   tau::t_45: -0.0059
2026-04-07 11:58:15 | INFO |   tau::t_46: -0.0520
2026-04-07 11:58:15 | INFO |   tau::t_47: -0.0237
2026-04-07 11:58:15 | INFO |   tau::t_48: 0.0612
2026-04-07 11:58:15 | INFO |   tau::t_49: 0.0540
2026-04-07 11:58:15 | INFO |   tau::t_50: 0.0777
2026-04-07 11:58:15 | INFO |   tau::t_51: 0.1471
2026-04-07 11:58:15 | INFO |   tau::t_52: 0.1913
2026-04-07 11:58:15 | INFO |   tau::t_53: 0.1860
2026-04-07 11:58:15 | INFO |   tau::t_54: 0.1583
2026-04-07 11:58:15 | INFO |   tau::t_55: 0.0894
2026-04-07 11:58:15 | INFO |   tau::t_56: 0.0434
2026-04-07 11:58:15 | INFO |   tau::t_57: -0.0448
2026-04-07 11:58:15 | INFO |   tau::t_58: -0.0541
2026-04-07 11:58:15 | INFO |   tau::t_59: -0.1435
2026-04-07 11:58:15 | INFO |   tau::t_60: -0.2105
2026-04-07 11:58:15 | INFO |   tau::t_61: -0.3077
2026-04-07 11:58:15 | INFO |   tau::t_62: -0.2919
2026-04-07 11:58:15 | INFO |   tau::t_63: -0.4036
2026-04-07 11:58:15 | INFO |   tau::t_64: -0.4057
2026-04-07 11:58:15 | INFO |   tau::t_65: -0.2579
2026-04-07 11:58:15 | INFO |   tau::t_66: -0.5066
2026-04-07 11:58:15 | INFO |   beta: -0.0576
2026-04-07 11:58:15 | INFO |   interaction::contiguity: 1.3669
2026-04-07 11:58:15 | INFO |   eta: 0.2239
2026-04-07 11:58:15 | INFO |   zeta: -0.2395
2026-04-07 11:58:15 | INFO |   psi: 2.0933
2026-04-07 11:58:15 | INFO | Saved summary tables to C:\Users\phevo\Documents\MIT\Code\MPLE-Causal-Inference\experiments\USCountyVaccination_US_tau_unrestricted\outcome_death_rate_100k_ge_2__intervention_partial_cov_ge_30__lag_3w__contiguity\mple_summary.csv and C:\Users\phevo\Documents\MIT\Code\MPLE-Causal-Inference\experiments\USCountyVaccination_US_tau_unrestricted\outcome_death_rate_100k_ge_2__intervention_partial_cov_ge_30__lag_3w__contiguity\mple_summary.md
2026-04-07 11:58:15 | INFO | Log saved to C:\Users\phevo\Documents\MIT\Code\MPLE-Causal-Inference\experiments\USCountyVaccination_US_tau_unrestricted\outcome_death_rate_100k_ge_2__intervention_partial_cov_ge_30__lag_3w__contiguity\mple.log
