2026-05-03 09:48:44 | INFO | Loading data...
2026-05-03 09:48:44 | INFO | Using panel artifact: /orcd/home/002/phevosp/MPLE-Causal-Inference/experiments/USCountyVaccination/outcome_death_rate_100k_ge_2__intervention_complete_cov_ge_30__lag_2w__contiguity__start_2020_06_07/panel_data.npz
2026-05-03 09:48:44 | INFO | Using x_0 artifact: /orcd/home/002/phevosp/MPLE-Causal-Inference/experiments/USCountyVaccination/outcome_death_rate_100k_ge_2__intervention_complete_cov_ge_30__lag_2w__contiguity__start_2020_06_07/x_0.npy
2026-05-03 09:48:44 | INFO | Using fit config: /orcd/home/002/phevosp/MPLE-Causal-Inference/experiments/USCountyVaccination/outcome_death_rate_100k_ge_2__intervention_complete_cov_ge_30__lag_2w__contiguity__start_2020_06_07/fits/alternating_rank_5_uv_5_e4_beta_mask/fit_realized_config.yaml
2026-05-03 09:48:44 | INFO | Using model artifact directory: /orcd/home/002/phevosp/MPLE-Causal-Inference/experiments/USCountyVaccination/outcome_death_rate_100k_ge_2__intervention_complete_cov_ge_30__lag_2w__contiguity__start_2020_06_07
2026-05-03 09:48:44 | INFO | Using truth artifact directory: /orcd/home/002/phevosp/MPLE-Causal-Inference/experiments/USCountyVaccination/outcome_death_rate_100k_ge_2__intervention_complete_cov_ge_30__lag_2w__contiguity__start_2020_06_07
2026-05-03 09:48:44 | INFO | Configured optimizer mode: alternating_latent_rank
2026-05-03 09:48:44 | INFO | Configured latent rank: 5
2026-05-03 09:48:44 | INFO | Using a fixed known graph with scalar xi.
2026-05-03 09:48:44 | INFO | Fit-time hard bounds active: False
2026-05-03 09:48:44 | INFO | Fixed scalar parameters: {}
2026-05-03 09:48:44 | INFO | Warm-start fixed scalars: {} for 0 steps
2026-05-03 09:48:44 | INFO | Beta mask before s: True with s=36
2026-05-03 09:48:44 | INFO | Beta mask after e: True with e=101
2026-05-03 09:48:44 | INFO | Alternating V-column L2-ball constraint active with radius 1.0
2026-05-03 09:48:44 | INFO | Optimizer settings: steps=20000, tol=1e-09, n_starts=1, seed=0, lambda_nuclear=0.0, lambda_frobenius=0.0, lambda_uv_ridge=0.0005, v_column_l2_max=1.0, proximal_lr=1.0
2026-05-03 09:48:44 | INFO | Alternating low-rank start 1/1 | seed=0 | initial_loss=0.655824 | initial_penalized=0.655824
2026-05-03 09:48:44 | INFO | Alternating low-rank iter 0 | Loss: 0.502339 | Penalized: 0.502382
2026-05-03 09:48:53 | INFO | Alternating low-rank iter 100 | Loss: 0.424699 | Penalized: 0.425317
2026-05-03 09:49:01 | INFO | Alternating low-rank iter 200 | Loss: 0.423870 | Penalized: 0.424637
2026-05-03 09:49:09 | INFO | Alternating low-rank iter 300 | Loss: 0.423277 | Penalized: 0.424168
2026-05-03 09:49:17 | INFO | Alternating low-rank iter 400 | Loss: 0.422631 | Penalized: 0.423657
2026-05-03 09:49:25 | INFO | Alternating low-rank iter 500 | Loss: 0.422119 | Penalized: 0.423252
2026-05-03 09:49:34 | INFO | Alternating low-rank iter 600 | Loss: 0.421506 | Penalized: 0.422709
2026-05-03 09:49:42 | INFO | Alternating low-rank iter 700 | Loss: 0.421152 | Penalized: 0.422389
2026-05-03 09:49:50 | INFO | Alternating low-rank iter 800 | Loss: 0.421025 | Penalized: 0.422273
2026-05-03 09:49:58 | INFO | Alternating low-rank iter 900 | Loss: 0.420971 | Penalized: 0.422222
2026-05-03 09:50:06 | INFO | Alternating low-rank iter 1000 | Loss: 0.420945 | Penalized: 0.422199
2026-05-03 09:50:15 | INFO | Alternating low-rank iter 1100 | Loss: 0.420931 | Penalized: 0.422187
2026-05-03 09:50:23 | INFO | Alternating low-rank iter 1200 | Loss: 0.420920 | Penalized: 0.422180
2026-05-03 09:50:31 | INFO | Alternating low-rank iter 1300 | Loss: 0.420908 | Penalized: 0.422173
2026-05-03 09:50:39 | INFO | Alternating low-rank iter 1400 | Loss: 0.420887 | Penalized: 0.422160
2026-05-03 09:50:47 | INFO | Alternating low-rank iter 1500 | Loss: 0.420822 | Penalized: 0.422111
2026-05-03 09:50:55 | INFO | Alternating low-rank iter 1600 | Loss: 0.420641 | Penalized: 0.421972
2026-05-03 09:51:04 | INFO | Alternating low-rank iter 1700 | Loss: 0.420455 | Penalized: 0.421851
2026-05-03 09:51:12 | INFO | Alternating low-rank iter 1800 | Loss: 0.420347 | Penalized: 0.421799
2026-05-03 09:51:20 | INFO | Alternating low-rank iter 1900 | Loss: 0.420286 | Penalized: 0.421779
2026-05-03 09:51:28 | INFO | Alternating low-rank iter 2000 | Loss: 0.420249 | Penalized: 0.421769
2026-05-03 09:51:36 | INFO | Alternating low-rank iter 2100 | Loss: 0.420225 | Penalized: 0.421763
2026-05-03 09:51:45 | INFO | Alternating low-rank iter 2200 | Loss: 0.420209 | Penalized: 0.421759
2026-05-03 09:51:53 | INFO | Alternating low-rank iter 2300 | Loss: 0.420199 | Penalized: 0.421756
2026-05-03 09:52:01 | INFO | Alternating low-rank iter 2400 | Loss: 0.420191 | Penalized: 0.421753
2026-05-03 09:52:09 | INFO | Alternating low-rank iter 2500 | Loss: 0.420185 | Penalized: 0.421750
2026-05-03 09:52:18 | INFO | Alternating low-rank iter 2600 | Loss: 0.420180 | Penalized: 0.421748
2026-05-03 09:52:26 | INFO | Alternating low-rank iter 2700 | Loss: 0.420176 | Penalized: 0.421746
2026-05-03 09:52:34 | INFO | Alternating low-rank iter 2800 | Loss: 0.420173 | Penalized: 0.421744
2026-05-03 09:52:42 | INFO | Alternating low-rank iter 2900 | Loss: 0.420171 | Penalized: 0.421742
2026-05-03 09:52:50 | INFO | Alternating low-rank iter 3000 | Loss: 0.420168 | Penalized: 0.421740
2026-05-03 09:52:58 | INFO | Alternating low-rank iter 3100 | Loss: 0.420166 | Penalized: 0.421739
2026-05-03 09:53:07 | INFO | Alternating low-rank iter 3200 | Loss: 0.420165 | Penalized: 0.421737
2026-05-03 09:53:15 | INFO | Alternating low-rank iter 3300 | Loss: 0.420163 | Penalized: 0.421736
2026-05-03 09:53:23 | INFO | Alternating low-rank iter 3400 | Loss: 0.420161 | Penalized: 0.421735
2026-05-03 09:53:31 | INFO | Alternating low-rank iter 3500 | Loss: 0.420160 | Penalized: 0.421733
2026-05-03 09:53:39 | INFO | Alternating low-rank iter 3600 | Loss: 0.420159 | Penalized: 0.421732
2026-05-03 09:53:47 | INFO | Alternating low-rank iter 3700 | Loss: 0.420158 | Penalized: 0.421731
2026-05-03 09:53:55 | INFO | Alternating low-rank iter 3800 | Loss: 0.420157 | Penalized: 0.421730
2026-05-03 09:54:04 | INFO | Alternating low-rank iter 3900 | Loss: 0.420156 | Penalized: 0.421729
2026-05-03 09:54:12 | INFO | Alternating low-rank iter 4000 | Loss: 0.420155 | Penalized: 0.421728
2026-05-03 09:54:20 | INFO | Alternating low-rank iter 4100 | Loss: 0.420154 | Penalized: 0.421728
2026-05-03 09:54:28 | INFO | Alternating low-rank iter 4200 | Loss: 0.420153 | Penalized: 0.421727
2026-05-03 09:54:36 | INFO | Alternating low-rank iter 4300 | Loss: 0.420152 | Penalized: 0.421726
2026-05-03 09:54:44 | INFO | Alternating low-rank iter 4400 | Loss: 0.420152 | Penalized: 0.421726
2026-05-03 09:54:52 | INFO | Alternating low-rank iter 4500 | Loss: 0.420151 | Penalized: 0.421725
2026-05-03 09:55:01 | INFO | Alternating low-rank iter 4600 | Loss: 0.420151 | Penalized: 0.421725
2026-05-03 09:55:09 | INFO | Alternating low-rank iter 4700 | Loss: 0.420150 | Penalized: 0.421724
2026-05-03 09:55:17 | INFO | Alternating low-rank iter 4800 | Loss: 0.420150 | Penalized: 0.421724
2026-05-03 09:55:25 | INFO | Alternating low-rank iter 4900 | Loss: 0.420149 | Penalized: 0.421723
2026-05-03 09:55:33 | INFO | Alternating low-rank iter 5000 | Loss: 0.420149 | Penalized: 0.421723
2026-05-03 09:55:41 | INFO | Alternating low-rank iter 5100 | Loss: 0.420149 | Penalized: 0.421723
2026-05-03 09:55:49 | INFO | Alternating low-rank iter 5200 | Loss: 0.420148 | Penalized: 0.421722
2026-05-03 09:55:58 | INFO | Alternating low-rank iter 5300 | Loss: 0.420148 | Penalized: 0.421722
2026-05-03 09:56:06 | INFO | Alternating low-rank iter 5400 | Loss: 0.420148 | Penalized: 0.421722
2026-05-03 09:56:14 | INFO | Alternating low-rank iter 5500 | Loss: 0.420148 | Penalized: 0.421721
2026-05-03 09:56:22 | INFO | Alternating low-rank iter 5600 | Loss: 0.420147 | Penalized: 0.421721
2026-05-03 09:56:30 | INFO | Alternating low-rank iter 5700 | Loss: 0.420147 | Penalized: 0.421721
2026-05-03 09:56:38 | INFO | Alternating low-rank iter 5800 | Loss: 0.420147 | Penalized: 0.421721
2026-05-03 09:56:47 | INFO | Alternating low-rank iter 5900 | Loss: 0.420147 | Penalized: 0.421721
2026-05-03 09:56:55 | INFO | Alternating low-rank iter 6000 | Loss: 0.420147 | Penalized: 0.421720
2026-05-03 09:57:03 | INFO | Alternating low-rank iter 6100 | Loss: 0.420147 | Penalized: 0.421720
2026-05-03 09:57:11 | INFO | Alternating low-rank iter 6200 | Loss: 0.420147 | Penalized: 0.421720
2026-05-03 09:57:19 | INFO | Alternating low-rank iter 6300 | Loss: 0.420147 | Penalized: 0.421720
2026-05-03 09:57:27 | INFO | Alternating low-rank iter 6400 | Loss: 0.420146 | Penalized: 0.421720
2026-05-03 09:57:35 | INFO | Alternating low-rank iter 6500 | Loss: 0.420146 | Penalized: 0.421720
2026-05-03 09:57:44 | INFO | Alternating low-rank iter 6600 | Loss: 0.420146 | Penalized: 0.421720
2026-05-03 09:57:48 | INFO | Done fitting.
2026-05-03 09:57:48 | INFO | Optimizer status: CONVERGED: alternating objective tolerance reached
2026-05-03 09:57:48 | INFO | Best optimizer start: 1 / 1
2026-05-03 09:57:48 | INFO | Final Loss: 0.420146
2026-05-03 09:57:48 | INFO | Estimated Parameters:
2026-05-03 09:57:48 | INFO |   beta: 0.0122
2026-05-03 09:57:48 | INFO |   xi: 1.2084
2026-05-03 09:57:48 | INFO |   eta: 0.0373
2026-05-03 09:57:48 | INFO | Alternating low-rank optimizer diagnostics:
2026-05-03 09:57:48 | INFO |   penalized_objective: 0.421720
2026-05-03 09:57:48 | INFO |   mple_loss_without_penalty: 0.420146
2026-05-03 09:57:48 | INFO |   lambda_uv_ridge: 0.000500
2026-05-03 09:57:48 | INFO |   u_frobenius_norm: 978.695741
2026-05-03 09:57:48 | INFO |   v_frobenius_norm: 2.236068
2026-05-03 09:57:48 | INFO |   effective_rank: 5.000000
2026-05-03 09:57:48 | INFO | Field and interaction diagnostics:
2026-05-03 09:57:48 | INFO |   estimated_field_max_abs_entry: 71.732499
2026-05-03 09:57:48 | INFO |   estimated_field_rank: 5.000000
2026-05-03 09:57:48 | INFO | Saved summary table to /orcd/home/002/phevosp/MPLE-Causal-Inference/experiments/USCountyVaccination/outcome_death_rate_100k_ge_2__intervention_complete_cov_ge_30__lag_2w__contiguity__start_2020_06_07/fits/alternating_rank_5_uv_5_e4_beta_mask/mple_summary.csv
2026-05-03 09:57:48 | INFO | Log saved to /orcd/home/002/phevosp/MPLE-Causal-Inference/experiments/USCountyVaccination/outcome_death_rate_100k_ge_2__intervention_complete_cov_ge_30__lag_2w__contiguity__start_2020_06_07/fits/alternating_rank_5_uv_5_e4_beta_mask/mple.log
