2026-04-07 13:31:42 | INFO | Loading data...
2026-04-07 13:31:42 | INFO | Loaded 6 field templates and 1 interaction templates.
2026-04-07 13:31:42 | INFO | Intervention-process model enabled: True
2026-04-07 13:31:42 | INFO | Tau zero-mean enabled: True
2026-04-07 13:31:42 | INFO | Tau smoothness lambda: 0.000000
2026-04-07 13:31:42 | INFO | Running conditional-model MPLE on x with shape=(70, 3203)
2026-04-07 13:31:42 | INFO | Eval 0  |  Loss: 0.663669
2026-04-07 13:31:42 | INFO |   field::log_population: +0.0126,  field::median_household_income: -0.0132,  field::poverty_rate: +0.0640,  field::pct_black: +0.0105,  field::pct_hispanic: -0.0536,  field::pct_in_labor_force: +0.0362,  tau block: mean=-0.0000, std=0.0990, min=-0.2421, max=+0.1864,  beta: -0.0662,  interaction::contiguity: +0.0935,  eta: +0.0049,  zeta: +0.2002,  psi: +0.0189
2026-04-07 13:31:47 | INFO | Done fitting.
2026-04-07 13:31:47 | INFO | Optimizer status: CONVERGENCE: RELATIVE REDUCTION OF F <= FACTR*EPSMCH
2026-04-07 13:31:47 | INFO | Final Loss: 0.139251
2026-04-07 13:31:47 | INFO | Estimated Parameters:
2026-04-07 13:31:47 | INFO |   field::log_population: 0.1511
2026-04-07 13:31:47 | INFO |   field::median_household_income: -0.3377
2026-04-07 13:31:47 | INFO |   field::poverty_rate: -0.1023
2026-04-07 13:31:47 | INFO |   field::pct_black: -0.1623
2026-04-07 13:31:47 | INFO |   field::pct_hispanic: -0.1128
2026-04-07 13:31:47 | INFO |   field::pct_in_labor_force: 0.0873
2026-04-07 13:31:47 | INFO |   tau::t_0: -0.0878
2026-04-07 13:31:47 | INFO |   tau::t_1: -0.0702
2026-04-07 13:31:47 | INFO |   tau::t_2: -0.1117
2026-04-07 13:31:47 | INFO |   tau::t_3: -0.1443
2026-04-07 13:31:47 | INFO |   tau::t_4: -0.1613
2026-04-07 13:31:47 | INFO |   tau::t_5: -0.2863
2026-04-07 13:31:47 | INFO |   tau::t_6: 0.0857
2026-04-07 13:31:47 | INFO |   tau::t_7: -0.1322
2026-04-07 13:31:47 | INFO |   tau::t_8: 0.0417
2026-04-07 13:31:47 | INFO |   tau::t_9: -0.0272
2026-04-07 13:31:47 | INFO |   tau::t_10: 0.0424
2026-04-07 13:31:47 | INFO |   tau::t_11: -0.0459
2026-04-07 13:31:47 | INFO |   tau::t_12: 0.0432
2026-04-07 13:31:47 | INFO |   tau::t_13: -0.0168
2026-04-07 13:31:47 | INFO |   tau::t_14: -0.1686
2026-04-07 13:31:47 | INFO |   tau::t_15: -0.1669
2026-04-07 13:31:47 | INFO |   tau::t_16: -0.2564
2026-04-07 13:31:47 | INFO |   tau::t_17: -0.2845
2026-04-07 13:31:47 | INFO |   tau::t_18: -0.4370
2026-04-07 13:31:47 | INFO |   tau::t_19: -0.3027
2026-04-07 13:31:47 | INFO |   tau::t_20: -0.6205
2026-04-07 13:31:47 | INFO |   tau::t_21: -0.3776
2026-04-07 13:31:47 | INFO |   tau::t_22: -0.5382
2026-04-07 13:31:47 | INFO |   tau::t_23: -0.4504
2026-04-07 13:31:47 | INFO |   tau::t_24: -0.4535
2026-04-07 13:31:47 | INFO |   tau::t_25: -0.2080
2026-04-07 13:31:47 | INFO |   tau::t_26: -0.1044
2026-04-07 13:31:47 | INFO |   tau::t_27: 0.1333
2026-04-07 13:31:47 | INFO |   tau::t_28: 0.2963
2026-04-07 13:31:47 | INFO |   tau::t_29: 0.2855
2026-04-07 13:31:47 | INFO |   tau::t_30: 0.3095
2026-04-07 13:31:47 | INFO |   tau::t_31: 0.2774
2026-04-07 13:31:47 | INFO |   tau::t_32: 0.2595
2026-04-07 13:31:47 | INFO |   tau::t_33: 0.2305
2026-04-07 13:31:47 | INFO |   tau::t_34: 0.0716
2026-04-07 13:31:47 | INFO |   tau::t_35: 0.2099
2026-04-07 13:31:47 | INFO |   tau::t_36: -0.0249
2026-04-07 13:31:47 | INFO |   tau::t_37: -0.0791
2026-04-07 13:31:47 | INFO |   tau::t_38: -0.0897
2026-04-07 13:31:47 | INFO |   tau::t_39: -0.1353
2026-04-07 13:31:47 | INFO |   tau::t_40: -0.1604
2026-04-07 13:31:47 | INFO |   tau::t_41: 0.0160
2026-04-07 13:31:47 | INFO |   tau::t_42: -0.0097
2026-04-07 13:31:47 | INFO |   tau::t_43: 0.0810
2026-04-07 13:31:47 | INFO |   tau::t_44: 0.1156
2026-04-07 13:31:47 | INFO |   tau::t_45: -0.2882
2026-04-07 13:31:47 | INFO |   tau::t_46: 0.3845
2026-04-07 13:31:47 | INFO |   tau::t_47: 0.0243
2026-04-07 13:31:47 | INFO |   tau::t_48: -0.0152
2026-04-07 13:31:47 | INFO |   tau::t_49: -0.0007
2026-04-07 13:31:47 | INFO |   tau::t_50: 0.5444
2026-04-07 13:31:47 | INFO |   tau::t_51: 0.8915
2026-04-07 13:31:47 | INFO |   tau::t_52: 1.0148
2026-04-07 13:31:47 | INFO |   tau::t_53: 1.5621
2026-04-07 13:31:47 | INFO |   tau::t_54: 1.5685
2026-04-07 13:31:47 | INFO |   tau::t_55: 0.3958
2026-04-07 13:31:47 | INFO |   tau::t_56: -0.1943
2026-04-07 13:31:47 | INFO |   tau::t_57: -0.3316
2026-04-07 13:31:47 | INFO |   tau::t_58: -0.3832
2026-04-07 13:31:47 | INFO |   tau::t_59: -0.1797
2026-04-07 13:31:47 | INFO |   tau::t_60: -0.1851
2026-04-07 13:31:47 | INFO |   tau::t_61: -0.1810
2026-04-07 13:31:47 | INFO |   tau::t_62: -0.2938
2026-04-07 13:31:47 | INFO |   tau::t_63: -0.3385
2026-04-07 13:31:47 | INFO |   tau::t_64: -0.2869
2026-04-07 13:31:47 | INFO |   tau::t_65: -0.1547
2026-04-07 13:31:47 | INFO |   tau::t_66: -0.0374
2026-04-07 13:31:47 | INFO |   tau::t_67: -0.1155
2026-04-07 13:31:47 | INFO |   tau::t_68: 0.0366
2026-04-07 13:31:47 | INFO |   tau::t_69: 0.0159
2026-04-07 13:31:47 | INFO |   beta: 0.0517
2026-04-07 13:31:47 | INFO |   interaction::contiguity: 2.6278
2026-04-07 13:31:47 | INFO |   eta: 0.5492
2026-04-07 13:31:47 | INFO |   zeta: 0.0658
2026-04-07 13:31:47 | INFO |   psi: 2.7037
2026-04-07 13:31:47 | INFO | Saved summary tables to C:\Users\phevo\Documents\MIT\Code\MPLE-Causal-Inference\experiments\USCountyVaccination_US\USCountyVaccination_US_tau_zero_mean\outcome_case_rate_100k_ge_200__intervention_complete_cov_ge_60__lag_0w__contiguity\mple_summary.csv and C:\Users\phevo\Documents\MIT\Code\MPLE-Causal-Inference\experiments\USCountyVaccination_US\USCountyVaccination_US_tau_zero_mean\outcome_case_rate_100k_ge_200__intervention_complete_cov_ge_60__lag_0w__contiguity\mple_summary.md
2026-04-07 13:31:47 | INFO | Log saved to C:\Users\phevo\Documents\MIT\Code\MPLE-Causal-Inference\experiments\USCountyVaccination_US\USCountyVaccination_US_tau_zero_mean\outcome_case_rate_100k_ge_200__intervention_complete_cov_ge_60__lag_0w__contiguity\mple.log
