2026-04-30 11:52:33 | INFO | Loading data...
2026-04-30 11:52:33 | INFO | Using panel artifact: /orcd/home/002/phevosp/MPLE-Causal-Inference/experiments/SyntheticHybridExperiments/r3_c1_hybrid_us_county_intervention_generated_graph_confounding/panel_data.npz
2026-04-30 11:52:33 | INFO | Using x_0 artifact: /orcd/home/002/phevosp/MPLE-Causal-Inference/experiments/SyntheticHybridExperiments/r3_c1_hybrid_us_county_intervention_generated_graph_confounding/x_0.npy
2026-04-30 11:52:33 | INFO | Using fit config: /orcd/home/002/phevosp/MPLE-Causal-Inference/experiments/SyntheticHybridExperiments/r3_c1_hybrid_us_county_intervention_generated_graph_confounding/fits/alternating_rank_3_uv_5_e2_beta_mask/fit_realized_config.yaml
2026-04-30 11:52:33 | INFO | Using model artifact directory: /orcd/home/002/phevosp/MPLE-Causal-Inference/experiments/SyntheticHybridExperiments/r3_c1_hybrid_us_county_intervention_generated_graph_confounding
2026-04-30 11:52:33 | INFO | Using truth artifact directory: /orcd/home/002/phevosp/MPLE-Causal-Inference/experiments/SyntheticHybridExperiments/r3_c1_hybrid_us_county_intervention_generated_graph_confounding
2026-04-30 11:52:33 | INFO | Configured optimizer mode: alternating_latent_rank
2026-04-30 11:52:33 | INFO | Configured latent rank: 3
2026-04-30 11:52:33 | INFO | Using a fixed known graph with scalar xi.
2026-04-30 11:52:33 | INFO | Fit-time hard bounds active: False
2026-04-30 11:52:33 | INFO | Fixed scalar parameters: {}
2026-04-30 11:52:33 | INFO | Warm-start fixed scalars: {} for 0 steps
2026-04-30 11:52:33 | INFO | Beta mask before s: True with s=55
2026-04-30 11:52:33 | INFO | Beta mask after e: True with e=120
2026-04-30 11:52:33 | INFO | Alternating V-column L2-ball constraint active with radius 1.0
2026-04-30 11:52:33 | INFO | Optimizer settings: steps=20000, tol=1e-09, n_starts=1, seed=0, lambda_nuclear=0.0, lambda_frobenius=0.0, lambda_uv_ridge=0.05, v_column_l2_max=1.0, proximal_lr=1.0
2026-04-30 11:52:33 | INFO | Alternating low-rank start 1/1 | seed=0 | initial_loss=0.687535 | initial_penalized=0.687536
2026-04-30 11:52:33 | INFO | Alternating low-rank iter 0 | Loss: 0.598194 | Penalized: 0.601467
2026-04-30 11:52:47 | INFO | Alternating low-rank iter 100 | Loss: 0.577252 | Penalized: 0.585321
2026-04-30 11:53:01 | INFO | Alternating low-rank iter 200 | Loss: 0.577068 | Penalized: 0.584936
2026-04-30 11:53:15 | INFO | Alternating low-rank iter 300 | Loss: 0.577072 | Penalized: 0.584880
2026-04-30 11:53:28 | INFO | Alternating low-rank iter 400 | Loss: 0.577084 | Penalized: 0.584873
2026-04-30 11:53:42 | INFO | Alternating low-rank iter 500 | Loss: 0.577091 | Penalized: 0.584872
2026-04-30 11:53:51 | INFO | Done fitting.
2026-04-30 11:53:51 | INFO | Optimizer status: CONVERGED: alternating objective tolerance reached
2026-04-30 11:53:51 | INFO | Best optimizer start: 1 / 1
2026-04-30 11:53:51 | INFO | Final Loss: 0.577092
2026-04-30 11:53:51 | INFO | Estimated vs True Parameters:
2026-04-30 11:53:51 | INFO |   beta: -0.2221 (True: -0.3000) | SQE: 0.006075
2026-04-30 11:53:51 | INFO |   xi: 0.8529 (True: 0.8000) | SQE: 0.002799
2026-04-30 11:53:51 | INFO |   eta: 0.2949 (True: 0.3000) | SQE: 0.000026
2026-04-30 11:53:51 | INFO | Alternating low-rank optimizer diagnostics:
2026-04-30 11:53:51 | INFO |   penalized_objective: 0.584871
2026-04-30 11:53:51 | INFO |   mple_loss_without_penalty: 0.577092
2026-04-30 11:53:51 | INFO |   lambda_uv_ridge: 0.050000
2026-04-30 11:53:51 | INFO |   u_frobenius_norm: 237.205712
2026-04-30 11:53:51 | INFO |   v_frobenius_norm: 1.732051
2026-04-30 11:53:51 | INFO |   effective_rank: 3.000000
2026-04-30 11:53:51 | INFO | Field and interaction diagnostics:
2026-04-30 11:53:51 | INFO |   field_rmse: 0.280130
2026-04-30 11:53:51 | INFO |   interaction_fro_error: 0.330971
2026-04-30 11:53:51 | INFO |   estimated_field_max_abs_entry: 2.838433
2026-04-30 11:53:51 | INFO |   estimated_field_rank: 3.000000
2026-04-30 11:53:51 | INFO |   true_field_max_abs_entry: 3.260394
2026-04-30 11:53:51 | INFO |   true_field_rank: 3.000000
2026-04-30 11:53:51 | INFO | Saved summary table to /orcd/home/002/phevosp/MPLE-Causal-Inference/experiments/SyntheticHybridExperiments/r3_c1_hybrid_us_county_intervention_generated_graph_confounding/fits/alternating_rank_3_uv_5_e2_beta_mask/mple_summary.csv
2026-04-30 11:53:51 | INFO | Log saved to /orcd/home/002/phevosp/MPLE-Causal-Inference/experiments/SyntheticHybridExperiments/r3_c1_hybrid_us_county_intervention_generated_graph_confounding/fits/alternating_rank_3_uv_5_e2_beta_mask/mple.log
