2026-04-07 13:14:31 | INFO | Loading data...
2026-04-07 13:14:31 | INFO | Loaded 6 field templates and 1 interaction templates.
2026-04-07 13:14:31 | INFO | Intervention-process model enabled: True
2026-04-07 13:14:31 | INFO | Tau zero-mean enabled: False
2026-04-07 13:14:31 | INFO | Tau smoothness lambda: 0.000000
2026-04-07 13:14:31 | INFO | Running conditional-model MPLE on x with shape=(66, 3203)
2026-04-07 13:14:31 | INFO | Eval 0  |  Loss: 0.674485
2026-04-07 13:14:31 | INFO |   field::log_population: +0.0126,  field::median_household_income: -0.0132,  field::poverty_rate: +0.0640,  field::pct_black: +0.0105,  field::pct_hispanic: -0.0536,  field::pct_in_labor_force: +0.0362,  tau block: mean=+0.0089, std=0.0971, min=-0.2325, max=+0.1960,  beta: +0.1004,  interaction::contiguity: -0.0618,  eta: +0.1822,  zeta: -0.1320,  psi: -0.0662
2026-04-07 13:14:35 | INFO | Done fitting.
2026-04-07 13:14:35 | INFO | Optimizer status: CONVERGENCE: RELATIVE REDUCTION OF F <= FACTR*EPSMCH
2026-04-07 13:14:35 | INFO | Final Loss: 0.161142
2026-04-07 13:14:35 | INFO | Estimated Parameters:
2026-04-07 13:14:35 | INFO |   field::log_population: 0.2932
2026-04-07 13:14:35 | INFO |   field::median_household_income: -0.2771
2026-04-07 13:14:35 | INFO |   field::poverty_rate: -0.0644
2026-04-07 13:14:35 | INFO |   field::pct_black: -0.1667
2026-04-07 13:14:35 | INFO |   field::pct_hispanic: -0.1460
2026-04-07 13:14:35 | INFO |   field::pct_in_labor_force: 0.1092
2026-04-07 13:14:35 | INFO |   tau::t_0: -0.0715
2026-04-07 13:14:35 | INFO |   tau::t_1: -0.1955
2026-04-07 13:14:35 | INFO |   tau::t_2: 0.0836
2026-04-07 13:14:35 | INFO |   tau::t_3: -0.1155
2026-04-07 13:14:35 | INFO |   tau::t_4: 0.0148
2026-04-07 13:14:35 | INFO |   tau::t_5: 0.0180
2026-04-07 13:14:35 | INFO |   tau::t_6: 0.1059
2026-04-07 13:14:35 | INFO |   tau::t_7: 0.0220
2026-04-07 13:14:35 | INFO |   tau::t_8: 0.1532
2026-04-07 13:14:35 | INFO |   tau::t_9: 0.0806
2026-04-07 13:14:35 | INFO |   tau::t_10: -0.0155
2026-04-07 13:14:35 | INFO |   tau::t_11: 0.0245
2026-04-07 13:14:35 | INFO |   tau::t_12: -0.0659
2026-04-07 13:14:35 | INFO |   tau::t_13: -0.1322
2026-04-07 13:14:35 | INFO |   tau::t_14: -0.1595
2026-04-07 13:14:35 | INFO |   tau::t_15: -0.1166
2026-04-07 13:14:35 | INFO |   tau::t_16: -0.3150
2026-04-07 13:14:35 | INFO |   tau::t_17: -0.1215
2026-04-07 13:14:35 | INFO |   tau::t_18: -0.3052
2026-04-07 13:14:35 | INFO |   tau::t_19: -0.2505
2026-04-07 13:14:35 | INFO |   tau::t_20: -0.1945
2026-04-07 13:14:35 | INFO |   tau::t_21: 0.0012
2026-04-07 13:14:35 | INFO |   tau::t_22: 0.1107
2026-04-07 13:14:35 | INFO |   tau::t_23: 0.2671
2026-04-07 13:14:35 | INFO |   tau::t_24: 0.3248
2026-04-07 13:14:35 | INFO |   tau::t_25: 0.3620
2026-04-07 13:14:35 | INFO |   tau::t_26: 0.4148
2026-04-07 13:14:35 | INFO |   tau::t_27: 0.3320
2026-04-07 13:14:35 | INFO |   tau::t_28: 0.4352
2026-04-07 13:14:35 | INFO |   tau::t_29: 0.4244
2026-04-07 13:14:35 | INFO |   tau::t_30: 0.3122
2026-04-07 13:14:35 | INFO |   tau::t_31: 0.4684
2026-04-07 13:14:35 | INFO |   tau::t_32: 0.4144
2026-04-07 13:14:35 | INFO |   tau::t_33: 0.2365
2026-04-07 13:14:35 | INFO |   tau::t_34: 0.1217
2026-04-07 13:14:35 | INFO |   tau::t_35: -0.0083
2026-04-07 13:14:35 | INFO |   tau::t_36: 0.0339
2026-04-07 13:14:35 | INFO |   tau::t_37: -0.0076
2026-04-07 13:14:35 | INFO |   tau::t_38: 0.0352
2026-04-07 13:14:35 | INFO |   tau::t_39: 0.1224
2026-04-07 13:14:35 | INFO |   tau::t_40: 0.1644
2026-04-07 13:14:35 | INFO |   tau::t_41: -0.1699
2026-04-07 13:14:35 | INFO |   tau::t_42: 0.4902
2026-04-07 13:14:35 | INFO |   tau::t_43: 0.1685
2026-04-07 13:14:35 | INFO |   tau::t_44: 0.1380
2026-04-07 13:14:35 | INFO |   tau::t_45: 0.1729
2026-04-07 13:14:35 | INFO |   tau::t_46: 0.6419
2026-04-07 13:14:35 | INFO |   tau::t_47: 1.1493
2026-04-07 13:14:35 | INFO |   tau::t_48: 1.2206
2026-04-07 13:14:35 | INFO |   tau::t_49: 1.9261
2026-04-07 13:14:35 | INFO |   tau::t_50: 1.9048
2026-04-07 13:14:35 | INFO |   tau::t_51: 1.1263
2026-04-07 13:14:35 | INFO |   tau::t_52: 0.3993
2026-04-07 13:14:35 | INFO |   tau::t_53: -0.0182
2026-04-07 13:14:35 | INFO |   tau::t_54: -0.2894
2026-04-07 13:14:35 | INFO |   tau::t_55: -0.2334
2026-04-07 13:14:35 | INFO |   tau::t_56: -0.2087
2026-04-07 13:14:35 | INFO |   tau::t_57: -0.1385
2026-04-07 13:14:35 | INFO |   tau::t_58: -0.1120
2026-04-07 13:14:35 | INFO |   tau::t_59: -0.1610
2026-04-07 13:14:35 | INFO |   tau::t_60: -0.0638
2026-04-07 13:14:35 | INFO |   tau::t_61: -0.0847
2026-04-07 13:14:35 | INFO |   tau::t_62: 0.1191
2026-04-07 13:14:35 | INFO |   tau::t_63: 0.0473
2026-04-07 13:14:35 | INFO |   tau::t_64: 0.1350
2026-04-07 13:14:35 | INFO |   tau::t_65: 0.1557
2026-04-07 13:14:35 | INFO |   beta: 0.0499
2026-04-07 13:14:35 | INFO |   interaction::contiguity: 2.4568
2026-04-07 13:14:35 | INFO |   eta: 0.5060
2026-04-07 13:14:35 | INFO |   zeta: 0.1071
2026-04-07 13:14:35 | INFO |   psi: 2.7140
2026-04-07 13:14:35 | INFO | Saved summary tables to C:\Users\phevo\Documents\MIT\Code\MPLE-Causal-Inference\experiments\USCountyVaccination_US\USCountyVaccination_US_tau_unrestricted\outcome_case_rate_100k_ge_100__intervention_complete_cov_ge_60__lag_4w__contiguity\mple_summary.csv and C:\Users\phevo\Documents\MIT\Code\MPLE-Causal-Inference\experiments\USCountyVaccination_US\USCountyVaccination_US_tau_unrestricted\outcome_case_rate_100k_ge_100__intervention_complete_cov_ge_60__lag_4w__contiguity\mple_summary.md
2026-04-07 13:14:35 | INFO | Log saved to C:\Users\phevo\Documents\MIT\Code\MPLE-Causal-Inference\experiments\USCountyVaccination_US\USCountyVaccination_US_tau_unrestricted\outcome_case_rate_100k_ge_100__intervention_complete_cov_ge_60__lag_4w__contiguity\mple.log
