2026-05-03 10:54:30 | INFO | Loading data...
2026-05-03 10:54:30 | INFO | Using panel artifact: /orcd/home/002/phevosp/MPLE-Causal-Inference/experiments/USCountyVaccination/outcome_death_rate_100k_ge_2__intervention_complete_cov_ge_30__lag_2w__distance_kernel_8__start_2021_01_03/panel_data.npz
2026-05-03 10:54:30 | INFO | Using x_0 artifact: /orcd/home/002/phevosp/MPLE-Causal-Inference/experiments/USCountyVaccination/outcome_death_rate_100k_ge_2__intervention_complete_cov_ge_30__lag_2w__distance_kernel_8__start_2021_01_03/x_0.npy
2026-05-03 10:54:30 | INFO | Using fit config: /orcd/home/002/phevosp/MPLE-Causal-Inference/experiments/USCountyVaccination/outcome_death_rate_100k_ge_2__intervention_complete_cov_ge_30__lag_2w__distance_kernel_8__start_2021_01_03/fits/alternating_rank_8_uv_5_e3_beta_mask/fit_realized_config.yaml
2026-05-03 10:54:30 | INFO | Using model artifact directory: /orcd/home/002/phevosp/MPLE-Causal-Inference/experiments/USCountyVaccination/outcome_death_rate_100k_ge_2__intervention_complete_cov_ge_30__lag_2w__distance_kernel_8__start_2021_01_03
2026-05-03 10:54:30 | INFO | Using truth artifact directory: /orcd/home/002/phevosp/MPLE-Causal-Inference/experiments/USCountyVaccination/outcome_death_rate_100k_ge_2__intervention_complete_cov_ge_30__lag_2w__distance_kernel_8__start_2021_01_03
2026-05-03 10:54:30 | INFO | Configured optimizer mode: alternating_latent_rank
2026-05-03 10:54:30 | INFO | Configured latent rank: 8
2026-05-03 10:54:30 | INFO | Using a fixed known graph with scalar xi.
2026-05-03 10:54:30 | INFO | Fit-time hard bounds active: False
2026-05-03 10:54:30 | INFO | Fixed scalar parameters: {}
2026-05-03 10:54:30 | INFO | Warm-start fixed scalars: {} for 0 steps
2026-05-03 10:54:30 | INFO | Beta mask before s: True with s=6
2026-05-03 10:54:30 | INFO | Beta mask after e: True with e=71
2026-05-03 10:54:30 | INFO | Alternating V-column L2-ball constraint active with radius 1.0
2026-05-03 10:54:30 | INFO | Optimizer settings: steps=20000, tol=1e-09, n_starts=1, seed=0, lambda_nuclear=0.0, lambda_frobenius=0.0, lambda_uv_ridge=0.005, v_column_l2_max=1.0, proximal_lr=1.0
2026-05-03 10:54:30 | INFO | Alternating low-rank start 1/1 | seed=0 | initial_loss=0.754287 | initial_penalized=0.754287
2026-05-03 10:54:30 | INFO | Alternating low-rank iter 0 | Loss: 0.480076 | Penalized: 0.480613
2026-05-03 10:54:37 | INFO | Alternating low-rank iter 100 | Loss: 0.375202 | Penalized: 0.382586
2026-05-03 10:54:44 | INFO | Alternating low-rank iter 200 | Loss: 0.372865 | Penalized: 0.381066
2026-05-03 10:54:51 | INFO | Alternating low-rank iter 300 | Loss: 0.371688 | Penalized: 0.380461
2026-05-03 10:54:57 | INFO | Alternating low-rank iter 400 | Loss: 0.371395 | Penalized: 0.380323
2026-05-03 10:55:04 | INFO | Alternating low-rank iter 500 | Loss: 0.371211 | Penalized: 0.380083
2026-05-03 10:55:11 | INFO | Alternating low-rank iter 600 | Loss: 0.370998 | Penalized: 0.379882
2026-05-03 10:55:18 | INFO | Alternating low-rank iter 700 | Loss: 0.370760 | Penalized: 0.379740
2026-05-03 10:55:24 | INFO | Alternating low-rank iter 800 | Loss: 0.370567 | Penalized: 0.379670
2026-05-03 10:55:30 | INFO | Alternating low-rank iter 900 | Loss: 0.370514 | Penalized: 0.379660
2026-05-03 10:55:36 | INFO | Alternating low-rank iter 1000 | Loss: 0.370505 | Penalized: 0.379658
2026-05-03 10:55:42 | INFO | Alternating low-rank iter 1100 | Loss: 0.370502 | Penalized: 0.379656
2026-05-03 10:55:48 | INFO | Alternating low-rank iter 1200 | Loss: 0.370500 | Penalized: 0.379656
2026-05-03 10:55:54 | INFO | Alternating low-rank iter 1300 | Loss: 0.370498 | Penalized: 0.379655
2026-05-03 10:56:00 | INFO | Alternating low-rank iter 1400 | Loss: 0.370497 | Penalized: 0.379655
2026-05-03 10:56:06 | INFO | Alternating low-rank iter 1500 | Loss: 0.370496 | Penalized: 0.379655
2026-05-03 10:56:12 | INFO | Alternating low-rank iter 1600 | Loss: 0.370495 | Penalized: 0.379654
2026-05-03 10:56:12 | INFO | Done fitting.
2026-05-03 10:56:12 | INFO | Optimizer status: CONVERGED: alternating objective tolerance reached
2026-05-03 10:56:12 | INFO | Best optimizer start: 1 / 1
2026-05-03 10:56:12 | INFO | Final Loss: 0.370495
2026-05-03 10:56:12 | INFO | Estimated Parameters:
2026-05-03 10:56:12 | INFO |   beta: -0.0258
2026-05-03 10:56:12 | INFO |   xi: 1.0201
2026-05-03 10:56:12 | INFO |   eta: -0.1108
2026-05-03 10:56:12 | INFO | Alternating low-rank optimizer diagnostics:
2026-05-03 10:56:12 | INFO |   penalized_objective: 0.379654
2026-05-03 10:56:12 | INFO |   mple_loss_without_penalty: 0.370495
2026-05-03 10:56:12 | INFO |   lambda_uv_ridge: 0.005000
2026-05-03 10:56:12 | INFO |   u_frobenius_norm: 626.095476
2026-05-03 10:56:12 | INFO |   v_frobenius_norm: 2.828427
2026-05-03 10:56:12 | INFO |   effective_rank: 8.000000
2026-05-03 10:56:12 | INFO | Field and interaction diagnostics:
2026-05-03 10:56:12 | INFO |   estimated_field_max_abs_entry: 14.820259
2026-05-03 10:56:12 | INFO |   estimated_field_rank: 8.000000
2026-05-03 10:56:12 | INFO | Saved summary table to /orcd/home/002/phevosp/MPLE-Causal-Inference/experiments/USCountyVaccination/outcome_death_rate_100k_ge_2__intervention_complete_cov_ge_30__lag_2w__distance_kernel_8__start_2021_01_03/fits/alternating_rank_8_uv_5_e3_beta_mask/mple_summary.csv
2026-05-03 10:56:12 | INFO | Log saved to /orcd/home/002/phevosp/MPLE-Causal-Inference/experiments/USCountyVaccination/outcome_death_rate_100k_ge_2__intervention_complete_cov_ge_30__lag_2w__distance_kernel_8__start_2021_01_03/fits/alternating_rank_8_uv_5_e3_beta_mask/mple.log
