2026-05-01 08:38:40 | INFO | Loading data...
2026-05-01 08:38:40 | INFO | Using panel artifact: /orcd/home/002/phevosp/MPLE-Causal-Inference/experiments/SyntheticHybridExperiments/base/panel_data.npz
2026-05-01 08:38:40 | INFO | Using x_0 artifact: /orcd/home/002/phevosp/MPLE-Causal-Inference/experiments/SyntheticHybridExperiments/base/x_0.npy
2026-05-01 08:38:40 | INFO | Using fit config: /orcd/home/002/phevosp/MPLE-Causal-Inference/experiments/SyntheticHybridExperiments/base/cv_runs/alternating_uv_grid/candidates/alternating_uv_grid_candidate_0004/fold_7/fit_realized_config.yaml
2026-05-01 08:38:40 | INFO | Using model artifact directory: /orcd/home/002/phevosp/MPLE-Causal-Inference/experiments/SyntheticHybridExperiments/base
2026-05-01 08:38:40 | INFO | Using truth artifact directory: /orcd/home/002/phevosp/MPLE-Causal-Inference/experiments/SyntheticHybridExperiments/base
2026-05-01 08:38:40 | INFO | Using loss mask artifact: /orcd/home/002/phevosp/MPLE-Causal-Inference/experiments/SyntheticHybridExperiments/base/cv_runs/alternating_uv_grid/candidates/alternating_uv_grid_candidate_0004/fold_7/loss_mask.npy
2026-05-01 08:38:40 | INFO | Configured optimizer mode: alternating_latent_rank
2026-05-01 08:38:40 | INFO | Configured latent rank: 3
2026-05-01 08:38:40 | INFO | Using a fixed known graph with scalar xi.
2026-05-01 08:38:40 | INFO | Fit-time hard bounds active: False
2026-05-01 08:38:40 | INFO | Fixed scalar parameters: {}
2026-05-01 08:38:40 | INFO | Warm-start fixed scalars: {} for 0 steps
2026-05-01 08:38:40 | INFO | Beta mask before s: False with s=0
2026-05-01 08:38:40 | INFO | Beta mask after e: False with e=11
2026-05-01 08:38:40 | INFO | Alternating V-column L2-ball constraint active with radius 1.0
2026-05-01 08:38:40 | INFO | Optimizer settings: steps=2000, tol=1e-07, n_starts=1, seed=0, lambda_nuclear=0.0, lambda_frobenius=0.0, lambda_uv_ridge=0.05, v_column_l2_max=1.0, proximal_lr=1.0
2026-05-01 08:38:40 | INFO | Alternating low-rank start 1/1 | seed=0 | initial_loss=0.836228 | initial_penalized=0.836305
2026-05-01 08:38:40 | INFO | Alternating low-rank iter 0 | Loss: 0.653310 | Penalized: 0.664283
2026-05-01 08:38:41 | INFO | Alternating low-rank iter 100 | Loss: 0.395785 | Penalized: 0.462871
2026-05-01 08:38:43 | INFO | Alternating low-rank iter 200 | Loss: 0.392699 | Penalized: 0.460692
2026-05-01 08:38:44 | INFO | Alternating low-rank iter 300 | Loss: 0.391701 | Penalized: 0.459788
2026-05-01 08:38:45 | INFO | Alternating low-rank iter 400 | Loss: 0.391054 | Penalized: 0.459163
2026-05-01 08:38:46 | INFO | Alternating low-rank iter 500 | Loss: 0.390721 | Penalized: 0.458781
2026-05-01 08:38:47 | INFO | Alternating low-rank iter 600 | Loss: 0.390455 | Penalized: 0.458464
2026-05-01 08:38:48 | INFO | Alternating low-rank iter 700 | Loss: 0.390233 | Penalized: 0.458194
2026-05-01 08:38:49 | INFO | Alternating low-rank iter 800 | Loss: 0.390046 | Penalized: 0.457964
2026-05-01 08:38:50 | INFO | Alternating low-rank iter 900 | Loss: 0.389885 | Penalized: 0.457768
2026-05-01 08:38:51 | INFO | Alternating low-rank iter 1000 | Loss: 0.389747 | Penalized: 0.457601
2026-05-01 08:38:52 | INFO | Alternating low-rank iter 1100 | Loss: 0.389627 | Penalized: 0.457460
2026-05-01 08:38:53 | INFO | Alternating low-rank iter 1200 | Loss: 0.389524 | Penalized: 0.457339
2026-05-01 08:38:54 | INFO | Alternating low-rank iter 1300 | Loss: 0.389435 | Penalized: 0.457236
2026-05-01 08:38:54 | INFO | Alternating low-rank iter 1400 | Loss: 0.389357 | Penalized: 0.457148
2026-05-01 08:38:55 | INFO | Alternating low-rank iter 1500 | Loss: 0.389290 | Penalized: 0.457074
2026-05-01 08:38:56 | INFO | Alternating low-rank iter 1600 | Loss: 0.389232 | Penalized: 0.457010
2026-05-01 08:38:57 | INFO | Alternating low-rank iter 1700 | Loss: 0.389181 | Penalized: 0.456956
2026-05-01 08:38:58 | INFO | Alternating low-rank iter 1800 | Loss: 0.389137 | Penalized: 0.456910
2026-05-01 08:38:59 | INFO | Alternating low-rank iter 1900 | Loss: 0.389098 | Penalized: 0.456871
2026-05-01 08:39:00 | INFO | Done fitting.
2026-05-01 08:39:00 | INFO | Optimizer status: STOP: TOTAL NO. OF ITERATIONS REACHED LIMIT
2026-05-01 08:39:00 | INFO | Best optimizer start: 1 / 1
2026-05-01 08:39:00 | INFO | Final Loss: 0.389064
2026-05-01 08:39:00 | INFO | Estimated vs True Parameters:
2026-05-01 08:39:00 | INFO |   beta: -0.3760 (True: -0.3000) | SQE: 0.005780
2026-05-01 08:39:00 | INFO |   xi: 0.7996 (True: 0.8000) | SQE: 0.000000
2026-05-01 08:39:00 | INFO |   eta: 0.3654 (True: 0.3000) | SQE: 0.004281
2026-05-01 08:39:00 | INFO | Alternating low-rank optimizer diagnostics:
2026-05-01 08:39:00 | INFO |   penalized_objective: 0.456838
2026-05-01 08:39:00 | INFO |   mple_loss_without_penalty: 0.389064
2026-05-01 08:39:00 | INFO |   lambda_uv_ridge: 0.050000
2026-05-01 08:39:00 | INFO |   u_frobenius_norm: 63.361097
2026-05-01 08:39:00 | INFO |   v_frobenius_norm: 1.732051
2026-05-01 08:39:00 | INFO |   effective_rank: 3.000000
2026-05-01 08:39:00 | INFO | Field and interaction diagnostics:
2026-05-01 08:39:00 | INFO |   field_rmse: 0.400932
2026-05-01 08:39:00 | INFO |   interaction_fro_error: 0.001117
2026-05-01 08:39:00 | INFO |   estimated_field_max_abs_entry: 1.992931
2026-05-01 08:39:00 | INFO |   estimated_field_rank: 3.000000
2026-05-01 08:39:00 | INFO |   true_field_max_abs_entry: 0.000000
2026-05-01 08:39:00 | INFO |   true_field_rank: 0.000000
2026-05-01 08:39:00 | INFO | Saved summary table to /orcd/home/002/phevosp/MPLE-Causal-Inference/experiments/SyntheticHybridExperiments/base/cv_runs/alternating_uv_grid/candidates/alternating_uv_grid_candidate_0004/fold_7/mple_summary.csv
2026-05-01 08:39:00 | INFO | Log saved to /orcd/home/002/phevosp/MPLE-Causal-Inference/experiments/SyntheticHybridExperiments/base/cv_runs/alternating_uv_grid/candidates/alternating_uv_grid_candidate_0004/fold_7/mple.log
