2026-05-01 20:46:41 | INFO | Loading data...
2026-05-01 20:46:41 | INFO | Using panel artifact: /orcd/home/002/phevosp/MPLE-Causal-Inference/experiments/SyntheticHybridExperimentsFinal/confounding_weak/panel_data.npz
2026-05-01 20:46:41 | INFO | Using x_0 artifact: /orcd/home/002/phevosp/MPLE-Causal-Inference/experiments/SyntheticHybridExperimentsFinal/confounding_weak/x_0.npy
2026-05-01 20:46:41 | INFO | Using fit config: /orcd/home/002/phevosp/MPLE-Causal-Inference/experiments/SyntheticHybridExperimentsFinal/confounding_weak/cv_runs/alternating_uv_grid/candidates/alternating_uv_grid_candidate_0003/fold_4/fit_realized_config.yaml
2026-05-01 20:46:41 | INFO | Using model artifact directory: /orcd/home/002/phevosp/MPLE-Causal-Inference/experiments/SyntheticHybridExperimentsFinal/confounding_weak
2026-05-01 20:46:41 | INFO | Using truth artifact directory: /orcd/home/002/phevosp/MPLE-Causal-Inference/experiments/SyntheticHybridExperimentsFinal/confounding_weak
2026-05-01 20:46:41 | INFO | Using loss mask artifact: /orcd/home/002/phevosp/MPLE-Causal-Inference/experiments/SyntheticHybridExperimentsFinal/confounding_weak/cv_runs/alternating_uv_grid/candidates/alternating_uv_grid_candidate_0003/fold_4/loss_mask.npy
2026-05-01 20:46:41 | INFO | Configured optimizer mode: alternating_latent_rank
2026-05-01 20:46:41 | INFO | Configured latent rank: 3
2026-05-01 20:46:41 | INFO | Using a fixed known graph with scalar xi.
2026-05-01 20:46:41 | INFO | Fit-time hard bounds active: False
2026-05-01 20:46:41 | INFO | Fixed scalar parameters: {}
2026-05-01 20:46:41 | INFO | Warm-start fixed scalars: {} for 0 steps
2026-05-01 20:46:41 | INFO | Beta mask before s: False with s=0
2026-05-01 20:46:41 | INFO | Beta mask after e: False with e=11
2026-05-01 20:46:41 | INFO | Alternating V-column L2-ball constraint active with radius 1.0
2026-05-01 20:46:41 | INFO | Optimizer settings: steps=2000, tol=1e-07, n_starts=1, seed=0, lambda_nuclear=0.0, lambda_frobenius=0.0, lambda_uv_ridge=0.01, v_column_l2_max=1.0, proximal_lr=1.0
2026-05-01 20:46:41 | INFO | Alternating low-rank start 1/1 | seed=0 | initial_loss=0.835569 | initial_penalized=0.835572
2026-05-01 20:46:41 | INFO | Alternating low-rank iter 0 | Loss: 0.598137 | Penalized: 0.599048
2026-05-01 20:46:42 | INFO | Alternating low-rank iter 100 | Loss: 0.534262 | Penalized: 0.541350
2026-05-01 20:46:43 | INFO | Alternating low-rank iter 200 | Loss: 0.533340 | Penalized: 0.540453
2026-05-01 20:46:44 | INFO | Alternating low-rank iter 300 | Loss: 0.533040 | Penalized: 0.540182
2026-05-01 20:46:45 | INFO | Alternating low-rank iter 400 | Loss: 0.533015 | Penalized: 0.540148
2026-05-01 20:46:45 | INFO | Done fitting.
2026-05-01 20:46:45 | INFO | Optimizer status: CONVERGED: alternating objective tolerance reached
2026-05-01 20:46:45 | INFO | Best optimizer start: 1 / 1
2026-05-01 20:46:45 | INFO | Final Loss: 0.533014
2026-05-01 20:46:45 | INFO | Estimated vs True Parameters:
2026-05-01 20:46:45 | INFO |   beta: -0.3267 (True: -0.3000) | SQE: 0.000711
2026-05-01 20:46:45 | INFO |   xi: 0.7779 (True: 0.8000) | SQE: 0.000490
2026-05-01 20:46:45 | INFO |   eta: 0.3343 (True: 0.3000) | SQE: 0.001174
2026-05-01 20:46:45 | INFO | Alternating low-rank optimizer diagnostics:
2026-05-01 20:46:45 | INFO |   penalized_objective: 0.540143
2026-05-01 20:46:45 | INFO |   mple_loss_without_penalty: 0.533014
2026-05-01 20:46:45 | INFO |   lambda_uv_ridge: 0.010000
2026-05-01 20:46:45 | INFO |   u_frobenius_norm: 110.890742
2026-05-01 20:46:45 | INFO |   v_frobenius_norm: 1.732051
2026-05-01 20:46:45 | INFO |   effective_rank: 3.000000
2026-05-01 20:46:45 | INFO | Field and interaction diagnostics:
2026-05-01 20:46:45 | INFO |   field_rmse: 0.696916
2026-05-01 20:46:45 | INFO |   interaction_fro_error: 0.078393
2026-05-01 20:46:45 | INFO |   estimated_field_max_abs_entry: 9.500550
2026-05-01 20:46:45 | INFO |   estimated_field_rank: 3.000000
2026-05-01 20:46:45 | INFO |   true_field_max_abs_entry: 1.115066
2026-05-01 20:46:45 | INFO |   true_field_rank: 3.000000
2026-05-01 20:46:45 | INFO | Saved summary table to /orcd/home/002/phevosp/MPLE-Causal-Inference/experiments/SyntheticHybridExperimentsFinal/confounding_weak/cv_runs/alternating_uv_grid/candidates/alternating_uv_grid_candidate_0003/fold_4/mple_summary.csv
2026-05-01 20:46:45 | INFO | Log saved to /orcd/home/002/phevosp/MPLE-Causal-Inference/experiments/SyntheticHybridExperimentsFinal/confounding_weak/cv_runs/alternating_uv_grid/candidates/alternating_uv_grid_candidate_0003/fold_4/mple.log
