2026-05-03 10:33:05 | INFO | Loading data...
2026-05-03 10:33:05 | INFO | Using panel artifact: /orcd/home/002/phevosp/MPLE-Causal-Inference/experiments/USCountyVaccination/outcome_death_rate_100k_ge_2__intervention_complete_cov_ge_30__lag_2w__distance_kernel_8__start_2020_06_07/panel_data.npz
2026-05-03 10:33:05 | INFO | Using x_0 artifact: /orcd/home/002/phevosp/MPLE-Causal-Inference/experiments/USCountyVaccination/outcome_death_rate_100k_ge_2__intervention_complete_cov_ge_30__lag_2w__distance_kernel_8__start_2020_06_07/x_0.npy
2026-05-03 10:33:05 | INFO | Using fit config: /orcd/home/002/phevosp/MPLE-Causal-Inference/experiments/USCountyVaccination/outcome_death_rate_100k_ge_2__intervention_complete_cov_ge_30__lag_2w__distance_kernel_8__start_2020_06_07/fits/alternating_rank_8_uv_5_e2_beta_mask/fit_realized_config.yaml
2026-05-03 10:33:05 | INFO | Using model artifact directory: /orcd/home/002/phevosp/MPLE-Causal-Inference/experiments/USCountyVaccination/outcome_death_rate_100k_ge_2__intervention_complete_cov_ge_30__lag_2w__distance_kernel_8__start_2020_06_07
2026-05-03 10:33:05 | INFO | Using truth artifact directory: /orcd/home/002/phevosp/MPLE-Causal-Inference/experiments/USCountyVaccination/outcome_death_rate_100k_ge_2__intervention_complete_cov_ge_30__lag_2w__distance_kernel_8__start_2020_06_07
2026-05-03 10:33:05 | INFO | Configured optimizer mode: alternating_latent_rank
2026-05-03 10:33:05 | INFO | Configured latent rank: 8
2026-05-03 10:33:05 | INFO | Using a fixed known graph with scalar xi.
2026-05-03 10:33:05 | INFO | Fit-time hard bounds active: False
2026-05-03 10:33:05 | INFO | Fixed scalar parameters: {}
2026-05-03 10:33:05 | INFO | Warm-start fixed scalars: {} for 0 steps
2026-05-03 10:33:05 | INFO | Beta mask before s: True with s=36
2026-05-03 10:33:05 | INFO | Beta mask after e: True with e=101
2026-05-03 10:33:05 | INFO | Alternating V-column L2-ball constraint active with radius 1.0
2026-05-03 10:33:05 | INFO | Optimizer settings: steps=20000, tol=1e-09, n_starts=1, seed=0, lambda_nuclear=0.0, lambda_frobenius=0.0, lambda_uv_ridge=0.05, v_column_l2_max=1.0, proximal_lr=1.0
2026-05-03 10:33:05 | INFO | Alternating low-rank start 1/1 | seed=0 | initial_loss=0.679104 | initial_penalized=0.679107
2026-05-03 10:33:05 | INFO | Alternating low-rank iter 0 | Loss: 0.487319 | Penalized: 0.490825
2026-05-03 10:33:17 | INFO | Alternating low-rank iter 100 | Loss: 0.405816 | Penalized: 0.423523
2026-05-03 10:33:29 | INFO | Alternating low-rank iter 200 | Loss: 0.405717 | Penalized: 0.423164
2026-05-03 10:33:38 | INFO | Alternating low-rank iter 300 | Loss: 0.405821 | Penalized: 0.423145
2026-05-03 10:33:46 | INFO | Alternating low-rank iter 400 | Loss: 0.405857 | Penalized: 0.423142
2026-05-03 10:33:55 | INFO | Alternating low-rank iter 500 | Loss: 0.405872 | Penalized: 0.423141
2026-05-03 10:34:02 | INFO | Done fitting.
2026-05-03 10:34:02 | INFO | Optimizer status: CONVERGED: alternating objective tolerance reached
2026-05-03 10:34:02 | INFO | Best optimizer start: 1 / 1
2026-05-03 10:34:02 | INFO | Final Loss: 0.405877
2026-05-03 10:34:02 | INFO | Estimated Parameters:
2026-05-03 10:34:02 | INFO |   beta: -0.0309
2026-05-03 10:34:02 | INFO |   xi: 1.2860
2026-05-03 10:34:02 | INFO |   eta: 0.0407
2026-05-03 10:34:02 | INFO | Alternating low-rank optimizer diagnostics:
2026-05-03 10:34:02 | INFO |   penalized_objective: 0.423141
2026-05-03 10:34:02 | INFO |   mple_loss_without_penalty: 0.405877
2026-05-03 10:34:02 | INFO |   lambda_uv_ridge: 0.050000
2026-05-03 10:34:02 | INFO |   u_frobenius_norm: 324.190699
2026-05-03 10:34:02 | INFO |   v_frobenius_norm: 2.828427
2026-05-03 10:34:02 | INFO |   effective_rank: 8.000000
2026-05-03 10:34:02 | INFO | Field and interaction diagnostics:
2026-05-03 10:34:02 | INFO |   estimated_field_max_abs_entry: 3.412866
2026-05-03 10:34:02 | INFO |   estimated_field_rank: 8.000000
2026-05-03 10:34:02 | INFO | Saved summary table to /orcd/home/002/phevosp/MPLE-Causal-Inference/experiments/USCountyVaccination/outcome_death_rate_100k_ge_2__intervention_complete_cov_ge_30__lag_2w__distance_kernel_8__start_2020_06_07/fits/alternating_rank_8_uv_5_e2_beta_mask/mple_summary.csv
2026-05-03 10:34:02 | INFO | Log saved to /orcd/home/002/phevosp/MPLE-Causal-Inference/experiments/USCountyVaccination/outcome_death_rate_100k_ge_2__intervention_complete_cov_ge_30__lag_2w__distance_kernel_8__start_2020_06_07/fits/alternating_rank_8_uv_5_e2_beta_mask/mple.log
