2026-04-08 11:51:17 | INFO | Loading data...
2026-04-08 11:51:17 | INFO | Loaded 6 field templates and 1 interaction templates.
2026-04-08 11:51:17 | INFO | Intervention-process model enabled: True
2026-04-08 11:51:17 | INFO | Tau zero-mean enabled: False
2026-04-08 11:51:17 | INFO | Tau smoothness lambda: 0.000000
2026-04-08 11:51:17 | INFO | Running conditional-model MPLE on x with shape=(69, 3203)
2026-04-08 11:51:17 | INFO | Eval 0  |  Loss: 0.593506
2026-04-08 11:51:17 | INFO |   field::population_density: +0.0126,  field::senior_population: -0.0132,  field::college_education: +0.0640,  field::poverty_rate: +0.0105,  field::log_population: -0.0536,  field::median_household_income: +0.0362,  tau block: mean=+0.0117, std=0.0982, min=-0.2325, max=+0.1960,  beta: -0.1320,  interaction::contiguity: -0.0662,  eta: +0.0935,  zeta: +0.0049,  psi: +0.2002
2026-04-08 11:51:21 | INFO | Done fitting.
2026-04-08 11:51:21 | INFO | Optimizer status: CONVERGENCE: RELATIVE REDUCTION OF F <= FACTR*EPSMCH
2026-04-08 11:51:21 | INFO | Final Loss: 0.177478
2026-04-08 11:51:21 | INFO | Estimated Parameters:
2026-04-08 11:51:21 | INFO |   field::population_density: -0.3372
2026-04-08 11:51:21 | INFO |   field::senior_population: -0.2962
2026-04-08 11:51:21 | INFO |   field::college_education: -0.0006
2026-04-08 11:51:21 | INFO |   field::poverty_rate: -0.2941
2026-04-08 11:51:21 | INFO |   field::log_population: 0.2882
2026-04-08 11:51:21 | INFO |   field::median_household_income: -0.2377
2026-04-08 11:51:21 | INFO |   tau::t_0: 0.1240
2026-04-08 11:51:21 | INFO |   tau::t_1: 0.0320
2026-04-08 11:51:21 | INFO |   tau::t_2: -0.0384
2026-04-08 11:51:21 | INFO |   tau::t_3: -0.1410
2026-04-08 11:51:21 | INFO |   tau::t_4: -0.2708
2026-04-08 11:51:21 | INFO |   tau::t_5: 0.0106
2026-04-08 11:51:21 | INFO |   tau::t_6: -0.1901
2026-04-08 11:51:21 | INFO |   tau::t_7: -0.0578
2026-04-08 11:51:21 | INFO |   tau::t_8: -0.0529
2026-04-08 11:51:21 | INFO |   tau::t_9: 0.0353
2026-04-08 11:51:21 | INFO |   tau::t_10: -0.0474
2026-04-08 11:51:21 | INFO |   tau::t_11: 0.0836
2026-04-08 11:51:21 | INFO |   tau::t_12: 0.0120
2026-04-08 11:51:21 | INFO |   tau::t_13: -0.0814
2026-04-08 11:51:21 | INFO |   tau::t_14: -0.0360
2026-04-08 11:51:21 | INFO |   tau::t_15: -0.1204
2026-04-08 11:51:21 | INFO |   tau::t_16: -0.1825
2026-04-08 11:51:21 | INFO |   tau::t_17: -0.2063
2026-04-08 11:51:21 | INFO |   tau::t_18: -0.1618
2026-04-08 11:51:21 | INFO |   tau::t_19: -0.3635
2026-04-08 11:51:21 | INFO |   tau::t_20: -0.1720
2026-04-08 11:51:21 | INFO |   tau::t_21: -0.3551
2026-04-08 11:51:21 | INFO |   tau::t_22: -0.2969
2026-04-08 11:51:21 | INFO |   tau::t_23: -0.2404
2026-04-08 11:51:21 | INFO |   tau::t_24: -0.0446
2026-04-08 11:51:21 | INFO |   tau::t_25: 0.0610
2026-04-08 11:51:21 | INFO |   tau::t_26: 0.2185
2026-04-08 11:51:21 | INFO |   tau::t_27: 0.2860
2026-04-08 11:51:21 | INFO |   tau::t_28: 0.3307
2026-04-08 11:51:22 | INFO |   tau::t_29: 0.3900
2026-04-08 11:51:22 | INFO |   tau::t_30: 0.3094
2026-04-08 11:51:22 | INFO |   tau::t_31: 0.4135
2026-04-08 11:51:22 | INFO |   tau::t_32: 0.3993
2026-04-08 11:51:22 | INFO |   tau::t_33: 0.2851
2026-04-08 11:51:22 | INFO |   tau::t_34: 0.4452
2026-04-08 11:51:22 | INFO |   tau::t_35: 0.3863
2026-04-08 11:51:22 | INFO |   tau::t_36: 0.2036
2026-04-08 11:51:22 | INFO |   tau::t_37: 0.0851
2026-04-08 11:51:22 | INFO |   tau::t_38: -0.0474
2026-04-08 11:51:22 | INFO |   tau::t_39: -0.0065
2026-04-08 11:51:22 | INFO |   tau::t_40: -0.0391
2026-04-08 11:51:22 | INFO |   tau::t_41: 0.0064
2026-04-08 11:51:22 | INFO |   tau::t_42: 0.0947
2026-04-08 11:51:22 | INFO |   tau::t_43: 0.1342
2026-04-08 11:51:22 | INFO |   tau::t_44: -0.1874
2026-04-08 11:51:22 | INFO |   tau::t_45: 0.4516
2026-04-08 11:51:22 | INFO |   tau::t_46: 0.1366
2026-04-08 11:51:22 | INFO |   tau::t_47: 0.1121
2026-04-08 11:51:22 | INFO |   tau::t_48: 0.1440
2026-04-08 11:51:22 | INFO |   tau::t_49: 0.6122
2026-04-08 11:51:22 | INFO |   tau::t_50: 1.1459
2026-04-08 11:51:22 | INFO |   tau::t_51: 1.2210
2026-04-08 11:51:22 | INFO |   tau::t_52: 1.8988
2026-04-08 11:51:22 | INFO |   tau::t_53: 1.8746
2026-04-08 11:51:22 | INFO |   tau::t_54: 1.1176
2026-04-08 11:51:22 | INFO |   tau::t_55: 0.3916
2026-04-08 11:51:22 | INFO |   tau::t_56: -0.0294
2026-04-08 11:51:22 | INFO |   tau::t_57: -0.2994
2026-04-08 11:51:22 | INFO |   tau::t_58: -0.2389
2026-04-08 11:51:22 | INFO |   tau::t_59: -0.2123
2026-04-08 11:51:22 | INFO |   tau::t_60: -0.1415
2026-04-08 11:51:22 | INFO |   tau::t_61: -0.1132
2026-04-08 11:51:22 | INFO |   tau::t_62: -0.1583
2026-04-08 11:51:22 | INFO |   tau::t_63: -0.0572
2026-04-08 11:51:22 | INFO |   tau::t_64: -0.0783
2026-04-08 11:51:22 | INFO |   tau::t_65: 0.1205
2026-04-08 11:51:22 | INFO |   tau::t_66: 0.0518
2026-04-08 11:51:22 | INFO |   tau::t_67: 0.1367
2026-04-08 11:51:22 | INFO |   tau::t_68: 0.1538
2026-04-08 11:51:22 | INFO |   beta: -0.0241
2026-04-08 11:51:22 | INFO |   interaction::contiguity: 2.4721
2026-04-08 11:51:22 | INFO |   eta: 0.5065
2026-04-08 11:51:22 | INFO |   zeta: 0.0714
2026-04-08 11:51:22 | INFO |   psi: 2.0857
2026-04-08 11:51:22 | INFO | Saved summary tables to C:\Users\phevo\Documents\MIT\Code\MPLE-Causal-Inference\experiments\USCountyVaccination_US_features_new\outcome_case_rate_100k_ge_100__intervention_complete_cov_ge_30__lag_1w__contiguity\mple_summary.csv and C:\Users\phevo\Documents\MIT\Code\MPLE-Causal-Inference\experiments\USCountyVaccination_US_features_new\outcome_case_rate_100k_ge_100__intervention_complete_cov_ge_30__lag_1w__contiguity\mple_summary.md
2026-04-08 11:51:22 | INFO | Log saved to C:\Users\phevo\Documents\MIT\Code\MPLE-Causal-Inference\experiments\USCountyVaccination_US_features_new\outcome_case_rate_100k_ge_100__intervention_complete_cov_ge_30__lag_1w__contiguity\mple.log
