2026-05-01 08:39:12 | INFO | Loading data...
2026-05-01 08:39:12 | INFO | Using panel artifact: /orcd/home/002/phevosp/MPLE-Causal-Inference/experiments/SyntheticHybridExperiments/spectral_low_rank/panel_data.npz
2026-05-01 08:39:12 | INFO | Using x_0 artifact: /orcd/home/002/phevosp/MPLE-Causal-Inference/experiments/SyntheticHybridExperiments/spectral_low_rank/x_0.npy
2026-05-01 08:39:12 | INFO | Using fit config: /orcd/home/002/phevosp/MPLE-Causal-Inference/experiments/SyntheticHybridExperiments/spectral_low_rank/cv_runs/alternating_uv_grid/candidates/alternating_uv_grid_candidate_0005/fold_7/fit_realized_config.yaml
2026-05-01 08:39:12 | INFO | Using model artifact directory: /orcd/home/002/phevosp/MPLE-Causal-Inference/experiments/SyntheticHybridExperiments/spectral_low_rank
2026-05-01 08:39:12 | INFO | Using truth artifact directory: /orcd/home/002/phevosp/MPLE-Causal-Inference/experiments/SyntheticHybridExperiments/spectral_low_rank
2026-05-01 08:39:12 | INFO | Using loss mask artifact: /orcd/home/002/phevosp/MPLE-Causal-Inference/experiments/SyntheticHybridExperiments/spectral_low_rank/cv_runs/alternating_uv_grid/candidates/alternating_uv_grid_candidate_0005/fold_7/loss_mask.npy
2026-05-01 08:39:12 | INFO | Configured optimizer mode: alternating_latent_rank
2026-05-01 08:39:12 | INFO | Configured latent rank: 3
2026-05-01 08:39:12 | INFO | Using a fixed known graph with scalar xi.
2026-05-01 08:39:12 | INFO | Fit-time hard bounds active: False
2026-05-01 08:39:12 | INFO | Fixed scalar parameters: {}
2026-05-01 08:39:12 | INFO | Warm-start fixed scalars: {} for 0 steps
2026-05-01 08:39:12 | INFO | Beta mask before s: False with s=0
2026-05-01 08:39:12 | INFO | Beta mask after e: False with e=11
2026-05-01 08:39:12 | INFO | Alternating V-column L2-ball constraint active with radius 1.0
2026-05-01 08:39:12 | INFO | Optimizer settings: steps=2000, tol=1e-07, n_starts=1, seed=0, lambda_nuclear=0.0, lambda_frobenius=0.0, lambda_uv_ridge=0.1, v_column_l2_max=1.0, proximal_lr=1.0
2026-05-01 08:39:12 | INFO | Alternating low-rank start 1/1 | seed=0 | initial_loss=0.829773 | initial_penalized=0.829927
2026-05-01 08:39:12 | INFO | Alternating low-rank iter 0 | Loss: 0.668530 | Penalized: 0.684643
2026-05-01 08:39:13 | INFO | Alternating low-rank iter 100 | Loss: 0.449417 | Penalized: 0.511944
2026-05-01 08:39:14 | INFO | Alternating low-rank iter 200 | Loss: 0.446497 | Penalized: 0.509760
2026-05-01 08:39:15 | INFO | Alternating low-rank iter 300 | Loss: 0.445442 | Penalized: 0.508944
2026-05-01 08:39:16 | INFO | Alternating low-rank iter 400 | Loss: 0.444879 | Penalized: 0.508352
2026-05-01 08:39:17 | INFO | Alternating low-rank iter 500 | Loss: 0.444343 | Penalized: 0.507803
2026-05-01 08:39:18 | INFO | Alternating low-rank iter 600 | Loss: 0.443974 | Penalized: 0.507404
2026-05-01 08:39:18 | INFO | Alternating low-rank iter 700 | Loss: 0.443711 | Penalized: 0.507105
2026-05-01 08:39:19 | INFO | Alternating low-rank iter 800 | Loss: 0.443489 | Penalized: 0.506857
2026-05-01 08:39:20 | INFO | Alternating low-rank iter 900 | Loss: 0.443297 | Penalized: 0.506651
2026-05-01 08:39:21 | INFO | Alternating low-rank iter 1000 | Loss: 0.443130 | Penalized: 0.506477
2026-05-01 08:39:22 | INFO | Alternating low-rank iter 1100 | Loss: 0.442984 | Penalized: 0.506332
2026-05-01 08:39:23 | INFO | Alternating low-rank iter 1200 | Loss: 0.442857 | Penalized: 0.506210
2026-05-01 08:39:24 | INFO | Alternating low-rank iter 1300 | Loss: 0.442746 | Penalized: 0.506107
2026-05-01 08:39:25 | INFO | Alternating low-rank iter 1400 | Loss: 0.442649 | Penalized: 0.506021
2026-05-01 08:39:26 | INFO | Alternating low-rank iter 1500 | Loss: 0.442566 | Penalized: 0.505948
2026-05-01 08:39:27 | INFO | Alternating low-rank iter 1600 | Loss: 0.442493 | Penalized: 0.505887
2026-05-01 08:39:28 | INFO | Alternating low-rank iter 1700 | Loss: 0.442431 | Penalized: 0.505836
2026-05-01 08:39:29 | INFO | Alternating low-rank iter 1800 | Loss: 0.442376 | Penalized: 0.505793
2026-05-01 08:39:30 | INFO | Alternating low-rank iter 1900 | Loss: 0.442329 | Penalized: 0.505757
2026-05-01 08:39:30 | INFO | Done fitting.
2026-05-01 08:39:30 | INFO | Optimizer status: STOP: TOTAL NO. OF ITERATIONS REACHED LIMIT
2026-05-01 08:39:30 | INFO | Best optimizer start: 1 / 1
2026-05-01 08:39:30 | INFO | Final Loss: 0.442288
2026-05-01 08:39:30 | INFO | Estimated vs True Parameters:
2026-05-01 08:39:30 | INFO |   beta: -0.3165 (True: -0.3000) | SQE: 0.000273
2026-05-01 08:39:30 | INFO |   xi: 0.8540 (True: 0.8000) | SQE: 0.002914
2026-05-01 08:39:30 | INFO |   eta: 0.3035 (True: 0.3000) | SQE: 0.000012
2026-05-01 08:39:30 | INFO | Alternating low-rank optimizer diagnostics:
2026-05-01 08:39:30 | INFO |   penalized_objective: 0.505726
2026-05-01 08:39:30 | INFO |   mple_loss_without_penalty: 0.442288
2026-05-01 08:39:30 | INFO |   lambda_uv_ridge: 0.100000
2026-05-01 08:39:30 | INFO |   u_frobenius_norm: 43.327916
2026-05-01 08:39:30 | INFO |   v_frobenius_norm: 1.732051
2026-05-01 08:39:30 | INFO |   effective_rank: 3.000000
2026-05-01 08:39:30 | INFO | Field and interaction diagnostics:
2026-05-01 08:39:30 | INFO |   field_rmse: 0.452462
2026-05-01 08:39:30 | INFO |   interaction_fro_error: 0.142694
2026-05-01 08:39:30 | INFO |   estimated_field_max_abs_entry: 1.451010
2026-05-01 08:39:30 | INFO |   estimated_field_rank: 3.000000
2026-05-01 08:39:30 | INFO |   true_field_max_abs_entry: 2.857994
2026-05-01 08:39:30 | INFO |   true_field_rank: 3.000000
2026-05-01 08:39:31 | INFO | Saved summary table to /orcd/home/002/phevosp/MPLE-Causal-Inference/experiments/SyntheticHybridExperiments/spectral_low_rank/cv_runs/alternating_uv_grid/candidates/alternating_uv_grid_candidate_0005/fold_7/mple_summary.csv
2026-05-01 08:39:31 | INFO | Log saved to /orcd/home/002/phevosp/MPLE-Causal-Inference/experiments/SyntheticHybridExperiments/spectral_low_rank/cv_runs/alternating_uv_grid/candidates/alternating_uv_grid_candidate_0005/fold_7/mple.log
