2026-08-27 10:26:13 | INFO | Loading data...
2026-08-27 10:26:13 | INFO | Using panel artifact: /orcd/home/002/phevosp/MPLE-Causal-Inference/experiments/SyntheticSNN/no_interference_confounding_beta_010/panel_data.npz
2026-08-27 10:26:13 | INFO | Using x_0 artifact: /orcd/home/002/phevosp/MPLE-Causal-Inference/experiments/SyntheticSNN/no_interference_confounding_beta_010/x_0.npy
2026-08-27 10:26:13 | INFO | Using fit config: /orcd/home/002/phevosp/MPLE-Causal-Inference/experiments/SyntheticSNN/no_interference_confounding_beta_010/cv_runs/default/candidates/default_candidate_0003/fold_2/fit_realized_config.yaml
2026-08-27 10:26:13 | INFO | Using model artifact directory: /orcd/home/002/phevosp/MPLE-Causal-Inference/experiments/SyntheticSNN/no_interference_confounding_beta_010
2026-08-27 10:26:13 | INFO | Using truth artifact directory: /orcd/home/002/phevosp/MPLE-Causal-Inference/experiments/SyntheticSNN/no_interference_confounding_beta_010
2026-08-27 10:26:13 | INFO | Using loss mask artifact: /orcd/home/002/phevosp/MPLE-Causal-Inference/experiments/SyntheticSNN/no_interference_confounding_beta_010/cv_runs/default/candidates/default_candidate_0003/fold_2/loss_mask.npy
2026-08-27 10:26:13 | INFO | Configured optimizer mode: alternating_latent_rank
2026-08-27 10:26:13 | INFO | Configured latent rank: 3
2026-08-27 10:26:13 | INFO | Using a fixed known graph with scalar xi.
2026-08-27 10:26:13 | INFO | Fit-time hard bounds active: False
2026-08-27 10:26:13 | INFO | Fixed scalar parameters: {}
2026-08-27 10:26:13 | INFO | Warm-start fixed scalars: {} for 0 steps
2026-08-27 10:26:13 | INFO | Beta-gradient mask before s: True with s=0
2026-08-27 10:26:13 | INFO | Beta-gradient mask after e: True with e=12
2026-08-27 10:26:13 | INFO | Alternating V-column L2-ball constraint active with radius 1.0
2026-08-27 10:26:13 | INFO | Optimizer settings: steps=2000, tol=1e-07, n_starts=1, seed=0, lambda_nuclear=0.0, lambda_frobenius=0.0, lambda_uv_ridge=0.01, v_column_l2_max=1.0, proximal_lr=1.0
2026-08-27 10:26:13 | INFO | Alternating low-rank start 1/1 | seed=0 | initial_loss=0.746613 | initial_penalized=0.746616
2026-08-27 10:26:13 | INFO | Alternating low-rank iter 0 | Loss: 0.568814 | Penalized: 0.570804
2026-08-27 10:26:14 | INFO | Alternating low-rank iter 100 | Loss: 0.488370 | Penalized: 0.501946
2026-08-27 10:26:16 | INFO | Alternating low-rank iter 200 | Loss: 0.488363 | Penalized: 0.501932
2026-08-27 10:26:18 | INFO | Alternating low-rank iter 300 | Loss: 0.488356 | Penalized: 0.501917
2026-08-27 10:26:19 | INFO | Alternating low-rank iter 400 | Loss: 0.488348 | Penalized: 0.501903
2026-08-27 10:26:21 | INFO | Alternating low-rank iter 500 | Loss: 0.488341 | Penalized: 0.501890
2026-08-27 10:26:23 | INFO | Alternating low-rank iter 600 | Loss: 0.488334 | Penalized: 0.501878
2026-08-27 10:26:23 | INFO | Done fitting.
2026-08-27 10:26:23 | INFO | Optimizer status: CONVERGED: alternating objective tolerance reached
2026-08-27 10:26:23 | INFO | Best optimizer start: 1 / 1
2026-08-27 10:26:23 | INFO | Final Loss: 0.488332
2026-08-27 10:26:23 | INFO | Estimated vs True Parameters:
2026-08-27 10:26:23 | INFO |   beta: 0.1370 (True: 0.1000) | SQE: 0.001369
2026-08-27 10:26:23 | INFO |   xi: 0.0100 (True: 0.0000) | SQE: 0.000099
2026-08-27 10:26:23 | INFO |   eta: 0.1113 (True: 0.1000) | SQE: 0.000127
2026-08-27 10:26:23 | INFO | Alternating low-rank optimizer diagnostics:
2026-08-27 10:26:23 | INFO |   penalized_objective: 0.501875
2026-08-27 10:26:23 | INFO |   mple_loss_without_penalty: 0.488332
2026-08-27 10:26:23 | INFO |   lambda_uv_ridge: 0.010000
2026-08-27 10:26:23 | INFO |   u_frobenius_norm: 140.297944
2026-08-27 10:26:23 | INFO |   v_frobenius_norm: 1.732051
2026-08-27 10:26:23 | INFO |   effective_rank: 3.000000
2026-08-27 10:26:23 | INFO | Field and interaction diagnostics:
2026-08-27 10:26:23 | INFO |   field_rmse: 0.520453
2026-08-27 10:26:23 | INFO |   interaction_fro_error: 0.042520
2026-08-27 10:26:23 | INFO |   estimated_field_max_abs_entry: 5.744151
2026-08-27 10:26:23 | INFO |   estimated_field_rank: 3.000000
2026-08-27 10:26:23 | INFO |   true_field_max_abs_entry: 5.073226
2026-08-27 10:26:23 | INFO |   true_field_rank: 3.000000
2026-08-27 10:26:23 | INFO | Saved summary table to /orcd/home/002/phevosp/MPLE-Causal-Inference/experiments/SyntheticSNN/no_interference_confounding_beta_010/cv_runs/default/candidates/default_candidate_0003/fold_2/mple_summary.csv
2026-08-27 10:26:23 | INFO | Log saved to /orcd/home/002/phevosp/MPLE-Causal-Inference/experiments/SyntheticSNN/no_interference_confounding_beta_010/cv_runs/default/candidates/default_candidate_0003/fold_2/mple.log
