2026-06-08 18:24:55 | INFO | Loading data...
2026-06-08 18:24:55 | INFO | Using panel artifact: /orcd/home/002/phevosp/MPLE-Causal-Inference/experiments/Hybrid/partial_confounding/panel_data.npz
2026-06-08 18:24:55 | INFO | Using x_0 artifact: /orcd/home/002/phevosp/MPLE-Causal-Inference/experiments/Hybrid/partial_confounding/x_0.npy
2026-06-08 18:24:55 | INFO | Using fit config: /orcd/home/002/phevosp/MPLE-Causal-Inference/experiments/Hybrid/partial_confounding/cv_runs/default/candidates/default_candidate_0001/fold_5/fit_realized_config.yaml
2026-06-08 18:24:55 | INFO | Using model artifact directory: /orcd/home/002/phevosp/MPLE-Causal-Inference/experiments/Hybrid/partial_confounding
2026-06-08 18:24:55 | INFO | Using truth artifact directory: /orcd/home/002/phevosp/MPLE-Causal-Inference/experiments/Hybrid/partial_confounding
2026-06-08 18:24:55 | INFO | Using loss mask artifact: /orcd/home/002/phevosp/MPLE-Causal-Inference/experiments/Hybrid/partial_confounding/cv_runs/default/candidates/default_candidate_0001/fold_5/loss_mask.npy
2026-06-08 18:24:55 | INFO | Configured optimizer mode: alternating_latent_rank
2026-06-08 18:24:55 | INFO | Configured latent rank: 5
2026-06-08 18:24:55 | INFO | Using a fixed known graph with scalar xi.
2026-06-08 18:24:55 | INFO | Fit-time hard bounds active: False
2026-06-08 18:24:55 | INFO | Fixed scalar parameters: {}
2026-06-08 18:24:55 | INFO | Warm-start fixed scalars: {} for 0 steps
2026-06-08 18:24:55 | INFO | Beta mask before s: True with s=50
2026-06-08 18:24:55 | INFO | Beta mask after e: True with e=115
2026-06-08 18:24:55 | INFO | Alternating V-column L2-ball constraint active with radius 1.0
2026-06-08 18:24:55 | INFO | Optimizer settings: steps=2000, tol=1e-07, n_starts=1, seed=0, lambda_nuclear=0.0, lambda_frobenius=0.0, lambda_uv_ridge=0.001, v_column_l2_max=1.0, proximal_lr=1.0
2026-06-08 18:24:55 | INFO | Alternating low-rank start 1/1 | seed=0 | initial_loss=0.780832 | initial_penalized=0.780832
2026-06-08 18:24:55 | INFO | Alternating low-rank iter 0 | Loss: 0.591020 | Penalized: 0.591096
2026-06-08 18:25:04 | INFO | Alternating low-rank iter 100 | Loss: 0.539115 | Penalized: 0.539600
2026-06-08 18:25:13 | INFO | Alternating low-rank iter 200 | Loss: 0.538887 | Penalized: 0.539474
2026-06-08 18:25:22 | INFO | Alternating low-rank iter 300 | Loss: 0.538838 | Penalized: 0.539459
2026-06-08 18:25:23 | INFO | Done fitting.
2026-06-08 18:25:23 | INFO | Optimizer status: CONVERGED: alternating objective tolerance reached
2026-06-08 18:25:23 | INFO | Best optimizer start: 1 / 1
2026-06-08 18:25:23 | INFO | Final Loss: 0.538837
2026-06-08 18:25:23 | INFO | Estimated vs True Parameters:
2026-06-08 18:25:23 | INFO |   beta: -0.2552 (True: -0.3000) | SQE: 0.002011
2026-06-08 18:25:23 | INFO |   xi: 0.8700 (True: 0.8000) | SQE: 0.004905
2026-06-08 18:25:23 | INFO |   eta: 0.2972 (True: 0.3000) | SQE: 0.000008
2026-06-08 18:25:23 | INFO | Alternating low-rank optimizer diagnostics:
2026-06-08 18:25:23 | INFO |   penalized_objective: 0.539458
2026-06-08 18:25:23 | INFO |   mple_loss_without_penalty: 0.538837
2026-06-08 18:25:23 | INFO |   lambda_uv_ridge: 0.001000
2026-06-08 18:25:23 | INFO |   u_frobenius_norm: 422.683994
2026-06-08 18:25:23 | INFO |   v_frobenius_norm: 2.236068
2026-06-08 18:25:23 | INFO |   effective_rank: 5.000000
2026-06-08 18:25:23 | INFO | Field and interaction diagnostics:
2026-06-08 18:25:23 | INFO |   field_rmse: 0.697989
2026-06-08 18:25:23 | INFO |   interaction_fro_error: 0.774852
2026-06-08 18:25:23 | INFO |   estimated_field_max_abs_entry: 29.486711
2026-06-08 18:25:23 | INFO |   estimated_field_rank: 5.000000
2026-06-08 18:25:23 | INFO |   true_field_max_abs_entry: 2.360404
2026-06-08 18:25:23 | INFO |   true_field_rank: 5.000000
2026-06-08 18:25:23 | INFO | Saved summary table to /orcd/home/002/phevosp/MPLE-Causal-Inference/experiments/Hybrid/partial_confounding/cv_runs/default/candidates/default_candidate_0001/fold_5/mple_summary.csv
2026-06-08 18:25:23 | INFO | Log saved to /orcd/home/002/phevosp/MPLE-Causal-Inference/experiments/Hybrid/partial_confounding/cv_runs/default/candidates/default_candidate_0001/fold_5/mple.log
