2026-05-01 08:34:50 | INFO | Loading data...
2026-05-01 08:34:50 | INFO | Using panel artifact: /orcd/home/002/phevosp/MPLE-Causal-Inference/experiments/SyntheticHybridExperiments/confounding_strong/panel_data.npz
2026-05-01 08:34:50 | INFO | Using x_0 artifact: /orcd/home/002/phevosp/MPLE-Causal-Inference/experiments/SyntheticHybridExperiments/confounding_strong/x_0.npy
2026-05-01 08:34:50 | INFO | Using fit config: /orcd/home/002/phevosp/MPLE-Causal-Inference/experiments/SyntheticHybridExperiments/confounding_strong/cv_runs/alternating_uv_grid/candidates/alternating_uv_grid_candidate_0004/fold_2/fit_realized_config.yaml
2026-05-01 08:34:50 | INFO | Using model artifact directory: /orcd/home/002/phevosp/MPLE-Causal-Inference/experiments/SyntheticHybridExperiments/confounding_strong
2026-05-01 08:34:50 | INFO | Using truth artifact directory: /orcd/home/002/phevosp/MPLE-Causal-Inference/experiments/SyntheticHybridExperiments/confounding_strong
2026-05-01 08:34:50 | INFO | Using loss mask artifact: /orcd/home/002/phevosp/MPLE-Causal-Inference/experiments/SyntheticHybridExperiments/confounding_strong/cv_runs/alternating_uv_grid/candidates/alternating_uv_grid_candidate_0004/fold_2/loss_mask.npy
2026-05-01 08:34:50 | INFO | Configured optimizer mode: alternating_latent_rank
2026-05-01 08:34:50 | INFO | Configured latent rank: 3
2026-05-01 08:34:50 | INFO | Using a fixed known graph with scalar xi.
2026-05-01 08:34:50 | INFO | Fit-time hard bounds active: False
2026-05-01 08:34:50 | INFO | Fixed scalar parameters: {}
2026-05-01 08:34:50 | INFO | Warm-start fixed scalars: {} for 0 steps
2026-05-01 08:34:50 | INFO | Beta mask before s: False with s=0
2026-05-01 08:34:50 | INFO | Beta mask after e: False with e=11
2026-05-01 08:34:50 | INFO | Alternating V-column L2-ball constraint active with radius 1.0
2026-05-01 08:34:50 | INFO | Optimizer settings: steps=2000, tol=1e-07, n_starts=1, seed=0, lambda_nuclear=0.0, lambda_frobenius=0.0, lambda_uv_ridge=0.05, v_column_l2_max=1.0, proximal_lr=1.0
2026-05-01 08:34:50 | INFO | Alternating low-rank start 1/1 | seed=0 | initial_loss=0.794827 | initial_penalized=0.794904
2026-05-01 08:34:50 | INFO | Alternating low-rank iter 0 | Loss: 0.622752 | Penalized: 0.634529
2026-05-01 08:34:51 | INFO | Alternating low-rank iter 100 | Loss: 0.390260 | Penalized: 0.470005
2026-05-01 08:34:52 | INFO | Alternating low-rank iter 200 | Loss: 0.384802 | Penalized: 0.466368
2026-05-01 08:34:53 | INFO | Alternating low-rank iter 300 | Loss: 0.384618 | Penalized: 0.466220
2026-05-01 08:34:54 | INFO | Alternating low-rank iter 400 | Loss: 0.384588 | Penalized: 0.466178
2026-05-01 08:34:55 | INFO | Alternating low-rank iter 500 | Loss: 0.384565 | Penalized: 0.466147
2026-05-01 08:34:55 | INFO | Alternating low-rank iter 600 | Loss: 0.384543 | Penalized: 0.466121
2026-05-01 08:34:56 | INFO | Alternating low-rank iter 700 | Loss: 0.384522 | Penalized: 0.466099
2026-05-01 08:34:57 | INFO | Alternating low-rank iter 800 | Loss: 0.384504 | Penalized: 0.466079
2026-05-01 08:34:58 | INFO | Alternating low-rank iter 900 | Loss: 0.384487 | Penalized: 0.466063
2026-05-01 08:34:59 | INFO | Alternating low-rank iter 1000 | Loss: 0.384472 | Penalized: 0.466048
2026-05-01 08:35:00 | INFO | Alternating low-rank iter 1100 | Loss: 0.384458 | Penalized: 0.466036
2026-05-01 08:35:00 | INFO | Alternating low-rank iter 1200 | Loss: 0.384446 | Penalized: 0.466025
2026-05-01 08:35:00 | INFO | Done fitting.
2026-05-01 08:35:00 | INFO | Optimizer status: CONVERGED: alternating objective tolerance reached
2026-05-01 08:35:00 | INFO | Best optimizer start: 1 / 1
2026-05-01 08:35:00 | INFO | Final Loss: 0.384445
2026-05-01 08:35:00 | INFO | Estimated vs True Parameters:
2026-05-01 08:35:00 | INFO |   beta: -0.1892 (True: -0.3000) | SQE: 0.012277
2026-05-01 08:35:00 | INFO |   xi: 0.0923 (True: 0.8000) | SQE: 0.500835
2026-05-01 08:35:00 | INFO |   eta: 0.2140 (True: 0.3000) | SQE: 0.007401
2026-05-01 08:35:00 | INFO | Alternating low-rank optimizer diagnostics:
2026-05-01 08:35:00 | INFO |   penalized_objective: 0.466024
2026-05-01 08:35:00 | INFO |   mple_loss_without_penalty: 0.384445
2026-05-01 08:35:00 | INFO |   lambda_uv_ridge: 0.050000
2026-05-01 08:35:00 | INFO |   u_frobenius_norm: 69.519677
2026-05-01 08:35:00 | INFO |   v_frobenius_norm: 1.732051
2026-05-01 08:35:00 | INFO |   effective_rank: 3.000000
2026-05-01 08:35:00 | INFO | Field and interaction diagnostics:
2026-05-01 08:35:00 | INFO |   field_rmse: 1.126382
2026-05-01 08:35:00 | INFO |   interaction_fro_error: 1.870571
2026-05-01 08:35:00 | INFO |   estimated_field_max_abs_entry: 1.820991
2026-05-01 08:35:00 | INFO |   estimated_field_rank: 3.000000
2026-05-01 08:35:00 | INFO |   true_field_max_abs_entry: 7.412670
2026-05-01 08:35:00 | INFO |   true_field_rank: 3.000000
2026-05-01 08:35:00 | INFO | Saved summary table to /orcd/home/002/phevosp/MPLE-Causal-Inference/experiments/SyntheticHybridExperiments/confounding_strong/cv_runs/alternating_uv_grid/candidates/alternating_uv_grid_candidate_0004/fold_2/mple_summary.csv
2026-05-01 08:35:00 | INFO | Log saved to /orcd/home/002/phevosp/MPLE-Causal-Inference/experiments/SyntheticHybridExperiments/confounding_strong/cv_runs/alternating_uv_grid/candidates/alternating_uv_grid_candidate_0004/fold_2/mple.log
