2026-05-01 20:51:45 | INFO | Loading data...
2026-05-01 20:51:45 | INFO | Using panel artifact: /orcd/home/002/phevosp/MPLE-Causal-Inference/experiments/SyntheticHybridExperimentsFinal/base/panel_data.npz
2026-05-01 20:51:45 | INFO | Using x_0 artifact: /orcd/home/002/phevosp/MPLE-Causal-Inference/experiments/SyntheticHybridExperimentsFinal/base/x_0.npy
2026-05-01 20:51:45 | INFO | Using fit config: /orcd/home/002/phevosp/MPLE-Causal-Inference/experiments/SyntheticHybridExperimentsFinal/base/cv_runs/alternating_uv_grid/candidates/alternating_uv_grid_candidate_0008/fold_2/fit_realized_config.yaml
2026-05-01 20:51:45 | INFO | Using model artifact directory: /orcd/home/002/phevosp/MPLE-Causal-Inference/experiments/SyntheticHybridExperimentsFinal/base
2026-05-01 20:51:45 | INFO | Using truth artifact directory: /orcd/home/002/phevosp/MPLE-Causal-Inference/experiments/SyntheticHybridExperimentsFinal/base
2026-05-01 20:51:45 | INFO | Using loss mask artifact: /orcd/home/002/phevosp/MPLE-Causal-Inference/experiments/SyntheticHybridExperimentsFinal/base/cv_runs/alternating_uv_grid/candidates/alternating_uv_grid_candidate_0008/fold_2/loss_mask.npy
2026-05-01 20:51:45 | INFO | Configured optimizer mode: alternating_latent_rank
2026-05-01 20:51:45 | INFO | Configured latent rank: 3
2026-05-01 20:51:45 | INFO | Using a fixed known graph with scalar xi.
2026-05-01 20:51:45 | INFO | Fit-time hard bounds active: False
2026-05-01 20:51:45 | INFO | Fixed scalar parameters: {}
2026-05-01 20:51:45 | INFO | Warm-start fixed scalars: {} for 0 steps
2026-05-01 20:51:45 | INFO | Beta mask before s: False with s=0
2026-05-01 20:51:45 | INFO | Beta mask after e: False with e=11
2026-05-01 20:51:45 | INFO | Alternating V-column L2-ball constraint active with radius 1.0
2026-05-01 20:51:45 | INFO | Optimizer settings: steps=2000, tol=1e-07, n_starts=1, seed=0, lambda_nuclear=0.0, lambda_frobenius=0.0, lambda_uv_ridge=1.5, v_column_l2_max=1.0, proximal_lr=1.0
2026-05-01 20:51:45 | INFO | Alternating low-rank start 1/1 | seed=0 | initial_loss=0.840900 | initial_penalized=0.841298
2026-05-01 20:51:45 | INFO | Alternating low-rank iter 0 | Loss: 0.622740 | Penalized: 0.631030
2026-05-01 20:51:46 | INFO | Alternating low-rank iter 100 | Loss: 0.588783 | Penalized: 0.598385
2026-05-01 20:51:47 | INFO | Alternating low-rank iter 200 | Loss: 0.588363 | Penalized: 0.597968
2026-05-01 20:51:48 | INFO | Done fitting.
2026-05-01 20:51:48 | INFO | Optimizer status: CONVERGED: alternating objective tolerance reached
2026-05-01 20:51:48 | INFO | Best optimizer start: 1 / 1
2026-05-01 20:51:48 | INFO | Final Loss: 0.588330
2026-05-01 20:51:48 | INFO | Estimated vs True Parameters:
2026-05-01 20:51:48 | INFO |   beta: -0.3111 (True: -0.3000) | SQE: 0.000123
2026-05-01 20:51:48 | INFO |   xi: 0.6898 (True: 0.8000) | SQE: 0.012153
2026-05-01 20:51:48 | INFO |   eta: 0.2976 (True: 0.3000) | SQE: 0.000006
2026-05-01 20:51:48 | INFO | Alternating low-rank optimizer diagnostics:
2026-05-01 20:51:48 | INFO |   penalized_objective: 0.597938
2026-05-01 20:51:48 | INFO |   mple_loss_without_penalty: 0.588330
2026-05-01 20:51:48 | INFO |   lambda_uv_ridge: 1.500000
2026-05-01 20:51:48 | INFO |   u_frobenius_norm: 10.366384
2026-05-01 20:51:48 | INFO |   v_frobenius_norm: 1.732051
2026-05-01 20:51:48 | INFO |   effective_rank: 3.000000
2026-05-01 20:51:48 | INFO | Field and interaction diagnostics:
2026-05-01 20:51:48 | INFO |   field_rmse: 0.065631
2026-05-01 20:51:48 | INFO |   interaction_fro_error: 0.390546
2026-05-01 20:51:48 | INFO |   estimated_field_max_abs_entry: 0.362028
2026-05-01 20:51:48 | INFO |   estimated_field_rank: 3.000000
2026-05-01 20:51:48 | INFO |   true_field_max_abs_entry: 0.000000
2026-05-01 20:51:48 | INFO |   true_field_rank: 0.000000
2026-05-01 20:51:48 | INFO | Saved summary table to /orcd/home/002/phevosp/MPLE-Causal-Inference/experiments/SyntheticHybridExperimentsFinal/base/cv_runs/alternating_uv_grid/candidates/alternating_uv_grid_candidate_0008/fold_2/mple_summary.csv
2026-05-01 20:51:48 | INFO | Log saved to /orcd/home/002/phevosp/MPLE-Causal-Inference/experiments/SyntheticHybridExperimentsFinal/base/cv_runs/alternating_uv_grid/candidates/alternating_uv_grid_candidate_0008/fold_2/mple.log
