2026-07-26 06:18:54 | INFO | Loading data...
2026-07-26 06:18:54 | INFO | Using panel artifact: /orcd/home/002/phevosp/MPLE-Causal-Inference/experiments/SyntheticNoInterference/synth_no_interference/panel_data.npz
2026-07-26 06:18:54 | INFO | Using x_0 artifact: /orcd/home/002/phevosp/MPLE-Causal-Inference/experiments/SyntheticNoInterference/synth_no_interference/x_0.npy
2026-07-26 06:18:54 | INFO | Using fit config: /orcd/home/002/phevosp/MPLE-Causal-Inference/experiments/SyntheticNoInterference/synth_no_interference/cv_runs_baselines/treatment_split/candidates/treatment_split_candidate_0015/fold_7/fit_realized_config.yaml
2026-07-26 06:18:54 | INFO | Using model artifact directory: /orcd/home/002/phevosp/MPLE-Causal-Inference/experiments/SyntheticNoInterference/synth_no_interference
2026-07-26 06:18:54 | INFO | Using truth artifact directory: /orcd/home/002/phevosp/MPLE-Causal-Inference/experiments/SyntheticNoInterference/synth_no_interference
2026-07-26 06:18:54 | INFO | Using loss mask artifact: /orcd/home/002/phevosp/MPLE-Causal-Inference/experiments/SyntheticNoInterference/synth_no_interference/cv_runs_baselines/treatment_split/candidates/treatment_split_candidate_0015/fold_7/loss_mask.npy
2026-07-26 06:18:54 | INFO | Configured optimizer mode: alternating_treatment_split_latent_rank
2026-07-26 06:18:54 | INFO | Configured latent rank: 5
2026-07-26 06:18:54 | INFO | Using a fixed known graph with scalar xi.
2026-07-26 06:18:54 | INFO | Fit-time hard bounds active: False
2026-07-26 06:18:54 | INFO | Fixed scalar parameters: {'beta': 0.0, 'xi': 0.0, 'eta': 0.0}
2026-07-26 06:18:54 | INFO | Warm-start fixed scalars: {} for 0 steps
2026-07-26 06:18:54 | INFO | Beta-gradient mask before s: False with s=0
2026-07-26 06:18:54 | INFO | Beta-gradient mask after e: False with e=11
2026-07-26 06:18:54 | INFO | Alternating V-column L2-ball constraint active with radius 1.0
2026-07-26 06:18:54 | INFO | Optimizer settings: steps=2000, tol=1e-07, n_starts=1, seed=0, lambda_nuclear=0.0, lambda_frobenius=0.0, lambda_uv_ridge=0.01, v_column_l2_max=1.0, proximal_lr=1.0
2026-07-26 06:18:54 | INFO | Treatment-split alternating low-rank start 1/1 | seed=0 | initial_loss=0.693170 | initial_penalized=0.693180
2026-07-26 06:18:54 | INFO | Treatment-split alternating low-rank iter 0 | Loss: 0.675063 | Penalized: 0.675105
2026-07-26 06:18:57 | INFO | Treatment-split alternating low-rank iter 100 | Loss: 0.368939 | Penalized: 0.404073
2026-07-26 06:18:58 | INFO | Treatment-split alternating low-rank iter 200 | Loss: 0.368334 | Penalized: 0.403572
2026-07-26 06:19:00 | INFO | Treatment-split alternating low-rank iter 300 | Loss: 0.368180 | Penalized: 0.403424
2026-07-26 06:19:02 | INFO | Treatment-split alternating low-rank iter 400 | Loss: 0.368041 | Penalized: 0.403297
2026-07-26 06:19:03 | INFO | Done fitting.
2026-07-26 06:19:03 | INFO | Optimizer status: CONVERGED: alternating treatment objective tolerance reached
2026-07-26 06:19:03 | INFO | Best optimizer start: 1 / 1
2026-07-26 06:19:03 | INFO | Final Loss: 0.367910
2026-07-26 06:19:03 | INFO | Estimated vs True Parameters:
2026-07-26 06:19:03 | INFO |   beta: 0.0000 (True: -0.3000) | SQE: 0.090000
2026-07-26 06:19:03 | INFO |   xi: 0.0000 (True: 0.0000) | SQE: 0.000000
2026-07-26 06:19:03 | INFO |   eta: 0.0000 (True: 0.3000) | SQE: 0.090000
2026-07-26 06:19:03 | INFO | Treatment-split alternating low-rank optimizer diagnostics:
2026-07-26 06:19:03 | INFO |   penalized_objective: 0.403187
2026-07-26 06:19:03 | INFO |   mple_loss_without_penalty: 0.367910
2026-07-26 06:19:03 | INFO |   lambda_uv_ridge: 0.010000
2026-07-26 06:19:03 | INFO |   u_frobenius_norm: 3.162278
2026-07-26 06:19:03 | INFO |   v_frobenius_norm: 230.210514
2026-07-26 06:19:03 | INFO |   effective_rank: 50.000000
2026-07-26 06:19:03 | INFO | Field and interaction diagnostics:
2026-07-26 06:19:03 | INFO |   field_rmse: 0.939632
2026-07-26 06:19:03 | INFO |   interaction_fro_error: 0.000000
2026-07-26 06:19:03 | INFO |   estimated_field_max_abs_entry: 3.836157
2026-07-26 06:19:03 | INFO |   estimated_field_rank: 50.000000
2026-07-26 06:19:03 | INFO |   true_field_max_abs_entry: 4.447602
2026-07-26 06:19:03 | INFO |   true_field_rank: 3.000000
2026-07-26 06:19:03 | INFO | Saved summary table to /orcd/home/002/phevosp/MPLE-Causal-Inference/experiments/SyntheticNoInterference/synth_no_interference/cv_runs_baselines/treatment_split/candidates/treatment_split_candidate_0015/fold_7/mple_summary.csv
2026-07-26 06:19:03 | INFO | Log saved to /orcd/home/002/phevosp/MPLE-Causal-Inference/experiments/SyntheticNoInterference/synth_no_interference/cv_runs_baselines/treatment_split/candidates/treatment_split_candidate_0015/fold_7/mple.log
