2026-04-07 13:23:47 | INFO | Loading data...
2026-04-07 13:23:47 | INFO | Loaded 6 field templates and 1 interaction templates.
2026-04-07 13:23:47 | INFO | Intervention-process model enabled: True
2026-04-07 13:23:47 | INFO | Tau zero-mean enabled: True
2026-04-07 13:23:47 | INFO | Tau smoothness lambda: 0.000000
2026-04-07 13:23:47 | INFO | Running conditional-model MPLE on x with shape=(66, 3203)
2026-04-07 13:23:47 | INFO | Eval 0  |  Loss: 0.680166
2026-04-07 13:23:47 | INFO |   field::log_population: +0.0126,  field::median_household_income: -0.0132,  field::poverty_rate: +0.0640,  field::pct_black: +0.0105,  field::pct_hispanic: -0.0536,  field::pct_in_labor_force: +0.0362,  tau block: mean=+0.0000, std=0.0971, min=-0.2414, max=+0.1872,  beta: +0.1004,  interaction::contiguity: -0.0618,  eta: +0.1822,  zeta: -0.1320,  psi: -0.0662
2026-04-07 13:23:51 | INFO | Done fitting.
2026-04-07 13:23:51 | INFO | Optimizer status: CONVERGENCE: RELATIVE REDUCTION OF F <= FACTR*EPSMCH
2026-04-07 13:23:51 | INFO | Final Loss: 0.169338
2026-04-07 13:23:51 | INFO | Estimated Parameters:
2026-04-07 13:23:51 | INFO |   field::log_population: 0.2988
2026-04-07 13:23:51 | INFO |   field::median_household_income: -0.1380
2026-04-07 13:23:51 | INFO |   field::poverty_rate: 0.0329
2026-04-07 13:23:51 | INFO |   field::pct_black: -0.1781
2026-04-07 13:23:51 | INFO |   field::pct_hispanic: -0.0909
2026-04-07 13:23:51 | INFO |   field::pct_in_labor_force: 0.1010
2026-04-07 13:23:51 | INFO |   tau::t_0: -0.2095
2026-04-07 13:23:51 | INFO |   tau::t_1: -0.3225
2026-04-07 13:23:51 | INFO |   tau::t_2: -0.0419
2026-04-07 13:23:51 | INFO |   tau::t_3: -0.2414
2026-04-07 13:23:51 | INFO |   tau::t_4: -0.1087
2026-04-07 13:23:51 | INFO |   tau::t_5: -0.1082
2026-04-07 13:23:51 | INFO |   tau::t_6: -0.0189
2026-04-07 13:23:51 | INFO |   tau::t_7: -0.1099
2026-04-07 13:23:51 | INFO |   tau::t_8: 0.0238
2026-04-07 13:23:51 | INFO |   tau::t_9: -0.0522
2026-04-07 13:23:51 | INFO |   tau::t_10: -0.1493
2026-04-07 13:23:51 | INFO |   tau::t_11: -0.1083
2026-04-07 13:23:51 | INFO |   tau::t_12: -0.2023
2026-04-07 13:23:51 | INFO |   tau::t_13: -0.2716
2026-04-07 13:23:51 | INFO |   tau::t_14: -0.3059
2026-04-07 13:23:51 | INFO |   tau::t_15: -0.2698
2026-04-07 13:23:51 | INFO |   tau::t_16: -0.5119
2026-04-07 13:23:51 | INFO |   tau::t_17: -0.2925
2026-04-07 13:23:51 | INFO |   tau::t_18: -0.5094
2026-04-07 13:23:51 | INFO |   tau::t_19: -0.4508
2026-04-07 13:23:51 | INFO |   tau::t_20: -0.3789
2026-04-07 13:23:51 | INFO |   tau::t_21: -0.1447
2026-04-07 13:23:51 | INFO |   tau::t_22: -0.0195
2026-04-07 13:23:51 | INFO |   tau::t_23: 0.1478
2026-04-07 13:23:51 | INFO |   tau::t_24: 0.2059
2026-04-07 13:23:51 | INFO |   tau::t_25: 0.2424
2026-04-07 13:23:51 | INFO |   tau::t_26: 0.2864
2026-04-07 13:23:51 | INFO |   tau::t_27: 0.1889
2026-04-07 13:23:51 | INFO |   tau::t_28: 0.2671
2026-04-07 13:23:51 | INFO |   tau::t_29: 0.2384
2026-04-07 13:23:51 | INFO |   tau::t_30: 0.1391
2026-04-07 13:23:51 | INFO |   tau::t_31: 0.2719
2026-04-07 13:23:51 | INFO |   tau::t_32: 0.2237
2026-04-07 13:23:51 | INFO |   tau::t_33: 0.0716
2026-04-07 13:23:51 | INFO |   tau::t_34: -0.0231
2026-04-07 13:23:51 | INFO |   tau::t_35: -0.1336
2026-04-07 13:23:51 | INFO |   tau::t_36: -0.0889
2026-04-07 13:23:51 | INFO |   tau::t_37: -0.1250
2026-04-07 13:23:51 | INFO |   tau::t_38: -0.0789
2026-04-07 13:23:51 | INFO |   tau::t_39: 0.0068
2026-04-07 13:23:51 | INFO |   tau::t_40: 0.0462
2026-04-07 13:23:51 | INFO |   tau::t_41: -0.2760
2026-04-07 13:23:51 | INFO |   tau::t_42: 0.3780
2026-04-07 13:23:51 | INFO |   tau::t_43: 0.0507
2026-04-07 13:23:51 | INFO |   tau::t_44: 0.0309
2026-04-07 13:23:51 | INFO |   tau::t_45: 0.0647
2026-04-07 13:23:51 | INFO |   tau::t_46: 0.4848
2026-04-07 13:23:51 | INFO |   tau::t_47: 0.7628
2026-04-07 13:23:51 | INFO |   tau::t_48: 0.6975
2026-04-07 13:23:51 | INFO |   tau::t_49: 0.8335
2026-04-07 13:23:51 | INFO |   tau::t_50: 0.8166
2026-04-07 13:23:51 | INFO |   tau::t_51: 0.6424
2026-04-07 13:23:51 | INFO |   tau::t_52: 0.2216
2026-04-07 13:23:51 | INFO |   tau::t_53: -0.1177
2026-04-07 13:23:51 | INFO |   tau::t_54: -0.3567
2026-04-07 13:23:51 | INFO |   tau::t_55: -0.2989
2026-04-07 13:23:51 | INFO |   tau::t_56: -0.2793
2026-04-07 13:23:51 | INFO |   tau::t_57: -0.2142
2026-04-07 13:23:51 | INFO |   tau::t_58: -0.1923
2026-04-07 13:23:51 | INFO |   tau::t_59: -0.2444
2026-04-07 13:23:51 | INFO |   tau::t_60: -0.1376
2026-04-07 13:23:51 | INFO |   tau::t_61: -0.1656
2026-04-07 13:23:51 | INFO |   tau::t_62: 0.0568
2026-04-07 13:23:51 | INFO |   tau::t_63: -0.0116
2026-04-07 13:23:51 | INFO |   tau::t_64: 0.0766
2026-04-07 13:23:51 | INFO |   tau::t_65: 0.0949
2026-04-07 13:23:51 | INFO |   beta: -0.0457
2026-04-07 13:23:51 | INFO |   interaction::contiguity: 2.4808
2026-04-07 13:23:51 | INFO |   eta: 0.5109
2026-04-07 13:23:51 | INFO |   zeta: 0.1568
2026-04-07 13:23:51 | INFO |   psi: 2.3635
2026-04-07 13:23:51 | INFO | Saved summary tables to C:\Users\phevo\Documents\MIT\Code\MPLE-Causal-Inference\experiments\USCountyVaccination_US\USCountyVaccination_US_tau_zero_mean\outcome_case_rate_100k_ge_100__intervention_complete_cov_ge_50__lag_4w__contiguity\mple_summary.csv and C:\Users\phevo\Documents\MIT\Code\MPLE-Causal-Inference\experiments\USCountyVaccination_US\USCountyVaccination_US_tau_zero_mean\outcome_case_rate_100k_ge_100__intervention_complete_cov_ge_50__lag_4w__contiguity\mple_summary.md
2026-04-07 13:23:51 | INFO | Log saved to C:\Users\phevo\Documents\MIT\Code\MPLE-Causal-Inference\experiments\USCountyVaccination_US\USCountyVaccination_US_tau_zero_mean\outcome_case_rate_100k_ge_100__intervention_complete_cov_ge_50__lag_4w__contiguity\mple.log
