2026-04-01 10:21:49 | INFO | Loading data...
2026-04-01 10:21:49 | INFO | Loaded 1 field templates and 1 interaction templates.
2026-04-01 10:21:49 | INFO | Running conditional-model MPLE on x with shape=(10, 5000)
2026-04-01 10:21:49 | INFO | Eval 0  |  Loss: 0.686832
2026-04-01 10:21:49 | INFO |   field::intercept: +0.0126,  beta: -0.0132,  interaction::adjacency: +0.0640,  eta: +0.0105,  zeta: -0.0536,  psi: +0.0362
2026-04-01 10:21:49 | INFO | Done fitting.
2026-04-01 10:21:49 | INFO | Optimizer status: CONVERGENCE: RELATIVE REDUCTION OF F <= FACTR*EPSMCH
2026-04-01 10:21:49 | INFO | Final Loss: 0.675862
2026-04-01 10:21:49 | INFO | Estimated vs True Parameters:
2026-04-01 10:21:49 | INFO |   field::intercept: 0.1838 (True: 0.1800)
2026-04-01 10:21:49 | INFO |   field::intercept SQE: 0.000015
2026-04-01 10:21:49 | INFO |   beta: 0.1303 (True: 0.1200)
2026-04-01 10:21:49 | INFO |   beta SQE: 0.000107
2026-04-01 10:21:49 | INFO |   interaction::adjacency: 0.1438 (True: 0.1500)
2026-04-01 10:21:49 | INFO |   interaction::adjacency SQE: 0.000039
2026-04-01 10:21:49 | INFO |   eta: 0.0139 (True: 0.0100)
2026-04-01 10:21:49 | INFO |   eta SQE: 0.000015
2026-04-01 10:21:49 | INFO |   zeta: -0.1473 (True: -0.1500)
2026-04-01 10:21:49 | INFO |   zeta SQE: 0.000007
2026-04-01 10:21:49 | INFO |   psi: 0.0573 (True: 0.0500)
2026-04-01 10:21:49 | INFO |   psi SQE: 0.000053
2026-04-01 10:21:50 | INFO | Saved summary tables to C:\Users\phevo\Documents\MIT\Code\MPLE-Causal-Inference\experiments\n5000_t10_high_temp_fro_large_uniform_known_graph_20260401_000359\mple_summary.csv and C:\Users\phevo\Documents\MIT\Code\MPLE-Causal-Inference\experiments\n5000_t10_high_temp_fro_large_uniform_known_graph_20260401_000359\mple_summary.md
2026-04-01 10:21:50 | INFO | Log saved to C:\Users\phevo\Documents\MIT\Code\MPLE-Causal-Inference\experiments\n5000_t10_high_temp_fro_large_uniform_known_graph_20260401_000359\mple.log
