2026-04-01 10:22:44 | INFO | Loading data...
2026-04-01 10:22:45 | INFO | Loaded 1 field templates and 1 interaction templates.
2026-04-01 10:22:45 | INFO | Running conditional-model MPLE on x with shape=(10, 5000)
2026-04-01 10:22:45 | INFO | Eval 0  |  Loss: 0.672385
2026-04-01 10:22:45 | INFO |   field::intercept: +0.0126,  beta: -0.0132,  interaction::adjacency: +0.0640,  eta: +0.0105,  zeta: -0.0536,  psi: +0.0362
2026-04-01 10:22:45 | INFO | Done fitting.
2026-04-01 10:22:45 | INFO | Optimizer status: CONVERGENCE: RELATIVE REDUCTION OF F <= FACTR*EPSMCH
2026-04-01 10:22:45 | INFO | Final Loss: 0.573927
2026-04-01 10:22:45 | INFO | Estimated vs True Parameters:
2026-04-01 10:22:45 | INFO |   field::intercept: 0.5037 (True: 0.5000)
2026-04-01 10:22:45 | INFO |   field::intercept SQE: 0.000014
2026-04-01 10:22:45 | INFO |   beta: 0.4088 (True: 0.4000)
2026-04-01 10:22:45 | INFO |   beta SQE: 0.000078
2026-04-01 10:22:45 | INFO |   interaction::adjacency: 0.5252 (True: 0.5000)
2026-04-01 10:22:45 | INFO |   interaction::adjacency SQE: 0.000636
2026-04-01 10:22:45 | INFO |   eta: 0.1044 (True: 0.1000)
2026-04-01 10:22:45 | INFO |   eta SQE: 0.000019
2026-04-01 10:22:45 | INFO |   zeta: -0.5022 (True: -0.5000)
2026-04-01 10:22:45 | INFO |   zeta SQE: 0.000005
2026-04-01 10:22:45 | INFO |   psi: 0.4130 (True: 0.4000)
2026-04-01 10:22:45 | INFO |   psi SQE: 0.000170
2026-04-01 10:22:46 | INFO | Saved summary tables to C:\Users\phevo\Documents\MIT\Code\MPLE-Causal-Inference\experiments\n5000_t10_baseline_temp_fro_medium_uniform_known_graph_20260401_001542\mple_summary.csv and C:\Users\phevo\Documents\MIT\Code\MPLE-Causal-Inference\experiments\n5000_t10_baseline_temp_fro_medium_uniform_known_graph_20260401_001542\mple_summary.md
2026-04-01 10:22:46 | INFO | Log saved to C:\Users\phevo\Documents\MIT\Code\MPLE-Causal-Inference\experiments\n5000_t10_baseline_temp_fro_medium_uniform_known_graph_20260401_001542\mple.log
