2026-04-08 11:58:18 | INFO | Loading data...
2026-04-08 11:58:18 | INFO | Loaded 6 field templates and 1 interaction templates.
2026-04-08 11:58:18 | INFO | Intervention-process model enabled: True
2026-04-08 11:58:18 | INFO | Tau zero-mean enabled: False
2026-04-08 11:58:18 | INFO | Tau smoothness lambda: 0.000000
2026-04-08 11:58:18 | INFO | Running conditional-model MPLE on x with shape=(68, 3203)
2026-04-08 11:58:18 | INFO | Eval 0  |  Loss: 0.731777
2026-04-08 11:58:18 | INFO |   field::population_density: +0.0126,  field::senior_population: -0.0132,  field::college_education: +0.0640,  field::poverty_rate: +0.0105,  field::log_population: -0.0536,  field::median_household_income: +0.0362,  tau block: mean=+0.0092, std=0.0967, min=-0.2325, max=+0.1960,  beta: +0.1822,  interaction::contiguity: -0.1320,  eta: -0.0662,  zeta: +0.0935,  psi: +0.0049
2026-04-08 11:58:23 | INFO | Done fitting.
2026-04-08 11:58:23 | INFO | Optimizer status: CONVERGENCE: RELATIVE REDUCTION OF F <= FACTR*EPSMCH
2026-04-08 11:58:23 | INFO | Final Loss: 0.177866
2026-04-08 11:58:23 | INFO | Estimated Parameters:
2026-04-08 11:58:23 | INFO |   field::population_density: -0.3223
2026-04-08 11:58:23 | INFO |   field::senior_population: -0.2987
2026-04-08 11:58:23 | INFO |   field::college_education: -0.0093
2026-04-08 11:58:23 | INFO |   field::poverty_rate: -0.2957
2026-04-08 11:58:23 | INFO |   field::log_population: 0.2692
2026-04-08 11:58:23 | INFO |   field::median_household_income: -0.2405
2026-04-08 11:58:23 | INFO |   tau::t_0: 0.0595
2026-04-08 11:58:23 | INFO |   tau::t_1: -0.0114
2026-04-08 11:58:23 | INFO |   tau::t_2: -0.1134
2026-04-08 11:58:23 | INFO |   tau::t_3: -0.2423
2026-04-08 11:58:23 | INFO |   tau::t_4: 0.0390
2026-04-08 11:58:23 | INFO |   tau::t_5: -0.1613
2026-04-08 11:58:23 | INFO |   tau::t_6: -0.0295
2026-04-08 11:58:23 | INFO |   tau::t_7: -0.0242
2026-04-08 11:58:23 | INFO |   tau::t_8: 0.0642
2026-04-08 11:58:23 | INFO |   tau::t_9: -0.0198
2026-04-08 11:58:23 | INFO |   tau::t_10: 0.1105
2026-04-08 11:58:23 | INFO |   tau::t_11: 0.0366
2026-04-08 11:58:23 | INFO |   tau::t_12: -0.0596
2026-04-08 11:58:23 | INFO |   tau::t_13: -0.0188
2026-04-08 11:58:23 | INFO |   tau::t_14: -0.1070
2026-04-08 11:58:23 | INFO |   tau::t_15: -0.1735
2026-04-08 11:58:23 | INFO |   tau::t_16: -0.2003
2026-04-08 11:58:23 | INFO |   tau::t_17: -0.1565
2026-04-08 11:58:23 | INFO |   tau::t_18: -0.3580
2026-04-08 11:58:23 | INFO |   tau::t_19: -0.1672
2026-04-08 11:58:23 | INFO |   tau::t_20: -0.3500
2026-04-08 11:58:23 | INFO |   tau::t_21: -0.2936
2026-04-08 11:58:23 | INFO |   tau::t_22: -0.2394
2026-04-08 11:58:23 | INFO |   tau::t_23: -0.0459
2026-04-08 11:58:23 | INFO |   tau::t_24: 0.0619
2026-04-08 11:58:23 | INFO |   tau::t_25: 0.2168
2026-04-08 11:58:23 | INFO |   tau::t_26: 0.2809
2026-04-08 11:58:23 | INFO |   tau::t_27: 0.3230
2026-04-08 11:58:23 | INFO |   tau::t_28: 0.3791
2026-04-08 11:58:23 | INFO |   tau::t_29: 0.2967
2026-04-08 11:58:23 | INFO |   tau::t_30: 0.3998
2026-04-08 11:58:23 | INFO |   tau::t_31: 0.3882
2026-04-08 11:58:23 | INFO |   tau::t_32: 0.2733
2026-04-08 11:58:23 | INFO |   tau::t_33: 0.4315
2026-04-08 11:58:23 | INFO |   tau::t_34: 0.3764
2026-04-08 11:58:23 | INFO |   tau::t_35: 0.1904
2026-04-08 11:58:23 | INFO |   tau::t_36: 0.0721
2026-04-08 11:58:23 | INFO |   tau::t_37: -0.0611
2026-04-08 11:58:23 | INFO |   tau::t_38: -0.0189
2026-04-08 11:58:23 | INFO |   tau::t_39: -0.0581
2026-04-08 11:58:23 | INFO |   tau::t_40: -0.0138
2026-04-08 11:58:23 | INFO |   tau::t_41: 0.0739
2026-04-08 11:58:23 | INFO |   tau::t_42: 0.1140
2026-04-08 11:58:23 | INFO |   tau::t_43: -0.2092
2026-04-08 11:58:23 | INFO |   tau::t_44: 0.4341
2026-04-08 11:58:23 | INFO |   tau::t_45: 0.1164
2026-04-08 11:58:23 | INFO |   tau::t_46: 0.0908
2026-04-08 11:58:23 | INFO |   tau::t_47: 0.1240
2026-04-08 11:58:23 | INFO |   tau::t_48: 0.5894
2026-04-08 11:58:23 | INFO |   tau::t_49: 1.1258
2026-04-08 11:58:23 | INFO |   tau::t_50: 1.1813
2026-04-08 11:58:23 | INFO |   tau::t_51: 1.8766
2026-04-08 11:58:23 | INFO |   tau::t_52: 1.8624
2026-04-08 11:58:23 | INFO |   tau::t_53: 1.0782
2026-04-08 11:58:23 | INFO |   tau::t_54: 0.3655
2026-04-08 11:58:23 | INFO |   tau::t_55: -0.0551
2026-04-08 11:58:23 | INFO |   tau::t_56: -0.3257
2026-04-08 11:58:23 | INFO |   tau::t_57: -0.2649
2026-04-08 11:58:23 | INFO |   tau::t_58: -0.2382
2026-04-08 11:58:23 | INFO |   tau::t_59: -0.1680
2026-04-08 11:58:23 | INFO |   tau::t_60: -0.1393
2026-04-08 11:58:23 | INFO |   tau::t_61: -0.1841
2026-04-08 11:58:23 | INFO |   tau::t_62: -0.0837
2026-04-08 11:58:23 | INFO |   tau::t_63: -0.1047
2026-04-08 11:58:23 | INFO |   tau::t_64: 0.0954
2026-04-08 11:58:23 | INFO |   tau::t_65: 0.0259
2026-04-08 11:58:23 | INFO |   tau::t_66: 0.1101
2026-04-08 11:58:23 | INFO |   tau::t_67: 0.1273
2026-04-08 11:58:23 | INFO |   beta: 0.0047
2026-04-08 11:58:23 | INFO |   interaction::contiguity: 2.4705
2026-04-08 11:58:23 | INFO |   eta: 0.5066
2026-04-08 11:58:23 | INFO |   zeta: 0.1104
2026-04-08 11:58:23 | INFO |   psi: 2.1307
2026-04-08 11:58:23 | INFO | Saved summary tables to C:\Users\phevo\Documents\MIT\Code\MPLE-Causal-Inference\experiments\USCountyVaccination_US_features_new\outcome_case_rate_100k_ge_100__intervention_complete_cov_ge_40__lag_2w__contiguity\mple_summary.csv and C:\Users\phevo\Documents\MIT\Code\MPLE-Causal-Inference\experiments\USCountyVaccination_US_features_new\outcome_case_rate_100k_ge_100__intervention_complete_cov_ge_40__lag_2w__contiguity\mple_summary.md
2026-04-08 11:58:23 | INFO | Log saved to C:\Users\phevo\Documents\MIT\Code\MPLE-Causal-Inference\experiments\USCountyVaccination_US_features_new\outcome_case_rate_100k_ge_100__intervention_complete_cov_ge_40__lag_2w__contiguity\mple.log
