2026-04-07 11:35:36 | INFO | Loading data...
2026-04-07 11:35:36 | INFO | Loaded 6 field templates and 1 interaction templates.
2026-04-07 11:35:36 | INFO | Intervention-process model enabled: True
2026-04-07 11:35:36 | INFO | Tau zero-mean enabled: False
2026-04-07 11:35:36 | INFO | Tau smoothness lambda: 0.000000
2026-04-07 11:35:36 | INFO | Running conditional-model MPLE on x with shape=(69, 3203)
2026-04-07 11:35:36 | INFO | Eval 0  |  Loss: 0.593147
2026-04-07 11:35:36 | INFO |   field::log_population: +0.0126,  field::median_household_income: -0.0132,  field::poverty_rate: +0.0640,  field::pct_black: +0.0105,  field::pct_hispanic: -0.0536,  field::pct_in_labor_force: +0.0362,  tau block: mean=+0.0117, std=0.0982, min=-0.2325, max=+0.1960,  beta: -0.1320,  interaction::contiguity: -0.0662,  eta: +0.0935,  zeta: +0.0049,  psi: +0.2002
2026-04-07 11:35:42 | INFO | Done fitting.
2026-04-07 11:35:42 | INFO | Optimizer status: CONVERGENCE: RELATIVE REDUCTION OF F <= FACTR*EPSMCH
2026-04-07 11:35:42 | INFO | Final Loss: 0.177481
2026-04-07 11:35:42 | INFO | Estimated Parameters:
2026-04-07 11:35:42 | INFO |   field::log_population: 0.3387
2026-04-07 11:35:42 | INFO |   field::median_household_income: -0.2106
2026-04-07 11:35:42 | INFO |   field::poverty_rate: -0.0074
2026-04-07 11:35:42 | INFO |   field::pct_black: -0.1605
2026-04-07 11:35:42 | INFO |   field::pct_hispanic: -0.1365
2026-04-07 11:35:42 | INFO |   field::pct_in_labor_force: 0.1094
2026-04-07 11:35:42 | INFO |   tau::t_0: 0.1119
2026-04-07 11:35:42 | INFO |   tau::t_1: 0.0170
2026-04-07 11:35:42 | INFO |   tau::t_2: -0.0518
2026-04-07 11:35:42 | INFO |   tau::t_3: -0.1540
2026-04-07 11:35:42 | INFO |   tau::t_4: -0.2797
2026-04-07 11:35:42 | INFO |   tau::t_5: 0.0005
2026-04-07 11:35:42 | INFO |   tau::t_6: -0.2003
2026-04-07 11:35:42 | INFO |   tau::t_7: -0.0693
2026-04-07 11:35:42 | INFO |   tau::t_8: -0.0658
2026-04-07 11:35:42 | INFO |   tau::t_9: 0.0236
2026-04-07 11:35:42 | INFO |   tau::t_10: -0.0613
2026-04-07 11:35:42 | INFO |   tau::t_11: 0.0717
2026-04-07 11:35:42 | INFO |   tau::t_12: 0.0016
2026-04-07 11:35:42 | INFO |   tau::t_13: -0.0908
2026-04-07 11:35:42 | INFO |   tau::t_14: -0.0445
2026-04-07 11:35:42 | INFO |   tau::t_15: -0.1291
2026-04-07 11:35:42 | INFO |   tau::t_16: -0.1905
2026-04-07 11:35:42 | INFO |   tau::t_17: -0.2128
2026-04-07 11:35:42 | INFO |   tau::t_18: -0.1681
2026-04-07 11:35:42 | INFO |   tau::t_19: -0.3667
2026-04-07 11:35:42 | INFO |   tau::t_20: -0.1741
2026-04-07 11:35:42 | INFO |   tau::t_21: -0.3558
2026-04-07 11:35:42 | INFO |   tau::t_22: -0.2985
2026-04-07 11:35:42 | INFO |   tau::t_23: -0.2409
2026-04-07 11:35:42 | INFO |   tau::t_24: -0.0446
2026-04-07 11:35:42 | INFO |   tau::t_25: 0.0663
2026-04-07 11:35:42 | INFO |   tau::t_26: 0.2251
2026-04-07 11:35:42 | INFO |   tau::t_27: 0.2882
2026-04-07 11:35:42 | INFO |   tau::t_28: 0.3301
2026-04-07 11:35:42 | INFO |   tau::t_29: 0.3886
2026-04-07 11:35:42 | INFO |   tau::t_30: 0.3062
2026-04-07 11:35:42 | INFO |   tau::t_31: 0.4124
2026-04-07 11:35:42 | INFO |   tau::t_32: 0.4005
2026-04-07 11:35:42 | INFO |   tau::t_33: 0.2874
2026-04-07 11:35:42 | INFO |   tau::t_34: 0.4461
2026-04-07 11:35:42 | INFO |   tau::t_35: 0.3933
2026-04-07 11:35:42 | INFO |   tau::t_36: 0.2148
2026-04-07 11:35:42 | INFO |   tau::t_37: 0.1005
2026-04-07 11:35:42 | INFO |   tau::t_38: -0.0335
2026-04-07 11:35:42 | INFO |   tau::t_39: 0.0083
2026-04-07 11:35:42 | INFO |   tau::t_40: -0.0231
2026-04-07 11:35:42 | INFO |   tau::t_41: 0.0213
2026-04-07 11:35:42 | INFO |   tau::t_42: 0.1097
2026-04-07 11:35:42 | INFO |   tau::t_43: 0.1523
2026-04-07 11:35:42 | INFO |   tau::t_44: -0.1801
2026-04-07 11:35:42 | INFO |   tau::t_45: 0.4778
2026-04-07 11:35:42 | INFO |   tau::t_46: 0.1587
2026-04-07 11:35:42 | INFO |   tau::t_47: 0.1312
2026-04-07 11:35:42 | INFO |   tau::t_48: 0.1630
2026-04-07 11:35:42 | INFO |   tau::t_49: 0.6338
2026-04-07 11:35:42 | INFO |   tau::t_50: 1.1594
2026-04-07 11:35:42 | INFO |   tau::t_51: 1.2216
2026-04-07 11:35:42 | INFO |   tau::t_52: 1.9213
2026-04-07 11:35:42 | INFO |   tau::t_53: 1.8988
2026-04-07 11:35:42 | INFO |   tau::t_54: 1.1254
2026-04-07 11:35:42 | INFO |   tau::t_55: 0.4044
2026-04-07 11:35:42 | INFO |   tau::t_56: -0.0153
2026-04-07 11:35:42 | INFO |   tau::t_57: -0.2868
2026-04-07 11:35:42 | INFO |   tau::t_58: -0.2310
2026-04-07 11:35:42 | INFO |   tau::t_59: -0.2042
2026-04-07 11:35:42 | INFO |   tau::t_60: -0.1324
2026-04-07 11:35:42 | INFO |   tau::t_61: -0.1034
2026-04-07 11:35:42 | INFO |   tau::t_62: -0.1492
2026-04-07 11:35:42 | INFO |   tau::t_63: -0.0496
2026-04-07 11:35:42 | INFO |   tau::t_64: -0.0716
2026-04-07 11:35:42 | INFO |   tau::t_65: 0.1294
2026-04-07 11:35:42 | INFO |   tau::t_66: 0.0588
2026-04-07 11:35:42 | INFO |   tau::t_67: 0.1434
2026-04-07 11:35:42 | INFO |   tau::t_68: 0.1621
2026-04-07 11:35:42 | INFO |   beta: -0.0350
2026-04-07 11:35:42 | INFO |   interaction::contiguity: 2.4592
2026-04-07 11:35:42 | INFO |   eta: 0.5066
2026-04-07 11:35:42 | INFO |   zeta: 0.0712
2026-04-07 11:35:42 | INFO |   psi: 2.0854
2026-04-07 11:35:42 | INFO | Saved summary tables to C:\Users\phevo\Documents\MIT\Code\MPLE-Causal-Inference\experiments\USCountyVaccination_US_tau_unrestricted\outcome_case_rate_100k_ge_100__intervention_complete_cov_ge_30__lag_1w__contiguity\mple_summary.csv and C:\Users\phevo\Documents\MIT\Code\MPLE-Causal-Inference\experiments\USCountyVaccination_US_tau_unrestricted\outcome_case_rate_100k_ge_100__intervention_complete_cov_ge_30__lag_1w__contiguity\mple_summary.md
2026-04-07 11:35:42 | INFO | Log saved to C:\Users\phevo\Documents\MIT\Code\MPLE-Causal-Inference\experiments\USCountyVaccination_US_tau_unrestricted\outcome_case_rate_100k_ge_100__intervention_complete_cov_ge_30__lag_1w__contiguity\mple.log
