2026-05-02 12:19:27 | INFO | Loading data...
2026-05-02 12:19:27 | INFO | Using panel artifact: /orcd/home/002/phevosp/MPLE-Causal-Inference/experiments/Synthetic/spectral_low_rank/panel_data.npz
2026-05-02 12:19:27 | INFO | Using x_0 artifact: /orcd/home/002/phevosp/MPLE-Causal-Inference/experiments/Synthetic/spectral_low_rank/x_0.npy
2026-05-02 12:19:27 | INFO | Using fit config: /orcd/home/002/phevosp/MPLE-Causal-Inference/experiments/Synthetic/spectral_low_rank/cv_runs/alternating_uv_grid/candidates/alternating_uv_grid_candidate_0005/fold_1/fit_realized_config.yaml
2026-05-02 12:19:27 | INFO | Using model artifact directory: /orcd/home/002/phevosp/MPLE-Causal-Inference/experiments/Synthetic/spectral_low_rank
2026-05-02 12:19:27 | INFO | Using truth artifact directory: /orcd/home/002/phevosp/MPLE-Causal-Inference/experiments/Synthetic/spectral_low_rank
2026-05-02 12:19:27 | INFO | Using loss mask artifact: /orcd/home/002/phevosp/MPLE-Causal-Inference/experiments/Synthetic/spectral_low_rank/cv_runs/alternating_uv_grid/candidates/alternating_uv_grid_candidate_0005/fold_1/loss_mask.npy
2026-05-02 12:19:27 | INFO | Configured optimizer mode: alternating_latent_rank
2026-05-02 12:19:27 | INFO | Configured latent rank: 3
2026-05-02 12:19:27 | INFO | Using a fixed known graph with scalar xi.
2026-05-02 12:19:27 | INFO | Fit-time hard bounds active: False
2026-05-02 12:19:27 | INFO | Fixed scalar parameters: {}
2026-05-02 12:19:27 | INFO | Warm-start fixed scalars: {} for 0 steps
2026-05-02 12:19:27 | INFO | Beta mask before s: False with s=0
2026-05-02 12:19:27 | INFO | Beta mask after e: False with e=11
2026-05-02 12:19:27 | INFO | Alternating V-column L2-ball constraint active with radius 1.0
2026-05-02 12:19:27 | INFO | Optimizer settings: steps=2000, tol=1e-07, n_starts=1, seed=0, lambda_nuclear=0.0, lambda_frobenius=0.0, lambda_uv_ridge=0.1, v_column_l2_max=1.0, proximal_lr=1.0
2026-05-02 12:19:27 | INFO | Alternating low-rank start 1/1 | seed=0 | initial_loss=0.832656 | initial_penalized=0.832682
2026-05-02 12:19:27 | INFO | Alternating low-rank iter 0 | Loss: 0.578977 | Penalized: 0.588774
2026-05-02 12:19:28 | INFO | Alternating low-rank iter 100 | Loss: 0.524293 | Penalized: 0.545102
2026-05-02 12:19:29 | INFO | Alternating low-rank iter 200 | Loss: 0.523495 | Penalized: 0.544315
2026-05-02 12:19:29 | INFO | Alternating low-rank iter 300 | Loss: 0.523368 | Penalized: 0.544229
2026-05-02 12:19:30 | INFO | Done fitting.
2026-05-02 12:19:30 | INFO | Optimizer status: CONVERGED: alternating objective tolerance reached
2026-05-02 12:19:30 | INFO | Best optimizer start: 1 / 1
2026-05-02 12:19:30 | INFO | Final Loss: 0.523349
2026-05-02 12:19:30 | INFO | Estimated vs True Parameters:
2026-05-02 12:19:30 | INFO |   beta: -0.3177 (True: -0.3000) | SQE: 0.000314
2026-05-02 12:19:30 | INFO |   xi: 0.7414 (True: 0.8000) | SQE: 0.003430
2026-05-02 12:19:30 | INFO |   eta: 0.3088 (True: 0.3000) | SQE: 0.000077
2026-05-02 12:19:30 | INFO | Alternating low-rank optimizer diagnostics:
2026-05-02 12:19:30 | INFO |   penalized_objective: 0.544220
2026-05-02 12:19:30 | INFO |   mple_loss_without_penalty: 0.523349
2026-05-02 12:19:30 | INFO |   lambda_uv_ridge: 0.100000
2026-05-02 12:19:30 | INFO |   u_frobenius_norm: 59.992611
2026-05-02 12:19:30 | INFO |   v_frobenius_norm: 1.732051
2026-05-02 12:19:30 | INFO |   effective_rank: 3.000000
2026-05-02 12:19:30 | INFO | Field and interaction diagnostics:
2026-05-02 12:19:30 | INFO |   field_rmse: 0.349492
2026-05-02 12:19:30 | INFO |   interaction_fro_error: 0.207489
2026-05-02 12:19:30 | INFO |   estimated_field_max_abs_entry: 1.811695
2026-05-02 12:19:30 | INFO |   estimated_field_rank: 3.000000
2026-05-02 12:19:30 | INFO |   true_field_max_abs_entry: 2.857994
2026-05-02 12:19:30 | INFO |   true_field_rank: 3.000000
2026-05-02 12:19:30 | INFO | Saved summary table to /orcd/home/002/phevosp/MPLE-Causal-Inference/experiments/Synthetic/spectral_low_rank/cv_runs/alternating_uv_grid/candidates/alternating_uv_grid_candidate_0005/fold_1/mple_summary.csv
2026-05-02 12:19:30 | INFO | Log saved to /orcd/home/002/phevosp/MPLE-Causal-Inference/experiments/Synthetic/spectral_low_rank/cv_runs/alternating_uv_grid/candidates/alternating_uv_grid_candidate_0005/fold_1/mple.log
