2026-04-07 13:19:49 | INFO | Loading data...
2026-04-07 13:19:49 | INFO | Loaded 6 field templates and 1 interaction templates.
2026-04-07 13:19:49 | INFO | Intervention-process model enabled: True
2026-04-07 13:19:49 | INFO | Tau zero-mean enabled: False
2026-04-07 13:19:49 | INFO | Tau smoothness lambda: 0.000000
2026-04-07 13:19:49 | INFO | Running conditional-model MPLE on x with shape=(68, 3203)
2026-04-07 13:19:49 | INFO | Eval 0  |  Loss: 0.758396
2026-04-07 13:19:49 | INFO |   field::log_population: +0.0126,  field::median_household_income: -0.0132,  field::poverty_rate: +0.0640,  field::pct_black: +0.0105,  field::pct_hispanic: -0.0536,  field::pct_in_labor_force: +0.0362,  tau block: mean=+0.0092, std=0.0967, min=-0.2325, max=+0.1960,  beta: +0.1822,  interaction::contiguity: -0.1320,  eta: -0.0662,  zeta: +0.0935,  psi: +0.0049
2026-04-07 13:19:54 | INFO | Eval 100  |  Loss: 0.156301
2026-04-07 13:19:54 | INFO |   field::log_population: +0.3164,  field::median_household_income: -0.2669,  field::poverty_rate: -0.0714,  field::pct_black: -0.1517,  field::pct_hispanic: -0.1473,  field::pct_in_labor_force: +0.1022,  tau block: mean=+0.2070, std=0.4295, min=-0.2793, max=+1.9029,  beta: +0.0863,  interaction::contiguity: +2.4530,  eta: +0.5064,  zeta: +0.0987,  psi: +3.1545
2026-04-07 13:19:54 | INFO | Done fitting.
2026-04-07 13:19:54 | INFO | Optimizer status: CONVERGENCE: RELATIVE REDUCTION OF F <= FACTR*EPSMCH
2026-04-07 13:19:54 | INFO | Final Loss: 0.156301
2026-04-07 13:19:54 | INFO | Estimated Parameters:
2026-04-07 13:19:54 | INFO |   field::log_population: 0.3167
2026-04-07 13:19:54 | INFO |   field::median_household_income: -0.2675
2026-04-07 13:19:54 | INFO |   field::poverty_rate: -0.0706
2026-04-07 13:19:54 | INFO |   field::pct_black: -0.1508
2026-04-07 13:19:54 | INFO |   field::pct_hispanic: -0.1480
2026-04-07 13:19:54 | INFO |   field::pct_in_labor_force: 0.1019
2026-04-07 13:19:54 | INFO |   tau::t_0: 0.1386
2026-04-07 13:19:54 | INFO |   tau::t_1: 0.0677
2026-04-07 13:19:54 | INFO |   tau::t_2: -0.0334
2026-04-07 13:19:54 | INFO |   tau::t_3: -0.1594
2026-04-07 13:19:54 | INFO |   tau::t_4: 0.1205
2026-04-07 13:19:54 | INFO |   tau::t_5: -0.0798
2026-04-07 13:19:54 | INFO |   tau::t_6: 0.0506
2026-04-07 13:19:54 | INFO |   tau::t_7: 0.0538
2026-04-07 13:19:54 | INFO |   tau::t_8: 0.1432
2026-04-07 13:19:54 | INFO |   tau::t_9: 0.0577
2026-04-07 13:19:54 | INFO |   tau::t_10: 0.1895
2026-04-07 13:19:54 | INFO |   tau::t_11: 0.1164
2026-04-07 13:19:54 | INFO |   tau::t_12: 0.0200
2026-04-07 13:19:54 | INFO |   tau::t_13: 0.0600
2026-04-07 13:19:54 | INFO |   tau::t_14: -0.0306
2026-04-07 13:19:54 | INFO |   tau::t_15: -0.0973
2026-04-07 13:19:54 | INFO |   tau::t_16: -0.1243
2026-04-07 13:19:54 | INFO |   tau::t_17: -0.0808
2026-04-07 13:19:54 | INFO |   tau::t_18: -0.2787
2026-04-07 13:19:54 | INFO |   tau::t_19: -0.0853
2026-04-07 13:19:54 | INFO |   tau::t_20: -0.2693
2026-04-07 13:19:54 | INFO |   tau::t_21: -0.2150
2026-04-07 13:19:54 | INFO |   tau::t_22: -0.1593
2026-04-07 13:19:54 | INFO |   tau::t_23: 0.0369
2026-04-07 13:19:54 | INFO |   tau::t_24: 0.1484
2026-04-07 13:19:54 | INFO |   tau::t_25: 0.3038
2026-04-07 13:19:54 | INFO |   tau::t_26: 0.3628
2026-04-07 13:19:54 | INFO |   tau::t_27: 0.4025
2026-04-07 13:19:54 | INFO |   tau::t_28: 0.4568
2026-04-07 13:19:54 | INFO |   tau::t_29: 0.3741
2026-04-07 13:19:54 | INFO |   tau::t_30: 0.4795
2026-04-07 13:19:54 | INFO |   tau::t_31: 0.4677
2026-04-07 13:19:54 | INFO |   tau::t_32: 0.3560
2026-04-07 13:19:54 | INFO |   tau::t_33: 0.5109
2026-04-07 13:19:54 | INFO |   tau::t_34: 0.4588
2026-04-07 13:19:54 | INFO |   tau::t_35: 0.2778
2026-04-07 13:19:54 | INFO |   tau::t_36: 0.1608
2026-04-07 13:19:54 | INFO |   tau::t_37: 0.0308
2026-04-07 13:19:54 | INFO |   tau::t_38: 0.0730
2026-04-07 13:19:54 | INFO |   tau::t_39: 0.0319
2026-04-07 13:19:54 | INFO |   tau::t_40: 0.0754
2026-04-07 13:19:54 | INFO |   tau::t_41: 0.1621
2026-04-07 13:19:54 | INFO |   tau::t_42: 0.2046
2026-04-07 13:19:54 | INFO |   tau::t_43: -0.1276
2026-04-07 13:19:54 | INFO |   tau::t_44: 0.5298
2026-04-07 13:19:54 | INFO |   tau::t_45: 0.2099
2026-04-07 13:19:54 | INFO |   tau::t_46: 0.1797
2026-04-07 13:19:54 | INFO |   tau::t_47: 0.2135
2026-04-07 13:19:54 | INFO |   tau::t_48: 0.6826
2026-04-07 13:19:54 | INFO |   tau::t_49: 1.2308
2026-04-07 13:19:54 | INFO |   tau::t_50: 1.2677
2026-04-07 13:19:54 | INFO |   tau::t_51: 1.9261
2026-04-07 13:19:54 | INFO |   tau::t_52: 1.9174
2026-04-07 13:19:54 | INFO |   tau::t_53: 1.1717
2026-04-07 13:19:54 | INFO |   tau::t_54: 0.4393
2026-04-07 13:19:54 | INFO |   tau::t_55: 0.0240
2026-04-07 13:19:54 | INFO |   tau::t_56: -0.2478
2026-04-07 13:19:54 | INFO |   tau::t_57: -0.1905
2026-04-07 13:19:54 | INFO |   tau::t_58: -0.1669
2026-04-07 13:19:54 | INFO |   tau::t_59: -0.0974
2026-04-07 13:19:54 | INFO |   tau::t_60: -0.0703
2026-04-07 13:19:54 | INFO |   tau::t_61: -0.1207
2026-04-07 13:19:54 | INFO |   tau::t_62: -0.0250
2026-04-07 13:19:54 | INFO |   tau::t_63: -0.0421
2026-04-07 13:19:54 | INFO |   tau::t_64: 0.1646
2026-04-07 13:19:54 | INFO |   tau::t_65: 0.0936
2026-04-07 13:19:54 | INFO |   tau::t_66: 0.1792
2026-04-07 13:19:54 | INFO |   tau::t_67: 0.1989
2026-04-07 13:19:54 | INFO |   beta: 0.0857
2026-04-07 13:19:54 | INFO |   interaction::contiguity: 2.4541
2026-04-07 13:19:54 | INFO |   eta: 0.5060
2026-04-07 13:19:54 | INFO |   zeta: 0.0995
2026-04-07 13:19:54 | INFO |   psi: 3.1549
2026-04-07 13:19:54 | INFO | Saved summary tables to C:\Users\phevo\Documents\MIT\Code\MPLE-Causal-Inference\experiments\USCountyVaccination_US\USCountyVaccination_US_tau_unrestricted\outcome_case_rate_100k_ge_100__intervention_complete_cov_ge_70__lag_2w__contiguity\mple_summary.csv and C:\Users\phevo\Documents\MIT\Code\MPLE-Causal-Inference\experiments\USCountyVaccination_US\USCountyVaccination_US_tau_unrestricted\outcome_case_rate_100k_ge_100__intervention_complete_cov_ge_70__lag_2w__contiguity\mple_summary.md
2026-04-07 13:19:54 | INFO | Log saved to C:\Users\phevo\Documents\MIT\Code\MPLE-Causal-Inference\experiments\USCountyVaccination_US\USCountyVaccination_US_tau_unrestricted\outcome_case_rate_100k_ge_100__intervention_complete_cov_ge_70__lag_2w__contiguity\mple.log
