2026-07-26 06:00:58 | INFO | Loading data...
2026-07-26 06:00:58 | INFO | Using panel artifact: /orcd/home/002/phevosp/MPLE-Causal-Inference/experiments/SyntheticNoInterference/synth_no_interference/panel_data.npz
2026-07-26 06:00:58 | INFO | Using x_0 artifact: /orcd/home/002/phevosp/MPLE-Causal-Inference/experiments/SyntheticNoInterference/synth_no_interference/x_0.npy
2026-07-26 06:00:58 | INFO | Using fit config: /orcd/home/002/phevosp/MPLE-Causal-Inference/experiments/SyntheticNoInterference/synth_no_interference/cv_runs_baselines/treatment_split/candidates/treatment_split_candidate_0010/fold_1/fit_realized_config.yaml
2026-07-26 06:00:58 | INFO | Using model artifact directory: /orcd/home/002/phevosp/MPLE-Causal-Inference/experiments/SyntheticNoInterference/synth_no_interference
2026-07-26 06:00:58 | INFO | Using truth artifact directory: /orcd/home/002/phevosp/MPLE-Causal-Inference/experiments/SyntheticNoInterference/synth_no_interference
2026-07-26 06:00:58 | INFO | Using loss mask artifact: /orcd/home/002/phevosp/MPLE-Causal-Inference/experiments/SyntheticNoInterference/synth_no_interference/cv_runs_baselines/treatment_split/candidates/treatment_split_candidate_0010/fold_1/loss_mask.npy
2026-07-26 06:00:58 | INFO | Configured optimizer mode: alternating_treatment_split_latent_rank
2026-07-26 06:00:58 | INFO | Configured latent rank: 3
2026-07-26 06:00:58 | INFO | Using a fixed known graph with scalar xi.
2026-07-26 06:00:58 | INFO | Fit-time hard bounds active: False
2026-07-26 06:00:58 | INFO | Fixed scalar parameters: {'beta': 0.0, 'xi': 0.0, 'eta': 0.0}
2026-07-26 06:00:58 | INFO | Warm-start fixed scalars: {} for 0 steps
2026-07-26 06:00:58 | INFO | Beta-gradient mask before s: False with s=0
2026-07-26 06:00:58 | INFO | Beta-gradient mask after e: False with e=11
2026-07-26 06:00:58 | INFO | Alternating V-column L2-ball constraint active with radius 1.0
2026-07-26 06:00:58 | INFO | Optimizer settings: steps=2000, tol=1e-07, n_starts=1, seed=0, lambda_nuclear=0.0, lambda_frobenius=0.0, lambda_uv_ridge=0.05, v_column_l2_max=1.0, proximal_lr=1.0
2026-07-26 06:00:58 | INFO | Treatment-split alternating low-rank start 1/1 | seed=0 | initial_loss=0.693259 | initial_penalized=0.693289
2026-07-26 06:00:58 | INFO | Treatment-split alternating low-rank iter 0 | Loss: 0.678820 | Penalized: 0.679005
2026-07-26 06:01:01 | INFO | Treatment-split alternating low-rank iter 100 | Loss: 0.494880 | Penalized: 0.539717
2026-07-26 06:01:02 | INFO | Treatment-split alternating low-rank iter 200 | Loss: 0.494650 | Penalized: 0.539562
2026-07-26 06:01:04 | INFO | Treatment-split alternating low-rank iter 300 | Loss: 0.494623 | Penalized: 0.539535
2026-07-26 06:01:06 | INFO | Treatment-split alternating low-rank iter 400 | Loss: 0.494611 | Penalized: 0.539519
2026-07-26 06:01:08 | INFO | Treatment-split alternating low-rank iter 500 | Loss: 0.494601 | Penalized: 0.539507
2026-07-26 06:01:10 | INFO | Treatment-split alternating low-rank iter 600 | Loss: 0.494603 | Penalized: 0.539506
2026-07-26 06:01:12 | INFO | Treatment-split alternating low-rank iter 700 | Loss: 0.494597 | Penalized: 0.539501
2026-07-26 06:01:13 | INFO | Treatment-split alternating low-rank iter 800 | Loss: 0.494591 | Penalized: 0.539497
2026-07-26 06:01:15 | INFO | Treatment-split alternating low-rank iter 900 | Loss: 0.494587 | Penalized: 0.539495
2026-07-26 06:01:17 | INFO | Treatment-split alternating low-rank iter 1000 | Loss: 0.494583 | Penalized: 0.539493
2026-07-26 06:01:19 | INFO | Treatment-split alternating low-rank iter 1100 | Loss: 0.494579 | Penalized: 0.539492
2026-07-26 06:01:21 | INFO | Treatment-split alternating low-rank iter 1200 | Loss: 0.494577 | Penalized: 0.539491
2026-07-26 06:01:22 | INFO | Treatment-split alternating low-rank iter 1300 | Loss: 0.494575 | Penalized: 0.539490
2026-07-26 06:01:24 | INFO | Treatment-split alternating low-rank iter 1400 | Loss: 0.494573 | Penalized: 0.539490
2026-07-26 06:01:26 | INFO | Treatment-split alternating low-rank iter 1500 | Loss: 0.494571 | Penalized: 0.539489
2026-07-26 06:01:28 | INFO | Treatment-split alternating low-rank iter 1600 | Loss: 0.494570 | Penalized: 0.539489
2026-07-26 06:01:30 | INFO | Treatment-split alternating low-rank iter 1700 | Loss: 0.494569 | Penalized: 0.539488
2026-07-26 06:01:32 | INFO | Treatment-split alternating low-rank iter 1800 | Loss: 0.494568 | Penalized: 0.539488
2026-07-26 06:01:33 | INFO | Treatment-split alternating low-rank iter 1900 | Loss: 0.494567 | Penalized: 0.539488
2026-07-26 06:01:35 | INFO | Done fitting.
2026-07-26 06:01:35 | INFO | Optimizer status: STOP: TOTAL NO. OF OUTER ITERATIONS REACHED LIMIT
2026-07-26 06:01:35 | INFO | Best optimizer start: 1 / 1
2026-07-26 06:01:35 | INFO | Final Loss: 0.494564
2026-07-26 06:01:35 | INFO | Estimated vs True Parameters:
2026-07-26 06:01:35 | INFO |   beta: 0.0000 (True: -0.3000) | SQE: 0.090000
2026-07-26 06:01:35 | INFO |   xi: 0.0000 (True: 0.0000) | SQE: 0.000000
2026-07-26 06:01:35 | INFO |   eta: 0.0000 (True: 0.3000) | SQE: 0.090000
2026-07-26 06:01:35 | INFO | Treatment-split alternating low-rank optimizer diagnostics:
2026-07-26 06:01:35 | INFO |   penalized_objective: 0.539474
2026-07-26 06:01:35 | INFO |   mple_loss_without_penalty: 0.494564
2026-07-26 06:01:35 | INFO |   lambda_uv_ridge: 0.050000
2026-07-26 06:01:35 | INFO |   u_frobenius_norm: 2.449490
2026-07-26 06:01:35 | INFO |   v_frobenius_norm: 116.290724
2026-07-26 06:01:35 | INFO |   effective_rank: 50.000000
2026-07-26 06:01:35 | INFO | Field and interaction diagnostics:
2026-07-26 06:01:35 | INFO |   field_rmse: 0.649542
2026-07-26 06:01:35 | INFO |   interaction_fro_error: 0.000000
2026-07-26 06:01:35 | INFO |   estimated_field_max_abs_entry: 1.879574
2026-07-26 06:01:35 | INFO |   estimated_field_rank: 50.000000
2026-07-26 06:01:35 | INFO |   true_field_max_abs_entry: 4.447602
2026-07-26 06:01:35 | INFO |   true_field_rank: 3.000000
2026-07-26 06:01:35 | INFO | Saved summary table to /orcd/home/002/phevosp/MPLE-Causal-Inference/experiments/SyntheticNoInterference/synth_no_interference/cv_runs_baselines/treatment_split/candidates/treatment_split_candidate_0010/fold_1/mple_summary.csv
2026-07-26 06:01:35 | INFO | Log saved to /orcd/home/002/phevosp/MPLE-Causal-Inference/experiments/SyntheticNoInterference/synth_no_interference/cv_runs_baselines/treatment_split/candidates/treatment_split_candidate_0010/fold_1/mple.log
