2026-08-27 10:26:52 | INFO | Loading data...
2026-08-27 10:26:52 | INFO | Using panel artifact: /orcd/home/002/phevosp/MPLE-Causal-Inference/experiments/SyntheticSNN/interference_confounding_beta_010_xi_080/panel_data.npz
2026-08-27 10:26:52 | INFO | Using x_0 artifact: /orcd/home/002/phevosp/MPLE-Causal-Inference/experiments/SyntheticSNN/interference_confounding_beta_010_xi_080/x_0.npy
2026-08-27 10:26:52 | INFO | Using fit config: /orcd/home/002/phevosp/MPLE-Causal-Inference/experiments/SyntheticSNN/interference_confounding_beta_010_xi_080/cv_runs/default/candidates/default_candidate_0005/fold_1/fit_realized_config.yaml
2026-08-27 10:26:52 | INFO | Using model artifact directory: /orcd/home/002/phevosp/MPLE-Causal-Inference/experiments/SyntheticSNN/interference_confounding_beta_010_xi_080
2026-08-27 10:26:52 | INFO | Using truth artifact directory: /orcd/home/002/phevosp/MPLE-Causal-Inference/experiments/SyntheticSNN/interference_confounding_beta_010_xi_080
2026-08-27 10:26:52 | INFO | Using loss mask artifact: /orcd/home/002/phevosp/MPLE-Causal-Inference/experiments/SyntheticSNN/interference_confounding_beta_010_xi_080/cv_runs/default/candidates/default_candidate_0005/fold_1/loss_mask.npy
2026-08-27 10:26:52 | INFO | Configured optimizer mode: alternating_latent_rank
2026-08-27 10:26:52 | INFO | Configured latent rank: 3
2026-08-27 10:26:52 | INFO | Using a fixed known graph with scalar xi.
2026-08-27 10:26:52 | INFO | Fit-time hard bounds active: False
2026-08-27 10:26:52 | INFO | Fixed scalar parameters: {}
2026-08-27 10:26:52 | INFO | Warm-start fixed scalars: {} for 0 steps
2026-08-27 10:26:52 | INFO | Beta-gradient mask before s: True with s=0
2026-08-27 10:26:52 | INFO | Beta-gradient mask after e: True with e=12
2026-08-27 10:26:52 | INFO | Alternating V-column L2-ball constraint active with radius 1.0
2026-08-27 10:26:52 | INFO | Optimizer settings: steps=2000, tol=1e-07, n_starts=1, seed=0, lambda_nuclear=0.0, lambda_frobenius=0.0, lambda_uv_ridge=0.1, v_column_l2_max=1.0, proximal_lr=1.0
2026-08-27 10:26:52 | INFO | Alternating low-rank start 1/1 | seed=0 | initial_loss=0.748714 | initial_penalized=0.748746
2026-08-27 10:26:52 | INFO | Alternating low-rank iter 0 | Loss: 0.567467 | Penalized: 0.581452
2026-08-27 10:26:52 | INFO | Alternating low-rank iter 100 | Loss: 0.508337 | Penalized: 0.546737
2026-08-27 10:26:53 | INFO | Done fitting.
2026-08-27 10:26:53 | INFO | Optimizer status: CONVERGED: alternating objective tolerance reached
2026-08-27 10:26:53 | INFO | Best optimizer start: 1 / 1
2026-08-27 10:26:53 | INFO | Final Loss: 0.508328
2026-08-27 10:26:53 | INFO | Estimated vs True Parameters:
2026-08-27 10:26:53 | INFO |   beta: 0.1030 (True: 0.1000) | SQE: 0.000009
2026-08-27 10:26:53 | INFO |   xi: 0.8245 (True: 0.8000) | SQE: 0.000602
2026-08-27 10:26:53 | INFO |   eta: 0.0945 (True: 0.1000) | SQE: 0.000030
2026-08-27 10:26:53 | INFO | Alternating low-rank optimizer diagnostics:
2026-08-27 10:26:53 | INFO |   penalized_objective: 0.546721
2026-08-27 10:26:53 | INFO |   mple_loss_without_penalty: 0.508328
2026-08-27 10:26:53 | INFO |   lambda_uv_ridge: 0.100000
2026-08-27 10:26:53 | INFO |   u_frobenius_norm: 74.720727
2026-08-27 10:26:53 | INFO |   v_frobenius_norm: 1.732051
2026-08-27 10:26:53 | INFO |   effective_rank: 3.000000
2026-08-27 10:26:53 | INFO | Field and interaction diagnostics:
2026-08-27 10:26:53 | INFO |   field_rmse: 0.461481
2026-08-27 10:26:53 | INFO |   interaction_fro_error: 0.104729
2026-08-27 10:26:53 | INFO |   estimated_field_max_abs_entry: 1.977161
2026-08-27 10:26:53 | INFO |   estimated_field_rank: 3.000000
2026-08-27 10:26:53 | INFO |   true_field_max_abs_entry: 5.073226
2026-08-27 10:26:53 | INFO |   true_field_rank: 3.000000
2026-08-27 10:26:53 | INFO | Saved summary table to /orcd/home/002/phevosp/MPLE-Causal-Inference/experiments/SyntheticSNN/interference_confounding_beta_010_xi_080/cv_runs/default/candidates/default_candidate_0005/fold_1/mple_summary.csv
2026-08-27 10:26:53 | INFO | Log saved to /orcd/home/002/phevosp/MPLE-Causal-Inference/experiments/SyntheticSNN/interference_confounding_beta_010_xi_080/cv_runs/default/candidates/default_candidate_0005/fold_1/mple.log
