2026-04-07 11:56:46 | INFO | Loading data...
2026-04-07 11:56:46 | INFO | Loaded 6 field templates and 1 interaction templates.
2026-04-07 11:56:46 | INFO | Intervention-process model enabled: True
2026-04-07 11:56:46 | INFO | Tau zero-mean enabled: True
2026-04-07 11:56:46 | INFO | Tau smoothness lambda: 0.000000
2026-04-07 11:56:46 | INFO | Running conditional-model MPLE on x with shape=(70, 3135)
2026-04-07 11:56:46 | INFO | Eval 0  |  Loss: 0.694778
2026-04-07 11:56:46 | INFO |   field::log_population: +0.0126,  field::median_household_income: -0.0132,  field::poverty_rate: +0.0640,  field::pct_black: +0.0105,  field::pct_hispanic: -0.0536,  field::pct_in_labor_force: +0.0362,  tau block: mean=-0.0000, std=0.0990, min=-0.2421, max=+0.1864,  beta: -0.0662,  interaction::contiguity: +0.0935,  eta: +0.0049,  zeta: +0.2002,  psi: +0.0189
2026-04-07 11:56:48 | INFO | Done fitting.
2026-04-07 11:56:48 | INFO | Optimizer status: CONVERGENCE: RELATIVE REDUCTION OF F <= FACTR*EPSMCH
2026-04-07 11:56:48 | INFO | Final Loss: 0.288862
2026-04-07 11:56:48 | INFO | Estimated Parameters:
2026-04-07 11:56:48 | INFO |   field::log_population: 0.9659
2026-04-07 11:56:48 | INFO |   field::median_household_income: -1.1440
2026-04-07 11:56:48 | INFO |   field::poverty_rate: -0.5851
2026-04-07 11:56:48 | INFO |   field::pct_black: -0.1198
2026-04-07 11:56:48 | INFO |   field::pct_hispanic: -0.3447
2026-04-07 11:56:48 | INFO |   field::pct_in_labor_force: 0.0113
2026-04-07 11:56:48 | INFO |   tau::t_0: 0.0593
2026-04-07 11:56:48 | INFO |   tau::t_1: 0.0425
2026-04-07 11:56:48 | INFO |   tau::t_2: 0.0309
2026-04-07 11:56:48 | INFO |   tau::t_3: 0.0246
2026-04-07 11:56:48 | INFO |   tau::t_4: -0.0434
2026-04-07 11:56:48 | INFO |   tau::t_5: -0.1465
2026-04-07 11:56:48 | INFO |   tau::t_6: -0.0710
2026-04-07 11:56:48 | INFO |   tau::t_7: -0.1218
2026-04-07 11:56:48 | INFO |   tau::t_8: -0.1840
2026-04-07 11:56:48 | INFO |   tau::t_9: -0.2335
2026-04-07 11:56:48 | INFO |   tau::t_10: -0.2166
2026-04-07 11:56:48 | INFO |   tau::t_11: -0.2173
2026-04-07 11:56:48 | INFO |   tau::t_12: -0.1676
2026-04-07 11:56:48 | INFO |   tau::t_13: -0.1337
2026-04-07 11:56:48 | INFO |   tau::t_14: -0.1777
2026-04-07 11:56:48 | INFO |   tau::t_15: -0.1751
2026-04-07 11:56:48 | INFO |   tau::t_16: -0.1590
2026-04-07 11:56:48 | INFO |   tau::t_17: -0.1775
2026-04-07 11:56:48 | INFO |   tau::t_18: -0.1802
2026-04-07 11:56:48 | INFO |   tau::t_19: -0.1042
2026-04-07 11:56:48 | INFO |   tau::t_20: -0.2459
2026-04-07 11:56:48 | INFO |   tau::t_21: -0.2003
2026-04-07 11:56:48 | INFO |   tau::t_22: -0.3062
2026-04-07 11:56:48 | INFO |   tau::t_23: -0.2987
2026-04-07 11:56:48 | INFO |   tau::t_24: -0.3126
2026-04-07 11:56:48 | INFO |   tau::t_25: -0.3661
2026-04-07 11:56:48 | INFO |   tau::t_26: -0.2735
2026-04-07 11:56:48 | INFO |   tau::t_27: -0.2640
2026-04-07 11:56:48 | INFO |   tau::t_28: -0.2218
2026-04-07 11:56:48 | INFO |   tau::t_29: -0.1091
2026-04-07 11:56:48 | INFO |   tau::t_30: -0.0360
2026-04-07 11:56:48 | INFO |   tau::t_31: 0.0265
2026-04-07 11:56:48 | INFO |   tau::t_32: 0.0747
2026-04-07 11:56:48 | INFO |   tau::t_33: 0.0894
2026-04-07 11:56:48 | INFO |   tau::t_34: 0.1198
2026-04-07 11:56:48 | INFO |   tau::t_35: 0.2266
2026-04-07 11:56:48 | INFO |   tau::t_36: 0.2254
2026-04-07 11:56:48 | INFO |   tau::t_37: 0.2327
2026-04-07 11:56:48 | INFO |   tau::t_38: 0.1885
2026-04-07 11:56:48 | INFO |   tau::t_39: 0.1819
2026-04-07 11:56:48 | INFO |   tau::t_40: 0.2186
2026-04-07 11:56:48 | INFO |   tau::t_41: 0.1980
2026-04-07 11:56:48 | INFO |   tau::t_42: 0.1312
2026-04-07 11:56:48 | INFO |   tau::t_43: 0.1325
2026-04-07 11:56:48 | INFO |   tau::t_44: 0.1535
2026-04-07 11:56:48 | INFO |   tau::t_45: -0.0066
2026-04-07 11:56:48 | INFO |   tau::t_46: 0.2409
2026-04-07 11:56:48 | INFO |   tau::t_47: 0.1619
2026-04-07 11:56:48 | INFO |   tau::t_48: 0.1536
2026-04-07 11:56:48 | INFO |   tau::t_49: 0.1120
2026-04-07 11:56:48 | INFO |   tau::t_50: 0.1413
2026-04-07 11:56:48 | INFO |   tau::t_51: 0.2202
2026-04-07 11:56:48 | INFO |   tau::t_52: 0.2097
2026-04-07 11:56:48 | INFO |   tau::t_53: 0.2428
2026-04-07 11:56:48 | INFO |   tau::t_54: 0.3069
2026-04-07 11:56:48 | INFO |   tau::t_55: 0.3483
2026-04-07 11:56:48 | INFO |   tau::t_56: 0.3381
2026-04-07 11:56:48 | INFO |   tau::t_57: 0.3081
2026-04-07 11:56:48 | INFO |   tau::t_58: 0.2393
2026-04-07 11:56:48 | INFO |   tau::t_59: 0.1976
2026-04-07 11:56:48 | INFO |   tau::t_60: 0.1180
2026-04-07 11:56:48 | INFO |   tau::t_61: 0.1169
2026-04-07 11:56:48 | INFO |   tau::t_62: 0.0377
2026-04-07 11:56:48 | INFO |   tau::t_63: -0.0129
2026-04-07 11:56:48 | INFO |   tau::t_64: -0.0845
2026-04-07 11:56:48 | INFO |   tau::t_65: -0.0613
2026-04-07 11:56:48 | INFO |   tau::t_66: -0.1491
2026-04-07 11:56:48 | INFO |   tau::t_67: -0.1394
2026-04-07 11:56:48 | INFO |   tau::t_68: -0.0265
2026-04-07 11:56:48 | INFO |   tau::t_69: -0.2264
2026-04-07 11:56:48 | INFO |   beta: -0.1420
2026-04-07 11:56:48 | INFO |   interaction::contiguity: 1.5343
2026-04-07 11:56:48 | INFO |   eta: 0.2413
2026-04-07 11:56:48 | INFO |   zeta: -0.2682
2026-04-07 11:56:48 | INFO |   psi: 2.1186
2026-04-07 11:56:48 | INFO | Saved summary tables to C:\Users\phevo\Documents\MIT\Code\MPLE-Causal-Inference\experiments\USCountyVaccination_US_tau_zero_mean\outcome_death_rate_100k_ge_2__intervention_partial_cov_ge_30__lag_0w__contiguity\mple_summary.csv and C:\Users\phevo\Documents\MIT\Code\MPLE-Causal-Inference\experiments\USCountyVaccination_US_tau_zero_mean\outcome_death_rate_100k_ge_2__intervention_partial_cov_ge_30__lag_0w__contiguity\mple_summary.md
2026-04-07 11:56:48 | INFO | Log saved to C:\Users\phevo\Documents\MIT\Code\MPLE-Causal-Inference\experiments\USCountyVaccination_US_tau_zero_mean\outcome_death_rate_100k_ge_2__intervention_partial_cov_ge_30__lag_0w__contiguity\mple.log
