2026-05-04 23:48:44 | INFO | Loading data...
2026-05-04 23:48:44 | INFO | Using panel artifact: /orcd/home/002/phevosp/MPLE-Causal-Inference/experiments/USCountyVaccination/outcome_death_rate_100k_ge_2__intervention_complete_cov_ge_30__lag_2w__distance_kernel_8__start_2020_03_01/panel_data.npz
2026-05-04 23:48:44 | INFO | Using x_0 artifact: /orcd/home/002/phevosp/MPLE-Causal-Inference/experiments/USCountyVaccination/outcome_death_rate_100k_ge_2__intervention_complete_cov_ge_30__lag_2w__distance_kernel_8__start_2020_03_01/x_0.npy
2026-05-04 23:48:44 | INFO | Using fit config: /orcd/home/002/phevosp/MPLE-Causal-Inference/experiments/USCountyVaccination/outcome_death_rate_100k_ge_2__intervention_complete_cov_ge_30__lag_2w__distance_kernel_8__start_2020_03_01/cv_runs/xi_zero/candidates/xi_zero_candidate_0001/fold_6/fit_realized_config.yaml
2026-05-04 23:48:44 | INFO | Using model artifact directory: /orcd/home/002/phevosp/MPLE-Causal-Inference/experiments/USCountyVaccination/outcome_death_rate_100k_ge_2__intervention_complete_cov_ge_30__lag_2w__distance_kernel_8__start_2020_03_01
2026-05-04 23:48:44 | INFO | Using truth artifact directory: /orcd/home/002/phevosp/MPLE-Causal-Inference/experiments/USCountyVaccination/outcome_death_rate_100k_ge_2__intervention_complete_cov_ge_30__lag_2w__distance_kernel_8__start_2020_03_01
2026-05-04 23:48:44 | INFO | Using loss mask artifact: /orcd/home/002/phevosp/MPLE-Causal-Inference/experiments/USCountyVaccination/outcome_death_rate_100k_ge_2__intervention_complete_cov_ge_30__lag_2w__distance_kernel_8__start_2020_03_01/cv_runs/xi_zero/candidates/xi_zero_candidate_0001/fold_6/loss_mask.npy
2026-05-04 23:48:44 | INFO | Configured optimizer mode: alternating_latent_rank
2026-05-04 23:48:44 | INFO | Configured latent rank: 5
2026-05-04 23:48:44 | INFO | Using a fixed known graph with scalar xi.
2026-05-04 23:48:44 | INFO | Fit-time hard bounds active: False
2026-05-04 23:48:44 | INFO | Fixed scalar parameters: {'xi': 0.0}
2026-05-04 23:48:44 | INFO | Warm-start fixed scalars: {} for 0 steps
2026-05-04 23:48:44 | INFO | Beta mask before s: True with s=50
2026-05-04 23:48:44 | INFO | Beta mask after e: True with e=115
2026-05-04 23:48:44 | INFO | Alternating V-column L2-ball constraint active with radius 1.0
2026-05-04 23:48:44 | INFO | Optimizer settings: steps=2000, tol=1e-07, n_starts=1, seed=0, lambda_nuclear=0.0, lambda_frobenius=0.0, lambda_uv_ridge=0.001, v_column_l2_max=1.0, proximal_lr=1.0
2026-05-04 23:48:44 | INFO | Alternating low-rank start 1/1 | seed=0 | initial_loss=0.772093 | initial_penalized=0.772093
2026-05-04 23:48:44 | INFO | Alternating low-rank iter 0 | Loss: 0.489342 | Penalized: 0.489499
2026-05-04 23:48:59 | INFO | Alternating low-rank iter 100 | Loss: 0.401688 | Penalized: 0.404580
2026-05-04 23:49:12 | INFO | Alternating low-rank iter 200 | Loss: 0.398081 | Penalized: 0.401511
2026-05-04 23:49:26 | INFO | Alternating low-rank iter 300 | Loss: 0.397042 | Penalized: 0.400628
2026-05-04 23:49:40 | INFO | Alternating low-rank iter 400 | Loss: 0.396420 | Penalized: 0.400055
2026-05-04 23:49:54 | INFO | Alternating low-rank iter 500 | Loss: 0.395979 | Penalized: 0.399640
2026-05-04 23:50:08 | INFO | Alternating low-rank iter 600 | Loss: 0.395671 | Penalized: 0.399358
2026-05-04 23:50:22 | INFO | Alternating low-rank iter 700 | Loss: 0.395468 | Penalized: 0.399179
2026-05-04 23:50:36 | INFO | Alternating low-rank iter 800 | Loss: 0.395352 | Penalized: 0.399083
2026-05-04 23:50:50 | INFO | Alternating low-rank iter 900 | Loss: 0.395294 | Penalized: 0.399039
2026-05-04 23:51:04 | INFO | Alternating low-rank iter 1000 | Loss: 0.395266 | Penalized: 0.399019
2026-05-04 23:51:10 | INFO | Done fitting.
2026-05-04 23:51:10 | INFO | Optimizer status: CONVERGED: alternating objective tolerance reached
2026-05-04 23:51:10 | INFO | Best optimizer start: 1 / 1
2026-05-04 23:51:10 | INFO | Final Loss: 0.395259
2026-05-04 23:51:10 | INFO | Estimated Parameters:
2026-05-04 23:51:10 | INFO |   beta: -0.0007
2026-05-04 23:51:10 | INFO |   xi: 0.0000
2026-05-04 23:51:10 | INFO |   eta: 0.0105
2026-05-04 23:51:10 | INFO | Alternating low-rank optimizer diagnostics:
2026-05-04 23:51:10 | INFO |   penalized_objective: 0.399014
2026-05-04 23:51:10 | INFO |   mple_loss_without_penalty: 0.395259
2026-05-04 23:51:10 | INFO |   lambda_uv_ridge: 0.001000
2026-05-04 23:51:10 | INFO |   u_frobenius_norm: 941.469754
2026-05-04 23:51:10 | INFO |   v_frobenius_norm: 2.236068
2026-05-04 23:51:10 | INFO |   effective_rank: 5.000000
2026-05-04 23:51:10 | INFO | Field and interaction diagnostics:
2026-05-04 23:51:10 | INFO |   estimated_field_max_abs_entry: 16.689755
2026-05-04 23:51:10 | INFO |   estimated_field_rank: 5.000000
2026-05-04 23:51:10 | INFO | Saved summary table to /orcd/home/002/phevosp/MPLE-Causal-Inference/experiments/USCountyVaccination/outcome_death_rate_100k_ge_2__intervention_complete_cov_ge_30__lag_2w__distance_kernel_8__start_2020_03_01/cv_runs/xi_zero/candidates/xi_zero_candidate_0001/fold_6/mple_summary.csv
2026-05-04 23:51:10 | INFO | Log saved to /orcd/home/002/phevosp/MPLE-Causal-Inference/experiments/USCountyVaccination/outcome_death_rate_100k_ge_2__intervention_complete_cov_ge_30__lag_2w__distance_kernel_8__start_2020_03_01/cv_runs/xi_zero/candidates/xi_zero_candidate_0001/fold_6/mple.log
