2026-04-11 13:53:52 | INFO | Loading data...
2026-04-11 13:53:52 | INFO | Using panel artifact: C:\Users\phevo\Documents\MIT\Code\MPLE-Causal-Inference\experiments\SyntheticExperimentsGrid\fixed_z_complete_cov_ge_30_lag2w_trimmed_latent_rank10_b3_0_beta_masked_true_20260411_134830\panel_data.npz
2026-04-11 13:53:52 | INFO | Using x_0 artifact: C:\Users\phevo\Documents\MIT\Code\MPLE-Causal-Inference\experiments\SyntheticExperimentsGrid\fixed_z_complete_cov_ge_30_lag2w_trimmed_latent_rank10_b3_0_beta_masked_true_20260411_134830\x_0.npy
2026-04-11 13:53:52 | INFO | Using z_0 artifact: C:\Users\phevo\Documents\MIT\Code\MPLE-Causal-Inference\experiments\SyntheticExperimentsGrid\fixed_z_complete_cov_ge_30_lag2w_trimmed_latent_rank10_b3_0_beta_masked_true_20260411_134830\z_0.npy
2026-04-11 13:53:52 | INFO | Loaded field mode: latent_feature_matrix
2026-04-11 13:53:52 | INFO | Using a fixed known graph with scalar xi.
2026-04-11 13:53:52 | INFO | Intervention-process model enabled: False
2026-04-11 13:53:52 | INFO | Eval 0  |  Loss: 0.701069
2026-04-11 13:53:52 | INFO |   beta: +0.0584,  xi: -0.0271,  eta: -0.1078
2026-04-11 13:53:56 | INFO | Eval 100  |  Loss: 0.602082
2026-04-11 13:53:56 | INFO |   beta: +0.3448,  xi: +0.2606,  eta: +0.0806
2026-04-11 13:53:56 | INFO | Done fitting.
2026-04-11 13:53:56 | INFO | Optimizer status: CONVERGENCE: RELATIVE REDUCTION OF F <= FACTR*EPSMCH
2026-04-11 13:53:56 | INFO | Final Loss: 0.602082
2026-04-11 13:53:56 | INFO | Estimated vs True Parameters:
2026-04-11 13:53:56 | INFO |   beta: 0.3448 (True: 0.3500) | SQE: 0.000027
2026-04-11 13:53:56 | INFO |   xi: 0.2606 (True: 0.2500) | SQE: 0.000112
2026-04-11 13:53:56 | INFO |   eta: 0.0806 (True: 0.0800) | SQE: 0.000000
2026-04-11 13:53:56 | INFO | Field and interaction diagnostics:
2026-04-11 13:53:56 | INFO |   field_rmse: 0.001031
2026-04-11 13:53:56 | INFO |   interaction_fro_error: 0.035475
2026-04-11 13:53:56 | INFO |   estimated_field_inf_norm: 3.000000
2026-04-11 13:53:56 | INFO |   estimated_field_rank: 10.000000
2026-04-11 13:53:56 | INFO |   bound_B: 3.000000
2026-04-11 13:53:56 | INFO |   true_field_inf_norm: 3.000000
2026-04-11 13:53:56 | INFO |   true_field_rank: 10.000000
2026-04-11 13:53:57 | INFO | Saved summary tables to C:\Users\phevo\Documents\MIT\Code\MPLE-Causal-Inference\experiments\SyntheticExperimentsGrid\fixed_z_complete_cov_ge_30_lag2w_trimmed_latent_rank10_b3_0_beta_masked_true_20260411_134830\mple_summary.csv and C:\Users\phevo\Documents\MIT\Code\MPLE-Causal-Inference\experiments\SyntheticExperimentsGrid\fixed_z_complete_cov_ge_30_lag2w_trimmed_latent_rank10_b3_0_beta_masked_true_20260411_134830\mple_summary.md
2026-04-11 13:53:57 | INFO | Log saved to C:\Users\phevo\Documents\MIT\Code\MPLE-Causal-Inference\experiments\SyntheticExperimentsGrid\fixed_z_complete_cov_ge_30_lag2w_trimmed_latent_rank10_b3_0_beta_masked_true_20260411_134830\mple.log
