2026-04-06 17:38:55 | INFO | Loading data...
2026-04-06 17:38:56 | INFO | Loaded 8 field templates and 1 interaction templates.
2026-04-06 17:38:56 | INFO | Intervention-process model enabled: True
2026-04-06 17:38:56 | INFO | Running conditional-model MPLE on x with shape=(15, 9642)
2026-04-06 17:38:56 | INFO | Eval 0  |  Loss: 0.668522
2026-04-06 17:38:56 | INFO |   field::total_pop: +0.0126,  field::black_share: -0.0132,  field::hispanic_share: +0.0640,  field::male_1521_share: +0.0105,  field::family_household_share: -0.0536,  field::female_household_share: +0.0362,  field::renter_share: +0.1304,  field::vacant_share: +0.0947,  tau block: mean=-0.0394, std=0.0882, min=-0.2325, max=+0.1366,  beta: +0.0352,  interaction::contiguity: +0.0903,  eta: +0.0094,  zeta: -0.0743,  psi: -0.0922
2026-04-06 17:38:59 | INFO | Eval 100  |  Loss: 0.243135
2026-04-06 17:38:59 | INFO |   field::total_pop: +4.8678,  field::black_share: +0.3289,  field::hispanic_share: +0.4272,  field::male_1521_share: -0.1830,  field::family_household_share: -0.4099,  field::female_household_share: +0.3648,  field::renter_share: +0.1318,  field::vacant_share: +1.3567,  tau block: mean=-0.3679, std=0.0725, min=-0.5523, max=-0.2669,  beta: +0.1119,  interaction::contiguity: +2.1327,  eta: +0.5719,  zeta: +0.6607,  psi: +3.3829
2026-04-06 17:39:00 | INFO | Done fitting.
2026-04-06 17:39:00 | INFO | Optimizer status: CONVERGENCE: RELATIVE REDUCTION OF F <= FACTR*EPSMCH
2026-04-06 17:39:00 | INFO | Final Loss: 0.243134
2026-04-06 17:39:00 | INFO | Estimated Parameters:
2026-04-06 17:39:00 | INFO |   field::total_pop: 4.9116
2026-04-06 17:39:00 | INFO |   field::black_share: 0.3306
2026-04-06 17:39:00 | INFO |   field::hispanic_share: 0.4278
2026-04-06 17:39:00 | INFO |   field::male_1521_share: -0.1901
2026-04-06 17:39:00 | INFO |   field::family_household_share: -0.4102
2026-04-06 17:39:00 | INFO |   field::female_household_share: 0.3610
2026-04-06 17:39:00 | INFO |   field::renter_share: 0.1306
2026-04-06 17:39:00 | INFO |   field::vacant_share: 1.4647
2026-04-06 17:39:00 | INFO |   tau::t_0: -0.4382
2026-04-06 17:39:00 | INFO |   tau::t_1: -0.2985
2026-04-06 17:39:00 | INFO |   tau::t_2: -0.3440
2026-04-06 17:39:00 | INFO |   tau::t_3: -0.4408
2026-04-06 17:39:00 | INFO |   tau::t_4: -0.3873
2026-04-06 17:39:00 | INFO |   tau::t_5: -0.3458
2026-04-06 17:39:00 | INFO |   tau::t_6: -0.3536
2026-04-06 17:39:00 | INFO |   tau::t_7: -0.3851
2026-04-06 17:39:00 | INFO |   tau::t_8: -0.3643
2026-04-06 17:39:00 | INFO |   tau::t_9: -0.2562
2026-04-06 17:39:00 | INFO |   tau::t_10: -0.3126
2026-04-06 17:39:00 | INFO |   tau::t_11: -0.3260
2026-04-06 17:39:00 | INFO |   tau::t_12: -0.3056
2026-04-06 17:39:00 | INFO |   tau::t_13: -0.2574
2026-04-06 17:39:00 | INFO |   tau::t_14: -0.5414
2026-04-06 17:39:00 | INFO |   beta: 0.1228
2026-04-06 17:39:00 | INFO |   interaction::contiguity: 2.1315
2026-04-06 17:39:00 | INFO |   eta: 0.5717
2026-04-06 17:39:00 | INFO |   zeta: 0.6552
2026-04-06 17:39:00 | INFO |   psi: 3.3743
2026-04-06 17:39:00 | INFO | Saved summary tables to C:\Users\phevo\Documents\MIT\Code\MPLE-Causal-Inference\experiments\SeattleDMI\static\any_crime_gt_2_pm1__contiguity\mple_summary.csv and C:\Users\phevo\Documents\MIT\Code\MPLE-Causal-Inference\experiments\SeattleDMI\static\any_crime_gt_2_pm1__contiguity\mple_summary.md
2026-04-06 17:39:00 | INFO | Log saved to C:\Users\phevo\Documents\MIT\Code\MPLE-Causal-Inference\experiments\SeattleDMI\static\any_crime_gt_2_pm1__contiguity\mple.log
