2026-04-07 11:37:42 | INFO | Loading data...
2026-04-07 11:37:43 | INFO | Loaded 6 field templates and 1 interaction templates.
2026-04-07 11:37:43 | INFO | Intervention-process model enabled: True
2026-04-07 11:37:43 | INFO | Tau zero-mean enabled: True
2026-04-07 11:37:43 | INFO | Tau smoothness lambda: 1.000000
2026-04-07 11:37:43 | INFO | Running conditional-model MPLE on x with shape=(69, 3203)
2026-04-07 11:37:43 | INFO | Eval 0  |  Loss: 0.590555
2026-04-07 11:37:43 | INFO |   field::log_population: +0.0126,  field::median_household_income: -0.0132,  field::poverty_rate: +0.0640,  field::pct_black: +0.0105,  field::pct_hispanic: -0.0536,  field::pct_in_labor_force: +0.0362,  tau block: mean=+0.0000, std=0.0982, min=-0.2442, max=+0.1843,  beta: -0.1320,  interaction::contiguity: -0.0662,  eta: +0.0935,  zeta: +0.0049,  psi: +0.2002
2026-04-07 11:37:47 | INFO | Done fitting.
2026-04-07 11:37:47 | INFO | Optimizer status: CONVERGENCE: RELATIVE REDUCTION OF F <= FACTR*EPSMCH
2026-04-07 11:37:47 | INFO | Final Loss: 0.157299
2026-04-07 11:37:47 | INFO | Estimated Parameters:
2026-04-07 11:37:47 | INFO |   field::log_population: 0.1734
2026-04-07 11:37:47 | INFO |   field::median_household_income: -0.2845
2026-04-07 11:37:47 | INFO |   field::poverty_rate: -0.0528
2026-04-07 11:37:47 | INFO |   field::pct_black: -0.1915
2026-04-07 11:37:47 | INFO |   field::pct_hispanic: -0.0978
2026-04-07 11:37:47 | INFO |   field::pct_in_labor_force: 0.0930
2026-04-07 11:37:47 | INFO |   tau::t_0: -0.1486
2026-04-07 11:37:47 | INFO |   tau::t_1: -0.1897
2026-04-07 11:37:47 | INFO |   tau::t_2: -0.2218
2026-04-07 11:37:47 | INFO |   tau::t_3: -0.2376
2026-04-07 11:37:47 | INFO |   tau::t_4: -0.3564
2026-04-07 11:37:47 | INFO |   tau::t_5: 0.0133
2026-04-07 11:37:47 | INFO |   tau::t_6: -0.1969
2026-04-07 11:37:47 | INFO |   tau::t_7: -0.0271
2026-04-07 11:37:47 | INFO |   tau::t_8: -0.0933
2026-04-07 11:37:47 | INFO |   tau::t_9: -0.0264
2026-04-07 11:37:47 | INFO |   tau::t_10: -0.1124
2026-04-07 11:37:47 | INFO |   tau::t_11: -0.0257
2026-04-07 11:37:47 | INFO |   tau::t_12: -0.0832
2026-04-07 11:37:47 | INFO |   tau::t_13: -0.2266
2026-04-07 11:37:47 | INFO |   tau::t_14: -0.2176
2026-04-07 11:37:47 | INFO |   tau::t_15: -0.2956
2026-04-07 11:37:47 | INFO |   tau::t_16: -0.3157
2026-04-07 11:37:47 | INFO |   tau::t_17: -0.4472
2026-04-07 11:37:47 | INFO |   tau::t_18: -0.3229
2026-04-07 11:37:47 | INFO |   tau::t_19: -0.6028
2026-04-07 11:37:47 | INFO |   tau::t_20: -0.3870
2026-04-07 11:37:47 | INFO |   tau::t_21: -0.5306
2026-04-07 11:37:47 | INFO |   tau::t_22: -0.4522
2026-04-07 11:37:47 | INFO |   tau::t_23: -0.4541
2026-04-07 11:37:47 | INFO |   tau::t_24: -0.2256
2026-04-07 11:37:47 | INFO |   tau::t_25: -0.1246
2026-04-07 11:37:47 | INFO |   tau::t_26: 0.1039
2026-04-07 11:37:47 | INFO |   tau::t_27: 0.2631
2026-04-07 11:37:47 | INFO |   tau::t_28: 0.2555
2026-04-07 11:37:47 | INFO |   tau::t_29: 0.2843
2026-04-07 11:37:47 | INFO |   tau::t_30: 0.2538
2026-04-07 11:37:47 | INFO |   tau::t_31: 0.2413
2026-04-07 11:37:47 | INFO |   tau::t_32: 0.2160
2026-04-07 11:37:47 | INFO |   tau::t_33: 0.0573
2026-04-07 11:37:47 | INFO |   tau::t_34: 0.1975
2026-04-07 11:37:47 | INFO |   tau::t_35: -0.0432
2026-04-07 11:37:47 | INFO |   tau::t_36: -0.0970
2026-04-07 11:37:47 | INFO |   tau::t_37: -0.1083
2026-04-07 11:37:47 | INFO |   tau::t_38: -0.1510
2026-04-07 11:37:47 | INFO |   tau::t_39: -0.1709
2026-04-07 11:37:47 | INFO |   tau::t_40: 0.0123
2026-04-07 11:37:47 | INFO |   tau::t_41: -0.0124
2026-04-07 11:37:47 | INFO |   tau::t_42: 0.0775
2026-04-07 11:37:47 | INFO |   tau::t_43: 0.1126
2026-04-07 11:37:47 | INFO |   tau::t_44: -0.2881
2026-04-07 11:37:47 | INFO |   tau::t_45: 0.3812
2026-04-07 11:37:47 | INFO |   tau::t_46: 0.0267
2026-04-07 11:37:47 | INFO |   tau::t_47: -0.0119
2026-04-07 11:37:47 | INFO |   tau::t_48: 0.0014
2026-04-07 11:37:47 | INFO |   tau::t_49: 0.5420
2026-04-07 11:37:47 | INFO |   tau::t_50: 0.9094
2026-04-07 11:37:47 | INFO |   tau::t_51: 1.1248
2026-04-07 11:37:47 | INFO |   tau::t_52: 1.9910
2026-04-07 11:37:47 | INFO |   tau::t_53: 1.9674
2026-04-07 11:37:47 | INFO |   tau::t_54: 0.4346
2026-04-07 11:37:47 | INFO |   tau::t_55: -0.1858
2026-04-07 11:37:47 | INFO |   tau::t_56: -0.3249
2026-04-07 11:37:47 | INFO |   tau::t_57: -0.3706
2026-04-07 11:37:47 | INFO |   tau::t_58: -0.1649
2026-04-07 11:37:47 | INFO |   tau::t_59: -0.1653
2026-04-07 11:37:47 | INFO |   tau::t_60: -0.1581
2026-04-07 11:37:47 | INFO |   tau::t_61: -0.2619
2026-04-07 11:37:47 | INFO |   tau::t_62: -0.2991
2026-04-07 11:37:47 | INFO |   tau::t_63: -0.2470
2026-04-07 11:37:47 | INFO |   tau::t_64: -0.1148
2026-04-07 11:37:47 | INFO |   tau::t_65: -0.0046
2026-04-07 11:37:47 | INFO |   tau::t_66: -0.0773
2026-04-07 11:37:47 | INFO |   tau::t_67: 0.0657
2026-04-07 11:37:47 | INFO |   tau::t_68: 0.0461
2026-04-07 11:37:47 | INFO |   beta: -0.0335
2026-04-07 11:37:47 | INFO |   interaction::contiguity: 2.6447
2026-04-07 11:37:47 | INFO |   eta: 0.5489
2026-04-07 11:37:47 | INFO |   zeta: -0.1662
2026-04-07 11:37:47 | INFO |   psi: 2.1324
2026-04-07 11:37:47 | INFO | Saved summary tables to C:\Users\phevo\Documents\MIT\Code\MPLE-Causal-Inference\experiments\USCountyVaccination_US_tau_zero_mean_smooth\outcome_case_rate_100k_ge_200__intervention_complete_cov_ge_30__lag_1w__contiguity\mple_summary.csv and C:\Users\phevo\Documents\MIT\Code\MPLE-Causal-Inference\experiments\USCountyVaccination_US_tau_zero_mean_smooth\outcome_case_rate_100k_ge_200__intervention_complete_cov_ge_30__lag_1w__contiguity\mple_summary.md
2026-04-07 11:37:47 | INFO | Log saved to C:\Users\phevo\Documents\MIT\Code\MPLE-Causal-Inference\experiments\USCountyVaccination_US_tau_zero_mean_smooth\outcome_case_rate_100k_ge_200__intervention_complete_cov_ge_30__lag_1w__contiguity\mple.log
