2026-04-01 10:18:36 | INFO | Loading data...
2026-04-01 10:18:36 | INFO | Loaded 11 field templates and 1 interaction templates.
2026-04-01 10:18:36 | INFO | Running conditional-model MPLE on x with shape=(10, 1000)
2026-04-01 10:18:36 | INFO | Eval 0  |  Loss: 0.828938
2026-04-01 10:18:36 | INFO |   field::intercept: +0.0126,  field::linear::feature_1: -0.0132,  field::quadratic::feature_1: +0.0640,  field::linear::feature_2: +0.0105,  field::quadratic::feature_2: -0.0536,  field::linear::feature_3: +0.0362,  field::quadratic::feature_3: +0.1304,  field::linear::feature_4: +0.0947,  field::quadratic::feature_4: -0.0704,  field::linear::feature_5: -0.1265,  field::quadratic::feature_5: -0.0623,  beta: +0.0041,  interaction::adjacency: -0.2325,  eta: -0.0219,  zeta: -0.1246,  psi: -0.0732
2026-04-01 10:18:36 | INFO | Done fitting.
2026-04-01 10:18:36 | INFO | Optimizer status: CONVERGENCE: RELATIVE REDUCTION OF F <= FACTR*EPSMCH
2026-04-01 10:18:36 | INFO | Final Loss: 0.203787
2026-04-01 10:18:36 | INFO | Estimated vs True Parameters:
2026-04-01 10:18:36 | INFO |   field::intercept: 0.3969 (True: 0.4250)
2026-04-01 10:18:36 | INFO |   field::intercept SQE: 0.000788
2026-04-01 10:18:36 | INFO |   field::linear::feature_1: 0.3258 (True: 0.2200)
2026-04-01 10:18:36 | INFO |   field::linear::feature_1 SQE: 0.011198
2026-04-01 10:18:36 | INFO |   field::quadratic::feature_1: 0.7098 (True: 0.6750)
2026-04-01 10:18:36 | INFO |   field::quadratic::feature_1 SQE: 0.001211
2026-04-01 10:18:36 | INFO |   field::linear::feature_2: 0.8588 (True: 0.9200)
2026-04-01 10:18:36 | INFO |   field::linear::feature_2 SQE: 0.003746
2026-04-01 10:18:36 | INFO |   field::quadratic::feature_2: -0.4193 (True: -0.7500)
2026-04-01 10:18:36 | INFO |   field::quadratic::feature_2 SQE: 0.109350
2026-04-01 10:18:36 | INFO |   field::linear::feature_3: 0.4581 (True: 0.4400)
2026-04-01 10:18:36 | INFO |   field::linear::feature_3 SQE: 0.000329
2026-04-01 10:18:36 | INFO |   field::quadratic::feature_3: -0.4350 (True: -0.1750)
2026-04-01 10:18:36 | INFO |   field::quadratic::feature_3 SQE: 0.067597
2026-04-01 10:18:36 | INFO |   field::linear::feature_4: 0.5473 (True: 0.5000)
2026-04-01 10:18:36 | INFO |   field::linear::feature_4 SQE: 0.002234
2026-04-01 10:18:36 | INFO |   field::quadratic::feature_4: -0.0668 (True: -0.0750)
2026-04-01 10:18:36 | INFO |   field::quadratic::feature_4 SQE: 0.000067
2026-04-01 10:18:36 | INFO |   field::linear::feature_5: 0.2447 (True: 0.2400)
2026-04-01 10:18:36 | INFO |   field::linear::feature_5 SQE: 0.000022
2026-04-01 10:18:36 | INFO |   field::quadratic::feature_5: 0.7878 (True: 0.8550)
2026-04-01 10:18:36 | INFO |   field::quadratic::feature_5 SQE: 0.004517
2026-04-01 10:18:36 | INFO |   beta: 1.0499 (True: 1.1000)
2026-04-01 10:18:36 | INFO |   beta SQE: 0.002509
2026-04-01 10:18:36 | INFO |   interaction::adjacency: 1.9671 (True: 2.0000)
2026-04-01 10:18:36 | INFO |   interaction::adjacency SQE: 0.001085
2026-04-01 10:18:36 | INFO |   eta: 0.6861 (True: 0.7000)
2026-04-01 10:18:36 | INFO |   eta SQE: 0.000194
2026-04-01 10:18:36 | INFO |   zeta: -1.0383 (True: -1.0000)
2026-04-01 10:18:36 | INFO |   zeta SQE: 0.001466
2026-04-01 10:18:36 | INFO |   psi: 0.4296 (True: 0.4000)
2026-04-01 10:18:36 | INFO |   psi SQE: 0.000876
2026-04-01 10:18:36 | INFO | Saved summary tables to C:\Users\phevo\Documents\MIT\Code\MPLE-Causal-Inference\experiments\n1000_t10_low_temp_fro_large_shared_feature_field_known_graph_20260331_230903\mple_summary.csv and C:\Users\phevo\Documents\MIT\Code\MPLE-Causal-Inference\experiments\n1000_t10_low_temp_fro_large_shared_feature_field_known_graph_20260331_230903\mple_summary.md
2026-04-01 10:18:36 | INFO | Log saved to C:\Users\phevo\Documents\MIT\Code\MPLE-Causal-Inference\experiments\n1000_t10_low_temp_fro_large_shared_feature_field_known_graph_20260331_230903\mple.log
