2026-05-02 21:50:57 | INFO | Loading data...
2026-05-02 21:50:57 | INFO | Using panel artifact: /orcd/home/002/phevosp/MPLE-Causal-Inference/experiments/HybridExperiments_r5_c1_v2/r5_c1_hybrid_us_county_intervention_generated_graph_confounding/panel_data.npz
2026-05-02 21:50:57 | INFO | Using x_0 artifact: /orcd/home/002/phevosp/MPLE-Causal-Inference/experiments/HybridExperiments_r5_c1_v2/r5_c1_hybrid_us_county_intervention_generated_graph_confounding/x_0.npy
2026-05-02 21:50:57 | INFO | Using fit config: /orcd/home/002/phevosp/MPLE-Causal-Inference/experiments/HybridExperiments_r5_c1_v2/r5_c1_hybrid_us_county_intervention_generated_graph_confounding/cv_runs/alternating_uv_grid/candidates/alternating_uv_grid_candidate_0005/fold_1/fit_realized_config.yaml
2026-05-02 21:50:57 | INFO | Using model artifact directory: /orcd/home/002/phevosp/MPLE-Causal-Inference/experiments/HybridExperiments_r5_c1_v2/r5_c1_hybrid_us_county_intervention_generated_graph_confounding
2026-05-02 21:50:57 | INFO | Using truth artifact directory: /orcd/home/002/phevosp/MPLE-Causal-Inference/experiments/HybridExperiments_r5_c1_v2/r5_c1_hybrid_us_county_intervention_generated_graph_confounding
2026-05-02 21:50:57 | INFO | Using loss mask artifact: /orcd/home/002/phevosp/MPLE-Causal-Inference/experiments/HybridExperiments_r5_c1_v2/r5_c1_hybrid_us_county_intervention_generated_graph_confounding/cv_runs/alternating_uv_grid/candidates/alternating_uv_grid_candidate_0005/fold_1/loss_mask.npy
2026-05-02 21:50:57 | INFO | Configured optimizer mode: alternating_latent_rank
2026-05-02 21:50:57 | INFO | Configured latent rank: 5
2026-05-02 21:50:57 | INFO | Using a fixed known graph with scalar xi.
2026-05-02 21:50:57 | INFO | Fit-time hard bounds active: False
2026-05-02 21:50:57 | INFO | Fixed scalar parameters: {}
2026-05-02 21:50:57 | INFO | Warm-start fixed scalars: {} for 0 steps
2026-05-02 21:50:57 | INFO | Beta mask before s: True with s=50
2026-05-02 21:50:57 | INFO | Beta mask after e: True with e=115
2026-05-02 21:50:57 | INFO | Alternating V-column L2-ball constraint active with radius 1.0
2026-05-02 21:50:57 | INFO | Optimizer settings: steps=2000, tol=1e-07, n_starts=1, seed=0, lambda_nuclear=0.0, lambda_frobenius=0.0, lambda_uv_ridge=0.05, v_column_l2_max=1.0, proximal_lr=1.0
2026-05-02 21:50:57 | INFO | Alternating low-rank start 1/1 | seed=0 | initial_loss=0.760627 | initial_penalized=0.760632
2026-05-02 21:50:57 | INFO | Alternating low-rank iter 0 | Loss: 0.635197 | Penalized: 0.641027
2026-05-02 21:51:14 | INFO | Alternating low-rank iter 100 | Loss: 0.520155 | Penalized: 0.550551
2026-05-02 21:51:30 | INFO | Alternating low-rank iter 200 | Loss: 0.518375 | Penalized: 0.548931
2026-05-02 21:51:44 | INFO | Alternating low-rank iter 300 | Loss: 0.517620 | Penalized: 0.548158
2026-05-02 21:51:57 | INFO | Alternating low-rank iter 400 | Loss: 0.517200 | Penalized: 0.547729
2026-05-02 21:52:10 | INFO | Alternating low-rank iter 500 | Loss: 0.516952 | Penalized: 0.547486
2026-05-02 21:52:23 | INFO | Alternating low-rank iter 600 | Loss: 0.516801 | Penalized: 0.547347
2026-05-02 21:52:36 | INFO | Alternating low-rank iter 700 | Loss: 0.516705 | Penalized: 0.547266
2026-05-02 21:52:48 | INFO | Alternating low-rank iter 800 | Loss: 0.516638 | Penalized: 0.547217
2026-05-02 21:53:01 | INFO | Alternating low-rank iter 900 | Loss: 0.516582 | Penalized: 0.547185
2026-05-02 21:53:14 | INFO | Alternating low-rank iter 1000 | Loss: 0.516513 | Penalized: 0.547151
2026-05-02 21:53:27 | INFO | Alternating low-rank iter 1100 | Loss: 0.516374 | Penalized: 0.547072
2026-05-02 21:53:36 | INFO | Done fitting.
2026-05-02 21:53:36 | INFO | Optimizer status: CONVERGED: alternating objective tolerance reached
2026-05-02 21:53:36 | INFO | Best optimizer start: 1 / 1
2026-05-02 21:53:36 | INFO | Final Loss: 0.516336
2026-05-02 21:53:36 | INFO | Estimated vs True Parameters:
2026-05-02 21:53:36 | INFO |   beta: -0.1342 (True: -0.3000) | SQE: 0.027483
2026-05-02 21:53:36 | INFO |   xi: 0.8134 (True: 0.8000) | SQE: 0.000180
2026-05-02 21:53:36 | INFO |   eta: 0.3033 (True: 0.3000) | SQE: 0.000011
2026-05-02 21:53:36 | INFO | Alternating low-rank optimizer diagnostics:
2026-05-02 21:53:36 | INFO |   penalized_objective: 0.547052
2026-05-02 21:53:36 | INFO |   mple_loss_without_penalty: 0.516336
2026-05-02 21:53:36 | INFO |   lambda_uv_ridge: 0.050000
2026-05-02 21:53:36 | INFO |   u_frobenius_norm: 235.614411
2026-05-02 21:53:36 | INFO |   v_frobenius_norm: 2.236068
2026-05-02 21:53:36 | INFO |   effective_rank: 5.000000
2026-05-02 21:53:36 | INFO | Field and interaction diagnostics:
2026-05-02 21:53:36 | INFO |   field_rmse: 0.460510
2026-05-02 21:53:36 | INFO |   interaction_fro_error: 0.101524
2026-05-02 21:53:36 | INFO |   estimated_field_max_abs_entry: 2.294260
2026-05-02 21:53:36 | INFO |   estimated_field_rank: 5.000000
2026-05-02 21:53:36 | INFO |   true_field_max_abs_entry: 3.005890
2026-05-02 21:53:36 | INFO |   true_field_rank: 5.000000
2026-05-02 21:53:36 | INFO | Saved summary table to /orcd/home/002/phevosp/MPLE-Causal-Inference/experiments/HybridExperiments_r5_c1_v2/r5_c1_hybrid_us_county_intervention_generated_graph_confounding/cv_runs/alternating_uv_grid/candidates/alternating_uv_grid_candidate_0005/fold_1/mple_summary.csv
2026-05-02 21:53:36 | INFO | Log saved to /orcd/home/002/phevosp/MPLE-Causal-Inference/experiments/HybridExperiments_r5_c1_v2/r5_c1_hybrid_us_county_intervention_generated_graph_confounding/cv_runs/alternating_uv_grid/candidates/alternating_uv_grid_candidate_0005/fold_1/mple.log
