2026-05-03 10:05:32 | INFO | Loading data...
2026-05-03 10:05:32 | INFO | Using panel artifact: /orcd/home/002/phevosp/MPLE-Causal-Inference/experiments/USCountyVaccination/outcome_death_rate_100k_ge_2__intervention_complete_cov_ge_30__lag_2w__contiguity__start_2020_09_06/panel_data.npz
2026-05-03 10:05:32 | INFO | Using x_0 artifact: /orcd/home/002/phevosp/MPLE-Causal-Inference/experiments/USCountyVaccination/outcome_death_rate_100k_ge_2__intervention_complete_cov_ge_30__lag_2w__contiguity__start_2020_09_06/x_0.npy
2026-05-03 10:05:32 | INFO | Using fit config: /orcd/home/002/phevosp/MPLE-Causal-Inference/experiments/USCountyVaccination/outcome_death_rate_100k_ge_2__intervention_complete_cov_ge_30__lag_2w__contiguity__start_2020_09_06/fits/alternating_rank_5_uv_5_e1_beta_mask/fit_realized_config.yaml
2026-05-03 10:05:32 | INFO | Using model artifact directory: /orcd/home/002/phevosp/MPLE-Causal-Inference/experiments/USCountyVaccination/outcome_death_rate_100k_ge_2__intervention_complete_cov_ge_30__lag_2w__contiguity__start_2020_09_06
2026-05-03 10:05:32 | INFO | Using truth artifact directory: /orcd/home/002/phevosp/MPLE-Causal-Inference/experiments/USCountyVaccination/outcome_death_rate_100k_ge_2__intervention_complete_cov_ge_30__lag_2w__contiguity__start_2020_09_06
2026-05-03 10:05:32 | INFO | Configured optimizer mode: alternating_latent_rank
2026-05-03 10:05:32 | INFO | Configured latent rank: 5
2026-05-03 10:05:32 | INFO | Using a fixed known graph with scalar xi.
2026-05-03 10:05:32 | INFO | Fit-time hard bounds active: False
2026-05-03 10:05:32 | INFO | Fixed scalar parameters: {}
2026-05-03 10:05:32 | INFO | Warm-start fixed scalars: {} for 0 steps
2026-05-03 10:05:32 | INFO | Beta mask before s: True with s=23
2026-05-03 10:05:32 | INFO | Beta mask after e: True with e=88
2026-05-03 10:05:32 | INFO | Alternating V-column L2-ball constraint active with radius 1.0
2026-05-03 10:05:32 | INFO | Optimizer settings: steps=20000, tol=1e-09, n_starts=1, seed=0, lambda_nuclear=0.0, lambda_frobenius=0.0, lambda_uv_ridge=0.5, v_column_l2_max=1.0, proximal_lr=1.0
2026-05-03 10:05:32 | INFO | Alternating low-rank start 1/1 | seed=0 | initial_loss=0.732359 | initial_penalized=0.732376
2026-05-03 10:05:32 | INFO | Alternating low-rank iter 0 | Loss: 0.539879 | Penalized: 0.555056
2026-05-03 10:05:40 | INFO | Alternating low-rank iter 100 | Loss: 0.480335 | Penalized: 0.498278
2026-05-03 10:05:47 | INFO | Alternating low-rank iter 200 | Loss: 0.480332 | Penalized: 0.498108
2026-05-03 10:05:54 | INFO | Alternating low-rank iter 300 | Loss: 0.480341 | Penalized: 0.498107
2026-05-03 10:05:54 | INFO | Done fitting.
2026-05-03 10:05:54 | INFO | Optimizer status: CONVERGED: alternating objective tolerance reached
2026-05-03 10:05:54 | INFO | Best optimizer start: 1 / 1
2026-05-03 10:05:54 | INFO | Final Loss: 0.480341
2026-05-03 10:05:54 | INFO | Estimated Parameters:
2026-05-03 10:05:54 | INFO |   beta: -0.0081
2026-05-03 10:05:54 | INFO |   xi: 1.7903
2026-05-03 10:05:54 | INFO |   eta: 0.2052
2026-05-03 10:05:54 | INFO | Alternating low-rank optimizer diagnostics:
2026-05-03 10:05:54 | INFO |   penalized_objective: 0.498107
2026-05-03 10:05:54 | INFO |   mple_loss_without_penalty: 0.480341
2026-05-03 10:05:54 | INFO |   lambda_uv_ridge: 0.500000
2026-05-03 10:05:54 | INFO |   u_frobenius_norm: 97.052358
2026-05-03 10:05:54 | INFO |   v_frobenius_norm: 2.236068
2026-05-03 10:05:54 | INFO |   effective_rank: 5.000000
2026-05-03 10:05:54 | INFO | Field and interaction diagnostics:
2026-05-03 10:05:54 | INFO |   estimated_field_max_abs_entry: 0.952553
2026-05-03 10:05:54 | INFO |   estimated_field_rank: 5.000000
2026-05-03 10:05:54 | INFO | Saved summary table to /orcd/home/002/phevosp/MPLE-Causal-Inference/experiments/USCountyVaccination/outcome_death_rate_100k_ge_2__intervention_complete_cov_ge_30__lag_2w__contiguity__start_2020_09_06/fits/alternating_rank_5_uv_5_e1_beta_mask/mple_summary.csv
2026-05-03 10:05:54 | INFO | Log saved to /orcd/home/002/phevosp/MPLE-Causal-Inference/experiments/USCountyVaccination/outcome_death_rate_100k_ge_2__intervention_complete_cov_ge_30__lag_2w__contiguity__start_2020_09_06/fits/alternating_rank_5_uv_5_e1_beta_mask/mple.log
