2026-05-06 02:51:07 | INFO | Loading data...
2026-05-06 02:51:07 | INFO | Using panel artifact: /orcd/home/002/phevosp/MPLE-Causal-Inference/experiments/FINAL/USCountyVaccination/outcome_death_rate_100k_ge_2__intervention_complete_cov_ge_30__lag_2w__distance_kernel_8__start_2020_03_01/panel_data.npz
2026-05-06 02:51:07 | INFO | Using x_0 artifact: /orcd/home/002/phevosp/MPLE-Causal-Inference/experiments/FINAL/USCountyVaccination/outcome_death_rate_100k_ge_2__intervention_complete_cov_ge_30__lag_2w__distance_kernel_8__start_2020_03_01/x_0.npy
2026-05-06 02:51:07 | INFO | Using fit config: /orcd/home/002/phevosp/MPLE-Causal-Inference/experiments/FINAL/USCountyVaccination/outcome_death_rate_100k_ge_2__intervention_complete_cov_ge_30__lag_2w__distance_kernel_8__start_2020_03_01/cv_runs/alternating_uv_grid/candidates/alternating_uv_grid_candidate_0007/fold_5/fit_realized_config.yaml
2026-05-06 02:51:07 | INFO | Using model artifact directory: /orcd/home/002/phevosp/MPLE-Causal-Inference/experiments/FINAL/USCountyVaccination/outcome_death_rate_100k_ge_2__intervention_complete_cov_ge_30__lag_2w__distance_kernel_8__start_2020_03_01
2026-05-06 02:51:07 | INFO | Using truth artifact directory: /orcd/home/002/phevosp/MPLE-Causal-Inference/experiments/FINAL/USCountyVaccination/outcome_death_rate_100k_ge_2__intervention_complete_cov_ge_30__lag_2w__distance_kernel_8__start_2020_03_01
2026-05-06 02:51:07 | INFO | Using loss mask artifact: /orcd/home/002/phevosp/MPLE-Causal-Inference/experiments/FINAL/USCountyVaccination/outcome_death_rate_100k_ge_2__intervention_complete_cov_ge_30__lag_2w__distance_kernel_8__start_2020_03_01/cv_runs/alternating_uv_grid/candidates/alternating_uv_grid_candidate_0007/fold_5/loss_mask.npy
2026-05-06 02:51:07 | INFO | Configured optimizer mode: alternating_latent_rank
2026-05-06 02:51:07 | INFO | Configured latent rank: 5
2026-05-06 02:51:07 | INFO | Using a fixed known graph with scalar xi.
2026-05-06 02:51:07 | INFO | Fit-time hard bounds active: False
2026-05-06 02:51:07 | INFO | Fixed scalar parameters: {}
2026-05-06 02:51:07 | INFO | Warm-start fixed scalars: {} for 0 steps
2026-05-06 02:51:07 | INFO | Beta mask before s: True with s=50
2026-05-06 02:51:07 | INFO | Beta mask after e: True with e=115
2026-05-06 02:51:07 | INFO | Alternating V-column L2-ball constraint active with radius 1.0
2026-05-06 02:51:07 | INFO | Optimizer settings: steps=2000, tol=1e-07, n_starts=1, seed=0, lambda_nuclear=0.0, lambda_frobenius=0.0, lambda_uv_ridge=0.001, v_column_l2_max=1.0, proximal_lr=1.0
2026-05-06 02:51:07 | INFO | Alternating low-rank start 1/1 | seed=0 | initial_loss=0.829864 | initial_penalized=0.829864
2026-05-06 02:51:07 | INFO | Alternating low-rank iter 0 | Loss: 0.497915 | Penalized: 0.498005
2026-05-06 02:51:17 | INFO | Alternating low-rank iter 100 | Loss: 0.390608 | Penalized: 0.392869
2026-05-06 02:51:26 | INFO | Alternating low-rank iter 200 | Loss: 0.389135 | Penalized: 0.391759
2026-05-06 02:51:36 | INFO | Alternating low-rank iter 300 | Loss: 0.388569 | Penalized: 0.391398
2026-05-06 02:51:45 | INFO | Alternating low-rank iter 400 | Loss: 0.388229 | Penalized: 0.391220
2026-05-06 02:51:54 | INFO | Alternating low-rank iter 500 | Loss: 0.388063 | Penalized: 0.391156
2026-05-06 02:52:04 | INFO | Alternating low-rank iter 600 | Loss: 0.387977 | Penalized: 0.391128
2026-05-06 02:52:13 | INFO | Alternating low-rank iter 700 | Loss: 0.387928 | Penalized: 0.391113
2026-05-06 02:52:23 | INFO | Alternating low-rank iter 800 | Loss: 0.387894 | Penalized: 0.391101
2026-05-06 02:52:32 | INFO | Alternating low-rank iter 900 | Loss: 0.387866 | Penalized: 0.391089
2026-05-06 02:52:41 | INFO | Alternating low-rank iter 1000 | Loss: 0.387833 | Penalized: 0.391073
2026-05-06 02:52:51 | INFO | Alternating low-rank iter 1100 | Loss: 0.387780 | Penalized: 0.391044
2026-05-06 02:53:00 | INFO | Alternating low-rank iter 1200 | Loss: 0.387701 | Penalized: 0.391003
2026-05-06 02:53:10 | INFO | Alternating low-rank iter 1300 | Loss: 0.387621 | Penalized: 0.390969
2026-05-06 02:53:19 | INFO | Alternating low-rank iter 1400 | Loss: 0.387559 | Penalized: 0.390949
2026-05-06 02:53:23 | INFO | Done fitting.
2026-05-06 02:53:23 | INFO | Optimizer status: CONVERGED: alternating objective tolerance reached
2026-05-06 02:53:23 | INFO | Best optimizer start: 1 / 1
2026-05-06 02:53:23 | INFO | Final Loss: 0.387542
2026-05-06 02:53:23 | INFO | Estimated Parameters:
2026-05-06 02:53:23 | INFO |   beta: -0.0442
2026-05-06 02:53:23 | INFO |   xi: 1.0249
2026-05-06 02:53:23 | INFO |   eta: 0.0195
2026-05-06 02:53:23 | INFO | Alternating low-rank optimizer diagnostics:
2026-05-06 02:53:23 | INFO |   penalized_objective: 0.390945
2026-05-06 02:53:23 | INFO |   mple_loss_without_penalty: 0.387542
2026-05-06 02:53:23 | INFO |   lambda_uv_ridge: 0.001000
2026-05-06 02:53:23 | INFO |   u_frobenius_norm: 910.499208
2026-05-06 02:53:23 | INFO |   v_frobenius_norm: 2.236068
2026-05-06 02:53:23 | INFO |   effective_rank: 5.000000
2026-05-06 02:53:23 | INFO | Field and interaction diagnostics:
2026-05-06 02:53:23 | INFO |   estimated_field_max_abs_entry: 34.115228
2026-05-06 02:53:23 | INFO |   estimated_field_rank: 5.000000
2026-05-06 02:53:23 | INFO | Saved summary table to /orcd/home/002/phevosp/MPLE-Causal-Inference/experiments/FINAL/USCountyVaccination/outcome_death_rate_100k_ge_2__intervention_complete_cov_ge_30__lag_2w__distance_kernel_8__start_2020_03_01/cv_runs/alternating_uv_grid/candidates/alternating_uv_grid_candidate_0007/fold_5/mple_summary.csv
2026-05-06 02:53:23 | INFO | Log saved to /orcd/home/002/phevosp/MPLE-Causal-Inference/experiments/FINAL/USCountyVaccination/outcome_death_rate_100k_ge_2__intervention_complete_cov_ge_30__lag_2w__distance_kernel_8__start_2020_03_01/cv_runs/alternating_uv_grid/candidates/alternating_uv_grid_candidate_0007/fold_5/mple.log
