2026-05-01 08:43:29 | INFO | Loading data...
2026-05-01 08:43:29 | INFO | Using panel artifact: /orcd/home/002/phevosp/MPLE-Causal-Inference/experiments/SyntheticHybridExperiments/base/panel_data.npz
2026-05-01 08:43:29 | INFO | Using x_0 artifact: /orcd/home/002/phevosp/MPLE-Causal-Inference/experiments/SyntheticHybridExperiments/base/x_0.npy
2026-05-01 08:43:29 | INFO | Using fit config: /orcd/home/002/phevosp/MPLE-Causal-Inference/experiments/SyntheticHybridExperiments/base/cv_runs/alternating_uv_grid/candidates/alternating_uv_grid_candidate_0005/fold_10/fit_realized_config.yaml
2026-05-01 08:43:29 | INFO | Using model artifact directory: /orcd/home/002/phevosp/MPLE-Causal-Inference/experiments/SyntheticHybridExperiments/base
2026-05-01 08:43:29 | INFO | Using truth artifact directory: /orcd/home/002/phevosp/MPLE-Causal-Inference/experiments/SyntheticHybridExperiments/base
2026-05-01 08:43:29 | INFO | Using loss mask artifact: /orcd/home/002/phevosp/MPLE-Causal-Inference/experiments/SyntheticHybridExperiments/base/cv_runs/alternating_uv_grid/candidates/alternating_uv_grid_candidate_0005/fold_10/loss_mask.npy
2026-05-01 08:43:29 | INFO | Configured optimizer mode: alternating_latent_rank
2026-05-01 08:43:29 | INFO | Configured latent rank: 3
2026-05-01 08:43:29 | INFO | Using a fixed known graph with scalar xi.
2026-05-01 08:43:29 | INFO | Fit-time hard bounds active: False
2026-05-01 08:43:29 | INFO | Fixed scalar parameters: {}
2026-05-01 08:43:29 | INFO | Warm-start fixed scalars: {} for 0 steps
2026-05-01 08:43:29 | INFO | Beta mask before s: False with s=0
2026-05-01 08:43:29 | INFO | Beta mask after e: False with e=11
2026-05-01 08:43:29 | INFO | Alternating V-column L2-ball constraint active with radius 1.0
2026-05-01 08:43:29 | INFO | Optimizer settings: steps=2000, tol=1e-07, n_starts=1, seed=0, lambda_nuclear=0.0, lambda_frobenius=0.0, lambda_uv_ridge=0.1, v_column_l2_max=1.0, proximal_lr=1.0
2026-05-01 08:43:29 | INFO | Alternating low-rank start 1/1 | seed=0 | initial_loss=0.838200 | initial_penalized=0.838354
2026-05-01 08:43:29 | INFO | Alternating low-rank iter 0 | Loss: 0.663439 | Penalized: 0.680895
2026-05-01 08:43:31 | INFO | Alternating low-rank iter 100 | Loss: 0.445566 | Penalized: 0.508068
2026-05-01 08:43:32 | INFO | Alternating low-rank iter 200 | Loss: 0.444674 | Penalized: 0.507270
2026-05-01 08:43:32 | INFO | Alternating low-rank iter 300 | Loss: 0.444292 | Penalized: 0.506818
2026-05-01 08:43:33 | INFO | Alternating low-rank iter 400 | Loss: 0.443981 | Penalized: 0.506452
2026-05-01 08:43:34 | INFO | Alternating low-rank iter 500 | Loss: 0.443718 | Penalized: 0.506145
2026-05-01 08:43:35 | INFO | Alternating low-rank iter 600 | Loss: 0.443434 | Penalized: 0.505845
2026-05-01 08:43:36 | INFO | Alternating low-rank iter 700 | Loss: 0.442512 | Penalized: 0.505137
2026-05-01 08:43:36 | INFO | Alternating low-rank iter 800 | Loss: 0.440655 | Penalized: 0.503985
2026-05-01 08:43:37 | INFO | Alternating low-rank iter 900 | Loss: 0.440267 | Penalized: 0.503734
2026-05-01 08:43:38 | INFO | Alternating low-rank iter 1000 | Loss: 0.440097 | Penalized: 0.503589
2026-05-01 08:43:39 | INFO | Alternating low-rank iter 1100 | Loss: 0.439957 | Penalized: 0.503470
2026-05-01 08:43:39 | INFO | Alternating low-rank iter 1200 | Loss: 0.439838 | Penalized: 0.503373
2026-05-01 08:43:40 | INFO | Alternating low-rank iter 1300 | Loss: 0.439736 | Penalized: 0.503293
2026-05-01 08:43:41 | INFO | Alternating low-rank iter 1400 | Loss: 0.439650 | Penalized: 0.503227
2026-05-01 08:43:42 | INFO | Alternating low-rank iter 1500 | Loss: 0.439575 | Penalized: 0.503174
2026-05-01 08:43:43 | INFO | Alternating low-rank iter 1600 | Loss: 0.439511 | Penalized: 0.503129
2026-05-01 08:43:44 | INFO | Alternating low-rank iter 1700 | Loss: 0.439456 | Penalized: 0.503093
2026-05-01 08:43:45 | INFO | Alternating low-rank iter 1800 | Loss: 0.439409 | Penalized: 0.503063
2026-05-01 08:43:45 | INFO | Alternating low-rank iter 1900 | Loss: 0.439368 | Penalized: 0.503039
2026-05-01 08:43:46 | INFO | Done fitting.
2026-05-01 08:43:46 | INFO | Optimizer status: STOP: TOTAL NO. OF ITERATIONS REACHED LIMIT
2026-05-01 08:43:46 | INFO | Best optimizer start: 1 / 1
2026-05-01 08:43:46 | INFO | Final Loss: 0.439332
2026-05-01 08:43:46 | INFO | Estimated vs True Parameters:
2026-05-01 08:43:46 | INFO |   beta: -0.3261 (True: -0.3000) | SQE: 0.000681
2026-05-01 08:43:46 | INFO |   xi: 0.7295 (True: 0.8000) | SQE: 0.004973
2026-05-01 08:43:46 | INFO |   eta: 0.3060 (True: 0.3000) | SQE: 0.000036
2026-05-01 08:43:46 | INFO | Alternating low-rank optimizer diagnostics:
2026-05-01 08:43:46 | INFO |   penalized_objective: 0.503019
2026-05-01 08:43:46 | INFO |   mple_loss_without_penalty: 0.439332
2026-05-01 08:43:46 | INFO |   lambda_uv_ridge: 0.100000
2026-05-01 08:43:46 | INFO |   u_frobenius_norm: 43.442090
2026-05-01 08:43:46 | INFO |   v_frobenius_norm: 1.732051
2026-05-01 08:43:46 | INFO |   effective_rank: 3.000000
2026-05-01 08:43:46 | INFO | Field and interaction diagnostics:
2026-05-01 08:43:46 | INFO |   field_rmse: 0.275145
2026-05-01 08:43:46 | INFO |   interaction_fro_error: 0.186390
2026-05-01 08:43:46 | INFO |   estimated_field_max_abs_entry: 1.422291
2026-05-01 08:43:46 | INFO |   estimated_field_rank: 3.000000
2026-05-01 08:43:46 | INFO |   true_field_max_abs_entry: 0.000000
2026-05-01 08:43:46 | INFO |   true_field_rank: 0.000000
2026-05-01 08:43:46 | INFO | Saved summary table to /orcd/home/002/phevosp/MPLE-Causal-Inference/experiments/SyntheticHybridExperiments/base/cv_runs/alternating_uv_grid/candidates/alternating_uv_grid_candidate_0005/fold_10/mple_summary.csv
2026-05-01 08:43:46 | INFO | Log saved to /orcd/home/002/phevosp/MPLE-Causal-Inference/experiments/SyntheticHybridExperiments/base/cv_runs/alternating_uv_grid/candidates/alternating_uv_grid_candidate_0005/fold_10/mple.log
