2026-06-12 10:54:26 | INFO | Loading data...
2026-06-12 10:54:26 | INFO | Using panel artifact: /orcd/home/002/phevosp/MPLE-Causal-Inference/experiments/HybridAlt2/partial_confounding/panel_data.npz
2026-06-12 10:54:26 | INFO | Using x_0 artifact: /orcd/home/002/phevosp/MPLE-Causal-Inference/experiments/HybridAlt2/partial_confounding/x_0.npy
2026-06-12 10:54:26 | INFO | Using fit config: /orcd/home/002/phevosp/MPLE-Causal-Inference/experiments/HybridAlt2/partial_confounding/cv_runs/default/candidates/default_candidate_0001/fold_7/fit_realized_config.yaml
2026-06-12 10:54:26 | INFO | Using model artifact directory: /orcd/home/002/phevosp/MPLE-Causal-Inference/experiments/HybridAlt2/partial_confounding
2026-06-12 10:54:26 | INFO | Using truth artifact directory: /orcd/home/002/phevosp/MPLE-Causal-Inference/experiments/HybridAlt2/partial_confounding
2026-06-12 10:54:26 | INFO | Using loss mask artifact: /orcd/home/002/phevosp/MPLE-Causal-Inference/experiments/HybridAlt2/partial_confounding/cv_runs/default/candidates/default_candidate_0001/fold_7/loss_mask.npy
2026-06-12 10:54:26 | INFO | Configured optimizer mode: alternating_latent_rank
2026-06-12 10:54:26 | INFO | Configured latent rank: 8
2026-06-12 10:54:26 | INFO | Using a fixed known graph with scalar xi.
2026-06-12 10:54:26 | INFO | Fit-time hard bounds active: False
2026-06-12 10:54:26 | INFO | Fixed scalar parameters: {}
2026-06-12 10:54:26 | INFO | Warm-start fixed scalars: {} for 0 steps
2026-06-12 10:54:26 | INFO | Beta-gradient mask before s: True with s=50
2026-06-12 10:54:26 | INFO | Beta-gradient mask after e: True with e=115
2026-06-12 10:54:26 | INFO | Alternating V-column L2-ball constraint active with radius 1.0
2026-06-12 10:54:26 | INFO | Optimizer settings: steps=2000, tol=1e-07, n_starts=1, seed=0, lambda_nuclear=0.0, lambda_frobenius=0.0, lambda_uv_ridge=0.001, v_column_l2_max=1.0, proximal_lr=1.0
2026-06-12 10:54:26 | INFO | Alternating low-rank start 1/1 | seed=0 | initial_loss=0.714903 | initial_penalized=0.714903
2026-06-12 10:54:26 | INFO | Alternating low-rank iter 0 | Loss: 0.555695 | Penalized: 0.555803
2026-06-12 10:54:38 | INFO | Alternating low-rank iter 100 | Loss: 0.503134 | Penalized: 0.504192
2026-06-12 10:54:50 | INFO | Alternating low-rank iter 200 | Loss: 0.501994 | Penalized: 0.503505
2026-06-12 10:55:01 | INFO | Alternating low-rank iter 300 | Loss: 0.501255 | Penalized: 0.503097
2026-06-12 10:55:13 | INFO | Alternating low-rank iter 400 | Loss: 0.500990 | Penalized: 0.503012
2026-06-12 10:55:24 | INFO | Done fitting.
2026-06-12 10:55:24 | INFO | Optimizer status: CONVERGED: alternating objective tolerance reached
2026-06-12 10:55:24 | INFO | Best optimizer start: 1 / 1
2026-06-12 10:55:24 | INFO | Final Loss: 0.500889
2026-06-12 10:55:24 | INFO | Estimated vs True Parameters:
2026-06-12 10:55:24 | INFO |   beta: -0.3177 (True: -0.3000) | SQE: 0.000312
2026-06-12 10:55:24 | INFO |   xi: 0.8756 (True: 0.8000) | SQE: 0.005720
2026-06-12 10:55:24 | INFO |   eta: 0.2895 (True: 0.3000) | SQE: 0.000110
2026-06-12 10:55:24 | INFO | Alternating low-rank optimizer diagnostics:
2026-06-12 10:55:24 | INFO |   penalized_objective: 0.502994
2026-06-12 10:55:24 | INFO |   mple_loss_without_penalty: 0.500889
2026-06-12 10:55:24 | INFO |   lambda_uv_ridge: 0.001000
2026-06-12 10:55:24 | INFO |   u_frobenius_norm: 777.808277
2026-06-12 10:55:24 | INFO |   v_frobenius_norm: 2.828427
2026-06-12 10:55:24 | INFO |   effective_rank: 8.000000
2026-06-12 10:55:24 | INFO | Field and interaction diagnostics:
2026-06-12 10:55:24 | INFO |   field_rmse: 1.345208
2026-06-12 10:55:24 | INFO |   interaction_fro_error: 0.836766
2026-06-12 10:55:24 | INFO |   estimated_field_max_abs_entry: 36.966966
2026-06-12 10:55:24 | INFO |   estimated_field_rank: 8.000000
2026-06-12 10:55:24 | INFO |   true_field_max_abs_entry: 3.751754
2026-06-12 10:55:24 | INFO |   true_field_rank: 8.000000
2026-06-12 10:55:24 | INFO | Saved summary table to /orcd/home/002/phevosp/MPLE-Causal-Inference/experiments/HybridAlt2/partial_confounding/cv_runs/default/candidates/default_candidate_0001/fold_7/mple_summary.csv
2026-06-12 10:55:24 | INFO | Log saved to /orcd/home/002/phevosp/MPLE-Causal-Inference/experiments/HybridAlt2/partial_confounding/cv_runs/default/candidates/default_candidate_0001/fold_7/mple.log
