2026-04-01 10:17:20 | INFO | Loading data...
2026-04-01 10:17:20 | INFO | Loaded 11 field templates and 11 interaction templates.
2026-04-01 10:17:20 | INFO | Running conditional-model MPLE on x with shape=(100, 100)
2026-04-01 10:17:20 | INFO | Eval 0  |  Loss: 0.725148
2026-04-01 10:17:20 | INFO |   field::intercept: +0.0126,  field::linear::feature_1: -0.0132,  field::quadratic::feature_1: +0.0640,  field::linear::feature_2: +0.0105,  field::quadratic::feature_2: -0.0536,  field::linear::feature_3: +0.0362,  field::quadratic::feature_3: +0.1304,  field::linear::feature_4: +0.0947,  field::quadratic::feature_4: -0.0704,  field::linear::feature_5: -0.1265,  field::quadratic::feature_5: -0.0623,  beta: +0.0041,  interaction::adjacency: -0.2325,  interaction::distance_kernel::feature_1: -0.0219,  interaction::cross_similarity::feature_1: -0.1246,  interaction::distance_kernel::feature_2: -0.0732,  interaction::cross_similarity::feature_2: -0.0544,  interaction::distance_kernel::feature_3: -0.0316,  interaction::cross_similarity::feature_3: +0.0412,  interaction::distance_kernel::feature_4: +0.1043,  interaction::cross_similarity::feature_4: -0.0129,  interaction::distance_kernel::feature_5: +0.1366,  interaction::cross_similarity::feature_5: -0.0665,  eta: +0.0352,  zeta: +0.0903,  psi: +0.0094
2026-04-01 10:17:21 | INFO | Eval 100  |  Loss: 0.412392
2026-04-01 10:17:21 | INFO |   field::intercept: +0.4515,  field::linear::feature_1: +0.1817,  field::quadratic::feature_1: +0.6230,  field::linear::feature_2: +0.9066,  field::quadratic::feature_2: -0.9274,  field::linear::feature_3: +0.4139,  field::quadratic::feature_3: -0.2725,  field::linear::feature_4: +0.5321,  field::quadratic::feature_4: -0.1776,  field::linear::feature_5: +0.2888,  field::quadratic::feature_5: +0.8415,  beta: +1.1520,  interaction::adjacency: +0.3477,  interaction::distance_kernel::feature_1: +0.0677,  interaction::cross_similarity::feature_1: -0.0331,  interaction::distance_kernel::feature_2: -0.0226,  interaction::cross_similarity::feature_2: +0.3751,  interaction::distance_kernel::feature_3: -0.0555,  interaction::cross_similarity::feature_3: -0.1418,  interaction::distance_kernel::feature_4: +0.2059,  interaction::cross_similarity::feature_4: -0.3818,  interaction::distance_kernel::feature_5: +0.4356,  interaction::cross_similarity::feature_5: -0.2075,  eta: +0.7658,  zeta: -1.0036,  psi: +0.3982
2026-04-01 10:17:21 | INFO | Done fitting.
2026-04-01 10:17:21 | INFO | Optimizer status: CONVERGENCE: RELATIVE REDUCTION OF F <= FACTR*EPSMCH
2026-04-01 10:17:21 | INFO | Final Loss: 0.412392
2026-04-01 10:17:21 | INFO | Estimated vs True Parameters:
2026-04-01 10:17:21 | INFO |   field::intercept: 0.4515 (True: 0.4250)
2026-04-01 10:17:21 | INFO |   field::intercept SQE: 0.000701
2026-04-01 10:17:21 | INFO |   field::linear::feature_1: 0.1814 (True: 0.2200)
2026-04-01 10:17:21 | INFO |   field::linear::feature_1 SQE: 0.001492
2026-04-01 10:17:21 | INFO |   field::quadratic::feature_1: 0.6248 (True: 0.6750)
2026-04-01 10:17:21 | INFO |   field::quadratic::feature_1 SQE: 0.002522
2026-04-01 10:17:21 | INFO |   field::linear::feature_2: 0.9066 (True: 0.9200)
2026-04-01 10:17:21 | INFO |   field::linear::feature_2 SQE: 0.000181
2026-04-01 10:17:21 | INFO |   field::quadratic::feature_2: -0.9291 (True: -0.7500)
2026-04-01 10:17:21 | INFO |   field::quadratic::feature_2 SQE: 0.032090
2026-04-01 10:17:21 | INFO |   field::linear::feature_3: 0.4141 (True: 0.4400)
2026-04-01 10:17:21 | INFO |   field::linear::feature_3 SQE: 0.000671
2026-04-01 10:17:21 | INFO |   field::quadratic::feature_3: -0.2727 (True: -0.1750)
2026-04-01 10:17:21 | INFO |   field::quadratic::feature_3 SQE: 0.009546
2026-04-01 10:17:21 | INFO |   field::linear::feature_4: 0.5321 (True: 0.5000)
2026-04-01 10:17:21 | INFO |   field::linear::feature_4 SQE: 0.001027
2026-04-01 10:17:21 | INFO |   field::quadratic::feature_4: -0.1785 (True: -0.0750)
2026-04-01 10:17:21 | INFO |   field::quadratic::feature_4 SQE: 0.010719
2026-04-01 10:17:21 | INFO |   field::linear::feature_5: 0.2886 (True: 0.2400)
2026-04-01 10:17:21 | INFO |   field::linear::feature_5 SQE: 0.002362
2026-04-01 10:17:21 | INFO |   field::quadratic::feature_5: 0.8423 (True: 0.8550)
2026-04-01 10:17:21 | INFO |   field::quadratic::feature_5 SQE: 0.000162
2026-04-01 10:17:21 | INFO |   beta: 1.1521 (True: 1.1000)
2026-04-01 10:17:21 | INFO |   beta SQE: 0.002719
2026-04-01 10:17:21 | INFO |   interaction::adjacency: 0.3481 (True: 0.3750)
2026-04-01 10:17:21 | INFO |   interaction::adjacency SQE: 0.000726
2026-04-01 10:17:21 | INFO |   interaction::distance_kernel::feature_1: 0.0723 (True: 0.1200)
2026-04-01 10:17:21 | INFO |   interaction::distance_kernel::feature_1 SQE: 0.002278
2026-04-01 10:17:21 | INFO |   interaction::cross_similarity::feature_1: -0.0322 (True: 0.0600)
2026-04-01 10:17:21 | INFO |   interaction::cross_similarity::feature_1 SQE: 0.008506
2026-04-01 10:17:21 | INFO |   interaction::distance_kernel::feature_2: -0.0252 (True: 0.1200)
2026-04-01 10:17:21 | INFO |   interaction::distance_kernel::feature_2 SQE: 0.021072
2026-04-01 10:17:21 | INFO |   interaction::cross_similarity::feature_2: 0.3769 (True: 0.0600)
2026-04-01 10:17:21 | INFO |   interaction::cross_similarity::feature_2 SQE: 0.100445
2026-04-01 10:17:21 | INFO |   interaction::distance_kernel::feature_3: -0.0566 (True: 0.1200)
2026-04-01 10:17:21 | INFO |   interaction::distance_kernel::feature_3 SQE: 0.031198
2026-04-01 10:17:21 | INFO |   interaction::cross_similarity::feature_3: -0.1421 (True: 0.0600)
2026-04-01 10:17:21 | INFO |   interaction::cross_similarity::feature_3 SQE: 0.040865
2026-04-01 10:17:21 | INFO |   interaction::distance_kernel::feature_4: 0.2030 (True: 0.1200)
2026-04-01 10:17:21 | INFO |   interaction::distance_kernel::feature_4 SQE: 0.006891
2026-04-01 10:17:21 | INFO |   interaction::cross_similarity::feature_4: -0.3781 (True: 0.0600)
2026-04-01 10:17:21 | INFO |   interaction::cross_similarity::feature_4 SQE: 0.191944
2026-04-01 10:17:21 | INFO |   interaction::distance_kernel::feature_5: 0.4376 (True: 0.1950)
2026-04-01 10:17:21 | INFO |   interaction::distance_kernel::feature_5 SQE: 0.058855
2026-04-01 10:17:21 | INFO |   interaction::cross_similarity::feature_5: -0.2067 (True: 0.2100)
2026-04-01 10:17:21 | INFO |   interaction::cross_similarity::feature_5 SQE: 0.173662
2026-04-01 10:17:21 | INFO |   eta: 0.7659 (True: 0.7000)
2026-04-01 10:17:21 | INFO |   eta SQE: 0.004349
2026-04-01 10:17:21 | INFO |   zeta: -1.0037 (True: -1.0000)
2026-04-01 10:17:21 | INFO |   zeta SQE: 0.000014
2026-04-01 10:17:21 | INFO |   psi: 0.3983 (True: 0.4000)
2026-04-01 10:17:21 | INFO |   psi SQE: 0.000003
2026-04-01 10:17:21 | INFO | Saved summary tables to C:\Users\phevo\Documents\MIT\Code\MPLE-Causal-Inference\experiments\n100_t100_low_temp_fro_medium_shared_feature_field_shared_feature_interactions_20260331_230316\mple_summary.csv and C:\Users\phevo\Documents\MIT\Code\MPLE-Causal-Inference\experiments\n100_t100_low_temp_fro_medium_shared_feature_field_shared_feature_interactions_20260331_230316\mple_summary.md
2026-04-01 10:17:21 | INFO | Log saved to C:\Users\phevo\Documents\MIT\Code\MPLE-Causal-Inference\experiments\n100_t100_low_temp_fro_medium_shared_feature_field_shared_feature_interactions_20260331_230316\mple.log
