2026-04-25 19:42:20 | INFO | Loading data...
2026-04-25 19:42:20 | INFO | Using panel artifact: /orcd/home/002/phevosp/MPLE-Causal-Inference/experiments/USCountyVaccination_US_trimmed/outcome_death_rate_100k_ge_2__intervention_complete_cov_ge_40__lag_2w__contiguity__start_2021_01_03/panel_data.npz
2026-04-25 19:42:20 | INFO | Using x_0 artifact: /orcd/home/002/phevosp/MPLE-Causal-Inference/experiments/USCountyVaccination_US_trimmed/outcome_death_rate_100k_ge_2__intervention_complete_cov_ge_40__lag_2w__contiguity__start_2021_01_03/x_0.npy
2026-04-25 19:42:20 | INFO | Using fit config: /orcd/home/002/phevosp/MPLE-Causal-Inference/experiments/USCountyVaccination_US_trimmed/outcome_death_rate_100k_ge_2__intervention_complete_cov_ge_40__lag_2w__contiguity__start_2021_01_03/fits/alternating_rank_2_lambda_10_beta_mask_pre_and_post/fit_realized_config.yaml
2026-04-25 19:42:20 | INFO | Using model artifact directory: /orcd/home/002/phevosp/MPLE-Causal-Inference/experiments/USCountyVaccination_US_trimmed/outcome_death_rate_100k_ge_2__intervention_complete_cov_ge_40__lag_2w__contiguity__start_2021_01_03
2026-04-25 19:42:20 | INFO | Using truth artifact directory: /orcd/home/002/phevosp/MPLE-Causal-Inference/experiments/USCountyVaccination_US_trimmed/outcome_death_rate_100k_ge_2__intervention_complete_cov_ge_40__lag_2w__contiguity__start_2021_01_03
2026-04-25 19:42:20 | INFO | Configured optimizer mode: alternating_latent_rank
2026-04-25 19:42:20 | INFO | Configured latent rank: 2
2026-04-25 19:42:20 | INFO | Using a fixed known graph with scalar xi.
2026-04-25 19:42:20 | INFO | Fit-time hard bounds active: False
2026-04-25 19:42:20 | INFO | Fixed scalar parameters: {}
2026-04-25 19:42:20 | INFO | Beta mask before s: True
2026-04-25 19:42:20 | INFO | Beta mask after e: True
2026-04-25 19:42:20 | INFO | Optimizer settings: steps=20000, tol=1e-09, n_starts=1, seed=0, lambda_nuclear=0.0, lambda_frobenius=0.0, lambda_uv_ridge=10.0, proximal_lr=1.0
2026-04-25 19:42:20 | INFO | Alternating low-rank start 1/1 | seed=0 | initial_loss=0.672010 | initial_penalized=0.674872
2026-04-25 19:42:20 | INFO | Alternating low-rank iter 0 | Loss: 0.538193 | Penalized: 0.552600
2026-04-25 19:42:28 | INFO | Alternating low-rank iter 100 | Loss: 0.466376 | Penalized: 0.490821
2026-04-25 19:42:36 | INFO | Alternating low-rank iter 200 | Loss: 0.466631 | Penalized: 0.490520
2026-04-25 19:42:44 | INFO | Alternating low-rank iter 300 | Loss: 0.466689 | Penalized: 0.490516
2026-04-25 19:42:46 | INFO | Done fitting.
2026-04-25 19:42:46 | INFO | Optimizer status: CONVERGED: alternating objective tolerance reached
2026-04-25 19:42:46 | INFO | Best optimizer start: 1 / 1
2026-04-25 19:42:46 | INFO | Final Loss: 0.466692
2026-04-25 19:42:46 | INFO | Estimated Parameters:
2026-04-25 19:42:46 | INFO |   beta: 0.0065
2026-04-25 19:42:46 | INFO |   xi: 1.7453
2026-04-25 19:42:46 | INFO |   eta: 0.1357
2026-04-25 19:42:46 | INFO | Alternating low-rank optimizer diagnostics:
2026-04-25 19:42:46 | INFO |   penalized_objective: 0.490516
2026-04-25 19:42:46 | INFO |   mple_loss_without_penalty: 0.466692
2026-04-25 19:42:46 | INFO |   lambda_uv_ridge: 10.000000
2026-04-25 19:42:46 | INFO |   u_frobenius_norm: 15.952427
2026-04-25 19:42:46 | INFO |   v_frobenius_norm: 15.952430
2026-04-25 19:42:46 | INFO |   effective_rank: 2.000000
2026-04-25 19:42:46 | INFO | Field and interaction diagnostics:
2026-04-25 19:42:46 | INFO |   estimated_field_max_abs_entry: 1.654923
2026-04-25 19:42:46 | INFO |   estimated_field_rank: 2.000000
2026-04-25 19:42:46 | INFO | Saved summary table to /orcd/home/002/phevosp/MPLE-Causal-Inference/experiments/USCountyVaccination_US_trimmed/outcome_death_rate_100k_ge_2__intervention_complete_cov_ge_40__lag_2w__contiguity__start_2021_01_03/fits/alternating_rank_2_lambda_10_beta_mask_pre_and_post/mple_summary.csv
2026-04-25 19:42:46 | INFO | Log saved to /orcd/home/002/phevosp/MPLE-Causal-Inference/experiments/USCountyVaccination_US_trimmed/outcome_death_rate_100k_ge_2__intervention_complete_cov_ge_40__lag_2w__contiguity__start_2021_01_03/fits/alternating_rank_2_lambda_10_beta_mask_pre_and_post/mple.log
