2026-04-30 09:47:21 | INFO | Loading data...
2026-04-30 09:47:21 | INFO | Using panel artifact: /orcd/home/002/phevosp/MPLE-Causal-Inference/experiments/SyntheticHybridExperiments/r3_hybrid_us_county_intervention_uscounty_graph_kernel_confounding/panel_data.npz
2026-04-30 09:47:21 | INFO | Using x_0 artifact: /orcd/home/002/phevosp/MPLE-Causal-Inference/experiments/SyntheticHybridExperiments/r3_hybrid_us_county_intervention_uscounty_graph_kernel_confounding/x_0.npy
2026-04-30 09:47:21 | INFO | Using fit config: /orcd/home/002/phevosp/MPLE-Causal-Inference/experiments/SyntheticHybridExperiments/r3_hybrid_us_county_intervention_uscounty_graph_kernel_confounding/fits/alternating_rank_3_uv_1_e3/fit_realized_config.yaml
2026-04-30 09:47:21 | INFO | Using model artifact directory: /orcd/home/002/phevosp/MPLE-Causal-Inference/experiments/SyntheticHybridExperiments/r3_hybrid_us_county_intervention_uscounty_graph_kernel_confounding
2026-04-30 09:47:21 | INFO | Using truth artifact directory: /orcd/home/002/phevosp/MPLE-Causal-Inference/experiments/SyntheticHybridExperiments/r3_hybrid_us_county_intervention_uscounty_graph_kernel_confounding
2026-04-30 09:47:21 | INFO | Configured optimizer mode: alternating_latent_rank
2026-04-30 09:47:21 | INFO | Configured latent rank: 3
2026-04-30 09:47:21 | INFO | Using a fixed known graph with scalar xi.
2026-04-30 09:47:21 | INFO | Fit-time hard bounds active: False
2026-04-30 09:47:21 | INFO | Fixed scalar parameters: {}
2026-04-30 09:47:21 | INFO | Warm-start fixed scalars: {} for 0 steps
2026-04-30 09:47:21 | INFO | Beta mask before s: False with s=55
2026-04-30 09:47:21 | INFO | Beta mask after e: False with e=120
2026-04-30 09:47:21 | INFO | Alternating V-column L2-ball constraint active with radius 1.0
2026-04-30 09:47:21 | INFO | Optimizer settings: steps=20000, tol=1e-09, n_starts=1, seed=0, lambda_nuclear=0.0, lambda_frobenius=0.0, lambda_uv_ridge=0.001, v_column_l2_max=1.0, proximal_lr=1.0
2026-04-30 09:47:21 | INFO | Alternating low-rank start 1/1 | seed=0 | initial_loss=0.682659 | initial_penalized=0.682659
2026-04-30 09:47:21 | INFO | Alternating low-rank iter 0 | Loss: 0.575160 | Penalized: 0.575200
2026-04-30 09:47:33 | INFO | Alternating low-rank iter 100 | Loss: 0.547375 | Penalized: 0.547861
2026-04-30 09:47:44 | INFO | Alternating low-rank iter 200 | Loss: 0.547094 | Penalized: 0.547724
2026-04-30 09:47:55 | INFO | Alternating low-rank iter 300 | Loss: 0.547018 | Penalized: 0.547700
2026-04-30 09:48:05 | INFO | Alternating low-rank iter 400 | Loss: 0.546981 | Penalized: 0.547687
2026-04-30 09:48:15 | INFO | Alternating low-rank iter 500 | Loss: 0.546957 | Penalized: 0.547677
2026-04-30 09:48:26 | INFO | Alternating low-rank iter 600 | Loss: 0.546930 | Penalized: 0.547663
2026-04-30 09:48:37 | INFO | Alternating low-rank iter 700 | Loss: 0.546796 | Penalized: 0.547564
2026-04-30 09:48:47 | INFO | Alternating low-rank iter 800 | Loss: 0.546457 | Penalized: 0.547336
2026-04-30 09:48:58 | INFO | Alternating low-rank iter 900 | Loss: 0.546333 | Penalized: 0.547288
2026-04-30 09:49:08 | INFO | Alternating low-rank iter 1000 | Loss: 0.546292 | Penalized: 0.547280
2026-04-30 09:49:19 | INFO | Alternating low-rank iter 1100 | Loss: 0.546276 | Penalized: 0.547277
2026-04-30 09:49:29 | INFO | Alternating low-rank iter 1200 | Loss: 0.546269 | Penalized: 0.547276
2026-04-30 09:49:40 | INFO | Alternating low-rank iter 1300 | Loss: 0.546266 | Penalized: 0.547275
2026-04-30 09:49:50 | INFO | Alternating low-rank iter 1400 | Loss: 0.546265 | Penalized: 0.547275
2026-04-30 09:50:01 | INFO | Alternating low-rank iter 1500 | Loss: 0.546264 | Penalized: 0.547275
2026-04-30 09:50:11 | INFO | Alternating low-rank iter 1600 | Loss: 0.546263 | Penalized: 0.547274
2026-04-30 09:50:22 | INFO | Alternating low-rank iter 1700 | Loss: 0.546263 | Penalized: 0.547274
2026-04-30 09:50:32 | INFO | Done fitting.
2026-04-30 09:50:32 | INFO | Optimizer status: CONVERGED: alternating objective tolerance reached
2026-04-30 09:50:32 | INFO | Best optimizer start: 1 / 1
2026-04-30 09:50:32 | INFO | Final Loss: 0.546263
2026-04-30 09:50:32 | INFO | Estimated vs True Parameters:
2026-04-30 09:50:32 | INFO |   beta: 0.0331 (True: -0.3000) | SQE: 0.110957
2026-04-30 09:50:32 | INFO |   xi: 0.8674 (True: 0.8000) | SQE: 0.004545
2026-04-30 09:50:32 | INFO |   eta: 0.2921 (True: 0.3000) | SQE: 0.000062
2026-04-30 09:50:32 | INFO | Alternating low-rank optimizer diagnostics:
2026-04-30 09:50:32 | INFO |   penalized_objective: 0.547274
2026-04-30 09:50:32 | INFO |   mple_loss_without_penalty: 0.546263
2026-04-30 09:50:32 | INFO |   lambda_uv_ridge: 0.001000
2026-04-30 09:50:32 | INFO |   u_frobenius_norm: 604.690608
2026-04-30 09:50:32 | INFO |   v_frobenius_norm: 1.732051
2026-04-30 09:50:32 | INFO |   effective_rank: 3.000000
2026-04-30 09:50:32 | INFO | Field and interaction diagnostics:
2026-04-30 09:50:32 | INFO |   field_rmse: 1.070402
2026-04-30 09:50:32 | INFO |   interaction_fro_error: 0.745945
2026-04-30 09:50:32 | INFO |   estimated_field_max_abs_entry: 61.914711
2026-04-30 09:50:32 | INFO |   estimated_field_rank: 3.000000
2026-04-30 09:50:32 | INFO |   true_field_max_abs_entry: 2.169749
2026-04-30 09:50:32 | INFO |   true_field_rank: 3.000000
2026-04-30 09:50:32 | INFO | Saved summary table to /orcd/home/002/phevosp/MPLE-Causal-Inference/experiments/SyntheticHybridExperiments/r3_hybrid_us_county_intervention_uscounty_graph_kernel_confounding/fits/alternating_rank_3_uv_1_e3/mple_summary.csv
2026-04-30 09:50:32 | INFO | Log saved to /orcd/home/002/phevosp/MPLE-Causal-Inference/experiments/SyntheticHybridExperiments/r3_hybrid_us_county_intervention_uscounty_graph_kernel_confounding/fits/alternating_rank_3_uv_1_e3/mple.log
