2026-05-02 12:24:00 | INFO | Loading data...
2026-05-02 12:24:00 | INFO | Using panel artifact: /orcd/home/002/phevosp/MPLE-Causal-Inference/experiments/Synthetic/confounding_weak/panel_data.npz
2026-05-02 12:24:00 | INFO | Using x_0 artifact: /orcd/home/002/phevosp/MPLE-Causal-Inference/experiments/Synthetic/confounding_weak/x_0.npy
2026-05-02 12:24:00 | INFO | Using fit config: /orcd/home/002/phevosp/MPLE-Causal-Inference/experiments/Synthetic/confounding_weak/cv_runs/alternating_uv_grid/candidates/alternating_uv_grid_candidate_0006/fold_5/fit_realized_config.yaml
2026-05-02 12:24:00 | INFO | Using model artifact directory: /orcd/home/002/phevosp/MPLE-Causal-Inference/experiments/Synthetic/confounding_weak
2026-05-02 12:24:00 | INFO | Using truth artifact directory: /orcd/home/002/phevosp/MPLE-Causal-Inference/experiments/Synthetic/confounding_weak
2026-05-02 12:24:00 | INFO | Using loss mask artifact: /orcd/home/002/phevosp/MPLE-Causal-Inference/experiments/Synthetic/confounding_weak/cv_runs/alternating_uv_grid/candidates/alternating_uv_grid_candidate_0006/fold_5/loss_mask.npy
2026-05-02 12:24:00 | INFO | Configured optimizer mode: alternating_latent_rank
2026-05-02 12:24:00 | INFO | Configured latent rank: 3
2026-05-02 12:24:00 | INFO | Using a fixed known graph with scalar xi.
2026-05-02 12:24:00 | INFO | Fit-time hard bounds active: False
2026-05-02 12:24:00 | INFO | Fixed scalar parameters: {}
2026-05-02 12:24:00 | INFO | Warm-start fixed scalars: {} for 0 steps
2026-05-02 12:24:00 | INFO | Beta mask before s: False with s=0
2026-05-02 12:24:00 | INFO | Beta mask after e: False with e=11
2026-05-02 12:24:00 | INFO | Alternating V-column L2-ball constraint active with radius 1.0
2026-05-02 12:24:00 | INFO | Optimizer settings: steps=2000, tol=1e-07, n_starts=1, seed=0, lambda_nuclear=0.0, lambda_frobenius=0.0, lambda_uv_ridge=0.5, v_column_l2_max=1.0, proximal_lr=1.0
2026-05-02 12:24:00 | INFO | Alternating low-rank start 1/1 | seed=0 | initial_loss=0.826488 | initial_penalized=0.826621
2026-05-02 12:24:00 | INFO | Alternating low-rank iter 0 | Loss: 0.613465 | Penalized: 0.627860
2026-05-02 12:24:03 | INFO | Alternating low-rank iter 100 | Loss: 0.568799 | Penalized: 0.591989
2026-05-02 12:24:04 | INFO | Alternating low-rank iter 200 | Loss: 0.568061 | Penalized: 0.591403
2026-05-02 12:24:05 | INFO | Alternating low-rank iter 300 | Loss: 0.567967 | Penalized: 0.591355
2026-05-02 12:24:05 | INFO | Done fitting.
2026-05-02 12:24:05 | INFO | Optimizer status: CONVERGED: alternating objective tolerance reached
2026-05-02 12:24:05 | INFO | Best optimizer start: 1 / 1
2026-05-02 12:24:05 | INFO | Final Loss: 0.567967
2026-05-02 12:24:05 | INFO | Estimated vs True Parameters:
2026-05-02 12:24:05 | INFO |   beta: -0.2519 (True: -0.3000) | SQE: 0.002317
2026-05-02 12:24:05 | INFO |   xi: 0.7842 (True: 0.8000) | SQE: 0.000248
2026-05-02 12:24:05 | INFO |   eta: 0.2712 (True: 0.3000) | SQE: 0.000830
2026-05-02 12:24:05 | INFO | Alternating low-rank optimizer diagnostics:
2026-05-02 12:24:05 | INFO |   penalized_objective: 0.591355
2026-05-02 12:24:05 | INFO |   mple_loss_without_penalty: 0.567967
2026-05-02 12:24:05 | INFO |   lambda_uv_ridge: 0.500000
2026-05-02 12:24:05 | INFO |   u_frobenius_norm: 28.352248
2026-05-02 12:24:05 | INFO |   v_frobenius_norm: 1.732051
2026-05-02 12:24:05 | INFO |   effective_rank: 3.000000
2026-05-02 12:24:05 | INFO | Field and interaction diagnostics:
2026-05-02 12:24:05 | INFO |   field_rmse: 0.266250
2026-05-02 12:24:05 | INFO |   interaction_fro_error: 0.055804
2026-05-02 12:24:05 | INFO |   estimated_field_max_abs_entry: 0.980107
2026-05-02 12:24:05 | INFO |   estimated_field_rank: 3.000000
2026-05-02 12:24:05 | INFO |   true_field_max_abs_entry: 2.973509
2026-05-02 12:24:05 | INFO |   true_field_rank: 3.000000
2026-05-02 12:24:05 | INFO | Saved summary table to /orcd/home/002/phevosp/MPLE-Causal-Inference/experiments/Synthetic/confounding_weak/cv_runs/alternating_uv_grid/candidates/alternating_uv_grid_candidate_0006/fold_5/mple_summary.csv
2026-05-02 12:24:05 | INFO | Log saved to /orcd/home/002/phevosp/MPLE-Causal-Inference/experiments/Synthetic/confounding_weak/cv_runs/alternating_uv_grid/candidates/alternating_uv_grid_candidate_0006/fold_5/mple.log
