2026-05-02 14:07:39 | INFO | Loading data...
2026-05-02 14:07:39 | INFO | Using panel artifact: /orcd/home/002/phevosp/MPLE-Causal-Inference/experiments/HybridExperiments_r1/r1_hybrid_us_county_intervention_generated_graph_confounding/panel_data.npz
2026-05-02 14:07:39 | INFO | Using x_0 artifact: /orcd/home/002/phevosp/MPLE-Causal-Inference/experiments/HybridExperiments_r1/r1_hybrid_us_county_intervention_generated_graph_confounding/x_0.npy
2026-05-02 14:07:39 | INFO | Using fit config: /orcd/home/002/phevosp/MPLE-Causal-Inference/experiments/HybridExperiments_r1/r1_hybrid_us_county_intervention_generated_graph_confounding/cv_runs/alternating_uv_grid/candidates/alternating_uv_grid_candidate_0001/fold_7/fit_realized_config.yaml
2026-05-02 14:07:39 | INFO | Using model artifact directory: /orcd/home/002/phevosp/MPLE-Causal-Inference/experiments/HybridExperiments_r1/r1_hybrid_us_county_intervention_generated_graph_confounding
2026-05-02 14:07:39 | INFO | Using truth artifact directory: /orcd/home/002/phevosp/MPLE-Causal-Inference/experiments/HybridExperiments_r1/r1_hybrid_us_county_intervention_generated_graph_confounding
2026-05-02 14:07:39 | INFO | Using loss mask artifact: /orcd/home/002/phevosp/MPLE-Causal-Inference/experiments/HybridExperiments_r1/r1_hybrid_us_county_intervention_generated_graph_confounding/cv_runs/alternating_uv_grid/candidates/alternating_uv_grid_candidate_0001/fold_7/loss_mask.npy
2026-05-02 14:07:40 | INFO | Configured optimizer mode: alternating_latent_rank
2026-05-02 14:07:40 | INFO | Configured latent rank: 1
2026-05-02 14:07:40 | INFO | Using a fixed known graph with scalar xi.
2026-05-02 14:07:40 | INFO | Fit-time hard bounds active: False
2026-05-02 14:07:40 | INFO | Fixed scalar parameters: {}
2026-05-02 14:07:40 | INFO | Warm-start fixed scalars: {} for 0 steps
2026-05-02 14:07:40 | INFO | Beta mask before s: True with s=50
2026-05-02 14:07:40 | INFO | Beta mask after e: True with e=109
2026-05-02 14:07:40 | INFO | Alternating V-column L2-ball constraint active with radius 1.0
2026-05-02 14:07:40 | INFO | Optimizer settings: steps=2000, tol=1e-07, n_starts=1, seed=0, lambda_nuclear=0.0, lambda_frobenius=0.0, lambda_uv_ridge=0.0005, v_column_l2_max=1.0, proximal_lr=1.0
2026-05-02 14:07:40 | INFO | Alternating low-rank start 1/1 | seed=0 | initial_loss=0.695959 | initial_penalized=0.695959
2026-05-02 14:07:40 | INFO | Alternating low-rank iter 0 | Loss: 0.614729 | Penalized: 0.614768
2026-05-02 14:07:47 | INFO | Alternating low-rank iter 100 | Loss: 0.538407 | Penalized: 0.539006
2026-05-02 14:07:53 | INFO | Alternating low-rank iter 200 | Loss: 0.537568 | Penalized: 0.538211
2026-05-02 14:08:00 | INFO | Alternating low-rank iter 300 | Loss: 0.537200 | Penalized: 0.537834
2026-05-02 14:08:07 | INFO | Alternating low-rank iter 400 | Loss: 0.536979 | Penalized: 0.537597
2026-05-02 14:08:14 | INFO | Alternating low-rank iter 500 | Loss: 0.536840 | Penalized: 0.537444
2026-05-02 14:08:21 | INFO | Alternating low-rank iter 600 | Loss: 0.536753 | Penalized: 0.537346
2026-05-02 14:08:27 | INFO | Alternating low-rank iter 700 | Loss: 0.536698 | Penalized: 0.537282
2026-05-02 14:08:34 | INFO | Alternating low-rank iter 800 | Loss: 0.536663 | Penalized: 0.537241
2026-05-02 14:08:41 | INFO | Alternating low-rank iter 900 | Loss: 0.536642 | Penalized: 0.537215
2026-05-02 14:08:48 | INFO | Alternating low-rank iter 1000 | Loss: 0.536629 | Penalized: 0.537197
2026-05-02 14:08:53 | INFO | Done fitting.
2026-05-02 14:08:53 | INFO | Optimizer status: CONVERGED: alternating objective tolerance reached
2026-05-02 14:08:53 | INFO | Best optimizer start: 1 / 1
2026-05-02 14:08:53 | INFO | Final Loss: 0.536622
2026-05-02 14:08:53 | INFO | Estimated vs True Parameters:
2026-05-02 14:08:53 | INFO |   beta: -0.3004 (True: -0.3000) | SQE: 0.000000
2026-05-02 14:08:53 | INFO |   xi: 0.7727 (True: 0.8000) | SQE: 0.000748
2026-05-02 14:08:53 | INFO |   eta: 0.2574 (True: 0.3000) | SQE: 0.001819
2026-05-02 14:08:53 | INFO | Alternating low-rank optimizer diagnostics:
2026-05-02 14:08:53 | INFO |   penalized_objective: 0.537189
2026-05-02 14:08:53 | INFO |   mple_loss_without_penalty: 0.536622
2026-05-02 14:08:53 | INFO |   lambda_uv_ridge: 0.000500
2026-05-02 14:08:53 | INFO |   u_frobenius_norm: 319.931183
2026-05-02 14:08:53 | INFO |   v_frobenius_norm: 1.000000
2026-05-02 14:08:53 | INFO |   effective_rank: 1.000000
2026-05-02 14:08:53 | INFO | Field and interaction diagnostics:
2026-05-02 14:08:53 | INFO |   field_rmse: 0.427418
2026-05-02 14:08:53 | INFO |   interaction_fro_error: 0.207165
2026-05-02 14:08:53 | INFO |   estimated_field_max_abs_entry: 5.874602
2026-05-02 14:08:53 | INFO |   estimated_field_rank: 1.000000
2026-05-02 14:08:53 | INFO |   true_field_max_abs_entry: 0.578902
2026-05-02 14:08:53 | INFO |   true_field_rank: 1.000000
2026-05-02 14:08:53 | INFO | Saved summary table to /orcd/home/002/phevosp/MPLE-Causal-Inference/experiments/HybridExperiments_r1/r1_hybrid_us_county_intervention_generated_graph_confounding/cv_runs/alternating_uv_grid/candidates/alternating_uv_grid_candidate_0001/fold_7/mple_summary.csv
2026-05-02 14:08:53 | INFO | Log saved to /orcd/home/002/phevosp/MPLE-Causal-Inference/experiments/HybridExperiments_r1/r1_hybrid_us_county_intervention_generated_graph_confounding/cv_runs/alternating_uv_grid/candidates/alternating_uv_grid_candidate_0001/fold_7/mple.log
