2026-04-27 12:23:33 | INFO | Loading data...
2026-04-27 12:23:33 | INFO | Using panel artifact: /orcd/home/002/phevosp/MPLE-Causal-Inference/experiments/SyntheticHybridExperiments/hybrid_us_county_intervention_uscounty_graph_rank_20/panel_data.npz
2026-04-27 12:23:33 | INFO | Using x_0 artifact: /orcd/home/002/phevosp/MPLE-Causal-Inference/experiments/SyntheticHybridExperiments/hybrid_us_county_intervention_uscounty_graph_rank_20/x_0.npy
2026-04-27 12:23:33 | INFO | Using fit config: /orcd/home/002/phevosp/MPLE-Causal-Inference/experiments/SyntheticHybridExperiments/hybrid_us_county_intervention_uscounty_graph_rank_20/fits/alternating_rank_5_ws_xi_zero/fit_realized_config.yaml
2026-04-27 12:23:33 | INFO | Using model artifact directory: /orcd/home/002/phevosp/MPLE-Causal-Inference/experiments/SyntheticHybridExperiments/hybrid_us_county_intervention_uscounty_graph_rank_20
2026-04-27 12:23:33 | INFO | Using truth artifact directory: /orcd/home/002/phevosp/MPLE-Causal-Inference/experiments/SyntheticHybridExperiments/hybrid_us_county_intervention_uscounty_graph_rank_20
2026-04-27 12:23:33 | INFO | Configured optimizer mode: alternating_latent_rank
2026-04-27 12:23:33 | INFO | Configured latent rank: 5
2026-04-27 12:23:33 | INFO | Using a fixed known graph with scalar xi.
2026-04-27 12:23:33 | INFO | Fit-time hard bounds active: False
2026-04-27 12:23:33 | INFO | Fixed scalar parameters: {}
2026-04-27 12:23:33 | INFO | Warm-start fixed scalars: {'xi': 0.0} for 5000 steps
2026-04-27 12:23:33 | INFO | Beta mask before s: False with s=55
2026-04-27 12:23:33 | INFO | Beta mask after e: False with e=120
2026-04-27 12:23:33 | INFO | Optimizer settings: steps=20000, tol=1e-09, n_starts=1, seed=0, lambda_nuclear=0.0, lambda_frobenius=0.0, lambda_uv_ridge=14.0, proximal_lr=1.0
2026-04-27 12:23:33 | INFO | Alternating low-rank start 1/1 | seed=0 | initial_loss=0.789760 | initial_penalized=0.795801
2026-04-27 12:23:33 | INFO | Alternating low-rank iter 0 | Loss: 0.474745 | Penalized: 0.493357
2026-04-27 12:23:43 | INFO | Alternating low-rank iter 100 | Loss: 0.456233 | Penalized: 0.487149
2026-04-27 12:23:52 | INFO | Alternating low-rank iter 200 | Loss: 0.456095 | Penalized: 0.487084
2026-04-27 12:24:02 | INFO | Alternating low-rank iter 300 | Loss: 0.456046 | Penalized: 0.487060
2026-04-27 12:24:12 | INFO | Alternating low-rank iter 400 | Loss: 0.456020 | Penalized: 0.487050
2026-04-27 12:24:22 | INFO | Alternating low-rank iter 500 | Loss: 0.456006 | Penalized: 0.487046
2026-04-27 12:24:32 | INFO | Alternating low-rank iter 600 | Loss: 0.455998 | Penalized: 0.487045
2026-04-27 12:24:41 | INFO | Alternating low-rank iter 700 | Loss: 0.455994 | Penalized: 0.487044
2026-04-27 12:24:51 | INFO | Alternating low-rank iter 800 | Loss: 0.455992 | Penalized: 0.487044
2026-04-27 12:24:56 | INFO | Alternating low-rank start 1/1 | seed=0 | initial_loss=0.455992 | initial_penalized=0.487044
2026-04-27 12:24:56 | INFO | Alternating low-rank iter 0 | Loss: 0.455870 | Penalized: 0.486935
2026-04-27 12:25:05 | INFO | Alternating low-rank iter 100 | Loss: 0.451913 | Penalized: 0.482771
2026-04-27 12:25:14 | INFO | Alternating low-rank iter 200 | Loss: 0.451409 | Penalized: 0.482336
2026-04-27 12:25:23 | INFO | Alternating low-rank iter 300 | Loss: 0.451323 | Penalized: 0.482289
2026-04-27 12:25:32 | INFO | Alternating low-rank iter 400 | Loss: 0.451302 | Penalized: 0.482284
2026-04-27 12:25:41 | INFO | Alternating low-rank iter 500 | Loss: 0.451296 | Penalized: 0.482283
2026-04-27 12:25:44 | INFO | Done fitting.
2026-04-27 12:25:44 | INFO | Optimizer status: CONVERGED: alternating objective tolerance reached
2026-04-27 12:25:44 | INFO | Best optimizer start: 1 / 1
2026-04-27 12:25:44 | INFO | Final Loss: 0.451295
2026-04-27 12:25:44 | INFO | Estimated vs True Parameters:
2026-04-27 12:25:44 | INFO |   beta: -0.2749 (True: -0.3000) | SQE: 0.000628
2026-04-27 12:25:44 | INFO |   xi: 0.7789 (True: 0.8000) | SQE: 0.000445
2026-04-27 12:25:44 | INFO |   eta: 0.3292 (True: 0.3000) | SQE: 0.000850
2026-04-27 12:25:44 | INFO | Alternating low-rank optimizer diagnostics:
2026-04-27 12:25:44 | INFO |   penalized_objective: 0.482283
2026-04-27 12:25:44 | INFO |   mple_loss_without_penalty: 0.451295
2026-04-27 12:25:44 | INFO |   lambda_uv_ridge: 14.000000
2026-04-27 12:25:44 | INFO |   u_frobenius_norm: 19.990419
2026-04-27 12:25:44 | INFO |   v_frobenius_norm: 19.990417
2026-04-27 12:25:44 | INFO |   effective_rank: 5.000000
2026-04-27 12:25:44 | INFO | Field and interaction diagnostics:
2026-04-27 12:25:44 | INFO |   field_rmse: 0.196675
2026-04-27 12:25:44 | INFO |   interaction_fro_error: 0.199109
2026-04-27 12:25:44 | INFO |   estimated_field_max_abs_entry: 1.548417
2026-04-27 12:25:44 | INFO |   estimated_field_rank: 5.000000
2026-04-27 12:25:44 | INFO |   true_field_max_abs_entry: 2.000000
2026-04-27 12:25:44 | INFO |   true_field_rank: 20.000000
2026-04-27 12:25:44 | INFO | Saved summary table to /orcd/home/002/phevosp/MPLE-Causal-Inference/experiments/SyntheticHybridExperiments/hybrid_us_county_intervention_uscounty_graph_rank_20/fits/alternating_rank_5_ws_xi_zero/mple_summary.csv
2026-04-27 12:25:44 | INFO | Log saved to /orcd/home/002/phevosp/MPLE-Causal-Inference/experiments/SyntheticHybridExperiments/hybrid_us_county_intervention_uscounty_graph_rank_20/fits/alternating_rank_5_ws_xi_zero/mple.log
