2026-05-01 08:39:27 | INFO | Loading data...
2026-05-01 08:39:27 | INFO | Using panel artifact: /orcd/home/002/phevosp/MPLE-Causal-Inference/experiments/SyntheticHybridExperiments/base/panel_data.npz
2026-05-01 08:39:27 | INFO | Using x_0 artifact: /orcd/home/002/phevosp/MPLE-Causal-Inference/experiments/SyntheticHybridExperiments/base/x_0.npy
2026-05-01 08:39:27 | INFO | Using fit config: /orcd/home/002/phevosp/MPLE-Causal-Inference/experiments/SyntheticHybridExperiments/base/cv_runs/alternating_uv_grid/candidates/alternating_uv_grid_candidate_0004/fold_9/fit_realized_config.yaml
2026-05-01 08:39:27 | INFO | Using model artifact directory: /orcd/home/002/phevosp/MPLE-Causal-Inference/experiments/SyntheticHybridExperiments/base
2026-05-01 08:39:27 | INFO | Using truth artifact directory: /orcd/home/002/phevosp/MPLE-Causal-Inference/experiments/SyntheticHybridExperiments/base
2026-05-01 08:39:27 | INFO | Using loss mask artifact: /orcd/home/002/phevosp/MPLE-Causal-Inference/experiments/SyntheticHybridExperiments/base/cv_runs/alternating_uv_grid/candidates/alternating_uv_grid_candidate_0004/fold_9/loss_mask.npy
2026-05-01 08:39:27 | INFO | Configured optimizer mode: alternating_latent_rank
2026-05-01 08:39:27 | INFO | Configured latent rank: 3
2026-05-01 08:39:27 | INFO | Using a fixed known graph with scalar xi.
2026-05-01 08:39:27 | INFO | Fit-time hard bounds active: False
2026-05-01 08:39:27 | INFO | Fixed scalar parameters: {}
2026-05-01 08:39:27 | INFO | Warm-start fixed scalars: {} for 0 steps
2026-05-01 08:39:27 | INFO | Beta mask before s: False with s=0
2026-05-01 08:39:27 | INFO | Beta mask after e: False with e=11
2026-05-01 08:39:27 | INFO | Alternating V-column L2-ball constraint active with radius 1.0
2026-05-01 08:39:27 | INFO | Optimizer settings: steps=2000, tol=1e-07, n_starts=1, seed=0, lambda_nuclear=0.0, lambda_frobenius=0.0, lambda_uv_ridge=0.05, v_column_l2_max=1.0, proximal_lr=1.0
2026-05-01 08:39:27 | INFO | Alternating low-rank start 1/1 | seed=0 | initial_loss=0.842741 | initial_penalized=0.842818
2026-05-01 08:39:27 | INFO | Alternating low-rank iter 0 | Loss: 0.647476 | Penalized: 0.660077
2026-05-01 08:39:28 | INFO | Alternating low-rank iter 100 | Loss: 0.384393 | Penalized: 0.452920
2026-05-01 08:39:29 | INFO | Alternating low-rank iter 200 | Loss: 0.383143 | Penalized: 0.451832
2026-05-01 08:39:30 | INFO | Alternating low-rank iter 300 | Loss: 0.382084 | Penalized: 0.450935
2026-05-01 08:39:32 | INFO | Alternating low-rank iter 400 | Loss: 0.381603 | Penalized: 0.450488
2026-05-01 08:39:33 | INFO | Alternating low-rank iter 500 | Loss: 0.381243 | Penalized: 0.450150
2026-05-01 08:39:34 | INFO | Alternating low-rank iter 600 | Loss: 0.380964 | Penalized: 0.449874
2026-05-01 08:39:35 | INFO | Alternating low-rank iter 700 | Loss: 0.380740 | Penalized: 0.449640
2026-05-01 08:39:36 | INFO | Alternating low-rank iter 800 | Loss: 0.380509 | Penalized: 0.449416
2026-05-01 08:39:37 | INFO | Alternating low-rank iter 900 | Loss: 0.379435 | Penalized: 0.448742
2026-05-01 08:39:39 | INFO | Alternating low-rank iter 1000 | Loss: 0.378740 | Penalized: 0.448345
2026-05-01 08:39:40 | INFO | Alternating low-rank iter 1100 | Loss: 0.378561 | Penalized: 0.448208
2026-05-01 08:39:41 | INFO | Alternating low-rank iter 1200 | Loss: 0.378456 | Penalized: 0.448104
2026-05-01 08:39:42 | INFO | Alternating low-rank iter 1300 | Loss: 0.378377 | Penalized: 0.448017
2026-05-01 08:39:42 | INFO | Alternating low-rank iter 1400 | Loss: 0.378314 | Penalized: 0.447943
2026-05-01 08:39:43 | INFO | Alternating low-rank iter 1500 | Loss: 0.378261 | Penalized: 0.447880
2026-05-01 08:39:44 | INFO | Alternating low-rank iter 1600 | Loss: 0.378216 | Penalized: 0.447827
2026-05-01 08:39:45 | INFO | Alternating low-rank iter 1700 | Loss: 0.378178 | Penalized: 0.447781
2026-05-01 08:39:46 | INFO | Alternating low-rank iter 1800 | Loss: 0.378146 | Penalized: 0.447742
2026-05-01 08:39:47 | INFO | Alternating low-rank iter 1900 | Loss: 0.378118 | Penalized: 0.447709
2026-05-01 08:39:48 | INFO | Done fitting.
2026-05-01 08:39:48 | INFO | Optimizer status: STOP: TOTAL NO. OF ITERATIONS REACHED LIMIT
2026-05-01 08:39:48 | INFO | Best optimizer start: 1 / 1
2026-05-01 08:39:48 | INFO | Final Loss: 0.378094
2026-05-01 08:39:48 | INFO | Estimated vs True Parameters:
2026-05-01 08:39:48 | INFO |   beta: -0.4003 (True: -0.3000) | SQE: 0.010054
2026-05-01 08:39:48 | INFO |   xi: 0.7523 (True: 0.8000) | SQE: 0.002273
2026-05-01 08:39:48 | INFO |   eta: 0.4073 (True: 0.3000) | SQE: 0.011505
2026-05-01 08:39:48 | INFO | Alternating low-rank optimizer diagnostics:
2026-05-01 08:39:48 | INFO |   penalized_objective: 0.447681
2026-05-01 08:39:48 | INFO |   mple_loss_without_penalty: 0.378094
2026-05-01 08:39:48 | INFO |   lambda_uv_ridge: 0.050000
2026-05-01 08:39:48 | INFO |   u_frobenius_norm: 64.236461
2026-05-01 08:39:48 | INFO |   v_frobenius_norm: 1.732051
2026-05-01 08:39:48 | INFO |   effective_rank: 3.000000
2026-05-01 08:39:48 | INFO | Field and interaction diagnostics:
2026-05-01 08:39:48 | INFO |   field_rmse: 0.406547
2026-05-01 08:39:48 | INFO |   interaction_fro_error: 0.126012
2026-05-01 08:39:48 | INFO |   estimated_field_max_abs_entry: 2.020381
2026-05-01 08:39:48 | INFO |   estimated_field_rank: 3.000000
2026-05-01 08:39:48 | INFO |   true_field_max_abs_entry: 0.000000
2026-05-01 08:39:48 | INFO |   true_field_rank: 0.000000
2026-05-01 08:39:48 | INFO | Saved summary table to /orcd/home/002/phevosp/MPLE-Causal-Inference/experiments/SyntheticHybridExperiments/base/cv_runs/alternating_uv_grid/candidates/alternating_uv_grid_candidate_0004/fold_9/mple_summary.csv
2026-05-01 08:39:48 | INFO | Log saved to /orcd/home/002/phevosp/MPLE-Causal-Inference/experiments/SyntheticHybridExperiments/base/cv_runs/alternating_uv_grid/candidates/alternating_uv_grid_candidate_0004/fold_9/mple.log
