2026-04-07 11:32:15 | INFO | Loading data...
2026-04-07 11:32:16 | INFO | Loaded 6 field templates and 1 interaction templates.
2026-04-07 11:32:16 | INFO | Intervention-process model enabled: True
2026-04-07 11:32:16 | INFO | Tau zero-mean enabled: False
2026-04-07 11:32:16 | INFO | Tau smoothness lambda: 0.000000
2026-04-07 11:32:16 | INFO | Running conditional-model MPLE on x with shape=(67, 3203)
2026-04-07 11:32:16 | INFO | Eval 0  |  Loss: 0.669712
2026-04-07 11:32:16 | INFO |   field::log_population: +0.0126,  field::median_household_income: -0.0132,  field::poverty_rate: +0.0640,  field::pct_black: +0.0105,  field::pct_hispanic: -0.0536,  field::pct_in_labor_force: +0.0362,  tau block: mean=+0.0102, std=0.0970, min=-0.2325, max=+0.1960,  beta: -0.0618,  interaction::contiguity: +0.1822,  eta: -0.1320,  zeta: -0.0662,  psi: +0.0935
2026-04-07 11:32:19 | INFO | Done fitting.
2026-04-07 11:32:19 | INFO | Optimizer status: CONVERGENCE: RELATIVE REDUCTION OF F <= FACTR*EPSMCH
2026-04-07 11:32:19 | INFO | Final Loss: 0.152033
2026-04-07 11:32:19 | INFO | Estimated Parameters:
2026-04-07 11:32:19 | INFO |   field::log_population: 0.1529
2026-04-07 11:32:19 | INFO |   field::median_household_income: -0.2731
2026-04-07 11:32:19 | INFO |   field::poverty_rate: -0.0352
2026-04-07 11:32:19 | INFO |   field::pct_black: -0.2315
2026-04-07 11:32:19 | INFO |   field::pct_hispanic: -0.1137
2026-04-07 11:32:19 | INFO |   field::pct_in_labor_force: 0.0742
2026-04-07 11:32:19 | INFO |   tau::t_0: -0.2299
2026-04-07 11:32:19 | INFO |   tau::t_1: -0.2475
2026-04-07 11:32:19 | INFO |   tau::t_2: -0.3792
2026-04-07 11:32:19 | INFO |   tau::t_3: -0.0098
2026-04-07 11:32:19 | INFO |   tau::t_4: -0.2345
2026-04-07 11:32:19 | INFO |   tau::t_5: -0.0580
2026-04-07 11:32:19 | INFO |   tau::t_6: -0.1246
2026-04-07 11:32:19 | INFO |   tau::t_7: -0.0454
2026-04-07 11:32:19 | INFO |   tau::t_8: -0.1231
2026-04-07 11:32:19 | INFO |   tau::t_9: -0.0263
2026-04-07 11:32:19 | INFO |   tau::t_10: -0.0815
2026-04-07 11:32:19 | INFO |   tau::t_11: -0.2318
2026-04-07 11:32:19 | INFO |   tau::t_12: -0.2311
2026-04-07 11:32:19 | INFO |   tau::t_13: -0.3285
2026-04-07 11:32:19 | INFO |   tau::t_14: -0.3652
2026-04-07 11:32:19 | INFO |   tau::t_15: -0.5338
2026-04-07 11:32:19 | INFO |   tau::t_16: -0.3891
2026-04-07 11:32:19 | INFO |   tau::t_17: -0.7654
2026-04-07 11:32:19 | INFO |   tau::t_18: -0.4773
2026-04-07 11:32:19 | INFO |   tau::t_19: -0.6595
2026-04-07 11:32:19 | INFO |   tau::t_20: -0.5565
2026-04-07 11:32:19 | INFO |   tau::t_21: -0.5553
2026-04-07 11:32:19 | INFO |   tau::t_22: -0.2825
2026-04-07 11:32:19 | INFO |   tau::t_23: -0.1678
2026-04-07 11:32:19 | INFO |   tau::t_24: 0.0828
2026-04-07 11:32:19 | INFO |   tau::t_25: 0.2504
2026-04-07 11:32:19 | INFO |   tau::t_26: 0.2424
2026-04-07 11:32:19 | INFO |   tau::t_27: 0.2674
2026-04-07 11:32:19 | INFO |   tau::t_28: 0.2374
2026-04-07 11:32:19 | INFO |   tau::t_29: 0.2225
2026-04-07 11:32:19 | INFO |   tau::t_30: 0.1957
2026-04-07 11:32:19 | INFO |   tau::t_31: 0.0401
2026-04-07 11:32:19 | INFO |   tau::t_32: 0.1771
2026-04-07 11:32:19 | INFO |   tau::t_33: -0.0554
2026-04-07 11:32:19 | INFO |   tau::t_34: -0.1077
2026-04-07 11:32:19 | INFO |   tau::t_35: -0.1194
2026-04-07 11:32:19 | INFO |   tau::t_36: -0.1652
2026-04-07 11:32:19 | INFO |   tau::t_37: -0.1901
2026-04-07 11:32:19 | INFO |   tau::t_38: -0.0148
2026-04-07 11:32:19 | INFO |   tau::t_39: -0.0414
2026-04-07 11:32:19 | INFO |   tau::t_40: 0.0523
2026-04-07 11:32:19 | INFO |   tau::t_41: 0.0873
2026-04-07 11:32:19 | INFO |   tau::t_42: -0.3142
2026-04-07 11:32:19 | INFO |   tau::t_43: 0.3585
2026-04-07 11:32:19 | INFO |   tau::t_44: -0.0008
2026-04-07 11:32:19 | INFO |   tau::t_45: -0.0381
2026-04-07 11:32:19 | INFO |   tau::t_46: -0.0195
2026-04-07 11:32:19 | INFO |   tau::t_47: 0.5186
2026-04-07 11:32:19 | INFO |   tau::t_48: 0.8327
2026-04-07 11:32:19 | INFO |   tau::t_49: 0.8940
2026-04-07 11:32:19 | INFO |   tau::t_50: 1.2193
2026-04-07 11:32:19 | INFO |   tau::t_51: 1.2127
2026-04-07 11:32:19 | INFO |   tau::t_52: 0.3586
2026-04-07 11:32:19 | INFO |   tau::t_53: -0.2021
2026-04-07 11:32:19 | INFO |   tau::t_54: -0.3393
2026-04-07 11:32:19 | INFO |   tau::t_55: -0.3964
2026-04-07 11:32:19 | INFO |   tau::t_56: -0.2024
2026-04-07 11:32:19 | INFO |   tau::t_57: -0.2138
2026-04-07 11:32:19 | INFO |   tau::t_58: -0.2164
2026-04-07 11:32:19 | INFO |   tau::t_59: -0.3378
2026-04-07 11:32:19 | INFO |   tau::t_60: -0.3883
2026-04-07 11:32:19 | INFO |   tau::t_61: -0.3315
2026-04-07 11:32:19 | INFO |   tau::t_62: -0.1791
2026-04-07 11:32:19 | INFO |   tau::t_63: -0.0621
2026-04-07 11:32:19 | INFO |   tau::t_64: -0.1355
2026-04-07 11:32:19 | INFO |   tau::t_65: 0.0191
2026-04-07 11:32:19 | INFO |   tau::t_66: 0.0040
2026-04-07 11:32:19 | INFO |   beta: -0.0269
2026-04-07 11:32:19 | INFO |   interaction::contiguity: 2.6113
2026-04-07 11:32:19 | INFO |   eta: 0.5445
2026-04-07 11:32:19 | INFO |   zeta: -0.5184
2026-04-07 11:32:19 | INFO |   psi: 2.2746
2026-04-07 11:32:19 | INFO | Saved summary tables to C:\Users\phevo\Documents\MIT\Code\MPLE-Causal-Inference\experiments\USCountyVaccination_US_tau_unrestricted\outcome_case_rate_100k_ge_200__intervention_complete_cov_ge_10__lag_3w__contiguity\mple_summary.csv and C:\Users\phevo\Documents\MIT\Code\MPLE-Causal-Inference\experiments\USCountyVaccination_US_tau_unrestricted\outcome_case_rate_100k_ge_200__intervention_complete_cov_ge_10__lag_3w__contiguity\mple_summary.md
2026-04-07 11:32:19 | INFO | Log saved to C:\Users\phevo\Documents\MIT\Code\MPLE-Causal-Inference\experiments\USCountyVaccination_US_tau_unrestricted\outcome_case_rate_100k_ge_200__intervention_complete_cov_ge_10__lag_3w__contiguity\mple.log
