2026-05-02 12:17:55 | INFO | Loading data...
2026-05-02 12:17:55 | INFO | Using panel artifact: /orcd/home/002/phevosp/MPLE-Causal-Inference/experiments/Synthetic/confounding_weak/panel_data.npz
2026-05-02 12:17:55 | INFO | Using x_0 artifact: /orcd/home/002/phevosp/MPLE-Causal-Inference/experiments/Synthetic/confounding_weak/x_0.npy
2026-05-02 12:17:55 | INFO | Using fit config: /orcd/home/002/phevosp/MPLE-Causal-Inference/experiments/Synthetic/confounding_weak/cv_runs/alternating_uv_grid/candidates/alternating_uv_grid_candidate_0002/fold_10/fit_realized_config.yaml
2026-05-02 12:17:55 | INFO | Using model artifact directory: /orcd/home/002/phevosp/MPLE-Causal-Inference/experiments/Synthetic/confounding_weak
2026-05-02 12:17:55 | INFO | Using truth artifact directory: /orcd/home/002/phevosp/MPLE-Causal-Inference/experiments/Synthetic/confounding_weak
2026-05-02 12:17:55 | INFO | Using loss mask artifact: /orcd/home/002/phevosp/MPLE-Causal-Inference/experiments/Synthetic/confounding_weak/cv_runs/alternating_uv_grid/candidates/alternating_uv_grid_candidate_0002/fold_10/loss_mask.npy
2026-05-02 12:17:55 | INFO | Configured optimizer mode: alternating_latent_rank
2026-05-02 12:17:55 | INFO | Configured latent rank: 3
2026-05-02 12:17:55 | INFO | Using a fixed known graph with scalar xi.
2026-05-02 12:17:55 | INFO | Fit-time hard bounds active: False
2026-05-02 12:17:55 | INFO | Fixed scalar parameters: {}
2026-05-02 12:17:55 | INFO | Warm-start fixed scalars: {} for 0 steps
2026-05-02 12:17:55 | INFO | Beta mask before s: False with s=0
2026-05-02 12:17:55 | INFO | Beta mask after e: False with e=11
2026-05-02 12:17:55 | INFO | Alternating V-column L2-ball constraint active with radius 1.0
2026-05-02 12:17:55 | INFO | Optimizer settings: steps=2000, tol=1e-07, n_starts=1, seed=0, lambda_nuclear=0.0, lambda_frobenius=0.0, lambda_uv_ridge=0.005, v_column_l2_max=1.0, proximal_lr=1.0
2026-05-02 12:17:55 | INFO | Alternating low-rank start 1/1 | seed=0 | initial_loss=0.828103 | initial_penalized=0.828104
2026-05-02 12:17:55 | INFO | Alternating low-rank iter 0 | Loss: 0.587452 | Penalized: 0.588079
2026-05-02 12:17:57 | INFO | Alternating low-rank iter 100 | Loss: 0.511226 | Penalized: 0.517342
2026-05-02 12:17:58 | INFO | Alternating low-rank iter 200 | Loss: 0.509952 | Penalized: 0.516265
2026-05-02 12:18:00 | INFO | Alternating low-rank iter 300 | Loss: 0.509744 | Penalized: 0.516085
2026-05-02 12:18:01 | INFO | Alternating low-rank iter 400 | Loss: 0.509694 | Penalized: 0.516048
2026-05-02 12:18:01 | INFO | Done fitting.
2026-05-02 12:18:01 | INFO | Optimizer status: CONVERGED: alternating objective tolerance reached
2026-05-02 12:18:01 | INFO | Best optimizer start: 1 / 1
2026-05-02 12:18:01 | INFO | Final Loss: 0.509687
2026-05-02 12:18:01 | INFO | Estimated vs True Parameters:
2026-05-02 12:18:01 | INFO |   beta: -0.3198 (True: -0.3000) | SQE: 0.000392
2026-05-02 12:18:01 | INFO |   xi: 0.9092 (True: 0.8000) | SQE: 0.011919
2026-05-02 12:18:01 | INFO |   eta: 0.3203 (True: 0.3000) | SQE: 0.000411
2026-05-02 12:18:01 | INFO | Alternating low-rank optimizer diagnostics:
2026-05-02 12:18:01 | INFO |   penalized_objective: 0.516043
2026-05-02 12:18:01 | INFO |   mple_loss_without_penalty: 0.509687
2026-05-02 12:18:01 | INFO |   lambda_uv_ridge: 0.005000
2026-05-02 12:18:01 | INFO |   u_frobenius_norm: 148.094057
2026-05-02 12:18:01 | INFO |   v_frobenius_norm: 1.732051
2026-05-02 12:18:01 | INFO |   effective_rank: 3.000000
2026-05-02 12:18:01 | INFO | Field and interaction diagnostics:
2026-05-02 12:18:01 | INFO |   field_rmse: 0.837023
2026-05-02 12:18:01 | INFO |   interaction_fro_error: 0.386780
2026-05-02 12:18:01 | INFO |   estimated_field_max_abs_entry: 16.815015
2026-05-02 12:18:01 | INFO |   estimated_field_rank: 3.000000
2026-05-02 12:18:01 | INFO |   true_field_max_abs_entry: 2.973509
2026-05-02 12:18:01 | INFO |   true_field_rank: 3.000000
2026-05-02 12:18:01 | INFO | Saved summary table to /orcd/home/002/phevosp/MPLE-Causal-Inference/experiments/Synthetic/confounding_weak/cv_runs/alternating_uv_grid/candidates/alternating_uv_grid_candidate_0002/fold_10/mple_summary.csv
2026-05-02 12:18:01 | INFO | Log saved to /orcd/home/002/phevosp/MPLE-Causal-Inference/experiments/Synthetic/confounding_weak/cv_runs/alternating_uv_grid/candidates/alternating_uv_grid_candidate_0002/fold_10/mple.log
