2026-04-11 16:46:55 | INFO | Loading data...
2026-04-11 16:46:55 | INFO | Using panel artifact: C:\Users\phevo\Documents\MIT\Code\MPLE-Causal-Inference\experiments\SyntheticExperimentsGrid\generated_z_latent_n600_t60_xi0p75_b2_rank6_20260411_164602\panel_data.npz
2026-04-11 16:46:55 | INFO | Using x_0 artifact: C:\Users\phevo\Documents\MIT\Code\MPLE-Causal-Inference\experiments\SyntheticExperimentsGrid\generated_z_latent_n600_t60_xi0p75_b2_rank6_20260411_164602\x_0.npy
2026-04-11 16:46:55 | INFO | Using z_0 artifact: C:\Users\phevo\Documents\MIT\Code\MPLE-Causal-Inference\experiments\SyntheticExperimentsGrid\generated_z_latent_n600_t60_xi0p75_b2_rank6_20260411_164602\z_0.npy
2026-04-11 16:46:55 | INFO | Loaded field mode: latent_feature_matrix
2026-04-11 16:46:55 | INFO | Using a fixed known graph with scalar xi.
2026-04-11 16:46:55 | INFO | Intervention-process model enabled: True
2026-04-11 16:46:55 | INFO | Eval 0  |  Loss: 0.713899
2026-04-11 16:46:55 | INFO |   beta: -0.1220,  xi: +0.1806,  eta: -0.0877,  zeta: -0.2015,  psi: -0.0752
2026-04-11 16:46:56 | INFO | Eval 100  |  Loss: 0.633000
2026-04-11 16:46:56 | INFO |   beta: +0.3516,  xi: +1.2772,  eta: +0.0903,  zeta: -0.2459,  psi: +0.1998
2026-04-11 16:46:57 | INFO | Eval 200  |  Loss: 0.632999
2026-04-11 16:46:57 | INFO |   beta: +0.3511,  xi: +1.2603,  eta: +0.0905,  zeta: -0.2488,  psi: +0.2008
2026-04-11 16:46:57 | INFO | Eval 300  |  Loss: 0.632999
2026-04-11 16:46:57 | INFO |   beta: +0.3506,  xi: +1.2285,  eta: +0.0915,  zeta: -0.2500,  psi: +0.2010
2026-04-11 16:46:58 | INFO | Eval 400  |  Loss: 0.632944
2026-04-11 16:46:58 | INFO |   beta: +0.3503,  xi: +1.3055,  eta: +0.0880,  zeta: -0.2516,  psi: +0.2036
2026-04-11 16:46:59 | INFO | Eval 500  |  Loss: 0.632943
2026-04-11 16:46:59 | INFO |   beta: +0.3488,  xi: +1.2954,  eta: +0.0875,  zeta: -0.2575,  psi: +0.2073
2026-04-11 16:46:59 | INFO | Eval 600  |  Loss: 0.632943
2026-04-11 16:46:59 | INFO |   beta: +0.3484,  xi: +1.2890,  eta: +0.0875,  zeta: -0.2595,  psi: +0.2087
2026-04-11 16:47:00 | INFO | Done fitting.
2026-04-11 16:47:00 | INFO | Optimizer status: CONVERGENCE: RELATIVE REDUCTION OF F <= FACTR*EPSMCH
2026-04-11 16:47:00 | INFO | Final Loss: 0.632904
2026-04-11 16:47:00 | INFO | Estimated vs True Parameters:
2026-04-11 16:47:00 | INFO |   beta: 0.3494 (True: 0.3500) | SQE: 0.000000
2026-04-11 16:47:00 | INFO |   xi: 1.3021 (True: 0.7500) | SQE: 0.304770
2026-04-11 16:47:00 | INFO |   eta: 0.0879 (True: 0.0800) | SQE: 0.000063
2026-04-11 16:47:00 | INFO |   zeta: -0.2447 (True: -0.2500) | SQE: 0.000028
2026-04-11 16:47:00 | INFO |   psi: 0.2015 (True: 0.2000) | SQE: 0.000002
2026-04-11 16:47:00 | INFO | Field and interaction diagnostics:
2026-04-11 16:47:00 | INFO |   field_rmse: 0.003714
2026-04-11 16:47:00 | INFO |   interaction_fro_error: 1.645560
2026-04-11 16:47:00 | INFO |   estimated_field_inf_norm: 2.000000
2026-04-11 16:47:00 | INFO |   estimated_field_rank: 6.000000
2026-04-11 16:47:00 | INFO |   bound_B: 2.000000
2026-04-11 16:47:00 | INFO |   true_field_inf_norm: 2.000000
2026-04-11 16:47:00 | INFO |   true_field_rank: 6.000000
2026-04-11 16:47:00 | INFO | Saved summary tables to C:\Users\phevo\Documents\MIT\Code\MPLE-Causal-Inference\experiments\SyntheticExperimentsGrid\generated_z_latent_n600_t60_xi0p75_b2_rank6_20260411_164602\mple_summary.csv and C:\Users\phevo\Documents\MIT\Code\MPLE-Causal-Inference\experiments\SyntheticExperimentsGrid\generated_z_latent_n600_t60_xi0p75_b2_rank6_20260411_164602\mple_summary.md
2026-04-11 16:47:00 | INFO | Log saved to C:\Users\phevo\Documents\MIT\Code\MPLE-Causal-Inference\experiments\SyntheticExperimentsGrid\generated_z_latent_n600_t60_xi0p75_b2_rank6_20260411_164602\mple.log
2026-04-11 16:56:13 | INFO | Loading data...
2026-04-11 16:56:13 | INFO | Using panel artifact: C:\Users\phevo\Documents\MIT\Code\MPLE-Causal-Inference\experiments\SyntheticExperimentsGrid\generated_z_latent_n600_t60_xi0p75_b2_rank6_20260411_164602\panel_data.npz
2026-04-11 16:56:13 | INFO | Using x_0 artifact: C:\Users\phevo\Documents\MIT\Code\MPLE-Causal-Inference\experiments\SyntheticExperimentsGrid\generated_z_latent_n600_t60_xi0p75_b2_rank6_20260411_164602\x_0.npy
2026-04-11 16:56:13 | INFO | Using z_0 artifact: C:\Users\phevo\Documents\MIT\Code\MPLE-Causal-Inference\experiments\SyntheticExperimentsGrid\generated_z_latent_n600_t60_xi0p75_b2_rank6_20260411_164602\z_0.npy
2026-04-11 16:56:13 | INFO | Loaded field mode: latent_feature_matrix
2026-04-11 16:56:13 | INFO | Using a fixed known graph with scalar xi.
2026-04-11 16:56:13 | INFO | Intervention-process model enabled: True
2026-04-11 16:56:13 | INFO | Eval 0  |  Loss: 0.722595
2026-04-11 16:56:13 | INFO |   beta: -0.1220,  xi: +0.1806,  eta: -0.0877,  zeta: -0.2015,  psi: -0.0752
2026-04-11 16:56:14 | INFO | Eval 100  |  Loss: 0.631145
2026-04-11 16:56:14 | INFO |   beta: +0.3421,  xi: +0.8159,  eta: +0.0764,  zeta: -0.2436,  psi: +0.1986
2026-04-11 16:56:15 | INFO | Eval 200  |  Loss: 0.631542
2026-04-11 16:56:15 | INFO |   beta: +0.3211,  xi: +0.8022,  eta: +0.0689,  zeta: -0.1930,  psi: +0.1825
2026-04-11 16:56:16 | INFO | Eval 300  |  Loss: 0.630946
2026-04-11 16:56:16 | INFO |   beta: +0.3480,  xi: +0.7422,  eta: +0.0792,  zeta: -0.2487,  psi: +0.2066
2026-04-11 16:56:16 | INFO | Done fitting.
2026-04-11 16:56:16 | INFO | Optimizer status: CONVERGENCE: RELATIVE REDUCTION OF F <= FACTR*EPSMCH
2026-04-11 16:56:16 | INFO | Final Loss: 0.630943
2026-04-11 16:56:16 | INFO | Estimated vs True Parameters:
2026-04-11 16:56:16 | INFO |   beta: 0.3477 (True: 0.3500) | SQE: 0.000005
2026-04-11 16:56:16 | INFO |   xi: 0.7461 (True: 0.7500) | SQE: 0.000015
2026-04-11 16:56:16 | INFO |   eta: 0.0793 (True: 0.0800) | SQE: 0.000000
2026-04-11 16:56:16 | INFO |   zeta: -0.2482 (True: -0.2500) | SQE: 0.000003
2026-04-11 16:56:16 | INFO |   psi: 0.2054 (True: 0.2000) | SQE: 0.000029
2026-04-11 16:56:16 | INFO | Field and interaction diagnostics:
2026-04-11 16:56:16 | INFO |   field_rmse: 0.003847
2026-04-11 16:56:16 | INFO |   interaction_fro_error: 0.011555
2026-04-11 16:56:16 | INFO |   estimated_field_inf_norm: 2.000000
2026-04-11 16:56:16 | INFO |   estimated_field_rank: 6.000000
2026-04-11 16:56:16 | INFO |   bound_B: 2.000000
2026-04-11 16:56:16 | INFO |   true_field_inf_norm: 2.000000
2026-04-11 16:56:16 | INFO |   true_field_rank: 6.000000
2026-04-11 16:56:16 | INFO | Saved summary tables to C:\Users\phevo\Documents\MIT\Code\MPLE-Causal-Inference\experiments\SyntheticExperimentsGrid\generated_z_latent_n600_t60_xi0p75_b2_rank6_20260411_164602\mple_summary.csv and C:\Users\phevo\Documents\MIT\Code\MPLE-Causal-Inference\experiments\SyntheticExperimentsGrid\generated_z_latent_n600_t60_xi0p75_b2_rank6_20260411_164602\mple_summary.md
2026-04-11 16:56:16 | INFO | Log saved to C:\Users\phevo\Documents\MIT\Code\MPLE-Causal-Inference\experiments\SyntheticExperimentsGrid\generated_z_latent_n600_t60_xi0p75_b2_rank6_20260411_164602\mple.log
