2026-04-07 11:48:23 | INFO | Loading data...
2026-04-07 11:48:23 | INFO | Loaded 6 field templates and 1 interaction templates.
2026-04-07 11:48:23 | INFO | Intervention-process model enabled: True
2026-04-07 11:48:23 | INFO | Tau zero-mean enabled: False
2026-04-07 11:48:23 | INFO | Tau smoothness lambda: 0.000000
2026-04-07 11:48:23 | INFO | Running conditional-model MPLE on x with shape=(67, 3137)
2026-04-07 11:48:23 | INFO | Eval 0  |  Loss: 0.678501
2026-04-07 11:48:23 | INFO |   field::log_population: +0.0126,  field::median_household_income: -0.0132,  field::poverty_rate: +0.0640,  field::pct_black: +0.0105,  field::pct_hispanic: -0.0536,  field::pct_in_labor_force: +0.0362,  tau block: mean=+0.0102, std=0.0970, min=-0.2325, max=+0.1960,  beta: -0.0618,  interaction::contiguity: +0.1822,  eta: -0.1320,  zeta: -0.0662,  psi: +0.0935
2026-04-07 11:48:29 | INFO | Done fitting.
2026-04-07 11:48:29 | INFO | Optimizer status: CONVERGENCE: RELATIVE REDUCTION OF F <= FACTR*EPSMCH
2026-04-07 11:48:29 | INFO | Final Loss: 0.179694
2026-04-07 11:48:29 | INFO | Estimated Parameters:
2026-04-07 11:48:29 | INFO |   field::log_population: 0.3190
2026-04-07 11:48:29 | INFO |   field::median_household_income: -0.2111
2026-04-07 11:48:29 | INFO |   field::poverty_rate: -0.0114
2026-04-07 11:48:29 | INFO |   field::pct_black: -0.1679
2026-04-07 11:48:29 | INFO |   field::pct_hispanic: -0.1339
2026-04-07 11:48:29 | INFO |   field::pct_in_labor_force: 0.0923
2026-04-07 11:48:29 | INFO |   tau::t_0: -0.0194
2026-04-07 11:48:29 | INFO |   tau::t_1: -0.1295
2026-04-07 11:48:29 | INFO |   tau::t_2: -0.2610
2026-04-07 11:48:29 | INFO |   tau::t_3: 0.0267
2026-04-07 11:48:29 | INFO |   tau::t_4: -0.1779
2026-04-07 11:48:29 | INFO |   tau::t_5: -0.0403
2026-04-07 11:48:29 | INFO |   tau::t_6: -0.0330
2026-04-07 11:48:29 | INFO |   tau::t_7: 0.0556
2026-04-07 11:48:29 | INFO |   tau::t_8: -0.0290
2026-04-07 11:48:29 | INFO |   tau::t_9: 0.1130
2026-04-07 11:48:29 | INFO |   tau::t_10: 0.0302
2026-04-07 11:48:29 | INFO |   tau::t_11: -0.0676
2026-04-07 11:48:29 | INFO |   tau::t_12: -0.0280
2026-04-07 11:48:29 | INFO |   tau::t_13: -0.1222
2026-04-07 11:48:29 | INFO |   tau::t_14: -0.1872
2026-04-07 11:48:29 | INFO |   tau::t_15: -0.2122
2026-04-07 11:48:29 | INFO |   tau::t_16: -0.1964
2026-04-07 11:48:29 | INFO |   tau::t_17: -0.3603
2026-04-07 11:48:29 | INFO |   tau::t_18: -0.1678
2026-04-07 11:48:29 | INFO |   tau::t_19: -0.3508
2026-04-07 11:48:29 | INFO |   tau::t_20: -0.3068
2026-04-07 11:48:29 | INFO |   tau::t_21: -0.2412
2026-04-07 11:48:29 | INFO |   tau::t_22: -0.0417
2026-04-07 11:48:29 | INFO |   tau::t_23: 0.0607
2026-04-07 11:48:29 | INFO |   tau::t_24: 0.2284
2026-04-07 11:48:29 | INFO |   tau::t_25: 0.2822
2026-04-07 11:48:29 | INFO |   tau::t_26: 0.3226
2026-04-07 11:48:29 | INFO |   tau::t_27: 0.3762
2026-04-07 11:48:29 | INFO |   tau::t_28: 0.2961
2026-04-07 11:48:29 | INFO |   tau::t_29: 0.3983
2026-04-07 11:48:29 | INFO |   tau::t_30: 0.3947
2026-04-07 11:48:29 | INFO |   tau::t_31: 0.2717
2026-04-07 11:48:29 | INFO |   tau::t_32: 0.4365
2026-04-07 11:48:29 | INFO |   tau::t_33: 0.3696
2026-04-07 11:48:29 | INFO |   tau::t_34: 0.2236
2026-04-07 11:48:29 | INFO |   tau::t_35: 0.0829
2026-04-07 11:48:29 | INFO |   tau::t_36: -0.0389
2026-04-07 11:48:29 | INFO |   tau::t_37: 0.0060
2026-04-07 11:48:29 | INFO |   tau::t_38: -0.0432
2026-04-07 11:48:29 | INFO |   tau::t_39: 0.0085
2026-04-07 11:48:29 | INFO |   tau::t_40: 0.0915
2026-04-07 11:48:29 | INFO |   tau::t_41: 0.1401
2026-04-07 11:48:29 | INFO |   tau::t_42: -0.2003
2026-04-07 11:48:29 | INFO |   tau::t_43: 0.4630
2026-04-07 11:48:29 | INFO |   tau::t_44: 0.1459
2026-04-07 11:48:29 | INFO |   tau::t_45: 0.1206
2026-04-07 11:48:29 | INFO |   tau::t_46: 0.1545
2026-04-07 11:48:29 | INFO |   tau::t_47: 0.6384
2026-04-07 11:48:29 | INFO |   tau::t_48: 1.2412
2026-04-07 11:48:29 | INFO |   tau::t_49: 1.2831
2026-04-07 11:48:29 | INFO |   tau::t_50: 2.0284
2026-04-07 11:48:29 | INFO |   tau::t_51: 2.0033
2026-04-07 11:48:29 | INFO |   tau::t_52: 1.1751
2026-04-07 11:48:29 | INFO |   tau::t_53: 0.4154
2026-04-07 11:48:29 | INFO |   tau::t_54: -0.0242
2026-04-07 11:48:29 | INFO |   tau::t_55: -0.3214
2026-04-07 11:48:29 | INFO |   tau::t_56: -0.2745
2026-04-07 11:48:29 | INFO |   tau::t_57: -0.2361
2026-04-07 11:48:29 | INFO |   tau::t_58: -0.1687
2026-04-07 11:48:29 | INFO |   tau::t_59: -0.1342
2026-04-07 11:48:29 | INFO |   tau::t_60: -0.1915
2026-04-07 11:48:29 | INFO |   tau::t_61: -0.0763
2026-04-07 11:48:29 | INFO |   tau::t_62: -0.1119
2026-04-07 11:48:29 | INFO |   tau::t_63: 0.0869
2026-04-07 11:48:29 | INFO |   tau::t_64: 0.0265
2026-04-07 11:48:29 | INFO |   tau::t_65: 0.1193
2026-04-07 11:48:29 | INFO |   tau::t_66: 0.1262
2026-04-07 11:48:29 | INFO |   beta: -0.0068
2026-04-07 11:48:29 | INFO |   interaction::contiguity: 2.4526
2026-04-07 11:48:29 | INFO |   eta: 0.5110
2026-04-07 11:48:29 | INFO |   zeta: 0.0417
2026-04-07 11:48:29 | INFO |   psi: 2.0254
2026-04-07 11:48:29 | INFO | Saved summary tables to C:\Users\phevo\Documents\MIT\Code\MPLE-Causal-Inference\experiments\USCountyVaccination_US_tau_unrestricted\outcome_case_rate_100k_ge_100__intervention_partial_cov_ge_10__lag_3w__contiguity\mple_summary.csv and C:\Users\phevo\Documents\MIT\Code\MPLE-Causal-Inference\experiments\USCountyVaccination_US_tau_unrestricted\outcome_case_rate_100k_ge_100__intervention_partial_cov_ge_10__lag_3w__contiguity\mple_summary.md
2026-04-07 11:48:29 | INFO | Log saved to C:\Users\phevo\Documents\MIT\Code\MPLE-Causal-Inference\experiments\USCountyVaccination_US_tau_unrestricted\outcome_case_rate_100k_ge_100__intervention_partial_cov_ge_10__lag_3w__contiguity\mple.log
