2026-04-25 13:03:20 | INFO | Loading data...
2026-04-25 13:03:20 | INFO | Using panel artifact: /orcd/home/002/phevosp/MPLE-Causal-Inference/experiments/USCountyVaccination_US_trimmed/outcome_death_rate_100k_ge_2__intervention_complete_cov_ge_20__lag_2w__contiguity__start_2020_03_01/panel_data.npz
2026-04-25 13:03:20 | INFO | Using x_0 artifact: /orcd/home/002/phevosp/MPLE-Causal-Inference/experiments/USCountyVaccination_US_trimmed/outcome_death_rate_100k_ge_2__intervention_complete_cov_ge_20__lag_2w__contiguity__start_2020_03_01/x_0.npy
2026-04-25 13:03:20 | INFO | Using fit config: /orcd/home/002/phevosp/MPLE-Causal-Inference/experiments/USCountyVaccination_US_trimmed/outcome_death_rate_100k_ge_2__intervention_complete_cov_ge_20__lag_2w__contiguity__start_2020_03_01/fits/alternating_rank_10_lambda_10/fit_realized_config.yaml
2026-04-25 13:03:20 | INFO | Using model artifact directory: /orcd/home/002/phevosp/MPLE-Causal-Inference/experiments/USCountyVaccination_US_trimmed/outcome_death_rate_100k_ge_2__intervention_complete_cov_ge_20__lag_2w__contiguity__start_2020_03_01
2026-04-25 13:03:20 | INFO | Using truth artifact directory: /orcd/home/002/phevosp/MPLE-Causal-Inference/experiments/USCountyVaccination_US_trimmed/outcome_death_rate_100k_ge_2__intervention_complete_cov_ge_20__lag_2w__contiguity__start_2020_03_01
2026-04-25 13:03:20 | INFO | Configured optimizer mode: alternating_latent_rank
2026-04-25 13:03:20 | INFO | Configured latent rank: 10
2026-04-25 13:03:20 | INFO | Using a fixed known graph with scalar xi.
2026-04-25 13:03:20 | INFO | Fit-time hard bounds active: False
2026-04-25 13:03:20 | INFO | Fixed scalar parameters: {}
2026-04-25 13:03:20 | INFO | Optimizer settings: steps=20000, tol=1e-09, n_starts=1, seed=0, lambda_nuclear=0.0, lambda_frobenius=0.0, lambda_uv_ridge=10.0, proximal_lr=1.0
2026-04-25 13:03:20 | INFO | Alternating low-rank start 1/1 | seed=0 | initial_loss=0.674277 | initial_penalized=0.683255
2026-04-25 13:03:20 | INFO | Alternating low-rank iter 0 | Loss: 0.477560 | Penalized: 0.496059
2026-04-25 13:03:31 | INFO | Alternating low-rank iter 100 | Loss: 0.388827 | Penalized: 0.438129
2026-04-25 13:03:43 | INFO | Alternating low-rank iter 200 | Loss: 0.389213 | Penalized: 0.436988
2026-04-25 13:03:54 | INFO | Alternating low-rank iter 300 | Loss: 0.389511 | Penalized: 0.436881
2026-04-25 13:04:06 | INFO | Alternating low-rank iter 400 | Loss: 0.389617 | Penalized: 0.436867
2026-04-25 13:04:17 | INFO | Alternating low-rank iter 500 | Loss: 0.389651 | Penalized: 0.436863
2026-04-25 13:04:29 | INFO | Alternating low-rank iter 600 | Loss: 0.389662 | Penalized: 0.436863
2026-04-25 13:04:39 | INFO | Done fitting.
2026-04-25 13:04:39 | INFO | Optimizer status: CONVERGED: alternating objective tolerance reached
2026-04-25 13:04:39 | INFO | Best optimizer start: 1 / 1
2026-04-25 13:04:39 | INFO | Final Loss: 0.389665
2026-04-25 13:04:39 | INFO | Estimated Parameters:
2026-04-25 13:04:39 | INFO |   beta: 0.0395
2026-04-25 13:04:39 | INFO |   xi: 1.7686
2026-04-25 13:04:39 | INFO |   eta: 0.1710
2026-04-25 13:04:39 | INFO | Alternating low-rank optimizer diagnostics:
2026-04-25 13:04:39 | INFO |   penalized_objective: 0.436863
2026-04-25 13:04:39 | INFO |   mple_loss_without_penalty: 0.389665
2026-04-25 13:04:39 | INFO |   lambda_uv_ridge: 10.000000
2026-04-25 13:04:39 | INFO |   u_frobenius_norm: 28.576335
2026-04-25 13:04:39 | INFO |   v_frobenius_norm: 28.576335
2026-04-25 13:04:39 | INFO |   effective_rank: 10.000000
2026-04-25 13:04:39 | INFO | Field and interaction diagnostics:
2026-04-25 13:04:39 | INFO |   estimated_field_max_abs_entry: 2.187073
2026-04-25 13:04:39 | INFO |   estimated_field_rank: 10.000000
2026-04-25 13:04:39 | INFO | Saved summary tables to /orcd/home/002/phevosp/MPLE-Causal-Inference/experiments/USCountyVaccination_US_trimmed/outcome_death_rate_100k_ge_2__intervention_complete_cov_ge_20__lag_2w__contiguity__start_2020_03_01/fits/alternating_rank_10_lambda_10/mple_summary.csv and /orcd/home/002/phevosp/MPLE-Causal-Inference/experiments/USCountyVaccination_US_trimmed/outcome_death_rate_100k_ge_2__intervention_complete_cov_ge_20__lag_2w__contiguity__start_2020_03_01/fits/alternating_rank_10_lambda_10/mple_summary.md
2026-04-25 13:04:39 | INFO | Log saved to /orcd/home/002/phevosp/MPLE-Causal-Inference/experiments/USCountyVaccination_US_trimmed/outcome_death_rate_100k_ge_2__intervention_complete_cov_ge_20__lag_2w__contiguity__start_2020_03_01/fits/alternating_rank_10_lambda_10/mple.log
