2026-04-06 17:42:05 | INFO | Loading data...
2026-04-06 17:42:05 | INFO | Loaded 8 field templates and 1 interaction templates.
2026-04-06 17:42:05 | INFO | Intervention-process model enabled: False
2026-04-06 17:42:05 | INFO | Running conditional-model MPLE on x with shape=(15, 9642)
2026-04-06 17:42:05 | INFO | Eval 0  |  Loss: 0.621435
2026-04-06 17:42:05 | INFO |   field::total_pop: +0.0126,  field::black_share: -0.0132,  field::hispanic_share: +0.0640,  field::male_1521_share: +0.0105,  field::family_household_share: -0.0536,  field::female_household_share: +0.0362,  field::renter_share: +0.1304,  field::vacant_share: +0.0947,  tau block: mean=-0.0394, std=0.0882, min=-0.2325, max=+0.1366,  beta: +0.0352,  interaction::contiguity: +0.0903,  eta: +0.0094
2026-04-06 17:42:07 | INFO | Eval 100  |  Loss: 0.306051
2026-04-06 17:42:07 | INFO |   field::total_pop: +4.9174,  field::black_share: +0.3307,  field::hispanic_share: +0.4303,  field::male_1521_share: -0.1963,  field::family_household_share: -0.4102,  field::female_household_share: +0.3606,  field::renter_share: +0.1307,  field::vacant_share: +1.4214,  tau block: mean=-0.3675, std=0.0724, min=-0.5514, max=-0.2668,  beta: +0.1124,  interaction::contiguity: +2.1333,  eta: +0.5716
2026-04-06 17:42:08 | INFO | Done fitting.
2026-04-06 17:42:08 | INFO | Optimizer status: CONVERGENCE: RELATIVE REDUCTION OF F <= FACTR*EPSMCH
2026-04-06 17:42:08 | INFO | Final Loss: 0.306051
2026-04-06 17:42:08 | INFO | Estimated Parameters:
2026-04-06 17:42:08 | INFO |   field::total_pop: 4.9045
2026-04-06 17:42:08 | INFO |   field::black_share: 0.3303
2026-04-06 17:42:08 | INFO |   field::hispanic_share: 0.4287
2026-04-06 17:42:08 | INFO |   field::male_1521_share: -0.1913
2026-04-06 17:42:08 | INFO |   field::family_household_share: -0.4101
2026-04-06 17:42:08 | INFO |   field::female_household_share: 0.3615
2026-04-06 17:42:08 | INFO |   field::renter_share: 0.1308
2026-04-06 17:42:08 | INFO |   field::vacant_share: 1.4665
2026-04-06 17:42:08 | INFO |   tau::t_0: -0.4345
2026-04-06 17:42:08 | INFO |   tau::t_1: -0.2948
2026-04-06 17:42:08 | INFO |   tau::t_2: -0.3404
2026-04-06 17:42:08 | INFO |   tau::t_3: -0.4373
2026-04-06 17:42:08 | INFO |   tau::t_4: -0.3837
2026-04-06 17:42:08 | INFO |   tau::t_5: -0.3422
2026-04-06 17:42:08 | INFO |   tau::t_6: -0.3500
2026-04-06 17:42:08 | INFO |   tau::t_7: -0.3814
2026-04-06 17:42:08 | INFO |   tau::t_8: -0.3607
2026-04-06 17:42:08 | INFO |   tau::t_9: -0.2526
2026-04-06 17:42:08 | INFO |   tau::t_10: -0.3090
2026-04-06 17:42:08 | INFO |   tau::t_11: -0.3224
2026-04-06 17:42:08 | INFO |   tau::t_12: -0.3021
2026-04-06 17:42:08 | INFO |   tau::t_13: -0.2538
2026-04-06 17:42:08 | INFO |   tau::t_14: -0.5379
2026-04-06 17:42:08 | INFO |   beta: 0.1263
2026-04-06 17:42:08 | INFO |   interaction::contiguity: 2.1321
2026-04-06 17:42:08 | INFO |   eta: 0.5717
2026-04-06 17:42:08 | INFO | Saved summary tables to C:\Users\phevo\Documents\MIT\Code\MPLE-Causal-Inference\experiments\SeattleDMI\outcome_only\any_crime_gt_2_pm1__contiguity\mple_summary.csv and C:\Users\phevo\Documents\MIT\Code\MPLE-Causal-Inference\experiments\SeattleDMI\outcome_only\any_crime_gt_2_pm1__contiguity\mple_summary.md
2026-04-06 17:42:08 | INFO | Log saved to C:\Users\phevo\Documents\MIT\Code\MPLE-Causal-Inference\experiments\SeattleDMI\outcome_only\any_crime_gt_2_pm1__contiguity\mple.log
