2026-07-26 05:39:21 | INFO | Loading data...
2026-07-26 05:39:21 | INFO | Using panel artifact: /orcd/home/002/phevosp/MPLE-Causal-Inference/experiments/Synthetic/confounding_strong/panel_data.npz
2026-07-26 05:39:21 | INFO | Using x_0 artifact: /orcd/home/002/phevosp/MPLE-Causal-Inference/experiments/Synthetic/confounding_strong/x_0.npy
2026-07-26 05:39:21 | INFO | Using fit config: /orcd/home/002/phevosp/MPLE-Causal-Inference/experiments/Synthetic/confounding_strong/cv_runs_baselines/treatment_split/candidates/treatment_split_candidate_0003/fold_4/fit_realized_config.yaml
2026-07-26 05:39:21 | INFO | Using model artifact directory: /orcd/home/002/phevosp/MPLE-Causal-Inference/experiments/Synthetic/confounding_strong
2026-07-26 05:39:21 | INFO | Using truth artifact directory: /orcd/home/002/phevosp/MPLE-Causal-Inference/experiments/Synthetic/confounding_strong
2026-07-26 05:39:21 | INFO | Using loss mask artifact: /orcd/home/002/phevosp/MPLE-Causal-Inference/experiments/Synthetic/confounding_strong/cv_runs_baselines/treatment_split/candidates/treatment_split_candidate_0003/fold_4/loss_mask.npy
2026-07-26 05:39:21 | INFO | Configured optimizer mode: alternating_treatment_split_latent_rank
2026-07-26 05:39:21 | INFO | Configured latent rank: 1
2026-07-26 05:39:21 | INFO | Using a fixed known graph with scalar xi.
2026-07-26 05:39:21 | INFO | Fit-time hard bounds active: False
2026-07-26 05:39:21 | INFO | Fixed scalar parameters: {'beta': 0.0, 'xi': 0.0, 'eta': 0.0}
2026-07-26 05:39:21 | INFO | Warm-start fixed scalars: {} for 0 steps
2026-07-26 05:39:21 | INFO | Beta-gradient mask before s: False with s=0
2026-07-26 05:39:21 | INFO | Beta-gradient mask after e: False with e=11
2026-07-26 05:39:21 | INFO | Alternating V-column L2-ball constraint active with radius 1.0
2026-07-26 05:39:21 | INFO | Optimizer settings: steps=2000, tol=1e-07, n_starts=1, seed=0, lambda_nuclear=0.0, lambda_frobenius=0.0, lambda_uv_ridge=0.01, v_column_l2_max=1.0, proximal_lr=1.0
2026-07-26 05:39:21 | INFO | Treatment-split alternating low-rank start 1/1 | seed=0 | initial_loss=0.693138 | initial_penalized=0.693140
2026-07-26 05:39:21 | INFO | Treatment-split alternating low-rank iter 0 | Loss: 0.686216 | Penalized: 0.686251
2026-07-26 05:39:23 | INFO | Treatment-split alternating low-rank iter 100 | Loss: 0.600485 | Penalized: 0.609121
2026-07-26 05:39:25 | INFO | Treatment-split alternating low-rank iter 200 | Loss: 0.600445 | Penalized: 0.609070
2026-07-26 05:39:26 | INFO | Treatment-split alternating low-rank iter 300 | Loss: 0.600442 | Penalized: 0.609068
2026-07-26 05:39:28 | INFO | Treatment-split alternating low-rank iter 400 | Loss: 0.600443 | Penalized: 0.609068
2026-07-26 05:39:30 | INFO | Treatment-split alternating low-rank iter 500 | Loss: 0.600443 | Penalized: 0.609068
2026-07-26 05:39:32 | INFO | Treatment-split alternating low-rank iter 600 | Loss: 0.600443 | Penalized: 0.609068
2026-07-26 05:39:33 | INFO | Treatment-split alternating low-rank iter 700 | Loss: 0.600443 | Penalized: 0.609068
2026-07-26 05:39:35 | INFO | Treatment-split alternating low-rank iter 800 | Loss: 0.600443 | Penalized: 0.609068
2026-07-26 05:39:37 | INFO | Treatment-split alternating low-rank iter 900 | Loss: 0.600443 | Penalized: 0.609068
2026-07-26 05:39:38 | INFO | Treatment-split alternating low-rank iter 1000 | Loss: 0.600443 | Penalized: 0.609068
2026-07-26 05:39:40 | INFO | Treatment-split alternating low-rank iter 1100 | Loss: 0.600443 | Penalized: 0.609068
2026-07-26 05:39:42 | INFO | Treatment-split alternating low-rank iter 1200 | Loss: 0.600443 | Penalized: 0.609068
2026-07-26 05:39:44 | INFO | Treatment-split alternating low-rank iter 1300 | Loss: 0.600443 | Penalized: 0.609068
2026-07-26 05:39:45 | INFO | Treatment-split alternating low-rank iter 1400 | Loss: 0.600443 | Penalized: 0.609068
2026-07-26 05:39:47 | INFO | Treatment-split alternating low-rank iter 1500 | Loss: 0.600443 | Penalized: 0.609068
2026-07-26 05:39:49 | INFO | Treatment-split alternating low-rank iter 1600 | Loss: 0.600443 | Penalized: 0.609068
2026-07-26 05:39:50 | INFO | Treatment-split alternating low-rank iter 1700 | Loss: 0.600443 | Penalized: 0.609068
2026-07-26 05:39:52 | INFO | Treatment-split alternating low-rank iter 1800 | Loss: 0.600443 | Penalized: 0.609068
2026-07-26 05:39:54 | INFO | Treatment-split alternating low-rank iter 1900 | Loss: 0.600443 | Penalized: 0.609068
2026-07-26 05:39:56 | INFO | Done fitting.
2026-07-26 05:39:56 | INFO | Optimizer status: STOP: TOTAL NO. OF OUTER ITERATIONS REACHED LIMIT
2026-07-26 05:39:56 | INFO | Best optimizer start: 1 / 1
2026-07-26 05:39:56 | INFO | Final Loss: 0.600342
2026-07-26 05:39:56 | INFO | Estimated vs True Parameters:
2026-07-26 05:39:56 | INFO |   beta: 0.0000 (True: -0.3000) | SQE: 0.090000
2026-07-26 05:39:56 | INFO |   xi: 0.0000 (True: 0.8000) | SQE: 0.640000
2026-07-26 05:39:56 | INFO |   eta: 0.0000 (True: 0.3000) | SQE: 0.090000
2026-07-26 05:39:56 | INFO | Treatment-split alternating low-rank optimizer diagnostics:
2026-07-26 05:39:56 | INFO |   penalized_objective: 0.608950
2026-07-26 05:39:56 | INFO |   mple_loss_without_penalty: 0.600342
2026-07-26 05:39:56 | INFO |   lambda_uv_ridge: 0.010000
2026-07-26 05:39:56 | INFO |   u_frobenius_norm: 1.414214
2026-07-26 05:39:56 | INFO |   v_frobenius_norm: 113.730819
2026-07-26 05:39:56 | INFO |   effective_rank: 50.000000
2026-07-26 05:39:56 | INFO | Field and interaction diagnostics:
2026-07-26 05:39:56 | INFO |   field_rmse: 0.668948
2026-07-26 05:39:56 | INFO |   interaction_fro_error: 2.834194
2026-07-26 05:39:56 | INFO |   estimated_field_max_abs_entry: 3.478052
2026-07-26 05:39:56 | INFO |   estimated_field_rank: 50.000000
2026-07-26 05:39:56 | INFO |   true_field_max_abs_entry: 4.447602
2026-07-26 05:39:56 | INFO |   true_field_rank: 3.000000
2026-07-26 05:39:56 | INFO | Saved summary table to /orcd/home/002/phevosp/MPLE-Causal-Inference/experiments/Synthetic/confounding_strong/cv_runs_baselines/treatment_split/candidates/treatment_split_candidate_0003/fold_4/mple_summary.csv
2026-07-26 05:39:56 | INFO | Log saved to /orcd/home/002/phevosp/MPLE-Causal-Inference/experiments/Synthetic/confounding_strong/cv_runs_baselines/treatment_split/candidates/treatment_split_candidate_0003/fold_4/mple.log
