2026-04-19 13:15:33 | INFO | Loading data...
2026-04-19 13:15:33 | INFO | Using panel artifact: C:\Users\phevo\Documents\MIT\Code\MPLE-Causal-Inference\experiments\USCountyVaccination_US_sensitivity\outcome_death_rate_100k_ge_2__intervention_complete_cov_ge_40__lag_2w__contiguity__start_2020_09_06\panel_data.npz
2026-04-19 13:15:33 | INFO | Using x_0 artifact: C:\Users\phevo\Documents\MIT\Code\MPLE-Causal-Inference\experiments\USCountyVaccination_US_sensitivity\outcome_death_rate_100k_ge_2__intervention_complete_cov_ge_40__lag_2w__contiguity__start_2020_09_06\x_0.npy
2026-04-19 13:15:33 | INFO | Using z_0 artifact: C:\Users\phevo\Documents\MIT\Code\MPLE-Causal-Inference\experiments\USCountyVaccination_US_sensitivity\outcome_death_rate_100k_ge_2__intervention_complete_cov_ge_40__lag_2w__contiguity__start_2020_09_06\z_0.npy
2026-04-19 13:15:33 | INFO | Using fit config: C:\Users\phevo\Documents\MIT\Code\MPLE-Causal-Inference\experiments\USCountyVaccination_US_sensitivity\outcome_death_rate_100k_ge_2__intervention_complete_cov_ge_40__lag_2w__contiguity__start_2020_09_06\fits\rank_10_b1\fit_realized_config.yaml
2026-04-19 13:15:33 | INFO | Using model artifact directory: C:\Users\phevo\Documents\MIT\Code\MPLE-Causal-Inference\experiments\USCountyVaccination_US_sensitivity\outcome_death_rate_100k_ge_2__intervention_complete_cov_ge_40__lag_2w__contiguity__start_2020_09_06
2026-04-19 13:15:33 | INFO | Using truth artifact directory: C:\Users\phevo\Documents\MIT\Code\MPLE-Causal-Inference\experiments\USCountyVaccination_US_sensitivity\outcome_death_rate_100k_ge_2__intervention_complete_cov_ge_40__lag_2w__contiguity__start_2020_09_06
2026-04-19 13:15:33 | INFO | Configured latent rank: 10
2026-04-19 13:15:33 | INFO | Using a fixed known graph with scalar xi.
2026-04-19 13:15:33 | INFO | Intervention-process model enabled: False
2026-04-19 13:15:33 | INFO | Global temperature bound B active: True
2026-04-19 13:15:33 | INFO | Effective xi bound from interaction constraint: 1.000000
2026-04-19 13:15:33 | INFO | Beta mask pre-intervention enabled: True
2026-04-19 13:15:33 | INFO | Fixed scalar parameters: {}
2026-04-19 13:15:33 | INFO | Optimizer settings: n_starts=5, lbfgs_steps=50000, tol=1e-09, adam_steps=1000, adam_lr=0.01, adam_device=cpu, seed=0
2026-04-19 13:15:33 | INFO | Optimizer start 1/5 | seed=0 | initial_loss=0.692749
2026-04-19 13:15:36 | INFO | Start 1 Adam step 0 | Loss: 0.692749
2026-04-19 13:15:37 | INFO | Start 1 Adam step 100 | Loss: 0.490068
2026-04-19 13:15:38 | INFO | Start 1 Adam step 200 | Loss: 0.487341
2026-04-19 13:15:39 | INFO | Start 1 Adam step 300 | Loss: 0.490819
2026-04-19 13:15:40 | INFO | Start 1 Adam step 400 | Loss: 0.475655
2026-04-19 13:15:41 | INFO | Start 1 Adam step 500 | Loss: 0.472283
2026-04-19 13:15:42 | INFO | Start 1 Adam step 600 | Loss: 0.472951
2026-04-19 13:15:43 | INFO | Start 1 Adam step 700 | Loss: 0.473718
2026-04-19 13:15:45 | INFO | Start 1 Adam step 800 | Loss: 0.473569
2026-04-19 13:15:46 | INFO | Start 1 Adam step 900 | Loss: 0.472819
2026-04-19 13:15:47 | INFO | Start 1 L-BFGS eval 0 | Loss: 0.472533
2026-04-19 13:15:47 | INFO |   beta: +0.0249,  xi: +1.0000,  eta: +0.2455
2026-04-19 13:15:50 | INFO | Start 1 L-BFGS eval 100 | Loss: 0.469728
2026-04-19 13:15:50 | INFO |   beta: +0.0253,  xi: +1.0000,  eta: +0.2461
2026-04-19 13:15:53 | INFO | Start 1 L-BFGS eval 200 | Loss: 0.466993
2026-04-19 13:15:53 | INFO |   beta: +0.0270,  xi: +1.0000,  eta: +0.2539
2026-04-19 13:15:55 | INFO | Start 1 L-BFGS eval 300 | Loss: 0.465713
2026-04-19 13:15:55 | INFO |   beta: +0.0247,  xi: +1.0000,  eta: +0.2358
2026-04-19 13:15:58 | INFO | Start 1 L-BFGS eval 400 | Loss: 0.465486
2026-04-19 13:15:58 | INFO |   beta: +0.0249,  xi: +1.0000,  eta: +0.2365
2026-04-19 13:16:01 | INFO | Start 1 L-BFGS eval 500 | Loss: 0.465452
2026-04-19 13:16:01 | INFO |   beta: +0.0243,  xi: +1.0000,  eta: +0.2323
2026-04-19 13:16:04 | INFO | Start 1 L-BFGS eval 600 | Loss: 0.465408
2026-04-19 13:16:04 | INFO |   beta: +0.0239,  xi: +1.0000,  eta: +0.2282
2026-04-19 13:16:07 | INFO | Start 1 L-BFGS eval 700 | Loss: 0.465374
2026-04-19 13:16:07 | INFO |   beta: +0.0243,  xi: +1.0000,  eta: +0.2321
2026-04-19 13:16:10 | INFO | Start 1 L-BFGS eval 800 | Loss: 0.465334
2026-04-19 13:16:10 | INFO |   beta: +0.0238,  xi: +1.0000,  eta: +0.2280
2026-04-19 13:16:13 | INFO | Start 1 L-BFGS eval 900 | Loss: 0.465301
2026-04-19 13:16:13 | INFO |   beta: +0.0245,  xi: +1.0000,  eta: +0.2337
2026-04-19 13:16:16 | INFO | Start 1 L-BFGS eval 1000 | Loss: 0.465259
2026-04-19 13:16:16 | INFO |   beta: +0.0239,  xi: +1.0000,  eta: +0.2283
2026-04-19 13:16:18 | INFO | Start 1 L-BFGS eval 1100 | Loss: 0.465228
2026-04-19 13:16:18 | INFO |   beta: +0.0245,  xi: +1.0000,  eta: +0.2336
2026-04-19 13:16:21 | INFO | Start 1 L-BFGS eval 1200 | Loss: 0.465189
2026-04-19 13:16:21 | INFO |   beta: +0.0235,  xi: +1.0000,  eta: +0.2249
2026-04-19 13:16:24 | INFO | Start 1 L-BFGS eval 1300 | Loss: 0.465153
2026-04-19 13:16:24 | INFO |   beta: +0.0245,  xi: +1.0000,  eta: +0.2336
2026-04-19 13:16:28 | INFO | Start 1 L-BFGS eval 1400 | Loss: 0.465126
2026-04-19 13:16:28 | INFO |   beta: +0.0247,  xi: +1.0000,  eta: +0.2348
2026-04-19 13:16:31 | INFO | Start 1 L-BFGS eval 1500 | Loss: 0.465089
2026-04-19 13:16:31 | INFO |   beta: +0.0238,  xi: +1.0000,  eta: +0.2279
2026-04-19 13:16:34 | INFO | Start 1 L-BFGS eval 1600 | Loss: 0.465056
2026-04-19 13:16:34 | INFO |   beta: +0.0243,  xi: +1.0000,  eta: +0.2316
2026-04-19 13:16:37 | INFO | Start 1 L-BFGS eval 1700 | Loss: 0.465019
2026-04-19 13:16:37 | INFO |   beta: +0.0239,  xi: +1.0000,  eta: +0.2281
2026-04-19 13:16:41 | INFO | Start 1 L-BFGS eval 1800 | Loss: 0.464988
2026-04-19 13:16:41 | INFO |   beta: +0.0245,  xi: +1.0000,  eta: +0.2334
2026-04-19 13:16:44 | INFO | Start 1 L-BFGS eval 1900 | Loss: 0.464948
2026-04-19 13:16:44 | INFO |   beta: +0.0238,  xi: +1.0000,  eta: +0.2275
2026-04-19 13:16:47 | INFO | Start 1 L-BFGS eval 2000 | Loss: 0.464918
2026-04-19 13:16:47 | INFO |   beta: +0.0245,  xi: +1.0000,  eta: +0.2332
2026-04-19 13:16:50 | INFO | Start 1 L-BFGS eval 2100 | Loss: 0.464889
2026-04-19 13:16:50 | INFO |   beta: +0.0246,  xi: +1.0000,  eta: +0.2338
2026-04-19 13:16:53 | INFO | Start 1 L-BFGS eval 2200 | Loss: 0.464864
2026-04-19 13:16:53 | INFO |   beta: +0.0252,  xi: +1.0000,  eta: +0.2387
2026-04-19 13:16:56 | INFO | Start 1 L-BFGS eval 2300 | Loss: 0.464822
2026-04-19 13:16:56 | INFO |   beta: +0.0242,  xi: +1.0000,  eta: +0.2305
2026-04-19 13:16:59 | INFO | Start 1 L-BFGS eval 2400 | Loss: 0.464787
2026-04-19 13:16:59 | INFO |   beta: +0.0238,  xi: +1.0000,  eta: +0.2271
2026-04-19 13:17:02 | INFO | Start 1 L-BFGS eval 2500 | Loss: 0.464756
2026-04-19 13:17:02 | INFO |   beta: +0.0239,  xi: +1.0000,  eta: +0.2285
2026-04-19 13:17:05 | INFO | Start 1 L-BFGS eval 2600 | Loss: 0.464718
2026-04-19 13:17:05 | INFO |   beta: +0.0238,  xi: +1.0000,  eta: +0.2278
2026-04-19 13:17:07 | INFO | Start 1 L-BFGS eval 2700 | Loss: 0.464690
2026-04-19 13:17:07 | INFO |   beta: +0.0244,  xi: +1.0000,  eta: +0.2327
2026-04-19 13:17:10 | INFO | Start 1 L-BFGS eval 2800 | Loss: 0.465432
2026-04-19 13:17:10 | INFO |   beta: +0.0183,  xi: +1.0000,  eta: +0.1826
2026-04-19 13:17:13 | INFO | Start 1 L-BFGS eval 2900 | Loss: 0.464602
2026-04-19 13:17:13 | INFO |   beta: +0.0234,  xi: +1.0000,  eta: +0.2238
2026-04-19 13:17:16 | INFO | Start 1 L-BFGS eval 3000 | Loss: 0.464558
2026-04-19 13:17:16 | INFO |   beta: +0.0245,  xi: +1.0000,  eta: +0.2333
2026-04-19 13:17:19 | INFO | Start 1 L-BFGS eval 3100 | Loss: 0.464527
2026-04-19 13:17:19 | INFO |   beta: +0.0239,  xi: +1.0000,  eta: +0.2279
2026-04-19 13:17:22 | INFO | Start 1 L-BFGS eval 3200 | Loss: 0.464499
2026-04-19 13:17:22 | INFO |   beta: +0.0245,  xi: +1.0000,  eta: +0.2327
2026-04-19 13:17:25 | INFO | Start 1 L-BFGS eval 3300 | Loss: 0.464464
2026-04-19 13:17:25 | INFO |   beta: +0.0238,  xi: +1.0000,  eta: +0.2270
2026-04-19 13:17:28 | INFO | Start 1 L-BFGS eval 3400 | Loss: 0.464436
2026-04-19 13:17:28 | INFO |   beta: +0.0245,  xi: +1.0000,  eta: +0.2327
2026-04-19 13:17:30 | INFO | Start 1 L-BFGS eval 3500 | Loss: 0.464407
2026-04-19 13:17:30 | INFO |   beta: +0.0243,  xi: +1.0000,  eta: +0.2315
2026-04-19 13:17:33 | INFO | Start 1 L-BFGS eval 3600 | Loss: 0.464383
2026-04-19 13:17:33 | INFO |   beta: +0.0238,  xi: +1.0000,  eta: +0.2269
2026-04-19 13:17:36 | INFO | Start 1 L-BFGS eval 3700 | Loss: 0.464353
2026-04-19 13:17:36 | INFO |   beta: +0.0241,  xi: +1.0000,  eta: +0.2293
2026-04-19 13:17:39 | INFO | Start 1 L-BFGS eval 3800 | Loss: 0.464322
2026-04-19 13:17:39 | INFO |   beta: +0.0239,  xi: +1.0000,  eta: +0.2276
2026-04-19 13:17:42 | INFO | Start 1 L-BFGS eval 3900 | Loss: 0.464294
2026-04-19 13:17:42 | INFO |   beta: +0.0244,  xi: +1.0000,  eta: +0.2324
2026-04-19 13:17:45 | INFO | Start 1 L-BFGS eval 4000 | Loss: 0.464262
2026-04-19 13:17:45 | INFO |   beta: +0.0240,  xi: +1.0000,  eta: +0.2285
2026-04-19 13:17:48 | INFO | Start 1 L-BFGS eval 4100 | Loss: 0.464099
2026-04-19 13:17:48 | INFO |   beta: +0.0241,  xi: +1.0000,  eta: +0.2294
2026-04-19 13:17:51 | INFO | Start 1 L-BFGS eval 4200 | Loss: 0.464069
2026-04-19 13:17:51 | INFO |   beta: +0.0238,  xi: +1.0000,  eta: +0.2273
2026-04-19 13:17:54 | INFO | Start 1 L-BFGS eval 4300 | Loss: 0.464045
2026-04-19 13:17:54 | INFO |   beta: +0.0244,  xi: +1.0000,  eta: +0.2318
2026-04-19 13:17:57 | INFO | Start 1 L-BFGS eval 4400 | Loss: 0.463986
2026-04-19 13:17:57 | INFO |   beta: +0.0232,  xi: +1.0000,  eta: +0.2213
2026-04-19 13:17:59 | INFO | Start 1 L-BFGS eval 4500 | Loss: 0.463941
2026-04-19 13:17:59 | INFO |   beta: +0.0245,  xi: +1.0000,  eta: +0.2326
2026-04-19 13:18:02 | INFO | Start 1 L-BFGS eval 4600 | Loss: 0.498073
2026-04-19 13:18:02 | INFO |   beta: -0.0126,  xi: +1.0000,  eta: -0.0712
2026-04-19 13:18:05 | INFO | Start 1 L-BFGS eval 4700 | Loss: 0.463784
2026-04-19 13:18:05 | INFO |   beta: +0.0238,  xi: +1.0000,  eta: +0.2270
2026-04-19 13:18:08 | INFO | Start 1 L-BFGS eval 4800 | Loss: 0.463710
2026-04-19 13:18:08 | INFO |   beta: +0.0230,  xi: +1.0000,  eta: +0.2194
2026-04-19 13:18:11 | INFO | Start 1 L-BFGS eval 4900 | Loss: 0.463573
2026-04-19 13:18:11 | INFO |   beta: +0.0244,  xi: +1.0000,  eta: +0.2327
2026-04-19 13:18:14 | INFO | Start 1 L-BFGS eval 5000 | Loss: 0.463531
2026-04-19 13:18:14 | INFO |   beta: +0.0237,  xi: +1.0000,  eta: +0.2237
2026-04-19 13:18:16 | INFO | Start 1 L-BFGS eval 5100 | Loss: 0.463508
2026-04-19 13:18:16 | INFO |   beta: +0.0239,  xi: +1.0000,  eta: +0.2275
2026-04-19 13:18:19 | INFO | Start 1 L-BFGS eval 5200 | Loss: 0.463439
2026-04-19 13:18:19 | INFO |   beta: +0.0245,  xi: +1.0000,  eta: +0.2319
2026-04-19 13:18:22 | INFO | Start 1 L-BFGS eval 5300 | Loss: 0.463413
2026-04-19 13:18:22 | INFO |   beta: +0.0239,  xi: +1.0000,  eta: +0.2270
2026-04-19 13:18:25 | INFO | Start 1 L-BFGS eval 5400 | Loss: 0.463369
2026-04-19 13:18:25 | INFO |   beta: +0.0241,  xi: +1.0000,  eta: +0.2289
2026-04-19 13:18:27 | INFO | Start 1 L-BFGS eval 5500 | Loss: 0.463295
2026-04-19 13:18:27 | INFO |   beta: +0.0247,  xi: +1.0000,  eta: +0.2332
2026-04-19 13:18:30 | INFO | Start 1 L-BFGS eval 5600 | Loss: 0.463276
2026-04-19 13:18:30 | INFO |   beta: +0.0243,  xi: +1.0000,  eta: +0.2304
2026-04-19 13:18:33 | INFO | Start 1 L-BFGS eval 5700 | Loss: 0.463247
2026-04-19 13:18:33 | INFO |   beta: +0.0239,  xi: +1.0000,  eta: +0.2266
2026-04-19 13:18:36 | INFO | Start 1 L-BFGS eval 5800 | Loss: 0.463205
2026-04-19 13:18:36 | INFO |   beta: +0.0241,  xi: +1.0000,  eta: +0.2285
2026-04-19 13:18:39 | INFO | Start 1 L-BFGS eval 5900 | Loss: 0.463161
2026-04-19 13:18:39 | INFO |   beta: +0.0237,  xi: +1.0000,  eta: +0.2251
2026-04-19 13:18:41 | INFO | Start 1 L-BFGS eval 6000 | Loss: 0.463114
2026-04-19 13:18:41 | INFO |   beta: +0.0238,  xi: +1.0000,  eta: +0.2260
2026-04-19 13:18:44 | INFO | Start 1 L-BFGS eval 6100 | Loss: 0.463068
2026-04-19 13:18:44 | INFO |   beta: +0.0239,  xi: +1.0000,  eta: +0.2268
2026-04-19 13:18:47 | INFO | Start 1 L-BFGS eval 6200 | Loss: 0.463002
2026-04-19 13:18:47 | INFO |   beta: +0.0241,  xi: +1.0000,  eta: +0.2282
2026-04-19 13:18:50 | INFO | Start 1 L-BFGS eval 6300 | Loss: 0.462952
2026-04-19 13:18:50 | INFO |   beta: +0.0243,  xi: +1.0000,  eta: +0.2301
2026-04-19 13:18:53 | INFO | Start 1 L-BFGS eval 6400 | Loss: 0.462914
2026-04-19 13:18:53 | INFO |   beta: +0.0235,  xi: +1.0000,  eta: +0.2225
2026-04-19 13:18:56 | INFO | Start 1 L-BFGS eval 6500 | Loss: 0.462887
2026-04-19 13:18:56 | INFO |   beta: +0.0243,  xi: +1.0000,  eta: +0.2297
2026-04-19 13:18:58 | INFO | Start 1 L-BFGS eval 6600 | Loss: 0.462874
2026-04-19 13:18:58 | INFO |   beta: +0.0243,  xi: +1.0000,  eta: +0.2296
2026-04-19 13:19:01 | INFO | Start 1 L-BFGS eval 6700 | Loss: 0.462853
2026-04-19 13:19:01 | INFO |   beta: +0.0239,  xi: +1.0000,  eta: +0.2262
2026-04-19 13:19:04 | INFO | Start 1 L-BFGS eval 6800 | Loss: 0.462836
2026-04-19 13:19:04 | INFO |   beta: +0.0243,  xi: +1.0000,  eta: +0.2295
2026-04-19 13:19:07 | INFO | Start 1 L-BFGS eval 6900 | Loss: 0.462818
2026-04-19 13:19:07 | INFO |   beta: +0.0240,  xi: +1.0000,  eta: +0.2273
2026-04-19 13:19:10 | INFO | Start 1 L-BFGS eval 7000 | Loss: 0.462782
2026-04-19 13:19:10 | INFO |   beta: +0.0244,  xi: +1.0000,  eta: +0.2307
2026-04-19 13:19:12 | INFO | Start 1 L-BFGS eval 7100 | Loss: 0.462746
2026-04-19 13:19:12 | INFO |   beta: +0.0237,  xi: +1.0000,  eta: +0.2246
2026-04-19 13:19:15 | INFO | Start 1 L-BFGS eval 7200 | Loss: 0.462726
2026-04-19 13:19:15 | INFO |   beta: +0.0244,  xi: +1.0000,  eta: +0.2303
2026-04-19 13:19:18 | INFO | Start 1 L-BFGS eval 7300 | Loss: 0.462692
2026-04-19 13:19:18 | INFO |   beta: +0.0241,  xi: +1.0000,  eta: +0.2277
2026-04-19 13:19:21 | INFO | Start 1 L-BFGS eval 7400 | Loss: 0.473714
2026-04-19 13:19:21 | INFO |   beta: +0.0027,  xi: +1.0000,  eta: +0.0536
2026-04-19 13:19:23 | INFO | Start 1 L-BFGS eval 7500 | Loss: 0.462629
2026-04-19 13:19:23 | INFO |   beta: +0.0241,  xi: +1.0000,  eta: +0.2280
2026-04-19 13:19:26 | INFO | Start 1 L-BFGS eval 7600 | Loss: 0.462597
2026-04-19 13:19:26 | INFO |   beta: +0.0243,  xi: +1.0000,  eta: +0.2297
2026-04-19 13:19:29 | INFO | Start 1 L-BFGS eval 7700 | Loss: 0.462565
2026-04-19 13:19:29 | INFO |   beta: +0.0237,  xi: +1.0000,  eta: +0.2239
2026-04-19 13:19:32 | INFO | Start 1 L-BFGS eval 7800 | Loss: 0.462533
2026-04-19 13:19:32 | INFO |   beta: +0.0238,  xi: +1.0000,  eta: +0.2251
2026-04-19 13:19:35 | INFO | Start 1 L-BFGS eval 7900 | Loss: 0.462516
2026-04-19 13:19:35 | INFO |   beta: +0.0243,  xi: +1.0000,  eta: +0.2296
2026-04-19 13:19:38 | INFO | Start 1 L-BFGS eval 8000 | Loss: 0.462485
2026-04-19 13:19:38 | INFO |   beta: +0.0239,  xi: +1.0000,  eta: +0.2257
2026-04-19 13:19:40 | INFO | Start 1 L-BFGS eval 8100 | Loss: 0.462456
2026-04-19 13:19:40 | INFO |   beta: +0.0243,  xi: +1.0000,  eta: +0.2296
2026-04-19 13:19:43 | INFO | Start 1 L-BFGS eval 8200 | Loss: 0.462428
2026-04-19 13:19:43 | INFO |   beta: +0.0243,  xi: +1.0000,  eta: +0.2292
2026-04-19 13:19:46 | INFO | Start 1 L-BFGS eval 8300 | Loss: 0.462407
2026-04-19 13:19:46 | INFO |   beta: +0.0249,  xi: +1.0000,  eta: +0.2345
2026-04-19 13:19:49 | INFO | Start 1 L-BFGS eval 8400 | Loss: 0.462335
2026-04-19 13:19:49 | INFO |   beta: +0.0237,  xi: +1.0000,  eta: +0.2240
2026-04-19 13:19:52 | INFO | Start 1 L-BFGS eval 8500 | Loss: 0.462319
2026-04-19 13:19:52 | INFO |   beta: +0.0243,  xi: +1.0000,  eta: +0.2289
2026-04-19 13:19:54 | INFO | Start 1 L-BFGS eval 8600 | Loss: 0.462294
2026-04-19 13:19:54 | INFO |   beta: +0.0238,  xi: +1.0000,  eta: +0.2254
2026-04-19 13:19:57 | INFO | Start 1 L-BFGS eval 8700 | Loss: 0.462629
2026-04-19 13:19:57 | INFO |   beta: +0.0200,  xi: +1.0000,  eta: +0.1937
2026-04-19 13:20:00 | INFO | Start 1 L-BFGS eval 8800 | Loss: 0.462236
2026-04-19 13:20:00 | INFO |   beta: +0.0241,  xi: +1.0000,  eta: +0.2273
2026-04-19 13:20:03 | INFO | Start 1 L-BFGS eval 8900 | Loss: 0.461976
2026-04-19 13:20:03 | INFO |   beta: +0.0241,  xi: +1.0000,  eta: +0.2289
2026-04-19 13:20:06 | INFO | Start 1 L-BFGS eval 9000 | Loss: 0.461952
2026-04-19 13:20:06 | INFO |   beta: +0.0254,  xi: +1.0000,  eta: +0.2275
2026-04-19 13:20:09 | INFO | Start 1 L-BFGS eval 9100 | Loss: 0.461935
2026-04-19 13:20:09 | INFO |   beta: +0.0271,  xi: +1.0000,  eta: +0.2262
2026-04-19 13:20:12 | INFO | Start 1 L-BFGS eval 9200 | Loss: 0.461918
2026-04-19 13:20:12 | INFO |   beta: +0.0241,  xi: +1.0000,  eta: +0.2277
2026-04-19 13:20:14 | INFO | Start 1 L-BFGS eval 9300 | Loss: 0.461896
2026-04-19 13:20:14 | INFO |   beta: +0.0269,  xi: +1.0000,  eta: +0.2245
2026-04-19 13:20:17 | INFO | Start 1 L-BFGS eval 9400 | Loss: 0.461887
2026-04-19 13:20:17 | INFO |   beta: +0.0235,  xi: +1.0000,  eta: +0.2237
2026-04-19 13:20:20 | INFO | Optimizer start 1/5 complete | final_loss=0.461854 | status=CONVERGENCE: RELATIVE REDUCTION OF F <= FACTR*EPSMCH
2026-04-19 13:20:20 | INFO | Optimizer start 2/5 | seed=1 | initial_loss=0.751583
2026-04-19 13:20:20 | INFO | Start 2 Adam step 0 | Loss: 0.751583
2026-04-19 13:20:21 | INFO | Start 2 Adam step 100 | Loss: 0.485735
2026-04-19 13:20:22 | INFO | Start 2 Adam step 200 | Loss: 0.487127
2026-04-19 13:20:23 | INFO | Start 2 Adam step 300 | Loss: 0.492631
2026-04-19 13:20:24 | INFO | Start 2 Adam step 400 | Loss: 0.479301
2026-04-19 13:20:26 | INFO | Start 2 Adam step 500 | Loss: 0.470384
2026-04-19 13:20:27 | INFO | Start 2 Adam step 600 | Loss: 0.477254
2026-04-19 13:20:28 | INFO | Start 2 Adam step 700 | Loss: 0.476116
2026-04-19 13:20:29 | INFO | Start 2 Adam step 800 | Loss: 0.472447
2026-04-19 13:20:30 | INFO | Start 2 Adam step 900 | Loss: 0.473017
2026-04-19 13:20:31 | INFO | Start 2 L-BFGS eval 0 | Loss: 0.473427
2026-04-19 13:20:31 | INFO |   beta: +0.0281,  xi: +1.0000,  eta: +0.2413
2026-04-19 13:20:34 | INFO | Start 2 L-BFGS eval 100 | Loss: 0.468621
2026-04-19 13:20:34 | INFO |   beta: +0.0303,  xi: +1.0000,  eta: +0.2305
2026-04-19 13:20:37 | INFO | Start 2 L-BFGS eval 200 | Loss: 0.468552
2026-04-19 13:20:37 | INFO |   beta: +0.0295,  xi: +1.0000,  eta: +0.2279
2026-04-19 13:20:40 | INFO | Start 2 L-BFGS eval 300 | Loss: 0.468480
2026-04-19 13:20:40 | INFO |   beta: +0.0299,  xi: +1.0000,  eta: +0.2326
2026-04-19 13:20:43 | INFO | Start 2 L-BFGS eval 400 | Loss: 0.468467
2026-04-19 13:20:43 | INFO |   beta: +0.0292,  xi: +1.0000,  eta: +0.2277
2026-04-19 13:20:46 | INFO | Start 2 L-BFGS eval 500 | Loss: 0.468446
2026-04-19 13:20:46 | INFO |   beta: +0.0292,  xi: +1.0000,  eta: +0.2274
2026-04-19 13:20:48 | INFO | Start 2 L-BFGS eval 600 | Loss: 0.468429
2026-04-19 13:20:48 | INFO |   beta: +0.0294,  xi: +1.0000,  eta: +0.2296
2026-04-19 13:20:51 | INFO | Start 2 L-BFGS eval 700 | Loss: 0.468416
2026-04-19 13:20:51 | INFO |   beta: +0.0292,  xi: +1.0000,  eta: +0.2279
2026-04-19 13:20:54 | INFO | Start 2 L-BFGS eval 800 | Loss: 0.468401
2026-04-19 13:20:54 | INFO |   beta: +0.0291,  xi: +1.0000,  eta: +0.2277
2026-04-19 13:20:57 | INFO | Start 2 L-BFGS eval 900 | Loss: 0.468391
2026-04-19 13:20:57 | INFO |   beta: +0.0292,  xi: +1.0000,  eta: +0.2288
2026-04-19 13:21:00 | INFO | Start 2 L-BFGS eval 1000 | Loss: 0.468379
2026-04-19 13:21:00 | INFO |   beta: +0.0291,  xi: +1.0000,  eta: +0.2277
2026-04-19 13:21:03 | INFO | Start 2 L-BFGS eval 1100 | Loss: 0.479636
2026-04-19 13:21:03 | INFO |   beta: +0.0075,  xi: +1.0000,  eta: +0.0548
2026-04-19 13:21:05 | INFO | Start 2 L-BFGS eval 1200 | Loss: 0.468359
2026-04-19 13:21:05 | INFO |   beta: +0.0291,  xi: +1.0000,  eta: +0.2280
2026-04-19 13:21:08 | INFO | Start 2 L-BFGS eval 1300 | Loss: 0.468516
2026-04-19 13:21:08 | INFO |   beta: +0.0262,  xi: +1.0000,  eta: +0.2053
2026-04-19 13:21:11 | INFO | Start 2 L-BFGS eval 1400 | Loss: 0.468336
2026-04-19 13:21:11 | INFO |   beta: +0.0290,  xi: +1.0000,  eta: +0.2278
2026-04-19 13:21:14 | INFO | Start 2 L-BFGS eval 1500 | Loss: 0.468323
2026-04-19 13:21:14 | INFO |   beta: +0.0290,  xi: +1.0000,  eta: +0.2280
2026-04-19 13:21:17 | INFO | Start 2 L-BFGS eval 1600 | Loss: 0.468313
2026-04-19 13:21:17 | INFO |   beta: +0.0292,  xi: +1.0000,  eta: +0.2296
2026-04-19 13:21:19 | INFO | Start 2 L-BFGS eval 1700 | Loss: 0.468300
2026-04-19 13:21:19 | INFO |   beta: +0.0290,  xi: +1.0000,  eta: +0.2277
2026-04-19 13:21:22 | INFO | Start 2 L-BFGS eval 1800 | Loss: 0.468281
2026-04-19 13:21:22 | INFO |   beta: +0.0288,  xi: +1.0000,  eta: +0.2264
2026-04-19 13:21:25 | INFO | Start 2 L-BFGS eval 1900 | Loss: 0.468269
2026-04-19 13:21:25 | INFO |   beta: +0.0289,  xi: +1.0000,  eta: +0.2276
2026-04-19 13:21:28 | INFO | Start 2 L-BFGS eval 2000 | Loss: 0.468214
2026-04-19 13:21:28 | INFO |   beta: +0.0292,  xi: +1.0000,  eta: +0.2305
2026-04-19 13:21:31 | INFO | Start 2 L-BFGS eval 2100 | Loss: 0.468196
2026-04-19 13:21:31 | INFO |   beta: +0.0288,  xi: +1.0000,  eta: +0.2271
2026-04-19 13:21:34 | INFO | Start 2 L-BFGS eval 2200 | Loss: 0.467657
2026-04-19 13:21:34 | INFO |   beta: +0.0330,  xi: +1.0000,  eta: +0.2283
2026-04-19 13:21:37 | INFO | Start 2 L-BFGS eval 2300 | Loss: 0.466921
2026-04-19 13:21:37 | INFO |   beta: +0.0288,  xi: +1.0000,  eta: +0.2319
2026-04-19 13:21:39 | INFO | Start 2 L-BFGS eval 2400 | Loss: 0.466903
2026-04-19 13:21:39 | INFO |   beta: +0.0285,  xi: +1.0000,  eta: +0.2286
2026-04-19 13:21:42 | INFO | Start 2 L-BFGS eval 2500 | Loss: 0.466879
2026-04-19 13:21:42 | INFO |   beta: +0.0279,  xi: +1.0000,  eta: +0.2238
2026-04-19 13:21:45 | INFO | Start 2 L-BFGS eval 2600 | Loss: 0.466848
2026-04-19 13:21:45 | INFO |   beta: +0.0284,  xi: +1.0000,  eta: +0.2279
2026-04-19 13:21:48 | INFO | Start 2 L-BFGS eval 2700 | Loss: 0.466828
2026-04-19 13:21:48 | INFO |   beta: +0.0285,  xi: +1.0000,  eta: +0.2284
2026-04-19 13:21:51 | INFO | Start 2 L-BFGS eval 2800 | Loss: 0.466824
2026-04-19 13:21:51 | INFO |   beta: +0.0271,  xi: +1.0000,  eta: +0.2175
2026-04-19 13:21:53 | INFO | Start 2 L-BFGS eval 2900 | Loss: 0.466779
2026-04-19 13:21:53 | INFO |   beta: +0.0284,  xi: +1.0000,  eta: +0.2278
2026-04-19 13:21:56 | INFO | Start 2 L-BFGS eval 3000 | Loss: 0.466755
2026-04-19 13:21:56 | INFO |   beta: +0.0285,  xi: +1.0000,  eta: +0.2285
2026-04-19 13:21:59 | INFO | Start 2 L-BFGS eval 3100 | Loss: 0.466733
2026-04-19 13:21:59 | INFO |   beta: +0.0279,  xi: +1.0000,  eta: +0.2239
2026-04-19 13:22:02 | INFO | Start 2 L-BFGS eval 3200 | Loss: 0.466607
2026-04-19 13:22:02 | INFO |   beta: +0.0279,  xi: +1.0000,  eta: +0.2233
2026-04-19 13:22:05 | INFO | Start 2 L-BFGS eval 3300 | Loss: 0.466591
2026-04-19 13:22:05 | INFO |   beta: +0.0284,  xi: +1.0000,  eta: +0.2283
2026-04-19 13:22:08 | INFO | Start 2 L-BFGS eval 3400 | Loss: 0.466570
2026-04-19 13:22:08 | INFO |   beta: +0.0280,  xi: +1.0000,  eta: +0.2250
2026-04-19 13:22:10 | INFO | Start 2 L-BFGS eval 3500 | Loss: 0.466513
2026-04-19 13:22:10 | INFO |   beta: +0.0282,  xi: +1.0000,  eta: +0.2265
2026-04-19 13:22:14 | INFO | Start 2 L-BFGS eval 3600 | Loss: 0.466481
2026-04-19 13:22:14 | INFO |   beta: +0.0284,  xi: +1.0000,  eta: +0.2280
2026-04-19 13:22:16 | INFO | Start 2 L-BFGS eval 3700 | Loss: 0.466457
2026-04-19 13:22:16 | INFO |   beta: +0.0284,  xi: +1.0000,  eta: +0.2279
2026-04-19 13:22:19 | INFO | Start 2 L-BFGS eval 3800 | Loss: 0.466431
2026-04-19 13:22:19 | INFO |   beta: +0.0278,  xi: +1.0000,  eta: +0.2230
2026-04-19 13:22:22 | INFO | Start 2 L-BFGS eval 3900 | Loss: 1.163563
2026-04-19 13:22:22 | INFO |   beta: -0.5170,  xi: +1.0000,  eta: -1.0000
2026-04-19 13:22:25 | INFO | Start 2 L-BFGS eval 4000 | Loss: 0.466137
2026-04-19 13:22:25 | INFO |   beta: +0.0287,  xi: +1.0000,  eta: +0.2312
2026-04-19 13:22:28 | INFO | Start 2 L-BFGS eval 4100 | Loss: 0.465232
2026-04-19 13:22:28 | INFO |   beta: +0.0278,  xi: +1.0000,  eta: +0.2240
2026-04-19 13:22:31 | INFO | Start 2 L-BFGS eval 4200 | Loss: 0.465453
2026-04-19 13:22:31 | INFO |   beta: +0.0245,  xi: +1.0000,  eta: +0.1972
2026-04-19 13:22:33 | INFO | Start 2 L-BFGS eval 4300 | Loss: 0.465212
2026-04-19 13:22:33 | INFO |   beta: +0.0278,  xi: +1.0000,  eta: +0.2244
2026-04-19 13:22:36 | INFO | Start 2 L-BFGS eval 4400 | Loss: 0.465202
2026-04-19 13:22:36 | INFO |   beta: +0.0277,  xi: +1.0000,  eta: +0.2233
2026-04-19 13:22:39 | INFO | Start 2 L-BFGS eval 4500 | Loss: 0.474530
2026-04-19 13:22:39 | INFO |   beta: +0.0083,  xi: +1.0000,  eta: +0.0648
2026-04-19 13:22:42 | INFO | Start 2 L-BFGS eval 4600 | Loss: 0.465184
2026-04-19 13:22:42 | INFO |   beta: +0.0277,  xi: +1.0000,  eta: +0.2237
2026-04-19 13:22:44 | INFO | Start 2 L-BFGS eval 4700 | Loss: 0.465173
2026-04-19 13:22:44 | INFO |   beta: +0.0277,  xi: +1.0000,  eta: +0.2238
2026-04-19 13:22:47 | INFO | Start 2 L-BFGS eval 4800 | Loss: 0.465166
2026-04-19 13:22:47 | INFO |   beta: +0.0277,  xi: +1.0000,  eta: +0.2235
2026-04-19 13:22:50 | INFO | Start 2 L-BFGS eval 4900 | Loss: 0.465154
2026-04-19 13:22:50 | INFO |   beta: +0.0277,  xi: +1.0000,  eta: +0.2237
2026-04-19 13:22:53 | INFO | Start 2 L-BFGS eval 5000 | Loss: 0.465147
2026-04-19 13:22:53 | INFO |   beta: +0.0281,  xi: +1.0000,  eta: +0.2266
2026-04-19 13:22:56 | INFO | Start 2 L-BFGS eval 5100 | Loss: 0.465138
2026-04-19 13:22:56 | INFO |   beta: +0.0277,  xi: +1.0000,  eta: +0.2236
2026-04-19 13:22:58 | INFO | Start 2 L-BFGS eval 5200 | Loss: 0.465128
2026-04-19 13:22:58 | INFO |   beta: +0.0277,  xi: +1.0000,  eta: +0.2232
2026-04-19 13:23:01 | INFO | Start 2 L-BFGS eval 5300 | Loss: 0.465120
2026-04-19 13:23:01 | INFO |   beta: +0.0278,  xi: +1.0000,  eta: +0.2243
2026-04-19 13:23:04 | INFO | Start 2 L-BFGS eval 5400 | Loss: 0.465111
2026-04-19 13:23:04 | INFO |   beta: +0.0277,  xi: +1.0000,  eta: +0.2236
2026-04-19 13:23:07 | INFO | Start 2 L-BFGS eval 5500 | Loss: 0.465429
2026-04-19 13:23:07 | INFO |   beta: +0.0239,  xi: +1.0000,  eta: +0.1926
2026-04-19 13:23:10 | INFO | Start 2 L-BFGS eval 5600 | Loss: 0.465093
2026-04-19 13:23:10 | INFO |   beta: +0.0277,  xi: +1.0000,  eta: +0.2235
2026-04-19 13:23:13 | INFO | Start 2 L-BFGS eval 5700 | Loss: 0.465600
2026-04-19 13:23:13 | INFO |   beta: +0.0230,  xi: +1.0000,  eta: +0.1852
2026-04-19 13:23:15 | INFO | Start 2 L-BFGS eval 5800 | Loss: 0.465075
2026-04-19 13:23:15 | INFO |   beta: +0.0279,  xi: +1.0000,  eta: +0.2252
2026-04-19 13:23:18 | INFO | Start 2 L-BFGS eval 5900 | Loss: 0.465067
2026-04-19 13:23:18 | INFO |   beta: +0.0277,  xi: +1.0000,  eta: +0.2236
2026-04-19 13:23:21 | INFO | Start 2 L-BFGS eval 6000 | Loss: 0.465064
2026-04-19 13:23:21 | INFO |   beta: +0.0270,  xi: +1.0000,  eta: +0.2181
2026-04-19 13:23:24 | INFO | Start 2 L-BFGS eval 6100 | Loss: 0.465050
2026-04-19 13:23:24 | INFO |   beta: +0.0277,  xi: +1.0000,  eta: +0.2236
2026-04-19 13:23:27 | INFO | Start 2 L-BFGS eval 6200 | Loss: 0.465041
2026-04-19 13:23:27 | INFO |   beta: +0.0276,  xi: +1.0000,  eta: +0.2232
2026-04-19 13:23:29 | INFO | Start 2 L-BFGS eval 6300 | Loss: 0.465033
2026-04-19 13:23:29 | INFO |   beta: +0.0279,  xi: +1.0000,  eta: +0.2251
2026-04-19 13:23:32 | INFO | Start 2 L-BFGS eval 6400 | Loss: 0.465024
2026-04-19 13:23:32 | INFO |   beta: +0.0277,  xi: +1.0000,  eta: +0.2234
2026-04-19 13:23:35 | INFO | Start 2 L-BFGS eval 6500 | Loss: 0.465015
2026-04-19 13:23:35 | INFO |   beta: +0.0277,  xi: +1.0000,  eta: +0.2235
2026-04-19 13:23:38 | INFO | Start 2 L-BFGS eval 6600 | Loss: 0.465008
2026-04-19 13:23:38 | INFO |   beta: +0.0281,  xi: +1.0000,  eta: +0.2269
2026-04-19 13:23:41 | INFO | Start 2 L-BFGS eval 6700 | Loss: 0.464998
2026-04-19 13:23:41 | INFO |   beta: +0.0277,  xi: +1.0000,  eta: +0.2233
2026-04-19 13:23:43 | INFO | Start 2 L-BFGS eval 6800 | Loss: 0.465007
2026-04-19 13:23:43 | INFO |   beta: +0.0267,  xi: +1.0000,  eta: +0.2159
2026-04-19 13:23:46 | INFO | Start 2 L-BFGS eval 6900 | Loss: 0.464982
2026-04-19 13:23:46 | INFO |   beta: +0.0277,  xi: +1.0000,  eta: +0.2234
2026-04-19 13:23:49 | INFO | Start 2 L-BFGS eval 7000 | Loss: 0.492508
2026-04-19 13:23:49 | INFO |   beta: -0.0052,  xi: +1.0000,  eta: -0.0454
2026-04-19 13:23:52 | INFO | Start 2 L-BFGS eval 7100 | Loss: 0.464966
2026-04-19 13:23:52 | INFO |   beta: +0.0278,  xi: +1.0000,  eta: +0.2249
2026-04-19 13:23:55 | INFO | Start 2 L-BFGS eval 7200 | Loss: 0.464957
2026-04-19 13:23:55 | INFO |   beta: +0.0276,  xi: +1.0000,  eta: +0.2233
2026-04-19 13:23:57 | INFO | Start 2 L-BFGS eval 7300 | Loss: 0.464948
2026-04-19 13:23:57 | INFO |   beta: +0.0277,  xi: +1.0000,  eta: +0.2234
2026-04-19 13:24:00 | INFO | Start 2 L-BFGS eval 7400 | Loss: 0.464941
2026-04-19 13:24:00 | INFO |   beta: +0.0277,  xi: +1.0000,  eta: +0.2234
2026-04-19 13:24:03 | INFO | Start 2 L-BFGS eval 7500 | Loss: 0.464934
2026-04-19 13:24:03 | INFO |   beta: +0.0279,  xi: +1.0000,  eta: +0.2253
2026-04-19 13:24:06 | INFO | Start 2 L-BFGS eval 7600 | Loss: 0.464927
2026-04-19 13:24:06 | INFO |   beta: +0.0275,  xi: +1.0000,  eta: +0.2220
2026-04-19 13:24:09 | INFO | Start 2 L-BFGS eval 7700 | Loss: 0.464921
2026-04-19 13:24:09 | INFO |   beta: +0.0276,  xi: +1.0000,  eta: +0.2232
2026-04-19 13:24:12 | INFO | Start 2 L-BFGS eval 7800 | Loss: 0.464912
2026-04-19 13:24:12 | INFO |   beta: +0.0276,  xi: +1.0000,  eta: +0.2233
2026-04-19 13:24:14 | INFO | Start 2 L-BFGS eval 7900 | Loss: 0.464906
2026-04-19 13:24:14 | INFO |   beta: +0.0276,  xi: +1.0000,  eta: +0.2232
2026-04-19 13:24:17 | INFO | Start 2 L-BFGS eval 8000 | Loss: 0.464909
2026-04-19 13:24:17 | INFO |   beta: +0.0268,  xi: +1.0000,  eta: +0.2167
2026-04-19 13:24:20 | INFO | Start 2 L-BFGS eval 8100 | Loss: 0.464890
2026-04-19 13:24:20 | INFO |   beta: +0.0276,  xi: +1.0000,  eta: +0.2232
2026-04-19 13:24:23 | INFO | Start 2 L-BFGS eval 8200 | Loss: 0.464881
2026-04-19 13:24:23 | INFO |   beta: +0.0276,  xi: +1.0000,  eta: +0.2233
2026-04-19 13:24:26 | INFO | Start 2 L-BFGS eval 8300 | Loss: 0.464875
2026-04-19 13:24:26 | INFO |   beta: +0.0276,  xi: +1.0000,  eta: +0.2232
2026-04-19 13:24:28 | INFO | Start 2 L-BFGS eval 8400 | Loss: 0.464867
2026-04-19 13:24:28 | INFO |   beta: +0.0277,  xi: +1.0000,  eta: +0.2238
2026-04-19 13:24:31 | INFO | Start 2 L-BFGS eval 8500 | Loss: 0.464861
2026-04-19 13:24:31 | INFO |   beta: +0.0276,  xi: +1.0000,  eta: +0.2232
2026-04-19 13:24:34 | INFO | Start 2 L-BFGS eval 8600 | Loss: 0.464853
2026-04-19 13:24:34 | INFO |   beta: +0.0279,  xi: +1.0000,  eta: +0.2253
2026-04-19 13:24:37 | INFO | Start 2 L-BFGS eval 8700 | Loss: 0.464846
2026-04-19 13:24:37 | INFO |   beta: +0.0276,  xi: +1.0000,  eta: +0.2232
2026-04-19 13:24:39 | INFO | Start 2 L-BFGS eval 8800 | Loss: 0.464839
2026-04-19 13:24:39 | INFO |   beta: +0.0277,  xi: +1.0000,  eta: +0.2238
2026-04-19 13:24:42 | INFO | Start 2 L-BFGS eval 8900 | Loss: 0.511051
2026-04-19 13:24:42 | INFO |   beta: -0.0146,  xi: +1.0000,  eta: -0.1223
2026-04-19 13:24:45 | INFO | Start 2 L-BFGS eval 9000 | Loss: 0.464826
2026-04-19 13:24:45 | INFO |   beta: +0.0276,  xi: +1.0000,  eta: +0.2233
2026-04-19 13:24:48 | INFO | Start 2 L-BFGS eval 9100 | Loss: 0.464821
2026-04-19 13:24:48 | INFO |   beta: +0.0276,  xi: +1.0000,  eta: +0.2232
2026-04-19 13:24:51 | INFO | Start 2 L-BFGS eval 9200 | Loss: 0.464815
2026-04-19 13:24:51 | INFO |   beta: +0.0276,  xi: +1.0000,  eta: +0.2232
2026-04-19 13:24:54 | INFO | Start 2 L-BFGS eval 9300 | Loss: 0.464809
2026-04-19 13:24:54 | INFO |   beta: +0.0278,  xi: +1.0000,  eta: +0.2247
2026-04-19 13:24:56 | INFO | Start 2 L-BFGS eval 9400 | Loss: 0.464803
2026-04-19 13:24:56 | INFO |   beta: +0.0276,  xi: +1.0000,  eta: +0.2229
2026-04-19 13:24:59 | INFO | Start 2 L-BFGS eval 9500 | Loss: 0.464798
2026-04-19 13:24:59 | INFO |   beta: +0.0277,  xi: +1.0000,  eta: +0.2238
2026-04-19 13:25:02 | INFO | Start 2 L-BFGS eval 9600 | Loss: 0.464792
2026-04-19 13:25:02 | INFO |   beta: +0.0277,  xi: +1.0000,  eta: +0.2238
2026-04-19 13:25:05 | INFO | Start 2 L-BFGS eval 9700 | Loss: 0.464788
2026-04-19 13:25:05 | INFO |   beta: +0.0276,  xi: +1.0000,  eta: +0.2233
2026-04-19 13:25:08 | INFO | Start 2 L-BFGS eval 9800 | Loss: 0.464782
2026-04-19 13:25:08 | INFO |   beta: +0.0278,  xi: +1.0000,  eta: +0.2249
2026-04-19 13:25:11 | INFO | Start 2 L-BFGS eval 9900 | Loss: 0.464777
2026-04-19 13:25:11 | INFO |   beta: +0.0276,  xi: +1.0000,  eta: +0.2233
2026-04-19 13:25:14 | INFO | Start 2 L-BFGS eval 10000 | Loss: 0.464773
2026-04-19 13:25:14 | INFO |   beta: +0.0276,  xi: +1.0000,  eta: +0.2233
2026-04-19 13:25:16 | INFO | Start 2 L-BFGS eval 10100 | Loss: 0.464768
2026-04-19 13:25:16 | INFO |   beta: +0.0278,  xi: +1.0000,  eta: +0.2246
2026-04-19 13:25:19 | INFO | Start 2 L-BFGS eval 10200 | Loss: 0.464762
2026-04-19 13:25:19 | INFO |   beta: +0.0276,  xi: +1.0000,  eta: +0.2228
2026-04-19 13:25:22 | INFO | Start 2 L-BFGS eval 10300 | Loss: 0.464758
2026-04-19 13:25:22 | INFO |   beta: +0.0276,  xi: +1.0000,  eta: +0.2233
2026-04-19 13:25:25 | INFO | Start 2 L-BFGS eval 10400 | Loss: 0.464752
2026-04-19 13:25:25 | INFO |   beta: +0.0275,  xi: +1.0000,  eta: +0.2222
2026-04-19 13:25:28 | INFO | Start 2 L-BFGS eval 10500 | Loss: 0.464748
2026-04-19 13:25:28 | INFO |   beta: +0.0276,  xi: +1.0000,  eta: +0.2234
2026-04-19 13:25:31 | INFO | Start 2 L-BFGS eval 10600 | Loss: 0.464743
2026-04-19 13:25:31 | INFO |   beta: +0.0278,  xi: +1.0000,  eta: +0.2245
2026-04-19 13:25:33 | INFO | Start 2 L-BFGS eval 10700 | Loss: 0.464784
2026-04-19 13:25:33 | INFO |   beta: +0.0262,  xi: +1.0000,  eta: +0.2118
2026-04-19 13:25:36 | INFO | Start 2 L-BFGS eval 10800 | Loss: 0.464735
2026-04-19 13:25:36 | INFO |   beta: +0.0276,  xi: +1.0000,  eta: +0.2235
2026-04-19 13:25:39 | INFO | Start 2 L-BFGS eval 10900 | Loss: 0.798710
2026-04-19 13:25:39 | INFO |   beta: -0.0825,  xi: +1.0000,  eta: -0.6789
2026-04-19 13:25:42 | INFO | Start 2 L-BFGS eval 11000 | Loss: 0.464726
2026-04-19 13:25:42 | INFO |   beta: +0.0277,  xi: +1.0000,  eta: +0.2237
2026-04-19 13:25:45 | INFO | Start 2 L-BFGS eval 11100 | Loss: 0.464722
2026-04-19 13:25:45 | INFO |   beta: +0.0276,  xi: +1.0000,  eta: +0.2235
2026-04-19 13:25:48 | INFO | Start 2 L-BFGS eval 11200 | Loss: 0.464718
2026-04-19 13:25:48 | INFO |   beta: +0.0276,  xi: +1.0000,  eta: +0.2235
2026-04-19 13:25:50 | INFO | Start 2 L-BFGS eval 11300 | Loss: 0.464714
2026-04-19 13:25:50 | INFO |   beta: +0.0277,  xi: +1.0000,  eta: +0.2241
2026-04-19 13:25:53 | INFO | Start 2 L-BFGS eval 11400 | Loss: 0.464711
2026-04-19 13:25:53 | INFO |   beta: +0.0276,  xi: +1.0000,  eta: +0.2235
2026-04-19 13:25:56 | INFO | Start 2 L-BFGS eval 11500 | Loss: 0.464708
2026-04-19 13:25:56 | INFO |   beta: +0.0276,  xi: +1.0000,  eta: +0.2235
2026-04-19 13:25:59 | INFO | Start 2 L-BFGS eval 11600 | Loss: 0.464703
2026-04-19 13:25:59 | INFO |   beta: +0.0276,  xi: +1.0000,  eta: +0.2235
2026-04-19 13:26:02 | INFO | Start 2 L-BFGS eval 11700 | Loss: 0.464703
2026-04-19 13:26:02 | INFO |   beta: +0.0272,  xi: +1.0000,  eta: +0.2199
2026-04-19 13:26:05 | INFO | Start 2 L-BFGS eval 11800 | Loss: 0.464696
2026-04-19 13:26:05 | INFO |   beta: +0.0277,  xi: +1.0000,  eta: +0.2239
2026-04-19 13:26:08 | INFO | Start 2 L-BFGS eval 11900 | Loss: 0.464770
2026-04-19 13:26:08 | INFO |   beta: +0.0258,  xi: +1.0000,  eta: +0.2083
2026-04-19 13:26:11 | INFO | Start 2 L-BFGS eval 12000 | Loss: 0.464690
2026-04-19 13:26:11 | INFO |   beta: +0.0276,  xi: +1.0000,  eta: +0.2236
2026-04-19 13:26:13 | INFO | Start 2 L-BFGS eval 12100 | Loss: 0.464687
2026-04-19 13:26:13 | INFO |   beta: +0.0276,  xi: +1.0000,  eta: +0.2235
2026-04-19 13:26:16 | INFO | Start 2 L-BFGS eval 12200 | Loss: 0.464684
2026-04-19 13:26:16 | INFO |   beta: +0.0277,  xi: +1.0000,  eta: +0.2239
2026-04-19 13:26:19 | INFO | Start 2 L-BFGS eval 12300 | Loss: 0.464680
2026-04-19 13:26:19 | INFO |   beta: +0.0277,  xi: +1.0000,  eta: +0.2238
2026-04-19 13:26:22 | INFO | Start 2 L-BFGS eval 12400 | Loss: 0.464678
2026-04-19 13:26:22 | INFO |   beta: +0.0276,  xi: +1.0000,  eta: +0.2236
2026-04-19 13:26:25 | INFO | Start 2 L-BFGS eval 12500 | Loss: 0.464675
2026-04-19 13:26:25 | INFO |   beta: +0.0276,  xi: +1.0000,  eta: +0.2236
2026-04-19 13:26:28 | INFO | Start 2 L-BFGS eval 12600 | Loss: 0.464671
2026-04-19 13:26:28 | INFO |   beta: +0.0277,  xi: +1.0000,  eta: +0.2237
2026-04-19 13:26:30 | INFO | Start 2 L-BFGS eval 12700 | Loss: 0.464669
2026-04-19 13:26:30 | INFO |   beta: +0.0276,  xi: +1.0000,  eta: +0.2236
2026-04-19 13:26:33 | INFO | Start 2 L-BFGS eval 12800 | Loss: 0.464665
2026-04-19 13:26:33 | INFO |   beta: +0.0277,  xi: +1.0000,  eta: +0.2239
2026-04-19 13:26:36 | INFO | Start 2 L-BFGS eval 12900 | Loss: 0.464663
2026-04-19 13:26:36 | INFO |   beta: +0.0276,  xi: +1.0000,  eta: +0.2236
2026-04-19 13:26:39 | INFO | Start 2 L-BFGS eval 13000 | Loss: 0.464660
2026-04-19 13:26:39 | INFO |   beta: +0.0276,  xi: +1.0000,  eta: +0.2233
2026-04-19 13:26:42 | INFO | Start 2 L-BFGS eval 13100 | Loss: 0.464658
2026-04-19 13:26:42 | INFO |   beta: +0.0276,  xi: +1.0000,  eta: +0.2236
2026-04-19 13:26:44 | INFO | Start 2 L-BFGS eval 13200 | Loss: 0.464656
2026-04-19 13:26:44 | INFO |   beta: +0.0276,  xi: +1.0000,  eta: +0.2236
2026-04-19 13:26:47 | INFO | Start 2 L-BFGS eval 13300 | Loss: 0.464652
2026-04-19 13:26:47 | INFO |   beta: +0.0277,  xi: +1.0000,  eta: +0.2239
2026-04-19 13:26:50 | INFO | Start 2 L-BFGS eval 13400 | Loss: 0.540552
2026-04-19 13:26:50 | INFO |   beta: -0.0260,  xi: +1.0000,  eta: -0.2158
2026-04-19 13:26:53 | INFO | Start 2 L-BFGS eval 13500 | Loss: 0.464649
2026-04-19 13:26:53 | INFO |   beta: +0.0276,  xi: +1.0000,  eta: +0.2237
2026-04-19 13:26:53 | INFO | Optimizer start 2/5 complete | final_loss=0.464649 | status=CONVERGENCE: RELATIVE REDUCTION OF F <= FACTR*EPSMCH
2026-04-19 13:26:53 | INFO | Optimizer start 3/5 | seed=2 | initial_loss=0.779271
2026-04-19 13:26:53 | INFO | Start 3 Adam step 0 | Loss: 0.779271
2026-04-19 13:26:54 | INFO | Start 3 Adam step 100 | Loss: 0.482943
2026-04-19 13:26:55 | INFO | Start 3 Adam step 200 | Loss: 0.485448
2026-04-19 13:26:56 | INFO | Start 3 Adam step 300 | Loss: 0.491395
2026-04-19 13:26:58 | INFO | Start 3 Adam step 400 | Loss: 0.488973
2026-04-19 13:26:59 | INFO | Start 3 Adam step 500 | Loss: 0.470561
2026-04-19 13:27:00 | INFO | Start 3 Adam step 600 | Loss: 0.473728
2026-04-19 13:27:01 | INFO | Start 3 Adam step 700 | Loss: 0.474024
2026-04-19 13:27:02 | INFO | Start 3 Adam step 800 | Loss: 0.473221
2026-04-19 13:27:03 | INFO | Start 3 Adam step 900 | Loss: 0.472625
2026-04-19 13:27:04 | INFO | Start 3 L-BFGS eval 0 | Loss: 0.472839
2026-04-19 13:27:04 | INFO |   beta: +0.0303,  xi: +1.0000,  eta: +0.2395
2026-04-19 13:27:07 | INFO | Start 3 L-BFGS eval 100 | Loss: 0.471099
2026-04-19 13:27:07 | INFO |   beta: +0.0271,  xi: +1.0000,  eta: +0.2064
2026-04-19 13:27:10 | INFO | Start 3 L-BFGS eval 200 | Loss: 0.506644
2026-04-19 13:27:10 | INFO |   beta: +0.0052,  xi: +1.0000,  eta: -0.0953
2026-04-19 13:27:13 | INFO | Start 3 L-BFGS eval 300 | Loss: 0.471063
2026-04-19 13:27:13 | INFO |   beta: +0.0273,  xi: +1.0000,  eta: +0.2082
2026-04-19 13:27:16 | INFO | Start 3 L-BFGS eval 400 | Loss: 1.442390
2026-04-19 13:27:16 | INFO |   beta: -1.0000,  xi: +1.0000,  eta: -1.0000
2026-04-19 13:27:19 | INFO | Start 3 L-BFGS eval 500 | Loss: 0.471063
2026-04-19 13:27:19 | INFO |   beta: +0.0272,  xi: +1.0000,  eta: +0.2073
2026-04-19 13:27:21 | INFO | Start 3 L-BFGS eval 600 | Loss: 0.471063
2026-04-19 13:27:21 | INFO |   beta: +0.0272,  xi: +1.0000,  eta: +0.2072
2026-04-19 13:27:24 | INFO | Start 3 L-BFGS eval 700 | Loss: 0.470729
2026-04-19 13:27:24 | INFO |   beta: +0.0301,  xi: +1.0000,  eta: +0.2410
2026-04-19 13:27:27 | INFO | Start 3 L-BFGS eval 800 | Loss: 0.469469
2026-04-19 13:27:27 | INFO |   beta: +0.0198,  xi: +1.0000,  eta: +0.3149
2026-04-19 13:27:30 | INFO | Start 3 L-BFGS eval 900 | Loss: 0.465287
2026-04-19 13:27:30 | INFO |   beta: +0.0233,  xi: +1.0000,  eta: +0.2108
2026-04-19 13:27:33 | INFO | Start 3 L-BFGS eval 1000 | Loss: 0.465279
2026-04-19 13:27:33 | INFO |   beta: +0.0227,  xi: +1.0000,  eta: +0.2064
2026-04-19 13:27:35 | INFO | Start 3 L-BFGS eval 1100 | Loss: 0.465184
2026-04-19 13:27:35 | INFO |   beta: +0.0248,  xi: +1.0000,  eta: +0.2236
2026-04-19 13:27:38 | INFO | Start 3 L-BFGS eval 1200 | Loss: 0.464950
2026-04-19 13:27:38 | INFO |   beta: +0.0249,  xi: +1.0000,  eta: +0.2279
2026-04-19 13:27:41 | INFO | Start 3 L-BFGS eval 1300 | Loss: 0.464916
2026-04-19 13:27:41 | INFO |   beta: +0.0247,  xi: +1.0000,  eta: +0.2225
2026-04-19 13:27:44 | INFO | Start 3 L-BFGS eval 1400 | Loss: 0.464873
2026-04-19 13:27:44 | INFO |   beta: +0.0253,  xi: +1.0000,  eta: +0.2278
2026-04-19 13:27:47 | INFO | Start 3 L-BFGS eval 1500 | Loss: 0.464858
2026-04-19 13:27:47 | INFO |   beta: +0.0239,  xi: +1.0000,  eta: +0.2168
2026-04-19 13:27:49 | INFO | Start 3 L-BFGS eval 1600 | Loss: 0.464830
2026-04-19 13:27:49 | INFO |   beta: +0.0254,  xi: +1.0000,  eta: +0.2284
2026-04-19 13:27:52 | INFO | Start 3 L-BFGS eval 1700 | Loss: 0.464679
2026-04-19 13:27:52 | INFO |   beta: +0.0251,  xi: +1.0000,  eta: +0.2260
2026-04-19 13:27:55 | INFO | Start 3 L-BFGS eval 1800 | Loss: 0.477527
2026-04-19 13:27:55 | INFO |   beta: +0.0016,  xi: +1.0000,  eta: +0.0360
2026-04-19 13:27:58 | INFO | Start 3 L-BFGS eval 1900 | Loss: 0.464621
2026-04-19 13:27:58 | INFO |   beta: +0.0252,  xi: +1.0000,  eta: +0.2261
2026-04-19 13:28:01 | INFO | Start 3 L-BFGS eval 2000 | Loss: 0.462273
2026-04-19 13:28:01 | INFO |   beta: +0.0272,  xi: +1.0000,  eta: +0.2089
2026-04-19 13:28:03 | INFO | Start 3 L-BFGS eval 2100 | Loss: 0.462219
2026-04-19 13:28:03 | INFO |   beta: +0.0253,  xi: +1.0000,  eta: +0.2235
2026-04-19 13:28:06 | INFO | Optimizer start 3/5 complete | final_loss=0.461452 | status=ABNORMAL: 
2026-04-19 13:28:06 | INFO | Optimizer start 4/5 | seed=3 | initial_loss=0.714502
2026-04-19 13:28:06 | INFO | Start 4 Adam step 0 | Loss: 0.714502
2026-04-19 13:28:07 | INFO | Start 4 Adam step 100 | Loss: 0.477684
2026-04-19 13:28:08 | INFO | Start 4 Adam step 200 | Loss: 0.480919
2026-04-19 13:28:09 | INFO | Start 4 Adam step 300 | Loss: 0.485667
2026-04-19 13:28:11 | INFO | Start 4 Adam step 400 | Loss: 0.490064
2026-04-19 13:28:12 | INFO | Start 4 Adam step 500 | Loss: 0.475710
2026-04-19 13:28:13 | INFO | Start 4 Adam step 600 | Loss: 0.473340
2026-04-19 13:28:14 | INFO | Start 4 Adam step 700 | Loss: 0.473170
2026-04-19 13:28:15 | INFO | Start 4 Adam step 800 | Loss: 0.475203
2026-04-19 13:28:16 | INFO | Start 4 Adam step 900 | Loss: 0.471814
2026-04-19 13:28:17 | INFO | Start 4 L-BFGS eval 0 | Loss: 0.472092
2026-04-19 13:28:17 | INFO |   beta: +0.0236,  xi: +1.0000,  eta: +0.2395
2026-04-19 13:28:20 | INFO | Start 4 L-BFGS eval 100 | Loss: 0.469469
2026-04-19 13:28:20 | INFO |   beta: +0.0231,  xi: +1.0000,  eta: +0.2223
2026-04-19 13:28:23 | INFO | Start 4 L-BFGS eval 200 | Loss: 0.473126
2026-04-19 13:28:23 | INFO |   beta: +0.0380,  xi: +1.0000,  eta: +0.3321
2026-04-19 13:28:26 | INFO | Start 4 L-BFGS eval 300 | Loss: 0.465470
2026-04-19 13:28:26 | INFO |   beta: +0.0233,  xi: +1.0000,  eta: +0.2259
2026-04-19 13:28:26 | INFO | Optimizer start 4/5 complete | final_loss=0.465470 | status=ABNORMAL: 
2026-04-19 13:28:26 | INFO | Optimizer start 5/5 | seed=4 | initial_loss=0.703035
2026-04-19 13:28:26 | INFO | Start 5 Adam step 0 | Loss: 0.703035
2026-04-19 13:28:27 | INFO | Start 5 Adam step 100 | Loss: 0.484509
2026-04-19 13:28:28 | INFO | Start 5 Adam step 200 | Loss: 0.483366
2026-04-19 13:28:30 | INFO | Start 5 Adam step 300 | Loss: 0.483834
2026-04-19 13:28:31 | INFO | Start 5 Adam step 400 | Loss: 0.483513
2026-04-19 13:28:32 | INFO | Start 5 Adam step 500 | Loss: 0.470413
2026-04-19 13:28:33 | INFO | Start 5 Adam step 600 | Loss: 0.473703
2026-04-19 13:28:34 | INFO | Start 5 Adam step 700 | Loss: 0.475373
2026-04-19 13:28:35 | INFO | Start 5 Adam step 800 | Loss: 0.475738
2026-04-19 13:28:36 | INFO | Start 5 Adam step 900 | Loss: 0.470619
2026-04-19 13:28:38 | INFO | Start 5 L-BFGS eval 0 | Loss: 0.470635
2026-04-19 13:28:38 | INFO |   beta: +0.0288,  xi: +1.0000,  eta: +0.2462
2026-04-19 13:28:40 | INFO | Start 5 L-BFGS eval 100 | Loss: 0.468500
2026-04-19 13:28:40 | INFO |   beta: +0.0250,  xi: +1.0000,  eta: +0.2536
2026-04-19 13:28:42 | INFO | Optimizer start 5/5 complete | final_loss=0.468450 | status=CONVERGENCE: RELATIVE REDUCTION OF F <= FACTR*EPSMCH
2026-04-19 13:28:42 | INFO | Done fitting.
2026-04-19 13:28:42 | INFO | Optimizer status: ABNORMAL:  | best_start=3/5
2026-04-19 13:28:42 | INFO | Best optimizer start: 3 / 5
2026-04-19 13:28:42 | INFO | Final Loss: 0.461452
2026-04-19 13:28:42 | INFO | Estimated Parameters:
2026-04-19 13:28:42 | INFO |   beta: 0.0252
2026-04-19 13:28:42 | INFO |   xi: 1.0000
2026-04-19 13:28:42 | INFO |   eta: 0.2212
2026-04-19 13:28:42 | INFO | Field and interaction diagnostics:
2026-04-19 13:28:42 | INFO |   estimated_field_inf_norm: 1.000000
2026-04-19 13:28:42 | INFO |   estimated_field_rank: 10.000000
2026-04-19 13:28:42 | INFO |   bound_B: 1.000000
2026-04-19 13:28:42 | INFO | Saved summary tables to C:\Users\phevo\Documents\MIT\Code\MPLE-Causal-Inference\experiments\USCountyVaccination_US_sensitivity\outcome_death_rate_100k_ge_2__intervention_complete_cov_ge_40__lag_2w__contiguity__start_2020_09_06\fits\rank_10_b1\mple_summary.csv and C:\Users\phevo\Documents\MIT\Code\MPLE-Causal-Inference\experiments\USCountyVaccination_US_sensitivity\outcome_death_rate_100k_ge_2__intervention_complete_cov_ge_40__lag_2w__contiguity__start_2020_09_06\fits\rank_10_b1\mple_summary.md
2026-04-19 13:28:42 | INFO | Log saved to C:\Users\phevo\Documents\MIT\Code\MPLE-Causal-Inference\experiments\USCountyVaccination_US_sensitivity\outcome_death_rate_100k_ge_2__intervention_complete_cov_ge_40__lag_2w__contiguity__start_2020_09_06\fits\rank_10_b1\mple.log
