2026-05-01 20:47:28 | INFO | Loading data...
2026-05-01 20:47:28 | INFO | Using panel artifact: /orcd/home/002/phevosp/MPLE-Causal-Inference/experiments/SyntheticHybridExperimentsFinal/confounding_moderate/panel_data.npz
2026-05-01 20:47:28 | INFO | Using x_0 artifact: /orcd/home/002/phevosp/MPLE-Causal-Inference/experiments/SyntheticHybridExperimentsFinal/confounding_moderate/x_0.npy
2026-05-01 20:47:28 | INFO | Using fit config: /orcd/home/002/phevosp/MPLE-Causal-Inference/experiments/SyntheticHybridExperimentsFinal/confounding_moderate/cv_runs/alternating_uv_grid/candidates/alternating_uv_grid_candidate_0005/fold_7/fit_realized_config.yaml
2026-05-01 20:47:28 | INFO | Using model artifact directory: /orcd/home/002/phevosp/MPLE-Causal-Inference/experiments/SyntheticHybridExperimentsFinal/confounding_moderate
2026-05-01 20:47:28 | INFO | Using truth artifact directory: /orcd/home/002/phevosp/MPLE-Causal-Inference/experiments/SyntheticHybridExperimentsFinal/confounding_moderate
2026-05-01 20:47:28 | INFO | Using loss mask artifact: /orcd/home/002/phevosp/MPLE-Causal-Inference/experiments/SyntheticHybridExperimentsFinal/confounding_moderate/cv_runs/alternating_uv_grid/candidates/alternating_uv_grid_candidate_0005/fold_7/loss_mask.npy
2026-05-01 20:47:28 | INFO | Configured optimizer mode: alternating_latent_rank
2026-05-01 20:47:28 | INFO | Configured latent rank: 3
2026-05-01 20:47:28 | INFO | Using a fixed known graph with scalar xi.
2026-05-01 20:47:28 | INFO | Fit-time hard bounds active: False
2026-05-01 20:47:28 | INFO | Fixed scalar parameters: {}
2026-05-01 20:47:28 | INFO | Warm-start fixed scalars: {} for 0 steps
2026-05-01 20:47:28 | INFO | Beta mask before s: False with s=0
2026-05-01 20:47:28 | INFO | Beta mask after e: False with e=11
2026-05-01 20:47:28 | INFO | Alternating V-column L2-ball constraint active with radius 1.0
2026-05-01 20:47:28 | INFO | Optimizer settings: steps=2000, tol=1e-07, n_starts=1, seed=0, lambda_nuclear=0.0, lambda_frobenius=0.0, lambda_uv_ridge=0.1, v_column_l2_max=1.0, proximal_lr=1.0
2026-05-01 20:47:28 | INFO | Alternating low-rank start 1/1 | seed=0 | initial_loss=0.824745 | initial_penalized=0.824771
2026-05-01 20:47:28 | INFO | Alternating low-rank iter 0 | Loss: 0.585541 | Penalized: 0.595781
2026-05-01 20:47:29 | INFO | Alternating low-rank iter 100 | Loss: 0.524802 | Penalized: 0.548744
2026-05-01 20:47:30 | INFO | Alternating low-rank iter 200 | Loss: 0.523923 | Penalized: 0.547971
2026-05-01 20:47:31 | INFO | Alternating low-rank iter 300 | Loss: 0.523763 | Penalized: 0.547872
2026-05-01 20:47:32 | INFO | Done fitting.
2026-05-01 20:47:32 | INFO | Optimizer status: CONVERGED: alternating objective tolerance reached
2026-05-01 20:47:32 | INFO | Best optimizer start: 1 / 1
2026-05-01 20:47:32 | INFO | Final Loss: 0.523736
2026-05-01 20:47:32 | INFO | Estimated vs True Parameters:
2026-05-01 20:47:32 | INFO |   beta: -0.2841 (True: -0.3000) | SQE: 0.000252
2026-05-01 20:47:32 | INFO |   xi: 0.8364 (True: 0.8000) | SQE: 0.001324
2026-05-01 20:47:32 | INFO |   eta: 0.3061 (True: 0.3000) | SQE: 0.000037
2026-05-01 20:47:32 | INFO | Alternating low-rank optimizer diagnostics:
2026-05-01 20:47:32 | INFO |   penalized_objective: 0.547861
2026-05-01 20:47:32 | INFO |   mple_loss_without_penalty: 0.523736
2026-05-01 20:47:32 | INFO |   lambda_uv_ridge: 0.100000
2026-05-01 20:47:32 | INFO |   u_frobenius_norm: 64.492980
2026-05-01 20:47:32 | INFO |   v_frobenius_norm: 1.732051
2026-05-01 20:47:32 | INFO |   effective_rank: 3.000000
2026-05-01 20:47:32 | INFO | Field and interaction diagnostics:
2026-05-01 20:47:32 | INFO |   field_rmse: 0.332795
2026-05-01 20:47:32 | INFO |   interaction_fro_error: 0.128915
2026-05-01 20:47:32 | INFO |   estimated_field_max_abs_entry: 1.910458
2026-05-01 20:47:32 | INFO |   estimated_field_rank: 3.000000
2026-05-01 20:47:32 | INFO |   true_field_max_abs_entry: 3.479714
2026-05-01 20:47:32 | INFO |   true_field_rank: 3.000000
2026-05-01 20:47:32 | INFO | Saved summary table to /orcd/home/002/phevosp/MPLE-Causal-Inference/experiments/SyntheticHybridExperimentsFinal/confounding_moderate/cv_runs/alternating_uv_grid/candidates/alternating_uv_grid_candidate_0005/fold_7/mple_summary.csv
2026-05-01 20:47:32 | INFO | Log saved to /orcd/home/002/phevosp/MPLE-Causal-Inference/experiments/SyntheticHybridExperimentsFinal/confounding_moderate/cv_runs/alternating_uv_grid/candidates/alternating_uv_grid_candidate_0005/fold_7/mple.log
