2026-05-01 08:33:27 | INFO | Loading data...
2026-05-01 08:33:27 | INFO | Using panel artifact: /orcd/home/002/phevosp/MPLE-Causal-Inference/experiments/SyntheticHybridExperiments/confounding_moderate/panel_data.npz
2026-05-01 08:33:27 | INFO | Using x_0 artifact: /orcd/home/002/phevosp/MPLE-Causal-Inference/experiments/SyntheticHybridExperiments/confounding_moderate/x_0.npy
2026-05-01 08:33:27 | INFO | Using fit config: /orcd/home/002/phevosp/MPLE-Causal-Inference/experiments/SyntheticHybridExperiments/confounding_moderate/cv_runs/alternating_uv_grid/candidates/alternating_uv_grid_candidate_0003/fold_5/fit_realized_config.yaml
2026-05-01 08:33:27 | INFO | Using model artifact directory: /orcd/home/002/phevosp/MPLE-Causal-Inference/experiments/SyntheticHybridExperiments/confounding_moderate
2026-05-01 08:33:27 | INFO | Using truth artifact directory: /orcd/home/002/phevosp/MPLE-Causal-Inference/experiments/SyntheticHybridExperiments/confounding_moderate
2026-05-01 08:33:27 | INFO | Using loss mask artifact: /orcd/home/002/phevosp/MPLE-Causal-Inference/experiments/SyntheticHybridExperiments/confounding_moderate/cv_runs/alternating_uv_grid/candidates/alternating_uv_grid_candidate_0003/fold_5/loss_mask.npy
2026-05-01 08:33:27 | INFO | Configured optimizer mode: alternating_latent_rank
2026-05-01 08:33:27 | INFO | Configured latent rank: 3
2026-05-01 08:33:27 | INFO | Using a fixed known graph with scalar xi.
2026-05-01 08:33:27 | INFO | Fit-time hard bounds active: False
2026-05-01 08:33:27 | INFO | Fixed scalar parameters: {}
2026-05-01 08:33:27 | INFO | Warm-start fixed scalars: {} for 0 steps
2026-05-01 08:33:27 | INFO | Beta mask before s: False with s=0
2026-05-01 08:33:27 | INFO | Beta mask after e: False with e=11
2026-05-01 08:33:27 | INFO | Alternating V-column L2-ball constraint active with radius 1.0
2026-05-01 08:33:27 | INFO | Optimizer settings: steps=2000, tol=1e-07, n_starts=1, seed=0, lambda_nuclear=0.0, lambda_frobenius=0.0, lambda_uv_ridge=0.01, v_column_l2_max=1.0, proximal_lr=1.0
2026-05-01 08:33:27 | INFO | Alternating low-rank start 1/1 | seed=0 | initial_loss=0.818852 | initial_penalized=0.818867
2026-05-01 08:33:27 | INFO | Alternating low-rank iter 0 | Loss: 0.638838 | Penalized: 0.641513
2026-05-01 08:33:28 | INFO | Alternating low-rank iter 100 | Loss: 0.310837 | Penalized: 0.369366
2026-05-01 08:33:28 | INFO | Alternating low-rank iter 200 | Loss: 0.302879 | Penalized: 0.362461
2026-05-01 08:33:29 | INFO | Alternating low-rank iter 300 | Loss: 0.299643 | Penalized: 0.359637
2026-05-01 08:33:30 | INFO | Alternating low-rank iter 400 | Loss: 0.297412 | Penalized: 0.357941
2026-05-01 08:33:31 | INFO | Alternating low-rank iter 500 | Loss: 0.295759 | Penalized: 0.356736
2026-05-01 08:33:31 | INFO | Alternating low-rank iter 600 | Loss: 0.294883 | Penalized: 0.356170
2026-05-01 08:33:32 | INFO | Alternating low-rank iter 700 | Loss: 0.294402 | Penalized: 0.355852
2026-05-01 08:33:33 | INFO | Alternating low-rank iter 800 | Loss: 0.294105 | Penalized: 0.355608
2026-05-01 08:33:34 | INFO | Alternating low-rank iter 900 | Loss: 0.293881 | Penalized: 0.355396
2026-05-01 08:33:35 | INFO | Alternating low-rank iter 1000 | Loss: 0.293694 | Penalized: 0.355206
2026-05-01 08:33:36 | INFO | Alternating low-rank iter 1100 | Loss: 0.293528 | Penalized: 0.355034
2026-05-01 08:33:37 | INFO | Alternating low-rank iter 1200 | Loss: 0.293378 | Penalized: 0.354877
2026-05-01 08:33:38 | INFO | Alternating low-rank iter 1300 | Loss: 0.293239 | Penalized: 0.354734
2026-05-01 08:33:39 | INFO | Alternating low-rank iter 1400 | Loss: 0.293109 | Penalized: 0.354603
2026-05-01 08:33:40 | INFO | Alternating low-rank iter 1500 | Loss: 0.292983 | Penalized: 0.354484
2026-05-01 08:33:41 | INFO | Alternating low-rank iter 1600 | Loss: 0.292856 | Penalized: 0.354373
2026-05-01 08:33:42 | INFO | Alternating low-rank iter 1700 | Loss: 0.292725 | Penalized: 0.354271
2026-05-01 08:33:43 | INFO | Alternating low-rank iter 1800 | Loss: 0.292601 | Penalized: 0.354178
2026-05-01 08:33:43 | INFO | Alternating low-rank iter 1900 | Loss: 0.292496 | Penalized: 0.354094
2026-05-01 08:33:44 | INFO | Done fitting.
2026-05-01 08:33:44 | INFO | Optimizer status: STOP: TOTAL NO. OF ITERATIONS REACHED LIMIT
2026-05-01 08:33:44 | INFO | Best optimizer start: 1 / 1
2026-05-01 08:33:44 | INFO | Final Loss: 0.292409
2026-05-01 08:33:44 | INFO | Estimated vs True Parameters:
2026-05-01 08:33:44 | INFO |   beta: -0.3799 (True: -0.3000) | SQE: 0.006388
2026-05-01 08:33:44 | INFO |   xi: 0.8200 (True: 0.8000) | SQE: 0.000401
2026-05-01 08:33:44 | INFO |   eta: 0.4964 (True: 0.3000) | SQE: 0.038580
2026-05-01 08:33:44 | INFO | Alternating low-rank optimizer diagnostics:
2026-05-01 08:33:44 | INFO |   penalized_objective: 0.354021
2026-05-01 08:33:44 | INFO |   mple_loss_without_penalty: 0.292409
2026-05-01 08:33:44 | INFO |   lambda_uv_ridge: 0.010000
2026-05-01 08:33:44 | INFO |   u_frobenius_norm: 135.101702
2026-05-01 08:33:44 | INFO |   v_frobenius_norm: 1.732051
2026-05-01 08:33:44 | INFO |   effective_rank: 3.000000
2026-05-01 08:33:44 | INFO | Field and interaction diagnostics:
2026-05-01 08:33:44 | INFO |   field_rmse: 0.906562
2026-05-01 08:33:44 | INFO |   interaction_fro_error: 0.052940
2026-05-01 08:33:44 | INFO |   estimated_field_max_abs_entry: 3.770342
2026-05-01 08:33:44 | INFO |   estimated_field_rank: 3.000000
2026-05-01 08:33:44 | INFO |   true_field_max_abs_entry: 3.479714
2026-05-01 08:33:44 | INFO |   true_field_rank: 3.000000
2026-05-01 08:33:45 | INFO | Saved summary table to /orcd/home/002/phevosp/MPLE-Causal-Inference/experiments/SyntheticHybridExperiments/confounding_moderate/cv_runs/alternating_uv_grid/candidates/alternating_uv_grid_candidate_0003/fold_5/mple_summary.csv
2026-05-01 08:33:45 | INFO | Log saved to /orcd/home/002/phevosp/MPLE-Causal-Inference/experiments/SyntheticHybridExperiments/confounding_moderate/cv_runs/alternating_uv_grid/candidates/alternating_uv_grid_candidate_0003/fold_5/mple.log
