2026-05-02 03:25:36 | INFO | Loading data...
2026-05-02 03:25:36 | INFO | Using panel artifact: /orcd/home/002/phevosp/MPLE-Causal-Inference/experiments/SyntheticHybridExperimentsFinal/r5_c1_hybrid_us_county_intervention_generated_graph_confounding/panel_data.npz
2026-05-02 03:25:36 | INFO | Using x_0 artifact: /orcd/home/002/phevosp/MPLE-Causal-Inference/experiments/SyntheticHybridExperimentsFinal/r5_c1_hybrid_us_county_intervention_generated_graph_confounding/x_0.npy
2026-05-02 03:25:36 | INFO | Using fit config: /orcd/home/002/phevosp/MPLE-Causal-Inference/experiments/SyntheticHybridExperimentsFinal/r5_c1_hybrid_us_county_intervention_generated_graph_confounding/cv_runs/alternating_uv_grid/candidates/alternating_uv_grid_candidate_0008/fold_6/fit_realized_config.yaml
2026-05-02 03:25:36 | INFO | Using model artifact directory: /orcd/home/002/phevosp/MPLE-Causal-Inference/experiments/SyntheticHybridExperimentsFinal/r5_c1_hybrid_us_county_intervention_generated_graph_confounding
2026-05-02 03:25:36 | INFO | Using truth artifact directory: /orcd/home/002/phevosp/MPLE-Causal-Inference/experiments/SyntheticHybridExperimentsFinal/r5_c1_hybrid_us_county_intervention_generated_graph_confounding
2026-05-02 03:25:36 | INFO | Using loss mask artifact: /orcd/home/002/phevosp/MPLE-Causal-Inference/experiments/SyntheticHybridExperimentsFinal/r5_c1_hybrid_us_county_intervention_generated_graph_confounding/cv_runs/alternating_uv_grid/candidates/alternating_uv_grid_candidate_0008/fold_6/loss_mask.npy
2026-05-02 03:25:36 | INFO | Configured optimizer mode: alternating_latent_rank
2026-05-02 03:25:36 | INFO | Configured latent rank: 5
2026-05-02 03:25:36 | INFO | Using a fixed known graph with scalar xi.
2026-05-02 03:25:36 | INFO | Fit-time hard bounds active: False
2026-05-02 03:25:36 | INFO | Fixed scalar parameters: {}
2026-05-02 03:25:36 | INFO | Warm-start fixed scalars: {} for 0 steps
2026-05-02 03:25:36 | INFO | Beta mask before s: True with s=55
2026-05-02 03:25:36 | INFO | Beta mask after e: True with e=114
2026-05-02 03:25:36 | INFO | Alternating V-column L2-ball constraint active with radius 1.0
2026-05-02 03:25:36 | INFO | Optimizer settings: steps=2000, tol=1e-07, n_starts=1, seed=0, lambda_nuclear=0.0, lambda_frobenius=0.0, lambda_uv_ridge=1.0, v_column_l2_max=1.0, proximal_lr=1.0
2026-05-02 03:25:36 | INFO | Alternating low-rank start 1/1 | seed=0 | initial_loss=0.694323 | initial_penalized=0.694729
2026-05-02 03:25:36 | INFO | Alternating low-rank iter 0 | Loss: 0.647437 | Penalized: 0.661222
2026-05-02 03:25:50 | INFO | Alternating low-rank iter 100 | Loss: 0.573910 | Penalized: 0.585692
2026-05-02 03:26:04 | INFO | Alternating low-rank iter 200 | Loss: 0.570058 | Penalized: 0.581628
2026-05-02 03:26:18 | INFO | Alternating low-rank iter 300 | Loss: 0.567476 | Penalized: 0.578940
2026-05-02 03:26:32 | INFO | Alternating low-rank iter 400 | Loss: 0.565805 | Penalized: 0.577220
2026-05-02 03:26:46 | INFO | Alternating low-rank iter 500 | Loss: 0.564743 | Penalized: 0.576137
2026-05-02 03:27:00 | INFO | Alternating low-rank iter 600 | Loss: 0.564071 | Penalized: 0.575458
2026-05-02 03:27:14 | INFO | Alternating low-rank iter 700 | Loss: 0.563648 | Penalized: 0.575032
2026-05-02 03:27:28 | INFO | Alternating low-rank iter 800 | Loss: 0.563383 | Penalized: 0.574766
2026-05-02 03:27:42 | INFO | Alternating low-rank iter 900 | Loss: 0.563215 | Penalized: 0.574598
2026-05-02 03:27:55 | INFO | Alternating low-rank iter 1000 | Loss: 0.563109 | Penalized: 0.574493
2026-05-02 03:28:09 | INFO | Alternating low-rank iter 1100 | Loss: 0.563041 | Penalized: 0.574426
2026-05-02 03:28:21 | INFO | Alternating low-rank iter 1200 | Loss: 0.562998 | Penalized: 0.574385
2026-05-02 03:28:39 | INFO | Alternating low-rank iter 1300 | Loss: 0.562970 | Penalized: 0.574358
2026-05-02 03:28:56 | INFO | Alternating low-rank iter 1400 | Loss: 0.562952 | Penalized: 0.574342
2026-05-02 03:29:04 | INFO | Done fitting.
2026-05-02 03:29:04 | INFO | Optimizer status: CONVERGED: alternating objective tolerance reached
2026-05-02 03:29:04 | INFO | Best optimizer start: 1 / 1
2026-05-02 03:29:04 | INFO | Final Loss: 0.562944
2026-05-02 03:29:04 | INFO | Estimated vs True Parameters:
2026-05-02 03:29:04 | INFO |   beta: -0.1463 (True: -0.3000) | SQE: 0.023637
2026-05-02 03:29:04 | INFO |   xi: 1.0373 (True: 0.8000) | SQE: 0.056304
2026-05-02 03:29:04 | INFO |   eta: 0.3093 (True: 0.3000) | SQE: 0.000087
2026-05-02 03:29:04 | INFO | Alternating low-rank optimizer diagnostics:
2026-05-02 03:29:04 | INFO |   penalized_objective: 0.574335
2026-05-02 03:29:04 | INFO |   mple_loss_without_penalty: 0.562944
2026-05-02 03:29:04 | INFO |   lambda_uv_ridge: 1.000000
2026-05-02 03:29:04 | INFO |   u_frobenius_norm: 17.025586
2026-05-02 03:29:04 | INFO |   v_frobenius_norm: 2.236068
2026-05-02 03:29:04 | INFO |   effective_rank: 5.000000
2026-05-02 03:29:04 | INFO | Field and interaction diagnostics:
2026-05-02 03:29:04 | INFO |   field_rmse: 0.251260
2026-05-02 03:29:04 | INFO |   interaction_fro_error: 1.484414
2026-05-02 03:29:05 | INFO |   estimated_field_max_abs_entry: 0.381016
2026-05-02 03:29:05 | INFO |   estimated_field_rank: 5.000000
2026-05-02 03:29:05 | INFO |   true_field_max_abs_entry: 1.442488
2026-05-02 03:29:05 | INFO |   true_field_rank: 5.000000
2026-05-02 03:29:05 | INFO | Saved summary table to /orcd/home/002/phevosp/MPLE-Causal-Inference/experiments/SyntheticHybridExperimentsFinal/r5_c1_hybrid_us_county_intervention_generated_graph_confounding/cv_runs/alternating_uv_grid/candidates/alternating_uv_grid_candidate_0008/fold_6/mple_summary.csv
2026-05-02 03:29:05 | INFO | Log saved to /orcd/home/002/phevosp/MPLE-Causal-Inference/experiments/SyntheticHybridExperimentsFinal/r5_c1_hybrid_us_county_intervention_generated_graph_confounding/cv_runs/alternating_uv_grid/candidates/alternating_uv_grid_candidate_0008/fold_6/mple.log
