2026-04-07 11:38:05 | INFO | Loading data...
2026-04-07 11:38:06 | INFO | Loaded 6 field templates and 1 interaction templates.
2026-04-07 11:38:06 | INFO | Intervention-process model enabled: True
2026-04-07 11:38:06 | INFO | Tau zero-mean enabled: False
2026-04-07 11:38:06 | INFO | Tau smoothness lambda: 0.000000
2026-04-07 11:38:06 | INFO | Running conditional-model MPLE on x with shape=(68, 3203)
2026-04-07 11:38:06 | INFO | Eval 0  |  Loss: 0.738385
2026-04-07 11:38:06 | INFO |   field::log_population: +0.0126,  field::median_household_income: -0.0132,  field::poverty_rate: +0.0640,  field::pct_black: +0.0105,  field::pct_hispanic: -0.0536,  field::pct_in_labor_force: +0.0362,  tau block: mean=+0.0092, std=0.0967, min=-0.2325, max=+0.1960,  beta: +0.1822,  interaction::contiguity: -0.1320,  eta: -0.0662,  zeta: +0.0935,  psi: +0.0049
2026-04-07 11:38:09 | INFO | Done fitting.
2026-04-07 11:38:09 | INFO | Optimizer status: CONVERGENCE: RELATIVE REDUCTION OF F <= FACTR*EPSMCH
2026-04-07 11:38:09 | INFO | Final Loss: 0.156850
2026-04-07 11:38:09 | INFO | Estimated Parameters:
2026-04-07 11:38:09 | INFO |   field::log_population: 0.1528
2026-04-07 11:38:09 | INFO |   field::median_household_income: -0.2714
2026-04-07 11:38:09 | INFO |   field::poverty_rate: -0.0483
2026-04-07 11:38:09 | INFO |   field::pct_black: -0.2131
2026-04-07 11:38:09 | INFO |   field::pct_hispanic: -0.0939
2026-04-07 11:38:09 | INFO |   field::pct_in_labor_force: 0.0828
2026-04-07 11:38:09 | INFO |   tau::t_0: -0.1840
2026-04-07 11:38:09 | INFO |   tau::t_1: -0.2163
2026-04-07 11:38:09 | INFO |   tau::t_2: -0.2352
2026-04-07 11:38:09 | INFO |   tau::t_3: -0.3691
2026-04-07 11:38:09 | INFO |   tau::t_4: 0.0005
2026-04-07 11:38:09 | INFO |   tau::t_5: -0.2254
2026-04-07 11:38:09 | INFO |   tau::t_6: -0.0477
2026-04-07 11:38:09 | INFO |   tau::t_7: -0.1205
2026-04-07 11:38:09 | INFO |   tau::t_8: -0.0489
2026-04-07 11:38:09 | INFO |   tau::t_9: -0.1400
2026-04-07 11:38:09 | INFO |   tau::t_10: -0.0483
2026-04-07 11:38:09 | INFO |   tau::t_11: -0.1085
2026-04-07 11:38:09 | INFO |   tau::t_12: -0.2614
2026-04-07 11:38:09 | INFO |   tau::t_13: -0.2604
2026-04-07 11:38:09 | INFO |   tau::t_14: -0.3547
2026-04-07 11:38:09 | INFO |   tau::t_15: -0.3906
2026-04-07 11:38:09 | INFO |   tau::t_16: -0.5584
2026-04-07 11:38:09 | INFO |   tau::t_17: -0.4128
2026-04-07 11:38:09 | INFO |   tau::t_18: -0.7884
2026-04-07 11:38:09 | INFO |   tau::t_19: -0.4989
2026-04-07 11:38:09 | INFO |   tau::t_20: -0.6813
2026-04-07 11:38:09 | INFO |   tau::t_21: -0.5761
2026-04-07 11:38:09 | INFO |   tau::t_22: -0.5743
2026-04-07 11:38:09 | INFO |   tau::t_23: -0.3038
2026-04-07 11:38:09 | INFO |   tau::t_24: -0.1892
2026-04-07 11:38:09 | INFO |   tau::t_25: 0.0643
2026-04-07 11:38:09 | INFO |   tau::t_26: 0.2326
2026-04-07 11:38:09 | INFO |   tau::t_27: 0.2260
2026-04-07 11:38:09 | INFO |   tau::t_28: 0.2512
2026-04-07 11:38:09 | INFO |   tau::t_29: 0.2220
2026-04-07 11:38:09 | INFO |   tau::t_30: 0.2081
2026-04-07 11:38:09 | INFO |   tau::t_31: 0.1826
2026-04-07 11:38:09 | INFO |   tau::t_32: 0.0268
2026-04-07 11:38:09 | INFO |   tau::t_33: 0.1647
2026-04-07 11:38:09 | INFO |   tau::t_34: -0.0672
2026-04-07 11:38:09 | INFO |   tau::t_35: -0.1208
2026-04-07 11:38:09 | INFO |   tau::t_36: -0.1313
2026-04-07 11:38:09 | INFO |   tau::t_37: -0.1779
2026-04-07 11:38:09 | INFO |   tau::t_38: -0.2028
2026-04-07 11:38:09 | INFO |   tau::t_39: -0.0279
2026-04-07 11:38:09 | INFO |   tau::t_40: -0.0527
2026-04-07 11:38:09 | INFO |   tau::t_41: 0.0379
2026-04-07 11:38:09 | INFO |   tau::t_42: 0.0735
2026-04-07 11:38:09 | INFO |   tau::t_43: -0.3274
2026-04-07 11:38:09 | INFO |   tau::t_44: 0.3434
2026-04-07 11:38:09 | INFO |   tau::t_45: -0.0156
2026-04-07 11:38:09 | INFO |   tau::t_46: -0.0534
2026-04-07 11:38:09 | INFO |   tau::t_47: -0.0349
2026-04-07 11:38:09 | INFO |   tau::t_48: 0.5040
2026-04-07 11:38:09 | INFO |   tau::t_49: 0.8186
2026-04-07 11:38:09 | INFO |   tau::t_50: 0.8885
2026-04-07 11:38:09 | INFO |   tau::t_51: 1.2050
2026-04-07 11:38:09 | INFO |   tau::t_52: 1.2031
2026-04-07 11:38:09 | INFO |   tau::t_53: 0.3469
2026-04-07 11:38:09 | INFO |   tau::t_54: -0.2143
2026-04-07 11:38:09 | INFO |   tau::t_55: -0.3525
2026-04-07 11:38:09 | INFO |   tau::t_56: -0.4116
2026-04-07 11:38:09 | INFO |   tau::t_57: -0.2178
2026-04-07 11:38:09 | INFO |   tau::t_58: -0.2295
2026-04-07 11:38:09 | INFO |   tau::t_59: -0.2328
2026-04-07 11:38:09 | INFO |   tau::t_60: -0.3545
2026-04-07 11:38:09 | INFO |   tau::t_61: -0.4024
2026-04-07 11:38:09 | INFO |   tau::t_62: -0.3471
2026-04-07 11:38:09 | INFO |   tau::t_63: -0.1969
2026-04-07 11:38:09 | INFO |   tau::t_64: -0.0778
2026-04-07 11:38:09 | INFO |   tau::t_65: -0.1524
2026-04-07 11:38:09 | INFO |   tau::t_66: 0.0034
2026-04-07 11:38:09 | INFO |   tau::t_67: -0.0110
2026-04-07 11:38:09 | INFO |   beta: -0.0134
2026-04-07 11:38:09 | INFO |   interaction::contiguity: 2.5988
2026-04-07 11:38:09 | INFO |   eta: 0.5447
2026-04-07 11:38:09 | INFO |   zeta: -0.1806
2026-04-07 11:38:09 | INFO |   psi: 2.1329
2026-04-07 11:38:09 | INFO | Saved summary tables to C:\Users\phevo\Documents\MIT\Code\MPLE-Causal-Inference\experiments\USCountyVaccination_US_tau_unrestricted\outcome_case_rate_100k_ge_200__intervention_complete_cov_ge_30__lag_2w__contiguity\mple_summary.csv and C:\Users\phevo\Documents\MIT\Code\MPLE-Causal-Inference\experiments\USCountyVaccination_US_tau_unrestricted\outcome_case_rate_100k_ge_200__intervention_complete_cov_ge_30__lag_2w__contiguity\mple_summary.md
2026-04-07 11:38:09 | INFO | Log saved to C:\Users\phevo\Documents\MIT\Code\MPLE-Causal-Inference\experiments\USCountyVaccination_US_tau_unrestricted\outcome_case_rate_100k_ge_200__intervention_complete_cov_ge_30__lag_2w__contiguity\mple.log
