2026-04-30 00:27:17 | INFO | Loading data...
2026-04-30 00:27:17 | INFO | Using panel artifact: /orcd/home/002/phevosp/MPLE-Causal-Inference/experiments/SyntheticHybridExperiments/hybrid_us_county_intervention_uscounty_graph_confounding_weak/panel_data.npz
2026-04-30 00:27:17 | INFO | Using x_0 artifact: /orcd/home/002/phevosp/MPLE-Causal-Inference/experiments/SyntheticHybridExperiments/hybrid_us_county_intervention_uscounty_graph_confounding_weak/x_0.npy
2026-04-30 00:27:17 | INFO | Using fit config: /orcd/home/002/phevosp/MPLE-Causal-Inference/experiments/SyntheticHybridExperiments/hybrid_us_county_intervention_uscounty_graph_confounding_weak/fits/alternating_rank_3_uv_1_e3_beta_mask/fit_realized_config.yaml
2026-04-30 00:27:17 | INFO | Using model artifact directory: /orcd/home/002/phevosp/MPLE-Causal-Inference/experiments/SyntheticHybridExperiments/hybrid_us_county_intervention_uscounty_graph_confounding_weak
2026-04-30 00:27:17 | INFO | Using truth artifact directory: /orcd/home/002/phevosp/MPLE-Causal-Inference/experiments/SyntheticHybridExperiments/hybrid_us_county_intervention_uscounty_graph_confounding_weak
2026-04-30 00:27:17 | INFO | Configured optimizer mode: alternating_latent_rank
2026-04-30 00:27:17 | INFO | Configured latent rank: 3
2026-04-30 00:27:17 | INFO | Using a fixed known graph with scalar xi.
2026-04-30 00:27:17 | INFO | Fit-time hard bounds active: False
2026-04-30 00:27:17 | INFO | Fixed scalar parameters: {}
2026-04-30 00:27:17 | INFO | Warm-start fixed scalars: {} for 0 steps
2026-04-30 00:27:17 | INFO | Beta mask before s: True with s=55
2026-04-30 00:27:17 | INFO | Beta mask after e: True with e=120
2026-04-30 00:27:17 | INFO | Alternating V-column L2-ball constraint active with radius 1.0
2026-04-30 00:27:17 | INFO | Optimizer settings: steps=20000, tol=1e-09, n_starts=1, seed=0, lambda_nuclear=0.0, lambda_frobenius=0.0, lambda_uv_ridge=0.001, v_column_l2_max=1.0, proximal_lr=1.0
2026-04-30 00:27:17 | INFO | Alternating low-rank start 1/1 | seed=0 | initial_loss=0.685025 | initial_penalized=0.685025
2026-04-30 00:27:17 | INFO | Alternating low-rank iter 0 | Loss: 0.595765 | Penalized: 0.595804
2026-04-30 00:27:28 | INFO | Alternating low-rank iter 100 | Loss: 0.577837 | Penalized: 0.578367
2026-04-30 00:27:39 | INFO | Alternating low-rank iter 200 | Loss: 0.576627 | Penalized: 0.577605
2026-04-30 00:27:50 | INFO | Alternating low-rank iter 300 | Loss: 0.576305 | Penalized: 0.577475
2026-04-30 00:28:01 | INFO | Alternating low-rank iter 400 | Loss: 0.575697 | Penalized: 0.577028
2026-04-30 00:28:12 | INFO | Alternating low-rank iter 500 | Loss: 0.575376 | Penalized: 0.576798
2026-04-30 00:28:23 | INFO | Alternating low-rank iter 600 | Loss: 0.575186 | Penalized: 0.576646
2026-04-30 00:28:34 | INFO | Alternating low-rank iter 700 | Loss: 0.575106 | Penalized: 0.576594
2026-04-30 00:28:45 | INFO | Alternating low-rank iter 800 | Loss: 0.575070 | Penalized: 0.576577
2026-04-30 00:28:56 | INFO | Alternating low-rank iter 900 | Loss: 0.575050 | Penalized: 0.576569
2026-04-30 00:29:07 | INFO | Alternating low-rank iter 1000 | Loss: 0.575039 | Penalized: 0.576566
2026-04-30 00:29:18 | INFO | Alternating low-rank iter 1100 | Loss: 0.575033 | Penalized: 0.576564
2026-04-30 00:29:30 | INFO | Alternating low-rank iter 1200 | Loss: 0.575029 | Penalized: 0.576564
2026-04-30 00:29:41 | INFO | Alternating low-rank iter 1300 | Loss: 0.575027 | Penalized: 0.576563
2026-04-30 00:29:52 | INFO | Alternating low-rank iter 1400 | Loss: 0.575026 | Penalized: 0.576563
2026-04-30 00:29:56 | INFO | Done fitting.
2026-04-30 00:29:56 | INFO | Optimizer status: CONVERGED: alternating objective tolerance reached
2026-04-30 00:29:56 | INFO | Best optimizer start: 1 / 1
2026-04-30 00:29:56 | INFO | Final Loss: 0.575025
2026-04-30 00:29:56 | INFO | Estimated vs True Parameters:
2026-04-30 00:29:56 | INFO |   beta: -0.1907 (True: -0.3000) | SQE: 0.011951
2026-04-30 00:29:56 | INFO |   xi: 0.8493 (True: 0.8000) | SQE: 0.002431
2026-04-30 00:29:56 | INFO |   eta: 0.2972 (True: 0.3000) | SQE: 0.000008
2026-04-30 00:29:56 | INFO | Alternating low-rank optimizer diagnostics:
2026-04-30 00:29:56 | INFO |   penalized_objective: 0.576563
2026-04-30 00:29:56 | INFO |   mple_loss_without_penalty: 0.575025
2026-04-30 00:29:56 | INFO |   lambda_uv_ridge: 0.001000
2026-04-30 00:29:56 | INFO |   u_frobenius_norm: 745.739764
2026-04-30 00:29:56 | INFO |   v_frobenius_norm: 1.732051
2026-04-30 00:29:56 | INFO |   effective_rank: 3.000000
2026-04-30 00:29:56 | INFO | Field and interaction diagnostics:
2026-04-30 00:29:56 | INFO |   field_rmse: 1.270981
2026-04-30 00:29:56 | INFO |   interaction_fro_error: 0.466241
2026-04-30 00:29:56 | INFO |   estimated_field_max_abs_entry: 46.252366
2026-04-30 00:29:56 | INFO |   estimated_field_rank: 3.000000
2026-04-30 00:29:56 | INFO |   true_field_max_abs_entry: 0.183816
2026-04-30 00:29:56 | INFO |   true_field_rank: 3.000000
2026-04-30 00:29:56 | INFO | Saved summary table to /orcd/home/002/phevosp/MPLE-Causal-Inference/experiments/SyntheticHybridExperiments/hybrid_us_county_intervention_uscounty_graph_confounding_weak/fits/alternating_rank_3_uv_1_e3_beta_mask/mple_summary.csv
2026-04-30 00:29:56 | INFO | Log saved to /orcd/home/002/phevosp/MPLE-Causal-Inference/experiments/SyntheticHybridExperiments/hybrid_us_county_intervention_uscounty_graph_confounding_weak/fits/alternating_rank_3_uv_1_e3_beta_mask/mple.log
