2026-04-01 10:24:24 | INFO | Loading data...
2026-04-01 10:24:29 | INFO | Loaded 11 field templates and 11 interaction templates.
2026-04-01 10:24:29 | INFO | Running conditional-model MPLE on x with shape=(10, 5000)
2026-04-01 10:24:29 | INFO | Eval 0  |  Loss: 0.743370
2026-04-01 10:24:29 | INFO |   field::intercept: +0.0126,  field::linear::feature_1: -0.0132,  field::quadratic::feature_1: +0.0640,  field::linear::feature_2: +0.0105,  field::quadratic::feature_2: -0.0536,  field::linear::feature_3: +0.0362,  field::quadratic::feature_3: +0.1304,  field::linear::feature_4: +0.0947,  field::quadratic::feature_4: -0.0704,  field::linear::feature_5: -0.1265,  field::quadratic::feature_5: -0.0623,  beta: +0.0041,  interaction::adjacency: -0.2325,  interaction::distance_kernel::feature_1: -0.0219,  interaction::cross_similarity::feature_1: -0.1246,  interaction::distance_kernel::feature_2: -0.0732,  interaction::cross_similarity::feature_2: -0.0544,  interaction::distance_kernel::feature_3: -0.0316,  interaction::cross_similarity::feature_3: +0.0412,  interaction::distance_kernel::feature_4: +0.1043,  interaction::cross_similarity::feature_4: -0.0129,  interaction::distance_kernel::feature_5: +0.1366,  interaction::cross_similarity::feature_5: -0.0665,  eta: +0.0352,  zeta: +0.0903,  psi: +0.0094
2026-04-01 10:24:31 | INFO | Eval 100  |  Loss: 0.328691
2026-04-01 10:24:31 | INFO |   field::intercept: +0.4214,  field::linear::feature_1: +0.1348,  field::quadratic::feature_1: +0.7050,  field::linear::feature_2: +1.0853,  field::quadratic::feature_2: -0.7517,  field::linear::feature_3: +0.3903,  field::quadratic::feature_3: -0.1740,  field::linear::feature_4: +0.5050,  field::quadratic::feature_4: -0.0038,  field::linear::feature_5: +0.2470,  field::quadratic::feature_5: +0.8714,  beta: +1.1040,  interaction::adjacency: +0.2371,  interaction::distance_kernel::feature_1: +0.1717,  interaction::cross_similarity::feature_1: +1.1860,  interaction::distance_kernel::feature_2: +0.1096,  interaction::cross_similarity::feature_2: -0.9697,  interaction::distance_kernel::feature_3: +0.1344,  interaction::cross_similarity::feature_3: +0.7438,  interaction::distance_kernel::feature_4: +0.1538,  interaction::cross_similarity::feature_4: -0.2788,  interaction::distance_kernel::feature_5: +0.2549,  interaction::cross_similarity::feature_5: +0.1133,  eta: +0.7097,  zeta: -1.0056,  psi: +0.4068
2026-04-01 10:24:32 | INFO | Eval 200  |  Loss: 0.328681
2026-04-01 10:24:32 | INFO |   field::intercept: +0.4247,  field::linear::feature_1: +0.1184,  field::quadratic::feature_1: +0.7000,  field::linear::feature_2: +0.9804,  field::quadratic::feature_2: -0.7319,  field::linear::feature_3: +0.3790,  field::quadratic::feature_3: -0.1709,  field::linear::feature_4: +0.5083,  field::quadratic::feature_4: +0.0046,  field::linear::feature_5: +0.2445,  field::quadratic::feature_5: +0.8696,  beta: +1.1042,  interaction::adjacency: +0.1665,  interaction::distance_kernel::feature_1: +0.1820,  interaction::cross_similarity::feature_1: +1.8395,  interaction::distance_kernel::feature_2: +0.1412,  interaction::cross_similarity::feature_2: -0.2915,  interaction::distance_kernel::feature_3: +0.1451,  interaction::cross_similarity::feature_3: +0.9203,  interaction::distance_kernel::feature_4: +0.1615,  interaction::cross_similarity::feature_4: -0.3263,  interaction::distance_kernel::feature_5: +0.2625,  interaction::cross_similarity::feature_5: +0.2098,  eta: +0.7104,  zeta: -1.0070,  psi: +0.4066
2026-04-01 10:24:33 | INFO | Eval 300  |  Loss: 0.328676
2026-04-01 10:24:33 | INFO |   field::intercept: +0.4245,  field::linear::feature_1: +0.0896,  field::quadratic::feature_1: +0.7098,  field::linear::feature_2: +1.0213,  field::quadratic::feature_2: -0.7393,  field::linear::feature_3: +0.3663,  field::quadratic::feature_3: -0.1705,  field::linear::feature_4: +0.5108,  field::quadratic::feature_4: +0.0035,  field::linear::feature_5: +0.2348,  field::quadratic::feature_5: +0.8696,  beta: +1.1051,  interaction::adjacency: +0.1596,  interaction::distance_kernel::feature_1: +0.1859,  interaction::cross_similarity::feature_1: +3.2040,  interaction::distance_kernel::feature_2: +0.1382,  interaction::cross_similarity::feature_2: -0.5692,  interaction::distance_kernel::feature_3: +0.1486,  interaction::cross_similarity::feature_3: +1.1113,  interaction::distance_kernel::feature_4: +0.1634,  interaction::cross_similarity::feature_4: -0.3510,  interaction::distance_kernel::feature_5: +0.2638,  interaction::cross_similarity::feature_5: +0.4037,  eta: +0.7112,  zeta: -1.0071,  psi: +0.4066
2026-04-01 10:24:34 | INFO | Done fitting.
2026-04-01 10:24:34 | INFO | Optimizer status: CONVERGENCE: RELATIVE REDUCTION OF F <= FACTR*EPSMCH
2026-04-01 10:24:34 | INFO | Final Loss: 0.328676
2026-04-01 10:24:34 | INFO | Estimated vs True Parameters:
2026-04-01 10:24:34 | INFO |   field::intercept: 0.4244 (True: 0.4250)
2026-04-01 10:24:34 | INFO |   field::intercept SQE: 0.000000
2026-04-01 10:24:34 | INFO |   field::linear::feature_1: 0.0894 (True: 0.2200)
2026-04-01 10:24:34 | INFO |   field::linear::feature_1 SQE: 0.017052
2026-04-01 10:24:34 | INFO |   field::quadratic::feature_1: 0.7029 (True: 0.6750)
2026-04-01 10:24:34 | INFO |   field::quadratic::feature_1 SQE: 0.000776
2026-04-01 10:24:34 | INFO |   field::linear::feature_2: 1.0107 (True: 0.9200)
2026-04-01 10:24:34 | INFO |   field::linear::feature_2 SQE: 0.008229
2026-04-01 10:24:34 | INFO |   field::quadratic::feature_2: -0.7374 (True: -0.7500)
2026-04-01 10:24:34 | INFO |   field::quadratic::feature_2 SQE: 0.000159
2026-04-01 10:24:34 | INFO |   field::linear::feature_3: 0.3677 (True: 0.4400)
2026-04-01 10:24:34 | INFO |   field::linear::feature_3 SQE: 0.005228
2026-04-01 10:24:34 | INFO |   field::quadratic::feature_3: -0.1695 (True: -0.1750)
2026-04-01 10:24:34 | INFO |   field::quadratic::feature_3 SQE: 0.000030
2026-04-01 10:24:34 | INFO |   field::linear::feature_4: 0.5104 (True: 0.5000)
2026-04-01 10:24:34 | INFO |   field::linear::feature_4 SQE: 0.000107
2026-04-01 10:24:34 | INFO |   field::quadratic::feature_4: 0.0038 (True: -0.0750)
2026-04-01 10:24:34 | INFO |   field::quadratic::feature_4 SQE: 0.006210
2026-04-01 10:24:34 | INFO |   field::linear::feature_5: 0.2358 (True: 0.2400)
2026-04-01 10:24:34 | INFO |   field::linear::feature_5 SQE: 0.000018
2026-04-01 10:24:34 | INFO |   field::quadratic::feature_5: 0.8685 (True: 0.8550)
2026-04-01 10:24:34 | INFO |   field::quadratic::feature_5 SQE: 0.000181
2026-04-01 10:24:34 | INFO |   beta: 1.1045 (True: 1.1000)
2026-04-01 10:24:34 | INFO |   beta SQE: 0.000020
2026-04-01 10:24:34 | INFO |   interaction::adjacency: 0.1711 (True: 0.3750)
2026-04-01 10:24:34 | INFO |   interaction::adjacency SQE: 0.041567
2026-04-01 10:24:34 | INFO |   interaction::distance_kernel::feature_1: 0.1796 (True: 0.1200)
2026-04-01 10:24:34 | INFO |   interaction::distance_kernel::feature_1 SQE: 0.003551
2026-04-01 10:24:34 | INFO |   interaction::cross_similarity::feature_1: 3.2639 (True: 0.0600)
2026-04-01 10:24:34 | INFO |   interaction::cross_similarity::feature_1 SQE: 10.264660
2026-04-01 10:24:34 | INFO |   interaction::distance_kernel::feature_2: 0.1356 (True: 0.1200)
2026-04-01 10:24:34 | INFO |   interaction::distance_kernel::feature_2 SQE: 0.000242
2026-04-01 10:24:34 | INFO |   interaction::cross_similarity::feature_2: -0.4844 (True: 0.0600)
2026-04-01 10:24:34 | INFO |   interaction::cross_similarity::feature_2 SQE: 0.296422
2026-04-01 10:24:34 | INFO |   interaction::distance_kernel::feature_3: 0.1472 (True: 0.1200)
2026-04-01 10:24:34 | INFO |   interaction::distance_kernel::feature_3 SQE: 0.000739
2026-04-01 10:24:34 | INFO |   interaction::cross_similarity::feature_3: 1.1106 (True: 0.0600)
2026-04-01 10:24:34 | INFO |   interaction::cross_similarity::feature_3 SQE: 1.103857
2026-04-01 10:24:34 | INFO |   interaction::distance_kernel::feature_4: 0.1638 (True: 0.1200)
2026-04-01 10:24:34 | INFO |   interaction::distance_kernel::feature_4 SQE: 0.001915
2026-04-01 10:24:34 | INFO |   interaction::cross_similarity::feature_4: -0.3498 (True: 0.0600)
2026-04-01 10:24:34 | INFO |   interaction::cross_similarity::feature_4 SQE: 0.167939
2026-04-01 10:24:34 | INFO |   interaction::distance_kernel::feature_5: 0.2626 (True: 0.1950)
2026-04-01 10:24:34 | INFO |   interaction::distance_kernel::feature_5 SQE: 0.004572
2026-04-01 10:24:34 | INFO |   interaction::cross_similarity::feature_5: 0.4139 (True: 0.2100)
2026-04-01 10:24:34 | INFO |   interaction::cross_similarity::feature_5 SQE: 0.041585
2026-04-01 10:24:34 | INFO |   eta: 0.7106 (True: 0.7000)
2026-04-01 10:24:34 | INFO |   eta SQE: 0.000113
2026-04-01 10:24:34 | INFO |   zeta: -1.0072 (True: -1.0000)
2026-04-01 10:24:34 | INFO |   zeta SQE: 0.000052
2026-04-01 10:24:34 | INFO |   psi: 0.4066 (True: 0.4000)
2026-04-01 10:24:34 | INFO |   psi SQE: 0.000044
2026-04-01 10:24:35 | INFO | Saved summary tables to C:\Users\phevo\Documents\MIT\Code\MPLE-Causal-Inference\experiments\n5000_t10_low_temp_fro_medium_shared_feature_field_shared_feature_interactions_20260401_003628\mple_summary.csv and C:\Users\phevo\Documents\MIT\Code\MPLE-Causal-Inference\experiments\n5000_t10_low_temp_fro_medium_shared_feature_field_shared_feature_interactions_20260401_003628\mple_summary.md
2026-04-01 10:24:35 | INFO | Log saved to C:\Users\phevo\Documents\MIT\Code\MPLE-Causal-Inference\experiments\n5000_t10_low_temp_fro_medium_shared_feature_field_shared_feature_interactions_20260401_003628\mple.log
