2026-04-07 11:33:11 | INFO | Loading data...
2026-04-07 11:33:11 | INFO | Loaded 6 field templates and 1 interaction templates.
2026-04-07 11:33:11 | INFO | Intervention-process model enabled: True
2026-04-07 11:33:11 | INFO | Tau zero-mean enabled: True
2026-04-07 11:33:11 | INFO | Tau smoothness lambda: 1.000000
2026-04-07 11:33:11 | INFO | Running conditional-model MPLE on x with shape=(70, 3203)
2026-04-07 11:33:11 | INFO | Eval 0  |  Loss: 0.702306
2026-04-07 11:33:11 | INFO |   field::log_population: +0.0126,  field::median_household_income: -0.0132,  field::poverty_rate: +0.0640,  field::pct_black: +0.0105,  field::pct_hispanic: -0.0536,  field::pct_in_labor_force: +0.0362,  tau block: mean=-0.0000, std=0.0990, min=-0.2421, max=+0.1864,  beta: -0.0662,  interaction::contiguity: +0.0935,  eta: +0.0049,  zeta: +0.2002,  psi: +0.0189
2026-04-07 11:33:14 | INFO | Done fitting.
2026-04-07 11:33:14 | INFO | Optimizer status: CONVERGENCE: RELATIVE REDUCTION OF F <= FACTR*EPSMCH
2026-04-07 11:33:14 | INFO | Final Loss: 0.283736
2026-04-07 11:33:14 | INFO | Estimated Parameters:
2026-04-07 11:33:14 | INFO |   field::log_population: 1.0145
2026-04-07 11:33:14 | INFO |   field::median_household_income: -1.2108
2026-04-07 11:33:14 | INFO |   field::poverty_rate: -0.5732
2026-04-07 11:33:14 | INFO |   field::pct_black: -0.1304
2026-04-07 11:33:14 | INFO |   field::pct_hispanic: -0.4569
2026-04-07 11:33:14 | INFO |   field::pct_in_labor_force: -0.0107
2026-04-07 11:33:14 | INFO |   tau::t_0: -0.0319
2026-04-07 11:33:14 | INFO |   tau::t_1: -0.0528
2026-04-07 11:33:14 | INFO |   tau::t_2: -0.0626
2026-04-07 11:33:14 | INFO |   tau::t_3: -0.0703
2026-04-07 11:33:14 | INFO |   tau::t_4: -0.1351
2026-04-07 11:33:14 | INFO |   tau::t_5: -0.2299
2026-04-07 11:33:14 | INFO |   tau::t_6: -0.1238
2026-04-07 11:33:14 | INFO |   tau::t_7: -0.1176
2026-04-07 11:33:14 | INFO |   tau::t_8: -0.1116
2026-04-07 11:33:14 | INFO |   tau::t_9: -0.1331
2026-04-07 11:33:14 | INFO |   tau::t_10: -0.1006
2026-04-07 11:33:14 | INFO |   tau::t_11: -0.1190
2026-04-07 11:33:14 | INFO |   tau::t_12: -0.0824
2026-04-07 11:33:14 | INFO |   tau::t_13: -0.0679
2026-04-07 11:33:14 | INFO |   tau::t_14: -0.1222
2026-04-07 11:33:14 | INFO |   tau::t_15: -0.1325
2026-04-07 11:33:14 | INFO |   tau::t_16: -0.1172
2026-04-07 11:33:14 | INFO |   tau::t_17: -0.1412
2026-04-07 11:33:14 | INFO |   tau::t_18: -0.1538
2026-04-07 11:33:14 | INFO |   tau::t_19: -0.0682
2026-04-07 11:33:14 | INFO |   tau::t_20: -0.2378
2026-04-07 11:33:14 | INFO |   tau::t_21: -0.1926
2026-04-07 11:33:14 | INFO |   tau::t_22: -0.3160
2026-04-07 11:33:14 | INFO |   tau::t_23: -0.3200
2026-04-07 11:33:14 | INFO |   tau::t_24: -0.3416
2026-04-07 11:33:14 | INFO |   tau::t_25: -0.4119
2026-04-07 11:33:14 | INFO |   tau::t_26: -0.3037
2026-04-07 11:33:14 | INFO |   tau::t_27: -0.2947
2026-04-07 11:33:14 | INFO |   tau::t_28: -0.2483
2026-04-07 11:33:14 | INFO |   tau::t_29: -0.1271
2026-04-07 11:33:14 | INFO |   tau::t_30: -0.0458
2026-04-07 11:33:14 | INFO |   tau::t_31: 0.0253
2026-04-07 11:33:14 | INFO |   tau::t_32: 0.0800
2026-04-07 11:33:14 | INFO |   tau::t_33: 0.1017
2026-04-07 11:33:14 | INFO |   tau::t_34: 0.1333
2026-04-07 11:33:14 | INFO |   tau::t_35: 0.2417
2026-04-07 11:33:14 | INFO |   tau::t_36: 0.2402
2026-04-07 11:33:14 | INFO |   tau::t_37: 0.2563
2026-04-07 11:33:14 | INFO |   tau::t_38: 0.2020
2026-04-07 11:33:14 | INFO |   tau::t_39: 0.1980
2026-04-07 11:33:14 | INFO |   tau::t_40: 0.2377
2026-04-07 11:33:14 | INFO |   tau::t_41: 0.2151
2026-04-07 11:33:14 | INFO |   tau::t_42: 0.1496
2026-04-07 11:33:14 | INFO |   tau::t_43: 0.1517
2026-04-07 11:33:14 | INFO |   tau::t_44: 0.1668
2026-04-07 11:33:14 | INFO |   tau::t_45: 0.0005
2026-04-07 11:33:14 | INFO |   tau::t_46: 0.2505
2026-04-07 11:33:14 | INFO |   tau::t_47: 0.1754
2026-04-07 11:33:14 | INFO |   tau::t_48: 0.1658
2026-04-07 11:33:14 | INFO |   tau::t_49: 0.1184
2026-04-07 11:33:14 | INFO |   tau::t_50: 0.1474
2026-04-07 11:33:14 | INFO |   tau::t_51: 0.2317
2026-04-07 11:33:14 | INFO |   tau::t_52: 0.2244
2026-04-07 11:33:14 | INFO |   tau::t_53: 0.2439
2026-04-07 11:33:14 | INFO |   tau::t_54: 0.3127
2026-04-07 11:33:14 | INFO |   tau::t_55: 0.3556
2026-04-07 11:33:14 | INFO |   tau::t_56: 0.3436
2026-04-07 11:33:14 | INFO |   tau::t_57: 0.3191
2026-04-07 11:33:14 | INFO |   tau::t_58: 0.2495
2026-04-07 11:33:14 | INFO |   tau::t_59: 0.2010
2026-04-07 11:33:14 | INFO |   tau::t_60: 0.1219
2026-04-07 11:33:14 | INFO |   tau::t_61: 0.1109
2026-04-07 11:33:14 | INFO |   tau::t_62: 0.0278
2026-04-07 11:33:14 | INFO |   tau::t_63: -0.0327
2026-04-07 11:33:14 | INFO |   tau::t_64: -0.1195
2026-04-07 11:33:14 | INFO |   tau::t_65: -0.0837
2026-04-07 11:33:14 | INFO |   tau::t_66: -0.1998
2026-04-07 11:33:14 | INFO |   tau::t_67: -0.1985
2026-04-07 11:33:14 | INFO |   tau::t_68: -0.0650
2026-04-07 11:33:14 | INFO |   tau::t_69: -0.2870
2026-04-07 11:33:14 | INFO |   beta: -0.1927
2026-04-07 11:33:14 | INFO |   interaction::contiguity: 1.4326
2026-04-07 11:33:14 | INFO |   eta: 0.2306
2026-04-07 11:33:14 | INFO |   zeta: -0.2065
2026-04-07 11:33:14 | INFO |   psi: 2.0971
2026-04-07 11:33:14 | INFO | Saved summary tables to C:\Users\phevo\Documents\MIT\Code\MPLE-Causal-Inference\experiments\USCountyVaccination_US_tau_zero_mean_smooth\outcome_death_rate_100k_ge_2__intervention_complete_cov_ge_10__lag_0w__contiguity\mple_summary.csv and C:\Users\phevo\Documents\MIT\Code\MPLE-Causal-Inference\experiments\USCountyVaccination_US_tau_zero_mean_smooth\outcome_death_rate_100k_ge_2__intervention_complete_cov_ge_10__lag_0w__contiguity\mple_summary.md
2026-04-07 11:33:14 | INFO | Log saved to C:\Users\phevo\Documents\MIT\Code\MPLE-Causal-Inference\experiments\USCountyVaccination_US_tau_zero_mean_smooth\outcome_death_rate_100k_ge_2__intervention_complete_cov_ge_10__lag_0w__contiguity\mple.log
