2026-04-30 11:49:32 | INFO | Loading data...
2026-04-30 11:49:32 | INFO | Using panel artifact: /orcd/home/002/phevosp/MPLE-Causal-Inference/experiments/SyntheticHybridExperiments/r3_c1_hybrid_us_county_intervention_generated_graph_confounding/panel_data.npz
2026-04-30 11:49:32 | INFO | Using x_0 artifact: /orcd/home/002/phevosp/MPLE-Causal-Inference/experiments/SyntheticHybridExperiments/r3_c1_hybrid_us_county_intervention_generated_graph_confounding/x_0.npy
2026-04-30 11:49:32 | INFO | Using fit config: /orcd/home/002/phevosp/MPLE-Causal-Inference/experiments/SyntheticHybridExperiments/r3_c1_hybrid_us_county_intervention_generated_graph_confounding/fits/alternating_rank_3_uv_1_e2/fit_realized_config.yaml
2026-04-30 11:49:32 | INFO | Using model artifact directory: /orcd/home/002/phevosp/MPLE-Causal-Inference/experiments/SyntheticHybridExperiments/r3_c1_hybrid_us_county_intervention_generated_graph_confounding
2026-04-30 11:49:32 | INFO | Using truth artifact directory: /orcd/home/002/phevosp/MPLE-Causal-Inference/experiments/SyntheticHybridExperiments/r3_c1_hybrid_us_county_intervention_generated_graph_confounding
2026-04-30 11:49:32 | INFO | Configured optimizer mode: alternating_latent_rank
2026-04-30 11:49:32 | INFO | Configured latent rank: 3
2026-04-30 11:49:32 | INFO | Using a fixed known graph with scalar xi.
2026-04-30 11:49:32 | INFO | Fit-time hard bounds active: False
2026-04-30 11:49:32 | INFO | Fixed scalar parameters: {}
2026-04-30 11:49:32 | INFO | Warm-start fixed scalars: {} for 0 steps
2026-04-30 11:49:32 | INFO | Beta mask before s: False with s=55
2026-04-30 11:49:32 | INFO | Beta mask after e: False with e=120
2026-04-30 11:49:32 | INFO | Alternating V-column L2-ball constraint active with radius 1.0
2026-04-30 11:49:32 | INFO | Optimizer settings: steps=20000, tol=1e-09, n_starts=1, seed=0, lambda_nuclear=0.0, lambda_frobenius=0.0, lambda_uv_ridge=0.01, v_column_l2_max=1.0, proximal_lr=1.0
2026-04-30 11:49:32 | INFO | Alternating low-rank start 1/1 | seed=0 | initial_loss=0.687483 | initial_penalized=0.687483
2026-04-30 11:49:33 | INFO | Alternating low-rank iter 0 | Loss: 0.596974 | Penalized: 0.597732
2026-04-30 11:49:43 | INFO | Alternating low-rank iter 100 | Loss: 0.578650 | Penalized: 0.580644
2026-04-30 11:49:52 | INFO | Alternating low-rank iter 200 | Loss: 0.578186 | Penalized: 0.580161
2026-04-30 11:50:02 | INFO | Alternating low-rank iter 300 | Loss: 0.578115 | Penalized: 0.580078
2026-04-30 11:50:12 | INFO | Alternating low-rank iter 400 | Loss: 0.578104 | Penalized: 0.580059
2026-04-30 11:50:22 | INFO | Alternating low-rank iter 500 | Loss: 0.578103 | Penalized: 0.580052
2026-04-30 11:50:32 | INFO | Alternating low-rank iter 600 | Loss: 0.578103 | Penalized: 0.580050
2026-04-30 11:50:42 | INFO | Alternating low-rank iter 700 | Loss: 0.578103 | Penalized: 0.580049
2026-04-30 11:50:52 | INFO | Alternating low-rank iter 800 | Loss: 0.578103 | Penalized: 0.580049
2026-04-30 11:50:52 | INFO | Done fitting.
2026-04-30 11:50:52 | INFO | Optimizer status: CONVERGED: alternating objective tolerance reached
2026-04-30 11:50:52 | INFO | Best optimizer start: 1 / 1
2026-04-30 11:50:52 | INFO | Final Loss: 0.578103
2026-04-30 11:50:52 | INFO | Estimated vs True Parameters:
2026-04-30 11:50:52 | INFO |   beta: 0.0062 (True: -0.3000) | SQE: 0.093770
2026-04-30 11:50:52 | INFO |   xi: 0.9375 (True: 0.8000) | SQE: 0.018900
2026-04-30 11:50:52 | INFO |   eta: 0.3030 (True: 0.3000) | SQE: 0.000009
2026-04-30 11:50:52 | INFO | Alternating low-rank optimizer diagnostics:
2026-04-30 11:50:52 | INFO |   penalized_objective: 0.580049
2026-04-30 11:50:52 | INFO |   mple_loss_without_penalty: 0.578103
2026-04-30 11:50:52 | INFO |   lambda_uv_ridge: 0.010000
2026-04-30 11:50:52 | INFO |   u_frobenius_norm: 265.310841
2026-04-30 11:50:52 | INFO |   v_frobenius_norm: 1.732051
2026-04-30 11:50:52 | INFO |   effective_rank: 3.000000
2026-04-30 11:50:52 | INFO | Field and interaction diagnostics:
2026-04-30 11:50:52 | INFO |   field_rmse: 0.383620
2026-04-30 11:50:52 | INFO |   interaction_fro_error: 0.860024
2026-04-30 11:50:52 | INFO |   estimated_field_max_abs_entry: 4.436028
2026-04-30 11:50:52 | INFO |   estimated_field_rank: 3.000000
2026-04-30 11:50:52 | INFO |   true_field_max_abs_entry: 3.260394
2026-04-30 11:50:52 | INFO |   true_field_rank: 3.000000
2026-04-30 11:50:52 | INFO | Saved summary table to /orcd/home/002/phevosp/MPLE-Causal-Inference/experiments/SyntheticHybridExperiments/r3_c1_hybrid_us_county_intervention_generated_graph_confounding/fits/alternating_rank_3_uv_1_e2/mple_summary.csv
2026-04-30 11:50:52 | INFO | Log saved to /orcd/home/002/phevosp/MPLE-Causal-Inference/experiments/SyntheticHybridExperiments/r3_c1_hybrid_us_county_intervention_generated_graph_confounding/fits/alternating_rank_3_uv_1_e2/mple.log
