2026-04-07 13:34:38 | INFO | Loading data...
2026-04-07 13:34:38 | INFO | Loaded 6 field templates and 1 interaction templates.
2026-04-07 13:34:38 | INFO | Intervention-process model enabled: True
2026-04-07 13:34:38 | INFO | Tau zero-mean enabled: True
2026-04-07 13:34:38 | INFO | Tau smoothness lambda: 0.000000
2026-04-07 13:34:38 | INFO | Running conditional-model MPLE on x with shape=(69, 3203)
2026-04-07 13:34:38 | INFO | Eval 0  |  Loss: 0.614229
2026-04-07 13:34:38 | INFO |   field::log_population: +0.0126,  field::median_household_income: -0.0132,  field::poverty_rate: +0.0640,  field::pct_black: +0.0105,  field::pct_hispanic: -0.0536,  field::pct_in_labor_force: +0.0362,  tau block: mean=+0.0000, std=0.0982, min=-0.2442, max=+0.1843,  beta: -0.1320,  interaction::contiguity: -0.0662,  eta: +0.0935,  zeta: +0.0049,  psi: +0.2002
2026-04-07 13:34:41 | INFO | Done fitting.
2026-04-07 13:34:41 | INFO | Optimizer status: CONVERGENCE: RELATIVE REDUCTION OF F <= FACTR*EPSMCH
2026-04-07 13:34:41 | INFO | Final Loss: 0.279004
2026-04-07 13:34:41 | INFO | Estimated Parameters:
2026-04-07 13:34:41 | INFO |   field::log_population: 0.8799
2026-04-07 13:34:41 | INFO |   field::median_household_income: -1.2746
2026-04-07 13:34:41 | INFO |   field::poverty_rate: -0.7019
2026-04-07 13:34:41 | INFO |   field::pct_black: -0.0629
2026-04-07 13:34:41 | INFO |   field::pct_hispanic: -0.3493
2026-04-07 13:34:41 | INFO |   field::pct_in_labor_force: 0.0159
2026-04-07 13:34:41 | INFO |   tau::t_0: 0.2498
2026-04-07 13:34:41 | INFO |   tau::t_1: 0.2412
2026-04-07 13:34:41 | INFO |   tau::t_2: 0.2338
2026-04-07 13:34:41 | INFO |   tau::t_3: 0.1678
2026-04-07 13:34:41 | INFO |   tau::t_4: 0.0718
2026-04-07 13:34:41 | INFO |   tau::t_5: 0.1440
2026-04-07 13:34:41 | INFO |   tau::t_6: 0.0946
2026-04-07 13:34:41 | INFO |   tau::t_7: 0.0250
2026-04-07 13:34:41 | INFO |   tau::t_8: -0.0341
2026-04-07 13:34:41 | INFO |   tau::t_9: -0.0355
2026-04-07 13:34:41 | INFO |   tau::t_10: -0.0713
2026-04-07 13:34:41 | INFO |   tau::t_11: -0.0442
2026-04-07 13:34:41 | INFO |   tau::t_12: -0.0368
2026-04-07 13:34:41 | INFO |   tau::t_13: -0.0890
2026-04-07 13:34:41 | INFO |   tau::t_14: -0.0995
2026-04-07 13:34:41 | INFO |   tau::t_15: -0.0862
2026-04-07 13:34:41 | INFO |   tau::t_16: -0.1099
2026-04-07 13:34:41 | INFO |   tau::t_17: -0.1227
2026-04-07 13:34:41 | INFO |   tau::t_18: -0.0454
2026-04-07 13:34:41 | INFO |   tau::t_19: -0.2008
2026-04-07 13:34:41 | INFO |   tau::t_20: -0.1549
2026-04-07 13:34:41 | INFO |   tau::t_21: -0.2664
2026-04-07 13:34:41 | INFO |   tau::t_22: -0.2675
2026-04-07 13:34:41 | INFO |   tau::t_23: -0.2891
2026-04-07 13:34:41 | INFO |   tau::t_24: -0.3512
2026-04-07 13:34:41 | INFO |   tau::t_25: -0.2562
2026-04-07 13:34:41 | INFO |   tau::t_26: -0.2508
2026-04-07 13:34:41 | INFO |   tau::t_27: -0.2112
2026-04-07 13:34:41 | INFO |   tau::t_28: -0.1019
2026-04-07 13:34:41 | INFO |   tau::t_29: -0.0355
2026-04-07 13:34:41 | INFO |   tau::t_30: 0.0227
2026-04-07 13:34:41 | INFO |   tau::t_31: 0.0647
2026-04-07 13:34:41 | INFO |   tau::t_32: 0.0748
2026-04-07 13:34:41 | INFO |   tau::t_33: 0.0986
2026-04-07 13:34:41 | INFO |   tau::t_34: 0.1957
2026-04-07 13:34:41 | INFO |   tau::t_35: 0.1810
2026-04-07 13:34:41 | INFO |   tau::t_36: 0.1931
2026-04-07 13:34:41 | INFO |   tau::t_37: 0.1406
2026-04-07 13:34:41 | INFO |   tau::t_38: 0.1368
2026-04-07 13:34:41 | INFO |   tau::t_39: 0.1483
2026-04-07 13:34:41 | INFO |   tau::t_40: 0.1250
2026-04-07 13:34:41 | INFO |   tau::t_41: 0.0625
2026-04-07 13:34:41 | INFO |   tau::t_42: 0.0668
2026-04-07 13:34:41 | INFO |   tau::t_43: 0.0816
2026-04-07 13:34:41 | INFO |   tau::t_44: -0.0730
2026-04-07 13:34:41 | INFO |   tau::t_45: 0.1649
2026-04-07 13:34:41 | INFO |   tau::t_46: 0.0855
2026-04-07 13:34:41 | INFO |   tau::t_47: 0.0760
2026-04-07 13:34:41 | INFO |   tau::t_48: 0.0300
2026-04-07 13:34:41 | INFO |   tau::t_49: 0.0600
2026-04-07 13:34:41 | INFO |   tau::t_50: 0.1385
2026-04-07 13:34:41 | INFO |   tau::t_51: 0.1275
2026-04-07 13:34:41 | INFO |   tau::t_52: 0.1435
2026-04-07 13:34:41 | INFO |   tau::t_53: 0.2050
2026-04-07 13:34:41 | INFO |   tau::t_54: 0.2427
2026-04-07 13:34:41 | INFO |   tau::t_55: 0.2259
2026-04-07 13:34:41 | INFO |   tau::t_56: 0.2006
2026-04-07 13:34:41 | INFO |   tau::t_57: 0.1326
2026-04-07 13:34:41 | INFO |   tau::t_58: 0.0878
2026-04-07 13:34:41 | INFO |   tau::t_59: 0.0174
2026-04-07 13:34:41 | INFO |   tau::t_60: 0.0093
2026-04-07 13:34:41 | INFO |   tau::t_61: -0.0664
2026-04-07 13:34:41 | INFO |   tau::t_62: -0.1185
2026-04-07 13:34:41 | INFO |   tau::t_63: -0.1937
2026-04-07 13:34:41 | INFO |   tau::t_64: -0.1565
2026-04-07 13:34:41 | INFO |   tau::t_65: -0.2613
2026-04-07 13:34:41 | INFO |   tau::t_66: -0.2569
2026-04-07 13:34:41 | INFO |   tau::t_67: -0.1373
2026-04-07 13:34:41 | INFO |   tau::t_68: -0.3437
2026-04-07 13:34:41 | INFO |   beta: 0.0994
2026-04-07 13:34:41 | INFO |   interaction::contiguity: 1.5487
2026-04-07 13:34:41 | INFO |   eta: 0.2428
2026-04-07 13:34:41 | INFO |   zeta: -0.0176
2026-04-07 13:34:41 | INFO |   psi: 2.7141
2026-04-07 13:34:41 | INFO | Saved summary tables to C:\Users\phevo\Documents\MIT\Code\MPLE-Causal-Inference\experiments\USCountyVaccination_US\USCountyVaccination_US_tau_zero_mean\outcome_death_rate_100k_ge_2__intervention_complete_cov_ge_60__lag_1w__contiguity\mple_summary.csv and C:\Users\phevo\Documents\MIT\Code\MPLE-Causal-Inference\experiments\USCountyVaccination_US\USCountyVaccination_US_tau_zero_mean\outcome_death_rate_100k_ge_2__intervention_complete_cov_ge_60__lag_1w__contiguity\mple_summary.md
2026-04-07 13:34:41 | INFO | Log saved to C:\Users\phevo\Documents\MIT\Code\MPLE-Causal-Inference\experiments\USCountyVaccination_US\USCountyVaccination_US_tau_zero_mean\outcome_death_rate_100k_ge_2__intervention_complete_cov_ge_60__lag_1w__contiguity\mple.log
