2026-05-01 08:38:47 | INFO | Loading data...
2026-05-01 08:38:47 | INFO | Using panel artifact: /orcd/home/002/phevosp/MPLE-Causal-Inference/experiments/SyntheticHybridExperiments/confounding_weak/panel_data.npz
2026-05-01 08:38:47 | INFO | Using x_0 artifact: /orcd/home/002/phevosp/MPLE-Causal-Inference/experiments/SyntheticHybridExperiments/confounding_weak/x_0.npy
2026-05-01 08:38:47 | INFO | Using fit config: /orcd/home/002/phevosp/MPLE-Causal-Inference/experiments/SyntheticHybridExperiments/confounding_weak/cv_runs/alternating_uv_grid/candidates/alternating_uv_grid_candidate_0004/fold_7/fit_realized_config.yaml
2026-05-01 08:38:47 | INFO | Using model artifact directory: /orcd/home/002/phevosp/MPLE-Causal-Inference/experiments/SyntheticHybridExperiments/confounding_weak
2026-05-01 08:38:47 | INFO | Using truth artifact directory: /orcd/home/002/phevosp/MPLE-Causal-Inference/experiments/SyntheticHybridExperiments/confounding_weak
2026-05-01 08:38:47 | INFO | Using loss mask artifact: /orcd/home/002/phevosp/MPLE-Causal-Inference/experiments/SyntheticHybridExperiments/confounding_weak/cv_runs/alternating_uv_grid/candidates/alternating_uv_grid_candidate_0004/fold_7/loss_mask.npy
2026-05-01 08:38:47 | INFO | Configured optimizer mode: alternating_latent_rank
2026-05-01 08:38:47 | INFO | Configured latent rank: 3
2026-05-01 08:38:47 | INFO | Using a fixed known graph with scalar xi.
2026-05-01 08:38:47 | INFO | Fit-time hard bounds active: False
2026-05-01 08:38:47 | INFO | Fixed scalar parameters: {}
2026-05-01 08:38:47 | INFO | Warm-start fixed scalars: {} for 0 steps
2026-05-01 08:38:47 | INFO | Beta mask before s: False with s=0
2026-05-01 08:38:47 | INFO | Beta mask after e: False with e=11
2026-05-01 08:38:47 | INFO | Alternating V-column L2-ball constraint active with radius 1.0
2026-05-01 08:38:47 | INFO | Optimizer settings: steps=2000, tol=1e-07, n_starts=1, seed=0, lambda_nuclear=0.0, lambda_frobenius=0.0, lambda_uv_ridge=0.05, v_column_l2_max=1.0, proximal_lr=1.0
2026-05-01 08:38:47 | INFO | Alternating low-rank start 1/1 | seed=0 | initial_loss=0.826588 | initial_penalized=0.826665
2026-05-01 08:38:47 | INFO | Alternating low-rank iter 0 | Loss: 0.650912 | Penalized: 0.662605
2026-05-01 08:38:48 | INFO | Alternating low-rank iter 100 | Loss: 0.408527 | Penalized: 0.475929
2026-05-01 08:38:49 | INFO | Alternating low-rank iter 200 | Loss: 0.406613 | Penalized: 0.474403
2026-05-01 08:38:49 | INFO | Alternating low-rank iter 300 | Loss: 0.405956 | Penalized: 0.473511
2026-05-01 08:38:50 | INFO | Alternating low-rank iter 400 | Loss: 0.405232 | Penalized: 0.472693
2026-05-01 08:38:51 | INFO | Alternating low-rank iter 500 | Loss: 0.404517 | Penalized: 0.472006
2026-05-01 08:38:52 | INFO | Alternating low-rank iter 600 | Loss: 0.403882 | Penalized: 0.471405
2026-05-01 08:38:53 | INFO | Alternating low-rank iter 700 | Loss: 0.402754 | Penalized: 0.470600
2026-05-01 08:38:54 | INFO | Alternating low-rank iter 800 | Loss: 0.400999 | Penalized: 0.469557
2026-05-01 08:38:55 | INFO | Alternating low-rank iter 900 | Loss: 0.400453 | Penalized: 0.469195
2026-05-01 08:38:56 | INFO | Alternating low-rank iter 1000 | Loss: 0.400170 | Penalized: 0.468958
2026-05-01 08:38:57 | INFO | Alternating low-rank iter 1100 | Loss: 0.399971 | Penalized: 0.468770
2026-05-01 08:38:58 | INFO | Alternating low-rank iter 1200 | Loss: 0.399811 | Penalized: 0.468613
2026-05-01 08:38:58 | INFO | Alternating low-rank iter 1300 | Loss: 0.399678 | Penalized: 0.468482
2026-05-01 08:38:59 | INFO | Alternating low-rank iter 1400 | Loss: 0.399565 | Penalized: 0.468371
2026-05-01 08:39:00 | INFO | Alternating low-rank iter 1500 | Loss: 0.399468 | Penalized: 0.468277
2026-05-01 08:39:01 | INFO | Alternating low-rank iter 1600 | Loss: 0.399385 | Penalized: 0.468197
2026-05-01 08:39:02 | INFO | Alternating low-rank iter 1700 | Loss: 0.399313 | Penalized: 0.468129
2026-05-01 08:39:03 | INFO | Alternating low-rank iter 1800 | Loss: 0.399251 | Penalized: 0.468072
2026-05-01 08:39:04 | INFO | Alternating low-rank iter 1900 | Loss: 0.399196 | Penalized: 0.468023
2026-05-01 08:39:05 | INFO | Done fitting.
2026-05-01 08:39:05 | INFO | Optimizer status: STOP: TOTAL NO. OF ITERATIONS REACHED LIMIT
2026-05-01 08:39:05 | INFO | Best optimizer start: 1 / 1
2026-05-01 08:39:05 | INFO | Final Loss: 0.399149
2026-05-01 08:39:05 | INFO | Estimated vs True Parameters:
2026-05-01 08:39:05 | INFO |   beta: -0.3398 (True: -0.3000) | SQE: 0.001587
2026-05-01 08:39:05 | INFO |   xi: 0.9970 (True: 0.8000) | SQE: 0.038799
2026-05-01 08:39:05 | INFO |   eta: 0.3549 (True: 0.3000) | SQE: 0.003016
2026-05-01 08:39:05 | INFO | Alternating low-rank optimizer diagnostics:
2026-05-01 08:39:05 | INFO |   penalized_objective: 0.467982
2026-05-01 08:39:05 | INFO |   mple_loss_without_penalty: 0.399149
2026-05-01 08:39:05 | INFO |   lambda_uv_ridge: 0.050000
2026-05-01 08:39:05 | INFO |   u_frobenius_norm: 63.854653
2026-05-01 08:39:05 | INFO |   v_frobenius_norm: 1.732051
2026-05-01 08:39:05 | INFO |   effective_rank: 3.000000
2026-05-01 08:39:05 | INFO | Field and interaction diagnostics:
2026-05-01 08:39:05 | INFO |   field_rmse: 0.422303
2026-05-01 08:39:05 | INFO |   interaction_fro_error: 0.520642
2026-05-01 08:39:05 | INFO |   estimated_field_max_abs_entry: 2.059827
2026-05-01 08:39:05 | INFO |   estimated_field_rank: 3.000000
2026-05-01 08:39:05 | INFO |   true_field_max_abs_entry: 1.115066
2026-05-01 08:39:05 | INFO |   true_field_rank: 3.000000
2026-05-01 08:39:05 | INFO | Saved summary table to /orcd/home/002/phevosp/MPLE-Causal-Inference/experiments/SyntheticHybridExperiments/confounding_weak/cv_runs/alternating_uv_grid/candidates/alternating_uv_grid_candidate_0004/fold_7/mple_summary.csv
2026-05-01 08:39:05 | INFO | Log saved to /orcd/home/002/phevosp/MPLE-Causal-Inference/experiments/SyntheticHybridExperiments/confounding_weak/cv_runs/alternating_uv_grid/candidates/alternating_uv_grid_candidate_0004/fold_7/mple.log
