2026-04-30 11:49:30 | INFO | Loading data...
2026-04-30 11:49:30 | INFO | Using panel artifact: /orcd/home/002/phevosp/MPLE-Causal-Inference/experiments/SyntheticHybridExperiments/r3_c1_hybrid_us_county_intervention_generated_graph_confounding/panel_data.npz
2026-04-30 11:49:30 | INFO | Using x_0 artifact: /orcd/home/002/phevosp/MPLE-Causal-Inference/experiments/SyntheticHybridExperiments/r3_c1_hybrid_us_county_intervention_generated_graph_confounding/x_0.npy
2026-04-30 11:49:30 | INFO | Using fit config: /orcd/home/002/phevosp/MPLE-Causal-Inference/experiments/SyntheticHybridExperiments/r3_c1_hybrid_us_county_intervention_generated_graph_confounding/fits/alternating_rank_3_uv_5_e2/fit_realized_config.yaml
2026-04-30 11:49:30 | INFO | Using model artifact directory: /orcd/home/002/phevosp/MPLE-Causal-Inference/experiments/SyntheticHybridExperiments/r3_c1_hybrid_us_county_intervention_generated_graph_confounding
2026-04-30 11:49:30 | INFO | Using truth artifact directory: /orcd/home/002/phevosp/MPLE-Causal-Inference/experiments/SyntheticHybridExperiments/r3_c1_hybrid_us_county_intervention_generated_graph_confounding
2026-04-30 11:49:31 | INFO | Configured optimizer mode: alternating_latent_rank
2026-04-30 11:49:31 | INFO | Configured latent rank: 3
2026-04-30 11:49:31 | INFO | Using a fixed known graph with scalar xi.
2026-04-30 11:49:31 | INFO | Fit-time hard bounds active: False
2026-04-30 11:49:31 | INFO | Fixed scalar parameters: {}
2026-04-30 11:49:31 | INFO | Warm-start fixed scalars: {} for 0 steps
2026-04-30 11:49:31 | INFO | Beta mask before s: False with s=55
2026-04-30 11:49:31 | INFO | Beta mask after e: False with e=120
2026-04-30 11:49:31 | INFO | Alternating V-column L2-ball constraint active with radius 1.0
2026-04-30 11:49:31 | INFO | Optimizer settings: steps=20000, tol=1e-09, n_starts=1, seed=0, lambda_nuclear=0.0, lambda_frobenius=0.0, lambda_uv_ridge=0.05, v_column_l2_max=1.0, proximal_lr=1.0
2026-04-30 11:49:31 | INFO | Alternating low-rank start 1/1 | seed=0 | initial_loss=0.687483 | initial_penalized=0.687484
2026-04-30 11:49:31 | INFO | Alternating low-rank iter 0 | Loss: 0.598432 | Penalized: 0.601730
2026-04-30 11:49:40 | INFO | Alternating low-rank iter 100 | Loss: 0.580062 | Penalized: 0.587206
2026-04-30 11:49:48 | INFO | Alternating low-rank iter 200 | Loss: 0.579629 | Penalized: 0.586703
2026-04-30 11:49:57 | INFO | Alternating low-rank iter 300 | Loss: 0.579576 | Penalized: 0.586630
2026-04-30 11:50:06 | INFO | Alternating low-rank iter 400 | Loss: 0.579572 | Penalized: 0.586620
2026-04-30 11:50:15 | INFO | Alternating low-rank iter 500 | Loss: 0.579573 | Penalized: 0.586618
2026-04-30 11:50:23 | INFO | Done fitting.
2026-04-30 11:50:23 | INFO | Optimizer status: CONVERGED: alternating objective tolerance reached
2026-04-30 11:50:23 | INFO | Best optimizer start: 1 / 1
2026-04-30 11:50:23 | INFO | Final Loss: 0.579573
2026-04-30 11:50:23 | INFO | Estimated vs True Parameters:
2026-04-30 11:50:23 | INFO |   beta: -0.0025 (True: -0.3000) | SQE: 0.088520
2026-04-30 11:50:23 | INFO |   xi: 0.9533 (True: 0.8000) | SQE: 0.023509
2026-04-30 11:50:23 | INFO |   eta: 0.3001 (True: 0.3000) | SQE: 0.000000
2026-04-30 11:50:23 | INFO | Alternating low-rank optimizer diagnostics:
2026-04-30 11:50:23 | INFO |   penalized_objective: 0.586618
2026-04-30 11:50:23 | INFO |   mple_loss_without_penalty: 0.579573
2026-04-30 11:50:23 | INFO |   lambda_uv_ridge: 0.050000
2026-04-30 11:50:23 | INFO |   u_frobenius_norm: 225.729606
2026-04-30 11:50:23 | INFO |   v_frobenius_norm: 1.732051
2026-04-30 11:50:23 | INFO |   effective_rank: 3.000000
2026-04-30 11:50:23 | INFO | Field and interaction diagnostics:
2026-04-30 11:50:23 | INFO |   field_rmse: 0.363917
2026-04-30 11:50:23 | INFO |   interaction_fro_error: 0.959175
2026-04-30 11:50:23 | INFO |   estimated_field_max_abs_entry: 3.082129
2026-04-30 11:50:23 | INFO |   estimated_field_rank: 3.000000
2026-04-30 11:50:23 | INFO |   true_field_max_abs_entry: 3.260394
2026-04-30 11:50:23 | INFO |   true_field_rank: 3.000000
2026-04-30 11:50:23 | INFO | Saved summary table to /orcd/home/002/phevosp/MPLE-Causal-Inference/experiments/SyntheticHybridExperiments/r3_c1_hybrid_us_county_intervention_generated_graph_confounding/fits/alternating_rank_3_uv_5_e2/mple_summary.csv
2026-04-30 11:50:23 | INFO | Log saved to /orcd/home/002/phevosp/MPLE-Causal-Inference/experiments/SyntheticHybridExperiments/r3_c1_hybrid_us_county_intervention_generated_graph_confounding/fits/alternating_rank_3_uv_5_e2/mple.log
