2026-04-01 10:17:11 | INFO | Loading data...
2026-04-01 10:17:11 | INFO | Loaded 1 field templates and 11 interaction templates.
2026-04-01 10:17:11 | INFO | Running conditional-model MPLE on x with shape=(100, 100)
2026-04-01 10:17:11 | INFO | Eval 0  |  Loss: 0.637812
2026-04-01 10:17:11 | INFO |   field::intercept: +0.0126,  beta: -0.0132,  interaction::adjacency: +0.0640,  interaction::distance_kernel::feature_1: +0.0105,  interaction::cross_similarity::feature_1: -0.0536,  interaction::distance_kernel::feature_2: +0.0362,  interaction::cross_similarity::feature_2: +0.1304,  interaction::distance_kernel::feature_3: +0.0947,  interaction::cross_similarity::feature_3: -0.0704,  interaction::distance_kernel::feature_4: -0.1265,  interaction::cross_similarity::feature_4: -0.0623,  interaction::distance_kernel::feature_5: +0.0041,  interaction::cross_similarity::feature_5: -0.2325,  eta: -0.0219,  zeta: -0.1246,  psi: -0.0732
2026-04-01 10:17:11 | INFO | Done fitting.
2026-04-01 10:17:11 | INFO | Optimizer status: CONVERGENCE: RELATIVE REDUCTION OF F <= FACTR*EPSMCH
2026-04-01 10:17:11 | INFO | Final Loss: 0.236994
2026-04-01 10:17:11 | INFO | Estimated vs True Parameters:
2026-04-01 10:17:11 | INFO |   field::intercept: 1.0625 (True: 1.0000)
2026-04-01 10:17:11 | INFO |   field::intercept SQE: 0.003904
2026-04-01 10:17:11 | INFO |   beta: 1.1122 (True: 1.1000)
2026-04-01 10:17:11 | INFO |   beta SQE: 0.000148
2026-04-01 10:17:11 | INFO |   interaction::adjacency: 0.3796 (True: 0.3750)
2026-04-01 10:17:11 | INFO |   interaction::adjacency SQE: 0.000021
2026-04-01 10:17:11 | INFO |   interaction::distance_kernel::feature_1: 0.1895 (True: 0.1200)
2026-04-01 10:17:11 | INFO |   interaction::distance_kernel::feature_1 SQE: 0.004831
2026-04-01 10:17:11 | INFO |   interaction::cross_similarity::feature_1: -0.3930 (True: 0.0600)
2026-04-01 10:17:11 | INFO |   interaction::cross_similarity::feature_1 SQE: 0.205243
2026-04-01 10:17:11 | INFO |   interaction::distance_kernel::feature_2: 0.1380 (True: 0.1200)
2026-04-01 10:17:11 | INFO |   interaction::distance_kernel::feature_2 SQE: 0.000324
2026-04-01 10:17:11 | INFO |   interaction::cross_similarity::feature_2: -0.0909 (True: 0.0600)
2026-04-01 10:17:11 | INFO |   interaction::cross_similarity::feature_2 SQE: 0.022773
2026-04-01 10:17:11 | INFO |   interaction::distance_kernel::feature_3: 0.1946 (True: 0.1200)
2026-04-01 10:17:11 | INFO |   interaction::distance_kernel::feature_3 SQE: 0.005558
2026-04-01 10:17:11 | INFO |   interaction::cross_similarity::feature_3: 0.2392 (True: 0.0600)
2026-04-01 10:17:11 | INFO |   interaction::cross_similarity::feature_3 SQE: 0.032109
2026-04-01 10:17:11 | INFO |   interaction::distance_kernel::feature_4: -0.1171 (True: 0.1200)
2026-04-01 10:17:11 | INFO |   interaction::distance_kernel::feature_4 SQE: 0.056204
2026-04-01 10:17:11 | INFO |   interaction::cross_similarity::feature_4: 0.8229 (True: 0.0600)
2026-04-01 10:17:11 | INFO |   interaction::cross_similarity::feature_4 SQE: 0.582051
2026-04-01 10:17:11 | INFO |   interaction::distance_kernel::feature_5: 0.2602 (True: 0.1950)
2026-04-01 10:17:11 | INFO |   interaction::distance_kernel::feature_5 SQE: 0.004247
2026-04-01 10:17:11 | INFO |   interaction::cross_similarity::feature_5: -0.3524 (True: 0.2100)
2026-04-01 10:17:11 | INFO |   interaction::cross_similarity::feature_5 SQE: 0.316341
2026-04-01 10:17:11 | INFO |   eta: 0.6614 (True: 0.7000)
2026-04-01 10:17:11 | INFO |   eta SQE: 0.001487
2026-04-01 10:17:11 | INFO |   zeta: -1.0147 (True: -1.0000)
2026-04-01 10:17:11 | INFO |   zeta SQE: 0.000215
2026-04-01 10:17:11 | INFO |   psi: 0.4388 (True: 0.4000)
2026-04-01 10:17:11 | INFO |   psi SQE: 0.001504
2026-04-01 10:17:11 | INFO | Saved summary tables to C:\Users\phevo\Documents\MIT\Code\MPLE-Causal-Inference\experiments\n100_t100_low_temp_fro_small_uniform_shared_feature_interactions_20260331_230230\mple_summary.csv and C:\Users\phevo\Documents\MIT\Code\MPLE-Causal-Inference\experiments\n100_t100_low_temp_fro_small_uniform_shared_feature_interactions_20260331_230230\mple_summary.md
2026-04-01 10:17:11 | INFO | Log saved to C:\Users\phevo\Documents\MIT\Code\MPLE-Causal-Inference\experiments\n100_t100_low_temp_fro_small_uniform_shared_feature_interactions_20260331_230230\mple.log
