2026-04-08 11:40:14 | INFO | Loading data...
2026-04-08 11:40:14 | INFO | Loaded 6 field templates and 1 interaction templates.
2026-04-08 11:40:14 | INFO | Intervention-process model enabled: True
2026-04-08 11:40:14 | INFO | Tau zero-mean enabled: False
2026-04-08 11:40:14 | INFO | Tau smoothness lambda: 0.000000
2026-04-08 11:40:14 | INFO | Running conditional-model MPLE on x with shape=(69, 3203)
2026-04-08 11:40:14 | INFO | Eval 0  |  Loss: 0.578435
2026-04-08 11:40:14 | INFO |   field::population_density: +0.0126,  field::senior_population: -0.0132,  field::college_education: +0.0640,  field::poverty_rate: +0.0105,  field::log_population: -0.0536,  field::median_household_income: +0.0362,  tau block: mean=+0.0117, std=0.0982, min=-0.2325, max=+0.1960,  beta: -0.1320,  interaction::contiguity: -0.0662,  eta: +0.0935,  zeta: +0.0049,  psi: +0.2002
2026-04-08 11:40:17 | INFO | Done fitting.
2026-04-08 11:40:17 | INFO | Optimizer status: CONVERGENCE: RELATIVE REDUCTION OF F <= FACTR*EPSMCH
2026-04-08 11:40:17 | INFO | Final Loss: 0.152739
2026-04-08 11:40:17 | INFO | Estimated Parameters:
2026-04-08 11:40:17 | INFO |   field::population_density: -0.4387
2026-04-08 11:40:17 | INFO |   field::senior_population: -0.2247
2026-04-08 11:40:17 | INFO |   field::college_education: -0.2340
2026-04-08 11:40:17 | INFO |   field::poverty_rate: -0.2138
2026-04-08 11:40:17 | INFO |   field::log_population: 0.1438
2026-04-08 11:40:17 | INFO |   field::median_household_income: -0.0764
2026-04-08 11:40:17 | INFO |   tau::t_0: -0.1316
2026-04-08 11:40:17 | INFO |   tau::t_1: -0.1743
2026-04-08 11:40:17 | INFO |   tau::t_2: -0.2116
2026-04-08 11:40:17 | INFO |   tau::t_3: -0.2343
2026-04-08 11:40:17 | INFO |   tau::t_4: -0.3677
2026-04-08 11:40:17 | INFO |   tau::t_5: 0.0027
2026-04-08 11:40:17 | INFO |   tau::t_6: -0.2222
2026-04-08 11:40:17 | INFO |   tau::t_7: -0.0359
2026-04-08 11:40:17 | INFO |   tau::t_8: -0.1026
2026-04-08 11:40:17 | INFO |   tau::t_9: -0.0287
2026-04-08 11:40:17 | INFO |   tau::t_10: -0.1136
2026-04-08 11:40:17 | INFO |   tau::t_11: -0.0235
2026-04-08 11:40:17 | INFO |   tau::t_12: -0.0828
2026-04-08 11:40:17 | INFO |   tau::t_13: -0.2326
2026-04-08 11:40:17 | INFO |   tau::t_14: -0.2339
2026-04-08 11:40:17 | INFO |   tau::t_15: -0.3318
2026-04-08 11:40:17 | INFO |   tau::t_16: -0.3712
2026-04-08 11:40:17 | INFO |   tau::t_17: -0.5449
2026-04-08 11:40:17 | INFO |   tau::t_18: -0.3980
2026-04-08 11:40:17 | INFO |   tau::t_19: -0.7772
2026-04-08 11:40:17 | INFO |   tau::t_20: -0.4926
2026-04-08 11:40:17 | INFO |   tau::t_21: -0.6745
2026-04-08 11:40:17 | INFO |   tau::t_22: -0.5690
2026-04-08 11:40:17 | INFO |   tau::t_23: -0.5671
2026-04-08 11:40:17 | INFO |   tau::t_24: -0.2966
2026-04-08 11:40:17 | INFO |   tau::t_25: -0.1862
2026-04-08 11:40:17 | INFO |   tau::t_26: 0.0595
2026-04-08 11:40:17 | INFO |   tau::t_27: 0.2283
2026-04-08 11:40:17 | INFO |   tau::t_28: 0.2258
2026-04-08 11:40:17 | INFO |   tau::t_29: 0.2572
2026-04-08 11:40:17 | INFO |   tau::t_30: 0.2299
2026-04-08 11:40:17 | INFO |   tau::t_31: 0.2181
2026-04-08 11:40:17 | INFO |   tau::t_32: 0.1937
2026-04-08 11:40:17 | INFO |   tau::t_33: 0.0332
2026-04-08 11:40:17 | INFO |   tau::t_34: 0.1711
2026-04-08 11:40:17 | INFO |   tau::t_35: -0.0682
2026-04-08 11:40:17 | INFO |   tau::t_36: -0.1267
2026-04-08 11:40:17 | INFO |   tau::t_37: -0.1370
2026-04-08 11:40:17 | INFO |   tau::t_38: -0.1803
2026-04-08 11:40:17 | INFO |   tau::t_39: -0.2007
2026-04-08 11:40:17 | INFO |   tau::t_40: -0.0255
2026-04-08 11:40:17 | INFO |   tau::t_41: -0.0509
2026-04-08 11:40:17 | INFO |   tau::t_42: 0.0381
2026-04-08 11:40:17 | INFO |   tau::t_43: 0.0736
2026-04-08 11:40:17 | INFO |   tau::t_44: -0.3174
2026-04-08 11:40:17 | INFO |   tau::t_45: 0.3386
2026-04-08 11:40:17 | INFO |   tau::t_46: -0.0181
2026-04-08 11:40:17 | INFO |   tau::t_47: -0.0531
2026-04-08 11:40:17 | INFO |   tau::t_48: -0.0340
2026-04-08 11:40:17 | INFO |   tau::t_49: 0.4931
2026-04-08 11:40:17 | INFO |   tau::t_50: 0.8238
2026-04-08 11:40:17 | INFO |   tau::t_51: 0.8884
2026-04-08 11:40:17 | INFO |   tau::t_52: 1.2098
2026-04-08 11:40:17 | INFO |   tau::t_53: 1.1999
2026-04-08 11:40:17 | INFO |   tau::t_54: 0.3490
2026-04-08 11:40:17 | INFO |   tau::t_55: -0.2149
2026-04-08 11:40:17 | INFO |   tau::t_56: -0.3597
2026-04-08 11:40:17 | INFO |   tau::t_57: -0.4141
2026-04-08 11:40:17 | INFO |   tau::t_58: -0.2175
2026-04-08 11:40:17 | INFO |   tau::t_59: -0.2290
2026-04-08 11:40:17 | INFO |   tau::t_60: -0.2368
2026-04-08 11:40:17 | INFO |   tau::t_61: -0.3578
2026-04-08 11:40:17 | INFO |   tau::t_62: -0.4052
2026-04-08 11:40:17 | INFO |   tau::t_63: -0.3468
2026-04-08 11:40:17 | INFO |   tau::t_64: -0.1919
2026-04-08 11:40:17 | INFO |   tau::t_65: -0.0719
2026-04-08 11:40:17 | INFO |   tau::t_66: -0.1446
2026-04-08 11:40:17 | INFO |   tau::t_67: 0.0060
2026-04-08 11:40:17 | INFO |   tau::t_68: -0.0086
2026-04-08 11:40:17 | INFO |   beta: -0.0075
2026-04-08 11:40:17 | INFO |   interaction::contiguity: 2.6119
2026-04-08 11:40:17 | INFO |   eta: 0.5425
2026-04-08 11:40:17 | INFO |   zeta: -0.5389
2026-04-08 11:40:17 | INFO |   psi: 2.2827
2026-04-08 11:40:17 | INFO | Saved summary tables to C:\Users\phevo\Documents\MIT\Code\MPLE-Causal-Inference\experiments\USCountyVaccination_US_features_new\outcome_case_rate_100k_ge_200__intervention_complete_cov_ge_10__lag_1w__contiguity\mple_summary.csv and C:\Users\phevo\Documents\MIT\Code\MPLE-Causal-Inference\experiments\USCountyVaccination_US_features_new\outcome_case_rate_100k_ge_200__intervention_complete_cov_ge_10__lag_1w__contiguity\mple_summary.md
2026-04-08 11:40:17 | INFO | Log saved to C:\Users\phevo\Documents\MIT\Code\MPLE-Causal-Inference\experiments\USCountyVaccination_US_features_new\outcome_case_rate_100k_ge_200__intervention_complete_cov_ge_10__lag_1w__contiguity\mple.log
