2026-05-01 20:49:30 | INFO | Loading data...
2026-05-01 20:49:30 | INFO | Using panel artifact: /orcd/home/002/phevosp/MPLE-Causal-Inference/experiments/SyntheticHybridExperimentsFinal/confounding_weak/panel_data.npz
2026-05-01 20:49:30 | INFO | Using x_0 artifact: /orcd/home/002/phevosp/MPLE-Causal-Inference/experiments/SyntheticHybridExperimentsFinal/confounding_weak/x_0.npy
2026-05-01 20:49:30 | INFO | Using fit config: /orcd/home/002/phevosp/MPLE-Causal-Inference/experiments/SyntheticHybridExperimentsFinal/confounding_weak/cv_runs/alternating_uv_grid/candidates/alternating_uv_grid_candidate_0005/fold_7/fit_realized_config.yaml
2026-05-01 20:49:30 | INFO | Using model artifact directory: /orcd/home/002/phevosp/MPLE-Causal-Inference/experiments/SyntheticHybridExperimentsFinal/confounding_weak
2026-05-01 20:49:30 | INFO | Using truth artifact directory: /orcd/home/002/phevosp/MPLE-Causal-Inference/experiments/SyntheticHybridExperimentsFinal/confounding_weak
2026-05-01 20:49:30 | INFO | Using loss mask artifact: /orcd/home/002/phevosp/MPLE-Causal-Inference/experiments/SyntheticHybridExperimentsFinal/confounding_weak/cv_runs/alternating_uv_grid/candidates/alternating_uv_grid_candidate_0005/fold_7/loss_mask.npy
2026-05-01 20:49:30 | INFO | Configured optimizer mode: alternating_latent_rank
2026-05-01 20:49:30 | INFO | Configured latent rank: 3
2026-05-01 20:49:30 | INFO | Using a fixed known graph with scalar xi.
2026-05-01 20:49:30 | INFO | Fit-time hard bounds active: False
2026-05-01 20:49:30 | INFO | Fixed scalar parameters: {}
2026-05-01 20:49:30 | INFO | Warm-start fixed scalars: {} for 0 steps
2026-05-01 20:49:30 | INFO | Beta mask before s: False with s=0
2026-05-01 20:49:30 | INFO | Beta mask after e: False with e=11
2026-05-01 20:49:30 | INFO | Alternating V-column L2-ball constraint active with radius 1.0
2026-05-01 20:49:30 | INFO | Optimizer settings: steps=2000, tol=1e-07, n_starts=1, seed=0, lambda_nuclear=0.0, lambda_frobenius=0.0, lambda_uv_ridge=0.1, v_column_l2_max=1.0, proximal_lr=1.0
2026-05-01 20:49:30 | INFO | Alternating low-rank start 1/1 | seed=0 | initial_loss=0.837467 | initial_penalized=0.837494
2026-05-01 20:49:30 | INFO | Alternating low-rank iter 0 | Loss: 0.599823 | Penalized: 0.606290
2026-05-01 20:49:31 | INFO | Alternating low-rank iter 100 | Loss: 0.547296 | Penalized: 0.562669
2026-05-01 20:49:32 | INFO | Alternating low-rank iter 200 | Loss: 0.545934 | Penalized: 0.561356
2026-05-01 20:49:34 | INFO | Alternating low-rank iter 300 | Loss: 0.545235 | Penalized: 0.560886
2026-05-01 20:49:35 | INFO | Done fitting.
2026-05-01 20:49:35 | INFO | Optimizer status: CONVERGED: alternating objective tolerance reached
2026-05-01 20:49:35 | INFO | Best optimizer start: 1 / 1
2026-05-01 20:49:35 | INFO | Final Loss: 0.545203
2026-05-01 20:49:35 | INFO | Estimated vs True Parameters:
2026-05-01 20:49:35 | INFO |   beta: -0.3156 (True: -0.3000) | SQE: 0.000243
2026-05-01 20:49:35 | INFO |   xi: 0.9384 (True: 0.8000) | SQE: 0.019147
2026-05-01 20:49:35 | INFO |   eta: 0.3289 (True: 0.3000) | SQE: 0.000834
2026-05-01 20:49:35 | INFO | Alternating low-rank optimizer diagnostics:
2026-05-01 20:49:35 | INFO |   penalized_objective: 0.560871
2026-05-01 20:49:35 | INFO |   mple_loss_without_penalty: 0.545203
2026-05-01 20:49:35 | INFO |   lambda_uv_ridge: 0.100000
2026-05-01 20:49:35 | INFO |   u_frobenius_norm: 51.963134
2026-05-01 20:49:35 | INFO |   v_frobenius_norm: 1.732051
2026-05-01 20:49:35 | INFO |   effective_rank: 3.000000
2026-05-01 20:49:35 | INFO | Field and interaction diagnostics:
2026-05-01 20:49:35 | INFO |   field_rmse: 0.324391
2026-05-01 20:49:35 | INFO |   interaction_fro_error: 0.490219
2026-05-01 20:49:35 | INFO |   estimated_field_max_abs_entry: 1.656179
2026-05-01 20:49:35 | INFO |   estimated_field_rank: 3.000000
2026-05-01 20:49:35 | INFO |   true_field_max_abs_entry: 1.115066
2026-05-01 20:49:35 | INFO |   true_field_rank: 3.000000
2026-05-01 20:49:35 | INFO | Saved summary table to /orcd/home/002/phevosp/MPLE-Causal-Inference/experiments/SyntheticHybridExperimentsFinal/confounding_weak/cv_runs/alternating_uv_grid/candidates/alternating_uv_grid_candidate_0005/fold_7/mple_summary.csv
2026-05-01 20:49:35 | INFO | Log saved to /orcd/home/002/phevosp/MPLE-Causal-Inference/experiments/SyntheticHybridExperimentsFinal/confounding_weak/cv_runs/alternating_uv_grid/candidates/alternating_uv_grid_candidate_0005/fold_7/mple.log
