2026-07-26 06:11:00 | INFO | Loading data...
2026-07-26 06:11:00 | INFO | Using panel artifact: /orcd/home/002/phevosp/MPLE-Causal-Inference/experiments/Synthetic/confounding_strong/panel_data.npz
2026-07-26 06:11:00 | INFO | Using x_0 artifact: /orcd/home/002/phevosp/MPLE-Causal-Inference/experiments/Synthetic/confounding_strong/x_0.npy
2026-07-26 06:11:00 | INFO | Using fit config: /orcd/home/002/phevosp/MPLE-Causal-Inference/experiments/Synthetic/confounding_strong/cv_runs_baselines/treatment_shared_unit/candidates/treatment_shared_unit_candidate_0014/fold_4/fit_realized_config.yaml
2026-07-26 06:11:00 | INFO | Using model artifact directory: /orcd/home/002/phevosp/MPLE-Causal-Inference/experiments/Synthetic/confounding_strong
2026-07-26 06:11:00 | INFO | Using truth artifact directory: /orcd/home/002/phevosp/MPLE-Causal-Inference/experiments/Synthetic/confounding_strong
2026-07-26 06:11:00 | INFO | Using loss mask artifact: /orcd/home/002/phevosp/MPLE-Causal-Inference/experiments/Synthetic/confounding_strong/cv_runs_baselines/treatment_shared_unit/candidates/treatment_shared_unit_candidate_0014/fold_4/loss_mask.npy
2026-07-26 06:11:01 | INFO | Configured optimizer mode: alternating_treatment_shared_unit_latent_rank
2026-07-26 06:11:01 | INFO | Configured latent rank: 5
2026-07-26 06:11:01 | INFO | Using a fixed known graph with scalar xi.
2026-07-26 06:11:01 | INFO | Fit-time hard bounds active: False
2026-07-26 06:11:01 | INFO | Fixed scalar parameters: {'beta': 0.0, 'xi': 0.0, 'eta': 0.0}
2026-07-26 06:11:01 | INFO | Warm-start fixed scalars: {} for 0 steps
2026-07-26 06:11:01 | INFO | Beta-gradient mask before s: False with s=0
2026-07-26 06:11:01 | INFO | Beta-gradient mask after e: False with e=11
2026-07-26 06:11:01 | INFO | Alternating V-column L2-ball constraint active with radius 1.0
2026-07-26 06:11:01 | INFO | Optimizer settings: steps=2000, tol=1e-07, n_starts=1, seed=0, lambda_nuclear=0.0, lambda_frobenius=0.0, lambda_uv_ridge=0.005, v_column_l2_max=1.0, proximal_lr=1.0
2026-07-26 06:11:01 | INFO | Treatment-shared-unit alternating low-rank start 1/1 | seed=0 | initial_loss=0.692993 | initial_penalized=0.692996
2026-07-26 06:11:01 | INFO | Treatment-shared-unit alternating low-rank iter 0 | Loss: 0.678048 | Penalized: 0.678069
2026-07-26 06:11:03 | INFO | Treatment-shared-unit alternating low-rank iter 100 | Loss: 0.415799 | Penalized: 0.439102
2026-07-26 06:11:05 | INFO | Treatment-shared-unit alternating low-rank iter 200 | Loss: 0.414040 | Penalized: 0.438033
2026-07-26 06:11:08 | INFO | Treatment-shared-unit alternating low-rank iter 300 | Loss: 0.414053 | Penalized: 0.437959
2026-07-26 06:11:10 | INFO | Treatment-shared-unit alternating low-rank iter 400 | Loss: 0.414060 | Penalized: 0.437908
2026-07-26 06:11:12 | INFO | Treatment-shared-unit alternating low-rank iter 500 | Loss: 0.413939 | Penalized: 0.437776
2026-07-26 06:11:14 | INFO | Treatment-shared-unit alternating low-rank iter 600 | Loss: 0.413554 | Penalized: 0.437505
2026-07-26 06:11:16 | INFO | Treatment-shared-unit alternating low-rank iter 700 | Loss: 0.413269 | Penalized: 0.437337
2026-07-26 06:11:18 | INFO | Treatment-shared-unit alternating low-rank iter 800 | Loss: 0.413226 | Penalized: 0.437307
2026-07-26 06:11:21 | INFO | Treatment-shared-unit alternating low-rank iter 900 | Loss: 0.413241 | Penalized: 0.437308
2026-07-26 06:11:23 | INFO | Treatment-shared-unit alternating low-rank iter 1000 | Loss: 0.413254 | Penalized: 0.437309
2026-07-26 06:11:25 | INFO | Treatment-shared-unit alternating low-rank iter 1100 | Loss: 0.413262 | Penalized: 0.437310
2026-07-26 06:11:27 | INFO | Treatment-shared-unit alternating low-rank iter 1200 | Loss: 0.413267 | Penalized: 0.437310
2026-07-26 06:11:29 | INFO | Treatment-shared-unit alternating low-rank iter 1300 | Loss: 0.413270 | Penalized: 0.437310
2026-07-26 06:11:32 | INFO | Treatment-shared-unit alternating low-rank iter 1400 | Loss: 0.413271 | Penalized: 0.437310
2026-07-26 06:11:34 | INFO | Treatment-shared-unit alternating low-rank iter 1500 | Loss: 0.413273 | Penalized: 0.437310
2026-07-26 06:11:36 | INFO | Treatment-shared-unit alternating low-rank iter 1600 | Loss: 0.413273 | Penalized: 0.437310
2026-07-26 06:11:38 | INFO | Treatment-shared-unit alternating low-rank iter 1700 | Loss: 0.413274 | Penalized: 0.437309
2026-07-26 06:11:40 | INFO | Treatment-shared-unit alternating low-rank iter 1800 | Loss: 0.413274 | Penalized: 0.437309
2026-07-26 06:11:42 | INFO | Treatment-shared-unit alternating low-rank iter 1900 | Loss: 0.413274 | Penalized: 0.437309
2026-07-26 06:11:45 | INFO | Done fitting.
2026-07-26 06:11:45 | INFO | Optimizer status: STOP: TOTAL NO. OF OUTER ITERATIONS REACHED LIMIT
2026-07-26 06:11:45 | INFO | Best optimizer start: 1 / 1
2026-07-26 06:11:45 | INFO | Final Loss: 0.413261
2026-07-26 06:11:45 | INFO | Estimated vs True Parameters:
2026-07-26 06:11:45 | INFO |   beta: 0.0000 (True: -0.3000) | SQE: 0.090000
2026-07-26 06:11:45 | INFO |   xi: 0.0000 (True: 0.8000) | SQE: 0.640000
2026-07-26 06:11:45 | INFO |   eta: 0.0000 (True: 0.3000) | SQE: 0.090000
2026-07-26 06:11:45 | INFO | Treatment-shared-unit alternating low-rank optimizer diagnostics:
2026-07-26 06:11:45 | INFO |   penalized_objective: 0.437295
2026-07-26 06:11:45 | INFO |   mple_loss_without_penalty: 0.413261
2026-07-26 06:11:45 | INFO |   lambda_uv_ridge: 0.005000
2026-07-26 06:11:45 | INFO |   u_frobenius_norm: 2.236068
2026-07-26 06:11:45 | INFO |   v_frobenius_norm: 268.756351
2026-07-26 06:11:45 | INFO |   effective_rank: 50.000000
2026-07-26 06:11:45 | INFO | Field and interaction diagnostics:
2026-07-26 06:11:45 | INFO |   field_rmse: 0.947373
2026-07-26 06:11:45 | INFO |   interaction_fro_error: 2.834194
2026-07-26 06:11:45 | INFO |   estimated_field_max_abs_entry: 5.641274
2026-07-26 06:11:45 | INFO |   estimated_field_rank: 50.000000
2026-07-26 06:11:45 | INFO |   true_field_max_abs_entry: 4.447602
2026-07-26 06:11:45 | INFO |   true_field_rank: 3.000000
2026-07-26 06:11:45 | INFO | Saved summary table to /orcd/home/002/phevosp/MPLE-Causal-Inference/experiments/Synthetic/confounding_strong/cv_runs_baselines/treatment_shared_unit/candidates/treatment_shared_unit_candidate_0014/fold_4/mple_summary.csv
2026-07-26 06:11:45 | INFO | Log saved to /orcd/home/002/phevosp/MPLE-Causal-Inference/experiments/Synthetic/confounding_strong/cv_runs_baselines/treatment_shared_unit/candidates/treatment_shared_unit_candidate_0014/fold_4/mple.log
