2026-04-07 13:27:01 | INFO | Loading data...
2026-04-07 13:27:01 | INFO | Loaded 6 field templates and 1 interaction templates.
2026-04-07 13:27:01 | INFO | Intervention-process model enabled: True
2026-04-07 13:27:01 | INFO | Tau zero-mean enabled: False
2026-04-07 13:27:01 | INFO | Tau smoothness lambda: 0.000000
2026-04-07 13:27:01 | INFO | Running conditional-model MPLE on x with shape=(68, 3203)
2026-04-07 13:27:01 | INFO | Eval 0  |  Loss: 0.760868
2026-04-07 13:27:01 | INFO |   field::log_population: +0.0126,  field::median_household_income: -0.0132,  field::poverty_rate: +0.0640,  field::pct_black: +0.0105,  field::pct_hispanic: -0.0536,  field::pct_in_labor_force: +0.0362,  tau block: mean=+0.0092, std=0.0967, min=-0.2325, max=+0.1960,  beta: +0.1822,  interaction::contiguity: -0.1320,  eta: -0.0662,  zeta: +0.0935,  psi: +0.0049
2026-04-07 13:27:06 | INFO | Done fitting.
2026-04-07 13:27:06 | INFO | Optimizer status: CONVERGENCE: RELATIVE REDUCTION OF F <= FACTR*EPSMCH
2026-04-07 13:27:06 | INFO | Final Loss: 0.153615
2026-04-07 13:27:06 | INFO | Estimated Parameters:
2026-04-07 13:27:06 | INFO |   field::log_population: 0.3234
2026-04-07 13:27:06 | INFO |   field::median_household_income: -0.2365
2026-04-07 13:27:06 | INFO |   field::poverty_rate: -0.0488
2026-04-07 13:27:06 | INFO |   field::pct_black: -0.1553
2026-04-07 13:27:06 | INFO |   field::pct_hispanic: -0.1412
2026-04-07 13:27:06 | INFO |   field::pct_in_labor_force: 0.0958
2026-04-07 13:27:06 | INFO |   tau::t_0: 0.2041
2026-04-07 13:27:06 | INFO |   tau::t_1: 0.1351
2026-04-07 13:27:06 | INFO |   tau::t_2: 0.0331
2026-04-07 13:27:06 | INFO |   tau::t_3: -0.0929
2026-04-07 13:27:06 | INFO |   tau::t_4: 0.1868
2026-04-07 13:27:06 | INFO |   tau::t_5: -0.0133
2026-04-07 13:27:06 | INFO |   tau::t_6: 0.1170
2026-04-07 13:27:06 | INFO |   tau::t_7: 0.1202
2026-04-07 13:27:06 | INFO |   tau::t_8: 0.2092
2026-04-07 13:27:06 | INFO |   tau::t_9: 0.1243
2026-04-07 13:27:06 | INFO |   tau::t_10: 0.2559
2026-04-07 13:27:06 | INFO |   tau::t_11: 0.1830
2026-04-07 13:27:06 | INFO |   tau::t_12: 0.0864
2026-04-07 13:27:06 | INFO |   tau::t_13: 0.1262
2026-04-07 13:27:06 | INFO |   tau::t_14: 0.0355
2026-04-07 13:27:06 | INFO |   tau::t_15: -0.0314
2026-04-07 13:27:06 | INFO |   tau::t_16: -0.0582
2026-04-07 13:27:06 | INFO |   tau::t_17: -0.0142
2026-04-07 13:27:06 | INFO |   tau::t_18: -0.2130
2026-04-07 13:27:06 | INFO |   tau::t_19: -0.0198
2026-04-07 13:27:06 | INFO |   tau::t_20: -0.2022
2026-04-07 13:27:06 | INFO |   tau::t_21: -0.1477
2026-04-07 13:27:06 | INFO |   tau::t_22: -0.0927
2026-04-07 13:27:06 | INFO |   tau::t_23: 0.1034
2026-04-07 13:27:06 | INFO |   tau::t_24: 0.2134
2026-04-07 13:27:06 | INFO |   tau::t_25: 0.3705
2026-04-07 13:27:06 | INFO |   tau::t_26: 0.4301
2026-04-07 13:27:06 | INFO |   tau::t_27: 0.4696
2026-04-07 13:27:06 | INFO |   tau::t_28: 0.5236
2026-04-07 13:27:06 | INFO |   tau::t_29: 0.4424
2026-04-07 13:27:06 | INFO |   tau::t_30: 0.5467
2026-04-07 13:27:06 | INFO |   tau::t_31: 0.5366
2026-04-07 13:27:06 | INFO |   tau::t_32: 0.4241
2026-04-07 13:27:06 | INFO |   tau::t_33: 0.5806
2026-04-07 13:27:06 | INFO |   tau::t_34: 0.5288
2026-04-07 13:27:06 | INFO |   tau::t_35: 0.3481
2026-04-07 13:27:06 | INFO |   tau::t_36: 0.2316
2026-04-07 13:27:06 | INFO |   tau::t_37: 0.1003
2026-04-07 13:27:06 | INFO |   tau::t_38: 0.1423
2026-04-07 13:27:06 | INFO |   tau::t_39: 0.1008
2026-04-07 13:27:06 | INFO |   tau::t_40: 0.1442
2026-04-07 13:27:06 | INFO |   tau::t_41: 0.2324
2026-04-07 13:27:06 | INFO |   tau::t_42: 0.2748
2026-04-07 13:27:06 | INFO |   tau::t_43: -0.0591
2026-04-07 13:27:06 | INFO |   tau::t_44: 0.6000
2026-04-07 13:27:06 | INFO |   tau::t_45: 0.2809
2026-04-07 13:27:06 | INFO |   tau::t_46: 0.2521
2026-04-07 13:27:06 | INFO |   tau::t_47: 0.2852
2026-04-07 13:27:06 | INFO |   tau::t_48: 0.7535
2026-04-07 13:27:06 | INFO |   tau::t_49: 1.2874
2026-04-07 13:27:06 | INFO |   tau::t_50: 1.3438
2026-04-07 13:27:06 | INFO |   tau::t_51: 2.0694
2026-04-07 13:27:06 | INFO |   tau::t_52: 2.0727
2026-04-07 13:27:06 | INFO |   tau::t_53: 1.2410
2026-04-07 13:27:06 | INFO |   tau::t_54: 0.5179
2026-04-07 13:27:06 | INFO |   tau::t_55: 0.0979
2026-04-07 13:27:06 | INFO |   tau::t_56: -0.1745
2026-04-07 13:27:06 | INFO |   tau::t_57: -0.1181
2026-04-07 13:27:06 | INFO |   tau::t_58: -0.0942
2026-04-07 13:27:06 | INFO |   tau::t_59: -0.0242
2026-04-07 13:27:06 | INFO |   tau::t_60: 0.0042
2026-04-07 13:27:06 | INFO |   tau::t_61: -0.0457
2026-04-07 13:27:06 | INFO |   tau::t_62: 0.0524
2026-04-07 13:27:06 | INFO |   tau::t_63: 0.0326
2026-04-07 13:27:06 | INFO |   tau::t_64: 0.2378
2026-04-07 13:27:06 | INFO |   tau::t_65: 0.1670
2026-04-07 13:27:06 | INFO |   tau::t_66: 0.2530
2026-04-07 13:27:06 | INFO |   tau::t_67: 0.2726
2026-04-07 13:27:06 | INFO |   beta: 0.1521
2026-04-07 13:27:06 | INFO |   interaction::contiguity: 2.4546
2026-04-07 13:27:06 | INFO |   eta: 0.5062
2026-04-07 13:27:06 | INFO |   zeta: 0.0652
2026-04-07 13:27:06 | INFO |   psi: 3.7178
2026-04-07 13:27:06 | INFO | Saved summary tables to C:\Users\phevo\Documents\MIT\Code\MPLE-Causal-Inference\experiments\USCountyVaccination_US\USCountyVaccination_US_tau_unrestricted\outcome_case_rate_100k_ge_100__intervention_complete_cov_ge_80__lag_2w__contiguity\mple_summary.csv and C:\Users\phevo\Documents\MIT\Code\MPLE-Causal-Inference\experiments\USCountyVaccination_US\USCountyVaccination_US_tau_unrestricted\outcome_case_rate_100k_ge_100__intervention_complete_cov_ge_80__lag_2w__contiguity\mple_summary.md
2026-04-07 13:27:06 | INFO | Log saved to C:\Users\phevo\Documents\MIT\Code\MPLE-Causal-Inference\experiments\USCountyVaccination_US\USCountyVaccination_US_tau_unrestricted\outcome_case_rate_100k_ge_100__intervention_complete_cov_ge_80__lag_2w__contiguity\mple.log
