2026-04-07 11:56:48 | INFO | Loading data...
2026-04-07 11:56:48 | INFO | Loaded 6 field templates and 1 interaction templates.
2026-04-07 11:56:48 | INFO | Intervention-process model enabled: True
2026-04-07 11:56:48 | INFO | Tau zero-mean enabled: True
2026-04-07 11:56:48 | INFO | Tau smoothness lambda: 1.000000
2026-04-07 11:56:48 | INFO | Running conditional-model MPLE on x with shape=(70, 3135)
2026-04-07 11:56:48 | INFO | Eval 0  |  Loss: 0.694781
2026-04-07 11:56:48 | INFO |   field::log_population: +0.0126,  field::median_household_income: -0.0132,  field::poverty_rate: +0.0640,  field::pct_black: +0.0105,  field::pct_hispanic: -0.0536,  field::pct_in_labor_force: +0.0362,  tau block: mean=-0.0000, std=0.0990, min=-0.2421, max=+0.1864,  beta: -0.0662,  interaction::contiguity: +0.0935,  eta: +0.0049,  zeta: +0.2002,  psi: +0.0189
2026-04-07 11:56:50 | INFO | Done fitting.
2026-04-07 11:56:50 | INFO | Optimizer status: CONVERGENCE: RELATIVE REDUCTION OF F <= FACTR*EPSMCH
2026-04-07 11:56:50 | INFO | Final Loss: 0.288863
2026-04-07 11:56:50 | INFO | Estimated Parameters:
2026-04-07 11:56:50 | INFO |   field::log_population: 0.9658
2026-04-07 11:56:50 | INFO |   field::median_household_income: -1.1440
2026-04-07 11:56:50 | INFO |   field::poverty_rate: -0.5843
2026-04-07 11:56:50 | INFO |   field::pct_black: -0.1205
2026-04-07 11:56:50 | INFO |   field::pct_hispanic: -0.3452
2026-04-07 11:56:50 | INFO |   field::pct_in_labor_force: 0.0115
2026-04-07 11:56:50 | INFO |   tau::t_0: 0.0595
2026-04-07 11:56:50 | INFO |   tau::t_1: 0.0427
2026-04-07 11:56:50 | INFO |   tau::t_2: 0.0311
2026-04-07 11:56:50 | INFO |   tau::t_3: 0.0247
2026-04-07 11:56:50 | INFO |   tau::t_4: -0.0433
2026-04-07 11:56:50 | INFO |   tau::t_5: -0.1463
2026-04-07 11:56:50 | INFO |   tau::t_6: -0.0710
2026-04-07 11:56:50 | INFO |   tau::t_7: -0.1218
2026-04-07 11:56:50 | INFO |   tau::t_8: -0.1839
2026-04-07 11:56:50 | INFO |   tau::t_9: -0.2334
2026-04-07 11:56:50 | INFO |   tau::t_10: -0.2166
2026-04-07 11:56:50 | INFO |   tau::t_11: -0.2172
2026-04-07 11:56:50 | INFO |   tau::t_12: -0.1676
2026-04-07 11:56:50 | INFO |   tau::t_13: -0.1337
2026-04-07 11:56:50 | INFO |   tau::t_14: -0.1777
2026-04-07 11:56:50 | INFO |   tau::t_15: -0.1751
2026-04-07 11:56:50 | INFO |   tau::t_16: -0.1591
2026-04-07 11:56:50 | INFO |   tau::t_17: -0.1776
2026-04-07 11:56:50 | INFO |   tau::t_18: -0.1802
2026-04-07 11:56:50 | INFO |   tau::t_19: -0.1045
2026-04-07 11:56:50 | INFO |   tau::t_20: -0.2458
2026-04-07 11:56:50 | INFO |   tau::t_21: -0.2005
2026-04-07 11:56:50 | INFO |   tau::t_22: -0.3062
2026-04-07 11:56:50 | INFO |   tau::t_23: -0.2989
2026-04-07 11:56:50 | INFO |   tau::t_24: -0.3127
2026-04-07 11:56:50 | INFO |   tau::t_25: -0.3659
2026-04-07 11:56:50 | INFO |   tau::t_26: -0.2737
2026-04-07 11:56:50 | INFO |   tau::t_27: -0.2642
2026-04-07 11:56:50 | INFO |   tau::t_28: -0.2219
2026-04-07 11:56:50 | INFO |   tau::t_29: -0.1093
2026-04-07 11:56:50 | INFO |   tau::t_30: -0.0360
2026-04-07 11:56:50 | INFO |   tau::t_31: 0.0265
2026-04-07 11:56:50 | INFO |   tau::t_32: 0.0747
2026-04-07 11:56:50 | INFO |   tau::t_33: 0.0894
2026-04-07 11:56:50 | INFO |   tau::t_34: 0.1199
2026-04-07 11:56:50 | INFO |   tau::t_35: 0.2266
2026-04-07 11:56:50 | INFO |   tau::t_36: 0.2255
2026-04-07 11:56:50 | INFO |   tau::t_37: 0.2328
2026-04-07 11:56:50 | INFO |   tau::t_38: 0.1886
2026-04-07 11:56:50 | INFO |   tau::t_39: 0.1820
2026-04-07 11:56:50 | INFO |   tau::t_40: 0.2186
2026-04-07 11:56:50 | INFO |   tau::t_41: 0.1980
2026-04-07 11:56:50 | INFO |   tau::t_42: 0.1313
2026-04-07 11:56:50 | INFO |   tau::t_43: 0.1326
2026-04-07 11:56:50 | INFO |   tau::t_44: 0.1534
2026-04-07 11:56:50 | INFO |   tau::t_45: -0.0063
2026-04-07 11:56:50 | INFO |   tau::t_46: 0.2406
2026-04-07 11:56:50 | INFO |   tau::t_47: 0.1620
2026-04-07 11:56:50 | INFO |   tau::t_48: 0.1536
2026-04-07 11:56:50 | INFO |   tau::t_49: 0.1121
2026-04-07 11:56:50 | INFO |   tau::t_50: 0.1414
2026-04-07 11:56:50 | INFO |   tau::t_51: 0.2202
2026-04-07 11:56:50 | INFO |   tau::t_52: 0.2097
2026-04-07 11:56:50 | INFO |   tau::t_53: 0.2429
2026-04-07 11:56:50 | INFO |   tau::t_54: 0.3069
2026-04-07 11:56:50 | INFO |   tau::t_55: 0.3483
2026-04-07 11:56:50 | INFO |   tau::t_56: 0.3382
2026-04-07 11:56:50 | INFO |   tau::t_57: 0.3081
2026-04-07 11:56:50 | INFO |   tau::t_58: 0.2394
2026-04-07 11:56:50 | INFO |   tau::t_59: 0.1976
2026-04-07 11:56:50 | INFO |   tau::t_60: 0.1181
2026-04-07 11:56:50 | INFO |   tau::t_61: 0.1169
2026-04-07 11:56:50 | INFO |   tau::t_62: 0.0377
2026-04-07 11:56:50 | INFO |   tau::t_63: -0.0130
2026-04-07 11:56:50 | INFO |   tau::t_64: -0.0845
2026-04-07 11:56:50 | INFO |   tau::t_65: -0.0616
2026-04-07 11:56:50 | INFO |   tau::t_66: -0.1493
2026-04-07 11:56:50 | INFO |   tau::t_67: -0.1394
2026-04-07 11:56:50 | INFO |   tau::t_68: -0.0270
2026-04-07 11:56:50 | INFO |   tau::t_69: -0.2263
2026-04-07 11:56:50 | INFO |   beta: -0.1419
2026-04-07 11:56:50 | INFO |   interaction::contiguity: 1.5340
2026-04-07 11:56:50 | INFO |   eta: 0.2414
2026-04-07 11:56:50 | INFO |   zeta: -0.2682
2026-04-07 11:56:50 | INFO |   psi: 2.1187
2026-04-07 11:56:50 | INFO | Saved summary tables to C:\Users\phevo\Documents\MIT\Code\MPLE-Causal-Inference\experiments\USCountyVaccination_US_tau_zero_mean_smooth\outcome_death_rate_100k_ge_2__intervention_partial_cov_ge_30__lag_0w__contiguity\mple_summary.csv and C:\Users\phevo\Documents\MIT\Code\MPLE-Causal-Inference\experiments\USCountyVaccination_US_tau_zero_mean_smooth\outcome_death_rate_100k_ge_2__intervention_partial_cov_ge_30__lag_0w__contiguity\mple_summary.md
2026-04-07 11:56:50 | INFO | Log saved to C:\Users\phevo\Documents\MIT\Code\MPLE-Causal-Inference\experiments\USCountyVaccination_US_tau_zero_mean_smooth\outcome_death_rate_100k_ge_2__intervention_partial_cov_ge_30__lag_0w__contiguity\mple.log
