2026-06-08 18:57:57 | INFO | Loading data...
2026-06-08 18:57:57 | INFO | Using panel artifact: /orcd/home/002/phevosp/MPLE-Causal-Inference/experiments/Hybrid/partial_confounding/panel_data.npz
2026-06-08 18:57:57 | INFO | Using x_0 artifact: /orcd/home/002/phevosp/MPLE-Causal-Inference/experiments/Hybrid/partial_confounding/x_0.npy
2026-06-08 18:57:57 | INFO | Using fit config: /orcd/home/002/phevosp/MPLE-Causal-Inference/experiments/Hybrid/partial_confounding/cv_runs/xi_zero/candidates/xi_zero_candidate_0004/fold_7/fit_realized_config.yaml
2026-06-08 18:57:57 | INFO | Using model artifact directory: /orcd/home/002/phevosp/MPLE-Causal-Inference/experiments/Hybrid/partial_confounding
2026-06-08 18:57:57 | INFO | Using truth artifact directory: /orcd/home/002/phevosp/MPLE-Causal-Inference/experiments/Hybrid/partial_confounding
2026-06-08 18:57:57 | INFO | Using loss mask artifact: /orcd/home/002/phevosp/MPLE-Causal-Inference/experiments/Hybrid/partial_confounding/cv_runs/xi_zero/candidates/xi_zero_candidate_0004/fold_7/loss_mask.npy
2026-06-08 18:57:57 | INFO | Configured optimizer mode: alternating_latent_rank
2026-06-08 18:57:57 | INFO | Configured latent rank: 5
2026-06-08 18:57:57 | INFO | Using a fixed known graph with scalar xi.
2026-06-08 18:57:57 | INFO | Fit-time hard bounds active: False
2026-06-08 18:57:57 | INFO | Fixed scalar parameters: {'xi': 0.0}
2026-06-08 18:57:57 | INFO | Warm-start fixed scalars: {} for 0 steps
2026-06-08 18:57:57 | INFO | Beta mask before s: True with s=50
2026-06-08 18:57:57 | INFO | Beta mask after e: True with e=115
2026-06-08 18:57:57 | INFO | Alternating V-column L2-ball constraint active with radius 1.0
2026-06-08 18:57:57 | INFO | Optimizer settings: steps=2000, tol=1e-07, n_starts=1, seed=0, lambda_nuclear=0.0, lambda_frobenius=0.0, lambda_uv_ridge=0.05, v_column_l2_max=1.0, proximal_lr=1.0
2026-06-08 18:57:57 | INFO | Alternating low-rank start 1/1 | seed=0 | initial_loss=0.754030 | initial_penalized=0.754032
2026-06-08 18:57:57 | INFO | Alternating low-rank iter 0 | Loss: 0.585841 | Penalized: 0.589418
2026-06-08 18:58:09 | INFO | Alternating low-rank iter 100 | Loss: 0.554188 | Penalized: 0.564204
2026-06-08 18:58:12 | INFO | Done fitting.
2026-06-08 18:58:12 | INFO | Optimizer status: CONVERGED: alternating objective tolerance reached
2026-06-08 18:58:12 | INFO | Best optimizer start: 1 / 1
2026-06-08 18:58:12 | INFO | Final Loss: 0.554188
2026-06-08 18:58:12 | INFO | Estimated vs True Parameters:
2026-06-08 18:58:12 | INFO |   beta: -0.3301 (True: -0.3000) | SQE: 0.000905
2026-06-08 18:58:12 | INFO |   xi: 0.0000 (True: 0.8000) | SQE: 0.640000
2026-06-08 18:58:12 | INFO |   eta: 0.3079 (True: 0.3000) | SQE: 0.000062
2026-06-08 18:58:12 | INFO | Alternating low-rank optimizer diagnostics:
2026-06-08 18:58:12 | INFO |   penalized_objective: 0.564201
2026-06-08 18:58:12 | INFO |   mple_loss_without_penalty: 0.554188
2026-06-08 18:58:12 | INFO |   lambda_uv_ridge: 0.050000
2026-06-08 18:58:12 | INFO |   u_frobenius_norm: 239.928986
2026-06-08 18:58:12 | INFO |   v_frobenius_norm: 2.236068
2026-06-08 18:58:12 | INFO |   effective_rank: 5.000000
2026-06-08 18:58:12 | INFO | Field and interaction diagnostics:
2026-06-08 18:58:12 | INFO |   field_rmse: 0.349289
2026-06-08 18:58:12 | INFO |   interaction_fro_error: 8.851317
2026-06-08 18:58:12 | INFO |   estimated_field_max_abs_entry: 2.681115
2026-06-08 18:58:12 | INFO |   estimated_field_rank: 5.000000
2026-06-08 18:58:12 | INFO |   true_field_max_abs_entry: 2.360404
2026-06-08 18:58:12 | INFO |   true_field_rank: 5.000000
2026-06-08 18:58:12 | INFO | Saved summary table to /orcd/home/002/phevosp/MPLE-Causal-Inference/experiments/Hybrid/partial_confounding/cv_runs/xi_zero/candidates/xi_zero_candidate_0004/fold_7/mple_summary.csv
2026-06-08 18:58:12 | INFO | Log saved to /orcd/home/002/phevosp/MPLE-Causal-Inference/experiments/Hybrid/partial_confounding/cv_runs/xi_zero/candidates/xi_zero_candidate_0004/fold_7/mple.log
