2026-04-19 13:32:53 | INFO | Loading data...
2026-04-19 13:32:53 | INFO | Using panel artifact: C:\Users\phevo\Documents\MIT\Code\MPLE-Causal-Inference\experiments\USCountyVaccination_US_sensitivity\outcome_death_rate_100k_ge_2__intervention_complete_cov_ge_40__lag_2w__contiguity__start_2020_09_06\panel_data.npz
2026-04-19 13:32:53 | INFO | Using x_0 artifact: C:\Users\phevo\Documents\MIT\Code\MPLE-Causal-Inference\experiments\USCountyVaccination_US_sensitivity\outcome_death_rate_100k_ge_2__intervention_complete_cov_ge_40__lag_2w__contiguity__start_2020_09_06\x_0.npy
2026-04-19 13:32:53 | INFO | Using z_0 artifact: C:\Users\phevo\Documents\MIT\Code\MPLE-Causal-Inference\experiments\USCountyVaccination_US_sensitivity\outcome_death_rate_100k_ge_2__intervention_complete_cov_ge_40__lag_2w__contiguity__start_2020_09_06\z_0.npy
2026-04-19 13:32:53 | INFO | Using fit config: C:\Users\phevo\Documents\MIT\Code\MPLE-Causal-Inference\experiments\USCountyVaccination_US_sensitivity\outcome_death_rate_100k_ge_2__intervention_complete_cov_ge_40__lag_2w__contiguity__start_2020_09_06\fits\rank_10_b10\fit_realized_config.yaml
2026-04-19 13:32:53 | INFO | Using model artifact directory: C:\Users\phevo\Documents\MIT\Code\MPLE-Causal-Inference\experiments\USCountyVaccination_US_sensitivity\outcome_death_rate_100k_ge_2__intervention_complete_cov_ge_40__lag_2w__contiguity__start_2020_09_06
2026-04-19 13:32:53 | INFO | Using truth artifact directory: C:\Users\phevo\Documents\MIT\Code\MPLE-Causal-Inference\experiments\USCountyVaccination_US_sensitivity\outcome_death_rate_100k_ge_2__intervention_complete_cov_ge_40__lag_2w__contiguity__start_2020_09_06
2026-04-19 13:32:53 | INFO | Configured latent rank: 10
2026-04-19 13:32:53 | INFO | Using a fixed known graph with scalar xi.
2026-04-19 13:32:53 | INFO | Intervention-process model enabled: False
2026-04-19 13:32:53 | INFO | Global temperature bound B active: True
2026-04-19 13:32:53 | INFO | Effective xi bound from interaction constraint: 10.000000
2026-04-19 13:32:53 | INFO | Beta mask pre-intervention enabled: True
2026-04-19 13:32:53 | INFO | Fixed scalar parameters: {}
2026-04-19 13:32:53 | INFO | Optimizer settings: n_starts=5, lbfgs_steps=50000, tol=1e-09, adam_steps=1000, adam_lr=0.01, adam_device=cpu, seed=0
2026-04-19 13:32:53 | INFO | Optimizer start 1/5 | seed=0 | initial_loss=0.692749
2026-04-19 13:32:55 | INFO | Start 1 Adam step 0 | Loss: 0.692749
2026-04-19 13:32:56 | INFO | Start 1 Adam step 100 | Loss: 0.410538
2026-04-19 13:32:57 | INFO | Start 1 Adam step 200 | Loss: 0.386037
2026-04-19 13:32:59 | INFO | Start 1 Adam step 300 | Loss: 0.379320
2026-04-19 13:33:00 | INFO | Start 1 Adam step 400 | Loss: 0.375827
2026-04-19 13:33:01 | INFO | Start 1 Adam step 500 | Loss: 0.374421
2026-04-19 13:33:02 | INFO | Start 1 Adam step 600 | Loss: 0.373973
2026-04-19 13:33:03 | INFO | Start 1 Adam step 700 | Loss: 0.373399
2026-04-19 13:33:04 | INFO | Start 1 Adam step 800 | Loss: 0.373349
2026-04-19 13:33:06 | INFO | Start 1 Adam step 900 | Loss: 0.373533
2026-04-19 13:33:07 | INFO | Start 1 L-BFGS eval 0 | Loss: 0.373524
2026-04-19 13:33:07 | INFO |   beta: -0.0267,  xi: +1.0142,  eta: -0.1566
2026-04-19 13:33:14 | INFO | Optimizer start 1/5 complete | final_loss=0.373508 | status=CONVERGENCE: RELATIVE REDUCTION OF F <= FACTR*EPSMCH
2026-04-19 13:33:14 | INFO | Optimizer start 2/5 | seed=1 | initial_loss=0.751583
2026-04-19 13:33:14 | INFO | Start 2 Adam step 0 | Loss: 0.751583
2026-04-19 13:33:17 | INFO | Start 2 Adam step 100 | Loss: 0.410319
2026-04-19 13:33:18 | INFO | Start 2 Adam step 200 | Loss: 0.383816
2026-04-19 13:33:20 | INFO | Start 2 Adam step 300 | Loss: 0.378480
2026-04-19 13:33:21 | INFO | Start 2 Adam step 400 | Loss: 0.376832
2026-04-19 13:33:22 | INFO | Start 2 Adam step 500 | Loss: 0.376197
2026-04-19 13:33:24 | INFO | Start 2 Adam step 600 | Loss: 0.374420
2026-04-19 13:33:25 | INFO | Start 2 Adam step 700 | Loss: 0.374261
2026-04-19 13:33:26 | INFO | Start 2 Adam step 800 | Loss: 0.374346
2026-04-19 13:33:28 | INFO | Start 2 Adam step 900 | Loss: 0.373864
2026-04-19 13:33:29 | INFO | Start 2 L-BFGS eval 0 | Loss: 0.373902
2026-04-19 13:33:29 | INFO |   beta: -0.0296,  xi: +1.0422,  eta: -0.1464
2026-04-19 13:33:30 | INFO | Optimizer start 2/5 complete | final_loss=0.373902 | status=CONVERGENCE: RELATIVE REDUCTION OF F <= FACTR*EPSMCH
2026-04-19 13:33:30 | INFO | Optimizer start 3/5 | seed=2 | initial_loss=0.779271
2026-04-19 13:33:30 | INFO | Start 3 Adam step 0 | Loss: 0.779271
2026-04-19 13:33:31 | INFO | Start 3 Adam step 100 | Loss: 0.410737
2026-04-19 13:33:32 | INFO | Start 3 Adam step 200 | Loss: 0.384902
2026-04-19 13:33:33 | INFO | Start 3 Adam step 300 | Loss: 0.377569
2026-04-19 13:33:35 | INFO | Start 3 Adam step 400 | Loss: 0.374637
2026-04-19 13:33:37 | INFO | Start 3 Adam step 500 | Loss: 0.373827
2026-04-19 13:33:38 | INFO | Start 3 Adam step 600 | Loss: 0.373676
2026-04-19 13:33:39 | INFO | Start 3 Adam step 700 | Loss: 0.373240
2026-04-19 13:33:41 | INFO | Start 3 Adam step 800 | Loss: 0.373222
2026-04-19 13:33:42 | INFO | Start 3 Adam step 900 | Loss: 0.373335
2026-04-19 13:33:44 | INFO | Start 3 L-BFGS eval 0 | Loss: 0.373353
2026-04-19 13:33:44 | INFO |   beta: -0.0300,  xi: +0.9992,  eta: -0.1514
2026-04-19 13:33:46 | INFO | Optimizer start 3/5 complete | final_loss=0.373347 | status=CONVERGENCE: RELATIVE REDUCTION OF F <= FACTR*EPSMCH
2026-04-19 13:33:46 | INFO | Optimizer start 4/5 | seed=3 | initial_loss=0.714502
2026-04-19 13:33:46 | INFO | Start 4 Adam step 0 | Loss: 0.714502
2026-04-19 13:33:48 | INFO | Start 4 Adam step 100 | Loss: 0.414874
2026-04-19 13:33:49 | INFO | Start 4 Adam step 200 | Loss: 0.386666
2026-04-19 13:33:50 | INFO | Start 4 Adam step 300 | Loss: 0.378952
2026-04-19 13:33:52 | INFO | Start 4 Adam step 400 | Loss: 0.376560
2026-04-19 13:33:53 | INFO | Start 4 Adam step 500 | Loss: 0.375416
2026-04-19 13:33:55 | INFO | Start 4 Adam step 600 | Loss: 0.374635
2026-04-19 13:33:56 | INFO | Start 4 Adam step 700 | Loss: 0.374112
2026-04-19 13:33:57 | INFO | Start 4 Adam step 800 | Loss: 0.373943
2026-04-19 13:33:59 | INFO | Start 4 Adam step 900 | Loss: 0.373872
2026-04-19 13:34:00 | INFO | Start 4 L-BFGS eval 0 | Loss: 0.373868
2026-04-19 13:34:00 | INFO |   beta: -0.0313,  xi: +1.0504,  eta: -0.1553
2026-04-19 13:34:03 | INFO | Start 4 L-BFGS eval 100 | Loss: 0.373840
2026-04-19 13:34:03 | INFO |   beta: -0.0277,  xi: +1.0621,  eta: -0.1538
2026-04-19 13:34:07 | INFO | Start 4 L-BFGS eval 200 | Loss: 0.373832
2026-04-19 13:34:07 | INFO |   beta: -0.0318,  xi: +1.0560,  eta: -0.1561
2026-04-19 13:34:07 | INFO | Optimizer start 4/5 complete | final_loss=0.373832 | status=ABNORMAL: 
2026-04-19 13:34:07 | INFO | Optimizer start 5/5 | seed=4 | initial_loss=0.703035
2026-04-19 13:34:08 | INFO | Start 5 Adam step 0 | Loss: 0.703035
2026-04-19 13:34:09 | INFO | Start 5 Adam step 100 | Loss: 0.414843
2026-04-19 13:34:10 | INFO | Start 5 Adam step 200 | Loss: 0.388292
2026-04-19 13:34:11 | INFO | Start 5 Adam step 300 | Loss: 0.378801
2026-04-19 13:34:13 | INFO | Start 5 Adam step 400 | Loss: 0.375730
2026-04-19 13:34:14 | INFO | Start 5 Adam step 500 | Loss: 0.374784
2026-04-19 13:34:15 | INFO | Start 5 Adam step 600 | Loss: 0.374260
2026-04-19 13:34:17 | INFO | Start 5 Adam step 700 | Loss: 0.374032
2026-04-19 13:34:18 | INFO | Start 5 Adam step 800 | Loss: 0.374082
2026-04-19 13:34:19 | INFO | Start 5 Adam step 900 | Loss: 0.373784
2026-04-19 13:34:20 | INFO | Start 5 L-BFGS eval 0 | Loss: 0.374175
2026-04-19 13:34:20 | INFO |   beta: -0.0332,  xi: +1.0181,  eta: -0.1452
2026-04-19 13:34:23 | INFO | Optimizer start 5/5 complete | final_loss=0.374016 | status=CONVERGENCE: RELATIVE REDUCTION OF F <= FACTR*EPSMCH
2026-04-19 13:34:23 | INFO | Done fitting.
2026-04-19 13:34:23 | INFO | Optimizer status: CONVERGENCE: RELATIVE REDUCTION OF F <= FACTR*EPSMCH | best_start=3/5
2026-04-19 13:34:23 | INFO | Best optimizer start: 3 / 5
2026-04-19 13:34:23 | INFO | Final Loss: 0.373347
2026-04-19 13:34:23 | INFO | Estimated Parameters:
2026-04-19 13:34:23 | INFO |   beta: -0.0314
2026-04-19 13:34:23 | INFO |   xi: 1.0021
2026-04-19 13:34:23 | INFO |   eta: -0.1503
2026-04-19 13:34:23 | INFO | Field and interaction diagnostics:
2026-04-19 13:34:23 | INFO |   estimated_field_inf_norm: 10.000000
2026-04-19 13:34:23 | INFO |   estimated_field_rank: 10.000000
2026-04-19 13:34:23 | INFO |   bound_B: 10.000000
2026-04-19 13:34:23 | INFO | Saved summary tables to C:\Users\phevo\Documents\MIT\Code\MPLE-Causal-Inference\experiments\USCountyVaccination_US_sensitivity\outcome_death_rate_100k_ge_2__intervention_complete_cov_ge_40__lag_2w__contiguity__start_2020_09_06\fits\rank_10_b10\mple_summary.csv and C:\Users\phevo\Documents\MIT\Code\MPLE-Causal-Inference\experiments\USCountyVaccination_US_sensitivity\outcome_death_rate_100k_ge_2__intervention_complete_cov_ge_40__lag_2w__contiguity__start_2020_09_06\fits\rank_10_b10\mple_summary.md
2026-04-19 13:34:23 | INFO | Log saved to C:\Users\phevo\Documents\MIT\Code\MPLE-Causal-Inference\experiments\USCountyVaccination_US_sensitivity\outcome_death_rate_100k_ge_2__intervention_complete_cov_ge_40__lag_2w__contiguity__start_2020_09_06\fits\rank_10_b10\mple.log
