2026-04-30 11:57:31 | INFO | Loading data...
2026-04-30 11:57:31 | INFO | Using panel artifact: /orcd/home/002/phevosp/MPLE-Causal-Inference/experiments/SyntheticHybridExperiments/r3_c1_hybrid_us_county_intervention_uscounty_graph_contiguous_confounding/panel_data.npz
2026-04-30 11:57:31 | INFO | Using x_0 artifact: /orcd/home/002/phevosp/MPLE-Causal-Inference/experiments/SyntheticHybridExperiments/r3_c1_hybrid_us_county_intervention_uscounty_graph_contiguous_confounding/x_0.npy
2026-04-30 11:57:31 | INFO | Using fit config: /orcd/home/002/phevosp/MPLE-Causal-Inference/experiments/SyntheticHybridExperiments/r3_c1_hybrid_us_county_intervention_uscounty_graph_contiguous_confounding/fits/base/fit_realized_config.yaml
2026-04-30 11:57:31 | INFO | Using model artifact directory: /orcd/home/002/phevosp/MPLE-Causal-Inference/experiments/SyntheticHybridExperiments/r3_c1_hybrid_us_county_intervention_uscounty_graph_contiguous_confounding
2026-04-30 11:57:31 | INFO | Using truth artifact directory: /orcd/home/002/phevosp/MPLE-Causal-Inference/experiments/SyntheticHybridExperiments/r3_c1_hybrid_us_county_intervention_uscounty_graph_contiguous_confounding
2026-04-30 11:57:31 | INFO | Configured optimizer mode: no_external_field
2026-04-30 11:57:31 | INFO | Configured latent rank: 0
2026-04-30 11:57:31 | INFO | Using a fixed known graph with scalar xi.
2026-04-30 11:57:31 | INFO | Fit-time hard bounds active: False
2026-04-30 11:57:31 | INFO | Fixed scalar parameters: {}
2026-04-30 11:57:31 | INFO | Warm-start fixed scalars: {} for 0 steps
2026-04-30 11:57:31 | INFO | Beta mask before s: False with s=55
2026-04-30 11:57:31 | INFO | Beta mask after e: False with e=120
2026-04-30 11:57:31 | INFO | Ignoring v_column_l2_max=1.0 for optimizer_mode=no_external_field
2026-04-30 11:57:31 | INFO | Optimizer settings: steps=20000, tol=1e-09, n_starts=1, seed=0, lambda_nuclear=0.0, lambda_frobenius=0.0, lambda_uv_ridge=0.0, v_column_l2_max=1.0, proximal_lr=1.0
2026-04-30 11:57:32 | INFO | Done fitting.
2026-04-30 11:57:32 | INFO | Optimizer status: Optimization terminated successfully.
2026-04-30 11:57:32 | INFO | Best optimizer start: 1 / 1
2026-04-30 11:57:32 | INFO | Final Loss: 0.637767
2026-04-30 11:57:32 | INFO | Estimated vs True Parameters:
2026-04-30 11:57:32 | INFO |   beta: -0.0218 (True: -0.3000) | SQE: 0.077391
2026-04-30 11:57:32 | INFO |   xi: 0.9408 (True: 0.8000) | SQE: 0.019825
2026-04-30 11:57:32 | INFO |   eta: 0.2766 (True: 0.3000) | SQE: 0.000550
2026-04-30 11:57:32 | INFO | Field and interaction diagnostics:
2026-04-30 11:57:32 | INFO |   field_rmse: 0.500000
2026-04-30 11:57:32 | INFO |   interaction_fro_error: 1.331523
2026-04-30 11:57:32 | INFO |   estimated_field_max_abs_entry: 0.000000
2026-04-30 11:57:32 | INFO |   estimated_field_rank: 0.000000
2026-04-30 11:57:32 | INFO |   true_field_max_abs_entry: 3.260394
2026-04-30 11:57:32 | INFO |   true_field_rank: 3.000000
2026-04-30 11:57:32 | INFO | Saved summary table to /orcd/home/002/phevosp/MPLE-Causal-Inference/experiments/SyntheticHybridExperiments/r3_c1_hybrid_us_county_intervention_uscounty_graph_contiguous_confounding/fits/base/mple_summary.csv
2026-04-30 11:57:32 | INFO | Log saved to /orcd/home/002/phevosp/MPLE-Causal-Inference/experiments/SyntheticHybridExperiments/r3_c1_hybrid_us_county_intervention_uscounty_graph_contiguous_confounding/fits/base/mple.log
