2026-05-02 12:23:21 | INFO | Loading data...
2026-05-02 12:23:21 | INFO | Using panel artifact: /orcd/home/002/phevosp/MPLE-Causal-Inference/experiments/Synthetic/confounding_moderate/panel_data.npz
2026-05-02 12:23:21 | INFO | Using x_0 artifact: /orcd/home/002/phevosp/MPLE-Causal-Inference/experiments/Synthetic/confounding_moderate/x_0.npy
2026-05-02 12:23:21 | INFO | Using fit config: /orcd/home/002/phevosp/MPLE-Causal-Inference/experiments/Synthetic/confounding_moderate/cv_runs/alternating_uv_grid/candidates/alternating_uv_grid_candidate_0006/fold_7/fit_realized_config.yaml
2026-05-02 12:23:21 | INFO | Using model artifact directory: /orcd/home/002/phevosp/MPLE-Causal-Inference/experiments/Synthetic/confounding_moderate
2026-05-02 12:23:21 | INFO | Using truth artifact directory: /orcd/home/002/phevosp/MPLE-Causal-Inference/experiments/Synthetic/confounding_moderate
2026-05-02 12:23:21 | INFO | Using loss mask artifact: /orcd/home/002/phevosp/MPLE-Causal-Inference/experiments/Synthetic/confounding_moderate/cv_runs/alternating_uv_grid/candidates/alternating_uv_grid_candidate_0006/fold_7/loss_mask.npy
2026-05-02 12:23:21 | INFO | Configured optimizer mode: alternating_latent_rank
2026-05-02 12:23:21 | INFO | Configured latent rank: 3
2026-05-02 12:23:21 | INFO | Using a fixed known graph with scalar xi.
2026-05-02 12:23:21 | INFO | Fit-time hard bounds active: False
2026-05-02 12:23:21 | INFO | Fixed scalar parameters: {}
2026-05-02 12:23:21 | INFO | Warm-start fixed scalars: {} for 0 steps
2026-05-02 12:23:21 | INFO | Beta mask before s: False with s=0
2026-05-02 12:23:21 | INFO | Beta mask after e: False with e=11
2026-05-02 12:23:21 | INFO | Alternating V-column L2-ball constraint active with radius 1.0
2026-05-02 12:23:21 | INFO | Optimizer settings: steps=2000, tol=1e-07, n_starts=1, seed=0, lambda_nuclear=0.0, lambda_frobenius=0.0, lambda_uv_ridge=0.5, v_column_l2_max=1.0, proximal_lr=1.0
2026-05-02 12:23:21 | INFO | Alternating low-rank start 1/1 | seed=0 | initial_loss=0.820249 | initial_penalized=0.820381
2026-05-02 12:23:21 | INFO | Alternating low-rank iter 0 | Loss: 0.600771 | Penalized: 0.621327
2026-05-02 12:23:23 | INFO | Alternating low-rank iter 100 | Loss: 0.559320 | Penalized: 0.588779
2026-05-02 12:23:24 | INFO | Alternating low-rank iter 200 | Loss: 0.558770 | Penalized: 0.588288
2026-05-02 12:23:25 | INFO | Done fitting.
2026-05-02 12:23:25 | INFO | Optimizer status: CONVERGED: alternating objective tolerance reached
2026-05-02 12:23:25 | INFO | Best optimizer start: 1 / 1
2026-05-02 12:23:25 | INFO | Final Loss: 0.558701
2026-05-02 12:23:25 | INFO | Estimated vs True Parameters:
2026-05-02 12:23:25 | INFO |   beta: -0.2253 (True: -0.3000) | SQE: 0.005584
2026-05-02 12:23:25 | INFO |   xi: 0.7270 (True: 0.8000) | SQE: 0.005333
2026-05-02 12:23:25 | INFO |   eta: 0.2656 (True: 0.3000) | SQE: 0.001183
2026-05-02 12:23:25 | INFO | Alternating low-rank optimizer diagnostics:
2026-05-02 12:23:25 | INFO |   penalized_objective: 0.588246
2026-05-02 12:23:25 | INFO |   mple_loss_without_penalty: 0.558701
2026-05-02 12:23:25 | INFO |   lambda_uv_ridge: 0.500000
2026-05-02 12:23:25 | INFO |   u_frobenius_norm: 31.882439
2026-05-02 12:23:25 | INFO |   v_frobenius_norm: 1.732051
2026-05-02 12:23:25 | INFO |   effective_rank: 3.000000
2026-05-02 12:23:25 | INFO | Field and interaction diagnostics:
2026-05-02 12:23:25 | INFO |   field_rmse: 0.414534
2026-05-02 12:23:25 | INFO |   interaction_fro_error: 0.258722
2026-05-02 12:23:25 | INFO |   estimated_field_max_abs_entry: 1.072050
2026-05-02 12:23:25 | INFO |   estimated_field_rank: 3.000000
2026-05-02 12:23:25 | INFO |   true_field_max_abs_entry: 4.175656
2026-05-02 12:23:25 | INFO |   true_field_rank: 3.000000
2026-05-02 12:23:25 | INFO | Saved summary table to /orcd/home/002/phevosp/MPLE-Causal-Inference/experiments/Synthetic/confounding_moderate/cv_runs/alternating_uv_grid/candidates/alternating_uv_grid_candidate_0006/fold_7/mple_summary.csv
2026-05-02 12:23:25 | INFO | Log saved to /orcd/home/002/phevosp/MPLE-Causal-Inference/experiments/Synthetic/confounding_moderate/cv_runs/alternating_uv_grid/candidates/alternating_uv_grid_candidate_0006/fold_7/mple.log
