2026-04-30 22:00:17 | INFO | Loading data...
2026-04-30 22:00:17 | INFO | Using panel artifact: /orcd/home/002/phevosp/MPLE-Causal-Inference/experiments/SyntheticHybridExperiments/r1_hybrid_us_county_intervention_uscounty_graph_kernel_confounding/panel_data.npz
2026-04-30 22:00:17 | INFO | Using x_0 artifact: /orcd/home/002/phevosp/MPLE-Causal-Inference/experiments/SyntheticHybridExperiments/r1_hybrid_us_county_intervention_uscounty_graph_kernel_confounding/x_0.npy
2026-04-30 22:00:17 | INFO | Using fit config: /orcd/home/002/phevosp/MPLE-Causal-Inference/experiments/SyntheticHybridExperiments/r1_hybrid_us_county_intervention_uscounty_graph_kernel_confounding/cv_runs/alternating_uv_grid/candidates/alternating_uv_grid_candidate_0004/fold_4/fit_realized_config.yaml
2026-04-30 22:00:17 | INFO | Using model artifact directory: /orcd/home/002/phevosp/MPLE-Causal-Inference/experiments/SyntheticHybridExperiments/r1_hybrid_us_county_intervention_uscounty_graph_kernel_confounding
2026-04-30 22:00:17 | INFO | Using truth artifact directory: /orcd/home/002/phevosp/MPLE-Causal-Inference/experiments/SyntheticHybridExperiments/r1_hybrid_us_county_intervention_uscounty_graph_kernel_confounding
2026-04-30 22:00:17 | INFO | Using loss mask artifact: /orcd/home/002/phevosp/MPLE-Causal-Inference/experiments/SyntheticHybridExperiments/r1_hybrid_us_county_intervention_uscounty_graph_kernel_confounding/cv_runs/alternating_uv_grid/candidates/alternating_uv_grid_candidate_0004/fold_4/loss_mask.npy
2026-04-30 22:00:17 | INFO | Configured optimizer mode: alternating_latent_rank
2026-04-30 22:00:17 | INFO | Configured latent rank: 1
2026-04-30 22:00:17 | INFO | Using a fixed known graph with scalar xi.
2026-04-30 22:00:17 | INFO | Fit-time hard bounds active: False
2026-04-30 22:00:17 | INFO | Fixed scalar parameters: {}
2026-04-30 22:00:17 | INFO | Warm-start fixed scalars: {} for 0 steps
2026-04-30 22:00:17 | INFO | Beta mask before s: True with s=55
2026-04-30 22:00:17 | INFO | Beta mask after e: True with e=120
2026-04-30 22:00:17 | INFO | Alternating V-column L2-ball constraint active with radius 1.0
2026-04-30 22:00:17 | INFO | Optimizer settings: steps=5000, tol=1e-07, n_starts=1, seed=0, lambda_nuclear=0.0, lambda_frobenius=0.0, lambda_uv_ridge=0.001, v_column_l2_max=1.0, proximal_lr=1.0
2026-04-30 22:00:17 | INFO | Alternating low-rank start 1/1 | seed=0 | initial_loss=0.675127 | initial_penalized=0.675127
2026-04-30 22:00:17 | INFO | Alternating low-rank iter 0 | Loss: 0.509793 | Penalized: 0.509901
2026-04-30 22:00:24 | INFO | Alternating low-rank iter 100 | Loss: 0.494886 | Penalized: 0.495130
2026-04-30 22:00:29 | INFO | Done fitting.
2026-04-30 22:00:29 | INFO | Optimizer status: CONVERGED: alternating objective tolerance reached
2026-04-30 22:00:29 | INFO | Best optimizer start: 1 / 1
2026-04-30 22:00:29 | INFO | Final Loss: 0.494859
2026-04-30 22:00:29 | INFO | Estimated vs True Parameters:
2026-04-30 22:00:29 | INFO |   beta: -0.3033 (True: -0.3000) | SQE: 0.000011
2026-04-30 22:00:29 | INFO |   xi: 0.7844 (True: 0.8000) | SQE: 0.000244
2026-04-30 22:00:29 | INFO |   eta: 0.2852 (True: 0.3000) | SQE: 0.000220
2026-04-30 22:00:29 | INFO | Alternating low-rank optimizer diagnostics:
2026-04-30 22:00:29 | INFO |   penalized_objective: 0.495088
2026-04-30 22:00:29 | INFO |   mple_loss_without_penalty: 0.494859
2026-04-30 22:00:29 | INFO |   lambda_uv_ridge: 0.001000
2026-04-30 22:00:29 | INFO |   u_frobenius_norm: 252.824541
2026-04-30 22:00:29 | INFO |   v_frobenius_norm: 1.000000
2026-04-30 22:00:29 | INFO |   effective_rank: 1.000000
2026-04-30 22:00:29 | INFO | Field and interaction diagnostics:
2026-04-30 22:00:29 | INFO |   field_rmse: 0.241605
2026-04-30 22:00:29 | INFO |   interaction_fro_error: 0.172779
2026-04-30 22:00:29 | INFO |   estimated_field_max_abs_entry: 2.093185
2026-04-30 22:00:29 | INFO |   estimated_field_rank: 1.000000
2026-04-30 22:00:29 | INFO |   true_field_max_abs_entry: 0.604278
2026-04-30 22:00:29 | INFO |   true_field_rank: 1.000000
2026-04-30 22:00:29 | INFO | Saved summary table to /orcd/home/002/phevosp/MPLE-Causal-Inference/experiments/SyntheticHybridExperiments/r1_hybrid_us_county_intervention_uscounty_graph_kernel_confounding/cv_runs/alternating_uv_grid/candidates/alternating_uv_grid_candidate_0004/fold_4/mple_summary.csv
2026-04-30 22:00:29 | INFO | Log saved to /orcd/home/002/phevosp/MPLE-Causal-Inference/experiments/SyntheticHybridExperiments/r1_hybrid_us_county_intervention_uscounty_graph_kernel_confounding/cv_runs/alternating_uv_grid/candidates/alternating_uv_grid_candidate_0004/fold_4/mple.log
